-- Logs begin at Mon 2017-08-07 02:43:52 UTC, end at Mon 2017-08-07 02:47:06 UTC. --
Aug 07 02:43:52 witherspoon kernel: Booting Linux on physical CPU 0x0
Aug 07 02:43:52 witherspoon kernel: Linux version 4.10.17-03afe5775baf06c3037d62cc2a15628079af38c9 (jenkins@openbmc-builder1) (gcc version 6.2.0 (GCC) ) #1 Mon Aug 7 01:59:37 UTC 2017
Aug 07 02:43:52 witherspoon kernel: CPU: ARMv6-compatible processor [410fb767] revision 7 (ARMv7), cr=00c5387d
Aug 07 02:43:52 witherspoon kernel: CPU: PIPT / VIPT nonaliasing data cache, VIPT nonaliasing instruction cache
Aug 07 02:43:52 witherspoon kernel: OF: fdt:Machine model: Witherspoon BMC
Aug 07 02:43:52 witherspoon kernel: Memory policy: Data cache writeback
Aug 07 02:43:52 witherspoon kernel: SOC Rev: 04030303
Aug 07 02:43:52 witherspoon kernel: On node 0 totalpages: 110592
Aug 07 02:43:52 witherspoon kernel: free_area_init_node: node 0, pgdat 805ff5f4, node_mem_map 9ec1a000
Aug 07 02:43:52 witherspoon kernel:   Normal zone: 992 pages used for memmap
Aug 07 02:43:52 witherspoon kernel:   Normal zone: 0 pages reserved
Aug 07 02:43:52 witherspoon kernel:   Normal zone: 110592 pages, LIFO batch:31
Aug 07 02:43:52 witherspoon kernel: pcpu-alloc: s0 r0 d32768 u32768 alloc=1*32768
Aug 07 02:43:52 witherspoon kernel: pcpu-alloc: [0] 0 
Aug 07 02:43:52 witherspoon kernel: Built 1 zonelists in Zone order, mobility grouping on.  Total pages: 109600
Aug 07 02:43:52 witherspoon kernel: Kernel command line: console=ttyS4,115200n8 root=/dev/ram rw
Aug 07 02:43:52 witherspoon kernel: PID hash table entries: 2048 (order: 1, 8192 bytes)
Aug 07 02:43:52 witherspoon kernel: Dentry cache hash table entries: 65536 (order: 6, 262144 bytes)
Aug 07 02:43:52 witherspoon kernel: Inode-cache hash table entries: 32768 (order: 5, 131072 bytes)
Aug 07 02:43:52 witherspoon kernel: Memory: 430440K/442368K available (4065K kernel code, 280K rwdata, 1192K rodata, 284K init, 111K bss, 11928K reserved, 0K cma-reserved)
Aug 07 02:43:52 witherspoon kernel: Virtual kernel memory layout:
                                        vector  : 0xffff0000 - 0xffff1000   (   4 kB)
                                        fixmap  : 0xffc00000 - 0xfff00000   (3072 kB)
                                        vmalloc : 0x9f800000 - 0xff800000   (1536 MB)
                                        lowmem  : 0x80000000 - 0x9f000000   ( 496 MB)
                                          .text : 0x80008000 - 0x80400940   (4067 kB)
                                          .init : 0x80585000 - 0x805cc000   ( 284 kB)
                                          .data : 0x805cc000 - 0x80612358   ( 281 kB)
                                           .bss : 0x80612358 - 0x8062e1f8   ( 112 kB)
Aug 07 02:43:52 witherspoon kernel: NR_IRQS:16 nr_irqs:16 16
Aug 07 02:43:52 witherspoon kernel: i2c controller registered, irq 16
Aug 07 02:43:52 witherspoon kernel: clocksource: moxart_timer: mask: 0xffffffff max_cycles: 0xffffffff, max_idle_ns: 77222644334 ns
Aug 07 02:43:52 witherspoon kernel: sched_clock: 32 bits at 100 Hz, resolution 10000000ns, wraps every 21474836475000000ns
Aug 07 02:43:52 witherspoon kernel: Calibrating delay loop... 789.70 BogoMIPS (lpj=3948544)
Aug 07 02:43:52 witherspoon kernel: pid_max: default: 32768 minimum: 301
Aug 07 02:43:52 witherspoon kernel: Mount-cache hash table entries: 1024 (order: 0, 4096 bytes)
Aug 07 02:43:52 witherspoon kernel: Mountpoint-cache hash table entries: 1024 (order: 0, 4096 bytes)
Aug 07 02:43:52 witherspoon kernel: CPU: Testing write buffer coherency: ok
Aug 07 02:43:52 witherspoon kernel: ftrace: allocating 14934 entries in 44 pages
Aug 07 02:43:52 witherspoon kernel: Setting up static identity map for 0x80008200 - 0x8000825c
Aug 07 02:43:52 witherspoon kernel: devtmpfs: initialized
Aug 07 02:43:52 witherspoon kernel: clocksource: jiffies: mask: 0xffffffff max_cycles: 0xffffffff, max_idle_ns: 19112604462750000 ns
Aug 07 02:43:52 witherspoon kernel: futex hash table entries: 256 (order: -1, 3072 bytes)
Aug 07 02:43:52 witherspoon kernel: pinctrl core: initialized pinctrl subsystem
Aug 07 02:43:52 witherspoon kernel: NET: Registered protocol family 16
Aug 07 02:43:52 witherspoon kernel: DMA: preallocated 256 KiB pool for atomic coherent allocations
Aug 07 02:43:52 witherspoon kernel: usbcore: registered new interface driver usbfs
Aug 07 02:43:52 witherspoon kernel: usbcore: registered new interface driver hub
Aug 07 02:43:52 witherspoon kernel: usbcore: registered new device driver usb
Aug 07 02:43:52 witherspoon kernel: clocksource: Switched to clocksource moxart_timer
Aug 07 02:43:52 witherspoon kernel: NET: Registered protocol family 2
Aug 07 02:43:52 witherspoon kernel: TCP established hash table entries: 4096 (order: 2, 16384 bytes)
Aug 07 02:43:52 witherspoon kernel: TCP bind hash table entries: 4096 (order: 2, 16384 bytes)
Aug 07 02:43:52 witherspoon kernel: TCP: Hash tables configured (established 4096 bind 4096)
Aug 07 02:43:52 witherspoon kernel: UDP hash table entries: 256 (order: 0, 4096 bytes)
Aug 07 02:43:52 witherspoon kernel: UDP-Lite hash table entries: 256 (order: 0, 4096 bytes)
Aug 07 02:43:52 witherspoon kernel: NET: Registered protocol family 1
Aug 07 02:43:52 witherspoon kernel: Trying to unpack rootfs image as initramfs...
Aug 07 02:43:52 witherspoon kernel: Freeing initrd memory: 1544K
Aug 07 02:43:52 witherspoon kernel: workingset: timestamp_bits=30 max_order=17 bucket_order=0
Aug 07 02:43:52 witherspoon kernel: squashfs: version 4.0 (2009/01/31) Phillip Lougher
Aug 07 02:43:52 witherspoon kernel: jffs2: version 2.2. (SUMMARY)  © 2001-2006 Red Hat, Inc.
Aug 07 02:43:52 witherspoon kernel: Block layer SCSI generic (bsg) driver version 0.4 loaded (major 250)
Aug 07 02:43:52 witherspoon kernel: io scheduler noop registered
Aug 07 02:43:52 witherspoon kernel: io scheduler deadline registered
Aug 07 02:43:52 witherspoon kernel: io scheduler cfq registered (default)
Aug 07 02:43:52 witherspoon kernel: ipmi-bt-host 1e789140.ibt: Found bt bmc device
Aug 07 02:43:52 witherspoon kernel: ipmi-bt-host 1e789140.ibt: Using IRQ 22
Aug 07 02:43:52 witherspoon kernel: Serial: 8250/16550 driver, 6 ports, IRQ sharing enabled
Aug 07 02:43:52 witherspoon kernel: 1e787000.vuart: ttyS0 at MMIO 0x1e787000 (irq = 22, base_baud = 1500000) is a 16550A
Aug 07 02:43:52 witherspoon kernel: 1e783000.serial: ttyS1 at MMIO 0x1e783000 (irq = 23, base_baud = 1500000) is a 16550A
Aug 07 02:43:52 witherspoon kernel: 1e78d000.serial: ttyS2 at MMIO 0x1e78d000 (irq = 24, base_baud = 1500000) is a 16550A
Aug 07 02:43:52 witherspoon kernel: 1e784000.serial: ttyS4 at MMIO 0x1e784000 (irq = 25, base_baud = 1500000) is a 16550A
Aug 07 02:43:52 witherspoon kernel: console [ttyS4] enabled
Aug 07 02:43:52 witherspoon kernel: timeriomem_rng 1e6e2078.hwrng: 32bits from 0xf00e2078 @ 1us
Aug 07 02:43:52 witherspoon kernel: random: fast init done
Aug 07 02:43:52 witherspoon kernel: brd: module loaded
Aug 07 02:43:52 witherspoon kernel: loop: module loaded
Aug 07 02:43:52 witherspoon kernel: aspeed-lpc-ctrl 1e789080.lpc-ctrl: Loaded at 0x98000000 (0x04000000)
Aug 07 02:43:52 witherspoon kernel: aspeed-smc 1e620000.flash-controller: Using IRQ 18
Aug 07 02:43:52 witherspoon kernel: aspeed-smc 1e620000.flash-controller: DMA support disabled.
Aug 07 02:43:52 witherspoon kernel: aspeed-smc 1e620000.flash-controller: mx25l25635e (32768 Kbytes)
Aug 07 02:43:52 witherspoon kernel: aspeed-smc 1e620000.flash-controller: CE0 window [ 0x20000000 - 0x22000000 ] 32MB
Aug 07 02:43:52 witherspoon kernel: aspeed-smc 1e620000.flash-controller: CE1 window [ 0x22000000 - 0x2a000000 ] 128MB
Aug 07 02:43:52 witherspoon kernel: 5 ofpart partitions found on MTD device bmc
Aug 07 02:43:52 witherspoon kernel: random: crng init done
Aug 07 02:43:52 witherspoon kernel: Creating 5 MTD partitions on "bmc":
Aug 07 02:43:52 witherspoon kernel: 0x000000000000-0x000000060000 : "u-boot"
Aug 07 02:43:52 witherspoon kernel: 0x000000060000-0x000000080000 : "u-boot-env"
Aug 07 02:43:52 witherspoon kernel: 0x000000080000-0x0000004c0000 : "kernel"
Aug 07 02:43:52 witherspoon kernel: 0x0000004c0000-0x000001c00000 : "rofs"
Aug 07 02:43:52 witherspoon kernel: 0x000001c00000-0x000002000000 : "rwfs"
Aug 07 02:43:52 witherspoon kernel: aspeed-smc 1e620000.flash-controller: mx25l25635e (32768 Kbytes)
Aug 07 02:43:52 witherspoon kernel: aspeed-smc 1e620000.flash-controller: CE1 window [ 0x22000000 - 0x24000000 ] 32MB
Aug 07 02:43:52 witherspoon kernel: aspeed-smc 1e620000.flash-controller: CE2 window [ 0x24000000 - 0x2c000000 ] 128MB
Aug 07 02:43:52 witherspoon kernel: aspeed-smc 1e630000.flash-controller: mx66l1g45g (131072 Kbytes)
Aug 07 02:43:52 witherspoon kernel: aspeed-smc 1e630000.flash-controller: CE0 window resized to 120MB (AST2500 HW quirk)
Aug 07 02:43:52 witherspoon kernel: aspeed-smc 1e630000.flash-controller: CE0 window [ 0x30000000 - 0x37800000 ] 120MB
Aug 07 02:43:52 witherspoon kernel: aspeed-smc 1e630000.flash-controller: CE0 window too small for chip 128MB
Aug 07 02:43:52 witherspoon kernel: aspeed-smc 1e630000.flash-controller: CE1 window [ 0x37800000 - 0x38000000 ] 8MB
Aug 07 02:43:52 witherspoon kernel: libphy: Fixed MDIO Bus: probed
Aug 07 02:43:52 witherspoon kernel: ftgmac100 1e660000.ethernet: Read MAC address 70:e2:84:14:23:e1 from chip
Aug 07 02:43:52 witherspoon kernel: ftgmac100 1e660000.ethernet: Using NCSI interface
Aug 07 02:43:52 witherspoon kernel: ftgmac100 1e660000.ethernet eth0: irq 20, mapped at f0060000
Aug 07 02:43:52 witherspoon kernel: ehci_hcd: USB 2.0 'Enhanced' Host Controller (EHCI) Driver
Aug 07 02:43:52 witherspoon kernel: ehci-platform: EHCI generic platform driver
Aug 07 02:43:52 witherspoon kernel:  fsi0: can't read slave 00:00 -5
Aug 07 02:43:52 witherspoon kernel: i2c /dev entries driver
Aug 07 02:43:52 witherspoon kernel: aspeed-i2c-bus 1e78a0c0.i2c-bus: i2c bus 2 registered, irq 26
Aug 07 02:43:52 witherspoon kernel: aspeed-i2c-bus 1e78a100.i2c-bus: i2c bus 3 registered, irq 27
Aug 07 02:43:52 witherspoon kernel: aspeed-i2c-bus 1e78a140.i2c-bus: i2c bus 4 registered, irq 28
Aug 07 02:43:52 witherspoon kernel: aspeed-i2c-bus 1e78a180.i2c-bus: i2c bus 5 registered, irq 29
Aug 07 02:43:52 witherspoon kernel: aspeed-i2c-bus 1e78a380.i2c-bus: i2c bus 9 registered, irq 30
Aug 07 02:43:52 witherspoon kernel: aspeed-i2c-bus 1e78a3c0.i2c-bus: i2c bus 10 registered, irq 31
Aug 07 02:43:52 witherspoon kernel: rtc-rv8803 11-0032: Voltage low, temperature compensation stopped.
Aug 07 02:43:52 witherspoon kernel: rtc-rv8803 11-0032: An alarm maybe have been missed.
Aug 07 02:43:52 witherspoon kernel: rtc-rv8803 11-0032: rtc core: registered rx8900 as rtc0
Aug 07 02:43:52 witherspoon kernel: at24 11-0051: 8192 byte 24c64 EEPROM, writable, 1 bytes/write
Aug 07 02:43:52 witherspoon kernel: aspeed-i2c-bus 1e78a400.i2c-bus: i2c bus 11 registered, irq 32
Aug 07 02:43:52 witherspoon kernel: aspeed-i2c-bus 1e78a440.i2c-bus: i2c bus 12 registered, irq 33
Aug 07 02:43:52 witherspoon kernel: aspeed-i2c-bus 1e78a480.i2c-bus: i2c bus 13 registered, irq 34
Aug 07 02:43:52 witherspoon kernel: Driver for 1-wire Dallas network protocol.
Aug 07 02:43:52 witherspoon kernel: lm75 9-004a: hwmon0: sensor 'tmp275'
Aug 07 02:43:52 witherspoon kernel: ucd9000 11-0064: Device ID UCD90160|2.3.4.0000|110603
Aug 07 02:43:52 witherspoon kernel: leds-pca955x 3-0060: leds-pca955x: Using pca9552 16-bit LED driver at slave address 0x60
Aug 07 02:43:52 witherspoon kernel: leds-pca955x 11-0060: leds-pca955x: Using pca9552 16-bit LED driver at slave address 0x60
Aug 07 02:43:52 witherspoon kernel: leds-pca955x 11-0060: gpios 264...279
Aug 07 02:43:52 witherspoon kernel: usbcore: registered new interface driver usbhid
Aug 07 02:43:52 witherspoon kernel: usbhid: USB HID core driver
Aug 07 02:43:52 witherspoon kernel: NET: Registered protocol family 10
Aug 07 02:43:52 witherspoon kernel: Segment Routing with IPv6
Aug 07 02:43:52 witherspoon kernel: NET: Registered protocol family 17
Aug 07 02:43:52 witherspoon kernel: 8021q: 802.1Q VLAN Support v1.8
Aug 07 02:43:52 witherspoon kernel: console [netcon0] enabled
Aug 07 02:43:52 witherspoon kernel: netconsole: network logging started
Aug 07 02:43:52 witherspoon kernel: input: gpio-keys as /devices/platform/gpio-keys/input/input0
Aug 07 02:43:52 witherspoon kernel: rtc-rv8803 11-0032: setting system clock to 2017-08-07 02:43:40 UTC (1502073820)
Aug 07 02:43:52 witherspoon kernel: Freeing unused kernel memory: 284K
Aug 07 02:43:52 witherspoon kernel: This architecture does not have kernel memory protection.
Aug 07 02:43:52 witherspoon kernel: jffs2: notice: (533) jffs2_build_xattr_subsystem: complete building xattr subsystem, 1 of xdatum (1 unchecked, 0 orphan) and 11 of xref (0 dead, 1 orphan) found.
Aug 07 02:43:52 witherspoon systemd[1]: Failed to insert module 'autofs4': No such file or directory
Aug 07 02:43:52 witherspoon systemd[1]: systemd 232 running in system mode. (+PAM -AUDIT -SELINUX -IMA -APPARMOR -SMACK +SYSVINIT -UTMP -LIBCRYPTSETUP -GCRYPT -GNUTLS +ACL +XZ -LZ4 -SECCOMP +BLKID -ELFUTILS +KMOD -IDN)
Aug 07 02:43:52 witherspoon systemd[1]: Detected architecture arm.
Aug 07 02:43:52 witherspoon systemd[1]: Set hostname to <witherspoon>.
Aug 07 02:43:52 witherspoon systemd[1]: Listening on Network Service Netlink Socket.
Aug 07 02:43:52 witherspoon systemd[1]: Reached target Remote File Systems.
Aug 07 02:43:52 witherspoon systemd[1]: Listening on /dev/initctl Compatibility Named Pipe.
Aug 07 02:43:52 witherspoon systemd[1]: Listening on Journal Socket.
Aug 07 02:43:52 witherspoon systemd[1]: Started Dispatch Password Requests to Console Directory Watch.
Aug 07 02:43:52 witherspoon systemd[1]: Listening on udev Control Socket.
Aug 07 02:43:52 witherspoon systemd[1]: Listening on Syslog Socket.
Aug 07 02:43:52 witherspoon systemd-journald[590]: Journal started
Aug 07 02:43:52 witherspoon systemd-journald[590]: Runtime journal (/run/log/journal/cc6e1404d87444e8a089dfdb00a18f7d) is 0B, max 0B, 0B free.
Aug 07 02:43:52 witherspoon systemd-sysctl[588]: Couldn't write '16' to 'kernel/sysrq', ignoring: No such file or directory
Aug 07 02:43:52 witherspoon systemd-sysctl[588]: Couldn't write 'fq_codel' to 'net/core/default_qdisc', ignoring: No such file or directory
Aug 07 02:43:52 witherspoon systemd[1]: Started Apply Kernel Variables.
Aug 07 02:43:52 witherspoon systemd[1]: Started Remount Root and Kernel File Systems.
Aug 07 02:43:52 witherspoon systemd[1]: Starting Flush Journal to Persistent Storage...
Aug 07 02:43:52 witherspoon systemd[1]: Starting Create System Users...
Aug 07 02:43:53 witherspoon systemd[1]: Started Create System Users.
Aug 07 02:43:53 witherspoon systemd-journald[590]: Runtime journal (/run/log/journal/cc6e1404d87444e8a089dfdb00a18f7d) is 0B, max 0B, 0B free.
Aug 07 02:43:53 witherspoon systemd[1]: Started Flush Journal to Persistent Storage.
Aug 07 02:43:53 witherspoon systemd[1]: Starting Create Static Device Nodes in /dev...
Aug 07 02:43:53 witherspoon systemd[1]: Started Create Static Device Nodes in /dev.
Aug 07 02:43:53 witherspoon systemd[1]: Starting udev Kernel Device Manager...
Aug 07 02:43:53 witherspoon systemd[1]: Reached target Local File Systems (Pre).
Aug 07 02:43:53 witherspoon systemd[1]: Mounting /var/volatile...
Aug 07 02:43:53 witherspoon systemd[1]: Mounted /var/volatile.
Aug 07 02:43:54 witherspoon systemd[1]: Starting Load/Save Random Seed...
Aug 07 02:43:54 witherspoon systemd[1]: Reached target Local File Systems.
Aug 07 02:43:54 witherspoon systemd[1]: Starting Create Volatile Files and Directories...
Aug 07 02:43:54 witherspoon systemd[1]: Starting Rebuild Journal Catalog...
Aug 07 02:43:54 witherspoon systemd[1]: Started Load/Save Random Seed.
Aug 07 02:43:54 witherspoon systemd[1]: Started Rebuild Journal Catalog.
Aug 07 02:43:54 witherspoon systemd[1]: Starting Update is Completed...
Aug 07 02:43:54 witherspoon systemd[1]: Started udev Kernel Device Manager.
Aug 07 02:43:54 witherspoon systemd-tmpfiles[715]: "/var/tmp" already exists and is not a directory.
Aug 07 02:43:54 witherspoon systemd-tmpfiles[715]: "/var/log" already exists and is not a directory.
Aug 07 02:43:54 witherspoon systemd[1]: Started Create Volatile Files and Directories.
Aug 07 02:43:54 witherspoon systemd[1]: Starting Run pending postinsts...
Aug 07 02:43:54 witherspoon systemd[1]: Starting Network Time Synchronization...
Aug 07 02:43:55 witherspoon systemd[1]: Started udev Coldplug all Devices.
Aug 07 02:43:55 witherspoon systemd[1]: Started Update is Completed.
Aug 07 02:43:55 witherspoon systemd[1]: Started Network Time Synchronization.
Aug 07 02:43:55 witherspoon systemd[1]: Reached target System Time Synchronized.
Aug 07 02:43:55 witherspoon run-postinsts[729]: Running postinst /etc/rpm-postinsts/libglib-2.0-0...
Aug 07 02:43:57 witherspoon systemd[1]: Found device /dev/aspeed-lpc-ctrl.
Aug 07 02:43:57 witherspoon systemd[1]: Found device /dev/aspeed-mbox.
Aug 07 02:43:57 witherspoon systemd[1]: Found device /dev/ttyS4.
Aug 07 02:43:57 witherspoon systemd[1]: Found device /dev/ttyVUART0.
Aug 07 02:43:59 witherspoon systemd[1]: Created slice system-xyz.openbmc_project.led.controller.slice.
Aug 07 02:43:59 witherspoon run-postinsts[729]: rm: can't remove '/etc/rpm-postinsts': Operation not supported
Aug 07 02:43:59 witherspoon systemd[1]: dev-hugepages.mount: Couldn't determine result for ConditionVirtualization=!private-users, assuming failed: No such file or directory
Aug 07 02:43:59 witherspoon systemd[1]: Created slice system-xyz.openbmc_project.Hwmon.slice.
Aug 07 02:43:59 witherspoon run-postinsts[729]:  Removing any system startup links for run-postinsts ...
Aug 07 02:43:59 witherspoon systemctl[978]: Removed /etc/systemd/system/sysinit.target.wants/run-postinsts.service.
Aug 07 02:43:59 witherspoon systemd[1]: Reloading.
Aug 07 02:44:01 witherspoon systemd[1]: Started Run pending postinsts.
Aug 07 02:44:01 witherspoon systemd[1]: Reached target System Initialization.
Aug 07 02:44:01 witherspoon systemd[1]: Listening on D-Bus System Message Bus Socket.
Aug 07 02:44:02 witherspoon systemd[1]: Listening on dropbear.socket.
Aug 07 02:44:02 witherspoon systemd[1]: Started Daily Cleanup of Temporary Directories.
Aug 07 02:44:02 witherspoon systemd[1]: Reached target Timers.
Aug 07 02:44:02 witherspoon systemd[1]: Listening on Phosphor Webserver socket.
Aug 07 02:44:02 witherspoon systemd[1]: Listening on Phosphor Host Console SSH Per-Connection socket.
Aug 07 02:44:02 witherspoon systemd[1]: Listening on Phosphor DBUS Browser socket.
Aug 07 02:44:02 witherspoon systemd[1]: Listening on Avahi mDNS/DNS-SD Stack Activation Socket.
Aug 07 02:44:02 witherspoon systemd[1]: Listening on phosphor-ipmi-net.socket.
Aug 07 02:44:02 witherspoon systemd[1]: Reached target Sockets.
Aug 07 02:44:02 witherspoon systemd[1]: Reached target Basic System.
Aug 07 02:44:02 witherspoon systemd[1]: Started Phosphor sysfs LED controller.
Aug 07 02:44:02 witherspoon systemd[1]: Started Phosphor Dump core monitor..
Aug 07 02:44:02 witherspoon systemd[1]: Starting Phosphor Chassis0 Control...
Aug 07 02:44:02 witherspoon systemd[1]: Starting Phosphor Sensor Manager...
Aug 07 02:44:02 witherspoon systemd[1]: Starting Phosphor LED Group Management Daemon...
Aug 07 02:44:02 witherspoon systemd[1]: Starting Remount the squashfs and ubi volumes after a reboot...
Aug 07 02:44:02 witherspoon systemd[1]: Started System Logging Service.
Aug 07 02:44:02 witherspoon systemd[1]: Starting Phosphor User Manager...
Aug 07 02:44:02 witherspoon systemd[1]: Reached target Containers.
Aug 07 02:44:02 witherspoon systemd[1]: Started Phosphor sysfs LED controller.
Aug 07 02:44:02 witherspoon systemd[1]: Starting Phosphor BMC0 Control...
Aug 07 02:44:02 witherspoon systemd[1]: Started Phosphor sysfs LED controller.
Aug 07 02:44:02 witherspoon systemd[1]: Started Phosphor Console Muxer listening on device /dev/ttyVUART0.
Aug 07 02:44:03 witherspoon systemd[1]: Starting Phosphor Download Manager...
Aug 07 02:44:03 witherspoon systemd[1]: Starting Phosphor Log Manager...
Aug 07 02:44:03 witherspoon systemd[1]: Starting Phosphor Network Manager...
Aug 07 02:44:03 witherspoon systemd[1]: Started Hardware RNG Entropy Gatherer Daemon.
Aug 07 02:44:03 witherspoon systemd[1]: Started Kernel Logging Service.
Aug 07 02:44:03 witherspoon systemd[1]: Started Phosphor sysfs LED controller.
Aug 07 02:44:03 witherspoon systemd[1]: Starting Clear one time boot overrides...
Aug 07 02:44:03 witherspoon systemd[1]: Starting Phosphor DBus Service Discovery Manager...
Aug 07 02:44:03 witherspoon systemd[1]: Started Phosphor sysfs LED controller.
Aug 07 02:44:03 witherspoon systemd[1]: Starting Phosphor Settings Daemon...
Aug 07 02:44:03 witherspoon systemd[1]: Started Phosphor sysfs LED controller.
Aug 07 02:44:03 witherspoon kernel[1006]: klogd started: BusyBox v1.24.1 (2017-06-16 19:29:08 UTC)
Aug 07 02:44:03 witherspoon kernel[1006]: [    0.000000] Booting Linux on physical CPU 0x0
Aug 07 02:44:03 witherspoon kernel[1006]: [    0.000000] Linux version 4.10.17-03afe5775baf06c3037d62cc2a15628079af38c9 (jenkins@openbmc-builder1) (gcc version 6.2.0 (GCC) ) #1 Mon Aug 7 01:59:37 UTC 2017
Aug 07 02:44:03 witherspoon kernel[1006]: [    0.000000] CPU: ARMv6-compatible processor [410fb767] revision 7 (ARMv7), cr=00c5387d
Aug 07 02:44:03 witherspoon kernel[1006]: [    0.000000] CPU: PIPT / VIPT nonaliasing data cache, VIPT nonaliasing instruction cache
Aug 07 02:44:03 witherspoon kernel[1006]: [    0.000000] OF: fdt:Machine model: Witherspoon BMC
Aug 07 02:44:03 witherspoon systemd[1]: Starting Phosphor Inventory Manager...
Aug 07 02:44:03 witherspoon kernel[1006]: [    0.000000] Memory policy: Data cache writeback
Aug 07 02:44:04 witherspoon systemd[1]: Starting OpenBMC Software Update Manager...
Aug 07 02:44:03 witherspoon kernel[1006]: [    0.000000] SOC Rev: 04030303
Aug 07 02:44:04 witherspoon systemd[1]: Starting Phosphor Inventory Manager...
Aug 07 02:44:03 witherspoon kernel[1006]: [    0.000000] On node 0 totalpages: 110592
Aug 07 02:44:04 witherspoon systemd[1]: Starting Avahi mDNS/DNS-SD Stack...
Aug 07 02:44:03 witherspoon kernel[1006]: [    0.000000] free_area_init_node: node 0, pgdat 805ff5f4, node_mem_map 9ec1a000
Aug 07 02:44:04 witherspoon systemd[1]: Started Phosphor sysfs LED controller.
Aug 07 02:44:03 witherspoon kernel[1006]: [    0.000000]   Normal zone: 992 pages used for memmap
Aug 07 02:44:04 witherspoon systemd[1]: Starting Phosphor Download Manager...
Aug 07 02:44:03 witherspoon kernel[1006]: [    0.000000]   Normal zone: 0 pages reserved
Aug 07 02:44:04 witherspoon systemd[1]: Starting Phosphor Dump Manager...
Aug 07 02:44:03 witherspoon kernel[1006]: [    0.000000]   Normal zone: 110592 pages, LIFO batch:31
Aug 07 02:44:04 witherspoon systemd[1]: Starting Phosphor IPMI BT DBus Bridge...
Aug 07 02:44:03 witherspoon kernel[1006]: [    0.000000] pcpu-alloc: s0 r0 d32768 u32768 alloc=1*32768
Aug 07 02:44:04 witherspoon systemd[1]: Started Phosphor sysfs LED controller.
Aug 07 02:44:03 witherspoon kernel[1006]: [    0.000000] pcpu-alloc: [0] 0
Aug 07 02:44:04 witherspoon systemd[1]: Started D-Bus System Message Bus.
Aug 07 02:44:03 witherspoon kernel[1006]: [    0.000000] Built 1 zonelists in Zone order, mobility grouping on.  Total pages: 109600
Aug 07 02:44:03 witherspoon kernel[1006]: [    0.000000] Kernel command line: console=ttyS4,115200n8 root=/dev/ram rw
Aug 07 02:44:03 witherspoon kernel[1006]: [    0.000000] PID hash table entries: 2048 (order: 1, 8192 bytes)
Aug 07 02:44:03 witherspoon kernel[1006]: [    0.000000] Dentry cache hash table entries: 65536 (order: 6, 262144 bytes)
Aug 07 02:44:03 witherspoon kernel[1006]: [    0.000000] Inode-cache hash table entries: 32768 (order: 5, 131072 bytes)
Aug 07 02:44:03 witherspoon kernel[1006]: [    0.000000] Memory: 430440K/442368K available (4065K kernel code, 280K rwdata, 1192K rodata, 284K init, 111K bss, 11928K reserved, 0K cma-reserved)
Aug 07 02:44:03 witherspoon kernel[1006]: [    0.000000] Virtual kernel memory layout:
Aug 07 02:44:03 witherspoon kernel[1006]: [    0.000000]     vector  : 0xffff0000 - 0xffff1000   (   4 kB)
Aug 07 02:44:03 witherspoon kernel[1006]: [    0.000000]     fixmap  : 0xffc00000 - 0xfff00000   (3072 kB)
Aug 07 02:44:03 witherspoon kernel[1006]: [    0.000000]     vmalloc : 0x9f800000 - 0xff800000   (1536 MB)
Aug 07 02:44:03 witherspoon kernel[1006]: [    0.000000]     lowmem  : 0x80000000 - 0x9f000000   ( 496 MB)
Aug 07 02:44:03 witherspoon kernel[1006]: [    0.000000]       .text : 0x80008000 - 0x80400940   (4067 kB)
Aug 07 02:44:03 witherspoon kernel[1006]: [    0.000000]       .init : 0x80585000 - 0x805cc000   ( 284 kB)
Aug 07 02:44:03 witherspoon kernel[1006]: [    0.000000]       .data : 0x805cc000 - 0x80612358   ( 281 kB)
Aug 07 02:44:03 witherspoon kernel[1006]: [    0.000000]        .bss : 0x80612358 - 0x8062e1f8   ( 112 kB)
Aug 07 02:44:03 witherspoon kernel[1006]: [    0.000000] NR_IRQS:16 nr_irqs:16 16
Aug 07 02:44:03 witherspoon kernel[1006]: [    0.000000] i2c controller registered, irq 16
Aug 07 02:44:03 witherspoon kernel[1006]: [    0.000000] clocksource: moxart_timer: mask: 0xffffffff max_cycles: 0xffffffff, max_idle_ns: 77222644334 ns
Aug 07 02:44:03 witherspoon kernel[1006]: [    0.000000] sched_clock: 32 bits at 100 Hz, resolution 10000000ns, wraps every 21474836475000000ns
Aug 07 02:44:10 witherspoon kernel: ubi7: default fastmap pool size: 100
Aug 07 02:44:10 witherspoon kernel: ubi7: default fastmap WL pool size: 50
Aug 07 02:44:10 witherspoon kernel: ubi7: attaching mtd7
Aug 07 02:44:10 witherspoon kernel: ubi7: scanning is finished
Aug 07 02:44:10 witherspoon kernel: ubi7: attached mtd7 (name "pnor", size 128 MiB)
Aug 07 02:44:10 witherspoon kernel: ubi7: PEB size: 65536 bytes (64 KiB), LEB size: 65408 bytes
Aug 07 02:44:10 witherspoon kernel: ubi7: min./max. I/O unit sizes: 1/256, sub-page size 1
Aug 07 02:44:10 witherspoon kernel: ubi7: VID header offset: 64 (aligned 64), data offset: 128
Aug 07 02:44:10 witherspoon kernel: ubi7: good PEBs: 2048, bad PEBs: 0, corrupted PEBs: 0
Aug 07 02:44:10 witherspoon kernel: ubi7: user volume: 4, internal volumes: 1, max. volumes count: 128
Aug 07 02:44:10 witherspoon kernel: ubi7: max/mean erase counter: 1/0, WL threshold: 4096, image sequence number: 2007964241
Aug 07 02:44:10 witherspoon kernel: ubi7: available PEBs: 1110, total reserved PEBs: 938, PEBs reserved for bad PEB handling: 0
Aug 07 02:44:10 witherspoon kernel: ubi7: background thread "ubi_bgt7d" started, PID 1039
Aug 07 02:44:10 witherspoon kernel: UBIFS (ubi7:0): UBIFS: mounted UBI device 7, volume 0, name "pnor-rw-e49bc78e"
Aug 07 02:44:10 witherspoon kernel: UBIFS (ubi7:0): LEB size: 65408 bytes (63 KiB), min./max. I/O unit sizes: 8 bytes/256 bytes
Aug 07 02:44:10 witherspoon kernel: UBIFS (ubi7:0): FS size: 16155776 bytes (15 MiB, 247 LEBs), journal size 784896 bytes (0 MiB, 12 LEBs)
Aug 07 02:44:10 witherspoon kernel: UBIFS (ubi7:0): reserved for root: 763076 bytes (745 KiB)
Aug 07 02:44:10 witherspoon kernel: UBIFS (ubi7:0): media format: w5/r0 (latest is w5/r0), UUID D57E6706-A501-4A79-8DB5-0E33B5E632AD, small LPT model
Aug 07 02:44:10 witherspoon kernel: UBIFS (ubi7:0): background thread "ubifs_bgt7_0" started, PID 1049
Aug 07 02:44:10 witherspoon obmc-flash-bios[995]: UBI device number 7, total 2048 LEBs (133955584 bytes, 127.8 MiB), available 1110 LEBs (72602880 bytes, 69.2 MiB), LEB size 65408 bytes (63.9 KiB)
Aug 07 02:44:03 witherspoon kernel[1006]: [    0.090000] Calibrating delay loop... 789.70 BogoMIPS (lpj=3948544)
Aug 07 02:44:03 witherspoon kernel[1006]: [    0.090000] pid_max: default: 32768 minimum: 301
Aug 07 02:44:03 witherspoon kernel[1006]: [    0.090000] Mount-cache hash table entries: 1024 (order: 0, 4096 bytes)
Aug 07 02:44:03 witherspoon kernel[1006]: [    0.090000] Mountpoint-cache hash table entries: 1024 (order: 0, 4096 bytes)
Aug 07 02:44:03 witherspoon kernel[1006]: [    0.090000] CPU: Testing write buffer coherency: ok
Aug 07 02:44:03 witherspoon kernel[1006]: [    0.090000] ftrace: allocating 14934 entries in 44 pages
Aug 07 02:44:03 witherspoon kernel[1006]: [    0.120000] Setting up static identity map for 0x80008200 - 0x8000825c
Aug 07 02:44:03 witherspoon kernel[1006]: [    0.120000] devtmpfs: initialized
Aug 07 02:44:03 witherspoon kernel[1006]: [    0.150000] clocksource: jiffies: mask: 0xffffffff max_cycles: 0xffffffff, max_idle_ns: 19112604462750000 ns
Aug 07 02:44:03 witherspoon kernel[1006]: [    0.150000] futex hash table entries: 256 (order: -1, 3072 bytes)
Aug 07 02:44:03 witherspoon kernel[1006]: [    0.150000] pinctrl core: initialized pinctrl subsystem
Aug 07 02:44:03 witherspoon kernel[1006]: [    0.150000] NET: Registered protocol family 16
Aug 07 02:44:03 witherspoon kernel[1006]: [    0.150000] DMA: preallocated 256 KiB pool for atomic coherent allocations
Aug 07 02:44:03 witherspoon kernel[1006]: [    0.220000] usbcore: registered new interface driver usbfs
Aug 07 02:44:03 witherspoon kernel[1006]: [    0.220000] usbcore: registered new interface driver hub
Aug 07 02:44:03 witherspoon kernel[1006]: [    0.220000] usbcore: registered new device driver usb
Aug 07 02:44:03 witherspoon kernel[1006]: [    0.220000] clocksource: Switched to clocksource moxart_timer
Aug 07 02:44:03 witherspoon kernel[1006]: [    0.230000] NET: Registered protocol family 2
Aug 07 02:44:03 witherspoon kernel[1006]: [    0.230000] TCP established hash table entries: 4096 (order: 2, 16384 bytes)
Aug 07 02:44:03 witherspoon kernel[1006]: [    0.230000] TCP bind hash table entries: 4096 (order: 2, 16384 bytes)
Aug 07 02:44:03 witherspoon kernel[1006]: [    0.230000] TCP: Hash tables configured (established 4096 bind 4096)
Aug 07 02:44:03 witherspoon kernel[1006]: [    0.230000] UDP hash table entries: 256 (order: 0, 4096 bytes)
Aug 07 02:44:03 witherspoon kernel[1006]: [    0.230000] UDP-Lite hash table entries: 256 (order: 0, 4096 bytes)
Aug 07 02:44:03 witherspoon kernel[1006]: [    0.230000] NET: Registered protocol family 1
Aug 07 02:44:03 witherspoon kernel[1006]: [    0.240000] Trying to unpack rootfs image as initramfs...
Aug 07 02:44:03 witherspoon kernel[1006]: [    1.910000] Freeing initrd memory: 1544K
Aug 07 02:44:03 witherspoon kernel[1006]: [    1.910000] workingset: timestamp_bits=30 max_order=17 bucket_order=0
Aug 07 02:44:03 witherspoon kernel[1006]: [    1.910000] squashfs: version 4.0 (2009/01/31) Phillip Lougher
Aug 07 02:44:03 witherspoon kernel[1006]: [    1.910000] jffs2: version 2.2. (SUMMARY)  © 2001-2006 Red Hat, Inc.
Aug 07 02:44:03 witherspoon kernel[1006]: [    1.910000] Block layer SCSI generic (bsg) driver version 0.4 loaded (major 250)
Aug 07 02:44:03 witherspoon kernel[1006]: [    1.910000] io scheduler noop registered
Aug 07 02:44:03 witherspoon kernel[1006]: [    1.910000] io scheduler deadline registered
Aug 07 02:44:03 witherspoon kernel[1006]: [    1.910000] io scheduler cfq registered (default)
Aug 07 02:44:03 witherspoon kernel[1006]: [    2.060000] ipmi-bt-host 1e789140.ibt: Found bt bmc device
Aug 07 02:44:03 witherspoon kernel[1006]: [    2.060000] ipmi-bt-host 1e789140.ibt: Using IRQ 22
Aug 07 02:44:03 witherspoon kernel[1006]: [    2.060000] Serial: 8250/16550 driver, 6 ports, IRQ sharing enabled
Aug 07 02:44:03 witherspoon kernel[1006]: [    2.060000] 1e787000.vuart: ttyS0 at MMIO 0x1e787000 (irq = 22, base_baud = 1500000) is a 16550A
Aug 07 02:44:03 witherspoon kernel[1006]: [    2.060000] 1e783000.serial: ttyS1 at MMIO 0x1e783000 (irq = 23, base_baud = 1500000) is a 16550A
Aug 07 02:44:03 witherspoon kernel[1006]: [    2.060000] 1e78d000.serial: ttyS2 at MMIO 0x1e78d000 (irq = 24, base_baud = 1500000) is a 16550A
Aug 07 02:44:03 witherspoon kernel[1006]: [    2.060000] 1e784000.serial: ttyS4 at MMIO 0x1e784000 (irq = 25, base_baud = 1500000) is a 16550A
Aug 07 02:44:03 witherspoon kernel[1006]: [    2.430000] console [ttyS4] enabled
Aug 07 02:44:03 witherspoon kernel[1006]: [    2.590000] timeriomem_rng 1e6e2078.hwrng: 32bits from 0xf00e2078 @ 1us
Aug 07 02:44:03 witherspoon kernel[1006]: [    2.600000] random: fast init done
Aug 07 02:44:03 witherspoon kernel[1006]: [    2.640000] brd: module loaded
Aug 07 02:44:03 witherspoon kernel[1006]: [    2.670000] loop: module loaded
Aug 07 02:44:03 witherspoon kernel[1006]: [    2.670000] aspeed-lpc-ctrl 1e789080.lpc-ctrl: Loaded at 0x98000000 (0x04000000)
Aug 07 02:44:03 witherspoon kernel[1006]: [    2.680000] aspeed-smc 1e620000.flash-controller: Using IRQ 18
Aug 07 02:44:03 witherspoon kernel[1006]: [    2.680000] aspeed-smc 1e620000.flash-controller: DMA support disabled.
Aug 07 02:44:03 witherspoon kernel[1006]: [    2.700000] aspeed-smc 1e620000.flash-controller: mx25l25635e (32768 Kbytes)
Aug 07 02:44:03 witherspoon kernel[1006]: [    2.700000] aspeed-smc 1e620000.flash-controller: CE0 window [ 0x20000000 - 0x22000000 ] 32MB
Aug 07 02:44:03 witherspoon kernel[1006]: [    2.700000] aspeed-smc 1e620000.flash-controller: CE1 window [ 0x22000000 - 0x2a000000 ] 128MB
Aug 07 02:44:03 witherspoon kernel[1006]: [    2.700000] 5 ofpart partitions found on MTD device bmc
Aug 07 02:44:03 witherspoon kernel[1006]: [    2.730000] random: crng init done
Aug 07 02:44:03 witherspoon kernel[1006]: [    2.740000] Creating 5 MTD partitions on "bmc":
Aug 07 02:44:03 witherspoon kernel[1006]: [    2.740000] 0x000000000000-0x000000060000 : "u-boot"
Aug 07 02:44:03 witherspoon kernel[1006]: [    2.750000] 0x000000060000-0x000000080000 : "u-boot-env"
Aug 07 02:44:03 witherspoon kernel[1006]: [    2.760000] 0x000000080000-0x0000004c0000 : "kernel"
Aug 07 02:44:03 witherspoon kernel[1006]: [    2.770000] 0x0000004c0000-0x000001c00000 : "rofs"
Aug 07 02:44:03 witherspoon kernel[1006]: [    2.780000] 0x000001c00000-0x000002000000 : "rwfs"
Aug 07 02:44:03 witherspoon kernel[1006]: [    2.790000] aspeed-smc 1e620000.flash-controller: mx25l25635e (32768 Kbytes)
Aug 07 02:44:03 witherspoon kernel[1006]: [    2.800000] aspeed-smc 1e620000.flash-controller: CE1 window [ 0x22000000 - 0x24000000 ] 32MB
Aug 07 02:44:03 witherspoon kernel[1006]: [    2.800000] aspeed-smc 1e620000.flash-controller: CE2 window [ 0x24000000 - 0x2c000000 ] 128MB
Aug 07 02:44:03 witherspoon kernel[1006]: [    2.820000] aspeed-smc 1e630000.flash-controller: mx66l1g45g (131072 Kbytes)
Aug 07 02:44:03 witherspoon kernel[1006]: [    2.830000] aspeed-smc 1e630000.flash-controller: CE0 window resized to 120MB (AST2500 HW quirk)
Aug 07 02:44:03 witherspoon kernel[1006]: [    2.830000] aspeed-smc 1e630000.flash-controller: CE0 window [ 0x30000000 - 0x37800000 ] 120MB
Aug 07 02:44:03 witherspoon kernel[1006]: [    2.850000] aspeed-smc 1e630000.flash-controller: CE0 window too small for chip 128MB
Aug 07 02:44:03 witherspoon kernel[1006]: [    2.850000] aspeed-smc 1e630000.flash-controller: CE1 window [ 0x37800000 - 0x38000000 ] 8MB
Aug 07 02:44:03 witherspoon kernel[1006]: [    3.620000] libphy: Fixed MDIO Bus: probed
Aug 07 02:44:03 witherspoon kernel[1006]: [    3.620000] ftgmac100 1e660000.ethernet: Read MAC address 70:e2:84:14:23:e1 from chip
Aug 07 02:44:03 witherspoon kernel[1006]: [    3.620000] ftgmac100 1e660000.ethernet: Using NCSI interface
Aug 07 02:44:03 witherspoon kernel[1006]: [    3.620000] ftgmac100 1e660000.ethernet eth0: irq 20, mapped at f0060000
Aug 07 02:44:03 witherspoon kernel[1006]: [    3.620000] ehci_hcd: USB 2.0 'Enhanced' Host Controller (EHCI) Driver
Aug 07 02:44:03 witherspoon kernel[1006]: [    3.620000] ehci-platform: EHCI generic platform driver
Aug 07 02:44:03 witherspoon kernel[1006]: [    3.830000]  fsi0: can't read slave 00:00 -5
Aug 07 02:44:03 witherspoon kernel[1006]: [    3.830000] i2c /dev entries driver
Aug 07 02:44:03 witherspoon kernel[1006]: [    3.830000] aspeed-i2c-bus 1e78a0c0.i2c-bus: i2c bus 2 registered, irq 26
Aug 07 02:44:03 witherspoon kernel[1006]: [    3.830000] aspeed-i2c-bus 1e78a100.i2c-bus: i2c bus 3 registered, irq 27
Aug 07 02:44:03 witherspoon kernel[1006]: [    3.830000] aspeed-i2c-bus 1e78a140.i2c-bus: i2c bus 4 registered, irq 28
Aug 07 02:44:03 witherspoon kernel[1006]: [    3.830000] aspeed-i2c-bus 1e78a180.i2c-bus: i2c bus 5 registered, irq 29
Aug 07 02:44:03 witherspoon kernel[1006]: [    3.830000] aspeed-i2c-bus 1e78a380.i2c-bus: i2c bus 9 registered, irq 30
Aug 07 02:44:03 witherspoon kernel[1006]: [    3.830000] aspeed-i2c-bus 1e78a3c0.i2c-bus: i2c bus 10 registered, irq 31
Aug 07 02:44:03 witherspoon kernel[1006]: [    3.830000] rtc-rv8803 11-0032: Voltage low, temperature compensation stopped.
Aug 07 02:44:03 witherspoon kernel[1006]: [    3.830000] rtc-rv8803 11-0032: An alarm maybe have been missed.
Aug 07 02:44:03 witherspoon kernel[1006]: [    3.940000] rtc-rv8803 11-0032: rtc core: registered rx8900 as rtc0
Aug 07 02:44:03 witherspoon kernel[1006]: [    3.950000] at24 11-0051: 8192 byte 24c64 EEPROM, writable, 1 bytes/write
Aug 07 02:44:03 witherspoon kernel[1006]: [    3.950000] aspeed-i2c-bus 1e78a400.i2c-bus: i2c bus 11 registered, irq 32
Aug 07 02:44:03 witherspoon kernel[1006]: [    3.950000] aspeed-i2c-bus 1e78a440.i2c-bus: i2c bus 12 registered, irq 33
Aug 07 02:44:03 witherspoon kernel[1006]: [    3.950000] aspeed-i2c-bus 1e78a480.i2c-bus: i2c bus 13 registered, irq 34
Aug 07 02:44:03 witherspoon kernel[1006]: [    3.950000] Driver for 1-wire Dallas network protocol.
Aug 07 02:44:03 witherspoon kernel[1006]: [    3.950000] lm75 9-004a: hwmon0: sensor 'tmp275'
Aug 07 02:44:03 witherspoon kernel[1006]: [    4.760000] ucd9000 11-0064: Device ID UCD90160|2.3.4.0000|110603
Aug 07 02:44:03 witherspoon kernel[1006]: [    5.090000] leds-pca955x 3-0060: leds-pca955x: Using pca9552 16-bit LED driver at slave address 0x60
Aug 07 02:44:03 witherspoon kernel[1006]: [    5.120000] leds-pca955x 11-0060: leds-pca955x: Using pca9552 16-bit LED driver at slave address 0x60
Aug 07 02:44:03 witherspoon kernel[1006]: [    5.130000] leds-pca955x 11-0060: gpios 264...279
Aug 07 02:44:03 witherspoon kernel[1006]: [    5.130000] usbcore: registered new interface driver usbhid
Aug 07 02:44:03 witherspoon kernel[1006]: [    5.140000] usbhid: USB HID core driver
Aug 07 02:44:03 witherspoon kernel[1006]: [    5.190000] NET: Registered protocol family 10
Aug 07 02:44:03 witherspoon kernel[1006]: [    5.190000] Segment Routing with IPv6
Aug 07 02:44:03 witherspoon kernel[1006]: [    5.200000] NET: Registered protocol family 17
Aug 07 02:44:03 witherspoon kernel[1006]: [    5.200000] 8021q: 802.1Q VLAN Support v1.8
Aug 07 02:44:03 witherspoon kernel[1006]: [    5.200000] console [netcon0] enabled
Aug 07 02:44:03 witherspoon kernel[1006]: [    5.200000] netconsole: network logging started
Aug 07 02:44:03 witherspoon kernel[1006]: [    5.220000] input: gpio-keys as /devices/platform/gpio-keys/input/input0
Aug 07 02:44:03 witherspoon kernel[1006]: [    5.230000] rtc-rv8803 11-0032: setting system clock to 2017-08-07 02:43:40 UTC (1502073820)
Aug 07 02:44:03 witherspoon kernel[1006]: [    5.240000] Freeing unused kernel memory: 284K
Aug 07 02:44:03 witherspoon kernel[1006]: [    5.240000] This architecture does not have kernel memory protection.
Aug 07 02:44:03 witherspoon kernel[1006]: [    6.780000] jffs2: notice: (533) jffs2_build_xattr_subsystem: complete building xattr subsystem, 1 of xdatum (1 unchecked, 0 orphan) and 11 of xref (0 dead, 1 orphan) found.
Aug 07 02:44:03 witherspoon kernel[1006]: [   13.920000] systemd[1]: Failed to insert module 'autofs4': No such file or directory
Aug 07 02:44:03 witherspoon kernel[1006]: [   13.920000] systemd[1]: systemd 232 running in system mode. (+PAM -AUDIT -SELINUX -IMA -APPARMOR -SMACK +SYSVINIT -UTMP -LIBCRYPTSETUP -GCRYPT -GNUTLS +ACL +XZ -LZ4 -SECCOMP +BLKID -ELFUTILS +KMOD -IDN)
Aug 07 02:44:03 witherspoon kernel[1006]: [   13.920000] systemd[1]: Detected architecture arm.
Aug 07 02:44:03 witherspoon kernel[1006]: [   14.220000] systemd[1]: Set hostname to <witherspoon>.
Aug 07 02:44:03 witherspoon kernel[1006]: [   15.800000] systemd[1]: Listening on Network Service Netlink Socket.
Aug 07 02:44:03 witherspoon kernel[1006]: [   15.880000] systemd[1]: Reached target Remote File Systems.
Aug 07 02:44:03 witherspoon kernel[1006]: [   15.920000] systemd[1]: Listening on /dev/initctl Compatibility Named Pipe.
Aug 07 02:44:03 witherspoon kernel[1006]: [   15.960000] systemd[1]: Listening on Journal Socket.
Aug 07 02:44:03 witherspoon kernel[1006]: [   16.000000] systemd[1]: Started Dispatch Password Requests to Console Directory Watch.
Aug 07 02:44:03 witherspoon kernel[1006]: [   16.040000] systemd[1]: Listening on udev Control Socket.
Aug 07 02:44:03 witherspoon kernel[1006]: [   16.080000] systemd[1]: Listening on Syslog Socket.
Aug 07 02:44:03 witherspoon kernel[1006]: [   18.090000] systemd-journald[590]: Received request to flush runtime journal from PID 1
Aug 07 02:44:07 witherspoon kernel[1006]: [   32.280000] ubi7: default fastmap pool size: 100
Aug 07 02:44:07 witherspoon kernel[1006]: [   32.280000] ubi7: default fastmap WL pool size: 50
Aug 07 02:44:07 witherspoon kernel[1006]: [   32.280000] ubi7: attaching mtd7
Aug 07 02:44:07 witherspoon kernel[1006]: [   32.280000] ubi7: scanning is finished
Aug 07 02:44:07 witherspoon avahi-daemon[1017]: Found user 'avahi' (UID 999) and group 'avahi' (GID 999).
Aug 07 02:44:07 witherspoon avahi-daemon[1017]: Successfully dropped root privileges.
Aug 07 02:44:07 witherspoon avahi-daemon[1017]: avahi-daemon 0.6.32 starting up.
Aug 07 02:44:07 witherspoon kernel[1006]: [   32.490000] ubi7: attached mtd7 (name "pnor", size 128 MiB)
Aug 07 02:44:07 witherspoon kernel[1006]: [   32.490000] ubi7: PEB size: 65536 bytes (64 KiB), LEB size: 65408 bytes
Aug 07 02:44:07 witherspoon kernel[1006]: [   32.490000] ubi7: min./max. I/O unit sizes: 1/256, sub-page size 1
Aug 07 02:44:07 witherspoon kernel[1006]: [   32.490000] ubi7: VID header offset: 64 (aligned 64), data offset: 128
Aug 07 02:44:07 witherspoon kernel[1006]: [   32.490000] ubi7: good PEBs: 2048, bad PEBs: 0, corrupted PEBs: 0
Aug 07 02:44:07 witherspoon kernel[1006]: [   32.490000] ubi7: user volume: 4, internal volumes: 1, max. volumes count: 128
Aug 07 02:44:07 witherspoon kernel[1006]: [   32.490000] ubi7: max/mean erase counter: 1/0, WL threshold: 4096, image sequence number: 2007964241
Aug 07 02:44:07 witherspoon kernel[1006]: [   32.490000] ubi7: available PEBs: 1110, total reserved PEBs: 938, PEBs reserved for bad PEB handling: 0
Aug 07 02:44:07 witherspoon kernel[1006]: [   32.490000] ubi7: background thread "ubi_bgt7d" started, PID 1039
Aug 07 02:44:08 witherspoon kernel[1006]: [   32.700000] UBIFS (ubi7:0): UBIFS: mounted UBI device 7, volume 0, name "pnor-rw-e49bc78e"
Aug 07 02:44:08 witherspoon kernel[1006]: [   32.700000] UBIFS (ubi7:0): LEB size: 65408 bytes (63 KiB), min./max. I/O unit sizes: 8 bytes/256 bytes
Aug 07 02:44:08 witherspoon kernel[1006]: [   32.700000] UBIFS (ubi7:0): FS size: 16155776 bytes (15 MiB, 247 LEBs), journal size 784896 bytes (0 MiB, 12 LEBs)
Aug 07 02:44:08 witherspoon kernel[1006]: [   32.700000] UBIFS (ubi7:0): reserved for root: 763076 bytes (745 KiB)
Aug 07 02:44:08 witherspoon kernel[1006]: [   32.700000] UBIFS (ubi7:0): media format: w5/r0 (latest is w5/r0), UUID D57E6706-A501-4A79-8DB5-0E33B5E632AD, small LPT model
Aug 07 02:44:14 witherspoon systemd[1]: Started Phosphor IPMI BT DBus Bridge.
Aug 07 02:44:08 witherspoon kernel[1006]: [   32.930000] UBIFS (ubi7:0): background thread "ubifs_bgt7_0" started, PID 1049
Aug 07 02:44:14 witherspoon systemd[1]: Started Phosphor LED Group Management Daemon.
Aug 07 02:44:14 witherspoon avahi-daemon[1017]: Successfully called chroot().
Aug 07 02:44:14 witherspoon systemd[1]: Started Avahi mDNS/DNS-SD Stack.
Aug 07 02:44:14 witherspoon avahi-daemon[1017]: Successfully dropped remaining capabilities.
Aug 07 02:44:15 witherspoon systemd[1]: Started Phosphor Settings Daemon.
Aug 07 02:44:14 witherspoon avahi-daemon[1017]: Loading service file /services/obmc_console.service.
Aug 07 02:44:15 witherspoon systemd[1]: Started Phosphor Log Manager.
Aug 07 02:44:14 witherspoon avahi-daemon[1017]: Loading service file /services/phosphor_rest.service.
Aug 07 02:44:15 witherspoon systemd[1]: Started Phosphor Download Manager.
Aug 07 02:44:14 witherspoon avahi-daemon[1017]: Loading service file /services/sftp-ssh.service.
Aug 07 02:44:16 witherspoon systemd[1]: Started Phosphor Inventory Manager.
Aug 07 02:44:14 witherspoon avahi-daemon[1017]: Loading service file /services/sftp.service.
Aug 07 02:44:16 witherspoon systemd[1]: Starting Network Service...
Aug 07 02:44:14 witherspoon avahi-daemon[1017]: Loading service file /services/ssh.service.
Aug 07 02:44:16 witherspoon systemd[1]: Started Phosphor sysfs LED controller.
Aug 07 02:44:14 witherspoon avahi-daemon[1017]: Network interface enumeration completed.
Aug 07 02:44:16 witherspoon systemd-networkd[1059]: Enumeration completed
Aug 07 02:44:14 witherspoon avahi-daemon[1017]: Server startup complete. Host name is witherspoon.local. Local service cookie is 1951857830.
Aug 07 02:44:14 witherspoon avahi-daemon[1017]: Service "witherspoon" (/services/ssh.service) successfully established.
Aug 07 02:44:14 witherspoon avahi-daemon[1017]: Service "sftp" (/services/sftp.service) successfully established.
Aug 07 02:44:14 witherspoon avahi-daemon[1017]: Service "witherspoon" (/services/sftp-ssh.service) successfully established.
Aug 07 02:44:14 witherspoon avahi-daemon[1017]: Service "phosphor_rest" (/services/phosphor_rest.service) successfully established.
Aug 07 02:44:14 witherspoon avahi-daemon[1017]: Service "obmc_console" (/services/obmc_console.service) successfully established.
Aug 07 02:44:14 witherspoon dbus[1023]: [system] Successfully activated service 'org.freedesktop.systemd1'
Aug 07 02:44:17 witherspoon avahi-daemon[1017]: Joining mDNS multicast group on interface eth0.IPv4 with address 9.3.86.161.
Aug 07 02:44:17 witherspoon systemd[1]: Started Phosphor sysfs LED controller.
Aug 07 02:44:17 witherspoon avahi-daemon[1017]: New relevant interface eth0.IPv4 for mDNS.
Aug 07 02:44:17 witherspoon systemd-networkd[1059]: eth0: IPv6 enabled for interface: Success
Aug 07 02:44:17 witherspoon avahi-daemon[1017]: Registering new address record for 9.3.86.161 on eth0.IPv4.
Aug 07 02:44:17 witherspoon systemd-networkd[1059]: eth0: Gained carrier
Aug 07 02:44:17 witherspoon systemd-timesyncd[730]: Network configuration changed, trying to establish connection.
Aug 07 02:44:17 witherspoon systemd[1]: Started Network Service.
Aug 07 02:44:17 witherspoon systemd[1]: Started Clear one time boot overrides.
Aug 07 02:44:17 witherspoon systemd[1]: Started Phosphor BMC0 Control.
Aug 07 02:44:17 witherspoon systemd[1]: Reached target Network.
Aug 07 02:44:17 witherspoon systemd[1]: Started Lightweight SLP Server.
Aug 07 02:44:17 witherspoon systemd[1]: Starting Permit User Sessions...
Aug 07 02:44:18 witherspoon systemd[1]: Started OpenBMC Software Update Manager.
Aug 07 02:44:18 witherspoon avahi-daemon[1017]: Joining mDNS multicast group on interface eth0.IPv6 with address fe80::72e2:84ff:fe14:23e1.
Aug 07 02:44:18 witherspoon systemd-networkd[1059]: eth0: Gained IPv6LL
Aug 07 02:44:18 witherspoon avahi-daemon[1017]: New relevant interface eth0.IPv6 for mDNS.
Aug 07 02:44:18 witherspoon systemd[1]: Started Permit User Sessions.
Aug 07 02:44:18 witherspoon avahi-daemon[1017]: Registering new address record for fe80::72e2:84ff:fe14:23e1 on eth0.*.
Aug 07 02:44:18 witherspoon systemd[1]: Started Serial Getty on ttyS4.
Aug 07 02:44:18 witherspoon systemd[1]: Reached target Login Prompts.
Aug 07 02:44:18 witherspoon systemd[1]: Started Phosphor Dump Manager.
Aug 07 02:44:20 witherspoon kernel: ftgmac100 1e660000.ethernet eth0: NCSI interface up
Aug 07 02:44:20 witherspoon kernel[1006]: [   45.210000] ftgmac100 1e660000.ethernet eth0: NCSI interface up
Aug 07 02:44:26 witherspoon kernel: block ubiblock7_1: created from ubi7:1(pnor-ro-e49bc78e)
Aug 07 02:44:26 witherspoon kernel[1006]: [   51.350000] block ubiblock7_1: created from ubi7:1(pnor-ro-e49bc78e)
Aug 07 02:44:27 witherspoon kernel: UBIFS (ubi7:2): UBIFS: mounted UBI device 7, volume 2, name "pnor-prsv"
Aug 07 02:44:27 witherspoon kernel: UBIFS (ubi7:2): LEB size: 65408 bytes (63 KiB), min./max. I/O unit sizes: 8 bytes/256 bytes
Aug 07 02:44:27 witherspoon kernel: UBIFS (ubi7:2): FS size: 1504384 bytes (1 MiB, 23 LEBs), journal size 523265 bytes (0 MiB, 6 LEBs)
Aug 07 02:44:27 witherspoon kernel: UBIFS (ubi7:2): reserved for root: 71055 bytes (69 KiB)
Aug 07 02:44:27 witherspoon kernel: UBIFS (ubi7:2): media format: w5/r0 (latest is w5/r0), UUID D05D1D49-60B3-4980-AE29-9E3636B3C58A, small LPT model
Aug 07 02:44:27 witherspoon kernel[1006]: [   51.550000] UBIFS (ubi7:2): UBIFS: mounted UBI device 7, volume 2, name "pnor-prsv"
Aug 07 02:44:27 witherspoon kernel[1006]: [   51.550000] UBIFS (ubi7:2): LEB size: 65408 bytes (63 KiB), min./max. I/O unit sizes: 8 bytes/256 bytes
Aug 07 02:44:27 witherspoon kernel[1006]: [   51.550000] UBIFS (ubi7:2): FS size: 1504384 bytes (1 MiB, 23 LEBs), journal size 523265 bytes (0 MiB, 6 LEBs)
Aug 07 02:44:27 witherspoon kernel[1006]: [   51.550000] UBIFS (ubi7:2): reserved for root: 71055 bytes (69 KiB)
Aug 07 02:44:27 witherspoon kernel[1006]: [   51.550000] UBIFS (ubi7:2): media format: w5/r0 (latest is w5/r0), UUID D05D1D49-60B3-4980-AE29-9E3636B3C58A, small LPT model
Aug 07 02:44:27 witherspoon kernel: UBIFS (ubi7:2): background thread "ubifs_bgt7_2" started, PID 1084
Aug 07 02:44:27 witherspoon kernel[1006]: [   51.750000] UBIFS (ubi7:2): background thread "ubifs_bgt7_2" started, PID 1084
Aug 07 02:44:27 witherspoon download_manager.py[1019]: Running Download Manager
Aug 07 02:44:28 witherspoon chassis_control.py[992]: Running ChassisControlService
Aug 07 02:44:28 witherspoon systemd[1]: Started Phosphor Download Manager.
Aug 07 02:44:28 witherspoon systemd[1]: Started Phosphor Chassis0 Control.
Aug 07 02:44:29 witherspoon systemd[1]: Started Remount the squashfs and ubi volumes after a reboot.
Aug 07 02:44:29 witherspoon systemd[1]: Reached target Multi-User System.
Aug 07 02:44:29 witherspoon systemd[1]: Starting OpenPower Software Update Manager...
Aug 07 02:44:29 witherspoon sensor_manager2.py[993]: Setting boot count to 3
Aug 07 02:44:29 witherspoon systemd[1]: Started Phosphor Sensor Manager.
Aug 07 02:44:30 witherspoon sensor_manager2.py[993]: Starting sensor manager
Aug 07 02:44:30 witherspoon inventory_items.py[1016]: Loading from cache: /var/cache/obmc/org.openbmc.inventory.system.chassis.motherboard.apss@org.openbmc.InventoryItem.props
Aug 07 02:44:30 witherspoon inventory_items.py[1016]: Loading from cache: /var/cache/obmc/org.openbmc.inventory.system.chassis.motherboard@org.openbmc.InventoryItem.props
Aug 07 02:44:30 witherspoon systemd[1]: Started Phosphor Inventory Manager.
Aug 07 02:44:31 witherspoon inventory_items.py[1016]: Loading from cache: /var/cache/obmc/org.openbmc.inventory.system.chassis.motherboard.refclock@org.openbmc.InventoryItem.props
Aug 07 02:44:31 witherspoon inventory_items.py[1016]: Loading from cache: /var/cache/obmc/org.openbmc.inventory.system.chassis.motherboard.cpu1.core7@org.openbmc.InventoryItem.props
Aug 07 02:44:31 witherspoon inventory_items.py[1016]: Loading from cache: /var/cache/obmc/org.openbmc.inventory.system.chassis.motherboard.cpu1.core4@org.openbmc.InventoryItem.props
Aug 07 02:44:31 witherspoon inventory_items.py[1016]: Loading from cache: /var/cache/obmc/org.openbmc.inventory.system.chassis.motherboard.cpu1.core1@org.openbmc.InventoryItem.props
Aug 07 02:44:31 witherspoon inventory_items.py[1016]: Loading from cache: /var/cache/obmc/org.openbmc.inventory.system.chassis.motherboard.cpu1.core10@org.openbmc.InventoryItem.props
Aug 07 02:44:31 witherspoon inventory_items.py[1016]: Loading from cache: /var/cache/obmc/org.openbmc.inventory.system.chassis.motherboard.todclock@org.openbmc.InventoryItem.props
Aug 07 02:44:31 witherspoon inventory_items.py[1016]: Loading from cache: /var/cache/obmc/org.openbmc.inventory.system.chassis.motherboard.cpu1@org.openbmc.InventoryItem.props
Aug 07 02:44:31 witherspoon inventory_items.py[1016]: Loading from cache: /var/cache/obmc/org.openbmc.inventory.system.chassis.motherboard.bmc@org.openbmc.InventoryItem.props
Aug 07 02:44:31 witherspoon inventory_items.py[1016]: Caching: /org/openbmc/inventory/system/chassis/motherboard/bmc
Aug 07 02:44:31 witherspoon inventory_items.py[1016]: Loading from cache: /var/cache/obmc/org.openbmc.inventory.system.chassis.motherboard.cpu0.core1@org.openbmc.InventoryItem.props
Aug 07 02:44:31 witherspoon inventory_items.py[1016]: Loading from cache: /var/cache/obmc/org.openbmc.inventory.system.chassis.motherboard.cpu0.core7@org.openbmc.InventoryItem.props
Aug 07 02:44:31 witherspoon inventory_items.py[1016]: Loading from cache: /var/cache/obmc/org.openbmc.inventory.system.chassis.motherboard.cpu0.core4@org.openbmc.InventoryItem.props
Aug 07 02:44:31 witherspoon inventory_items.py[1016]: Loading from cache: /var/cache/obmc/org.openbmc.inventory.system.chassis.motherboard.pcieclock@org.openbmc.InventoryItem.props
Aug 07 02:44:31 witherspoon inventory_items.py[1016]: Loading from cache: /var/cache/obmc/org.openbmc.inventory.system.chassis.motherboard.cpu0.core10@org.openbmc.InventoryItem.props
Aug 07 02:44:31 witherspoon inventory_items.py[1016]: Running Inventory Manager
Aug 07 02:44:30 witherspoon openpower-update-manager[1089]: Error in reading file
Aug 07 02:44:30 witherspoon systemd[1]: Started OpenPower Software Update Manager.
Aug 07 02:44:30 witherspoon systemd[1]: Mounting /usr/local...
Aug 07 02:44:30 witherspoon systemd[1]: Starting Phosphor Version Software Manager...
Aug 07 02:44:31 witherspoon systemd[1]: Started Phosphor MBOX Daemon.
Aug 07 02:44:31 witherspoon systemd[1]: Mounted /usr/local.
Aug 07 02:44:31 witherspoon systemd[1]: Starting Create a ubi volume for pnor patches...
Aug 07 02:44:31 witherspoon systemd-networkd[1059]: eth0: Configured
Aug 07 02:44:31 witherspoon systemd-timesyncd[730]: Network configuration changed, trying to establish connection.
Aug 07 02:44:31 witherspoon systemd[1]: Started Phosphor Version Software Manager.
Aug 07 02:44:32 witherspoon kernel: UBIFS (ubi7:3): background thread "ubifs_bgt7_3" started, PID 1111
Aug 07 02:44:32 witherspoon kernel[1006]: [   57.430000] UBIFS (ubi7:3): background thread "ubifs_bgt7_3" started, PID 1111
Aug 07 02:44:32 witherspoon kernel: UBIFS (ubi7:3): UBIFS: mounted UBI device 7, volume 3, name "pnor-patch"
Aug 07 02:44:32 witherspoon kernel: UBIFS (ubi7:3): LEB size: 65408 bytes (63 KiB), min./max. I/O unit sizes: 8 bytes/256 bytes
Aug 07 02:44:32 witherspoon kernel: UBIFS (ubi7:3): FS size: 16155776 bytes (15 MiB, 247 LEBs), journal size 784896 bytes (0 MiB, 12 LEBs)
Aug 07 02:44:32 witherspoon kernel: UBIFS (ubi7:3): reserved for root: 763076 bytes (745 KiB)
Aug 07 02:44:32 witherspoon kernel: UBIFS (ubi7:3): media format: w5/r0 (latest is w5/r0), UUID 6F2FA870-5B8B-4608-B37B-77C61235A62A, small LPT model
Aug 07 02:44:32 witherspoon kernel[1006]: [   57.600000] UBIFS (ubi7:3): UBIFS: mounted UBI device 7, volume 3, name "pnor-patch"
Aug 07 02:44:32 witherspoon kernel[1006]: [   57.600000] UBIFS (ubi7:3): LEB size: 65408 bytes (63 KiB), min./max. I/O unit sizes: 8 bytes/256 bytes
Aug 07 02:44:32 witherspoon kernel[1006]: [   57.600000] UBIFS (ubi7:3): FS size: 16155776 bytes (15 MiB, 247 LEBs), journal size 784896 bytes (0 MiB, 12 LEBs)
Aug 07 02:44:33 witherspoon systemd[1]: Started Create a ubi volume for pnor patches.
Aug 07 02:44:32 witherspoon kernel[1006]: [   57.630000] UBIFS (ubi7:3): reserved for root: 763076 bytes (745 KiB)
Aug 07 02:44:32 witherspoon kernel[1006]: [   57.630000] UBIFS (ubi7:3): media format: w5/r0 (latest is w5/r0), UUID 6F2FA870-5B8B-4608-B37B-77C61235A62A, small LPT model
Aug 07 02:44:33 witherspoon phosphor-mapper[1009]: ObjectMapper startup complete.  Discovery in progress...
Aug 07 02:44:33 witherspoon systemd[1]: Started Phosphor User Manager.
Aug 07 02:44:33 witherspoon obmc-phosphor-userd[997]: Started
Aug 07 02:44:34 witherspoon avahi-daemon[1040]: ../../avahi-0.6.32/avahi-daemon/chroot.c: open() failed: No such file or directory
Aug 07 02:44:34 witherspoon avahi-daemon[1017]: Failed to open /usr/share/dbus-1/interfaces/org.freedesktop.Avahi.Server.xml: Invalid argument
Aug 07 02:44:34 witherspoon avahi-daemon[1017]: Failed to load introspection data.
Aug 07 02:44:34 witherspoon systemd[1]: Started Phosphor Network Manager.
Aug 07 02:44:34 witherspoon netman.py[1004]: Started
Aug 07 02:44:42 witherspoon phosphor-mapper[1009]: ObjectMapper discovery complete
Aug 07 02:44:42 witherspoon systemd[1]: Started Phosphor DBus Service Discovery Manager.
Aug 07 02:44:42 witherspoon systemd[1]: Started Phosphor Hwmon Poller.
Aug 07 02:44:42 witherspoon systemd[1]: Reached target Phosphor Object Mapper.
Aug 07 02:44:43 witherspoon systemd[1]: Starting Wait for /org/openbmc/managers/Download...
Aug 07 02:44:43 witherspoon systemd[1]: Starting Wait for /xyz/openbmc_project/control/host0/auto_reboot...
Aug 07 02:44:43 witherspoon systemd[1]: Starting Phoshpor System Manager...
Aug 07 02:44:43 witherspoon systemd[1]: Starting Wait for /org/openbmc/control/power0...
Aug 07 02:44:43 witherspoon systemd[1]: Starting Wait for /xyz/openbmc_project/control/host0...
Aug 07 02:44:43 witherspoon systemd[1]: Starting Wait for /org/openbmc/control/bmc0...
Aug 07 02:44:43 witherspoon systemd[1]: Starting Wait for /xyz/openbmc_project/state/chassis0...
Aug 07 02:44:43 witherspoon systemd[1]: Starting Wait for /org/openbmc/control/flash/bios...
Aug 07 02:44:43 witherspoon systemd[1]: Starting Phosphor Network Manager...
Aug 07 02:44:43 witherspoon systemd[1]: Starting Wait for /xyz/openbmc_project/control/host0/boot_source...
Aug 07 02:44:43 witherspoon systemd[1]: Starting Wait for /xyz/openbmc_project/control/host0/restriction_mode...
Aug 07 02:44:43 witherspoon systemd[1]: Starting Phosphor Settings Manager...
Aug 07 02:44:43 witherspoon systemd[1]: Starting Wait for /xyz/openbmc_project/state/host0...
Aug 07 02:44:44 witherspoon systemd[1]: Starting Wait for /xyz/openbmc_project/led/groups...
Aug 07 02:44:44 witherspoon systemd[1]: Starting Wait for /xyz/openbmc_project/inventory...
Aug 07 02:44:44 witherspoon systemd[1]: Starting Wait for /xyz/openbmc_project/control/host0/boot_mode...
Aug 07 02:44:44 witherspoon systemd[1]: Starting Wait for /org/openbmc/managers/System...
Aug 07 02:44:44 witherspoon systemd[1]: Starting Wait for /xyz/openbmc_project/control/host0/power_restore_policy...
Aug 07 02:44:44 witherspoon systemd[1]: Starting Wait for /xyz/openbmc_project/time/sync_method...
Aug 07 02:44:44 witherspoon systemd[1]: Starting Wait for /xyz/openbmc_project/led/groups/bmc_booted...
Aug 07 02:44:44 witherspoon systemd[1]: Started Phosphor DBus Monitor.
Aug 07 02:44:44 witherspoon systemd[1]: Starting Wait for /org/openbmc/NetworkManager/Interface...
Aug 07 02:44:44 witherspoon systemd[1]: Reached target Webserver (pre).
Aug 07 02:44:44 witherspoon systemd[1]: Started Phosphor Webserver.
Aug 07 02:44:44 witherspoon systemd[1]: Starting Wait for /xyz/openbmc_project/time/owner...
Aug 07 02:44:44 witherspoon systemd[1]: Started Phosphor Hwmon Poller.
Aug 07 02:44:44 witherspoon systemd[1]: Started Phosphor Hwmon Poller.
Aug 07 02:44:44 witherspoon systemd[1]: Started Phosphor Hwmon Poller.
Aug 07 02:44:45 witherspoon systemd[1]: Started Phosphor Hwmon Poller.
Aug 07 02:44:45 witherspoon systemd[1]: Started Phosphor Hwmon Poller.
Aug 07 02:44:46 witherspoon systemd[1]: Started Wait for /org/openbmc/managers/Download.
Aug 07 02:44:46 witherspoon systemd[1]: Started Wait for /xyz/openbmc_project/control/host0/auto_reboot.
Aug 07 02:44:46 witherspoon systemd[1]: Started Wait for /org/openbmc/control/bmc0.
Aug 07 02:44:46 witherspoon systemd[1]: Started Wait for /xyz/openbmc_project/control/host0/boot_source.
Aug 07 02:44:46 witherspoon systemd[1]: Started Wait for /xyz/openbmc_project/control/host0/restriction_mode.
Aug 07 02:44:46 witherspoon systemd[1]: Started Wait for /xyz/openbmc_project/led/groups.
Aug 07 02:44:46 witherspoon systemd[1]: Started Wait for /xyz/openbmc_project/inventory.
Aug 07 02:44:46 witherspoon systemd[1]: Started Wait for /xyz/openbmc_project/control/host0/boot_mode.
Aug 07 02:44:46 witherspoon systemd[1]: Started Wait for /xyz/openbmc_project/time/sync_method.
Aug 07 02:44:47 witherspoon systemd[1]: Started Wait for /xyz/openbmc_project/control/host0/power_restore_policy.
Aug 07 02:44:47 witherspoon systemd[1]: Started Wait for /xyz/openbmc_project/led/groups/bmc_booted.
Aug 07 02:44:47 witherspoon systemd[1]: Started Wait for /xyz/openbmc_project/time/owner.
Aug 07 02:44:47 witherspoon systemd[1]: Started Phosphor GPIO 0 Presence.
Aug 07 02:44:47 witherspoon systemd[1]: Starting Read OpenPOWER-format VPD from EEPROM...
Aug 07 02:44:47 witherspoon systemd[1]: Started Phosphor Cooling Type.
Aug 07 02:44:47 witherspoon systemd[1]: Started Phosphor GPIO 1 Presence.
Aug 07 02:44:47 witherspoon systemd[1]: Starting OpenPOWER OCC controller...
Aug 07 02:44:48 witherspoon systemd[1]: Started FRU Fault monitor service.
Aug 07 02:44:48 witherspoon systemd[1]: Starting Phosphor BIOS Code Update...
Aug 07 02:44:48 witherspoon systemd[1]: Starting Phosphor BMC Code Update...
Aug 07 02:44:48 witherspoon phosphor-network-manager[1122]: ConfigParser: Section not found
Aug 07 02:44:48 witherspoon phosphor-network-manager[1122]: The operation failed internally.
Aug 07 02:44:48 witherspoon phosphor-network-manager[1122]: ConfigParser: Section not found
Aug 07 02:44:48 witherspoon phosphor-network-manager[1122]: The operation failed internally.
Aug 07 02:44:48 witherspoon phosphor-network-manager[1122]: ConfigParser: Key not found
Aug 07 02:44:48 witherspoon phosphor-network-manager[1122]: The operation failed internally.
Aug 07 02:44:51 witherspoon systemd[1]: Started Wait for /org/openbmc/NetworkManager/Interface.
Aug 07 02:44:51 witherspoon systemd[1]: Started Phosphor DNS Settings Cache Manager.
Aug 07 02:44:51 witherspoon phosphor-gpio-presence[1158]: Updating inventory present property
Aug 07 02:44:51 witherspoon phosphor-gpio-presence[1155]: Updating inventory present property
Aug 07 02:44:52 witherspoon systemd[1]: Started Phosphor BIOS Code Update.
Aug 07 02:44:59 witherspoon system_manager.py[1116]: Running System State: BASE_APPS
Aug 07 02:44:59 witherspoon system_manager.py[1116]: SystemManager Init Done
Aug 07 02:44:59 witherspoon systemd[1]: Started Phoshpor System Manager.
Aug 07 02:44:59 witherspoon system_manager.py[1116]: Running SystemManager
Aug 07 02:45:01 witherspoon dbus[1023]: [system] Activating via systemd: service name='org.freedesktop.journal1' unit='dbus-org.freedesktop.journal1.service'
Aug 07 02:45:01 witherspoon systemd[1]: Starting Journal Dbus Service...
Aug 07 02:45:01 witherspoon systemd[1]: Started OpenPOWER OCC controller.
Aug 07 02:45:01 witherspoon dbus[1023]: [system] Successfully activated service 'org.freedesktop.journal1'
Aug 07 02:45:01 witherspoon systemd[1]: Started Journal Dbus Service.
Aug 07 02:45:02 witherspoon phosphor-log-manager[1003]: Failed to find metadata
Aug 07 02:45:02 witherspoon phosphor-fru-fault-monitor[1160]: /xyz/openbmc_project/logging/entry/1
Aug 07 02:45:02 witherspoon dbus[1023]: [system] Activating via systemd: service name='org.freedesktop.hostname1' unit='dbus-org.freedesktop.hostname1.service'
Aug 07 02:45:02 witherspoon systemd[1]: Starting Hostname Service...
Aug 07 02:45:03 witherspoon systemd[1]: Started Phosphor BMC Code Update.
Aug 07 02:45:03 witherspoon bmc_update.py[1162]: Running Bmc Flash Control
Aug 07 02:45:03 witherspoon dbus[1023]: [system] Successfully activated service 'org.freedesktop.hostname1'
Aug 07 02:45:03 witherspoon systemd[1]: Started Hostname Service.
Aug 07 02:45:03 witherspoon systemd[1]: Started Phosphor Network Manager.
Aug 07 02:45:04 witherspoon settings_manager.py[1125]: Running HostSettingsService
Aug 07 02:45:04 witherspoon systemd[1]: Started Phosphor Settings Manager.
Aug 07 02:45:04 witherspoon systemd[1]: Starting Wait for /org/openbmc/settings/host0...
Aug 07 02:45:04 witherspoon system_manager.py[1116]: SystemManager Goto System State: BMC_STARTING
Aug 07 02:45:04 witherspoon system_manager.py[1116]: Running System State: BMC_STARTING
Aug 07 02:45:06 witherspoon systemd[1]: Started Read OpenPOWER-format VPD from EEPROM.
Aug 07 02:45:14 witherspoon systemd[1]: Started Wait for /org/openbmc/control/flash/bios.
Aug 07 02:45:14 witherspoon systemd[1]: Started Initialize BIOS Flash.
Aug 07 02:45:14 witherspoon systemd[1]: Started Wait for /org/openbmc/managers/System.
Aug 07 02:45:14 witherspoon systemd[1]: Starting Phosphor BMC State Manager...
Aug 07 02:45:14 witherspoon systemd[1]: Starting Phosphor Power Button0...
Aug 07 02:45:14 witherspoon systemd[1]: Starting Phosphor Host State Manager...
Aug 07 02:45:14 witherspoon systemd[1]: Starting Phosphor Reset Button0...
Aug 07 02:45:14 witherspoon systemd[1]: Starting Phosphor Power0 Control...
Aug 07 02:45:14 witherspoon systemd[1]: Starting Phosphor Chassis State Manager...
Aug 07 02:45:15 witherspoon systemd[1]: Started Wait for /org/openbmc/settings/host0.
Aug 07 02:45:15 witherspoon system_manager.py[1116]: New object: /org/openbmc/control/power0 (:1.85)
Aug 07 02:45:16 witherspoon systemd[1]: Started Phosphor Inband IPMI.
Aug 07 02:45:16 witherspoon phosphor-chassis-state-manager[1183]: Initial Chassis State will be Off
Aug 07 02:45:16 witherspoon systemd[1]: Started Phosphor Chassis State Manager.
Aug 07 02:45:16 witherspoon system_manager.py[1116]: Power GPIO config: ['SYS_PWROK_BUFF', '', [('SOFTWARE_PGOOD', True), ('BMC_POWER_UP', True)], [('BMC_CP0_RESET_N', False)], [], 'FSI_DATA', 'FSI_CLK', 'FSI_ENABLE', 'CRONUS_SEL', []]
Aug 07 02:45:16 witherspoon phosphor-bmc-state-manager[1178]: Setting the BMCState field
Aug 07 02:45:16 witherspoon phosphor-bmc-state-manager[1178]: Setting the BMCState field
Aug 07 02:45:17 witherspoon phosphor-gevent[1141]: Traceback (most recent call last):
Aug 07 02:45:17 witherspoon phosphor-gevent[1141]:   File "/usr/lib/python2.7/site-packages/gevent/greenlet.py", line 327, in run
Aug 07 02:45:17 witherspoon phosphor-gevent[1141]:     result = self._run(*self.args, **self.kwargs)
Aug 07 02:45:17 witherspoon phosphor-gevent[1141]:   File "/usr/lib/python2.7/site-packages/gevent/server.py", line 102, in wrap_socket_and_handle
Aug 07 02:45:17 witherspoon button_reset.exe[1181]: GPIO Lookup:  RESET_BUTTON = 353,both
Aug 07 02:45:17 witherspoon systemd[1]: Started Phosphor BMC State Manager.
Aug 07 02:45:17 witherspoon systemd[1]: Started Phosphor Reset Button0.
Aug 07 02:45:17 witherspoon button_power.exe[1179]: GPIO Lookup:  POWER_BUTTON = 347,both
Aug 07 02:45:17 witherspoon systemd[1]: Started Phosphor Power Button0.
Aug 07 02:45:17 witherspoon phosphor-gevent[1141]:     ssl_socket = self.wrap_socket(client_socket, **self.ssl_args)
Aug 07 02:45:17 witherspoon phosphor-gevent[1141]:   File "/usr/lib/python2.7/site-packages/gevent/ssl.py", line 404, in wrap_socket
Aug 07 02:45:17 witherspoon phosphor-gevent[1141]:     ciphers=ciphers)
Aug 07 02:45:17 witherspoon phosphor-gevent[1141]:   File "/usr/lib/python2.7/site-packages/gevent/ssl.py", line 113, in __init__
Aug 07 02:45:17 witherspoon phosphor-gevent[1141]:     self.do_handshake()
Aug 07 02:45:17 witherspoon phosphor-gevent[1141]:   File "/usr/lib/python2.7/site-packages/gevent/ssl.py", line 324, in do_handshake
Aug 07 02:45:17 witherspoon phosphor-gevent[1141]:     return self._sslobj.do_handshake()
Aug 07 02:45:17 witherspoon phosphor-gevent[1141]: SSLEOFError: EOF occurred in violation of protocol (_ssl.c:590)
Aug 07 02:45:17 witherspoon phosphor-gevent[1141]: <Greenlet at 0x760343f0: <bound method WSGIServer.wrap_socket_and_handle of <WSGIServer at 0x7600ab50 fileno=5 address=('::34e2:f176:b0bd:6776%1986510240', 443, 0, 1986510240)>>(<socket at 0x75ee1830 fileno=9>, ('::80c9:6576:8e91:f402%1995492124', 53124, 0, 199)> failed with SSLEOFError
Aug 07 02:45:18 witherspoon power_control.exe[1182]: Power GPIO latch output:
Aug 07 02:45:18 witherspoon power_control.exe[1182]: Power GPIO power good input: SYS_PWROK_BUFF
Aug 07 02:45:18 witherspoon power_control.exe[1182]: Power GPIO 2 power_up outputs
Aug 07 02:45:18 witherspoon power_control.exe[1182]: Power GPIO power_up[0] = SOFTWARE_PGOOD active HIGH
Aug 07 02:45:18 witherspoon power_control.exe[1182]: Power GPIO power_up[1] = BMC_POWER_UP active HIGH
Aug 07 02:45:18 witherspoon power_control.exe[1182]: Power GPIO 1 reset outputs
Aug 07 02:45:18 witherspoon power_control.exe[1182]: Power GPIO reset[0] = BMC_CP0_RESET_N active LOW
Aug 07 02:45:18 witherspoon power_control.exe[1182]: Power GPIO 0 pci reset outputs
Aug 07 02:45:18 witherspoon power_control.exe[1182]: FSI DATA GPIO: FSI_DATA
Aug 07 02:45:18 witherspoon power_control.exe[1182]: FSI CLK GPIO: FSI_CLK
Aug 07 02:45:18 witherspoon power_control.exe[1182]: FSI ENABLE GPIO: FSI_ENABLE
Aug 07 02:45:18 witherspoon power_control.exe[1182]: CRONUS SEL GPIO: CRONUS_SEL
Aug 07 02:45:18 witherspoon power_control.exe[1182]: Hostctl GPIO optionals: 0
Aug 07 02:45:18 witherspoon power_control.exe[1182]: GPIO Lookup:  SYS_PWROK_BUFF = 306,in
Aug 07 02:45:18 witherspoon phosphor-gevent[1141]: Traceback (most recent call last):
Aug 07 02:45:18 witherspoon phosphor-gevent[1141]:   File "/usr/lib/python2.7/site-packages/gevent/greenlet.py", line 327, in run
Aug 07 02:45:18 witherspoon phosphor-gevent[1141]:     result = self._run(*self.args, **self.kwargs)
Aug 07 02:45:18 witherspoon phosphor-gevent[1141]:   File "/usr/lib/python2.7/site-packages/gevent/server.py", line 102, in wrap_socket_and_handle
Aug 07 02:45:18 witherspoon phosphor-gevent[1141]:     ssl_socket = self.wrap_socket(client_socket, **self.ssl_args)
Aug 07 02:45:18 witherspoon phosphor-gevent[1141]:   File "/usr/lib/python2.7/site-packages/gevent/ssl.py", line 404, in wrap_socket
Aug 07 02:45:18 witherspoon phosphor-gevent[1141]:     ciphers=ciphers)
Aug 07 02:45:18 witherspoon phosphor-gevent[1141]:   File "/usr/lib/python2.7/site-packages/gevent/ssl.py", line 113, in __init__
Aug 07 02:45:18 witherspoon phosphor-gevent[1141]:     self.do_handshake()
Aug 07 02:45:18 witherspoon phosphor-gevent[1141]:   File "/usr/lib/python2.7/site-packages/gevent/ssl.py", line 324, in do_handshake
Aug 07 02:45:18 witherspoon phosphor-gevent[1141]:     return self._sslobj.do_handshake()
Aug 07 02:45:18 witherspoon phosphor-gevent[1141]: SSLEOFError: EOF occurred in violation of protocol (_ssl.c:590)
Aug 07 02:45:18 witherspoon phosphor-gevent[1141]: <Greenlet at 0x760346c0: <bound method WSGIServer.wrap_socket_and_handle of <WSGIServer at 0x7600ab50 fileno=5 address=('::34e2:f176:b0bd:6776%1986510240', 443, 0, 1986510240)>>(<socket at 0x75ee17d0 fileno=10>, ('::80c9:6576:8e91:f402%1995492124', 53150, 0, 199)> failed with SSLEOFError
Aug 07 02:45:18 witherspoon power_control.exe[1182]: GPIO Lookup:  SOFTWARE_PGOOD = 417,out
Aug 07 02:45:18 witherspoon flash_bios.exe[1161]: Starting flasher: bios,,/org/openbmc/control/flash/bios,
Aug 07 02:45:18 witherspoon flash_bios.exe[1161]: flasher: , BMC = 1, address = 0x0
Aug 07 02:45:18 witherspoon flash_bios.exe[1161]: Setting up flash
Aug 07 02:45:18 witherspoon power_control.exe[1182]: GPIO Lookup:  BMC_POWER_UP = 305,out
Aug 07 02:45:18 witherspoon power_control.exe[1182]: GPIO Lookup:  BMC_CP0_RESET_N = 281,out
Aug 07 02:45:18 witherspoon power_control.exe[1182]: Pgood state: 0
Aug 07 02:45:18 witherspoon systemd[1]: Started Phosphor Power0 Control.
Aug 07 02:45:19 witherspoon phosphor-host-state-manager[1180]: Initial Host State will be Off
Aug 07 02:45:19 witherspoon flash_bios.exe[1161]: Starting flasher: bios,,/org/openbmc/control/flash/bios,
Aug 07 02:45:19 witherspoon flash_bios.exe[1161]: flasher: , BMC = 1, address = 0x0
Aug 07 02:45:19 witherspoon flash_bios.exe[1161]: Setting up flash
Aug 07 02:45:20 witherspoon systemd[1]: Started Phosphor Host State Manager.
Aug 07 02:45:23 witherspoon system_manager.py[1116]: SystemManager Goto System State: BMC_READY
Aug 07 02:45:23 witherspoon system_manager.py[1116]: Running System State: BMC_READY
Aug 07 02:45:23 witherspoon systemd[1]: Started Wait for /org/openbmc/control/power0.
Aug 07 02:45:23 witherspoon systemd[1]: Starting Phosphor Time Manager daemon...
Aug 07 02:45:23 witherspoon systemd[1]: Starting Check Chassis0 pgood and create a file to indicate it...
Aug 07 02:45:23 witherspoon systemd[1]: Started Wait for /xyz/openbmc_project/state/chassis0.
Aug 07 02:45:25 witherspoon systemd[1]: Started Check Chassis0 pgood and create a file to indicate it.
Aug 07 02:45:25 witherspoon systemd[1]: Reached target Chassis0 power on after reset.
Aug 07 02:45:25 witherspoon systemd[1]: Reached target Chassis0 (Reset Check).
Aug 07 02:45:25 witherspoon timemanager[1217]: Registering dbus methods
Aug 07 02:45:25 witherspoon timemanager[1217]: Last known time_mode: NTP
Aug 07 02:45:25 witherspoon timemanager[1217]: Last known time_owner: BMC
Aug 07 02:45:25 witherspoon timemanager[1217]: Empty DhcpNtp string
Aug 07 02:45:25 witherspoon timemanager[1217]: Reading Power Control key: pgood
Aug 07 02:45:25 witherspoon timemanager[1217]: Changing settings *allowed* now
Aug 07 02:45:25 witherspoon systemd[1]: Started Wait for /xyz/openbmc_project/control/host0.
Aug 07 02:45:26 witherspoon timemanager[1217]: Owner is already set to : BMC
Aug 07 02:45:25 witherspoon systemd[1]: Reached target Host0 running after reset.
Aug 07 02:45:25 witherspoon systemd[1]: Reached target Host0 (Reset Check).
Aug 07 02:45:25 witherspoon systemd[1]: Started Wait for /xyz/openbmc_project/state/host0.
Aug 07 02:45:25 witherspoon systemd[1]: Starting Reboot If Enabled...
Aug 07 02:45:26 witherspoon timemanager[1217]: Requested_Mode: NTP Current_Mode: NTP
Aug 07 02:45:26 witherspoon timemanager[1217]: Mode is already set to : NTP
Aug 07 02:45:26 witherspoon timemanager[1217]: Getting System Settings: use_dhcp_ntp
Aug 07 02:45:26 witherspoon timemanager[1217]: use_dhcp_ntp = yes
Aug 07 02:45:26 witherspoon timemanager[1217]: Last known host_offset:0
Aug 07 02:45:26 witherspoon timemanager[1217]: Initial Uptime Usec: 1502073815260261
Aug 07 02:45:26 witherspoon systemd[1]: Started Phosphor Time Manager daemon.
Aug 07 02:45:27 witherspoon phosphor-discover-system-state[1231]: Host power is off, checking power policy
Aug 07 02:45:27 witherspoon systemd[1]: Started Reboot If Enabled.
Aug 07 02:45:27 witherspoon systemd[1]: Reached target Phosphor System - Standby.
Aug 07 02:45:27 witherspoon systemd[1]: Starting Assert bmc_booted LED...
Aug 07 02:45:27 witherspoon phosphor-bmc-state-manager[1178]: BMC_READY
Aug 07 02:45:27 witherspoon phosphor-bmc-state-manager[1178]: Setting the BMCState field
Aug 07 02:45:27 witherspoon systemd[1]: Started Assert bmc_booted LED.
Aug 07 02:45:27 witherspoon systemd[1]: Startup finished in 13.781s (kernel) + 1min 38.533s (userspace) = 1min 52.315s.
Aug 07 02:45:37 witherspoon phosphor-gevent[1141]: ::80c9:6576:8e91:f402%1995492124 - - [2017-08-07 02:45:37] "POST /login HTTP/1.1" 200 320 0.045437
Aug 07 02:45:37 witherspoon systemd[1]: Created slice system-dropbear.slice.
Aug 07 02:45:37 witherspoon systemd[1]: Started SSH Per-Connection Server (9.41.165.94:41782).
Aug 07 02:45:38 witherspoon dropbear[1238]: Failed loading /etc/dropbear/dropbear_dss_host_key
Aug 07 02:45:38 witherspoon dropbear[1238]: Failed loading /etc/dropbear/dropbear_ecdsa_host_key
Aug 07 02:45:38 witherspoon dropbear[1238]: Child connection from ::ffff:9.41.165.94:41782
Aug 07 02:45:38 witherspoon dropbear[1238]: PAM password auth succeeded for 'root' from ::ffff:9.41.165.94:41782
Aug 07 02:45:38 witherspoon dropbear[1239]: lastlog_perform_login: Couldn't stat /var/log/lastlog: No such file or directory
Aug 07 02:45:38 witherspoon dropbear[1239]: lastlog_openseek: /var/log/lastlog is not a file or directory!
Aug 07 02:45:39 witherspoon systemd[1]: Started SSH Per-Connection Server (9.41.165.94:41790).
Aug 07 02:45:39 witherspoon dropbear[1244]: Failed loading /etc/dropbear/dropbear_dss_host_key
Aug 07 02:45:39 witherspoon dropbear[1244]: Failed loading /etc/dropbear/dropbear_ecdsa_host_key
Aug 07 02:45:39 witherspoon dropbear[1244]: Child connection from ::ffff:9.41.165.94:41790
Aug 07 02:45:41 witherspoon dropbear[1244]: PAM password auth succeeded for 'root' from ::ffff:9.41.165.94:41790
Aug 07 02:45:41 witherspoon dropbear[1248]: lastlog_perform_login: Couldn't stat /var/log/lastlog: No such file or directory
Aug 07 02:45:41 witherspoon dropbear[1248]: lastlog_openseek: /var/log/lastlog is not a file or directory!
Aug 07 02:45:42 witherspoon phosphor-gevent[1141]: ::80c9:6576:8e91:f402%1995492124 - - [2017-08-07 02:45:42] "POST /login HTTP/1.1" 200 320 0.033236
Aug 07 02:45:42 witherspoon phosphor-gevent[1141]: ::80c9:6576:8e91:f402%1995492124 - - [2017-08-07 02:45:42] "GET /xyz/openbmc_project/state/BMC0/ HTTP/1.1" 404 308 0.031633
Aug 07 02:45:42 witherspoon phosphor-gevent[1141]: ::80c9:6576:8e91:f402%1995492124 - - [2017-08-07 02:45:42] "POST /login HTTP/1.1" 200 320 0.046635
Aug 07 02:45:42 witherspoon phosphor-gevent[1141]: ::80c9:6576:8e91:f402%1995492124 - - [2017-08-07 02:45:42] "GET /xyz/openbmc_project/state/bmc0//attr/CurrentBMCState HTTP/1.1" 200 212 0.079514
Aug 07 02:45:42 witherspoon phosphor-gevent[1141]: ::80c9:6576:8e91:f402%1995492124 - - [2017-08-07 02:45:42] "POST /login HTTP/1.1" 200 320 0.033333
Aug 07 02:45:43 witherspoon phosphor-gevent[1141]: ::80c9:6576:8e91:f402%1995492124 - - [2017-08-07 02:45:43] "PUT /org/openbmc/control/flash/bmc/attr/preserve_network_settings HTTP/1.1" 200 169 0.273943
Aug 07 02:45:43 witherspoon phosphor-gevent[1141]: ::80c9:6576:8e91:f402%1995492124 - - [2017-08-07 02:45:43] "POST /login HTTP/1.1" 200 320 0.033690
Aug 07 02:45:43 witherspoon phosphor-gevent[1141]: ::80c9:6576:8e91:f402%1995492124 - - [2017-08-07 02:45:43] "GET /org/openbmc/control/flash/bmc HTTP/1.1" 200 380 0.089059
Aug 07 02:45:43 witherspoon systemd[1]: Started SSH Per-Connection Server (9.41.165.94:41800).
Aug 07 02:45:43 witherspoon dropbear[1254]: Failed loading /etc/dropbear/dropbear_dss_host_key
Aug 07 02:45:43 witherspoon dropbear[1254]: Failed loading /etc/dropbear/dropbear_ecdsa_host_key
Aug 07 02:45:43 witherspoon dropbear[1254]: Child connection from ::ffff:9.41.165.94:41800
Aug 07 02:45:44 witherspoon dropbear[1254]: PAM password auth succeeded for 'root' from ::ffff:9.41.165.94:41800
Aug 07 02:45:44 witherspoon systemd[1]: Started SSH Per-Connection Server (9.41.165.94:41802).
Aug 07 02:45:44 witherspoon dropbear[1255]: Failed loading /etc/dropbear/dropbear_dss_host_key
Aug 07 02:45:44 witherspoon dropbear[1255]: Failed loading /etc/dropbear/dropbear_ecdsa_host_key
Aug 07 02:45:44 witherspoon dropbear[1255]: Child connection from ::ffff:9.41.165.94:41802
Aug 07 02:45:45 witherspoon dropbear[1255]: PAM password auth succeeded for 'root' from ::ffff:9.41.165.94:41802
Aug 07 02:45:45 witherspoon dropbear[1256]: lastlog_perform_login: Couldn't stat /var/log/lastlog: No such file or directory
Aug 07 02:45:45 witherspoon dropbear[1256]: lastlog_openseek: /var/log/lastlog is not a file or directory!
Aug 07 02:46:53 witherspoon phosphor-gevent[1141]: ::80c9:6576:8e91:f402%1995492124 - - [2017-08-07 02:46:53] "POST /login HTTP/1.1" 200 320 0.033756
Aug 07 02:46:54 witherspoon bmc_update.py[1162]: Download complete. Updating...
Aug 07 02:46:57 witherspoon bmc_update.py[1162]: Preserving network settings
Aug 07 02:46:57 witherspoon bmc_update.py[1162]: update: --no-flash --no-save-files --no-restore-files --no-clean-saved-files
Aug 07 02:46:57 witherspoon bmc_update.py[1162]: ERROR: Image image-bmc too big for mtd0.
Aug 07 02:46:57 witherspoon phosphor-gevent[1141]: ::80c9:6576:8e91:f402%1995492124 - - [2017-08-07 02:46:57] "POST /org/openbmc/control/flash/bmc/action/update HTTP/1.1" 200 169 3.773637
Aug 07 02:46:57 witherspoon phosphor-gevent[1141]: ::80c9:6576:8e91:f402%1995492124 - - [2017-08-07 02:46:57] "POST /login HTTP/1.1" 200 320 0.033305
Aug 07 02:46:58 witherspoon phosphor-gevent[1141]: ::80c9:6576:8e91:f402%1995492124 - - [2017-08-07 02:46:58] "GET /org/openbmc/control/flash/bmc HTTP/1.1" 200 538 0.081135
Aug 07 02:46:58 witherspoon phosphor-gevent[1141]: ::80c9:6576:8e91:f402%1995492124 - - [2017-08-07 02:46:58] "POST /login HTTP/1.1" 200 320 0.033721
Aug 07 02:46:58 witherspoon phosphor-gevent[1141]: ::80c9:6576:8e91:f402%1995492124 - - [2017-08-07 02:46:58] "GET /xyz/openbmc_project/state/host0//attr/CurrentHostState HTTP/1.1" 200 212 0.103543
Aug 07 02:47:01 witherspoon systemd[1]: Started SSH Per-Connection Server (9.41.165.94:41852).
Aug 07 02:47:01 witherspoon dropbear[1291]: Failed loading /etc/dropbear/dropbear_dss_host_key
Aug 07 02:47:01 witherspoon dropbear[1291]: Failed loading /etc/dropbear/dropbear_ecdsa_host_key
Aug 07 02:47:01 witherspoon dropbear[1291]: Child connection from ::ffff:9.41.165.94:41852
Aug 07 02:47:02 witherspoon dropbear[1291]: PAM password auth succeeded for 'root' from ::ffff:9.41.165.94:41852
Aug 07 02:47:02 witherspoon dropbear[1292]: lastlog_perform_login: Couldn't stat /var/log/lastlog: No such file or directory
Aug 07 02:47:02 witherspoon dropbear[1292]: lastlog_openseek: /var/log/lastlog is not a file or directory!
Aug 07 02:47:04 witherspoon phosphor-gevent[1141]: ::80c9:6576:8e91:f402%1995492124 - - [2017-08-07 02:47:04] "POST /login HTTP/1.1" 200 320 0.033424
Aug 07 02:47:04 witherspoon phosphor-gevent[1141]: ::80c9:6576:8e91:f402%1995492124 - - [2017-08-07 02:47:04] "GET /xyz/openbmc_project/logging/entry/enumerate HTTP/1.1" 200 488 0.113885
Aug 07 02:47:04 witherspoon phosphor-gevent[1141]: ::80c9:6576:8e91:f402%1995492124 - - [2017-08-07 02:47:04] "POST /login HTTP/1.1" 200 320 0.033459
Aug 07 02:47:05 witherspoon phosphor-gevent[1141]: ::80c9:6576:8e91:f402%1995492124 - - [2017-08-07 02:47:05] "GET /org/openbmc/sensors/enumerate HTTP/1.1" 200 881 0.210062
Aug 07 02:47:05 witherspoon phosphor-gevent[1141]: ::80c9:6576:8e91:f402%1995492124 - - [2017-08-07 02:47:05] "POST /login HTTP/1.1" 200 320 0.033327
Aug 07 02:47:05 witherspoon phosphor-gevent[1141]: ::80c9:6576:8e91:f402%1995492124 - - [2017-08-07 02:47:05] "GET /xyz/openbmc_project/inventory/enumerate HTTP/1.1" 200 1078 0.218332
Aug 07 02:47:05 witherspoon phosphor-gevent[1141]: ::80c9:6576:8e91:f402%1995492124 - - [2017-08-07 02:47:05] "POST /login HTTP/1.1" 200 320 0.034246
Aug 07 02:47:05 witherspoon phosphor-gevent[1141]: ::80c9:6576:8e91:f402%1995492124 - - [2017-08-07 02:47:05] "GET /org/openbmc/records/events/enumerate HTTP/1.1" 404 304 0.040354
Aug 07 02:47:06 witherspoon phosphor-gevent[1141]: ::80c9:6576:8e91:f402%1995492124 - - [2017-08-07 02:47:06] "POST /login HTTP/1.1" 200 320 0.033556
Aug 07 02:47:06 witherspoon phosphor-gevent[1141]: ::80c9:6576:8e91:f402%1995492124 - - [2017-08-07 02:47:06] "GET /org/openbmc/control/led/enumerate HTTP/1.1" 404 301 0.029466
Aug 07 02:47:06 witherspoon systemd[1]: Started SSH Per-Connection Server (9.41.165.94:41864).
Aug 07 02:47:06 witherspoon dropbear[1304]: Failed loading /etc/dropbear/dropbear_dss_host_key
Aug 07 02:47:06 witherspoon dropbear[1304]: Failed loading /etc/dropbear/dropbear_ecdsa_host_key
Aug 07 02:47:06 witherspoon dropbear[1304]: Child connection from ::ffff:9.41.165.94:41864
Aug 07 02:47:06 witherspoon dropbear[1304]: PAM password auth succeeded for 'root' from ::ffff:9.41.165.94:41864
