-- Logs begin at Tue 2017-07-25 02:10:12 UTC, end at Tue 2017-07-25 02:30:50 UTC. --
Jul 25 02:10:12 witherspoon kernel: Booting Linux on physical CPU 0x0
Jul 25 02:10:12 witherspoon kernel: Linux version 4.10.17-d6ae40dc4c4dff3265cc254d404ed6b03fcc2206 (jenkins@openbmc-builder2) (gcc version 6.2.0 (GCC) ) #1 Tue Jul 25 01:40:17 UTC 2017
Jul 25 02:10:12 witherspoon kernel: CPU: ARMv6-compatible processor [410fb767] revision 7 (ARMv7), cr=00c5387d
Jul 25 02:10:12 witherspoon kernel: CPU: PIPT / VIPT nonaliasing data cache, VIPT nonaliasing instruction cache
Jul 25 02:10:12 witherspoon kernel: OF: fdt:Machine model: Witherspoon BMC
Jul 25 02:10:12 witherspoon kernel: Memory policy: Data cache writeback
Jul 25 02:10:12 witherspoon kernel: SOC Rev: 04030303
Jul 25 02:10:12 witherspoon kernel: On node 0 totalpages: 110592
Jul 25 02:10:12 witherspoon kernel: free_area_init_node: node 0, pgdat 805fd514, node_mem_map 9ec1a000
Jul 25 02:10:12 witherspoon kernel:   Normal zone: 992 pages used for memmap
Jul 25 02:10:12 witherspoon kernel:   Normal zone: 0 pages reserved
Jul 25 02:10:12 witherspoon kernel:   Normal zone: 110592 pages, LIFO batch:31
Jul 25 02:10:12 witherspoon kernel: pcpu-alloc: s0 r0 d32768 u32768 alloc=1*32768
Jul 25 02:10:12 witherspoon kernel: pcpu-alloc: [0] 0 
Jul 25 02:10:12 witherspoon kernel: Built 1 zonelists in Zone order, mobility grouping on.  Total pages: 109600
Jul 25 02:10:12 witherspoon kernel: Kernel command line: console=ttyS4,115200n8 root=/dev/ram rw
Jul 25 02:10:12 witherspoon kernel: PID hash table entries: 2048 (order: 1, 8192 bytes)
Jul 25 02:10:12 witherspoon kernel: Dentry cache hash table entries: 65536 (order: 6, 262144 bytes)
Jul 25 02:10:12 witherspoon kernel: Inode-cache hash table entries: 32768 (order: 5, 131072 bytes)
Jul 25 02:10:12 witherspoon kernel: Memory: 430448K/442368K available (4063K kernel code, 280K rwdata, 1188K rodata, 284K init, 111K bss, 11920K reserved, 0K cma-reserved)
Jul 25 02:10:12 witherspoon kernel: Virtual kernel memory layout:
                                        vector  : 0xffff0000 - 0xffff1000   (   4 kB)
                                        fixmap  : 0xffc00000 - 0xfff00000   (3072 kB)
                                        vmalloc : 0x9f800000 - 0xff800000   (1536 MB)
                                        lowmem  : 0x80000000 - 0x9f000000   ( 496 MB)
                                          .text : 0x80008000 - 0x803fff60   (4064 kB)
                                          .init : 0x80583000 - 0x805ca000   ( 284 kB)
                                          .data : 0x805ca000 - 0x806102a8   ( 281 kB)
                                           .bss : 0x806102a8 - 0x8062c158   ( 112 kB)
Jul 25 02:10:12 witherspoon kernel: NR_IRQS:16 nr_irqs:16 16
Jul 25 02:10:12 witherspoon kernel: i2c controller registered, irq 16
Jul 25 02:10:12 witherspoon kernel: clocksource: moxart_timer: mask: 0xffffffff max_cycles: 0xffffffff, max_idle_ns: 77222644334 ns
Jul 25 02:10:12 witherspoon kernel: sched_clock: 32 bits at 100 Hz, resolution 10000000ns, wraps every 21474836475000000ns
Jul 25 02:10:12 witherspoon kernel: Calibrating delay loop... 789.70 BogoMIPS (lpj=3948544)
Jul 25 02:10:12 witherspoon kernel: pid_max: default: 32768 minimum: 301
Jul 25 02:10:12 witherspoon kernel: Mount-cache hash table entries: 1024 (order: 0, 4096 bytes)
Jul 25 02:10:12 witherspoon kernel: Mountpoint-cache hash table entries: 1024 (order: 0, 4096 bytes)
Jul 25 02:10:12 witherspoon kernel: CPU: Testing write buffer coherency: ok
Jul 25 02:10:12 witherspoon kernel: ftrace: allocating 14933 entries in 44 pages
Jul 25 02:10:12 witherspoon kernel: Setting up static identity map for 0x80008200 - 0x8000825c
Jul 25 02:10:12 witherspoon kernel: devtmpfs: initialized
Jul 25 02:10:12 witherspoon kernel: clocksource: jiffies: mask: 0xffffffff max_cycles: 0xffffffff, max_idle_ns: 19112604462750000 ns
Jul 25 02:10:12 witherspoon kernel: futex hash table entries: 256 (order: -1, 3072 bytes)
Jul 25 02:10:12 witherspoon kernel: pinctrl core: initialized pinctrl subsystem
Jul 25 02:10:12 witherspoon kernel: NET: Registered protocol family 16
Jul 25 02:10:12 witherspoon kernel: DMA: preallocated 256 KiB pool for atomic coherent allocations
Jul 25 02:10:12 witherspoon kernel: usbcore: registered new interface driver usbfs
Jul 25 02:10:12 witherspoon kernel: usbcore: registered new interface driver hub
Jul 25 02:10:12 witherspoon kernel: usbcore: registered new device driver usb
Jul 25 02:10:12 witherspoon kernel: clocksource: Switched to clocksource moxart_timer
Jul 25 02:10:12 witherspoon kernel: NET: Registered protocol family 2
Jul 25 02:10:12 witherspoon kernel: TCP established hash table entries: 4096 (order: 2, 16384 bytes)
Jul 25 02:10:12 witherspoon kernel: TCP bind hash table entries: 4096 (order: 2, 16384 bytes)
Jul 25 02:10:12 witherspoon kernel: TCP: Hash tables configured (established 4096 bind 4096)
Jul 25 02:10:12 witherspoon kernel: UDP hash table entries: 256 (order: 0, 4096 bytes)
Jul 25 02:10:12 witherspoon kernel: UDP-Lite hash table entries: 256 (order: 0, 4096 bytes)
Jul 25 02:10:12 witherspoon kernel: NET: Registered protocol family 1
Jul 25 02:10:12 witherspoon kernel: Trying to unpack rootfs image as initramfs...
Jul 25 02:10:12 witherspoon kernel: Freeing initrd memory: 1548K
Jul 25 02:10:12 witherspoon kernel: workingset: timestamp_bits=30 max_order=17 bucket_order=0
Jul 25 02:10:12 witherspoon kernel: squashfs: version 4.0 (2009/01/31) Phillip Lougher
Jul 25 02:10:12 witherspoon kernel: jffs2: version 2.2. (SUMMARY)  © 2001-2006 Red Hat, Inc.
Jul 25 02:10:12 witherspoon kernel: Block layer SCSI generic (bsg) driver version 0.4 loaded (major 250)
Jul 25 02:10:12 witherspoon kernel: io scheduler noop registered
Jul 25 02:10:12 witherspoon kernel: io scheduler deadline registered
Jul 25 02:10:12 witherspoon kernel: io scheduler cfq registered (default)
Jul 25 02:10:12 witherspoon kernel: ipmi-bt-host 1e789140.ibt: Found bt bmc device
Jul 25 02:10:12 witherspoon kernel: ipmi-bt-host 1e789140.ibt: Using IRQ 22
Jul 25 02:10:12 witherspoon kernel: Serial: 8250/16550 driver, 6 ports, IRQ sharing enabled
Jul 25 02:10:12 witherspoon kernel: 1e783000.serial: ttyS0 at MMIO 0x1e783000 (irq = 23, base_baud = 1500000) is a 16550A
Jul 25 02:10:12 witherspoon kernel: 1e78d000.serial: ttyS1 at MMIO 0x1e78d000 (irq = 24, base_baud = 1500000) is a 16550A
Jul 25 02:10:12 witherspoon kernel: 1e784000.serial: ttyS4 at MMIO 0x1e784000 (irq = 25, base_baud = 1500000) is a 16550A
Jul 25 02:10:12 witherspoon kernel: console [ttyS4] enabled
Jul 25 02:10:12 witherspoon kernel: 1e787000.vuart: ttyS2 at MMIO 0x1e787000 (irq = 22, base_baud = 1500000) is a 16550A
Jul 25 02:10:12 witherspoon kernel: timeriomem_rng 1e6e2078.hwrng: 32bits from 0xf00e2078 @ 1us
Jul 25 02:10:12 witherspoon kernel: random: fast init done
Jul 25 02:10:12 witherspoon kernel: brd: module loaded
Jul 25 02:10:12 witherspoon kernel: random: crng init done
Jul 25 02:10:12 witherspoon kernel: loop: module loaded
Jul 25 02:10:12 witherspoon kernel: aspeed-lpc-ctrl 1e789080.lpc-ctrl: Loaded at 0x98000000 (0x04000000)
Jul 25 02:10:12 witherspoon kernel: aspeed-smc 1e620000.flash-controller: Using IRQ 18
Jul 25 02:10:12 witherspoon kernel: aspeed-smc 1e620000.flash-controller: DMA support disabled.
Jul 25 02:10:12 witherspoon kernel: aspeed-smc 1e620000.flash-controller: mx25l25635e (32768 Kbytes)
Jul 25 02:10:12 witherspoon kernel: aspeed-smc 1e620000.flash-controller: CE0 window [ 0x20000000 - 0x22000000 ] 32MB
Jul 25 02:10:12 witherspoon kernel: aspeed-smc 1e620000.flash-controller: CE1 window [ 0x22000000 - 0x2a000000 ] 128MB
Jul 25 02:10:12 witherspoon kernel: 5 ofpart partitions found on MTD device bmc
Jul 25 02:10:12 witherspoon kernel: Creating 5 MTD partitions on "bmc":
Jul 25 02:10:12 witherspoon kernel: 0x000000000000-0x000000060000 : "u-boot"
Jul 25 02:10:12 witherspoon kernel: 0x000000060000-0x000000080000 : "u-boot-env"
Jul 25 02:10:12 witherspoon kernel: 0x000000080000-0x0000004c0000 : "kernel"
Jul 25 02:10:12 witherspoon kernel: 0x0000004c0000-0x000001c00000 : "rofs"
Jul 25 02:10:12 witherspoon kernel: 0x000001c00000-0x000002000000 : "rwfs"
Jul 25 02:10:12 witherspoon kernel: aspeed-smc 1e620000.flash-controller: mx25l25635e (32768 Kbytes)
Jul 25 02:10:12 witherspoon kernel: aspeed-smc 1e620000.flash-controller: CE1 window [ 0x22000000 - 0x24000000 ] 32MB
Jul 25 02:10:12 witherspoon kernel: aspeed-smc 1e620000.flash-controller: CE2 window [ 0x24000000 - 0x2c000000 ] 128MB
Jul 25 02:10:12 witherspoon kernel: aspeed-smc 1e630000.flash-controller: mx66l1g45g (131072 Kbytes)
Jul 25 02:10:12 witherspoon kernel: aspeed-smc 1e630000.flash-controller: CE0 window resized to 120MB (AST2500 HW quirk)
Jul 25 02:10:12 witherspoon kernel: aspeed-smc 1e630000.flash-controller: CE0 window [ 0x30000000 - 0x37800000 ] 120MB
Jul 25 02:10:12 witherspoon kernel: aspeed-smc 1e630000.flash-controller: CE0 window too small for chip 128MB
Jul 25 02:10:12 witherspoon kernel: aspeed-smc 1e630000.flash-controller: CE1 window [ 0x37800000 - 0x38000000 ] 8MB
Jul 25 02:10:12 witherspoon kernel: libphy: Fixed MDIO Bus: probed
Jul 25 02:10:12 witherspoon kernel: ftgmac100 1e660000.ethernet: Read MAC address 70:e2:84:14:28:a9 from chip
Jul 25 02:10:12 witherspoon kernel: ftgmac100 1e660000.ethernet: Using NCSI interface
Jul 25 02:10:12 witherspoon kernel: ftgmac100 1e660000.ethernet eth0: irq 20, mapped at f0060000
Jul 25 02:10:12 witherspoon kernel: ehci_hcd: USB 2.0 'Enhanced' Host Controller (EHCI) Driver
Jul 25 02:10:12 witherspoon kernel: ehci-platform: EHCI generic platform driver
Jul 25 02:10:12 witherspoon kernel:  fsi0: can't read slave 00:00 -5
Jul 25 02:10:12 witherspoon kernel: i2c /dev entries driver
Jul 25 02:10:12 witherspoon kernel: aspeed-i2c-bus 1e78a0c0.i2c-bus: i2c bus 2 registered, irq 26
Jul 25 02:10:12 witherspoon kernel: aspeed-i2c-bus 1e78a100.i2c-bus: i2c bus 3 registered, irq 27
Jul 25 02:10:12 witherspoon kernel: aspeed-i2c-bus 1e78a140.i2c-bus: i2c bus 4 registered, irq 28
Jul 25 02:10:12 witherspoon kernel: aspeed-i2c-bus 1e78a180.i2c-bus: i2c bus 5 registered, irq 29
Jul 25 02:10:12 witherspoon kernel: aspeed-i2c-bus 1e78a380.i2c-bus: i2c bus 9 registered, irq 30
Jul 25 02:10:12 witherspoon kernel: aspeed-i2c-bus 1e78a3c0.i2c-bus: i2c bus 10 registered, irq 31
Jul 25 02:10:12 witherspoon kernel: rtc-rv8803 11-0032: Voltage low, temperature compensation stopped.
Jul 25 02:10:12 witherspoon kernel: rtc-rv8803 11-0032: rtc core: registered rx8900 as rtc0
Jul 25 02:10:12 witherspoon kernel: at24 11-0051: 8192 byte 24c64 EEPROM, writable, 1 bytes/write
Jul 25 02:10:12 witherspoon kernel: aspeed-i2c-bus 1e78a400.i2c-bus: i2c bus 11 registered, irq 32
Jul 25 02:10:12 witherspoon kernel: aspeed-i2c-bus 1e78a440.i2c-bus: i2c bus 12 registered, irq 33
Jul 25 02:10:12 witherspoon kernel: aspeed-i2c-bus 1e78a480.i2c-bus: i2c bus 13 registered, irq 34
Jul 25 02:10:12 witherspoon kernel: Driver for 1-wire Dallas network protocol.
Jul 25 02:10:12 witherspoon kernel: lm75 9-004a: hwmon0: sensor 'tmp275'
Jul 25 02:10:12 witherspoon kernel: ucd9000 11-0064: Device ID UCD90160|2.3.4.0000|110603
Jul 25 02:10:12 witherspoon kernel: leds-pca955x 3-0060: leds-pca955x: Using pca9552 16-bit LED driver at slave address 0x60
Jul 25 02:10:12 witherspoon kernel: leds-pca955x 11-0060: leds-pca955x: Using pca9552 16-bit LED driver at slave address 0x60
Jul 25 02:10:12 witherspoon kernel: leds-pca955x 11-0060: gpios 264...279
Jul 25 02:10:12 witherspoon kernel: usbcore: registered new interface driver usbhid
Jul 25 02:10:12 witherspoon kernel: usbhid: USB HID core driver
Jul 25 02:10:12 witherspoon kernel: bmp280: probe of 3-0077 failed with error -5
Jul 25 02:10:12 witherspoon kernel: dps310 3-0076: iio:device1: sensor 'dps310'
Jul 25 02:10:12 witherspoon kernel: NET: Registered protocol family 10
Jul 25 02:10:12 witherspoon kernel: Segment Routing with IPv6
Jul 25 02:10:12 witherspoon kernel: NET: Registered protocol family 17
Jul 25 02:10:12 witherspoon kernel: 8021q: 802.1Q VLAN Support v1.8
Jul 25 02:10:12 witherspoon kernel: console [netcon0] enabled
Jul 25 02:10:12 witherspoon kernel: netconsole: network logging started
Jul 25 02:10:12 witherspoon kernel: input: gpio-keys as /devices/platform/gpio-keys/input/input0
Jul 25 02:10:12 witherspoon kernel: rtc-rv8803 11-0032: setting system clock to 2017-07-25 02:10:02 UTC (1500948602)
Jul 25 02:10:12 witherspoon kernel: Freeing unused kernel memory: 284K
Jul 25 02:10:12 witherspoon kernel: This architecture does not have kernel memory protection.
Jul 25 02:10:12 witherspoon kernel: jffs2: notice: (526) jffs2_build_xattr_subsystem: complete building xattr subsystem, 0 of xdatum (0 unchecked, 0 orphan) and 0 of xref (0 dead, 0 orphan) found.
Jul 25 02:10:12 witherspoon systemd[1]: Failed to insert module 'autofs4': No such file or directory
Jul 25 02:10:12 witherspoon systemd[1]: systemd 232 running in system mode. (+PAM -AUDIT -SELINUX -IMA -APPARMOR -SMACK +SYSVINIT -UTMP -LIBCRYPTSETUP -GCRYPT -GNUTLS +ACL +XZ -LZ4 -SECCOMP +BLKID -ELFUTILS +KMOD -IDN)
Jul 25 02:10:12 witherspoon systemd[1]: Detected architecture arm.
Jul 25 02:10:12 witherspoon systemd[1]: Set hostname to <witherspoon>.
Jul 25 02:10:12 witherspoon systemd[1]: Listening on Journal Socket (/dev/log).
Jul 25 02:10:12 witherspoon systemd[1]: Listening on udev Control Socket.
Jul 25 02:10:12 witherspoon systemd[1]: Listening on udev Kernel Socket.
Jul 25 02:10:12 witherspoon systemd[1]: Reached target Remote File Systems.
Jul 25 02:10:12 witherspoon systemd[1]: Listening on Journal Socket.
Jul 25 02:10:12 witherspoon systemd[1]: Started Forward Password Requests to Wall Directory Watch.
Jul 25 02:10:12 witherspoon systemd[1]: Listening on Syslog Socket.
Jul 25 02:10:12 witherspoon systemd[1]: Created slice system-serial\x2dgetty.slice.
Jul 25 02:10:12 witherspoon systemd[1]: Starting Journal Service...
Jul 25 02:10:12 witherspoon systemd[1]: Created slice system-op\x2dreset\x2dchassis\x2drunning.slice.
Jul 25 02:10:12 witherspoon systemd[1]: Created slice system-org.openbmc.control.Bmc.slice.
Jul 25 02:10:12 witherspoon systemd-journald[544]: Journal started
Jul 25 02:10:12 witherspoon systemd-journald[544]: Runtime journal (/run/log/journal/12c6a00ebfdd479284cf09f39d1bc042) is 0B, max 0B, 0B free.
Jul 25 02:10:13 witherspoon systemd[1]: Created slice system-org.openbmc.buttons.Power.slice.
Jul 25 02:10:13 witherspoon systemd[1]: Created slice system-org.openbmc.control.Chassis.slice.
Jul 25 02:10:13 witherspoon systemd[1]: Reached target Slices.
Jul 25 02:10:13 witherspoon systemd[1]: Starting udev Coldplug all Devices...
Jul 25 02:10:14 witherspoon systemd[1]: Created slice system-mapper\x2dwait.slice.
Jul 25 02:10:14 witherspoon systemd[1]: Created slice system-phosphor\x2dreset\x2dhost\x2drunning.slice.
Jul 25 02:10:16 witherspoon systemd-sysctl[649]: Couldn't write '16' to 'kernel/sysrq', ignoring: No such file or directory
Jul 25 02:10:16 witherspoon systemd-sysctl[649]: Couldn't write 'fq_codel' to 'net/core/default_qdisc', ignoring: No such file or directory
Jul 25 02:10:17 witherspoon systemd[1]: Created slice system-obmc\x2dconsole.slice.
Jul 25 02:10:17 witherspoon systemd[1]: Mounting Debug File System...
Jul 25 02:10:17 witherspoon systemd[1]: Mounted Temporary Directory.
Jul 25 02:10:18 witherspoon systemd[1]: Mounted Debug File System.
Jul 25 02:10:18 witherspoon systemd[1]: Started Journal Service.
Jul 25 02:10:18 witherspoon systemd[1]: Started Apply Kernel Variables.
Jul 25 02:10:18 witherspoon systemd[1]: Started Remount Root and Kernel File Systems.
Jul 25 02:10:19 witherspoon systemd[1]: Starting Create System Users...
Jul 25 02:10:19 witherspoon systemd[1]: Starting Flush Journal to Persistent Storage...
Jul 25 02:10:19 witherspoon systemd[1]: Started udev Coldplug all Devices.
Jul 25 02:10:19 witherspoon systemd[1]: Started Create System Users.
Jul 25 02:10:19 witherspoon systemd[1]: Starting Create Static Device Nodes in /dev...
Jul 25 02:10:20 witherspoon systemd[1]: Started Create Static Device Nodes in /dev.
Jul 25 02:10:20 witherspoon systemd-journald[544]: Runtime journal (/run/log/journal/12c6a00ebfdd479284cf09f39d1bc042) is 0B, max 0B, 0B free.
Jul 25 02:10:20 witherspoon systemd[1]: Reached target Local File Systems (Pre).
Jul 25 02:10:20 witherspoon systemd[1]: Mounting /var/volatile...
Jul 25 02:10:20 witherspoon systemd[1]: Starting udev Kernel Device Manager...
Jul 25 02:10:21 witherspoon systemd[1]: Started Flush Journal to Persistent Storage.
Jul 25 02:10:21 witherspoon systemd[1]: Mounted /var/volatile.
Jul 25 02:10:21 witherspoon systemd[1]: Starting Load/Save Random Seed...
Jul 25 02:10:21 witherspoon systemd[1]: Reached target Local File Systems.
Jul 25 02:10:21 witherspoon systemd[1]: Starting Rebuild Journal Catalog...
Jul 25 02:10:21 witherspoon systemd[1]: Starting Create Volatile Files and Directories...
Jul 25 02:10:21 witherspoon systemd-tmpfiles[898]: "/var/tmp" already exists and is not a directory.
Jul 25 02:10:21 witherspoon systemd-tmpfiles[898]: "/var/log" already exists and is not a directory.
Jul 25 02:10:21 witherspoon systemd[1]: Started Create Volatile Files and Directories.
Jul 25 02:10:21 witherspoon systemd[1]: Started Load/Save Random Seed.
Jul 25 02:10:21 witherspoon systemd[1]: Started Rebuild Journal Catalog.
Jul 25 02:10:22 witherspoon systemd[1]: Starting Update is Completed...
Jul 25 02:10:22 witherspoon systemd[1]: Starting Run pending postinsts...
Jul 25 02:10:22 witherspoon systemd[1]: Starting Network Time Synchronization...
Jul 25 02:10:22 witherspoon systemd[1]: Started udev Kernel Device Manager.
Jul 25 02:10:22 witherspoon systemd[1]: Started Update is Completed.
Jul 25 02:10:23 witherspoon systemd[1]: Started Network Time Synchronization.
Jul 25 02:10:23 witherspoon systemd[1]: dev-hugepages.mount: Couldn't determine result for ConditionVirtualization=!private-users, assuming failed: No such file or directory
Jul 25 02:10:23 witherspoon systemd[1]: Created slice system-xyz.openbmc_project.Hwmon.slice.
Jul 25 02:10:23 witherspoon systemd[1]: Reached target System Time Synchronized.
Jul 25 02:10:23 witherspoon systemd[1]: Found device /dev/aspeed-lpc-ctrl.
Jul 25 02:10:23 witherspoon systemd[1]: Found device /dev/aspeed-mbox.
Jul 25 02:10:23 witherspoon systemd[1]: Found device /dev/ttyS4.
Jul 25 02:10:23 witherspoon systemd[1]: Found device /dev/ttyVUART0.
Jul 25 02:10:24 witherspoon systemd[1]: dev-hugepages.mount: Couldn't determine result for ConditionVirtualization=!private-users, assuming failed: No such file or directory
Jul 25 02:10:24 witherspoon systemd[1]: dev-hugepages.mount: Couldn't determine result for ConditionVirtualization=!private-users, assuming failed: No such file or directory
Jul 25 02:10:24 witherspoon systemd[1]: Created slice system-xyz.openbmc_project.led.controller.slice.
Jul 25 02:10:24 witherspoon systemd[1]: dev-hugepages.mount: Couldn't determine result for ConditionVirtualization=!private-users, assuming failed: No such file or directory
Jul 25 02:10:24 witherspoon systemd[1]: dev-hugepages.mount: Couldn't determine result for ConditionVirtualization=!private-users, assuming failed: No such file or directory
Jul 25 02:10:24 witherspoon systemd[1]: dev-hugepages.mount: Couldn't determine result for ConditionVirtualization=!private-users, assuming failed: No such file or directory
Jul 25 02:10:24 witherspoon systemd[1]: dev-hugepages.mount: Couldn't determine result for ConditionVirtualization=!private-users, assuming failed: No such file or directory
Jul 25 02:10:24 witherspoon systemd[1]: dev-hugepages.mount: Couldn't determine result for ConditionVirtualization=!private-users, assuming failed: No such file or directory
Jul 25 02:10:24 witherspoon run-postinsts[914]: Running postinst /etc/rpm-postinsts/libglib-2.0-0...
Jul 25 02:10:25 witherspoon systemd[1]: dev-hugepages.mount: Couldn't determine result for ConditionVirtualization=!private-users, assuming failed: No such file or directory
Jul 25 02:10:26 witherspoon systemd[1]: dev-hugepages.mount: Couldn't determine result for ConditionVirtualization=!private-users, assuming failed: No such file or directory
Jul 25 02:10:26 witherspoon run-postinsts[914]: rm: can't remove '/etc/rpm-postinsts': Invalid argument
Jul 25 02:10:26 witherspoon run-postinsts[914]:  Removing any system startup links for run-postinsts ...
Jul 25 02:10:26 witherspoon systemctl[934]: Removed /etc/systemd/system/sysinit.target.wants/run-postinsts.service.
Jul 25 02:10:26 witherspoon systemd[1]: Reloading.
Jul 25 02:10:28 witherspoon systemd[1]: Started Run pending postinsts.
Jul 25 02:10:29 witherspoon systemd[1]: Reached target System Initialization.
Jul 25 02:10:29 witherspoon systemd[1]: Listening on Phosphor Webserver socket.
Jul 25 02:10:29 witherspoon systemd[1]: Listening on phosphor-ipmi-net.socket.
Jul 25 02:10:29 witherspoon systemd[1]: Listening on Phosphor DBUS Browser socket.
Jul 25 02:10:29 witherspoon systemd[1]: Started Daily Cleanup of Temporary Directories.
Jul 25 02:10:29 witherspoon systemd[1]: Listening on D-Bus System Message Bus Socket.
Jul 25 02:10:29 witherspoon systemd[1]: Listening on dropbear.socket.
Jul 25 02:10:29 witherspoon systemd[1]: Reached target Timers.
Jul 25 02:10:29 witherspoon systemd[1]: Listening on Phosphor Host Console SSH Per-Connection socket.
Jul 25 02:10:29 witherspoon systemd[1]: Listening on Avahi mDNS/DNS-SD Stack Activation Socket.
Jul 25 02:10:29 witherspoon systemd[1]: Reached target Sockets.
Jul 25 02:10:29 witherspoon systemd[1]: Reached target Basic System.
Jul 25 02:10:29 witherspoon systemd[1]: Started Phosphor MBOX Daemon.
Jul 25 02:10:29 witherspoon systemd[1]: Starting Phosphor Network Manager...
Jul 25 02:10:29 witherspoon systemd[1]: Started System Logging Service.
Jul 25 02:10:29 witherspoon systemd[1]: Starting Phosphor User Manager...
Jul 25 02:10:29 witherspoon systemd[1]: Started Phosphor Hwmon Poller.
Jul 25 02:10:30 witherspoon systemd[1]: Started Kernel Logging Service.
Jul 25 02:10:30 witherspoon systemd[1]: Starting Phosphor Inventory Manager...
Jul 25 02:10:30 witherspoon systemd[1]: Starting Phosphor Sensor Manager...
Jul 25 02:10:30 witherspoon kernel[951]: klogd started: BusyBox v1.24.1 (2017-06-16 19:28:48 UTC)
Jul 25 02:10:30 witherspoon kernel[951]: [    0.000000] Booting Linux on physical CPU 0x0
Jul 25 02:10:30 witherspoon kernel[951]: [    0.000000] Linux version 4.10.17-d6ae40dc4c4dff3265cc254d404ed6b03fcc2206 (jenkins@openbmc-builder2) (gcc version 6.2.0 (GCC) ) #1 Tue Jul 25 01:40:17 UTC 2017
Jul 25 02:10:30 witherspoon kernel[951]: [    0.000000] CPU: ARMv6-compatible processor [410fb767] revision 7 (ARMv7), cr=00c5387d
Jul 25 02:10:30 witherspoon kernel[951]: [    0.000000] CPU: PIPT / VIPT nonaliasing data cache, VIPT nonaliasing instruction cache
Jul 25 02:10:30 witherspoon kernel[951]: [    0.000000] OF: fdt:Machine model: Witherspoon BMC
Jul 25 02:10:30 witherspoon systemd[1]: Started Phosphor Hwmon Poller.
Jul 25 02:10:30 witherspoon kernel[951]: [    0.000000] Memory policy: Data cache writeback
Jul 25 02:10:30 witherspoon systemd[1]: Started Phosphor Hwmon Poller.
Jul 25 02:10:30 witherspoon kernel[951]: [    0.000000] SOC Rev: 04030303
Jul 25 02:10:30 witherspoon systemd[1]: Starting Phosphor IPMI BT DBus Bridge...
Jul 25 02:10:30 witherspoon kernel[951]: [    0.000000] On node 0 totalpages: 110592
Jul 25 02:10:30 witherspoon systemd[1]: Starting Phosphor Dump Manager...
Jul 25 02:10:30 witherspoon kernel[951]: [    0.000000] free_area_init_node: node 0, pgdat 805fd514, node_mem_map 9ec1a000
Jul 25 02:10:31 witherspoon systemd[1]: Started Phosphor Hwmon Poller.
Jul 25 02:10:30 witherspoon kernel[951]: [    0.000000]   Normal zone: 992 pages used for memmap
Jul 25 02:10:31 witherspoon systemd[1]: Started Phosphor Hwmon Poller.
Jul 25 02:10:30 witherspoon kernel[951]: [    0.000000]   Normal zone: 0 pages reserved
Jul 25 02:10:31 witherspoon systemd[1]: Starting Phosphor Download Manager...
Jul 25 02:10:30 witherspoon kernel[951]: [    0.000000]   Normal zone: 110592 pages, LIFO batch:31
Jul 25 02:10:31 witherspoon systemd[1]: Reached target Containers.
Jul 25 02:10:30 witherspoon kernel[951]: [    0.000000] pcpu-alloc: s0 r0 d32768 u32768 alloc=1*32768
Jul 25 02:10:31 witherspoon systemd[1]: Started Phosphor sysfs LED controller.
Jul 25 02:10:30 witherspoon kernel[951]: [    0.000000] pcpu-alloc: [0] 0
Jul 25 02:10:31 witherspoon systemd[1]: Started Hardware RNG Entropy Gatherer Daemon.
Jul 25 02:10:30 witherspoon kernel[951]: [    0.000000] Built 1 zonelists in Zone order, mobility grouping on.  Total pages: 109600
Jul 25 02:10:31 witherspoon systemd[1]: Starting Phosphor LED Group Management Daemon...
Jul 25 02:10:30 witherspoon kernel[951]: [    0.000000] Kernel command line: console=ttyS4,115200n8 root=/dev/ram rw
Jul 25 02:10:31 witherspoon systemd[1]: Starting Phosphor Chassis0 Control...
Jul 25 02:10:30 witherspoon kernel[951]: [    0.000000] PID hash table entries: 2048 (order: 1, 8192 bytes)
Jul 25 02:10:31 witherspoon systemd[1]: Starting OpenBMC Software Update Manager...
Jul 25 02:10:30 witherspoon kernel[951]: [    0.000000] Dentry cache hash table entries: 65536 (order: 6, 262144 bytes)
Jul 25 02:10:31 witherspoon systemd[1]: Starting Phosphor Inventory Manager...
Jul 25 02:10:30 witherspoon kernel[951]: [    0.000000] Inode-cache hash table entries: 32768 (order: 5, 131072 bytes)
Jul 25 02:10:31 witherspoon systemd[1]: Starting Phosphor Log Manager...
Jul 25 02:10:30 witherspoon kernel[951]: [    0.000000] Memory: 430448K/442368K available (4063K kernel code, 280K rwdata, 1188K rodata, 284K init, 111K bss, 11920K reserved, 0K cma-reserved)
Jul 25 02:10:31 witherspoon systemd[1]: Started Phosphor Console Muxer listening on device /dev/ttyVUART0.
Jul 25 02:10:30 witherspoon kernel[951]: [    0.000000] Virtual kernel memory layout:
Jul 25 02:10:31 witherspoon systemd[1]: Started D-Bus System Message Bus.
Jul 25 02:10:30 witherspoon kernel[951]: [    0.000000]     vector  : 0xffff0000 - 0xffff1000   (   4 kB)
Jul 25 02:10:30 witherspoon kernel[951]: [    0.000000]     fixmap  : 0xffc00000 - 0xfff00000   (3072 kB)
Jul 25 02:10:30 witherspoon kernel[951]: [    0.000000]     vmalloc : 0x9f800000 - 0xff800000   (1536 MB)
Jul 25 02:10:30 witherspoon kernel[951]: [    0.000000]     lowmem  : 0x80000000 - 0x9f000000   ( 496 MB)
Jul 25 02:10:30 witherspoon kernel[951]: [    0.000000]       .text : 0x80008000 - 0x803fff60   (4064 kB)
Jul 25 02:10:30 witherspoon kernel[951]: [    0.000000]       .init : 0x80583000 - 0x805ca000   ( 284 kB)
Jul 25 02:10:30 witherspoon kernel[951]: [    0.000000]       .data : 0x805ca000 - 0x806102a8   ( 281 kB)
Jul 25 02:10:30 witherspoon kernel[951]: [    0.000000]        .bss : 0x806102a8 - 0x8062c158   ( 112 kB)
Jul 25 02:10:30 witherspoon kernel[951]: [    0.000000] NR_IRQS:16 nr_irqs:16 16
Jul 25 02:10:30 witherspoon kernel[951]: [    0.000000] i2c controller registered, irq 16
Jul 25 02:10:30 witherspoon kernel[951]: [    0.000000] clocksource: moxart_timer: mask: 0xffffffff max_cycles: 0xffffffff, max_idle_ns: 77222644334 ns
Jul 25 02:10:30 witherspoon kernel[951]: [    0.000000] sched_clock: 32 bits at 100 Hz, resolution 10000000ns, wraps every 21474836475000000ns
Jul 25 02:10:30 witherspoon kernel[951]: [    0.090000] Calibrating delay loop... 789.70 BogoMIPS (lpj=3948544)
Jul 25 02:10:30 witherspoon kernel[951]: [    0.090000] pid_max: default: 32768 minimum: 301
Jul 25 02:10:30 witherspoon kernel[951]: [    0.090000] Mount-cache hash table entries: 1024 (order: 0, 4096 bytes)
Jul 25 02:10:30 witherspoon kernel[951]: [    0.090000] Mountpoint-cache hash table entries: 1024 (order: 0, 4096 bytes)
Jul 25 02:10:30 witherspoon kernel[951]: [    0.090000] CPU: Testing write buffer coherency: ok
Jul 25 02:10:30 witherspoon kernel[951]: [    0.090000] ftrace: allocating 14933 entries in 44 pages
Jul 25 02:10:30 witherspoon kernel[951]: [    0.120000] Setting up static identity map for 0x80008200 - 0x8000825c
Jul 25 02:10:30 witherspoon kernel[951]: [    0.120000] devtmpfs: initialized
Jul 25 02:10:30 witherspoon kernel[951]: [    0.140000] clocksource: jiffies: mask: 0xffffffff max_cycles: 0xffffffff, max_idle_ns: 19112604462750000 ns
Jul 25 02:10:30 witherspoon kernel[951]: [    0.140000] futex hash table entries: 256 (order: -1, 3072 bytes)
Jul 25 02:10:30 witherspoon kernel[951]: [    0.140000] pinctrl core: initialized pinctrl subsystem
Jul 25 02:10:30 witherspoon kernel[951]: [    0.140000] NET: Registered protocol family 16
Jul 25 02:10:30 witherspoon kernel[951]: [    0.140000] DMA: preallocated 256 KiB pool for atomic coherent allocations
Jul 25 02:10:30 witherspoon kernel[951]: [    0.210000] usbcore: registered new interface driver usbfs
Jul 25 02:10:30 witherspoon kernel[951]: [    0.210000] usbcore: registered new interface driver hub
Jul 25 02:10:30 witherspoon kernel[951]: [    0.210000] usbcore: registered new device driver usb
Jul 25 02:10:30 witherspoon kernel[951]: [    0.220000] clocksource: Switched to clocksource moxart_timer
Jul 25 02:10:30 witherspoon kernel[951]: [    0.240000] NET: Registered protocol family 2
Jul 25 02:10:30 witherspoon kernel[951]: [    0.240000] TCP established hash table entries: 4096 (order: 2, 16384 bytes)
Jul 25 02:10:30 witherspoon kernel[951]: [    0.240000] TCP bind hash table entries: 4096 (order: 2, 16384 bytes)
Jul 25 02:10:30 witherspoon kernel[951]: [    0.240000] TCP: Hash tables configured (established 4096 bind 4096)
Jul 25 02:10:30 witherspoon kernel[951]: [    0.240000] UDP hash table entries: 256 (order: 0, 4096 bytes)
Jul 25 02:10:30 witherspoon kernel[951]: [    0.240000] UDP-Lite hash table entries: 256 (order: 0, 4096 bytes)
Jul 25 02:10:30 witherspoon kernel[951]: [    0.240000] NET: Registered protocol family 1
Jul 25 02:10:30 witherspoon kernel[951]: [    0.240000] Trying to unpack rootfs image as initramfs...
Jul 25 02:10:30 witherspoon kernel[951]: [    1.910000] Freeing initrd memory: 1548K
Jul 25 02:10:30 witherspoon kernel[951]: [    1.910000] workingset: timestamp_bits=30 max_order=17 bucket_order=0
Jul 25 02:10:30 witherspoon kernel[951]: [    1.910000] squashfs: version 4.0 (2009/01/31) Phillip Lougher
Jul 25 02:10:30 witherspoon kernel[951]: [    1.910000] jffs2: version 2.2. (SUMMARY)  © 2001-2006 Red Hat, Inc.
Jul 25 02:10:30 witherspoon kernel[951]: [    1.910000] Block layer SCSI generic (bsg) driver version 0.4 loaded (major 250)
Jul 25 02:10:30 witherspoon kernel[951]: [    1.910000] io scheduler noop registered
Jul 25 02:10:30 witherspoon kernel[951]: [    1.910000] io scheduler deadline registered
Jul 25 02:10:30 witherspoon kernel[951]: [    1.910000] io scheduler cfq registered (default)
Jul 25 02:10:30 witherspoon kernel[951]: [    2.060000] ipmi-bt-host 1e789140.ibt: Found bt bmc device
Jul 25 02:10:30 witherspoon kernel[951]: [    2.060000] ipmi-bt-host 1e789140.ibt: Using IRQ 22
Jul 25 02:10:30 witherspoon kernel[951]: [    2.060000] Serial: 8250/16550 driver, 6 ports, IRQ sharing enabled
Jul 25 02:10:30 witherspoon kernel[951]: [    2.060000] 1e783000.serial: ttyS0 at MMIO 0x1e783000 (irq = 23, base_baud = 1500000) is a 16550A
Jul 25 02:10:30 witherspoon kernel[951]: [    2.060000] 1e78d000.serial: ttyS1 at MMIO 0x1e78d000 (irq = 24, base_baud = 1500000) is a 16550A
Jul 25 02:10:30 witherspoon kernel[951]: [    2.060000] 1e784000.serial: ttyS4 at MMIO 0x1e784000 (irq = 25, base_baud = 1500000) is a 16550A
Jul 25 02:10:30 witherspoon kernel[951]: [    2.410000] console [ttyS4] enabled
Jul 25 02:10:30 witherspoon kernel[951]: [    2.410000] 1e787000.vuart: ttyS2 at MMIO 0x1e787000 (irq = 22, base_baud = 1500000) is a 16550A
Jul 25 02:10:30 witherspoon kernel[951]: [    2.610000] timeriomem_rng 1e6e2078.hwrng: 32bits from 0xf00e2078 @ 1us
Jul 25 02:10:30 witherspoon kernel[951]: [    2.630000] random: fast init done
Jul 25 02:10:30 witherspoon kernel[951]: [    2.660000] brd: module loaded
Jul 25 02:10:30 witherspoon kernel[951]: [    2.680000] random: crng init done
Jul 25 02:10:30 witherspoon kernel[951]: [    2.690000] loop: module loaded
Jul 25 02:10:30 witherspoon kernel[951]: [    2.700000] aspeed-lpc-ctrl 1e789080.lpc-ctrl: Loaded at 0x98000000 (0x04000000)
Jul 25 02:10:30 witherspoon kernel[951]: [    2.710000] aspeed-smc 1e620000.flash-controller: Using IRQ 18
Jul 25 02:10:30 witherspoon kernel[951]: [    2.710000] aspeed-smc 1e620000.flash-controller: DMA support disabled.
Jul 25 02:10:30 witherspoon kernel[951]: [    2.710000] aspeed-smc 1e620000.flash-controller: mx25l25635e (32768 Kbytes)
Jul 25 02:10:30 witherspoon kernel[951]: [    2.730000] aspeed-smc 1e620000.flash-controller: CE0 window [ 0x20000000 - 0x22000000 ] 32MB
Jul 25 02:10:30 witherspoon kernel[951]: [    2.730000] aspeed-smc 1e620000.flash-controller: CE1 window [ 0x22000000 - 0x2a000000 ] 128MB
Jul 25 02:10:30 witherspoon kernel[951]: [    2.730000] 5 ofpart partitions found on MTD device bmc
Jul 25 02:10:30 witherspoon kernel[951]: [    2.730000] Creating 5 MTD partitions on "bmc":
Jul 25 02:10:30 witherspoon kernel[951]: [    2.760000] 0x000000000000-0x000000060000 : "u-boot"
Jul 25 02:10:30 witherspoon kernel[951]: [    2.760000] 0x000000060000-0x000000080000 : "u-boot-env"
Jul 25 02:10:30 witherspoon kernel[951]: [    2.760000] 0x000000080000-0x0000004c0000 : "kernel"
Jul 25 02:10:30 witherspoon kernel[951]: [    2.760000] 0x0000004c0000-0x000001c00000 : "rofs"
Jul 25 02:10:30 witherspoon kernel[951]: [    2.800000] 0x000001c00000-0x000002000000 : "rwfs"
Jul 25 02:10:30 witherspoon kernel[951]: [    2.800000] aspeed-smc 1e620000.flash-controller: mx25l25635e (32768 Kbytes)
Jul 25 02:10:30 witherspoon kernel[951]: [    2.810000] aspeed-smc 1e620000.flash-controller: CE1 window [ 0x22000000 - 0x24000000 ] 32MB
Jul 25 02:10:30 witherspoon kernel[951]: [    2.810000] aspeed-smc 1e620000.flash-controller: CE2 window [ 0x24000000 - 0x2c000000 ] 128MB
Jul 25 02:10:30 witherspoon kernel[951]: [    2.840000] aspeed-smc 1e630000.flash-controller: mx66l1g45g (131072 Kbytes)
Jul 25 02:10:30 witherspoon kernel[951]: [    2.840000] aspeed-smc 1e630000.flash-controller: CE0 window resized to 120MB (AST2500 HW quirk)
Jul 25 02:10:30 witherspoon kernel[951]: [    2.850000] aspeed-smc 1e630000.flash-controller: CE0 window [ 0x30000000 - 0x37800000 ] 120MB
Jul 25 02:10:30 witherspoon kernel[951]: [    2.850000] aspeed-smc 1e630000.flash-controller: CE0 window too small for chip 128MB
Jul 25 02:10:30 witherspoon kernel[951]: [    2.850000] aspeed-smc 1e630000.flash-controller: CE1 window [ 0x37800000 - 0x38000000 ] 8MB
Jul 25 02:10:30 witherspoon kernel[951]: [    3.600000] libphy: Fixed MDIO Bus: probed
Jul 25 02:10:30 witherspoon kernel[951]: [    3.600000] ftgmac100 1e660000.ethernet: Read MAC address 70:e2:84:14:28:a9 from chip
Jul 25 02:10:30 witherspoon kernel[951]: [    3.600000] ftgmac100 1e660000.ethernet: Using NCSI interface
Jul 25 02:10:30 witherspoon kernel[951]: [    3.600000] ftgmac100 1e660000.ethernet eth0: irq 20, mapped at f0060000
Jul 25 02:10:30 witherspoon kernel[951]: [    3.600000] ehci_hcd: USB 2.0 'Enhanced' Host Controller (EHCI) Driver
Jul 25 02:10:30 witherspoon kernel[951]: [    3.690000] ehci-platform: EHCI generic platform driver
Jul 25 02:10:30 witherspoon kernel[951]: [    3.850000]  fsi0: can't read slave 00:00 -5
Jul 25 02:10:30 witherspoon kernel[951]: [    3.850000] i2c /dev entries driver
Jul 25 02:10:30 witherspoon kernel[951]: [    3.850000] aspeed-i2c-bus 1e78a0c0.i2c-bus: i2c bus 2 registered, irq 26
Jul 25 02:10:30 witherspoon kernel[951]: [    3.850000] aspeed-i2c-bus 1e78a100.i2c-bus: i2c bus 3 registered, irq 27
Jul 25 02:10:30 witherspoon kernel[951]: [    3.850000] aspeed-i2c-bus 1e78a140.i2c-bus: i2c bus 4 registered, irq 28
Jul 25 02:10:30 witherspoon kernel[951]: [    3.850000] aspeed-i2c-bus 1e78a180.i2c-bus: i2c bus 5 registered, irq 29
Jul 25 02:10:30 witherspoon kernel[951]: [    3.850000] aspeed-i2c-bus 1e78a380.i2c-bus: i2c bus 9 registered, irq 30
Jul 25 02:10:30 witherspoon kernel[951]: [    3.850000] aspeed-i2c-bus 1e78a3c0.i2c-bus: i2c bus 10 registered, irq 31
Jul 25 02:10:30 witherspoon kernel[951]: [    3.850000] rtc-rv8803 11-0032: Voltage low, temperature compensation stopped.
Jul 25 02:10:30 witherspoon kernel[951]: [    3.950000] rtc-rv8803 11-0032: rtc core: registered rx8900 as rtc0
Jul 25 02:10:30 witherspoon kernel[951]: [    3.960000] at24 11-0051: 8192 byte 24c64 EEPROM, writable, 1 bytes/write
Jul 25 02:10:30 witherspoon kernel[951]: [    3.960000] aspeed-i2c-bus 1e78a400.i2c-bus: i2c bus 11 registered, irq 32
Jul 25 02:10:30 witherspoon kernel[951]: [    3.960000] aspeed-i2c-bus 1e78a440.i2c-bus: i2c bus 12 registered, irq 33
Jul 25 02:10:30 witherspoon kernel[951]: [    3.960000] aspeed-i2c-bus 1e78a480.i2c-bus: i2c bus 13 registered, irq 34
Jul 25 02:10:30 witherspoon kernel[951]: [    3.960000] Driver for 1-wire Dallas network protocol.
Jul 25 02:10:30 witherspoon kernel[951]: [    3.960000] lm75 9-004a: hwmon0: sensor 'tmp275'
Jul 25 02:10:30 witherspoon kernel[951]: [    4.440000] ucd9000 11-0064: Device ID UCD90160|2.3.4.0000|110603
Jul 25 02:10:30 witherspoon kernel[951]: [    4.770000] leds-pca955x 3-0060: leds-pca955x: Using pca9552 16-bit LED driver at slave address 0x60
Jul 25 02:10:30 witherspoon kernel[951]: [    4.790000] leds-pca955x 11-0060: leds-pca955x: Using pca9552 16-bit LED driver at slave address 0x60
Jul 25 02:10:30 witherspoon kernel[951]: [    4.800000] leds-pca955x 11-0060: gpios 264...279
Jul 25 02:10:30 witherspoon kernel[951]: [    4.810000] usbcore: registered new interface driver usbhid
Jul 25 02:10:30 witherspoon kernel[951]: [    4.810000] usbhid: USB HID core driver
Jul 25 02:10:30 witherspoon kernel[951]: [    4.830000] bmp280: probe of 3-0077 failed with error -5
Jul 25 02:10:30 witherspoon kernel[951]: [    4.840000] dps310 3-0076: iio:device1: sensor 'dps310'
Jul 25 02:10:30 witherspoon kernel[951]: [    4.850000] NET: Registered protocol family 10
Jul 25 02:10:30 witherspoon kernel[951]: [    4.850000] Segment Routing with IPv6
Jul 25 02:10:30 witherspoon kernel[951]: [    4.850000] NET: Registered protocol family 17
Jul 25 02:10:30 witherspoon kernel[951]: [    4.860000] 8021q: 802.1Q VLAN Support v1.8
Jul 25 02:10:30 witherspoon kernel[951]: [    4.860000] console [netcon0] enabled
Jul 25 02:10:30 witherspoon kernel[951]: [    4.860000] netconsole: network logging started
Jul 25 02:10:30 witherspoon kernel[951]: [    4.880000] input: gpio-keys as /devices/platform/gpio-keys/input/input0
Jul 25 02:10:30 witherspoon kernel[951]: [    4.890000] rtc-rv8803 11-0032: setting system clock to 2017-07-25 02:10:02 UTC (1500948602)
Jul 25 02:10:30 witherspoon kernel[951]: [    4.900000] Freeing unused kernel memory: 284K
Jul 25 02:10:30 witherspoon kernel[951]: [    4.900000] This architecture does not have kernel memory protection.
Jul 25 02:10:30 witherspoon kernel[951]: [    6.570000] jffs2: notice: (526) jffs2_build_xattr_subsystem: complete building xattr subsystem, 0 of xdatum (0 unchecked, 0 orphan) and 0 of xref (0 dead, 0 orphan) found.
Jul 25 02:10:30 witherspoon kernel[951]: [    8.680000] systemd[1]: Failed to insert module 'autofs4': No such file or directory
Jul 25 02:10:30 witherspoon kernel[951]: [    8.880000] systemd[1]: systemd 232 running in system mode. (+PAM -AUDIT -SELINUX -IMA -APPARMOR -SMACK +SYSVINIT -UTMP -LIBCRYPTSETUP -GCRYPT -GNUTLS +ACL +XZ -LZ4 -SECCOMP +BLKID -ELFUTILS +KMOD -IDN)
Jul 25 02:10:30 witherspoon kernel[951]: [    8.880000] systemd[1]: Detected architecture arm.
Jul 25 02:10:30 witherspoon kernel[951]: [    9.050000] systemd[1]: Set hostname to <witherspoon>.
Jul 25 02:10:30 witherspoon kernel[951]: [   10.630000] systemd[1]: Listening on Journal Socket (/dev/log).
Jul 25 02:10:30 witherspoon kernel[951]: [   10.780000] systemd[1]: Listening on udev Control Socket.
Jul 25 02:10:30 witherspoon kernel[951]: [   10.940000] systemd[1]: Listening on udev Kernel Socket.
Jul 25 02:10:30 witherspoon kernel[951]: [   11.100000] systemd[1]: Reached target Remote File Systems.
Jul 25 02:10:38 witherspoon systemd[1]: Started Phosphor IPMI BT DBus Bridge.
Jul 25 02:10:30 witherspoon kernel[951]: [   11.270000] systemd[1]: Listening on Journal Socket.
Jul 25 02:10:30 witherspoon kernel[951]: [   11.270000] systemd[1]: Started Forward Password Requests to Wall Directory Watch.
Jul 25 02:10:30 witherspoon kernel[951]: [   11.450000] systemd[1]: Listening on Syslog Socket.
Jul 25 02:10:30 witherspoon kernel[951]: [   14.090000] systemd[1]: Created slice system-serial\x2dgetty.slice.
Jul 25 02:10:30 witherspoon kernel[951]: [   14.350000] systemd[1]: Starting Journal Service...
Jul 25 02:10:30 witherspoon kernel[951]: [   14.620000] systemd[1]: Created slice system-op\x2dreset\x2dchassis\x2drunning.slice.
Jul 25 02:10:30 witherspoon kernel[951]: [   14.900000] systemd[1]: Created slice system-org.openbmc.control.Bmc.slice.
Jul 25 02:10:30 witherspoon kernel[951]: [   15.180000] systemd[1]: Created slice system-org.openbmc.buttons.Power.slice.
Jul 25 02:10:30 witherspoon kernel[951]: [   15.470000] systemd[1]: Created slice system-org.openbmc.control.Chassis.slice.
Jul 25 02:10:30 witherspoon kernel[951]: [   15.770000] systemd[1]: Reached target Slices.
Jul 25 02:10:30 witherspoon kernel[951]: [   16.070000] systemd[1]: Starting udev Coldplug all Devices...
Jul 25 02:10:30 witherspoon kernel[951]: [   16.380000] systemd[1]: Created slice system-mapper\x2dwait.slice.
Jul 25 02:10:30 witherspoon kernel[951]: [   16.700000] systemd[1]: Created slice system-phosphor\x2dreset\x2dhost\x2drunning.slice.
Jul 25 02:10:30 witherspoon kernel[951]: [   19.100000] systemd[1]: Created slice system-obmc\x2dconsole.slice.
Jul 25 02:10:30 witherspoon kernel[951]: [   19.470000] systemd[1]: Mounting Debug File System...
Jul 25 02:10:30 witherspoon kernel[951]: [   19.850000] systemd[1]: Mounted Temporary Directory.
Jul 25 02:10:30 witherspoon kernel[951]: [   20.230000] systemd[1]: Mounted Debug File System.
Jul 25 02:10:30 witherspoon kernel[951]: [   20.620000] systemd[1]: Started Journal Service.
Jul 25 02:10:30 witherspoon kernel[951]: [   23.100000] systemd-journald[544]: Received request to flush runtime journal from PID 1
Jul 25 02:10:38 witherspoon systemd[1]: Starting Network Service...
Jul 25 02:10:39 witherspoon systemd[1]: Started Phosphor sysfs LED controller.
Jul 25 02:10:39 witherspoon systemd[1]: Started Phosphor Dump core monitor..
Jul 25 02:10:39 witherspoon systemd[1]: Started Phosphor sysfs LED controller.
Jul 25 02:10:39 witherspoon systemd[1]: Starting OpenPower Software Update Manager...
Jul 25 02:10:39 witherspoon systemd[1]: Started Phosphor sysfs LED controller.
Jul 25 02:10:40 witherspoon systemd[1]: Started Phosphor sysfs LED controller.
Jul 25 02:10:40 witherspoon systemd[1]: Started Phosphor sysfs LED controller.
Jul 25 02:10:40 witherspoon systemd[1]: Started Phosphor sysfs LED controller.
Jul 25 02:10:40 witherspoon systemd[1]: Starting Phosphor Settings Daemon...
Jul 25 02:10:40 witherspoon systemd[1]: Started Phosphor sysfs LED controller.
Jul 25 02:10:40 witherspoon systemd[1]: Starting Phosphor DBus Service Discovery Manager...
Jul 25 02:10:40 witherspoon systemd[1]: Started Phosphor sysfs LED controller.
Jul 25 02:10:41 witherspoon systemd[1]: Starting Phosphor BMC0 Control...
Jul 25 02:10:41 witherspoon systemd[1]: Starting Clear one time boot overrides...
Jul 25 02:10:41 witherspoon systemd[1]: Started Phosphor Hwmon Poller.
Jul 25 02:10:41 witherspoon systemd[1]: Started Phosphor sysfs LED controller.
Jul 25 02:10:41 witherspoon systemd[1]: Starting Phosphor Download Manager...
Jul 25 02:10:42 witherspoon systemd[1]: Starting Avahi mDNS/DNS-SD Stack...
Jul 25 02:10:43 witherspoon systemd[1]: Started Clear one time boot overrides.
Jul 25 02:10:43 witherspoon systemd[1]: Started Phosphor Log Manager.
Jul 25 02:10:43 witherspoon systemd[1]: Started Phosphor Inventory Manager.
Jul 25 02:10:43 witherspoon systemd[1]: Started OpenBMC Software Update Manager.
Jul 25 02:10:43 witherspoon systemd[1]: Started Phosphor Settings Daemon.
Jul 25 02:10:43 witherspoon systemd[1]: Started Phosphor Download Manager.
Jul 25 02:10:43 witherspoon systemd[1]: Started Phosphor LED Group Management Daemon.
Jul 25 02:10:44 witherspoon phosphor-hwmon-readd[955]: Failed to read from device.
Jul 25 02:10:45 witherspoon systemd-networkd[971]: Could not create runtime directory: File exists
Jul 25 02:10:45 witherspoon systemd-networkd[971]: Could not create runtime directory 'links': File exists
Jul 25 02:10:45 witherspoon systemd-networkd[971]: Could not create runtime directory 'leases': File exists
Jul 25 02:10:45 witherspoon systemd[1]: Started Phosphor Dump Manager.
Jul 25 02:10:45 witherspoon phosphor-hwmon-readd[955]: Error in mapper call
Jul 25 02:10:45 witherspoon systemd[1]: xyz.openbmc_project.Hwmon@ahb-apb-i2c\x401e78a000-i2c\x2dbus\x40100-dps310\x4076.service: Main process exited, code=exited, status=1/FAILURE
Jul 25 02:10:45 witherspoon systemd[1]: xyz.openbmc_project.Hwmon@ahb-apb-i2c\x401e78a000-i2c\x2dbus\x40100-dps310\x4076.service: Unit entered failed state.
Jul 25 02:10:45 witherspoon systemd[1]: xyz.openbmc_project.Hwmon@ahb-apb-i2c\x401e78a000-i2c\x2dbus\x40100-dps310\x4076.service: Failed with result 'exit-code'.
Jul 25 02:10:45 witherspoon avahi-daemon[989]: Found user 'avahi' (UID 998) and group 'avahi' (GID 999).
Jul 25 02:10:45 witherspoon openpower-update-manager[975]: Error PNOR current version is empty
Jul 25 02:10:45 witherspoon avahi-daemon[989]: Successfully dropped root privileges.
Jul 25 02:10:45 witherspoon systemd[1]: xyz.openbmc_project.Hwmon@ahb-apb-i2c\x401e78a000-i2c\x2dbus\x40100-dps310\x4076.service: Service hold-off time over, scheduling restart.
Jul 25 02:10:45 witherspoon avahi-daemon[989]: avahi-daemon 0.6.32 starting up.
Jul 25 02:10:45 witherspoon systemd[1]: Stopped Phosphor Hwmon Poller.
Jul 25 02:10:45 witherspoon avahi-daemon[989]: Successfully called chroot().
Jul 25 02:10:45 witherspoon systemd[1]: Started Phosphor Hwmon Poller.
Jul 25 02:10:45 witherspoon avahi-daemon[989]: Successfully dropped remaining capabilities.
Jul 25 02:10:45 witherspoon systemd[1]: Started OpenPower Software Update Manager.
Jul 25 02:10:45 witherspoon avahi-daemon[989]: Loading service file /services/obmc_console.service.
Jul 25 02:10:45 witherspoon systemd[1]: Started Avahi mDNS/DNS-SD Stack.
Jul 25 02:10:45 witherspoon avahi-daemon[989]: Loading service file /services/phosphor_rest.service.
Jul 25 02:10:45 witherspoon systemd[1]: Starting Phosphor Version Software Manager...
Jul 25 02:10:45 witherspoon avahi-daemon[989]: Loading service file /services/sftp-ssh.service.
Jul 25 02:10:45 witherspoon systemd-networkd[971]: Enumeration completed
Jul 25 02:10:45 witherspoon avahi-daemon[989]: Loading service file /services/sftp.service.
Jul 25 02:10:45 witherspoon systemd[1]: Started Network Service.
Jul 25 02:10:45 witherspoon avahi-daemon[989]: Loading service file /services/ssh.service.
Jul 25 02:10:45 witherspoon systemd[1]: Reached target Network.
Jul 25 02:10:45 witherspoon avahi-daemon[989]: Network interface enumeration completed.
Jul 25 02:10:45 witherspoon systemd[1]: Starting Permit User Sessions...
Jul 25 02:10:45 witherspoon avahi-daemon[989]: Server startup complete. Host name is witherspoon.local. Local service cookie is 1019456072.
Jul 25 02:10:45 witherspoon systemd-networkd[971]: eth0: IPv6 enabled for interface: Success
Jul 25 02:10:45 witherspoon avahi-daemon[989]: Service "witherspoon" (/services/ssh.service) successfully established.
Jul 25 02:10:45 witherspoon systemd[1]: Started Lightweight SLP Server.
Jul 25 02:10:45 witherspoon avahi-daemon[989]: Service "sftp" (/services/sftp.service) successfully established.
Jul 25 02:10:45 witherspoon systemd-networkd[971]: eth0: Gained carrier
Jul 25 02:10:45 witherspoon avahi-daemon[989]: Service "witherspoon" (/services/sftp-ssh.service) successfully established.
Jul 25 02:10:46 witherspoon systemd-timesyncd[915]: Network configuration changed, trying to establish connection.
Jul 25 02:10:45 witherspoon avahi-daemon[989]: Service "phosphor_rest" (/services/phosphor_rest.service) successfully established.
Jul 25 02:10:46 witherspoon systemd[1]: Started Permit User Sessions.
Jul 25 02:10:45 witherspoon avahi-daemon[989]: Service "obmc_console" (/services/obmc_console.service) successfully established.
Jul 25 02:10:46 witherspoon systemd[1]: Started Serial Getty on ttyS4.
Jul 25 02:10:45 witherspoon avahi-daemon[989]: Joining mDNS multicast group on interface eth0.IPv4 with address 9.3.21.61.
Jul 25 02:10:46 witherspoon systemd[1]: Reached target Login Prompts.
Jul 25 02:10:45 witherspoon avahi-daemon[989]: New relevant interface eth0.IPv4 for mDNS.
Jul 25 02:10:46 witherspoon systemd[1]: Reached target Multi-User System.
Jul 25 02:10:45 witherspoon avahi-daemon[989]: Registering new address record for 9.3.21.61 on eth0.IPv4.
Jul 25 02:10:46 witherspoon systemd[1]: Started Phosphor Version Software Manager.
Jul 25 02:10:48 witherspoon avahi-daemon[989]: Joining mDNS multicast group on interface eth0.IPv6 with address fe80::72e2:84ff:fe14:28a9.
Jul 25 02:10:47 witherspoon systemd[1]: Started Phosphor BMC0 Control.
Jul 25 02:10:48 witherspoon avahi-daemon[989]: New relevant interface eth0.IPv6 for mDNS.
Jul 25 02:10:48 witherspoon systemd-networkd[971]: eth0: Gained IPv6LL
Jul 25 02:10:48 witherspoon avahi-daemon[989]: Registering new address record for fe80::72e2:84ff:fe14:28a9 on eth0.*.
Jul 25 02:10:50 witherspoon kernel: ftgmac100 1e660000.ethernet eth0: NCSI interface up
Jul 25 02:10:50 witherspoon kernel[951]: [   52.600000] ftgmac100 1e660000.ethernet eth0: NCSI interface up
Jul 25 02:10:50 witherspoon phosphor-hwmon-readd[995]: Failed to read from device.
Jul 25 02:10:50 witherspoon phosphor-hwmon-readd[995]: Error in mapper call
Jul 25 02:10:50 witherspoon systemd[1]: xyz.openbmc_project.Hwmon@ahb-apb-i2c\x401e78a000-i2c\x2dbus\x40100-dps310\x4076.service: Main process exited, code=exited, status=1/FAILURE
Jul 25 02:10:50 witherspoon systemd[1]: xyz.openbmc_project.Hwmon@ahb-apb-i2c\x401e78a000-i2c\x2dbus\x40100-dps310\x4076.service: Unit entered failed state.
Jul 25 02:10:50 witherspoon systemd[1]: xyz.openbmc_project.Hwmon@ahb-apb-i2c\x401e78a000-i2c\x2dbus\x40100-dps310\x4076.service: Failed with result 'exit-code'.
Jul 25 02:10:50 witherspoon avahi-daemon[989]: Withdrawing address record for fe80::72e2:84ff:fe14:28a9 on eth0.
Jul 25 02:10:50 witherspoon systemd[1]: xyz.openbmc_project.Hwmon@ahb-apb-i2c\x401e78a000-i2c\x2dbus\x40100-dps310\x4076.service: Service hold-off time over, scheduling restart.
Jul 25 02:10:51 witherspoon avahi-daemon[989]: Host name conflict, retrying with witherspoon-2
Jul 25 02:10:50 witherspoon systemd[1]: Stopped Phosphor Hwmon Poller.
Jul 25 02:10:51 witherspoon avahi-daemon[989]: Registering new address record for fe80::72e2:84ff:fe14:28a9 on eth0.*.
Jul 25 02:10:51 witherspoon systemd[1]: Started Phosphor Hwmon Poller.
Jul 25 02:10:51 witherspoon avahi-daemon[989]: Registering new address record for 9.3.21.61 on eth0.IPv4.
Jul 25 02:10:51 witherspoon avahi-daemon[989]: Withdrawing address record for 9.3.21.61 on eth0.
Jul 25 02:10:51 witherspoon avahi-daemon[989]: Host name conflict, retrying with witherspoon-3
Jul 25 02:10:51 witherspoon avahi-daemon[989]: Registering new address record for fe80::72e2:84ff:fe14:28a9 on eth0.*.
Jul 25 02:10:51 witherspoon avahi-daemon[989]: Registering new address record for 9.3.21.61 on eth0.IPv4.
Jul 25 02:10:52 witherspoon avahi-daemon[989]: Withdrawing address record for 9.3.21.61 on eth0.
Jul 25 02:10:52 witherspoon avahi-daemon[989]: Host name conflict, retrying with witherspoon-4
Jul 25 02:10:52 witherspoon avahi-daemon[989]: Registering new address record for fe80::72e2:84ff:fe14:28a9 on eth0.*.
Jul 25 02:10:52 witherspoon avahi-daemon[989]: Registering new address record for 9.3.21.61 on eth0.IPv4.
Jul 25 02:10:53 witherspoon avahi-daemon[989]: Withdrawing address record for 9.3.21.61 on eth0.
Jul 25 02:10:53 witherspoon avahi-daemon[989]: Host name conflict, retrying with witherspoon-5
Jul 25 02:10:53 witherspoon avahi-daemon[989]: Registering new address record for fe80::72e2:84ff:fe14:28a9 on eth0.*.
Jul 25 02:10:53 witherspoon avahi-daemon[989]: Registering new address record for 9.3.21.61 on eth0.IPv4.
Jul 25 02:10:54 witherspoon phosphor-hwmon-readd[1008]: Failed to read from device.
Jul 25 02:10:54 witherspoon avahi-daemon[989]: Withdrawing address record for 9.3.21.61 on eth0.
Jul 25 02:10:54 witherspoon avahi-daemon[989]: Host name conflict, retrying with witherspoon-6
Jul 25 02:10:54 witherspoon avahi-daemon[989]: Registering new address record for fe80::72e2:84ff:fe14:28a9 on eth0.*.
Jul 25 02:10:54 witherspoon avahi-daemon[989]: Registering new address record for 9.3.21.61 on eth0.IPv4.
Jul 25 02:10:54 witherspoon phosphor-hwmon-readd[1008]: Error in mapper call
Jul 25 02:10:55 witherspoon dropbear[1012]: Failed loading /etc/dropbear/dropbear_dss_host_key
Jul 25 02:10:54 witherspoon systemd[1]: xyz.openbmc_project.Hwmon@ahb-apb-i2c\x401e78a000-i2c\x2dbus\x40100-dps310\x4076.service: Main process exited, code=exited, status=1/FAILURE
Jul 25 02:10:55 witherspoon dropbear[1012]: Failed loading /etc/dropbear/dropbear_ecdsa_host_key
Jul 25 02:10:54 witherspoon systemd[1]: xyz.openbmc_project.Hwmon@ahb-apb-i2c\x401e78a000-i2c\x2dbus\x40100-dps310\x4076.service: Unit entered failed state.
Jul 25 02:10:55 witherspoon dropbear[1012]: Child connection from ::ffff:9.41.165.94:35358
Jul 25 02:10:54 witherspoon systemd[1]: xyz.openbmc_project.Hwmon@ahb-apb-i2c\x401e78a000-i2c\x2dbus\x40100-dps310\x4076.service: Failed with result 'exit-code'.
Jul 25 02:10:54 witherspoon systemd[1]: xyz.openbmc_project.Hwmon@ahb-apb-i2c\x401e78a000-i2c\x2dbus\x40100-dps310\x4076.service: Service hold-off time over, scheduling restart.
Jul 25 02:10:54 witherspoon systemd[1]: Stopped Phosphor Hwmon Poller.
Jul 25 02:10:54 witherspoon systemd[1]: Started Phosphor Hwmon Poller.
Jul 25 02:10:54 witherspoon systemd[1]: Created slice system-dropbear.slice.
Jul 25 02:10:54 witherspoon systemd[1]: Started SSH Per-Connection Server (9.41.165.94:35358).
Jul 25 02:10:56 witherspoon avahi-daemon[989]: Server startup complete. Host name is witherspoon-6.local. Local service cookie is 1019456072.
Jul 25 02:10:56 witherspoon avahi-daemon[989]: Service name conflict for "sftp" (/services/sftp.service), retrying with "sftp #2".
Jul 25 02:10:56 witherspoon avahi-daemon[989]: Service name conflict for "obmc_console" (/services/obmc_console.service), retrying with "obmc_console #2".
Jul 25 02:10:56 witherspoon avahi-daemon[989]: Service name conflict for "phosphor_rest" (/services/phosphor_rest.service), retrying with "phosphor_rest #2".
Jul 25 02:10:57 witherspoon avahi-daemon[989]: Service "witherspoon-6" (/services/ssh.service) successfully established.
Jul 25 02:10:57 witherspoon avahi-daemon[989]: Service "witherspoon-6" (/services/sftp-ssh.service) successfully established.
Jul 25 02:10:58 witherspoon avahi-daemon[989]: Service "sftp #2" (/services/sftp.service) successfully established.
Jul 25 02:10:58 witherspoon avahi-daemon[989]: Service "phosphor_rest #2" (/services/phosphor_rest.service) successfully established.
Jul 25 02:10:58 witherspoon avahi-daemon[989]: Service "obmc_console #2" (/services/obmc_console.service) successfully established.
Jul 25 02:10:59 witherspoon phosphor-hwmon-readd[1011]: Failed to read from device.
Jul 25 02:10:59 witherspoon phosphor-hwmon-readd[1011]: Error in mapper call
Jul 25 02:10:59 witherspoon systemd[1]: xyz.openbmc_project.Hwmon@ahb-apb-i2c\x401e78a000-i2c\x2dbus\x40100-dps310\x4076.service: Main process exited, code=exited, status=1/FAILURE
Jul 25 02:10:59 witherspoon systemd[1]: xyz.openbmc_project.Hwmon@ahb-apb-i2c\x401e78a000-i2c\x2dbus\x40100-dps310\x4076.service: Unit entered failed state.
Jul 25 02:10:59 witherspoon systemd[1]: xyz.openbmc_project.Hwmon@ahb-apb-i2c\x401e78a000-i2c\x2dbus\x40100-dps310\x4076.service: Failed with result 'exit-code'.
Jul 25 02:10:59 witherspoon systemd[1]: xyz.openbmc_project.Hwmon@ahb-apb-i2c\x401e78a000-i2c\x2dbus\x40100-dps310\x4076.service: Service hold-off time over, scheduling restart.
Jul 25 02:10:59 witherspoon systemd[1]: Stopped Phosphor Hwmon Poller.
Jul 25 02:10:59 witherspoon systemd[1]: Started Phosphor Hwmon Poller.
Jul 25 02:11:00 witherspoon dropbear[1012]: PAM password auth succeeded for 'root' from ::ffff:9.41.165.94:35358
Jul 25 02:11:00 witherspoon dropbear[1015]: lastlog_perform_login: Couldn't stat /var/log/lastlog: No such file or directory
Jul 25 02:11:00 witherspoon dropbear[1015]: lastlog_openseek: /var/log/lastlog is not a file or directory!
Jul 25 02:11:01 witherspoon systemd-networkd[971]: eth0: Configured
Jul 25 02:11:01 witherspoon systemd-timesyncd[915]: Network configuration changed, trying to establish connection.
Jul 25 02:11:01 witherspoon phosphor-hwmon-readd[1014]: Failed to read from device.
Jul 25 02:11:01 witherspoon phosphor-hwmon-readd[1014]: Error in mapper call
Jul 25 02:11:01 witherspoon systemd[1]: xyz.openbmc_project.Hwmon@ahb-apb-i2c\x401e78a000-i2c\x2dbus\x40100-dps310\x4076.service: Main process exited, code=exited, status=1/FAILURE
Jul 25 02:11:01 witherspoon systemd[1]: xyz.openbmc_project.Hwmon@ahb-apb-i2c\x401e78a000-i2c\x2dbus\x40100-dps310\x4076.service: Unit entered failed state.
Jul 25 02:11:01 witherspoon systemd[1]: xyz.openbmc_project.Hwmon@ahb-apb-i2c\x401e78a000-i2c\x2dbus\x40100-dps310\x4076.service: Failed with result 'exit-code'.
Jul 25 02:11:02 witherspoon systemd[1]: xyz.openbmc_project.Hwmon@ahb-apb-i2c\x401e78a000-i2c\x2dbus\x40100-dps310\x4076.service: Service hold-off time over, scheduling restart.
Jul 25 02:11:02 witherspoon systemd[1]: Stopped Phosphor Hwmon Poller.
Jul 25 02:11:02 witherspoon systemd[1]: Started Phosphor Hwmon Poller.
Jul 25 02:11:03 witherspoon netman.py[947]: Started
Jul 25 02:11:03 witherspoon systemd[1]: Started Phosphor Network Manager.
Jul 25 02:11:03 witherspoon systemd[1]: Started Phosphor User Manager.
Jul 25 02:11:03 witherspoon obmc-phosphor-userd[949]: Started
Jul 25 02:11:04 witherspoon download_manager.py[961]: Running Download Manager
Jul 25 02:11:04 witherspoon systemd[1]: Started Phosphor Download Manager.
Jul 25 02:11:04 witherspoon chassis_control.py[965]: Running ChassisControlService
Jul 25 02:11:04 witherspoon systemd[1]: Started Phosphor Chassis0 Control.
Jul 25 02:11:04 witherspoon systemd[1]: Started Phosphor Sensor Manager.
Jul 25 02:11:04 witherspoon sensor_manager2.py[953]: Setting boot count to 3
Jul 25 02:11:04 witherspoon sensor_manager2.py[953]: Starting sensor manager
Jul 25 02:11:04 witherspoon inventory_items.py[967]: Loading from cache: /var/cache/obmc/org.openbmc.inventory.system.chassis.motherboard.apss@org.openbmc.InventoryItem.props
Jul 25 02:11:04 witherspoon inventory_items.py[967]: Loading from cache: /var/cache/obmc/org.openbmc.inventory.system.chassis.motherboard@org.openbmc.InventoryItem.props
Jul 25 02:11:04 witherspoon inventory_items.py[967]: Loading from cache: /var/cache/obmc/org.openbmc.inventory.system.chassis.motherboard.refclock@org.openbmc.InventoryItem.props
Jul 25 02:11:04 witherspoon inventory_items.py[967]: Loading from cache: /var/cache/obmc/org.openbmc.inventory.system.chassis.motherboard.todclock@org.openbmc.InventoryItem.props
Jul 25 02:11:04 witherspoon inventory_items.py[967]: Loading from cache: /var/cache/obmc/org.openbmc.inventory.system.chassis.motherboard.bmc@org.openbmc.InventoryItem.props
Jul 25 02:11:05 witherspoon inventory_items.py[967]: Caching: /org/openbmc/inventory/system/chassis/motherboard/bmc
Jul 25 02:11:05 witherspoon inventory_items.py[967]: Loading from cache: /var/cache/obmc/org.openbmc.inventory.system.chassis.motherboard.pcieclock@org.openbmc.InventoryItem.props
Jul 25 02:11:05 witherspoon inventory_items.py[967]: Running Inventory Manager
Jul 25 02:11:05 witherspoon systemd[1]: Started Phosphor Inventory Manager.
Jul 25 02:11:05 witherspoon phosphor-mapper[982]: ObjectMapper startup complete.  Discovery in progress...
Jul 25 02:11:05 witherspoon phosphor-hwmon-readd[1023]: Failed to read from device.
Jul 25 02:11:05 witherspoon avahi-daemon[994]: ../../avahi-0.6.32/avahi-daemon/chroot.c: open() failed: No such file or directory
Jul 25 02:11:05 witherspoon avahi-daemon[989]: Failed to open /usr/share/dbus-1/interfaces/org.freedesktop.Avahi.Server.xml: Invalid argument
Jul 25 02:11:05 witherspoon avahi-daemon[989]: Failed to load introspection data.
Jul 25 02:11:05 witherspoon phosphor-hwmon-readd[1023]: Error in mapper call
Jul 25 02:11:05 witherspoon systemd[1]: xyz.openbmc_project.Hwmon@ahb-apb-i2c\x401e78a000-i2c\x2dbus\x40100-dps310\x4076.service: Main process exited, code=exited, status=1/FAILURE
Jul 25 02:11:05 witherspoon systemd[1]: xyz.openbmc_project.Hwmon@ahb-apb-i2c\x401e78a000-i2c\x2dbus\x40100-dps310\x4076.service: Unit entered failed state.
Jul 25 02:11:05 witherspoon systemd[1]: xyz.openbmc_project.Hwmon@ahb-apb-i2c\x401e78a000-i2c\x2dbus\x40100-dps310\x4076.service: Failed with result 'exit-code'.
Jul 25 02:11:06 witherspoon systemd[1]: xyz.openbmc_project.Hwmon@ahb-apb-i2c\x401e78a000-i2c\x2dbus\x40100-dps310\x4076.service: Service hold-off time over, scheduling restart.
Jul 25 02:11:06 witherspoon systemd[1]: Stopped Phosphor Hwmon Poller.
Jul 25 02:11:06 witherspoon systemd[1]: Started Phosphor Hwmon Poller.
Jul 25 02:11:06 witherspoon phosphor-hwmon-readd[1025]: Failed to read from device.
Jul 25 02:11:06 witherspoon phosphor-hwmon-readd[1025]: Error in mapper call
Jul 25 02:11:06 witherspoon systemd[1]: xyz.openbmc_project.Hwmon@ahb-apb-i2c\x401e78a000-i2c\x2dbus\x40100-dps310\x4076.service: Main process exited, code=exited, status=1/FAILURE
Jul 25 02:11:06 witherspoon systemd[1]: xyz.openbmc_project.Hwmon@ahb-apb-i2c\x401e78a000-i2c\x2dbus\x40100-dps310\x4076.service: Unit entered failed state.
Jul 25 02:11:06 witherspoon systemd[1]: xyz.openbmc_project.Hwmon@ahb-apb-i2c\x401e78a000-i2c\x2dbus\x40100-dps310\x4076.service: Failed with result 'exit-code'.
Jul 25 02:11:07 witherspoon systemd[1]: xyz.openbmc_project.Hwmon@ahb-apb-i2c\x401e78a000-i2c\x2dbus\x40100-dps310\x4076.service: Service hold-off time over, scheduling restart.
Jul 25 02:11:07 witherspoon systemd[1]: Stopped Phosphor Hwmon Poller.
Jul 25 02:11:07 witherspoon systemd[1]: Started Phosphor Hwmon Poller.
Jul 25 02:11:08 witherspoon phosphor-hwmon-readd[1027]: Failed to read from device.
Jul 25 02:11:08 witherspoon phosphor-hwmon-readd[1027]: Error in mapper call
Jul 25 02:11:08 witherspoon systemd[1]: xyz.openbmc_project.Hwmon@ahb-apb-i2c\x401e78a000-i2c\x2dbus\x40100-dps310\x4076.service: Main process exited, code=exited, status=1/FAILURE
Jul 25 02:11:08 witherspoon systemd[1]: xyz.openbmc_project.Hwmon@ahb-apb-i2c\x401e78a000-i2c\x2dbus\x40100-dps310\x4076.service: Unit entered failed state.
Jul 25 02:11:08 witherspoon systemd[1]: xyz.openbmc_project.Hwmon@ahb-apb-i2c\x401e78a000-i2c\x2dbus\x40100-dps310\x4076.service: Failed with result 'exit-code'.
Jul 25 02:11:08 witherspoon systemd[1]: xyz.openbmc_project.Hwmon@ahb-apb-i2c\x401e78a000-i2c\x2dbus\x40100-dps310\x4076.service: Service hold-off time over, scheduling restart.
Jul 25 02:11:08 witherspoon systemd[1]: Stopped Phosphor Hwmon Poller.
Jul 25 02:11:08 witherspoon systemd[1]: Started Phosphor Hwmon Poller.
Jul 25 02:11:09 witherspoon phosphor-hwmon-readd[1029]: Failed to read from device.
Jul 25 02:11:09 witherspoon phosphor-hwmon-readd[1029]: Error in mapper call
Jul 25 02:11:09 witherspoon systemd[1]: xyz.openbmc_project.Hwmon@ahb-apb-i2c\x401e78a000-i2c\x2dbus\x40100-dps310\x4076.service: Main process exited, code=exited, status=1/FAILURE
Jul 25 02:11:09 witherspoon systemd[1]: xyz.openbmc_project.Hwmon@ahb-apb-i2c\x401e78a000-i2c\x2dbus\x40100-dps310\x4076.service: Unit entered failed state.
Jul 25 02:11:09 witherspoon systemd[1]: xyz.openbmc_project.Hwmon@ahb-apb-i2c\x401e78a000-i2c\x2dbus\x40100-dps310\x4076.service: Failed with result 'exit-code'.
Jul 25 02:11:09 witherspoon systemd[1]: xyz.openbmc_project.Hwmon@ahb-apb-i2c\x401e78a000-i2c\x2dbus\x40100-dps310\x4076.service: Service hold-off time over, scheduling restart.
Jul 25 02:11:09 witherspoon systemd[1]: Stopped Phosphor Hwmon Poller.
Jul 25 02:11:09 witherspoon systemd[1]: xyz.openbmc_project.Hwmon@ahb-apb-i2c\x401e78a000-i2c\x2dbus\x40100-dps310\x4076.service: Start request repeated too quickly.
Jul 25 02:11:09 witherspoon systemd[1]: Failed to start Phosphor Hwmon Poller.
Jul 25 02:11:09 witherspoon systemd[1]: xyz.openbmc_project.Hwmon@ahb-apb-i2c\x401e78a000-i2c\x2dbus\x40100-dps310\x4076.service: Unit entered failed state.
Jul 25 02:11:09 witherspoon systemd[1]: xyz.openbmc_project.Hwmon@ahb-apb-i2c\x401e78a000-i2c\x2dbus\x40100-dps310\x4076.service: Failed with result 'exit-code'.
Jul 25 02:11:19 witherspoon phosphor-mapper[982]: ObjectMapper discovery complete
Jul 25 02:11:19 witherspoon systemd[1]: Started Phosphor DBus Service Discovery Manager.
Jul 25 02:11:19 witherspoon systemd[1]: Reached target Phosphor Object Mapper.
Jul 25 02:11:19 witherspoon systemd[1]: Starting Wait for /org/openbmc/NetworkManager/Interface...
Jul 25 02:11:19 witherspoon systemd[1]: Starting Wait for /xyz/openbmc_project/state/chassis0...
Jul 25 02:11:19 witherspoon systemd[1]: Starting Wait for /xyz/openbmc_project/led/groups...
Jul 25 02:11:19 witherspoon systemd[1]: Starting Wait for /xyz/openbmc_project/control/host0...
Jul 25 02:11:19 witherspoon systemd[1]: Started Phosphor DBus Monitor.
Jul 25 02:11:19 witherspoon systemd[1]: Starting Wait for /xyz/openbmc_project/state/host0...
Jul 25 02:11:19 witherspoon systemd[1]: Reached target Webserver (pre).
Jul 25 02:11:19 witherspoon systemd[1]: Started Phosphor Webserver.
Jul 25 02:11:19 witherspoon systemd[1]: Starting Wait for /org/openbmc/managers/Download...
Jul 25 02:11:19 witherspoon systemd[1]: Starting Wait for /org/openbmc/control/flash/bios...
Jul 25 02:11:19 witherspoon systemd[1]: Starting Wait for /org/openbmc/control/power0...
Jul 25 02:11:19 witherspoon systemd[1]: Starting Phosphor Network Manager...
Jul 25 02:11:19 witherspoon systemd[1]: Starting Wait for /org/openbmc/managers/System...
Jul 25 02:11:19 witherspoon systemd[1]: Starting Phoshpor System Manager...
Jul 25 02:11:19 witherspoon systemd[1]: Starting Phosphor Settings Manager...
Jul 25 02:11:19 witherspoon systemd[1]: Starting Wait for /xyz/openbmc_project/led/groups/bmc_booted...
Jul 25 02:11:19 witherspoon systemd[1]: Starting Wait for /org/openbmc/control/bmc0...
Jul 25 02:11:19 witherspoon systemd[1]: Starting Wait for /xyz/openbmc_project/inventory...
Jul 25 02:11:23 witherspoon phosphor-network-manager[1041]: ConfigParser: Section not found
Jul 25 02:11:23 witherspoon phosphor-network-manager[1041]: The operation failed internally.
Jul 25 02:11:23 witherspoon systemd[1]: Started Wait for /xyz/openbmc_project/inventory.
Jul 25 02:11:24 witherspoon systemd[1]: Starting Read OpenPOWER-format VPD from EEPROM...
Jul 25 02:11:24 witherspoon systemd[1]: Started Phosphor Cooling Type.
Jul 25 02:11:24 witherspoon systemd[1]: Starting OpenPOWER OCC controller...
Jul 25 02:11:24 witherspoon systemd[1]: Started Wait for /org/openbmc/NetworkManager/Interface.
Jul 25 02:11:24 witherspoon systemd[1]: Started Wait for /xyz/openbmc_project/led/groups.
Jul 25 02:11:24 witherspoon systemd[1]: Started Wait for /org/openbmc/managers/Download.
Jul 25 02:11:24 witherspoon systemd[1]: Started Wait for /xyz/openbmc_project/led/groups/bmc_booted.
Jul 25 02:11:24 witherspoon systemd[1]: Started Wait for /org/openbmc/control/bmc0.
Jul 25 02:11:24 witherspoon systemd[1]: Starting Assert bmc_booted LED...
Jul 25 02:11:24 witherspoon systemd[1]: Starting Phosphor BMC Code Update...
Jul 25 02:11:24 witherspoon systemd[1]: Starting Phosphor BIOS Code Update...
Jul 25 02:11:24 witherspoon systemd[1]: Started FRU Fault monitor service.
Jul 25 02:11:24 witherspoon systemd[1]: Started Phosphor DNS Settings Cache Manager.
Jul 25 02:11:24 witherspoon systemd[1]: Started Assert bmc_booted LED.
Jul 25 02:11:27 witherspoon phosphor-network-manager[1041]: ConfigParser: Section not found
Jul 25 02:11:27 witherspoon phosphor-network-manager[1041]: The operation failed internally.
Jul 25 02:11:27 witherspoon phosphor-network-manager[1041]: ConfigParser: Key not found
Jul 25 02:11:27 witherspoon phosphor-network-manager[1041]: The operation failed internally.
Jul 25 02:11:28 witherspoon phosphor-log-manager[968]: Failed to find metadata
Jul 25 02:11:28 witherspoon systemd[1]: Started OpenPOWER OCC controller.
Jul 25 02:11:29 witherspoon dbus[970]: [system] Activating via systemd: service name='org.freedesktop.hostname1' unit='dbus-org.freedesktop.hostname1.service'
Jul 25 02:11:29 witherspoon systemd[1]: Starting Hostname Service...
Jul 25 02:11:29 witherspoon systemd[1068]: systemd-hostnamed.service: Failed at step NETWORK spawning /lib/systemd/systemd-hostnamed: Invalid argument
Jul 25 02:11:29 witherspoon systemd[1]: systemd-hostnamed.service: Main process exited, code=exited, status=225/NETWORK
Jul 25 02:11:29 witherspoon systemd[1]: Failed to start Hostname Service.
Jul 25 02:11:29 witherspoon systemd[1]: systemd-hostnamed.service: Unit entered failed state.
Jul 25 02:11:29 witherspoon systemd[1]: systemd-hostnamed.service: Failed with result 'exit-code'.
Jul 25 02:11:30 witherspoon systemd[1]: Started Phosphor BIOS Code Update.
Jul 25 02:11:31 witherspoon systemd[1]: Started Read OpenPOWER-format VPD from EEPROM.
Jul 25 02:11:31 witherspoon system_manager.py[1043]: Running System State: BASE_APPS
Jul 25 02:11:31 witherspoon settings_manager.py[1044]: Running HostSettingsService
Jul 25 02:11:31 witherspoon systemd[1]: Started Phosphor Settings Manager.
Jul 25 02:11:31 witherspoon systemd[1]: Starting Wait for /org/openbmc/settings/host0...
Jul 25 02:11:31 witherspoon system_manager.py[1043]: SystemManager Init Done
Jul 25 02:11:31 witherspoon system_manager.py[1043]: Running SystemManager
Jul 25 02:11:31 witherspoon systemd[1]: Started Phoshpor System Manager.
Jul 25 02:11:32 witherspoon system_manager.py[1043]: SystemManager Goto System State: BMC_STARTING
Jul 25 02:11:32 witherspoon system_manager.py[1043]: Running System State: BMC_STARTING
Jul 25 02:11:34 witherspoon systemd[1]: Started Wait for /org/openbmc/control/flash/bios.
Jul 25 02:11:34 witherspoon systemd[1]: Started Initialize BIOS Flash.
Jul 25 02:11:34 witherspoon systemd[1]: Started Wait for /org/openbmc/settings/host0.
Jul 25 02:11:34 witherspoon systemd[1]: Started Phosphor Inband IPMI.
Jul 25 02:11:36 witherspoon systemd[1]: Started Wait for /org/openbmc/managers/System.
Jul 25 02:11:36 witherspoon systemd[1]: Starting Phosphor Chassis State Manager...
Jul 25 02:11:36 witherspoon systemd[1]: Starting Phosphor Power0 Control...
Jul 25 02:11:36 witherspoon systemd[1]: Starting Phosphor Power Button0...
Jul 25 02:11:36 witherspoon systemd[1]: Starting Phosphor BMC State Manager...
Jul 25 02:11:36 witherspoon systemd[1]: Starting Phosphor Host State Manager...
Jul 25 02:11:36 witherspoon systemd[1]: Starting Phosphor Reset Button0...
Jul 25 02:11:36 witherspoon phosphor-chassis-state-manager[1086]: Initial Chassis State will be Off
Jul 25 02:11:36 witherspoon systemd[1]: Started Phosphor Chassis State Manager.
Jul 25 02:11:37 witherspoon phosphor-host-state-manager[1091]: Initial Host State will be Off
Jul 25 02:11:37 witherspoon systemd[1]: Started Phosphor Host State Manager.
Jul 25 02:11:38 witherspoon flash_bios.exe[1061]: Starting flasher: bios,,/org/openbmc/control/flash/bios,
Jul 25 02:11:38 witherspoon flash_bios.exe[1061]: flasher: , BMC = 1, address = 0x0
Jul 25 02:11:38 witherspoon flash_bios.exe[1061]: Setting up flash
Jul 25 02:11:38 witherspoon phosphor-bmc-state-manager[1090]: Setting the BMCState field
Jul 25 02:11:38 witherspoon phosphor-bmc-state-manager[1090]: Setting the BMCState field
Jul 25 02:11:38 witherspoon systemd[1]: Started Phosphor BMC State Manager.
Jul 25 02:11:38 witherspoon system_manager.py[1043]: New object: /org/openbmc/control/power0 (:1.90)
Jul 25 02:11:38 witherspoon flash_bios.exe[1061]: Starting flasher: bios,,/org/openbmc/control/flash/bios,
Jul 25 02:11:38 witherspoon flash_bios.exe[1061]: flasher: , BMC = 1, address = 0x0
Jul 25 02:11:38 witherspoon flash_bios.exe[1061]: Setting up flash
Jul 25 02:11:39 witherspoon system_manager.py[1043]: Power GPIO config: ['SYS_PWROK_BUFF', '', [('SOFTWARE_PGOOD', True), ('BMC_POWER_UP', True)], [('BMC_CP0_RESET_N', False)], [], 'FSI_DATA', 'FSI_CLK', 'FSI_ENABLE', 'CRONUS_SEL', []]
Jul 25 02:11:39 witherspoon power_control.exe[1088]: Power GPIO latch output:
Jul 25 02:11:39 witherspoon power_control.exe[1088]: Power GPIO power good input: SYS_PWROK_BUFF
Jul 25 02:11:39 witherspoon power_control.exe[1088]: Power GPIO 2 power_up outputs
Jul 25 02:11:39 witherspoon power_control.exe[1088]: Power GPIO power_up[0] = SOFTWARE_PGOOD active HIGH
Jul 25 02:11:39 witherspoon power_control.exe[1088]: Power GPIO power_up[1] = BMC_POWER_UP active HIGH
Jul 25 02:11:39 witherspoon power_control.exe[1088]: Power GPIO 1 reset outputs
Jul 25 02:11:39 witherspoon power_control.exe[1088]: Power GPIO reset[0] = BMC_CP0_RESET_N active LOW
Jul 25 02:11:39 witherspoon power_control.exe[1088]: Power GPIO 0 pci reset outputs
Jul 25 02:11:39 witherspoon power_control.exe[1088]: FSI DATA GPIO: FSI_DATA
Jul 25 02:11:39 witherspoon power_control.exe[1088]: FSI CLK GPIO: FSI_CLK
Jul 25 02:11:39 witherspoon power_control.exe[1088]: FSI ENABLE GPIO: FSI_ENABLE
Jul 25 02:11:39 witherspoon power_control.exe[1088]: CRONUS SEL GPIO: CRONUS_SEL
Jul 25 02:11:39 witherspoon power_control.exe[1088]: Hostctl GPIO optionals: 0
Jul 25 02:11:40 witherspoon button_power.exe[1089]: GPIO Lookup:  POWER_BUTTON = 347,both
Jul 25 02:11:40 witherspoon button_reset.exe[1092]: GPIO Lookup:  RESET_BUTTON = 353,both
Jul 25 02:11:39 witherspoon systemd[1]: Started Phosphor Power Button0.
Jul 25 02:11:40 witherspoon power_control.exe[1088]: GPIO Lookup:  SYS_PWROK_BUFF = 306,in
Jul 25 02:11:40 witherspoon power_control.exe[1088]: GPIO Lookup:  SOFTWARE_PGOOD = 417,out
Jul 25 02:11:40 witherspoon power_control.exe[1088]: GPIO Lookup:  BMC_POWER_UP = 305,out
Jul 25 02:11:39 witherspoon systemd[1]: Started Phosphor Reset Button0.
Jul 25 02:11:40 witherspoon power_control.exe[1088]: GPIO Lookup:  BMC_CP0_RESET_N = 281,out
Jul 25 02:11:40 witherspoon power_control.exe[1088]: Pgood state: 0
Jul 25 02:11:40 witherspoon systemd[1]: Started Phosphor Power0 Control.
Jul 25 02:11:42 witherspoon bmc_update.py[1060]: Running Bmc Flash Control
Jul 25 02:11:42 witherspoon systemd[1]: Started Phosphor BMC Code Update.
Jul 25 02:11:44 witherspoon systemd[1]: Started Wait for /xyz/openbmc_project/control/host0.
Jul 25 02:11:44 witherspoon systemd[1]: Started Wait for /xyz/openbmc_project/state/chassis0.
Jul 25 02:11:44 witherspoon systemd[1]: Started Wait for /xyz/openbmc_project/state/host0.
Jul 25 02:11:44 witherspoon systemd[1]: Starting Reboot If Enabled...
Jul 25 02:11:45 witherspoon system_manager.py[1043]: SystemManager Goto System State: BMC_READY
Jul 25 02:11:45 witherspoon system_manager.py[1043]: Running System State: BMC_READY
Jul 25 02:11:45 witherspoon systemd[1]: Started Wait for /org/openbmc/control/power0.
Jul 25 02:11:45 witherspoon systemd[1]: Starting Check Chassis0 pgood and create a file to indicate it...
Jul 25 02:11:45 witherspoon systemd[1]: Starting Phosphor Time Manager daemon...
Jul 25 02:11:46 witherspoon timemanager[1123]: Registering dbus methods
Jul 25 02:11:46 witherspoon phosphor-discover-system-state[1120]: Host power is off, checking power policy
Jul 25 02:11:46 witherspoon systemd[1]: Started Reboot If Enabled.
Jul 25 02:11:46 witherspoon timemanager[1123]: Last known time_mode: MANUAL
Jul 25 02:11:46 witherspoon timemanager[1123]: Last known time_owner: BMC
Jul 25 02:11:46 witherspoon timemanager[1123]: Empty DhcpNtp string
Jul 25 02:11:46 witherspoon timemanager[1123]: Reading Power Control key: pgood
Jul 25 02:11:47 witherspoon systemd[1]: Started Check Chassis0 pgood and create a file to indicate it.
Jul 25 02:11:47 witherspoon systemd[1]: Reached target Chassis0 power on after reset.
Jul 25 02:11:47 witherspoon systemd[1]: Reached target Host0 running after reset.
Jul 25 02:11:47 witherspoon systemd[1]: Reached target Host0 (Reset Check).
Jul 25 02:11:47 witherspoon systemd[1]: Reached target Chassis0 (Reset Check).
Jul 25 02:11:47 witherspoon timemanager[1123]: Changing settings *allowed* now
Jul 25 02:11:47 witherspoon timemanager[1123]: Getting System Settings: time_mode
Jul 25 02:11:47 witherspoon timemanager[1123]: Requested_Mode: MANUAL Current_Mode: MANUAL
Jul 25 02:11:47 witherspoon timemanager[1123]: Mode is already set to : MANUAL
Jul 25 02:11:47 witherspoon timemanager[1123]: Getting System Settings: time_owner
Jul 25 02:11:47 witherspoon timemanager[1123]: Owner is already set to : BMC
Jul 25 02:11:47 witherspoon timemanager[1123]: Getting System Settings: use_dhcp_ntp
Jul 25 02:11:47 witherspoon timemanager[1123]: use_dhcp_ntp = yes
Jul 25 02:11:47 witherspoon timemanager[1123]: Last known host_offset:0
Jul 25 02:11:47 witherspoon timemanager[1123]: Initial Uptime Usec: 1500948597599961
Jul 25 02:11:47 witherspoon systemd[1]: Started Phosphor Time Manager daemon.
Jul 25 02:11:53 witherspoon phosphor-network-manager[1041]: Failed to get hostname
Jul 25 02:11:53 witherspoon phosphor-network-manager[1041]: The operation failed internally.
Jul 25 02:11:53 witherspoon phosphor-log-manager[968]: Failed to find metadata
Jul 25 02:11:54 witherspoon systemd[1]: Started Phosphor Network Manager.
Jul 25 02:11:54 witherspoon systemd[1]: Reached target Phosphor System - Standby.
Jul 25 02:11:54 witherspoon systemd[1]: Startup finished in 8.574s (kernel) + 1min 47.863s (userspace) = 1min 56.438s.
Jul 25 02:11:54 witherspoon phosphor-bmc-state-manager[1090]: BMC_READY
Jul 25 02:11:54 witherspoon phosphor-bmc-state-manager[1090]: Setting the BMCState field
Jul 25 02:11:54 witherspoon dbus[970]: [system] Failed to activate service 'org.freedesktop.hostname1': timed out
Jul 25 02:11:55 witherspoon phosphor-gevent[1037]: Traceback (most recent call last):
Jul 25 02:11:55 witherspoon phosphor-gevent[1037]:   File "/usr/lib/python2.7/site-packages/gevent/greenlet.py", line 327, in run
Jul 25 02:11:55 witherspoon phosphor-gevent[1037]:     result = self._run(*self.args, **self.kwargs)
Jul 25 02:11:55 witherspoon phosphor-gevent[1037]:   File "/usr/lib/python2.7/site-packages/gevent/server.py", line 102, in wrap_socket_and_handle
Jul 25 02:11:55 witherspoon phosphor-gevent[1037]:     ssl_socket = self.wrap_socket(client_socket, **self.ssl_args)
Jul 25 02:11:55 witherspoon phosphor-gevent[1037]:   File "/usr/lib/python2.7/site-packages/gevent/ssl.py", line 404, in wrap_socket
Jul 25 02:11:55 witherspoon phosphor-gevent[1037]:     ciphers=ciphers)
Jul 25 02:11:55 witherspoon phosphor-gevent[1037]:   File "/usr/lib/python2.7/site-packages/gevent/ssl.py", line 113, in __init__
Jul 25 02:11:55 witherspoon phosphor-gevent[1037]:     self.do_handshake()
Jul 25 02:11:55 witherspoon phosphor-gevent[1037]:   File "/usr/lib/python2.7/site-packages/gevent/ssl.py", line 324, in do_handshake
Jul 25 02:11:55 witherspoon phosphor-gevent[1037]:     return self._sslobj.do_handshake()
Jul 25 02:11:55 witherspoon phosphor-gevent[1037]: SSLEOFError: EOF occurred in violation of protocol (_ssl.c:590)
Jul 25 02:11:55 witherspoon phosphor-gevent[1037]: <Greenlet at 0x7608a3f0: <bound method WSGIServer.wrap_socket_and_handle of <WSGIServer at 0x76060b50 fileno=5 address=('::3442:f776:b01d:6d76%1986862496', 443, 0, 1986862496)>>(<socket at 0x75f37830 fileno=9>, ('::8029:6b76:8e91:f402%1995844380', 36380, 0, 199)> failed with SSLEOFError
Jul 25 02:11:55 witherspoon phosphor-gevent[1037]: Traceback (most recent call last):
Jul 25 02:11:55 witherspoon phosphor-gevent[1037]:   File "/usr/lib/python2.7/site-packages/gevent/greenlet.py", line 327, in run
Jul 25 02:11:55 witherspoon phosphor-gevent[1037]:     result = self._run(*self.args, **self.kwargs)
Jul 25 02:11:55 witherspoon phosphor-gevent[1037]:   File "/usr/lib/python2.7/site-packages/gevent/server.py", line 102, in wrap_socket_and_handle
Jul 25 02:11:55 witherspoon phosphor-gevent[1037]:     ssl_socket = self.wrap_socket(client_socket, **self.ssl_args)
Jul 25 02:11:55 witherspoon phosphor-gevent[1037]:   File "/usr/lib/python2.7/site-packages/gevent/ssl.py", line 404, in wrap_socket
Jul 25 02:11:55 witherspoon phosphor-gevent[1037]:     ciphers=ciphers)
Jul 25 02:11:55 witherspoon phosphor-gevent[1037]:   File "/usr/lib/python2.7/site-packages/gevent/ssl.py", line 113, in __init__
Jul 25 02:11:55 witherspoon phosphor-gevent[1037]:     self.do_handshake()
Jul 25 02:11:55 witherspoon phosphor-gevent[1037]:   File "/usr/lib/python2.7/site-packages/gevent/ssl.py", line 324, in do_handshake
Jul 25 02:11:55 witherspoon phosphor-gevent[1037]:     return self._sslobj.do_handshake()
Jul 25 02:11:55 witherspoon phosphor-gevent[1037]: SSLEOFError: EOF occurred in violation of protocol (_ssl.c:590)
Jul 25 02:11:55 witherspoon phosphor-gevent[1037]: <Greenlet at 0x7608a6c0: <bound method WSGIServer.wrap_socket_and_handle of <WSGIServer at 0x76060b50 fileno=5 address=('::3442:f776:b01d:6d76%1986862496', 443, 0, 1986862496)>>(<socket at 0x75f377d0 fileno=10>, ('::8029:6b76:8e91:f402%1995844380', 36382, 0, 199)> failed with SSLEOFError
Jul 25 02:11:55 witherspoon phosphor-gevent[1037]: Traceback (most recent call last):
Jul 25 02:11:55 witherspoon phosphor-gevent[1037]:   File "/usr/lib/python2.7/site-packages/gevent/greenlet.py", line 327, in run
Jul 25 02:11:55 witherspoon phosphor-gevent[1037]:     result = self._run(*self.args, **self.kwargs)
Jul 25 02:11:55 witherspoon phosphor-gevent[1037]:   File "/usr/lib/python2.7/site-packages/gevent/server.py", line 102, in wrap_socket_and_handle
Jul 25 02:11:55 witherspoon phosphor-gevent[1037]:     ssl_socket = self.wrap_socket(client_socket, **self.ssl_args)
Jul 25 02:11:55 witherspoon phosphor-gevent[1037]:   File "/usr/lib/python2.7/site-packages/gevent/ssl.py", line 404, in wrap_socket
Jul 25 02:11:55 witherspoon phosphor-gevent[1037]:     ciphers=ciphers)
Jul 25 02:11:55 witherspoon phosphor-gevent[1037]:   File "/usr/lib/python2.7/site-packages/gevent/ssl.py", line 113, in __init__
Jul 25 02:11:55 witherspoon phosphor-gevent[1037]:     self.do_handshake()
Jul 25 02:11:55 witherspoon phosphor-gevent[1037]:   File "/usr/lib/python2.7/site-packages/gevent/ssl.py", line 324, in do_handshake
Jul 25 02:11:55 witherspoon phosphor-gevent[1037]:     return self._sslobj.do_handshake()
Jul 25 02:11:55 witherspoon phosphor-gevent[1037]: SSLEOFError: EOF occurred in violation of protocol (_ssl.c:590)
Jul 25 02:11:55 witherspoon phosphor-gevent[1037]: <Greenlet at 0x7608a3a0: <bound method WSGIServer.wrap_socket_and_handle of <WSGIServer at 0x76060b50 fileno=5 address=('::3442:f776:b01d:6d76%1986862496', 443, 0, 1986862496)>>(<socket at 0x75f37870 fileno=11>, ('::8029:6b76:8e91:f402%1995844380', 36386, 0, 199)> failed with SSLEOFError
Jul 25 02:12:14 witherspoon phosphor-gevent[1037]: ::8029:6b76:8e91:f402%1995844380 - - [2017-07-25 02:12:14] "POST /login HTTP/1.1" 200 320 0.046046
Jul 25 02:12:14 witherspoon phosphor-gevent[1037]: ::8029:6b76:8e91:f402%1995844380 - - [2017-07-25 02:12:14] "GET /xyz/openbmc_project/state/chassis0//attr/CurrentPowerState HTTP/1.1" 200 216 0.060218
Jul 25 02:12:14 witherspoon phosphor-gevent[1037]: ::8029:6b76:8e91:f402%1995844380 - - [2017-07-25 02:12:14] "POST /login HTTP/1.1" 200 320 0.033559
Jul 25 02:12:14 witherspoon phosphor-gevent[1037]: ::8029:6b76:8e91:f402%1995844380 - - [2017-07-25 02:12:14] "GET /xyz/openbmc_project/state/chassis0//attr/CurrentPowerState HTTP/1.1" 200 216 0.067682
Jul 25 02:12:14 witherspoon phosphor-gevent[1037]: ::8029:6b76:8e91:f402%1995844380 - - [2017-07-25 02:12:14] "POST /login HTTP/1.1" 200 320 0.034521
Jul 25 02:12:14 witherspoon phosphor-gevent[1037]: ::8029:6b76:8e91:f402%1995844380 - - [2017-07-25 02:12:14] "GET /org/openbmc/sensors/host/BootProgress/attr/value HTTP/1.1" 200 170 0.052334
Jul 25 02:12:14 witherspoon phosphor-gevent[1037]: ::8029:6b76:8e91:f402%1995844380 - - [2017-07-25 02:12:14] "POST /login HTTP/1.1" 200 320 0.036177
Jul 25 02:12:14 witherspoon phosphor-gevent[1037]: ::8029:6b76:8e91:f402%1995844380 - - [2017-07-25 02:12:14] "GET /xyz/openbmc_project/state/host0//attr/CurrentHostState HTTP/1.1" 200 212 0.049817
Jul 25 02:12:15 witherspoon phosphor-gevent[1037]: ::8029:6b76:8e91:f402%1995844380 - - [2017-07-25 02:12:15] "POST /login HTTP/1.1" 200 320 0.034391
Jul 25 02:12:15 witherspoon phosphor-gevent[1037]: ::8029:6b76:8e91:f402%1995844380 - - [2017-07-25 02:12:15] "GET /xyz/openbmc_project/logging/entry//list HTTP/1.1" 200 259 0.055513
Jul 25 02:12:15 witherspoon phosphor-gevent[1037]: ::8029:6b76:8e91:f402%1995844380 - - [2017-07-25 02:12:15] "POST /login HTTP/1.1" 200 320 0.033407
Jul 25 02:12:15 witherspoon phosphor-gevent[1037]: ::8029:6b76:8e91:f402%1995844380 - - [2017-07-25 02:12:15] "GET /xyz/openbmc_project/logging/entry//list HTTP/1.1" 200 259 0.061365
Jul 25 02:12:15 witherspoon phosphor-gevent[1037]: ::8029:6b76:8e91:f402%1995844380 - - [2017-07-25 02:12:15] "POST /login HTTP/1.1" 200 320 0.033693
Jul 25 02:12:15 witherspoon phosphor-gevent[1037]: ::8029:6b76:8e91:f402%1995844380 - - [2017-07-25 02:12:15] "DELETE /xyz/openbmc_project/logging/entry/1 HTTP/1.1" 200 169 0.082626
Jul 25 02:12:16 witherspoon phosphor-gevent[1037]: ::8029:6b76:8e91:f402%1995844380 - - [2017-07-25 02:12:16] "POST /login HTTP/1.1" 200 320 0.043164
Jul 25 02:12:16 witherspoon phosphor-gevent[1037]: ::8029:6b76:8e91:f402%1995844380 - - [2017-07-25 02:12:16] "DELETE /xyz/openbmc_project/logging/entry/2 HTTP/1.1" 200 169 0.061599
Jul 25 02:12:16 witherspoon systemd[1]: Started SSH Per-Connection Server (9.41.165.94:35384).
Jul 25 02:12:16 witherspoon dropbear[1137]: Failed loading /etc/dropbear/dropbear_dss_host_key
Jul 25 02:12:16 witherspoon dropbear[1137]: Failed loading /etc/dropbear/dropbear_ecdsa_host_key
Jul 25 02:12:16 witherspoon dropbear[1137]: Child connection from ::ffff:9.41.165.94:35384
Jul 25 02:12:16 witherspoon dropbear[1137]: PAM password auth succeeded for 'root' from ::ffff:9.41.165.94:35384
Jul 25 02:12:16 witherspoon dropbear[1138]: lastlog_perform_login: Couldn't stat /var/log/lastlog: No such file or directory
Jul 25 02:12:16 witherspoon dropbear[1138]: lastlog_openseek: /var/log/lastlog is not a file or directory!
Jul 25 02:12:18 witherspoon phosphor-gevent[1037]: ::8029:6b76:8e91:f402%1995844380 - - [2017-07-25 02:12:18] "POST /login HTTP/1.1" 200 320 0.034149
Jul 25 02:12:18 witherspoon phosphor-gevent[1037]: ::8029:6b76:8e91:f402%1995844380 - - [2017-07-25 02:12:18] "GET /xyz/openbmc_project/state/host0//attr/CurrentHostState HTTP/1.1" 200 212 0.049661
Jul 25 02:12:18 witherspoon dropbear[1012]: Exit (root): Exited normally
Jul 25 02:12:18 witherspoon dropbear[1137]: Exit (root): Exited normally
Jul 25 02:12:21 witherspoon systemd[1]: Started SSH Per-Connection Server (9.41.165.94:35388).
Jul 25 02:12:21 witherspoon dropbear[1149]: Failed loading /etc/dropbear/dropbear_dss_host_key
Jul 25 02:12:21 witherspoon dropbear[1149]: Failed loading /etc/dropbear/dropbear_ecdsa_host_key
Jul 25 02:12:21 witherspoon dropbear[1149]: Child connection from ::ffff:9.41.165.94:35388
Jul 25 02:12:22 witherspoon dropbear[1149]: PAM password auth succeeded for 'root' from ::ffff:9.41.165.94:35388
Jul 25 02:12:22 witherspoon dropbear[1150]: lastlog_perform_login: Couldn't stat /var/log/lastlog: No such file or directory
Jul 25 02:12:22 witherspoon dropbear[1150]: lastlog_openseek: /var/log/lastlog is not a file or directory!
Jul 25 02:12:22 witherspoon phosphor-gevent[1037]: ::8029:6b76:8e91:f402%1995844380 - - [2017-07-25 02:12:22] "POST /login HTTP/1.1" 200 320 0.040469
Jul 25 02:12:23 witherspoon phosphor-gevent[1037]: ::8029:6b76:8e91:f402%1995844380 - - [2017-07-25 02:12:23] "PUT /org/openbmc/settings/host0/attr/power_policy HTTP/1.1" 200 169 0.178077
Jul 25 02:12:23 witherspoon phosphor-gevent[1037]: ::8029:6b76:8e91:f402%1995844380 - - [2017-07-25 02:12:23] "POST /login HTTP/1.1" 200 320 0.049476
Jul 25 02:12:23 witherspoon phosphor-gevent[1037]: ::8029:6b76:8e91:f402%1995844380 - - [2017-07-25 02:12:23] "GET /org/openbmc/settings/host0/attr/power_policy HTTP/1.1" 200 185 0.084851
Jul 25 02:12:23 witherspoon phosphor-gevent[1037]: ::8029:6b76:8e91:f402%1995844380 - - [2017-07-25 02:12:23] "POST /login HTTP/1.1" 200 320 0.034035
Jul 25 02:12:23 witherspoon phosphor-gevent[1037]: ::8029:6b76:8e91:f402%1995844380 - - [2017-07-25 02:12:23] "GET /xyz/openbmc_project/state/chassis0//attr/CurrentPowerState HTTP/1.1" 200 216 0.049694
Jul 25 02:12:23 witherspoon phosphor-gevent[1037]: ::8029:6b76:8e91:f402%1995844380 - - [2017-07-25 02:12:23] "POST /login HTTP/1.1" 200 320 0.034404
Jul 25 02:12:24 witherspoon phosphor-gevent[1037]: ::8029:6b76:8e91:f402%1995844380 - - [2017-07-25 02:12:24] "GET /xyz/openbmc_project/state/bmc0//attr/CurrentBMCState HTTP/1.1" 200 212 0.050047
Jul 25 02:12:24 witherspoon phosphor-gevent[1037]: ::8029:6b76:8e91:f402%1995844380 - - [2017-07-25 02:12:24] "POST /login HTTP/1.1" 200 320 0.033679
Jul 25 02:12:24 witherspoon phosphor-gevent[1037]: ::8029:6b76:8e91:f402%1995844380 - - [2017-07-25 02:12:24] "GET /org/openbmc/sensors/host/BootProgress/attr/value HTTP/1.1" 200 170 0.066062
Jul 25 02:12:24 witherspoon phosphor-gevent[1037]: ::8029:6b76:8e91:f402%1995844380 - - [2017-07-25 02:12:24] "POST /login HTTP/1.1" 200 320 0.055486
Jul 25 02:12:24 witherspoon phosphor-gevent[1037]: ::8029:6b76:8e91:f402%1995844380 - - [2017-07-25 02:12:24] "GET /xyz/openbmc_project/state/host0//attr/CurrentHostState HTTP/1.1" 200 212 0.050609
Jul 25 02:12:24 witherspoon phosphor-gevent[1037]: ::8029:6b76:8e91:f402%1995844380 - - [2017-07-25 02:12:24] "POST /login HTTP/1.1" 200 320 0.034583
Jul 25 02:12:24 witherspoon phosphor-gevent[1037]: ::8029:6b76:8e91:f402%1995844380 - - [2017-07-25 02:12:24] "GET /xyz/openbmc_project/logging/entry//list HTTP/1.1" 404 311 0.042590
Jul 25 02:12:25 witherspoon systemd[1]: Started SSH Per-Connection Server (9.41.165.94:35404).
Jul 25 02:12:25 witherspoon dropbear[1156]: Failed loading /etc/dropbear/dropbear_dss_host_key
Jul 25 02:12:25 witherspoon dropbear[1156]: Failed loading /etc/dropbear/dropbear_ecdsa_host_key
Jul 25 02:12:25 witherspoon dropbear[1156]: Child connection from ::ffff:9.41.165.94:35404
Jul 25 02:12:25 witherspoon dropbear[1156]: PAM password auth succeeded for 'root' from ::ffff:9.41.165.94:35404
Jul 25 02:12:54 witherspoon phosphor-gevent[1037]: ::8029:6b76:8e91:f402%1995844380 - - [2017-07-25 02:12:54] "POST /login HTTP/1.1" 200 320 0.050591
Jul 25 02:12:54 witherspoon phosphor-gevent[1037]: ::8029:6b76:8e91:f402%1995844380 - - [2017-07-25 02:12:54] "POST /org/openbmc/control/flash/bios//action/update HTTP/1.1" 200 169 0.271369
Jul 25 02:12:55 witherspoon flash_bios.exe[1061]: Starting flasher: bios,/tmp/witherspoon_910_golden.pnor,/org/openbmc/control/flash/bios,
Jul 25 02:12:55 witherspoon flash_bios.exe[1061]: flasher: /tmp/witherspoon_910_golden.pnor, BMC = 1, address = 0x0
Jul 25 02:12:55 witherspoon flash_bios.exe[1061]: Setting up flash
Jul 25 02:12:55 witherspoon phosphor-gevent[1037]: ::8029:6b76:8e91:f402%1995844380 - - [2017-07-25 02:12:55] "POST /login HTTP/1.1" 200 320 0.033824
Jul 25 02:12:55 witherspoon phosphor-gevent[1037]: ::8029:6b76:8e91:f402%1995844380 - - [2017-07-25 02:12:55] "GET /org/openbmc/control/flash/bios HTTP/1.1" 200 397 0.228652
Jul 25 02:12:56 witherspoon phosphor-gevent[1037]: ::8029:6b76:8e91:f402%1995844380 - - [2017-07-25 02:12:56] "POST /login HTTP/1.1" 200 320 0.077690
Jul 25 02:12:56 witherspoon phosphor-gevent[1037]: ::8029:6b76:8e91:f402%1995844380 - - [2017-07-25 02:12:56] "GET /org/openbmc/control/flash/bios HTTP/1.1" 200 397 0.138937
Jul 25 02:13:06 witherspoon phosphor-gevent[1037]: ::8029:6b76:8e91:f402%1995844380 - - [2017-07-25 02:13:06] "POST /login HTTP/1.1" 200 320 0.034107
Jul 25 02:13:06 witherspoon phosphor-gevent[1037]: ::8029:6b76:8e91:f402%1995844380 - - [2017-07-25 02:13:06] "GET /org/openbmc/control/flash/bios HTTP/1.1" 200 397 0.068671
Jul 25 02:13:17 witherspoon phosphor-gevent[1037]: ::8029:6b76:8e91:f402%1995844380 - - [2017-07-25 02:13:17] "POST /login HTTP/1.1" 200 320 0.505431
Jul 25 02:13:17 witherspoon phosphor-gevent[1037]: ::8029:6b76:8e91:f402%1995844380 - - [2017-07-25 02:13:17] "GET /org/openbmc/control/flash/bios HTTP/1.1" 200 397 0.073908
Jul 25 02:13:27 witherspoon phosphor-gevent[1037]: ::8029:6b76:8e91:f402%1995844380 - - [2017-07-25 02:13:27] "POST /login HTTP/1.1" 200 320 0.033727
Jul 25 02:13:28 witherspoon phosphor-gevent[1037]: ::8029:6b76:8e91:f402%1995844380 - - [2017-07-25 02:13:28] "GET /org/openbmc/control/flash/bios HTTP/1.1" 200 397 0.636765
Jul 25 02:13:38 witherspoon phosphor-gevent[1037]: ::8029:6b76:8e91:f402%1995844380 - - [2017-07-25 02:13:38] "POST /login HTTP/1.1" 200 320 0.034216
Jul 25 02:13:38 witherspoon phosphor-gevent[1037]: ::8029:6b76:8e91:f402%1995844380 - - [2017-07-25 02:13:38] "GET /org/openbmc/control/flash/bios HTTP/1.1" 200 397 0.068035
Jul 25 02:13:48 witherspoon phosphor-gevent[1037]: ::8029:6b76:8e91:f402%1995844380 - - [2017-07-25 02:13:48] "POST /login HTTP/1.1" 200 320 0.033395
Jul 25 02:13:49 witherspoon phosphor-gevent[1037]: ::8029:6b76:8e91:f402%1995844380 - - [2017-07-25 02:13:49] "GET /org/openbmc/control/flash/bios HTTP/1.1" 200 397 0.068824
Jul 25 02:13:59 witherspoon phosphor-gevent[1037]: ::8029:6b76:8e91:f402%1995844380 - - [2017-07-25 02:13:59] "POST /login HTTP/1.1" 200 320 0.041244
Jul 25 02:14:00 witherspoon phosphor-gevent[1037]: ::8029:6b76:8e91:f402%1995844380 - - [2017-07-25 02:14:00] "GET /org/openbmc/control/flash/bios HTTP/1.1" 200 397 0.900424
Jul 25 02:14:10 witherspoon phosphor-gevent[1037]: ::8029:6b76:8e91:f402%1995844380 - - [2017-07-25 02:14:10] "POST /login HTTP/1.1" 200 320 0.033871
Jul 25 02:14:10 witherspoon phosphor-gevent[1037]: ::8029:6b76:8e91:f402%1995844380 - - [2017-07-25 02:14:10] "GET /org/openbmc/control/flash/bios HTTP/1.1" 200 397 0.068916
Jul 25 02:14:20 witherspoon phosphor-gevent[1037]: ::8029:6b76:8e91:f402%1995844380 - - [2017-07-25 02:14:20] "POST /login HTTP/1.1" 200 320 0.034464
Jul 25 02:14:20 witherspoon phosphor-gevent[1037]: ::8029:6b76:8e91:f402%1995844380 - - [2017-07-25 02:14:20] "GET /org/openbmc/control/flash/bios HTTP/1.1" 200 397 0.068878
Jul 25 02:14:30 witherspoon phosphor-gevent[1037]: ::8029:6b76:8e91:f402%1995844380 - - [2017-07-25 02:14:30] "POST /login HTTP/1.1" 200 320 0.034341
Jul 25 02:14:31 witherspoon phosphor-gevent[1037]: ::8029:6b76:8e91:f402%1995844380 - - [2017-07-25 02:14:31] "GET /org/openbmc/control/flash/bios HTTP/1.1" 200 397 0.069021
Jul 25 02:14:41 witherspoon phosphor-gevent[1037]: ::8029:6b76:8e91:f402%1995844380 - - [2017-07-25 02:14:41] "POST /login HTTP/1.1" 200 320 0.033396
Jul 25 02:14:41 witherspoon phosphor-gevent[1037]: ::8029:6b76:8e91:f402%1995844380 - - [2017-07-25 02:14:41] "GET /org/openbmc/control/flash/bios HTTP/1.1" 200 397 0.068644
Jul 25 02:14:51 witherspoon phosphor-gevent[1037]: ::8029:6b76:8e91:f402%1995844380 - - [2017-07-25 02:14:51] "POST /login HTTP/1.1" 200 320 0.033627
Jul 25 02:14:51 witherspoon phosphor-gevent[1037]: ::8029:6b76:8e91:f402%1995844380 - - [2017-07-25 02:14:51] "GET /org/openbmc/control/flash/bios HTTP/1.1" 200 397 0.068751
Jul 25 02:15:01 witherspoon phosphor-gevent[1037]: ::8029:6b76:8e91:f402%1995844380 - - [2017-07-25 02:15:01] "POST /login HTTP/1.1" 200 320 0.033632
Jul 25 02:15:01 witherspoon phosphor-gevent[1037]: ::8029:6b76:8e91:f402%1995844380 - - [2017-07-25 02:15:01] "GET /org/openbmc/control/flash/bios HTTP/1.1" 200 402 0.069419
Jul 25 02:15:12 witherspoon phosphor-gevent[1037]: ::8029:6b76:8e91:f402%1995844380 - - [2017-07-25 02:15:12] "POST /login HTTP/1.1" 200 320 0.033710
Jul 25 02:15:12 witherspoon phosphor-gevent[1037]: ::8029:6b76:8e91:f402%1995844380 - - [2017-07-25 02:15:12] "GET /org/openbmc/control/flash/bios HTTP/1.1" 200 402 0.086228
Jul 25 02:15:22 witherspoon phosphor-gevent[1037]: ::8029:6b76:8e91:f402%1995844380 - - [2017-07-25 02:15:22] "POST /login HTTP/1.1" 200 320 0.034278
Jul 25 02:15:22 witherspoon phosphor-gevent[1037]: ::8029:6b76:8e91:f402%1995844380 - - [2017-07-25 02:15:22] "GET /org/openbmc/control/flash/bios HTTP/1.1" 200 402 0.068969
Jul 25 02:15:32 witherspoon phosphor-gevent[1037]: ::8029:6b76:8e91:f402%1995844380 - - [2017-07-25 02:15:32] "POST /login HTTP/1.1" 200 320 0.033835
Jul 25 02:15:32 witherspoon phosphor-gevent[1037]: ::8029:6b76:8e91:f402%1995844380 - - [2017-07-25 02:15:32] "GET /org/openbmc/control/flash/bios HTTP/1.1" 200 402 0.068285
Jul 25 02:15:42 witherspoon phosphor-gevent[1037]: ::8029:6b76:8e91:f402%1995844380 - - [2017-07-25 02:15:42] "POST /login HTTP/1.1" 200 320 0.034015
Jul 25 02:15:43 witherspoon phosphor-gevent[1037]: ::8029:6b76:8e91:f402%1995844380 - - [2017-07-25 02:15:43] "GET /org/openbmc/control/flash/bios HTTP/1.1" 200 401 0.069303
Jul 25 02:15:51 witherspoon flash_bios.exe[1061]: Erasing... (may take a while !) done !
Jul 25 02:15:51 witherspoon flash_bios.exe[1061]: About to program "/tmp/witherspoon_910_golden.pnor" at 0x00000000..0x04000000 !
Jul 25 02:15:51 witherspoon flash_bios.exe[1061]: Programming & Verifying...
Jul 25 02:15:51 witherspoon flash_bios.exe[1061]: Flash done
Jul 25 02:15:53 witherspoon phosphor-gevent[1037]: ::8029:6b76:8e91:f402%1995844380 - - [2017-07-25 02:15:53] "POST /login HTTP/1.1" 200 320 0.078742
Jul 25 02:15:53 witherspoon phosphor-gevent[1037]: ::8029:6b76:8e91:f402%1995844380 - - [2017-07-25 02:15:53] "GET /org/openbmc/control/flash/bios HTTP/1.1" 200 399 0.072989
Jul 25 02:15:53 witherspoon systemd[1]: Started SSH Per-Connection Server (9.41.165.94:35454).
Jul 25 02:15:53 witherspoon dropbear[1162]: Failed loading /etc/dropbear/dropbear_dss_host_key
Jul 25 02:15:53 witherspoon dropbear[1162]: Failed loading /etc/dropbear/dropbear_ecdsa_host_key
Jul 25 02:15:53 witherspoon dropbear[1162]: Child connection from ::ffff:9.41.165.94:35454
Jul 25 02:15:53 witherspoon dropbear[1162]: PAM password auth succeeded for 'root' from ::ffff:9.41.165.94:35454
Jul 25 02:15:53 witherspoon dropbear[1163]: lastlog_perform_login: Couldn't stat /var/log/lastlog: No such file or directory
Jul 25 02:15:54 witherspoon dropbear[1163]: lastlog_openseek: /var/log/lastlog is not a file or directory!
Jul 25 02:15:55 witherspoon phosphor-gevent[1037]: ::8029:6b76:8e91:f402%1995844380 - - [2017-07-25 02:15:55] "POST /login HTTP/1.1" 200 320 0.043061
Jul 25 02:15:55 witherspoon phosphor-gevent[1037]: ::8029:6b76:8e91:f402%1995844380 - - [2017-07-25 02:15:55] "GET /xyz/openbmc_project/state/host0//attr/CurrentHostState HTTP/1.1" 200 212 0.050071
Jul 25 02:15:55 witherspoon systemd[1]: Created slice system-obmc\x2dconsole\x2dssh.slice.
Jul 25 02:15:55 witherspoon systemd[1]: Started Phosphor Host Console SSH Per-Connection (9.41.165.94:52240).
Jul 25 02:15:55 witherspoon dropbear[1167]: Failed loading /etc/dropbear/dropbear_dss_host_key
Jul 25 02:15:55 witherspoon dropbear[1167]: Failed loading /etc/dropbear/dropbear_ecdsa_host_key
Jul 25 02:15:55 witherspoon dropbear[1167]: Child connection from ::ffff:9.41.165.94:52240
Jul 25 02:15:56 witherspoon dropbear[1167]: PAM password auth succeeded for 'root' from ::ffff:9.41.165.94:52240
Jul 25 02:15:56 witherspoon dropbear[1168]: lastlog_perform_login: Couldn't stat /var/log/lastlog: No such file or directory
