[    0.140000] clocksource: jiffies: mask: 0xffffffff max_cycles: 0xffffffff, max_idle_ns: 19112604462750000 ns
[    0.140000] futex hash table entries: 256 (order: -1, 3072 bytes)
[    0.140000] pinctrl core: initialized pinctrl subsystem
[    0.140000] NET: Registered protocol family 16
[    0.150000] DMA: preallocated 256 KiB pool for atomic coherent allocations
[    0.220000] usbcore: registered new interface driver usbfs
[    0.220000] usbcore: registered new interface driver hub
[    0.220000] usbcore: registered new device driver usb
[    0.220000] clocksource: Switched to clocksource moxart_timer
[    0.230000] NET: Registered protocol family 2
[    0.230000] TCP established hash table entries: 4096 (order: 2, 16384 bytes)
[    0.230000] TCP bind hash table entries: 4096 (order: 2, 16384 bytes)
[    0.230000] TCP: Hash tables configured (established 4096 bind 4096)
[    0.230000] UDP hash table entries: 256 (order: 0, 4096 bytes)
[    0.230000] UDP-Lite hash table entries: 256 (order: 0, 4096 bytes)
[    0.230000] NET: Registered protocol family 1
[    0.240000] Trying to unpack rootfs image as initramfs...
[    1.910000] Freeing initrd memory: 1548K
[    1.910000] workingset: timestamp_bits=30 max_order=17 bucket_order=0
[    1.910000] squashfs: version 4.0 (2009/01/31) Phillip Lougher
[    1.910000] jffs2: version 2.2. (SUMMARY)  Â© 2001-2006 Red Hat, Inc.
[    1.910000] Block layer SCSI generic (bsg) driver version 0.4 loaded (major 250)
[    1.910000] io scheduler noop registered
[    1.910000] io scheduler deadline registered
[    1.910000] io scheduler cfq registered (default)
[    2.060000] ipmi-bt-host 1e789140.ibt: Found bt bmc device
[    2.060000] ipmi-bt-host 1e789140.ibt: Using IRQ 22
[    2.060000] Serial: 8250/16550 driver, 6 ports, IRQ sharing enabled
[    2.060000] 1e787000.vuart: ttyS0 at MMIO 0x1e787000 (irq = 22, base_baud = 1500000) is a 16550A
[    2.060000] 1e783000.serial: ttyS1 at MMIO 0x1e783000 (irq = 23, base_baud = 1500000) is a 16550A
[    2.060000] 1e78d000.serial: ttyS2 at MMIO 0x1e78d000 (irq = 24, base_baud = 1500000) is a 16550A
[    2.060000] 1e784000.serial: ttyS4 at MMIO 0x1e784000 (irq = 25, base_baud = 1500000) is a 16550A
[    2.430000] console [ttyS4] enabled
[    2.590000] timeriomem_rng 1e6e2078.hwrng: 32bits from 0xf00e2078 @ 1us
[    2.620000] random: fast init done
[    2.640000] brd: module loaded
[    2.660000] loop: module loaded
[    2.670000] aspeed-lpc-ctrl 1e789080.lpc-ctrl: Loaded at 0x98000000 (0x04000000)
[    2.680000] aspeed-smc 1e620000.flash-controller: Using IRQ 18
[    2.680000] aspeed-smc 1e620000.flash-controller: DMA support disabled.
[    2.680000] aspeed-smc 1e620000.flash-controller: mx25l25635e (32768 Kbytes)
[    2.700000] aspeed-smc 1e620000.flash-controller: CE0 window [ 0x20000000 - 0x22000000 ] 32MB
[    2.700000] aspeed-smc 1e620000.flash-controller: CE1 window [ 0x22000000 - 0x2a000000 ] 128MB
[    2.700000] 5 ofpart partitions found on MTD device bmc
[    2.700000] Creating 5 MTD partitions on "bmc":
[    2.730000] 0x000000000000-0x000000060000 : "u-boot"
[    2.730000] 0x000000060000-0x000000080000 : "u-boot-env"
[    2.730000] 0x000000080000-0x0000004c0000 : "kernel"
[    2.730000] 0x0000004c0000-0x000001c00000 : "rofs"
[    2.770000] 0x000001c00000-0x000002000000 : "rwfs"
[    2.770000] aspeed-smc 1e620000.flash-controller: mx25l25635e (32768 Kbytes)
[    2.780000] aspeed-smc 1e620000.flash-controller: CE1 window [ 0x22000000 - 0x24000000 ] 32MB
[    2.780000] aspeed-smc 1e620000.flash-controller: CE2 window [ 0x24000000 - 0x2c000000 ] 128MB
[    2.810000] aspeed-smc 1e630000.flash-controller: mx66l1g45g (131072 Kbytes)
[    2.820000] aspeed-smc 1e630000.flash-controller: CE0 window resized to 120MB (AST2500 HW quirk)
[    2.820000] aspeed-smc 1e630000.flash-controller: CE0 window [ 0x30000000 - 0x37800000 ] 120MB
[    2.820000] aspeed-smc 1e630000.flash-controller: CE0 window too small for chip 128MB
[    2.840000] aspeed-smc 1e630000.flash-controller: CE1 window [ 0x37800000 - 0x38000000 ] 8MB
[    3.590000] libphy: Fixed MDIO Bus: probed
[    3.590000] ftgmac100 1e660000.ethernet: Read MAC address 70:e2:84:14:24:20 from chip
[    3.590000] ftgmac100 1e660000.ethernet: Using NCSI interface
[    3.590000] ftgmac100 1e660000.ethernet eth0: irq 20, mapped at f0060000
[    3.590000] ehci_hcd: USB 2.0 'Enhanced' Host Controller (EHCI) Driver
[    3.590000] ehci-platform: EHCI generic platform driver
[    3.820000]  fsi0: can't read slave 00:00 -5
[    3.820000] i2c /dev entries driver
[    3.820000] aspeed-i2c-bus 1e78a0c0.i2c-bus: i2c bus 2 registered, irq 26
[    3.820000] aspeed-i2c-bus 1e78a100.i2c-bus: i2c bus 3 registered, irq 27
[    3.820000] aspeed-i2c-bus 1e78a140.i2c-bus: i2c bus 4 registered, irq 28
[    3.820000] aspeed-i2c-bus 1e78a180.i2c-bus: i2c bus 5 registered, irq 29
[    3.820000] aspeed-i2c-bus 1e78a380.i2c-bus: i2c bus 9 registered, irq 30
[    3.820000] aspeed-i2c-bus 1e78a3c0.i2c-bus: i2c bus 10 registered, irq 31
[    3.820000] rtc-rv8803 11-0032: Voltage low, temperature compensation stopped.
[    3.820000] rtc-rv8803 11-0032: rtc core: registered rx8900 as rtc0
[    3.820000] at24 11-0051: 8192 byte 24c64 EEPROM, writable, 1 bytes/write
[    3.820000] aspeed-i2c-bus 1e78a400.i2c-bus: i2c bus 11 registered, irq 32
[    3.820000] aspeed-i2c-bus 1e78a440.i2c-bus: i2c bus 12 registered, irq 33
[    3.820000] aspeed-i2c-bus 1e78a480.i2c-bus: i2c bus 13 registered, irq 34
[    3.820000] Driver for 1-wire Dallas network protocol.
[    3.970000] random: crng init done
[    3.980000] lm75 9-004a: hwmon0: sensor 'tmp275'
[    5.640000] ucd9000 11-0064: Device ID UCD90160|2.3.4.0000|110603
[    6.310000] leds-pca955x 3-0060: leds-pca955x: Using pca9552 16-bit LED driver at slave address 0x60
[    6.330000] leds-pca955x 3-0060: gpios 264...279
[    6.330000] leds-pca955x 11-0060: leds-pca955x: Using pca9552 16-bit LED driver at slave address 0x60
[    6.340000] leds-pca955x 11-0060: gpios 248...263
[    6.350000] usbcore: registered new interface driver usbhid
[    6.350000] usbhid: USB HID core driver
[    6.400000] NET: Registered protocol family 10
[    6.400000] Segment Routing with IPv6
[    6.410000] NET: Registered protocol family 17
[    6.410000] 8021q: 802.1Q VLAN Support v1.8
[    6.420000] input: gpio-keys-polled as /devices/platform/gpio-keys-polled/input/input1
[    6.450000] console [netcon0] enabled
[    6.450000] netconsole: network logging started
[    6.460000] input: gpio-keys as /devices/platform/gpio-keys/input/input2
[    6.470000] rtc-rv8803 11-0032: setting system clock to 2016-04-25 15:49:14 UTC (1461599354)
[    6.480000] Freeing unused kernel memory: 280K
[    6.480000] This architecture does not have kernel memory protection.
[    8.430000] jffs2: notice: (540) jffs2_build_xattr_subsystem: complete building xattr subsystem, 1 of xdatum (0 unchecked, 0 orphan) and 10 of xref (0 dead, 0 orphan) found.
[   10.470000] systemd[1]: System time before build time, advancing clock.
[   10.470000] systemd[1]: Failed to insert module 'autofs4': No such file or directory
[   10.470000] systemd[1]: systemd 232 running in system mode. (+PAM -AUDIT -SELINUX -IMA -APPARMOR -SMACK +SYSVINIT -UTMP -LIBCRYPTSETUP -GCRYPT -GNUTLS +ACL +XZ -LZ4 -SECCOMP +BLKID -ELFUTILS +KMOD -IDN)
[   10.810000] systemd[1]: Detected architecture arm.
[   10.870000] systemd[1]: Set hostname to <witherspoon>.
[   12.450000] systemd[1]: Listening on udev Kernel Socket.
[   12.550000] systemd[1]: Created slice System Slice.
[   12.590000] systemd[1]: Created slice system-phosphor\x2dcooling\x2dtype.slice.
[   12.630000] systemd[1]: Created slice system-getty.slice.
[   12.670000] systemd[1]: Reached target Remote File Systems.
[   12.710000] systemd[1]: Reached target Swap.
[   12.740000] systemd[1]: Created slice system-obmc\x2dled\x2dgroup\x2dstart.slice.
[   15.550000] systemd[1]: Mounted /var/volatile.
[   15.700000] systemd[1]: Started Journal Service.
[   16.910000] systemd-journald[569]: Received request to flush runtime journal from PID 1
[   24.110000] ubi7: default fastmap pool size: 100
[   24.110000] ubi7: default fastmap WL pool size: 50
[   24.110000] ubi7: attaching mtd7
[   25.000000] ubi7: scanning is finished
[   25.000000] ubi7: attached mtd7 (name "pnor", size 128 MiB)
[   25.000000] ubi7: PEB size: 65536 bytes (64 KiB), LEB size: 65408 bytes
[   25.000000] ubi7: min./max. I/O unit sizes: 1/256, sub-page size 1
[   25.000000] ubi7: VID header offset: 64 (aligned 64), data offset: 128
[   25.000000] ubi7: good PEBs: 2048, bad PEBs: 0, corrupted PEBs: 0
[   25.000000] ubi7: user volume: 3, internal volumes: 1, max. volumes count: 128
[   25.000000] ubi7: max/mean erase counter: 1/0, WL threshold: 4096, image sequence number: 1661816137
[   25.000000] ubi7: available PEBs: 1367, total reserved PEBs: 681, PEBs reserved for bad PEB handling: 0
[   25.000000] ubi7: background thread "ubi_bgt7d" started, PID 983
[   34.440000] 8021q: adding VLAN 0 to HW filter on device eth0
[   38.270000] ftgmac100 1e660000.ethernet eth0: ncsi: removed vlan tag 0 at index 1
[   38.270000] ftgmac100 1e660000.ethernet eth0: ncsi: removed vlan tag 0 at index 2
[   38.270000] ftgmac100 1e660000.ethernet eth0: no vlan ids left to set
[   38.270000] ftgmac100 1e660000.ethernet eth0: NCSI interface up
[   44.150000] block ubiblock7_0: created from ubi7:0(pnor-ro-2b6dcac8)
[   46.550000] UBIFS (ubi7:1): UBIFS: mounted UBI device 7, volume 1, name "pnor-rw-2b6dcac8"
[   46.550000] UBIFS (ubi7:1): LEB size: 65408 bytes (63 KiB), min./max. I/O unit sizes: 8 bytes/256 bytes
[   46.550000] UBIFS (ubi7:1): FS size: 16155776 bytes (15 MiB, 247 LEBs), journal size 784896 bytes (0 MiB, 12 LEBs)
[   46.550000] UBIFS (ubi7:1): reserved for root: 763076 bytes (745 KiB)
[   46.550000] UBIFS (ubi7:1): media format: w5/r0 (latest is w5/r0), UUID CFBD9CF0-B3B8-465D-914E-1DF59AB7E5E1, small LPT model
[   46.550000] UBIFS (ubi7:1): background thread "ubifs_bgt7_1" started, PID 1029
[   46.550000] UBIFS (ubi7:2): UBIFS: mounted UBI device 7, volume 2, name "pnor-prsv"
[   46.550000] UBIFS (ubi7:2): LEB size: 65408 bytes (63 KiB), min./max. I/O unit sizes: 8 bytes/256 bytes
[   46.550000] UBIFS (ubi7:2): FS size: 1504384 bytes (1 MiB, 23 LEBs), journal size 523265 bytes (0 MiB, 6 LEBs)
[   46.550000] UBIFS (ubi7:2): reserved for root: 71055 bytes (69 KiB)
[   46.550000] UBIFS (ubi7:2): media format: w5/r0 (latest is w5/r0), UUID A09A00DC-898C-4306-88AF-760CB93FCB0B, small LPT model
[   46.870000] UBIFS (ubi7:2): background thread "ubifs_bgt7_2" started, PID 1037
[   52.950000] UBIFS (ubi7:3): default file-system created
[   52.950000] UBIFS (ubi7:3): UBIFS: mounted UBI device 7, volume 3, name "pnor-patch"
[   52.950000] UBIFS (ubi7:3): LEB size: 65408 bytes (63 KiB), min./max. I/O unit sizes: 8 bytes/256 bytes
[   52.950000] UBIFS (ubi7:3): FS size: 16155776 bytes (15 MiB, 247 LEBs), journal size 784896 bytes (0 MiB, 12 LEBs)
[   52.950000] UBIFS (ubi7:3): reserved for root: 763076 bytes (745 KiB)
[   52.950000] UBIFS (ubi7:3): media format: w5/r0 (latest is w5/r0), UUID 0FCF83D3-2A53-4A29-97D9-53BDCE4BF73A, small LPT model
[   53.080000] UBIFS (ubi7:3): background thread "ubifs_bgt7_3" started, PID 1061
[  373.710000] ucd9000 11-0064: Device ID UCD90160|2.3.4.0000|110603
[  376.030000] ucd9000 11-0064: Device ID UCD90160|2.3.4.0000|110603
[  382.140000] occ-hwmon occ1-dev0: failed to get OCC poll response: -19
[  385.240000] ucd9000 11-0064: Device ID UCD90160|2.3.4.0000|110603
[  387.540000]  slave@00:00: status: 0xc4000511, sisc: 0x82040000
[  474.120000] ucd9000 11-0064: Device ID UCD90160|2.3.4.0000|110603
[  476.400000] ucd9000 11-0064: Device ID UCD90160|2.3.4.0000|110603
[  485.650000] occ-hwmon occ1-dev0: failed to get OCC poll response: -19
[  488.200000] ucd9000 11-0064: Device ID UCD90160|2.3.4.0000|110603
[  490.510000]  slave@00:00: status: 0xc4000511, sisc: 0x82040000
[  570.820000] ucd9000 11-0064: Device ID UCD90160|2.3.4.0000|110603
[  573.430000] ucd9000 11-0064: Device ID UCD90160|2.3.4.0000|110603
[  580.950000] occ-hwmon occ1-dev0: failed to get OCC poll response: -19
[  583.060000] ucd9000 11-0064: Device ID UCD90160|2.3.4.0000|110603
[  585.660000]  slave@00:00: status: 0xc4000511, sisc: 0x82040000
[  666.820000] ucd9000 11-0064: Device ID UCD90160|2.3.4.0000|110603
[  668.550000] ucd9000 11-0064: Device ID UCD90160|2.3.4.0000|110603
[  677.910000] occ-hwmon occ1-dev0: failed to get OCC poll response: -19
[  680.180000] ucd9000 11-0064: Device ID UCD90160|2.3.4.0000|110603
[  682.940000]  slave@00:00: status: 0xc4000511, sisc: 0x82040000
[  824.580000] ucd9000 11-0064: Device ID UCD90160|2.3.4.0000|110603
[  826.260000] ucd9000 11-0064: Device ID UCD90160|2.3.4.0000|110603
[  838.490000] occ-hwmon occ1-dev0: failed to get OCC poll response: -19
[  840.120000] ucd9000 11-0064: Device ID UCD90160|2.3.4.0000|110603
[  842.460000]  slave@00:00: status: 0xc4000511, sisc: 0x82040000
