-- Logs begin at Thu 2017-08-03 15:42:59 UTC, end at Thu 2017-08-03 15:59:11 UTC. --
Aug 03 15:42:59 witherspoon kernel: Booting Linux on physical CPU 0x0
Aug 03 15:42:59 witherspoon kernel: Linux version 4.10.17-1a4df30c39cf5ee0e3d2528c409787ccbb4a672a (jenkins@openbmc-builder1) (gcc version 6.2.0 (GCC) ) #1 Wed Aug 16 01:23:05 UTC 2017
Aug 03 15:42:59 witherspoon kernel: CPU: ARMv6-compatible processor [410fb767] revision 7 (ARMv7), cr=00c5387d
Aug 03 15:42:59 witherspoon kernel: CPU: PIPT / VIPT nonaliasing data cache, VIPT nonaliasing instruction cache
Aug 03 15:42:59 witherspoon kernel: OF: fdt:Machine model: Witherspoon BMC
Aug 03 15:42:59 witherspoon kernel: Memory policy: Data cache writeback
Aug 03 15:42:59 witherspoon kernel: SOC Rev: 04030303
Aug 03 15:42:59 witherspoon kernel: On node 0 totalpages: 110592
Aug 03 15:42:59 witherspoon kernel: free_area_init_node: node 0, pgdat 80601864, node_mem_map 9ec1a000
Aug 03 15:42:59 witherspoon kernel:   Normal zone: 992 pages used for memmap
Aug 03 15:42:59 witherspoon kernel:   Normal zone: 0 pages reserved
Aug 03 15:42:59 witherspoon kernel:   Normal zone: 110592 pages, LIFO batch:31
Aug 03 15:42:59 witherspoon kernel: pcpu-alloc: s0 r0 d32768 u32768 alloc=1*32768
Aug 03 15:42:59 witherspoon kernel: pcpu-alloc: [0] 0 
Aug 03 15:42:59 witherspoon kernel: Built 1 zonelists in Zone order, mobility grouping on.  Total pages: 109600
Aug 03 15:42:59 witherspoon kernel: Kernel command line: console=ttyS4,115200n8 root=/dev/ram rw
Aug 03 15:42:59 witherspoon kernel: PID hash table entries: 2048 (order: 1, 8192 bytes)
Aug 03 15:42:59 witherspoon kernel: Dentry cache hash table entries: 65536 (order: 6, 262144 bytes)
Aug 03 15:42:59 witherspoon kernel: Inode-cache hash table entries: 32768 (order: 5, 131072 bytes)
Aug 03 15:42:59 witherspoon kernel: Memory: 430420K/442368K available (4074K kernel code, 281K rwdata, 1196K rodata, 280K init, 111K bss, 11948K reserved, 0K cma-reserved)
Aug 03 15:42:59 witherspoon kernel: Virtual kernel memory layout:
                                        vector  : 0xffff0000 - 0xffff1000   (   4 kB)
                                        fixmap  : 0xffc00000 - 0xfff00000   (3072 kB)
                                        vmalloc : 0x9f800000 - 0xff800000   (1536 MB)
                                        lowmem  : 0x80000000 - 0x9f000000   ( 496 MB)
                                          .text : 0x80008000 - 0x80402cb0   (4076 kB)
                                          .init : 0x80588000 - 0x805ce000   ( 280 kB)
                                          .data : 0x805ce000 - 0x80614710   ( 282 kB)
                                           .bss : 0x80614710 - 0x806305b8   ( 112 kB)
Aug 03 15:42:59 witherspoon kernel: NR_IRQS:16 nr_irqs:16 16
Aug 03 15:42:59 witherspoon kernel: i2c controller registered, irq 16
Aug 03 15:42:59 witherspoon kernel: clocksource: moxart_timer: mask: 0xffffffff max_cycles: 0xffffffff, max_idle_ns: 77222644334 ns
Aug 03 15:42:59 witherspoon kernel: sched_clock: 32 bits at 100 Hz, resolution 10000000ns, wraps every 21474836475000000ns
Aug 03 15:42:59 witherspoon kernel: Calibrating delay loop... 789.70 BogoMIPS (lpj=3948544)
Aug 03 15:42:59 witherspoon kernel: pid_max: default: 32768 minimum: 301
Aug 03 15:42:59 witherspoon kernel: Mount-cache hash table entries: 1024 (order: 0, 4096 bytes)
Aug 03 15:42:59 witherspoon kernel: Mountpoint-cache hash table entries: 1024 (order: 0, 4096 bytes)
Aug 03 15:42:59 witherspoon kernel: CPU: Testing write buffer coherency: ok
Aug 03 15:42:59 witherspoon kernel: ftrace: allocating 14972 entries in 44 pages
Aug 03 15:42:59 witherspoon kernel: Setting up static identity map for 0x80008200 - 0x8000825c
Aug 03 15:42:59 witherspoon kernel: devtmpfs: initialized
Aug 03 15:42:59 witherspoon kernel: clocksource: jiffies: mask: 0xffffffff max_cycles: 0xffffffff, max_idle_ns: 19112604462750000 ns
Aug 03 15:42:59 witherspoon kernel: futex hash table entries: 256 (order: -1, 3072 bytes)
Aug 03 15:42:59 witherspoon kernel: pinctrl core: initialized pinctrl subsystem
Aug 03 15:42:59 witherspoon kernel: NET: Registered protocol family 16
Aug 03 15:42:59 witherspoon kernel: DMA: preallocated 256 KiB pool for atomic coherent allocations
Aug 03 15:42:59 witherspoon kernel: usbcore: registered new interface driver usbfs
Aug 03 15:42:59 witherspoon kernel: usbcore: registered new interface driver hub
Aug 03 15:42:59 witherspoon kernel: usbcore: registered new device driver usb
Aug 03 15:42:59 witherspoon kernel: clocksource: Switched to clocksource moxart_timer
Aug 03 15:42:59 witherspoon kernel: NET: Registered protocol family 2
Aug 03 15:42:59 witherspoon kernel: TCP established hash table entries: 4096 (order: 2, 16384 bytes)
Aug 03 15:42:59 witherspoon kernel: TCP bind hash table entries: 4096 (order: 2, 16384 bytes)
Aug 03 15:42:59 witherspoon kernel: TCP: Hash tables configured (established 4096 bind 4096)
Aug 03 15:42:59 witherspoon kernel: UDP hash table entries: 256 (order: 0, 4096 bytes)
Aug 03 15:42:59 witherspoon kernel: UDP-Lite hash table entries: 256 (order: 0, 4096 bytes)
Aug 03 15:42:59 witherspoon kernel: NET: Registered protocol family 1
Aug 03 15:42:59 witherspoon kernel: Trying to unpack rootfs image as initramfs...
Aug 03 15:42:59 witherspoon kernel: Freeing initrd memory: 1548K
Aug 03 15:42:59 witherspoon kernel: workingset: timestamp_bits=30 max_order=17 bucket_order=0
Aug 03 15:42:59 witherspoon kernel: squashfs: version 4.0 (2009/01/31) Phillip Lougher
Aug 03 15:42:59 witherspoon kernel: jffs2: version 2.2. (SUMMARY)  © 2001-2006 Red Hat, Inc.
Aug 03 15:42:59 witherspoon kernel: Block layer SCSI generic (bsg) driver version 0.4 loaded (major 250)
Aug 03 15:42:59 witherspoon kernel: io scheduler noop registered
Aug 03 15:42:59 witherspoon kernel: io scheduler deadline registered
Aug 03 15:42:59 witherspoon kernel: io scheduler cfq registered (default)
Aug 03 15:42:59 witherspoon kernel: ipmi-bt-host 1e789140.ibt: Found bt bmc device
Aug 03 15:42:59 witherspoon kernel: ipmi-bt-host 1e789140.ibt: Using IRQ 22
Aug 03 15:42:59 witherspoon kernel: Serial: 8250/16550 driver, 6 ports, IRQ sharing enabled
Aug 03 15:42:59 witherspoon kernel: 1e787000.vuart: ttyS0 at MMIO 0x1e787000 (irq = 22, base_baud = 1500000) is a 16550A
Aug 03 15:42:59 witherspoon kernel: 1e783000.serial: ttyS1 at MMIO 0x1e783000 (irq = 23, base_baud = 1500000) is a 16550A
Aug 03 15:42:59 witherspoon kernel: 1e78d000.serial: ttyS2 at MMIO 0x1e78d000 (irq = 24, base_baud = 1500000) is a 16550A
Aug 03 15:42:59 witherspoon kernel: 1e784000.serial: ttyS4 at MMIO 0x1e784000 (irq = 25, base_baud = 1500000) is a 16550A
Aug 03 15:42:59 witherspoon kernel: console [ttyS4] enabled
Aug 03 15:42:59 witherspoon kernel: timeriomem_rng 1e6e2078.hwrng: 32bits from 0xf00e2078 @ 1us
Aug 03 15:42:59 witherspoon kernel: random: fast init done
Aug 03 15:42:59 witherspoon kernel: brd: module loaded
Aug 03 15:42:59 witherspoon kernel: loop: module loaded
Aug 03 15:42:59 witherspoon kernel: aspeed-lpc-ctrl 1e789080.lpc-ctrl: Loaded at 0x98000000 (0x04000000)
Aug 03 15:42:59 witherspoon kernel: aspeed-smc 1e620000.flash-controller: Using IRQ 18
Aug 03 15:42:59 witherspoon kernel: aspeed-smc 1e620000.flash-controller: DMA support disabled.
Aug 03 15:42:59 witherspoon kernel: aspeed-smc 1e620000.flash-controller: mx25l25635e (32768 Kbytes)
Aug 03 15:42:59 witherspoon kernel: aspeed-smc 1e620000.flash-controller: CE0 window [ 0x20000000 - 0x22000000 ] 32MB
Aug 03 15:42:59 witherspoon kernel: aspeed-smc 1e620000.flash-controller: CE1 window [ 0x22000000 - 0x2a000000 ] 128MB
Aug 03 15:42:59 witherspoon kernel: 5 ofpart partitions found on MTD device bmc
Aug 03 15:42:59 witherspoon kernel: Creating 5 MTD partitions on "bmc":
Aug 03 15:42:59 witherspoon kernel: 0x000000000000-0x000000060000 : "u-boot"
Aug 03 15:42:59 witherspoon kernel: 0x000000060000-0x000000080000 : "u-boot-env"
Aug 03 15:42:59 witherspoon kernel: 0x000000080000-0x0000004c0000 : "kernel"
Aug 03 15:42:59 witherspoon kernel: 0x0000004c0000-0x000001c00000 : "rofs"
Aug 03 15:42:59 witherspoon kernel: 0x000001c00000-0x000002000000 : "rwfs"
Aug 03 15:42:59 witherspoon kernel: aspeed-smc 1e620000.flash-controller: mx25l25635e (32768 Kbytes)
Aug 03 15:42:59 witherspoon kernel: aspeed-smc 1e620000.flash-controller: CE1 window [ 0x22000000 - 0x24000000 ] 32MB
Aug 03 15:42:59 witherspoon kernel: aspeed-smc 1e620000.flash-controller: CE2 window [ 0x24000000 - 0x2c000000 ] 128MB
Aug 03 15:42:59 witherspoon kernel: aspeed-smc 1e630000.flash-controller: mx66l1g45g (131072 Kbytes)
Aug 03 15:42:59 witherspoon kernel: aspeed-smc 1e630000.flash-controller: CE0 window resized to 120MB (AST2500 HW quirk)
Aug 03 15:42:59 witherspoon kernel: aspeed-smc 1e630000.flash-controller: CE0 window [ 0x30000000 - 0x37800000 ] 120MB
Aug 03 15:42:59 witherspoon kernel: aspeed-smc 1e630000.flash-controller: CE0 window too small for chip 128MB
Aug 03 15:42:59 witherspoon kernel: aspeed-smc 1e630000.flash-controller: CE1 window [ 0x37800000 - 0x38000000 ] 8MB
Aug 03 15:42:59 witherspoon kernel: libphy: Fixed MDIO Bus: probed
Aug 03 15:42:59 witherspoon kernel: ftgmac100 1e660000.ethernet: Read MAC address 70:e2:84:14:24:20 from chip
Aug 03 15:42:59 witherspoon kernel: ftgmac100 1e660000.ethernet: Using NCSI interface
Aug 03 15:42:59 witherspoon kernel: ftgmac100 1e660000.ethernet eth0: irq 20, mapped at f0060000
Aug 03 15:42:59 witherspoon kernel: ehci_hcd: USB 2.0 'Enhanced' Host Controller (EHCI) Driver
Aug 03 15:42:59 witherspoon kernel: ehci-platform: EHCI generic platform driver
Aug 03 15:42:59 witherspoon kernel:  fsi0: can't read slave 00:00 -5
Aug 03 15:42:59 witherspoon kernel: i2c /dev entries driver
Aug 03 15:42:59 witherspoon kernel: aspeed-i2c-bus 1e78a0c0.i2c-bus: i2c bus 2 registered, irq 26
Aug 03 15:42:59 witherspoon kernel: aspeed-i2c-bus 1e78a100.i2c-bus: i2c bus 3 registered, irq 27
Aug 03 15:42:59 witherspoon kernel: aspeed-i2c-bus 1e78a140.i2c-bus: i2c bus 4 registered, irq 28
Aug 03 15:42:59 witherspoon kernel: aspeed-i2c-bus 1e78a180.i2c-bus: i2c bus 5 registered, irq 29
Aug 03 15:42:59 witherspoon kernel: aspeed-i2c-bus 1e78a380.i2c-bus: i2c bus 9 registered, irq 30
Aug 03 15:42:59 witherspoon kernel: aspeed-i2c-bus 1e78a3c0.i2c-bus: i2c bus 10 registered, irq 31
Aug 03 15:42:59 witherspoon kernel: rtc-rv8803 11-0032: Voltage low, temperature compensation stopped.
Aug 03 15:43:00 witherspoon kernel: rtc-rv8803 11-0032: rtc core: registered rx8900 as rtc0
Aug 03 15:43:00 witherspoon kernel: at24 11-0051: 8192 byte 24c64 EEPROM, writable, 1 bytes/write
Aug 03 15:43:00 witherspoon kernel: aspeed-i2c-bus 1e78a400.i2c-bus: i2c bus 11 registered, irq 32
Aug 03 15:43:00 witherspoon kernel: aspeed-i2c-bus 1e78a440.i2c-bus: i2c bus 12 registered, irq 33
Aug 03 15:43:00 witherspoon kernel: aspeed-i2c-bus 1e78a480.i2c-bus: i2c bus 13 registered, irq 34
Aug 03 15:43:00 witherspoon kernel: Driver for 1-wire Dallas network protocol.
Aug 03 15:43:00 witherspoon kernel: random: crng init done
Aug 03 15:43:00 witherspoon kernel: lm75 9-004a: hwmon0: sensor 'tmp275'
Aug 03 15:43:00 witherspoon kernel: ucd9000 11-0064: Device ID UCD90160|2.3.4.0000|110603
Aug 03 15:43:00 witherspoon kernel: leds-pca955x 3-0060: leds-pca955x: Using pca9552 16-bit LED driver at slave address 0x60
Aug 03 15:43:00 witherspoon kernel: leds-pca955x 3-0060: gpios 264...279
Aug 03 15:43:00 witherspoon kernel: leds-pca955x 11-0060: leds-pca955x: Using pca9552 16-bit LED driver at slave address 0x60
Aug 03 15:43:00 witherspoon kernel: leds-pca955x 11-0060: gpios 248...263
Aug 03 15:43:00 witherspoon kernel: usbcore: registered new interface driver usbhid
Aug 03 15:43:00 witherspoon kernel: usbhid: USB HID core driver
Aug 03 15:43:00 witherspoon kernel: NET: Registered protocol family 10
Aug 03 15:43:00 witherspoon kernel: Segment Routing with IPv6
Aug 03 15:43:00 witherspoon kernel: NET: Registered protocol family 17
Aug 03 15:43:00 witherspoon kernel: 8021q: 802.1Q VLAN Support v1.8
Aug 03 15:43:00 witherspoon kernel: input: gpio-keys-polled as /devices/platform/gpio-keys-polled/input/input1
Aug 03 15:43:00 witherspoon kernel: console [netcon0] enabled
Aug 03 15:43:00 witherspoon kernel: netconsole: network logging started
Aug 03 15:43:00 witherspoon kernel: input: gpio-keys as /devices/platform/gpio-keys/input/input2
Aug 03 15:43:00 witherspoon kernel: rtc-rv8803 11-0032: setting system clock to 2016-04-25 15:49:14 UTC (1461599354)
Aug 03 15:43:00 witherspoon kernel: Freeing unused kernel memory: 280K
Aug 03 15:43:00 witherspoon kernel: This architecture does not have kernel memory protection.
Aug 03 15:43:00 witherspoon kernel: jffs2: notice: (540) jffs2_build_xattr_subsystem: complete building xattr subsystem, 1 of xdatum (0 unchecked, 0 orphan) and 10 of xref (0 dead, 0 orphan) found.
Aug 03 15:43:00 witherspoon systemd[1]: System time before build time, advancing clock.
Aug 03 15:43:00 witherspoon systemd[1]: Failed to insert module 'autofs4': No such file or directory
Aug 03 15:43:00 witherspoon systemd[1]: systemd 232 running in system mode. (+PAM -AUDIT -SELINUX -IMA -APPARMOR -SMACK +SYSVINIT -UTMP -LIBCRYPTSETUP -GCRYPT -GNUTLS +ACL +XZ -LZ4 -SECCOMP +BLKID -ELFUTILS +KMOD -IDN)
Aug 03 15:43:00 witherspoon systemd[1]: Detected architecture arm.
Aug 03 15:43:00 witherspoon systemd[1]: Set hostname to <witherspoon>.
Aug 03 15:43:00 witherspoon systemd[1]: Listening on udev Kernel Socket.
Aug 03 15:43:00 witherspoon systemd[1]: Created slice System Slice.
Aug 03 15:43:00 witherspoon systemd[1]: Created slice system-phosphor\x2dcooling\x2dtype.slice.
Aug 03 15:43:00 witherspoon systemd[1]: Created slice system-getty.slice.
Aug 03 15:43:00 witherspoon systemd[1]: Reached target Remote File Systems.
Aug 03 15:43:00 witherspoon systemd[1]: Reached target Swap.
Aug 03 15:43:00 witherspoon systemd[1]: Created slice system-obmc\x2dled\x2dgroup\x2dstart.slice.
Aug 03 15:43:00 witherspoon systemd-journald[569]: Journal started
Aug 03 15:43:00 witherspoon systemd-journald[569]: Runtime journal (/run/log/journal/98da6a547f8141998b98e23f5894fd04) is 0B, max 0B, 0B free.
Aug 03 15:43:00 witherspoon systemd-sysctl[570]: Couldn't write '16' to 'kernel/sysrq', ignoring: No such file or directory
Aug 03 15:43:00 witherspoon systemd-sysctl[570]: Couldn't write 'fq_codel' to 'net/core/default_qdisc', ignoring: No such file or directory
Aug 03 15:43:01 witherspoon systemd[1]: Mounted /var/volatile.
Aug 03 15:43:01 witherspoon systemd[1]: Started Journal Service.
Aug 03 15:43:01 witherspoon systemd[1]: Started udev Kernel Device Manager.
Aug 03 15:43:01 witherspoon systemd[1]: Starting Flush Journal to Persistent Storage...
Aug 03 15:43:01 witherspoon systemd[1]: Reached target Local File Systems.
Aug 03 15:43:02 witherspoon systemd[1]: Starting Load/Save Random Seed...
Aug 03 15:43:02 witherspoon systemd[1]: Started udev Coldplug all Devices.
Aug 03 15:43:02 witherspoon systemd-journald[569]: Runtime journal (/run/log/journal/98da6a547f8141998b98e23f5894fd04) is 0B, max 0B, 0B free.
Aug 03 15:43:02 witherspoon systemd[1]: Started Flush Journal to Persistent Storage.
Aug 03 15:43:02 witherspoon systemd[1]: Started Load/Save Random Seed.
Aug 03 15:43:02 witherspoon systemd[1]: Found device /dev/aspeed-lpc-ctrl.
Aug 03 15:43:02 witherspoon systemd[1]: Found device /dev/aspeed-mbox.
Aug 03 15:43:03 witherspoon systemd[1]: Found device /dev/ttyS4.
Aug 03 15:43:03 witherspoon systemd[1]: Found device /dev/ttyVUART0.
Aug 03 15:43:04 witherspoon systemd[1]: Created slice system-xyz.openbmc_project.led.controller.slice.
Aug 03 15:43:04 witherspoon systemd[1]: dev-hugepages.mount: Couldn't determine result for ConditionVirtualization=!private-users, assuming failed: No such file or directory
Aug 03 15:43:04 witherspoon systemd[1]: Created slice system-xyz.openbmc_project.Hwmon.slice.
Aug 03 15:43:04 witherspoon systemd[1]: Starting Create Volatile Files and Directories...
Aug 03 15:43:04 witherspoon systemd-tmpfiles[943]: "/var/tmp" already exists and is not a directory.
Aug 03 15:43:04 witherspoon systemd-tmpfiles[943]: "/var/log" already exists and is not a directory.
Aug 03 15:43:04 witherspoon systemd[1]: Started Create Volatile Files and Directories.
Aug 03 15:43:04 witherspoon systemd[1]: Starting Network Time Synchronization...
Aug 03 15:43:04 witherspoon systemd[1]: Started Network Time Synchronization.
Aug 03 15:43:04 witherspoon systemd[1]: Reached target System Time Synchronized.
Aug 03 15:43:05 witherspoon systemd[1]: Reached target System Initialization.
Aug 03 15:43:05 witherspoon systemd[1]: Listening on phosphor-ipmi-net.socket.
Aug 03 15:43:05 witherspoon systemd[1]: Listening on Phosphor DBUS Browser socket.
Aug 03 15:43:05 witherspoon systemd[1]: Listening on Avahi mDNS/DNS-SD Stack Activation Socket.
Aug 03 15:43:05 witherspoon systemd[1]: Started Daily Cleanup of Temporary Directories.
Aug 03 15:43:05 witherspoon systemd[1]: Reached target Timers.
Aug 03 15:43:05 witherspoon systemd[1]: Listening on D-Bus System Message Bus Socket.
Aug 03 15:43:05 witherspoon systemd[1]: Listening on Phosphor Webserver socket.
Aug 03 15:43:05 witherspoon systemd[1]: Listening on dropbear.socket.
Aug 03 15:43:05 witherspoon systemd[1]: Listening on Phosphor Host Console SSH Per-Connection socket.
Aug 03 15:43:05 witherspoon systemd[1]: Reached target Sockets.
Aug 03 15:43:05 witherspoon systemd[1]: Reached target Basic System.
Aug 03 15:43:05 witherspoon systemd[1]: Starting Phosphor Download Manager...
Aug 03 15:43:05 witherspoon systemd[1]: Started Phosphor sysfs LED controller.
Aug 03 15:43:05 witherspoon systemd[1]: Started Hardware RNG Entropy Gatherer Daemon.
Aug 03 15:43:05 witherspoon systemd[1]: Started Phosphor sysfs LED controller.
Aug 03 15:43:05 witherspoon systemd[1]: Started Kernel Logging Service.
Aug 03 15:43:05 witherspoon systemd[1]: Started Phosphor Console Muxer listening on device /dev/ttyVUART0.
Aug 03 15:43:05 witherspoon systemd[1]: Starting Phosphor BMC0 Control...
Aug 03 15:43:06 witherspoon systemd[1]: Started Phosphor sysfs LED controller.
Aug 03 15:43:06 witherspoon systemd[1]: Starting Phosphor Settings Daemon...
Aug 03 15:43:06 witherspoon systemd[1]: Starting Remount the squashfs and ubi volumes after a reboot...
Aug 03 15:43:06 witherspoon systemd[1]: Starting Phosphor Inventory Manager...
Aug 03 15:43:06 witherspoon systemd[1]: Starting Phosphor Network Manager...
Aug 03 15:43:06 witherspoon systemd[1]: Starting Clear one time boot overrides...
Aug 03 15:43:06 witherspoon systemd[1]: Starting Phosphor Sensor Manager...
Aug 03 15:43:06 witherspoon systemd[1]: Starting Phosphor Dump Manager...
Aug 03 15:43:06 witherspoon systemd[1]: Started Phosphor Dump core monitor..
Aug 03 15:43:06 witherspoon systemd[1]: Started System Logging Service.
Aug 03 15:43:06 witherspoon systemd[1]: Starting Phosphor Log Manager...
Aug 03 15:43:06 witherspoon systemd[1]: Reached target Containers.
Aug 03 15:43:06 witherspoon systemd[1]: Starting Phosphor LED Group Management Daemon...
Aug 03 15:43:06 witherspoon systemd[1]: Starting Phosphor Download Manager...
Aug 03 15:43:06 witherspoon systemd[1]: Started D-Bus System Message Bus.
Aug 03 15:43:09 witherspoon kernel[951]: klogd started: BusyBox v1.24.1 (2017-06-16 19:29:08 UTC)
Aug 03 15:43:09 witherspoon kernel[951]: [    0.000000] Booting Linux on physical CPU 0x0
Aug 03 15:43:09 witherspoon kernel[951]: [    0.000000] Linux version 4.10.17-1a4df30c39cf5ee0e3d2528c409787ccbb4a672a (jenkins@openbmc-builder1) (gcc version 6.2.0 (GCC) ) #1 Wed Aug 16 01:23:05 UTC 2017
Aug 03 15:43:09 witherspoon kernel[951]: [    0.000000] CPU: ARMv6-compatible processor [410fb767] revision 7 (ARMv7), cr=00c5387d
Aug 03 15:43:09 witherspoon kernel[951]: [    0.000000] CPU: PIPT / VIPT nonaliasing data cache, VIPT nonaliasing instruction cache
Aug 03 15:43:09 witherspoon kernel[951]: [    0.000000] OF: fdt:Machine model: Witherspoon BMC
Aug 03 15:43:09 witherspoon kernel[951]: [    0.000000] Memory policy: Data cache writeback
Aug 03 15:43:09 witherspoon kernel[951]: [    0.000000] SOC Rev: 04030303
Aug 03 15:43:09 witherspoon kernel[951]: [    0.000000] On node 0 totalpages: 110592
Aug 03 15:43:09 witherspoon kernel[951]: [    0.000000] free_area_init_node: node 0, pgdat 80601864, node_mem_map 9ec1a000
Aug 03 15:43:09 witherspoon kernel[951]: [    0.000000]   Normal zone: 992 pages used for memmap
Aug 03 15:43:09 witherspoon kernel[951]: [    0.000000]   Normal zone: 0 pages reserved
Aug 03 15:43:09 witherspoon kernel[951]: [    0.000000]   Normal zone: 110592 pages, LIFO batch:31
Aug 03 15:43:09 witherspoon kernel[951]: [    0.000000] pcpu-alloc: s0 r0 d32768 u32768 alloc=1*32768
Aug 03 15:43:09 witherspoon kernel[951]: [    0.000000] pcpu-alloc: [0] 0
Aug 03 15:43:09 witherspoon kernel[951]: [    0.000000] Built 1 zonelists in Zone order, mobility grouping on.  Total pages: 109600
Aug 03 15:43:09 witherspoon kernel[951]: [    0.000000] Kernel command line: console=ttyS4,115200n8 root=/dev/ram rw
Aug 03 15:43:09 witherspoon kernel[951]: [    0.000000] PID hash table entries: 2048 (order: 1, 8192 bytes)
Aug 03 15:43:09 witherspoon kernel[951]: [    0.000000] Dentry cache hash table entries: 65536 (order: 6, 262144 bytes)
Aug 03 15:43:09 witherspoon kernel[951]: [    0.000000] Inode-cache hash table entries: 32768 (order: 5, 131072 bytes)
Aug 03 15:43:09 witherspoon kernel[951]: [    0.000000] Memory: 430420K/442368K available (4074K kernel code, 281K rwdata, 1196K rodata, 280K init, 111K bss, 11948K reserved, 0K cma-reserved)
Aug 03 15:43:09 witherspoon kernel[951]: [    0.000000] Virtual kernel memory layout:
Aug 03 15:43:09 witherspoon kernel[951]: [    0.000000]     vector  : 0xffff0000 - 0xffff1000   (   4 kB)
Aug 03 15:43:09 witherspoon kernel[951]: [    0.000000]     fixmap  : 0xffc00000 - 0xfff00000   (3072 kB)
Aug 03 15:43:09 witherspoon kernel[951]: [    0.000000]     vmalloc : 0x9f800000 - 0xff800000   (1536 MB)
Aug 03 15:43:09 witherspoon kernel[951]: [    0.000000]     lowmem  : 0x80000000 - 0x9f000000   ( 496 MB)
Aug 03 15:43:09 witherspoon kernel[951]: [    0.000000]       .text : 0x80008000 - 0x80402cb0   (4076 kB)
Aug 03 15:43:10 witherspoon kernel: ubi7: default fastmap pool size: 100
Aug 03 15:43:10 witherspoon kernel: ubi7: default fastmap WL pool size: 50
Aug 03 15:43:10 witherspoon kernel: ubi7: attaching mtd7
Aug 03 15:43:09 witherspoon kernel[951]: [    0.000000]       .init : 0x80588000 - 0x805ce000   ( 280 kB)
Aug 03 15:43:09 witherspoon kernel[951]: [    0.000000]       .data : 0x805ce000 - 0x80614710   ( 282 kB)
Aug 03 15:43:09 witherspoon kernel[951]: [    0.000000]        .bss : 0x80614710 - 0x806305b8   ( 112 kB)
Aug 03 15:43:09 witherspoon kernel[951]: [    0.000000] NR_IRQS:16 nr_irqs:16 16
Aug 03 15:43:09 witherspoon kernel[951]: [    0.000000] i2c controller registered, irq 16
Aug 03 15:43:09 witherspoon kernel[951]: [    0.000000] clocksource: moxart_timer: mask: 0xffffffff max_cycles: 0xffffffff, max_idle_ns: 77222644334 ns
Aug 03 15:43:09 witherspoon kernel[951]: [    0.000000] sched_clock: 32 bits at 100 Hz, resolution 10000000ns, wraps every 21474836475000000ns
Aug 03 15:43:09 witherspoon kernel[951]: [    0.090000] Calibrating delay loop... 789.70 BogoMIPS (lpj=3948544)
Aug 03 15:43:09 witherspoon kernel[951]: [    0.090000] pid_max: default: 32768 minimum: 301
Aug 03 15:43:09 witherspoon kernel[951]: [    0.090000] Mount-cache hash table entries: 1024 (order: 0, 4096 bytes)
Aug 03 15:43:09 witherspoon kernel[951]: [    0.090000] Mountpoint-cache hash table entries: 1024 (order: 0, 4096 bytes)
Aug 03 15:43:09 witherspoon kernel[951]: [    0.090000] CPU: Testing write buffer coherency: ok
Aug 03 15:43:09 witherspoon kernel[951]: [    0.090000] ftrace: allocating 14972 entries in 44 pages
Aug 03 15:43:09 witherspoon kernel[951]: [    0.120000] Setting up static identity map for 0x80008200 - 0x8000825c
Aug 03 15:43:09 witherspoon kernel[951]: [    0.120000] devtmpfs: initialized
Aug 03 15:43:09 witherspoon kernel[951]: [    0.140000] clocksource: jiffies: mask: 0xffffffff max_cycles: 0xffffffff, max_idle_ns: 19112604462750000 ns
Aug 03 15:43:09 witherspoon kernel[951]: [    0.140000] futex hash table entries: 256 (order: -1, 3072 bytes)
Aug 03 15:43:09 witherspoon kernel[951]: [    0.140000] pinctrl core: initialized pinctrl subsystem
Aug 03 15:43:09 witherspoon kernel[951]: [    0.140000] NET: Registered protocol family 16
Aug 03 15:43:09 witherspoon kernel[951]: [    0.150000] DMA: preallocated 256 KiB pool for atomic coherent allocations
Aug 03 15:43:09 witherspoon kernel[951]: [    0.220000] usbcore: registered new interface driver usbfs
Aug 03 15:43:09 witherspoon kernel[951]: [    0.220000] usbcore: registered new interface driver hub
Aug 03 15:43:09 witherspoon kernel[951]: [    0.220000] usbcore: registered new device driver usb
Aug 03 15:43:09 witherspoon kernel[951]: [    0.220000] clocksource: Switched to clocksource moxart_timer
Aug 03 15:43:09 witherspoon kernel[951]: [    0.230000] NET: Registered protocol family 2
Aug 03 15:43:09 witherspoon kernel[951]: [    0.230000] TCP established hash table entries: 4096 (order: 2, 16384 bytes)
Aug 03 15:43:09 witherspoon kernel[951]: [    0.230000] TCP bind hash table entries: 4096 (order: 2, 16384 bytes)
Aug 03 15:43:09 witherspoon kernel[951]: [    0.230000] TCP: Hash tables configured (established 4096 bind 4096)
Aug 03 15:43:09 witherspoon kernel[951]: [    0.230000] UDP hash table entries: 256 (order: 0, 4096 bytes)
Aug 03 15:43:09 witherspoon kernel[951]: [    0.230000] UDP-Lite hash table entries: 256 (order: 0, 4096 bytes)
Aug 03 15:43:09 witherspoon kernel[951]: [    0.230000] NET: Registered protocol family 1
Aug 03 15:43:09 witherspoon kernel[951]: [    0.240000] Trying to unpack rootfs image as initramfs...
Aug 03 15:43:09 witherspoon kernel[951]: [    1.910000] Freeing initrd memory: 1548K
Aug 03 15:43:09 witherspoon kernel[951]: [    1.910000] workingset: timestamp_bits=30 max_order=17 bucket_order=0
Aug 03 15:43:09 witherspoon kernel[951]: [    1.910000] squashfs: version 4.0 (2009/01/31) Phillip Lougher
Aug 03 15:43:09 witherspoon kernel[951]: [    1.910000] jffs2: version 2.2. (SUMMARY)  © 2001-2006 Red Hat, Inc.
Aug 03 15:43:09 witherspoon kernel[951]: [    1.910000] Block layer SCSI generic (bsg) driver version 0.4 loaded (major 250)
Aug 03 15:43:09 witherspoon kernel[951]: [    1.910000] io scheduler noop registered
Aug 03 15:43:09 witherspoon kernel[951]: [    1.910000] io scheduler deadline registered
Aug 03 15:43:09 witherspoon kernel[951]: [    1.910000] io scheduler cfq registered (default)
Aug 03 15:43:09 witherspoon kernel[951]: [    2.060000] ipmi-bt-host 1e789140.ibt: Found bt bmc device
Aug 03 15:43:11 witherspoon kernel: ubi7: scanning is finished
Aug 03 15:43:11 witherspoon kernel: ubi7: attached mtd7 (name "pnor", size 128 MiB)
Aug 03 15:43:11 witherspoon kernel: ubi7: PEB size: 65536 bytes (64 KiB), LEB size: 65408 bytes
Aug 03 15:43:11 witherspoon kernel: ubi7: min./max. I/O unit sizes: 1/256, sub-page size 1
Aug 03 15:43:11 witherspoon kernel: ubi7: VID header offset: 64 (aligned 64), data offset: 128
Aug 03 15:43:11 witherspoon kernel: ubi7: good PEBs: 2048, bad PEBs: 0, corrupted PEBs: 0
Aug 03 15:43:11 witherspoon kernel: ubi7: user volume: 3, internal volumes: 1, max. volumes count: 128
Aug 03 15:43:11 witherspoon kernel: ubi7: max/mean erase counter: 1/0, WL threshold: 4096, image sequence number: 1661816137
Aug 03 15:43:11 witherspoon kernel: ubi7: available PEBs: 1367, total reserved PEBs: 681, PEBs reserved for bad PEB handling: 0
Aug 03 15:43:11 witherspoon kernel: ubi7: background thread "ubi_bgt7d" started, PID 983
Aug 03 15:43:09 witherspoon kernel[951]: [    2.060000] ipmi-bt-host 1e789140.ibt: Using IRQ 22
Aug 03 15:43:11 witherspoon obmc-flash-bios[956]: UBI device number 7, total 2048 LEBs (133955584 bytes, 127.8 MiB), available 1367 LEBs (89412736 bytes, 85.3 MiB), LEB size 65408 bytes (63.9 KiB)
Aug 03 15:43:09 witherspoon kernel[951]: [    2.060000] Serial: 8250/16550 driver, 6 ports, IRQ sharing enabled
Aug 03 15:43:09 witherspoon kernel[951]: [    2.060000] 1e787000.vuart: ttyS0 at MMIO 0x1e787000 (irq = 22, base_baud = 1500000) is a 16550A
Aug 03 15:43:09 witherspoon kernel[951]: [    2.060000] 1e783000.serial: ttyS1 at MMIO 0x1e783000 (irq = 23, base_baud = 1500000) is a 16550A
Aug 03 15:43:09 witherspoon kernel[951]: [    2.060000] 1e78d000.serial: ttyS2 at MMIO 0x1e78d000 (irq = 24, base_baud = 1500000) is a 16550A
Aug 03 15:43:09 witherspoon kernel[951]: [    2.060000] 1e784000.serial: ttyS4 at MMIO 0x1e784000 (irq = 25, base_baud = 1500000) is a 16550A
Aug 03 15:43:09 witherspoon kernel[951]: [    2.430000] console [ttyS4] enabled
Aug 03 15:43:09 witherspoon kernel[951]: [    2.590000] timeriomem_rng 1e6e2078.hwrng: 32bits from 0xf00e2078 @ 1us
Aug 03 15:43:09 witherspoon kernel[951]: [    2.620000] random: fast init done
Aug 03 15:43:09 witherspoon kernel[951]: [    2.640000] brd: module loaded
Aug 03 15:43:09 witherspoon kernel[951]: [    2.660000] loop: module loaded
Aug 03 15:43:09 witherspoon kernel[951]: [    2.670000] aspeed-lpc-ctrl 1e789080.lpc-ctrl: Loaded at 0x98000000 (0x04000000)
Aug 03 15:43:09 witherspoon kernel[951]: [    2.680000] aspeed-smc 1e620000.flash-controller: Using IRQ 18
Aug 03 15:43:09 witherspoon kernel[951]: [    2.680000] aspeed-smc 1e620000.flash-controller: DMA support disabled.
Aug 03 15:43:09 witherspoon kernel[951]: [    2.680000] aspeed-smc 1e620000.flash-controller: mx25l25635e (32768 Kbytes)
Aug 03 15:43:09 witherspoon kernel[951]: [    2.700000] aspeed-smc 1e620000.flash-controller: CE0 window [ 0x20000000 - 0x22000000 ] 32MB
Aug 03 15:43:09 witherspoon kernel[951]: [    2.700000] aspeed-smc 1e620000.flash-controller: CE1 window [ 0x22000000 - 0x2a000000 ] 128MB
Aug 03 15:43:09 witherspoon kernel[951]: [    2.700000] 5 ofpart partitions found on MTD device bmc
Aug 03 15:43:09 witherspoon kernel[951]: [    2.700000] Creating 5 MTD partitions on "bmc":
Aug 03 15:43:09 witherspoon kernel[951]: [    2.730000] 0x000000000000-0x000000060000 : "u-boot"
Aug 03 15:43:09 witherspoon kernel[951]: [    2.730000] 0x000000060000-0x000000080000 : "u-boot-env"
Aug 03 15:43:09 witherspoon kernel[951]: [    2.730000] 0x000000080000-0x0000004c0000 : "kernel"
Aug 03 15:43:09 witherspoon kernel[951]: [    2.730000] 0x0000004c0000-0x000001c00000 : "rofs"
Aug 03 15:43:09 witherspoon kernel[951]: [    2.770000] 0x000001c00000-0x000002000000 : "rwfs"
Aug 03 15:43:09 witherspoon kernel[951]: [    2.770000] aspeed-smc 1e620000.flash-controller: mx25l25635e (32768 Kbytes)
Aug 03 15:43:09 witherspoon kernel[951]: [    2.780000] aspeed-smc 1e620000.flash-controller: CE1 window [ 0x22000000 - 0x24000000 ] 32MB
Aug 03 15:43:09 witherspoon kernel[951]: [    2.780000] aspeed-smc 1e620000.flash-controller: CE2 window [ 0x24000000 - 0x2c000000 ] 128MB
Aug 03 15:43:09 witherspoon kernel[951]: [    2.810000] aspeed-smc 1e630000.flash-controller: mx66l1g45g (131072 Kbytes)
Aug 03 15:43:09 witherspoon kernel[951]: [    2.820000] aspeed-smc 1e630000.flash-controller: CE0 window resized to 120MB (AST2500 HW quirk)
Aug 03 15:43:09 witherspoon kernel[951]: [    2.820000] aspeed-smc 1e630000.flash-controller: CE0 window [ 0x30000000 - 0x37800000 ] 120MB
Aug 03 15:43:09 witherspoon kernel[951]: [    2.820000] aspeed-smc 1e630000.flash-controller: CE0 window too small for chip 128MB
Aug 03 15:43:09 witherspoon kernel[951]: [    2.840000] aspeed-smc 1e630000.flash-controller: CE1 window [ 0x37800000 - 0x38000000 ] 8MB
Aug 03 15:43:09 witherspoon kernel[951]: [    3.590000] libphy: Fixed MDIO Bus: probed
Aug 03 15:43:09 witherspoon kernel[951]: [    3.590000] ftgmac100 1e660000.ethernet: Read MAC address 70:e2:84:14:24:20 from chip
Aug 03 15:43:09 witherspoon kernel[951]: [    3.590000] ftgmac100 1e660000.ethernet: Using NCSI interface
Aug 03 15:43:09 witherspoon kernel[951]: [    3.590000] ftgmac100 1e660000.ethernet eth0: irq 20, mapped at f0060000
Aug 03 15:43:09 witherspoon kernel[951]: [    3.590000] ehci_hcd: USB 2.0 'Enhanced' Host Controller (EHCI) Driver
Aug 03 15:43:09 witherspoon kernel[951]: [    3.590000] ehci-platform: EHCI generic platform driver
Aug 03 15:43:09 witherspoon kernel[951]: [    3.820000]  fsi0: can't read slave 00:00 -5
Aug 03 15:43:09 witherspoon kernel[951]: [    3.820000] i2c /dev entries driver
Aug 03 15:43:09 witherspoon kernel[951]: [    3.820000] aspeed-i2c-bus 1e78a0c0.i2c-bus: i2c bus 2 registered, irq 26
Aug 03 15:43:09 witherspoon kernel[951]: [    3.820000] aspeed-i2c-bus 1e78a100.i2c-bus: i2c bus 3 registered, irq 27
Aug 03 15:43:09 witherspoon kernel[951]: [    3.820000] aspeed-i2c-bus 1e78a140.i2c-bus: i2c bus 4 registered, irq 28
Aug 03 15:43:09 witherspoon kernel[951]: [    3.820000] aspeed-i2c-bus 1e78a180.i2c-bus: i2c bus 5 registered, irq 29
Aug 03 15:43:09 witherspoon kernel[951]: [    3.820000] aspeed-i2c-bus 1e78a380.i2c-bus: i2c bus 9 registered, irq 30
Aug 03 15:43:09 witherspoon kernel[951]: [    3.820000] aspeed-i2c-bus 1e78a3c0.i2c-bus: i2c bus 10 registered, irq 31
Aug 03 15:43:09 witherspoon kernel[951]: [    3.820000] rtc-rv8803 11-0032: Voltage low, temperature compensation stopped.
Aug 03 15:43:09 witherspoon kernel[951]: [    3.820000] rtc-rv8803 11-0032: rtc core: registered rx8900 as rtc0
Aug 03 15:43:09 witherspoon kernel[951]: [    3.820000] at24 11-0051: 8192 byte 24c64 EEPROM, writable, 1 bytes/write
Aug 03 15:43:09 witherspoon kernel[951]: [    3.820000] aspeed-i2c-bus 1e78a400.i2c-bus: i2c bus 11 registered, irq 32
Aug 03 15:43:09 witherspoon kernel[951]: [    3.820000] aspeed-i2c-bus 1e78a440.i2c-bus: i2c bus 12 registered, irq 33
Aug 03 15:43:09 witherspoon kernel[951]: [    3.820000] aspeed-i2c-bus 1e78a480.i2c-bus: i2c bus 13 registered, irq 34
Aug 03 15:43:09 witherspoon kernel[951]: [    3.820000] Driver for 1-wire Dallas network protocol.
Aug 03 15:43:09 witherspoon kernel[951]: [    3.970000] random: crng init done
Aug 03 15:43:09 witherspoon kernel[951]: [    3.980000] lm75 9-004a: hwmon0: sensor 'tmp275'
Aug 03 15:43:09 witherspoon kernel[951]: [    5.640000] ucd9000 11-0064: Device ID UCD90160|2.3.4.0000|110603
Aug 03 15:43:09 witherspoon kernel[951]: [    6.310000] leds-pca955x 3-0060: leds-pca955x: Using pca9552 16-bit LED driver at slave address 0x60
Aug 03 15:43:09 witherspoon kernel[951]: [    6.330000] leds-pca955x 3-0060: gpios 264...279
Aug 03 15:43:09 witherspoon kernel[951]: [    6.330000] leds-pca955x 11-0060: leds-pca955x: Using pca9552 16-bit LED driver at slave address 0x60
Aug 03 15:43:09 witherspoon kernel[951]: [    6.340000] leds-pca955x 11-0060: gpios 248...263
Aug 03 15:43:09 witherspoon kernel[951]: [    6.350000] usbcore: registered new interface driver usbhid
Aug 03 15:43:09 witherspoon kernel[951]: [    6.350000] usbhid: USB HID core driver
Aug 03 15:43:09 witherspoon kernel[951]: [    6.400000] NET: Registered protocol family 10
Aug 03 15:43:09 witherspoon kernel[951]: [    6.400000] Segment Routing with IPv6
Aug 03 15:43:09 witherspoon kernel[951]: [    6.410000] NET: Registered protocol family 17
Aug 03 15:43:09 witherspoon kernel[951]: [    6.410000] 8021q: 802.1Q VLAN Support v1.8
Aug 03 15:43:09 witherspoon kernel[951]: [    6.420000] input: gpio-keys-polled as /devices/platform/gpio-keys-polled/input/input1
Aug 03 15:43:09 witherspoon kernel[951]: [    6.450000] console [netcon0] enabled
Aug 03 15:43:09 witherspoon kernel[951]: [    6.450000] netconsole: network logging started
Aug 03 15:43:09 witherspoon kernel[951]: [    6.460000] input: gpio-keys as /devices/platform/gpio-keys/input/input2
Aug 03 15:43:09 witherspoon kernel[951]: [    6.470000] rtc-rv8803 11-0032: setting system clock to 2016-04-25 15:49:14 UTC (1461599354)
Aug 03 15:43:09 witherspoon kernel[951]: [    6.480000] Freeing unused kernel memory: 280K
Aug 03 15:43:09 witherspoon kernel[951]: [    6.480000] This architecture does not have kernel memory protection.
Aug 03 15:43:09 witherspoon kernel[951]: [    8.430000] jffs2: notice: (540) jffs2_build_xattr_subsystem: complete building xattr subsystem, 1 of xdatum (0 unchecked, 0 orphan) and 10 of xref (0 dead, 0 orphan) found.
Aug 03 15:43:09 witherspoon kernel[951]: [   10.470000] systemd[1]: System time before build time, advancing clock.
Aug 03 15:43:09 witherspoon kernel[951]: [   10.470000] systemd[1]: Failed to insert module 'autofs4': No such file or directory
Aug 03 15:43:09 witherspoon kernel[951]: [   10.470000] systemd[1]: systemd 232 running in system mode. (+PAM -AUDIT -SELINUX -IMA -APPARMOR -SMACK +SYSVINIT -UTMP -LIBCRYPTSETUP -GCRYPT -GNUTLS +ACL +XZ -LZ4 -SECCOMP +BLKID -ELFUTILS +KMOD -IDN)
Aug 03 15:43:09 witherspoon kernel[951]: [   10.810000] systemd[1]: Detected architecture arm.
Aug 03 15:43:09 witherspoon kernel[951]: [   10.870000] systemd[1]: Set hostname to <witherspoon>.
Aug 03 15:43:09 witherspoon kernel[951]: [   12.450000] systemd[1]: Listening on udev Kernel Socket.
Aug 03 15:43:09 witherspoon kernel[951]: [   12.550000] systemd[1]: Created slice System Slice.
Aug 03 15:43:09 witherspoon kernel[951]: [   12.590000] systemd[1]: Created slice system-phosphor\x2dcooling\x2dtype.slice.
Aug 03 15:43:09 witherspoon kernel[951]: [   12.630000] systemd[1]: Created slice system-getty.slice.
Aug 03 15:43:09 witherspoon kernel[951]: [   12.670000] systemd[1]: Reached target Remote File Systems.
Aug 03 15:43:09 witherspoon kernel[951]: [   12.710000] systemd[1]: Reached target Swap.
Aug 03 15:43:09 witherspoon kernel[951]: [   12.740000] systemd[1]: Created slice system-obmc\x2dled\x2dgroup\x2dstart.slice.
Aug 03 15:43:09 witherspoon kernel[951]: [   15.550000] systemd[1]: Mounted /var/volatile.
Aug 03 15:43:09 witherspoon kernel[951]: [   15.700000] systemd[1]: Started Journal Service.
Aug 03 15:43:09 witherspoon kernel[951]: [   16.910000] systemd-journald[569]: Received request to flush runtime journal from PID 1
Aug 03 15:43:09 witherspoon kernel[951]: [   24.110000] ubi7: default fastmap pool size: 100
Aug 03 15:43:09 witherspoon kernel[951]: [   24.110000] ubi7: default fastmap WL pool size: 50
Aug 03 15:43:09 witherspoon kernel[951]: [   24.110000] ubi7: attaching mtd7
Aug 03 15:43:10 witherspoon kernel[951]: [   25.000000] ubi7: scanning is finished
Aug 03 15:43:10 witherspoon kernel[951]: [   25.000000] ubi7: attached mtd7 (name "pnor", size 128 MiB)
Aug 03 15:43:10 witherspoon kernel[951]: [   25.000000] ubi7: PEB size: 65536 bytes (64 KiB), LEB size: 65408 bytes
Aug 03 15:43:10 witherspoon kernel[951]: [   25.000000] ubi7: min./max. I/O unit sizes: 1/256, sub-page size 1
Aug 03 15:43:10 witherspoon kernel[951]: [   25.000000] ubi7: VID header offset: 64 (aligned 64), data offset: 128
Aug 03 15:43:10 witherspoon kernel[951]: [   25.000000] ubi7: good PEBs: 2048, bad PEBs: 0, corrupted PEBs: 0
Aug 03 15:43:10 witherspoon kernel[951]: [   25.000000] ubi7: user volume: 3, internal volumes: 1, max. volumes count: 128
Aug 03 15:43:10 witherspoon kernel[951]: [   25.000000] ubi7: max/mean erase counter: 1/0, WL threshold: 4096, image sequence number: 1661816137
Aug 03 15:43:10 witherspoon kernel[951]: [   25.000000] ubi7: available PEBs: 1367, total reserved PEBs: 681, PEBs reserved for bad PEB handling: 0
Aug 03 15:43:10 witherspoon kernel[951]: [   25.000000] ubi7: background thread "ubi_bgt7d" started, PID 983
Aug 03 15:43:14 witherspoon systemd[1]: Started Phosphor Download Manager.
Aug 03 15:43:14 witherspoon systemd[1]: Started Phosphor LED Group Management Daemon.
Aug 03 15:43:14 witherspoon systemd[1]: Started Phosphor Log Manager.
Aug 03 15:43:14 witherspoon systemd[1]: Starting Network Service...
Aug 03 15:43:14 witherspoon systemd[1]: Starting Phosphor IPMI BT DBus Bridge...
Aug 03 15:43:14 witherspoon systemd[1]: Started Phosphor sysfs LED controller.
Aug 03 15:43:14 witherspoon systemd[1]: Starting Phosphor User Manager...
Aug 03 15:43:14 witherspoon systemd[1]: Starting Phosphor Chassis0 Control...
Aug 03 15:43:14 witherspoon systemd[1]: Started Phosphor sysfs LED controller.
Aug 03 15:43:15 witherspoon systemd[1]: Started Phosphor sysfs LED controller.
Aug 03 15:43:15 witherspoon systemd[1]: Started Phosphor sysfs LED controller.
Aug 03 15:43:15 witherspoon systemd[1]: Started Phosphor sysfs LED controller.
Aug 03 15:43:15 witherspoon systemd[1]: Starting Phosphor Inventory Manager...
Aug 03 15:43:15 witherspoon systemd[1]: Started Phosphor sysfs LED controller.
Aug 03 15:43:16 witherspoon systemd[1]: Starting OpenBMC Software Update Manager...
Aug 03 15:43:16 witherspoon systemd[1]: Started Phosphor sysfs LED controller.
Aug 03 15:43:16 witherspoon systemd[1]: Starting Avahi mDNS/DNS-SD Stack...
Aug 03 15:43:16 witherspoon systemd[1]: Starting Phosphor DBus Service Discovery Manager...
Aug 03 15:43:17 witherspoon systemd[1]: Started Clear one time boot overrides.
Aug 03 15:43:17 witherspoon systemd[1]: Started Phosphor BMC0 Control.
Aug 03 15:43:17 witherspoon systemd[1]: Started Phosphor Settings Daemon.
Aug 03 15:43:17 witherspoon systemd[1]: Started Phosphor IPMI BT DBus Bridge.
Aug 03 15:43:18 witherspoon systemd[1]: Started Phosphor Inventory Manager.
Aug 03 15:43:18 witherspoon avahi-daemon[1006]: Found user 'avahi' (UID 998) and group 'avahi' (GID 997).
Aug 03 15:43:18 witherspoon avahi-daemon[1006]: Successfully dropped root privileges.
Aug 03 15:43:18 witherspoon avahi-daemon[1006]: avahi-daemon 0.6.32 starting up.
Aug 03 15:43:19 witherspoon systemd[1]: Started OpenBMC Software Update Manager.
Aug 03 15:43:19 witherspoon systemd[1]: Started Phosphor Dump Manager.
Aug 03 15:43:19 witherspoon systemd[1]: Started Avahi mDNS/DNS-SD Stack.
Aug 03 15:43:19 witherspoon avahi-daemon[1006]: Successfully called chroot().
Aug 03 15:43:19 witherspoon avahi-daemon[1006]: Successfully dropped remaining capabilities.
Aug 03 15:43:19 witherspoon avahi-daemon[1006]: Loading service file /services/obmc_console.service.
Aug 03 15:43:19 witherspoon systemd-networkd[993]: Enumeration completed
Aug 03 15:43:19 witherspoon systemd[1]: Started Network Service.
Aug 03 15:43:19 witherspoon systemd[1]: Reached target Network.
Aug 03 15:43:19 witherspoon systemd[1]: Started Lightweight SLP Server.
Aug 03 15:43:19 witherspoon systemd[1]: Starting Permit User Sessions...
Aug 03 15:43:19 witherspoon kernel: 8021q: adding VLAN 0 to HW filter on device eth0
Aug 03 15:43:19 witherspoon kernel[951]: [   34.440000] 8021q: adding VLAN 0 to HW filter on device eth0
Aug 03 15:43:19 witherspoon systemd-networkd[993]: eth0: IPv6 enabled for interface: Success
Aug 03 15:43:19 witherspoon systemd-networkd[993]: eth0: Gained carrier
Aug 03 15:43:20 witherspoon systemd-timesyncd[945]: Network configuration changed, trying to establish connection.
Aug 03 15:43:20 witherspoon avahi-daemon[1006]: Loading service file /services/phosphor_rest.service.
Aug 03 15:43:20 witherspoon avahi-daemon[1006]: Loading service file /services/sftp-ssh.service.
Aug 03 15:43:20 witherspoon avahi-daemon[1006]: Loading service file /services/sftp.service.
Aug 03 15:43:20 witherspoon avahi-daemon[1006]: Loading service file /services/ssh.service.
Aug 03 15:43:20 witherspoon avahi-daemon[1006]: Joining mDNS multicast group on interface eth0.IPv6 with address fe80::72e2:84ff:fe14:2420.
Aug 03 15:43:20 witherspoon avahi-daemon[1006]: New relevant interface eth0.IPv6 for mDNS.
Aug 03 15:43:20 witherspoon avahi-daemon[1006]: Joining mDNS multicast group on interface eth0.IPv4 with address 9.41.166.169.
Aug 03 15:43:20 witherspoon avahi-daemon[1006]: New relevant interface eth0.IPv4 for mDNS.
Aug 03 15:43:20 witherspoon avahi-daemon[1006]: Network interface enumeration completed.
Aug 03 15:43:20 witherspoon avahi-daemon[1006]: Registering new address record for fe80::72e2:84ff:fe14:2420 on eth0.*.
Aug 03 15:43:20 witherspoon avahi-daemon[1006]: Registering new address record for 9.41.166.169 on eth0.IPv4.
Aug 03 15:43:21 witherspoon systemd[1]: Started Permit User Sessions.
Aug 03 15:43:21 witherspoon systemd[1]: Started Serial Getty on ttyS4.
Aug 03 15:43:21 witherspoon avahi-daemon[1006]: Server startup complete. Host name is witherspoon.local. Local service cookie is 216463678.
Aug 03 15:43:21 witherspoon systemd[1]: Reached target Login Prompts.
Aug 03 15:43:21 witherspoon systemd-networkd[993]: eth0: Gained IPv6LL
Aug 03 15:43:22 witherspoon avahi-daemon[1006]: Service "witherspoon" (/services/ssh.service) successfully established.
Aug 03 15:43:22 witherspoon avahi-daemon[1006]: Service "sftp" (/services/sftp.service) successfully established.
Aug 03 15:43:22 witherspoon avahi-daemon[1006]: Service "witherspoon" (/services/sftp-ssh.service) successfully established.
Aug 03 15:43:22 witherspoon avahi-daemon[1006]: Service "phosphor_rest" (/services/phosphor_rest.service) successfully established.
Aug 03 15:43:22 witherspoon avahi-daemon[1006]: Service "obmc_console" (/services/obmc_console.service) successfully established.
Aug 03 15:43:23 witherspoon kernel: ftgmac100 1e660000.ethernet eth0: ncsi: removed vlan tag 0 at index 1
Aug 03 15:43:23 witherspoon kernel: ftgmac100 1e660000.ethernet eth0: ncsi: removed vlan tag 0 at index 2
Aug 03 15:43:23 witherspoon kernel: ftgmac100 1e660000.ethernet eth0: no vlan ids left to set
Aug 03 15:43:23 witherspoon kernel: ftgmac100 1e660000.ethernet eth0: NCSI interface up
Aug 03 15:43:23 witherspoon kernel[951]: [   38.270000] ftgmac100 1e660000.ethernet eth0: ncsi: removed vlan tag 0 at index 1
Aug 03 15:43:23 witherspoon kernel[951]: [   38.270000] ftgmac100 1e660000.ethernet eth0: ncsi: removed vlan tag 0 at index 2
Aug 03 15:43:23 witherspoon kernel[951]: [   38.270000] ftgmac100 1e660000.ethernet eth0: no vlan ids left to set
Aug 03 15:43:23 witherspoon kernel[951]: [   38.270000] ftgmac100 1e660000.ethernet eth0: NCSI interface up
Aug 03 15:43:29 witherspoon kernel: block ubiblock7_0: created from ubi7:0(pnor-ro-2b6dcac8)
Aug 03 15:43:29 witherspoon kernel[951]: [   44.150000] block ubiblock7_0: created from ubi7:0(pnor-ro-2b6dcac8)
Aug 03 15:43:32 witherspoon kernel: UBIFS (ubi7:1): UBIFS: mounted UBI device 7, volume 1, name "pnor-rw-2b6dcac8"
Aug 03 15:43:32 witherspoon kernel: UBIFS (ubi7:1): LEB size: 65408 bytes (63 KiB), min./max. I/O unit sizes: 8 bytes/256 bytes
Aug 03 15:43:32 witherspoon kernel: UBIFS (ubi7:1): FS size: 16155776 bytes (15 MiB, 247 LEBs), journal size 784896 bytes (0 MiB, 12 LEBs)
Aug 03 15:43:32 witherspoon kernel: UBIFS (ubi7:1): reserved for root: 763076 bytes (745 KiB)
Aug 03 15:43:32 witherspoon kernel: UBIFS (ubi7:1): media format: w5/r0 (latest is w5/r0), UUID CFBD9CF0-B3B8-465D-914E-1DF59AB7E5E1, small LPT model
Aug 03 15:43:32 witherspoon kernel: UBIFS (ubi7:1): background thread "ubifs_bgt7_1" started, PID 1029
Aug 03 15:43:32 witherspoon kernel: UBIFS (ubi7:2): UBIFS: mounted UBI device 7, volume 2, name "pnor-prsv"
Aug 03 15:43:32 witherspoon kernel: UBIFS (ubi7:2): LEB size: 65408 bytes (63 KiB), min./max. I/O unit sizes: 8 bytes/256 bytes
Aug 03 15:43:32 witherspoon kernel: UBIFS (ubi7:2): FS size: 1504384 bytes (1 MiB, 23 LEBs), journal size 523265 bytes (0 MiB, 6 LEBs)
Aug 03 15:43:32 witherspoon kernel: UBIFS (ubi7:2): reserved for root: 71055 bytes (69 KiB)
Aug 03 15:43:32 witherspoon kernel: UBIFS (ubi7:2): media format: w5/r0 (latest is w5/r0), UUID A09A00DC-898C-4306-88AF-760CB93FCB0B, small LPT model
Aug 03 15:43:32 witherspoon kernel[951]: [   46.550000] UBIFS (ubi7:1): UBIFS: mounted UBI device 7, volume 1, name "pnor-rw-2b6dcac8"
Aug 03 15:43:32 witherspoon kernel[951]: [   46.550000] UBIFS (ubi7:1): LEB size: 65408 bytes (63 KiB), min./max. I/O unit sizes: 8 bytes/256 bytes
Aug 03 15:43:32 witherspoon kernel[951]: [   46.550000] UBIFS (ubi7:1): FS size: 16155776 bytes (15 MiB, 247 LEBs), journal size 784896 bytes (0 MiB, 12 LEBs)
Aug 03 15:43:32 witherspoon kernel[951]: [   46.550000] UBIFS (ubi7:1): reserved for root: 763076 bytes (745 KiB)
Aug 03 15:43:32 witherspoon kernel[951]: [   46.550000] UBIFS (ubi7:1): media format: w5/r0 (latest is w5/r0), UUID CFBD9CF0-B3B8-465D-914E-1DF59AB7E5E1, small LPT model
Aug 03 15:43:32 witherspoon kernel[951]: [   46.550000] UBIFS (ubi7:1): background thread "ubifs_bgt7_1" started, PID 1029
Aug 03 15:43:32 witherspoon kernel[951]: [   46.550000] UBIFS (ubi7:2): UBIFS: mounted UBI device 7, volume 2, name "pnor-prsv"
Aug 03 15:43:32 witherspoon kernel[951]: [   46.550000] UBIFS (ubi7:2): LEB size: 65408 bytes (63 KiB), min./max. I/O unit sizes: 8 bytes/256 bytes
Aug 03 15:43:32 witherspoon kernel[951]: [   46.550000] UBIFS (ubi7:2): FS size: 1504384 bytes (1 MiB, 23 LEBs), journal size 523265 bytes (0 MiB, 6 LEBs)
Aug 03 15:43:32 witherspoon kernel[951]: [   46.550000] UBIFS (ubi7:2): reserved for root: 71055 bytes (69 KiB)
Aug 03 15:43:32 witherspoon kernel[951]: [   46.550000] UBIFS (ubi7:2): media format: w5/r0 (latest is w5/r0), UUID A09A00DC-898C-4306-88AF-760CB93FCB0B, small LPT model
Aug 03 15:43:32 witherspoon kernel: UBIFS (ubi7:2): background thread "ubifs_bgt7_2" started, PID 1037
Aug 03 15:43:32 witherspoon kernel[951]: [   46.870000] UBIFS (ubi7:2): background thread "ubifs_bgt7_2" started, PID 1037
Aug 03 15:43:33 witherspoon sensor_manager2.py[960]: Setting boot count to 3
Aug 03 15:43:33 witherspoon sensor_manager2.py[960]: Starting sensor manager
Aug 03 15:43:34 witherspoon systemd[1]: Started Remount the squashfs and ubi volumes after a reboot.
Aug 03 15:43:35 witherspoon inventory_items.py[1002]: Loading from cache: /var/cache/obmc/org.openbmc.inventory.system.chassis.motherboard.apss@org.openbmc.InventoryItem.props
Aug 03 15:43:35 witherspoon inventory_items.py[1002]: Loading from cache: /var/cache/obmc/org.openbmc.inventory.system.chassis.motherboard@org.openbmc.InventoryItem.props
Aug 03 15:43:35 witherspoon download_manager.py[966]: Running Download Manager
Aug 03 15:43:35 witherspoon chassis_control.py[997]: Running ChassisControlService
Aug 03 15:43:34 witherspoon systemd[1]: Started Phosphor Sensor Manager.
Aug 03 15:43:34 witherspoon systemd[1]: Started Phosphor Chassis0 Control.
Aug 03 15:43:34 witherspoon systemd[1]: Started Phosphor Download Manager.
Aug 03 15:43:34 witherspoon systemd[1]: Starting OpenPower Software Update Manager...
Aug 03 15:43:34 witherspoon systemd[1]: Reached target Multi-User System.
Aug 03 15:43:34 witherspoon systemd-networkd[993]: eth0: Configured
Aug 03 15:43:34 witherspoon systemd-timesyncd[945]: Network configuration changed, trying to establish connection.
Aug 03 15:43:35 witherspoon openpower-update-manager[1039]: Error in reading file
Aug 03 15:43:35 witherspoon systemd[1]: Started OpenPower Software Update Manager.
Aug 03 15:43:35 witherspoon systemd[1]: Started Phosphor MBOX Daemon.
Aug 03 15:43:35 witherspoon systemd[1]: Starting Phosphor Version Software Manager...
Aug 03 15:43:35 witherspoon systemd[1]: Starting Create a ubi volume for pnor patches...
Aug 03 15:43:36 witherspoon systemd[1]: Started Phosphor Version Software Manager.
Aug 03 15:43:36 witherspoon inventory_items.py[1002]: Loading from cache: /var/cache/obmc/org.openbmc.inventory.system.chassis.motherboard.refclock@org.openbmc.InventoryItem.props
Aug 03 15:43:36 witherspoon inventory_items.py[1002]: Loading from cache: /var/cache/obmc/org.openbmc.inventory.system.chassis.motherboard.cpu1.core7@org.openbmc.InventoryItem.props
Aug 03 15:43:36 witherspoon inventory_items.py[1002]: Loading from cache: /var/cache/obmc/org.openbmc.inventory.system.chassis.motherboard.cpu1.core4@org.openbmc.InventoryItem.props
Aug 03 15:43:36 witherspoon inventory_items.py[1002]: Loading from cache: /var/cache/obmc/org.openbmc.inventory.system.chassis.motherboard.cpu1.core1@org.openbmc.InventoryItem.props
Aug 03 15:43:36 witherspoon inventory_items.py[1002]: Loading from cache: /var/cache/obmc/org.openbmc.inventory.system.chassis.motherboard.cpu1.core10@org.openbmc.InventoryItem.props
Aug 03 15:43:36 witherspoon inventory_items.py[1002]: Loading from cache: /var/cache/obmc/org.openbmc.inventory.system.chassis.motherboard.todclock@org.openbmc.InventoryItem.props
Aug 03 15:43:36 witherspoon inventory_items.py[1002]: Loading from cache: /var/cache/obmc/org.openbmc.inventory.system.chassis.motherboard.cpu1@org.openbmc.InventoryItem.props
Aug 03 15:43:37 witherspoon inventory_items.py[1002]: Loading from cache: /var/cache/obmc/org.openbmc.inventory.system.chassis.motherboard.bmc@org.openbmc.InventoryItem.props
Aug 03 15:43:37 witherspoon inventory_items.py[1002]: Caching: /org/openbmc/inventory/system/chassis/motherboard/bmc
Aug 03 15:43:37 witherspoon inventory_items.py[1002]: Loading from cache: /var/cache/obmc/org.openbmc.inventory.system.chassis.motherboard.cpu0.core1@org.openbmc.InventoryItem.props
Aug 03 15:43:37 witherspoon inventory_items.py[1002]: Loading from cache: /var/cache/obmc/org.openbmc.inventory.system.chassis.motherboard.cpu0.core7@org.openbmc.InventoryItem.props
Aug 03 15:43:37 witherspoon inventory_items.py[1002]: Loading from cache: /var/cache/obmc/org.openbmc.inventory.system.chassis.motherboard.cpu0.core4@org.openbmc.InventoryItem.props
Aug 03 15:43:37 witherspoon inventory_items.py[1002]: Loading from cache: /var/cache/obmc/org.openbmc.inventory.system.chassis.motherboard.pcieclock@org.openbmc.InventoryItem.props
Aug 03 15:43:37 witherspoon inventory_items.py[1002]: Loading from cache: /var/cache/obmc/org.openbmc.inventory.system.chassis.motherboard.cpu0.core10@org.openbmc.InventoryItem.props
Aug 03 15:43:37 witherspoon systemd[1]: Started Phosphor Inventory Manager.
Aug 03 15:43:37 witherspoon inventory_items.py[1002]: Running Inventory Manager
Aug 03 15:43:37 witherspoon systemd[1]: Started Phosphor User Manager.
Aug 03 15:43:37 witherspoon obmc-phosphor-userd[996]: Started
Aug 03 15:43:37 witherspoon netman.py[958]: Started
Aug 03 15:43:37 witherspoon phosphor-mapper[1007]: ObjectMapper startup complete.  Discovery in progress...
Aug 03 15:43:37 witherspoon systemd[1]: Started Phosphor Network Manager.
Aug 03 15:43:38 witherspoon obmc-flash-bios[1042]: Volume ID 3, size 257 LEBs (16809856 bytes, 16.0 MiB), LEB size 65408 bytes (63.9 KiB), dynamic, name "pnor-patch", alignment 1
Aug 03 15:43:38 witherspoon kernel: UBIFS (ubi7:3): default file-system created
Aug 03 15:43:38 witherspoon kernel: UBIFS (ubi7:3): UBIFS: mounted UBI device 7, volume 3, name "pnor-patch"
Aug 03 15:43:38 witherspoon kernel: UBIFS (ubi7:3): LEB size: 65408 bytes (63 KiB), min./max. I/O unit sizes: 8 bytes/256 bytes
Aug 03 15:43:38 witherspoon kernel: UBIFS (ubi7:3): FS size: 16155776 bytes (15 MiB, 247 LEBs), journal size 784896 bytes (0 MiB, 12 LEBs)
Aug 03 15:43:38 witherspoon kernel: UBIFS (ubi7:3): reserved for root: 763076 bytes (745 KiB)
Aug 03 15:43:38 witherspoon kernel: UBIFS (ubi7:3): media format: w5/r0 (latest is w5/r0), UUID 0FCF83D3-2A53-4A29-97D9-53BDCE4BF73A, small LPT model
Aug 03 15:43:38 witherspoon kernel[951]: [   52.950000] UBIFS (ubi7:3): default file-system created
Aug 03 15:43:38 witherspoon kernel[951]: [   52.950000] UBIFS (ubi7:3): UBIFS: mounted UBI device 7, volume 3, name "pnor-patch"
Aug 03 15:43:38 witherspoon kernel[951]: [   52.950000] UBIFS (ubi7:3): LEB size: 65408 bytes (63 KiB), min./max. I/O unit sizes: 8 bytes/256 bytes
Aug 03 15:43:38 witherspoon kernel[951]: [   52.950000] UBIFS (ubi7:3): FS size: 16155776 bytes (15 MiB, 247 LEBs), journal size 784896 bytes (0 MiB, 12 LEBs)
Aug 03 15:43:38 witherspoon kernel[951]: [   52.950000] UBIFS (ubi7:3): reserved for root: 763076 bytes (745 KiB)
Aug 03 15:43:38 witherspoon kernel[951]: [   52.950000] UBIFS (ubi7:3): media format: w5/r0 (latest is w5/r0), UUID 0FCF83D3-2A53-4A29-97D9-53BDCE4BF73A, small LPT model
Aug 03 15:43:38 witherspoon avahi-daemon[1010]: ../../avahi-0.6.32/avahi-daemon/chroot.c: open() failed: No such file or directory
Aug 03 15:43:38 witherspoon avahi-daemon[1006]: Failed to open /usr/share/dbus-1/interfaces/org.freedesktop.Avahi.Server.xml: Invalid argument
Aug 03 15:43:38 witherspoon avahi-daemon[1006]: Failed to load introspection data.
Aug 03 15:43:38 witherspoon kernel: UBIFS (ubi7:3): background thread "ubifs_bgt7_3" started, PID 1061
Aug 03 15:43:38 witherspoon kernel[951]: [   53.080000] UBIFS (ubi7:3): background thread "ubifs_bgt7_3" started, PID 1061
Aug 03 15:43:38 witherspoon systemd[1]: Started Create a ubi volume for pnor patches.
Aug 03 15:43:50 witherspoon phosphor-mapper[1007]: ObjectMapper discovery complete
Aug 03 15:43:50 witherspoon systemd[1]: Started Phosphor DBus Service Discovery Manager.
Aug 03 15:43:50 witherspoon systemd[1]: Started Phosphor Hwmon Poller.
Aug 03 15:43:50 witherspoon systemd[1]: Started Phosphor Hwmon Poller.
Aug 03 15:43:50 witherspoon systemd[1]: Started Phosphor Hwmon Poller.
Aug 03 15:43:50 witherspoon systemd[1]: Started Phosphor Hwmon Poller.
Aug 03 15:43:50 witherspoon systemd[1]: Started Phosphor Hwmon Poller.
Aug 03 15:43:50 witherspoon systemd[1]: Started Phosphor Hwmon Poller.
Aug 03 15:43:50 witherspoon systemd[1]: Reached target Phosphor Object Mapper.
Aug 03 15:43:50 witherspoon systemd[1]: Starting Wait for /org/openbmc/control/power0...
Aug 03 15:43:50 witherspoon systemd[1]: Starting Phosphor Settings Manager...
Aug 03 15:43:50 witherspoon systemd[1]: Starting Wait for /xyz/openbmc_project/led/groups...
Aug 03 15:43:50 witherspoon systemd[1]: Starting Wait for /org/openbmc/managers/System...
Aug 03 15:43:50 witherspoon systemd[1]: Starting Phosphor Network Manager...
Aug 03 15:43:50 witherspoon phosphor-network-manager[1073]: ConfigParser: Key not found
Aug 03 15:43:50 witherspoon phosphor-network-manager[1073]: The operation failed internally.
Aug 03 15:43:50 witherspoon phosphor-network-manager[1073]: Exception occured during getting of DHCP value
Aug 03 15:43:50 witherspoon dbus[967]: [system] Activating via systemd: service name='org.freedesktop.hostname1' unit='dbus-org.freedesktop.hostname1.service'
Aug 03 15:43:52 witherspoon systemd[1]: Starting Wait for /xyz/openbmc_project/inventory...
Aug 03 15:43:52 witherspoon systemd[1]: Starting Wait for /xyz/openbmc_project/time/owner...
Aug 03 15:43:52 witherspoon systemd[1]: Starting Wait for /org/openbmc/NetworkManager/Interface...
Aug 03 15:43:52 witherspoon systemd[1]: Starting Wait for /xyz/openbmc_project/control/host0/auto_reboot...
Aug 03 15:43:52 witherspoon systemd[1]: Starting Wait for /xyz/openbmc_project/control/host0/power_restore_policy...
Aug 03 15:43:52 witherspoon systemd[1]: Starting Wait for /xyz/openbmc_project/state/chassis0...
Aug 03 15:43:52 witherspoon systemd[1]: Starting Wait for /xyz/openbmc_project/state/host0...
Aug 03 15:43:52 witherspoon systemd[1]: Started Phosphor DBus Monitor.
Aug 03 15:43:52 witherspoon systemd[1]: Starting Wait for /xyz/openbmc_project/control/host0/boot_source...
Aug 03 15:43:52 witherspoon systemd[1]: Starting Wait for /xyz/openbmc_project/control/host0/restriction_mode...
Aug 03 15:43:52 witherspoon systemd[1]: Starting Wait for /xyz/openbmc_project/time/sync_method...
Aug 03 15:43:52 witherspoon systemd[1]: Starting Phoshpor System Manager...
Aug 03 15:43:52 witherspoon systemd[1]: Starting Wait for /xyz/openbmc_project/led/groups/bmc_booted...
Aug 03 15:43:52 witherspoon systemd[1]: Starting Wait for /xyz/openbmc_project/control/host0...
Aug 03 15:43:52 witherspoon systemd[1]: Starting Wait for /org/openbmc/managers/Download...
Aug 03 15:43:52 witherspoon systemd[1]: Starting Wait for /xyz/openbmc_project/control/host0/boot_mode...
Aug 03 15:43:52 witherspoon systemd[1]: Starting Wait for /org/openbmc/control/bmc0...
Aug 03 15:43:52 witherspoon systemd[1]: Reached target Webserver (pre).
Aug 03 15:43:53 witherspoon systemd[1]: Started Wait for /xyz/openbmc_project/led/groups.
Aug 03 15:43:53 witherspoon systemd[1]: Started Wait for /xyz/openbmc_project/inventory.
Aug 03 15:43:53 witherspoon systemd[1]: Starting Hostname Service...
Aug 03 15:43:54 witherspoon systemd[1]: Started Phosphor Cooling Type.
Aug 03 15:43:54 witherspoon systemd[1]: Starting OpenPOWER OCC controller...
Aug 03 15:43:54 witherspoon systemd[1]: Starting Read OpenPOWER-format VPD from EEPROM...
Aug 03 15:43:54 witherspoon systemd[1]: Started Phosphor GPIO 1 Presence.
Aug 03 15:43:54 witherspoon systemd[1]: Started Phosphor GPIO 0 Presence.
Aug 03 15:43:54 witherspoon systemd[1]: Started FRU Fault monitor service.
Aug 03 15:43:55 witherspoon phosphor-gpio-presence[1097]: Updating inventory present property
Aug 03 15:43:55 witherspoon phosphor-gpio-presence[1098]: Updating inventory present property
Aug 03 15:43:55 witherspoon dbus[967]: [system] Successfully activated service 'org.freedesktop.hostname1'
Aug 03 15:43:55 witherspoon systemd[1]: Started Hostname Service.
Aug 03 15:43:56 witherspoon systemd[1]: Started Phosphor Network Manager.
Aug 03 15:43:58 witherspoon systemd[1]: Started Wait for /org/openbmc/NetworkManager/Interface.
Aug 03 15:43:58 witherspoon systemd[1]: Started Phosphor DNS Settings Cache Manager.
Aug 03 15:43:59 witherspoon systemd[1]: Started Wait for /xyz/openbmc_project/control/host0/auto_reboot.
Aug 03 15:44:00 witherspoon systemd[1]: Started Wait for /org/openbmc/managers/Download.
Aug 03 15:44:00 witherspoon systemd[1]: Started Wait for /xyz/openbmc_project/control/host0/boot_mode.
Aug 03 15:44:00 witherspoon systemd[1]: Started Wait for /org/openbmc/control/bmc0.
Aug 03 15:44:00 witherspoon systemd[1]: Starting Phosphor BMC Code Update...
Aug 03 15:44:00 witherspoon systemd[1]: Started Wait for /xyz/openbmc_project/time/sync_method.
Aug 03 15:44:01 witherspoon systemd[1]: Started Wait for /xyz/openbmc_project/control/host0/boot_source.
Aug 03 15:44:01 witherspoon systemd[1]: Started Wait for /xyz/openbmc_project/time/owner.
Aug 03 15:44:01 witherspoon systemd[1]: Started Wait for /xyz/openbmc_project/control/host0/power_restore_policy.
Aug 03 15:44:01 witherspoon systemd[1]: Started Wait for /xyz/openbmc_project/led/groups/bmc_booted.
Aug 03 15:44:01 witherspoon systemd[1]: Started Wait for /xyz/openbmc_project/control/host0/restriction_mode.
Aug 03 15:44:01 witherspoon systemd[1]: Started OpenPOWER OCC controller.
Aug 03 15:44:04 witherspoon system_manager.py[1087]: Running System State: BASE_APPS
Aug 03 15:44:04 witherspoon system_manager.py[1087]: SystemManager Init Done
Aug 03 15:44:04 witherspoon systemd[1]: Started Phoshpor System Manager.
Aug 03 15:44:04 witherspoon system_manager.py[1087]: Running SystemManager
Aug 03 15:44:07 witherspoon systemd[1]: Started Read OpenPOWER-format VPD from EEPROM.
Aug 03 15:44:07 witherspoon system_manager.py[1087]: SystemManager Goto System State: BMC_STARTING
Aug 03 15:44:07 witherspoon system_manager.py[1087]: Running System State: BMC_STARTING
Aug 03 15:44:08 witherspoon settings_manager.py[1070]: Running HostSettingsService
Aug 03 15:44:08 witherspoon systemd[1]: Started Phosphor Settings Manager.
Aug 03 15:44:08 witherspoon systemd[1]: Starting Wait for /org/openbmc/settings/host0...
Aug 03 15:44:09 witherspoon systemd[1]: Started Phosphor BMC Code Update.
Aug 03 15:44:09 witherspoon bmc_update.py[1105]: Running Bmc Flash Control
Aug 03 15:44:12 witherspoon systemd[1]: Started Wait for /org/openbmc/managers/System.
Aug 03 15:44:12 witherspoon systemd[1]: Starting Phosphor BMC State Manager...
Aug 03 15:44:12 witherspoon systemd[1]: Starting Phosphor Chassis State Manager...
Aug 03 15:44:12 witherspoon systemd[1]: Starting Phosphor Reset Button0...
Aug 03 15:44:12 witherspoon systemd[1]: Starting Phosphor Power0 Control...
Aug 03 15:44:12 witherspoon systemd[1]: Starting Phosphor Power Button0...
Aug 03 15:44:12 witherspoon phosphor-bmc-state-manager[1119]: Setting the BMCState field
Aug 03 15:44:12 witherspoon phosphor-bmc-state-manager[1119]: Setting the BMCState field
Aug 03 15:44:12 witherspoon systemd[1]: Started Phosphor BMC State Manager.
Aug 03 15:44:13 witherspoon system_manager.py[1087]: New object: /org/openbmc/control/power0 (:1.76)
Aug 03 15:44:13 witherspoon button_power.exe[1123]: GPIO Lookup:  POWER_BUTTON = 347,both
Aug 03 15:44:13 witherspoon systemd[1]: Started Phosphor Power Button0.
Aug 03 15:44:13 witherspoon phosphor-chassis-state-manager[1120]: Initial Chassis State will be Off
Aug 03 15:44:13 witherspoon systemd[1]: Started Phosphor Chassis State Manager.
Aug 03 15:44:13 witherspoon button_reset.exe[1121]: GPIO Lookup:  RESET_BUTTON = 353,both
Aug 03 15:44:13 witherspoon systemd[1]: Started Phosphor Reset Button0.
Aug 03 15:44:14 witherspoon system_manager.py[1087]: Power GPIO config: ['SYS_PWROK_BUFF', '', [('SOFTWARE_PGOOD', True), ('BMC_POWER_UP', True)], [('BMC_CP0_RESET_N', False)], [], 'FSI_DATA', 'FSI_CLK', 'FSI_ENABLE', 'CRONUS_SEL', []]
Aug 03 15:44:14 witherspoon power_control.exe[1122]: Power GPIO latch output:
Aug 03 15:44:14 witherspoon power_control.exe[1122]: Power GPIO power good input: SYS_PWROK_BUFF
Aug 03 15:44:14 witherspoon power_control.exe[1122]: Power GPIO 2 power_up outputs
Aug 03 15:44:14 witherspoon power_control.exe[1122]: Power GPIO power_up[0] = SOFTWARE_PGOOD active HIGH
Aug 03 15:44:14 witherspoon power_control.exe[1122]: Power GPIO power_up[1] = BMC_POWER_UP active HIGH
Aug 03 15:44:14 witherspoon power_control.exe[1122]: Power GPIO 1 reset outputs
Aug 03 15:44:14 witherspoon power_control.exe[1122]: Power GPIO reset[0] = BMC_CP0_RESET_N active LOW
Aug 03 15:44:14 witherspoon power_control.exe[1122]: Power GPIO 0 pci reset outputs
Aug 03 15:44:14 witherspoon power_control.exe[1122]: FSI DATA GPIO: FSI_DATA
Aug 03 15:44:14 witherspoon power_control.exe[1122]: FSI CLK GPIO: FSI_CLK
Aug 03 15:44:14 witherspoon power_control.exe[1122]: FSI ENABLE GPIO: FSI_ENABLE
Aug 03 15:44:14 witherspoon power_control.exe[1122]: CRONUS SEL GPIO: CRONUS_SEL
Aug 03 15:44:14 witherspoon power_control.exe[1122]: Hostctl GPIO optionals: 0
Aug 03 15:44:14 witherspoon power_control.exe[1122]: GPIO Lookup:  SYS_PWROK_BUFF = 306,in
Aug 03 15:44:14 witherspoon power_control.exe[1122]: GPIO Lookup:  SOFTWARE_PGOOD = 417,out
Aug 03 15:44:14 witherspoon power_control.exe[1122]: GPIO Lookup:  BMC_POWER_UP = 305,out
Aug 03 15:44:14 witherspoon power_control.exe[1122]: GPIO Lookup:  BMC_CP0_RESET_N = 281,out
Aug 03 15:44:14 witherspoon power_control.exe[1122]: Pgood state: 0
Aug 03 15:44:14 witherspoon systemd[1]: Started Phosphor Power0 Control.
Aug 03 15:44:14 witherspoon systemd[1]: Started Wait for /org/openbmc/settings/host0.
Aug 03 15:44:14 witherspoon systemd[1]: Started Phosphor Inband IPMI.
Aug 03 15:44:18 witherspoon systemd[1]: Started Wait for /org/openbmc/control/power0.
Aug 03 15:44:18 witherspoon systemd[1]: Starting Check Chassis0 pgood and create a file to indicate it...
Aug 03 15:44:18 witherspoon systemd[1]: Starting Phosphor Time Manager daemon...
Aug 03 15:44:19 witherspoon systemd[1]: Started Wait for /xyz/openbmc_project/state/chassis0.
Aug 03 15:44:20 witherspoon timemanager[1149]: Registering dbus methods
Aug 03 15:44:20 witherspoon timemanager[1149]: Last known time_mode: NTP
Aug 03 15:44:20 witherspoon timemanager[1149]: Last known time_owner: BMC
Aug 03 15:44:20 witherspoon timemanager[1149]: Empty DhcpNtp string
Aug 03 15:44:20 witherspoon timemanager[1149]: Reading Power Control key: pgood
Aug 03 15:44:20 witherspoon timemanager[1149]: Changing settings *allowed* now
Aug 03 15:44:20 witherspoon systemd[1]: Started Check Chassis0 pgood and create a file to indicate it.
Aug 03 15:44:20 witherspoon systemd[1]: Reached target Chassis0 power on after reset.
Aug 03 15:44:20 witherspoon systemd[1]: Reached target Chassis0 (Reset Check).
Aug 03 15:44:20 witherspoon systemd[1]: Started Wait for /xyz/openbmc_project/control/host0.
Aug 03 15:44:20 witherspoon systemd[1]: Reached target Host0 running after reset.
Aug 03 15:44:20 witherspoon systemd[1]: Reached target Host0 (Reset Check).
Aug 03 15:44:20 witherspoon systemd[1]: Starting Phosphor Host State Manager...
Aug 03 15:44:20 witherspoon timemanager[1149]: Owner is already set to : BMC
Aug 03 15:44:21 witherspoon timemanager[1149]: Requested_Mode: NTP Current_Mode: NTP
Aug 03 15:44:21 witherspoon timemanager[1149]: Mode is already set to : NTP
Aug 03 15:44:21 witherspoon timemanager[1149]: Getting System Settings: use_dhcp_ntp
Aug 03 15:44:21 witherspoon timemanager[1149]: use_dhcp_ntp = yes
Aug 03 15:44:21 witherspoon timemanager[1149]: Last known host_offset:0
Aug 03 15:44:21 witherspoon timemanager[1149]: Initial Uptime Usec: 1501774965363202
Aug 03 15:44:21 witherspoon systemd[1]: Started Phosphor Time Manager daemon.
Aug 03 15:44:22 witherspoon phosphor-host-state-manager[1161]: Initial Host State will be Off
Aug 03 15:44:22 witherspoon systemd[1]: Started Phosphor Host State Manager.
Aug 03 15:44:23 witherspoon systemd[1]: Started Wait for /xyz/openbmc_project/state/host0.
Aug 03 15:44:23 witherspoon systemd[1]: Starting Reboot If Enabled...
Aug 03 15:44:24 witherspoon phosphor-discover-system-state[1163]: Host power is off, checking power policy
Aug 03 15:44:24 witherspoon systemd[1]: Started Reboot If Enabled.
Aug 03 15:44:24 witherspoon systemd[1]: Reached target Phosphor System - Standby.
Aug 03 15:44:24 witherspoon phosphor-bmc-state-manager[1119]: BMC_READY
Aug 03 15:44:24 witherspoon phosphor-bmc-state-manager[1119]: Setting the BMCState field
Aug 03 15:44:24 witherspoon systemd[1]: Starting Assert bmc_booted LED...
Aug 03 15:44:24 witherspoon phosphor-ledmanager[965]: Asserting LEDs
Aug 03 15:44:25 witherspoon systemd[1]: Started Assert bmc_booted LED.
Aug 03 15:44:25 witherspoon systemd[1]: Startup finished in 10.383s (kernel) + 1min 29.290s (userspace) = 1min 39.673s.
Aug 03 15:47:21 witherspoon systemd[1]: Started Phosphor Webserver.
Aug 03 15:47:33 witherspoon phosphor-gevent[1177]: ::8059:6c76:8e91:f402%1995922204 - - [2017-08-03 15:47:33] "POST /login HTTP/1.1" 200 320 0.074456
Aug 03 15:47:33 witherspoon systemd[1]: Created slice system-dropbear.slice.
Aug 03 15:47:33 witherspoon systemd[1]: Started SSH Per-Connection Server (9.41.165.94:57560).
Aug 03 15:47:33 witherspoon dropbear[1179]: Failed loading /etc/dropbear/dropbear_dss_host_key
Aug 03 15:47:33 witherspoon dropbear[1179]: Failed loading /etc/dropbear/dropbear_ecdsa_host_key
Aug 03 15:47:33 witherspoon dropbear[1179]: Child connection from ::ffff:9.41.165.94:57560
Aug 03 15:47:34 witherspoon dropbear[1179]: pam_unix(dropbear:account): account root has password changed in future
Aug 03 15:47:34 witherspoon dropbear[1179]: PAM password auth succeeded for 'root' from ::ffff:9.41.165.94:57560
Aug 03 15:47:34 witherspoon dropbear[1180]: lastlog_perform_login: Couldn't stat /var/log/lastlog: No such file or directory
Aug 03 15:47:34 witherspoon dropbear[1180]: lastlog_openseek: /var/log/lastlog is not a file or directory!
Aug 03 15:47:35 witherspoon systemd[1]: Started SSH Per-Connection Server (9.41.165.94:57562).
Aug 03 15:47:35 witherspoon dropbear[1184]: Failed loading /etc/dropbear/dropbear_dss_host_key
Aug 03 15:47:35 witherspoon dropbear[1184]: Failed loading /etc/dropbear/dropbear_ecdsa_host_key
Aug 03 15:47:35 witherspoon dropbear[1184]: Child connection from ::ffff:9.41.165.94:57562
Aug 03 15:47:35 witherspoon dropbear[1184]: pam_unix(dropbear:account): account root has password changed in future
Aug 03 15:47:35 witherspoon dropbear[1184]: PAM password auth succeeded for 'root' from ::ffff:9.41.165.94:57562
Aug 03 15:47:36 witherspoon dropbear[1185]: lastlog_perform_login: Couldn't stat /var/log/lastlog: No such file or directory
Aug 03 15:47:36 witherspoon dropbear[1185]: lastlog_openseek: /var/log/lastlog is not a file or directory!
Aug 03 15:47:37 witherspoon systemd[1]: Started SSH Per-Connection Server (9.41.165.94:57564).
Aug 03 15:47:37 witherspoon dropbear[1191]: Failed loading /etc/dropbear/dropbear_dss_host_key
Aug 03 15:47:37 witherspoon dropbear[1191]: Failed loading /etc/dropbear/dropbear_ecdsa_host_key
Aug 03 15:47:37 witherspoon dropbear[1191]: Child connection from ::ffff:9.41.165.94:57564
Aug 03 15:47:37 witherspoon dropbear[1191]: pam_unix(dropbear:account): account root has password changed in future
Aug 03 15:47:37 witherspoon dropbear[1191]: PAM password auth succeeded for 'root' from ::ffff:9.41.165.94:57564
Aug 03 15:47:37 witherspoon dropbear[1192]: lastlog_perform_login: Couldn't stat /var/log/lastlog: No such file or directory
Aug 03 15:47:37 witherspoon dropbear[1192]: lastlog_openseek: /var/log/lastlog is not a file or directory!
Aug 03 15:47:39 witherspoon phosphor-gevent[1177]: ::8059:6c76:8e91:f402%1995922204 - - [2017-08-03 15:47:39] "POST /login HTTP/1.1" 200 320 0.033119
Aug 03 15:47:39 witherspoon phosphor-gevent[1177]: ::8059:6c76:8e91:f402%1995922204 - - [2017-08-03 15:47:39] "GET /xyz/openbmc_project/state/host0//attr/CurrentHostState HTTP/1.1" 200 212 0.086429
Aug 03 15:47:39 witherspoon dropbear[1179]: Exit (root): Error reading: Connection reset by peer
Aug 03 15:47:39 witherspoon dropbear[1184]: Exit (root): Error reading: Connection reset by peer
Aug 03 15:47:39 witherspoon dropbear[1191]: Exit (root): Exited normally
Aug 03 15:48:42 witherspoon systemd[1]: Started SSH Per-Connection Server (9.41.165.94:57592).
Aug 03 15:48:42 witherspoon dropbear[1203]: Failed loading /etc/dropbear/dropbear_dss_host_key
Aug 03 15:48:42 witherspoon dropbear[1203]: Failed loading /etc/dropbear/dropbear_ecdsa_host_key
Aug 03 15:48:42 witherspoon dropbear[1203]: Child connection from ::ffff:9.41.165.94:57592
Aug 03 15:48:43 witherspoon dropbear[1203]: pam_unix(dropbear:account): account root has password changed in future
Aug 03 15:48:43 witherspoon dropbear[1203]: PAM password auth succeeded for 'root' from ::ffff:9.41.165.94:57592
Aug 03 15:48:43 witherspoon dropbear[1204]: lastlog_perform_login: Couldn't stat /var/log/lastlog: No such file or directory
Aug 03 15:48:43 witherspoon dropbear[1204]: lastlog_openseek: /var/log/lastlog is not a file or directory!
Aug 03 15:48:44 witherspoon systemd[1]: Started SSH Per-Connection Server (9.41.165.94:57594).
Aug 03 15:48:44 witherspoon dropbear[1213]: Failed loading /etc/dropbear/dropbear_dss_host_key
Aug 03 15:48:44 witherspoon dropbear[1213]: Failed loading /etc/dropbear/dropbear_ecdsa_host_key
Aug 03 15:48:44 witherspoon dropbear[1213]: Child connection from ::ffff:9.41.165.94:57594
Aug 03 15:48:45 witherspoon dropbear[1213]: pam_unix(dropbear:account): account root has password changed in future
Aug 03 15:48:45 witherspoon dropbear[1213]: PAM password auth succeeded for 'root' from ::ffff:9.41.165.94:57594
Aug 03 15:48:45 witherspoon dropbear[1214]: lastlog_perform_login: Couldn't stat /var/log/lastlog: No such file or directory
Aug 03 15:48:45 witherspoon dropbear[1214]: lastlog_openseek: /var/log/lastlog is not a file or directory!
Aug 03 15:48:45 witherspoon systemd[1]: Started SSH Per-Connection Server (9.41.165.94:57596).
Aug 03 15:48:45 witherspoon dropbear[1220]: Failed loading /etc/dropbear/dropbear_dss_host_key
Aug 03 15:48:45 witherspoon dropbear[1220]: Failed loading /etc/dropbear/dropbear_ecdsa_host_key
Aug 03 15:48:45 witherspoon dropbear[1220]: Child connection from ::ffff:9.41.165.94:57596
Aug 03 15:48:46 witherspoon dropbear[1220]: pam_unix(dropbear:account): account root has password changed in future
Aug 03 15:48:46 witherspoon dropbear[1220]: PAM password auth succeeded for 'root' from ::ffff:9.41.165.94:57596
Aug 03 15:48:46 witherspoon dropbear[1221]: lastlog_perform_login: Couldn't stat /var/log/lastlog: No such file or directory
Aug 03 15:48:46 witherspoon dropbear[1221]: lastlog_openseek: /var/log/lastlog is not a file or directory!
Aug 03 15:48:47 witherspoon phosphor-gevent[1177]: ::8059:6c76:8e91:f402%1995922204 - - [2017-08-03 15:48:47] "POST /login HTTP/1.1" 200 320 0.032698
Aug 03 15:48:47 witherspoon phosphor-gevent[1177]: ::8059:6c76:8e91:f402%1995922204 - - [2017-08-03 15:48:47] "POST /login HTTP/1.1" 200 320 0.037552
Aug 03 15:48:47 witherspoon phosphor-gevent[1177]: ::8059:6c76:8e91:f402%1995922204 - - [2017-08-03 15:48:47] "GET /xyz/openbmc_project/state/host0//attr/CurrentHostState HTTP/1.1" 200 212 0.081175
Aug 03 15:48:48 witherspoon systemd[1]: Created slice system-obmc\x2dconsole\x2dssh.slice.
Aug 03 15:48:48 witherspoon systemd[1]: Started Phosphor Host Console SSH Per-Connection (9.41.165.94:36684).
Aug 03 15:48:48 witherspoon dropbear[1227]: Failed loading /etc/dropbear/dropbear_dss_host_key
Aug 03 15:48:48 witherspoon dropbear[1227]: Failed loading /etc/dropbear/dropbear_ecdsa_host_key
Aug 03 15:48:48 witherspoon dropbear[1227]: Child connection from ::ffff:9.41.165.94:36684
Aug 03 15:48:48 witherspoon phosphor-gevent[1177]: ::8059:6c76:8e91:f402%1995922204 - - [2017-08-03 15:48:48] "POST /login HTTP/1.1" 200 320 0.138431
Aug 03 15:48:49 witherspoon dropbear[1227]: pam_unix(dropbear:account): account root has password changed in future
Aug 03 15:48:49 witherspoon dropbear[1227]: PAM password auth succeeded for 'root' from ::ffff:9.41.165.94:36684
Aug 03 15:48:49 witherspoon dropbear[1228]: lastlog_perform_login: Couldn't stat /var/log/lastlog: No such file or directory
Aug 03 15:48:49 witherspoon dropbear[1228]: lastlog_openseek: /var/log/lastlog is not a file or directory!
Aug 03 15:48:49 witherspoon phosphor-host-state-manager[1161]: Host State transaction request
Aug 03 15:48:49 witherspoon phosphor-gevent[1177]: ::8059:6c76:8e91:f402%1995922204 - - [2017-08-03 15:48:49] "PUT /xyz/openbmc_project/state/host0//attr/RequestedHostTransition HTTP/1.1" 200 169 0.599487
Aug 03 15:48:49 witherspoon systemd[1]: Reached target Stop Hosti (Pre).
Aug 03 15:48:49 witherspoon systemd[1]: Reached target Stop Host0 (Pre).
Aug 03 15:48:49 witherspoon systemd[1]: Created slice system-ir35221\x2doff\x2dbind.slice.
Aug 03 15:48:49 witherspoon systemd[1]: Stopped target Host0 (Reset Check).
Aug 03 15:48:49 witherspoon systemd[1]: Created slice system-op\x2dwait\x2dpower\x2doff.slice.
Aug 03 15:48:49 witherspoon systemd[1]: Starting Wait for /org/openbmc/HostIpmi/1...
Aug 03 15:48:49 witherspoon systemd[1]: Starting Wait for /xyz/openbmc_project/led/groups/power_on...
Aug 03 15:48:49 witherspoon systemd[1]: Created slice system-ir35221\x2doff\x2dunbind.slice.
Aug 03 15:48:49 witherspoon systemd[1]: Stopped target Host0 running after reset.
Aug 03 15:48:49 witherspoon systemd[1]: Stopped target Chassis0 power on after reset.
Aug 03 15:48:49 witherspoon systemd[1]: Starting Power off mode unbind ir35221 device driver devs...
Aug 03 15:48:49 witherspoon systemd[1]: Created slice system-op\x2dpower\x2dstop.slice.
Aug 03 15:48:49 witherspoon systemd[1]: Stopped target Chassis0 (Reset Check).
Aug 03 15:48:49 witherspoon systemd[1]: Created slice system-vcs_off_poweroff.slice.
Aug 03 15:48:50 witherspoon phosphor-gevent[1177]: ::8059:6c76:8e91:f402%1995922204 - - [2017-08-03 15:48:50] "POST /login HTTP/1.1" 200 320 0.077155
Aug 03 15:48:49 witherspoon systemd[1]: Starting Wait for /org/openbmc/control/chassis0...
Aug 03 15:48:49 witherspoon systemd[1]: Reached target Hosti (Stopping).
Aug 03 15:48:49 witherspoon systemd[1]: Reached target Hosti (Stopped).
Aug 03 15:48:49 witherspoon systemd[1]: Reached target Poweri Off (Pre).
Aug 03 15:48:49 witherspoon systemd[1]: Reached target Poweri Off.
Aug 03 15:48:49 witherspoon systemd[1]: Created slice system-obmc\x2dled\x2dgroup\x2dstop.slice.
Aug 03 15:48:49 witherspoon systemd[1]: Started Power off mode unbind ir35221 device driver devs.
Aug 03 15:48:49 witherspoon systemd[1]: xyz.openbmc_project.Hwmon@ahb-apb-i2c\x401e78a000-i2c\x2dbus\x40180-ir35221\x4071.service: Unit not needed anymore. Stopping.
Aug 03 15:48:50 witherspoon systemd[1]: Stopping Phosphor Hwmon Poller...
Aug 03 15:48:50 witherspoon systemd[1]: Stopped Phosphor Hwmon Poller.
Aug 03 15:48:50 witherspoon systemd[1]: xyz.openbmc_project.Hwmon@ahb-apb-i2c\x401e78a000-i2c\x2dbus\x40180-ir35221\x4070.service: Service hold-off time over, scheduling restart.
Aug 03 15:48:50 witherspoon systemd[1]: Stopped Phosphor Hwmon Poller.
Aug 03 15:48:50 witherspoon systemd[1]: Started Phosphor Hwmon Poller.
Aug 03 15:48:50 witherspoon systemd[1]: xyz.openbmc_project.Hwmon@ahb-apb-i2c\x401e78a000-i2c\x2dbus\x40140-ir35221\x4070.service: Unit not needed anymore. Stopping.
Aug 03 15:48:50 witherspoon systemd[1]: Stopping Phosphor Hwmon Poller...
Aug 03 15:48:50 witherspoon systemd[1]: Stopped Phosphor Hwmon Poller.
Aug 03 15:48:50 witherspoon systemd[1]: xyz.openbmc_project.Hwmon@ahb-apb-i2c\x401e78a000-i2c\x2dbus\x40140-ir35221\x4071.service: Unit not needed anymore. Stopping.
Aug 03 15:48:50 witherspoon systemd[1]: xyz.openbmc_project.Hwmon@ahb-apb-i2c\x401e78a000-i2c\x2dbus\x40180-ir35221\x4070.service: Unit not needed anymore. Stopping.
Aug 03 15:48:50 witherspoon systemd[1]: Stopping Phosphor Hwmon Poller...
Aug 03 15:48:50 witherspoon systemd[1]: Stopping Phosphor Hwmon Poller...
Aug 03 15:48:50 witherspoon systemd[1]: Stopped Phosphor Hwmon Poller.
Aug 03 15:48:50 witherspoon systemd[1]: Stopped Phosphor Hwmon Poller.
Aug 03 15:48:52 witherspoon systemd[1]: Started Wait for /xyz/openbmc_project/led/groups/power_on.
Aug 03 15:48:52 witherspoon systemd[1]: Starting Assert power_on LED...
Aug 03 15:48:53 witherspoon systemd[1]: Started Wait for /org/openbmc/HostIpmi/1.
Aug 03 15:48:53 witherspoon systemd[1]: Starting Soft power off of the host...
Aug 03 15:48:55 witherspoon systemd[1]: Started Wait for /org/openbmc/control/chassis0.
Aug 03 15:48:55 witherspoon ipmid[1146]: Pushing cmd on to queue
Aug 03 15:48:55 witherspoon ipmid[1146]: Pushing cmd on to queue
Aug 03 15:48:55 witherspoon ipmid[1146]: Asserting SMS Attention
Aug 03 15:48:55 witherspoon ipmid[1146]: SMS Attention asserted
Aug 03 15:48:55 witherspoon phosphor-gevent[1177]: ::8059:6c76:8e91:f402%1995922204 - - [2017-08-03 15:48:55] "GET /xyz/openbmc_project/state/chassis0//attr/CurrentPowerState HTTP/1.1" 200 216 4.684621
Aug 03 15:48:55 witherspoon systemd[1]: Started Assert power_on LED.
Aug 03 15:48:55 witherspoon phosphor-gevent[1177]: ::8059:6c76:8e91:f402%1995922204 - - [2017-08-03 15:48:55] "POST /login HTTP/1.1" 200 320 0.114118
Aug 03 15:48:56 witherspoon phosphor-gevent[1177]: ::8059:6c76:8e91:f402%1995922204 - - [2017-08-03 15:48:56] "GET /xyz/openbmc_project/state/host0//attr/CurrentHostState HTTP/1.1" 200 212 0.178639
Aug 03 15:48:56 witherspoon phosphor-gevent[1177]: ::8059:6c76:8e91:f402%1995922204 - - [2017-08-03 15:48:56] "POST /login HTTP/1.1" 200 320 0.033378
Aug 03 15:48:56 witherspoon phosphor-host-state-manager[1161]: Host State transaction request
Aug 03 15:48:56 witherspoon phosphor-gevent[1177]: ::8059:6c76:8e91:f402%1995922204 - - [2017-08-03 15:48:56] "PUT /xyz/openbmc_project/state/host0//attr/RequestedHostTransition HTTP/1.1" 200 169 0.327290
Aug 03 15:48:56 witherspoon systemd[1]: Created slice system-fsi\x2dbind.slice.
Aug 03 15:48:56 witherspoon systemd[1]: Created slice system-ir35221\x2don\x2dbind.slice.
Aug 03 15:48:56 witherspoon systemd[1]: Created slice system-fsi\x2dscan.slice.
Aug 03 15:48:56 witherspoon systemd[1]: Created slice system-pcie\x2dslot\x2ddetect.slice.
Aug 03 15:48:56 witherspoon systemd[1]: Starting Assert power_on LED...
Aug 03 15:48:56 witherspoon systemd[1]: Created slice system-cfam_override.slice.
Aug 03 15:48:56 witherspoon systemd[1]: Created slice system-phosphor\x2dfan\x2dcontrol\x2dinit.slice.
Aug 03 15:48:56 witherspoon systemd[1]: Created slice system-op\x2dwait\x2dpower\x2don.slice.
Aug 03 15:48:56 witherspoon systemd[1]: Created slice system-phosphor\x2dfan\x2dpresence\x2dtach.slice.
Aug 03 15:48:56 witherspoon systemd[1]: Created slice system-ucd_disable_vcs.slice.
Aug 03 15:48:56 witherspoon systemd[1]: Starting Disable UCD VCS rails...
Aug 03 15:48:56 witherspoon systemd[1]: Created slice system-obmc\x2denable\x2dhost\x2dwatchdog.slice.
Aug 03 15:48:56 witherspoon systemd[1]: Created slice system-start_host.slice.
Aug 03 15:48:57 witherspoon systemd[1]: Started Witherspoon Fan Watchdog Daemon.
Aug 03 15:48:57 witherspoon systemd[1]: Starting Witherspoon Fan Watchdog Reset...
Aug 03 15:48:57 witherspoon systemd[1]: Reached target Powerwitherspoon-fan-watchdog (On).
Aug 03 15:48:57 witherspoon systemd[1]: Created slice system-power\x2dworkarounds.slice.
Aug 03 15:48:57 witherspoon systemd[1]: Created slice system-ir35221\x2don\x2dunbind.slice.
Aug 03 15:48:57 witherspoon systemd[1]: Created slice system-phosphor\x2dwatchdog.slice.
Aug 03 15:48:57 witherspoon systemd[1]: Created slice system-vcs_workaround.slice.
Aug 03 15:48:57 witherspoon systemd[1]: Created slice system-avsbus\x2denable.slice.
Aug 03 15:48:57 witherspoon systemd[1]: Created slice system-vcs_off.slice.
Aug 03 15:48:57 witherspoon systemd[1]: Starting power on mode unbind ir35221 device driver devs...
Aug 03 15:48:57 witherspoon systemd[1]: Created slice system-avsbus\x2ddisable.slice.
Aug 03 15:48:57 witherspoon systemd[1]: Created slice system-mboxd\x2dreload.slice.
Aug 03 15:48:57 witherspoon systemd[1]: Starting Reload mboxd during power on...
Aug 03 15:48:57 witherspoon systemd[1]: Created slice system-vrm\x2dcontrol.slice.
Aug 03 15:48:57 witherspoon systemd[1]: Created slice system-vcs_on.slice.
Aug 03 15:48:57 witherspoon systemd[1]: Starting Wait for Power0 to turn on...
Aug 03 15:48:57 witherspoon systemd[1]: Started Phosphor poweron watchdog.
Aug 03 15:48:58 witherspoon phosphor-gevent[1177]: ::8059:6c76:8e91:f402%1995922204 - - [2017-08-03 15:48:58] "POST /login HTTP/1.1" 200 320 0.040218
Aug 03 15:48:58 witherspoon phosphor-gevent[1177]: ::8059:6c76:8e91:f402%1995922204 - - [2017-08-03 15:48:58] "GET /xyz/openbmc_project/state/chassis0//attr/CurrentPowerState HTTP/1.1" 200 216 0.142895
Aug 03 15:48:58 witherspoon ipmid[1146]: Host control timeout hit!
Aug 03 15:48:58 witherspoon ipmid[1146]: Timer expired
Aug 03 15:48:58 witherspoon phosphor-softpoweroff[1251]: Host control signal values
Aug 03 15:48:59 witherspoon kernel: ucd9000 11-0064: Device ID UCD90160|2.3.4.0000|110603
Aug 03 15:48:58 witherspoon phosphor-softpoweroff[1251]: Timeout on host attention, continue with power down
Aug 03 15:48:59 witherspoon kernel[951]: [  373.710000] ucd9000 11-0064: Device ID UCD90160|2.3.4.0000|110603
Aug 03 15:48:58 witherspoon systemd[1]: Created slice system-op\x2dpower\x2dstart.slice.
Aug 03 15:48:58 witherspoon systemd[1]: Started Phosphor Fan Control Initialization.
Aug 03 15:48:58 witherspoon systemd[1]: Stopped Assert power_on LED.
Aug 03 15:48:58 witherspoon systemd[1]: Stopped Power off mode unbind ir35221 device driver devs.
Aug 03 15:48:58 witherspoon systemd[1]: Stopped target Stop Host0 (Pre).
Aug 03 15:48:58 witherspoon systemd[1]: Created slice system-mapper\x2dsubtree\x2dremove.slice.
Aug 03 15:48:58 witherspoon systemd[1]: Starting mapper subtree-remove /xyz/openbmc_project/software:xyz.openbmc_project.Software.ActivationBlocksTransition...
Aug 03 15:48:58 witherspoon systemd[1]: Created slice system-phosphor\x2dgpio\x2dmonitor.slice.
Aug 03 15:48:58 witherspoon systemd[1]: Started Phosphor GPIO checkstop monitor.
Aug 03 15:48:58 witherspoon systemd[1]: Starting Wait for /xyz/openbmc_project/watchdog/host0...
Aug 03 15:48:59 witherspoon mboxctl[1261]: Reset: Success
Aug 03 15:48:59 witherspoon systemd[1]: Stopped Soft power off of the host.
Aug 03 15:48:59 witherspoon systemd[1]: Started Witherspoon Fan Watchdog Reset.
Aug 03 15:48:59 witherspoon systemd[1]: Started power on mode unbind ir35221 device driver devs.
Aug 03 15:48:59 witherspoon systemd[1]: Started Reload mboxd during power on.
Aug 03 15:48:59 witherspoon avahi-daemon[1006]: Withdrawing address record for fe80::72e2:84ff:fe14:2420 on eth0.
Aug 03 15:48:59 witherspoon avahi-daemon[1006]: Host name conflict, retrying with witherspoon-2
Aug 03 15:48:59 witherspoon avahi-daemon[1006]: Registering new address record for fe80::72e2:84ff:fe14:2420 on eth0.*.
Aug 03 15:48:59 witherspoon avahi-daemon[1006]: Registering new address record for 9.41.166.169 on eth0.IPv4.
Aug 03 15:49:00 witherspoon systemd[1]: Started Disable UCD VCS rails.
Aug 03 15:49:00 witherspoon avahi-daemon[1006]: Withdrawing address record for fe80::72e2:84ff:fe14:2420 on eth0.
Aug 03 15:49:00 witherspoon avahi-daemon[1006]: Host name conflict, retrying with witherspoon-3
Aug 03 15:49:00 witherspoon avahi-daemon[1006]: Registering new address record for fe80::72e2:84ff:fe14:2420 on eth0.*.
Aug 03 15:49:00 witherspoon avahi-daemon[1006]: Registering new address record for 9.41.166.169 on eth0.IPv4.
Aug 03 15:49:00 witherspoon phosphor-host-state-manager[1161]: Received signal that host is off
Aug 03 15:49:00 witherspoon phosphor-host-state-manager[1161]: Change to Host State
Aug 03 15:49:00 witherspoon phosphor-chassis-state-manager[1120]: Received signal that power OFF is complete
Aug 03 15:49:00 witherspoon phosphor-chassis-state-manager[1120]: Change to Chassis Power State
Aug 03 15:49:00 witherspoon systemd[1]: Starting Perform power workarounds on VRMs...
Aug 03 15:49:00 witherspoon avahi-daemon[1006]: Withdrawing address record for 9.41.166.169 on eth0.
Aug 03 15:49:00 witherspoon avahi-daemon[1006]: Host name conflict, retrying with witherspoon-4
Aug 03 15:49:00 witherspoon avahi-daemon[1006]: Registering new address record for fe80::72e2:84ff:fe14:2420 on eth0.*.
Aug 03 15:49:00 witherspoon avahi-daemon[1006]: Registering new address record for 9.41.166.169 on eth0.IPv4.
Aug 03 15:49:01 witherspoon kernel: ucd9000 11-0064: Device ID UCD90160|2.3.4.0000|110603
Aug 03 15:49:01 witherspoon kernel[951]: [  376.030000] ucd9000 11-0064: Device ID UCD90160|2.3.4.0000|110603
Aug 03 15:49:01 witherspoon systemd[1]: Started mapper subtree-remove /xyz/openbmc_project/software:xyz.openbmc_project.Software.ActivationBlocksTransition.
Aug 03 15:49:02 witherspoon avahi-daemon[1006]: Withdrawing address record for 9.41.166.169 on eth0.
Aug 03 15:49:02 witherspoon avahi-daemon[1006]: Host name conflict, retrying with witherspoon-5
Aug 03 15:49:02 witherspoon avahi-daemon[1006]: Registering new address record for fe80::72e2:84ff:fe14:2420 on eth0.*.
Aug 03 15:49:02 witherspoon avahi-daemon[1006]: Registering new address record for 9.41.166.169 on eth0.IPv4.
Aug 03 15:49:02 witherspoon systemd[1]: Started Perform power workarounds on VRMs.
Aug 03 15:49:02 witherspoon systemd[1]: Starting Disable the AVS bus on the VRMs...
Aug 03 15:49:03 witherspoon systemd[1]: Started Disable the AVS bus on the VRMs.
Aug 03 15:49:03 witherspoon systemd[1]: Starting Apply voltage overrides to VRMs...
Aug 03 15:49:03 witherspoon vrm-control.sh[1343]: rail        set        read        current
Aug 03 15:49:03 witherspoon vrm-control.sh[1343]: -------        ------- ------- -------
Aug 03 15:49:03 witherspoon avahi-daemon[1006]: Withdrawing address record for 9.41.166.169 on eth0.
Aug 03 15:49:03 witherspoon avahi-daemon[1006]: Host name conflict, retrying with witherspoon-6
Aug 03 15:49:03 witherspoon avahi-daemon[1006]: Registering new address record for fe80::72e2:84ff:fe14:2420 on eth0.*.
Aug 03 15:49:03 witherspoon avahi-daemon[1006]: Registering new address record for 9.41.166.169 on eth0.IPv4.
Aug 03 15:49:03 witherspoon systemd[1]: Started Assert power_on LED.
Aug 03 15:49:03 witherspoon vrm-control.sh[1343]: vdna        0.898V        0.004V        0.000A
Aug 03 15:49:04 witherspoon avahi-daemon[1006]: Withdrawing address record for 9.41.166.169 on eth0.
Aug 03 15:49:04 witherspoon avahi-daemon[1006]: Host name conflict, retrying with witherspoon-7
Aug 03 15:49:04 witherspoon avahi-daemon[1006]: Registering new address record for fe80::72e2:84ff:fe14:2420 on eth0.*.
Aug 03 15:49:04 witherspoon avahi-daemon[1006]: Registering new address record for 9.41.166.169 on eth0.IPv4.
Aug 03 15:49:04 witherspoon vrm-control.sh[1343]: vdnb        0.898V        0.004V        0.000A
Aug 03 15:49:04 witherspoon systemd[1]: Started Apply voltage overrides to VRMs.
Aug 03 15:49:04 witherspoon systemd[1]: Starting Enable the AVS bus on VRMs...
Aug 03 15:49:04 witherspoon systemd[1]: Started Wait for /xyz/openbmc_project/watchdog/host0.
Aug 03 15:49:05 witherspoon systemd[1]: Started Enable the AVS bus on VRMs.
Aug 03 15:49:05 witherspoon systemd[1]: Starting Disable VCS before Witherspoon power on...
Aug 03 15:49:05 witherspoon avahi-daemon[1006]: Withdrawing address record for 9.41.166.169 on eth0.
Aug 03 15:49:05 witherspoon avahi-daemon[1006]: Host name conflict, retrying with witherspoon-8
Aug 03 15:49:05 witherspoon avahi-daemon[1006]: Registering new address record for fe80::72e2:84ff:fe14:2420 on eth0.*.
Aug 03 15:49:05 witherspoon avahi-daemon[1006]: Registering new address record for 9.41.166.169 on eth0.IPv4.
Aug 03 15:49:05 witherspoon systemd[1]: Started Disable VCS before Witherspoon power on.
Aug 03 15:49:05 witherspoon systemd[1]: Reached target Power0 On (Pre).
Aug 03 15:49:05 witherspoon systemd[1]: Starting Start Power0...
Aug 03 15:49:05 witherspoon power_control.exe[1122]: PowerControl: setting power up SOFTWARE_PGOOD to 1
Aug 03 15:49:05 witherspoon power_control.exe[1122]: PowerControl: setting power up BMC_POWER_UP to 1
Aug 03 15:49:05 witherspoon systemd[1]: Started Start Power0.
Aug 03 15:49:05 witherspoon system_manager.py[1087]: Running System State: HOST_POWERING_ON
Aug 03 15:49:05 witherspoon timemanager[1149]:  PGOOD has changed..
Aug 03 15:49:06 witherspoon avahi-daemon[1006]: Withdrawing address record for 9.41.166.169 on eth0.
Aug 03 15:49:06 witherspoon avahi-daemon[1006]: Host name conflict, retrying with witherspoon-9
Aug 03 15:49:06 witherspoon avahi-daemon[1006]: Registering new address record for fe80::72e2:84ff:fe14:2420 on eth0.*.
Aug 03 15:49:06 witherspoon avahi-daemon[1006]: Registering new address record for 9.41.166.169 on eth0.IPv4.
Aug 03 15:49:06 witherspoon power_control.exe[1122]: PowerControl: pgood: 1, setting reset BMC_CP0_RESET_N to 1
Aug 03 15:49:06 witherspoon system_manager.py[1087]: Running System State: HOST_POWERED_ON
Aug 03 15:49:06 witherspoon systemd[1]: Started Wait for Power0 to turn on.
Aug 03 15:49:06 witherspoon timemanager[1149]:  PGOOD has changed..
Aug 03 15:49:06 witherspoon timemanager[1149]: Changing time settings is *deferred* now
Aug 03 15:49:06 witherspoon timemanager[1149]:  User Settings have changed..
Aug 03 15:49:06 witherspoon systemd[1]: Reached target Power0 On.
Aug 03 15:49:06 witherspoon systemd[1]: Reached target Power0 (On).
Aug 03 15:49:06 witherspoon systemd[1]: Started Phosphor Fan Presence Tach Daemon.
Aug 03 15:49:06 witherspoon systemd[1]: Starting PCIE Slot Presence Detection For Chassis0...
Aug 03 15:49:06 witherspoon systemd[1]: Started Phosphor Fan Control Initialization.
Aug 03 15:49:06 witherspoon systemd[1]: Starting Scan FSI devices...
Aug 03 15:49:07 witherspoon avahi-daemon[1006]: Withdrawing address record for 9.41.166.169 on eth0.
Aug 03 15:49:07 witherspoon avahi-daemon[1006]: Host name conflict, retrying with witherspoon-10
Aug 03 15:49:07 witherspoon avahi-daemon[1006]: Registering new address record for fe80::72e2:84ff:fe14:2420 on eth0.*.
Aug 03 15:49:07 witherspoon avahi-daemon[1006]: Registering new address record for 9.41.166.169 on eth0.IPv4.
Aug 03 15:49:07 witherspoon kernel: occ-hwmon occ1-dev0: failed to get OCC poll response: -19
Aug 03 15:49:07 witherspoon kernel[951]: [  382.140000] occ-hwmon occ1-dev0: failed to get OCC poll response: -19
Aug 03 15:49:07 witherspoon systemd[1]: Started Scan FSI devices.
Aug 03 15:49:07 witherspoon systemd[1]: Starting Run VCS workaround on host0...
Aug 03 15:49:08 witherspoon openpower-proc-control[1491]: Running P9 procedure vcsWorkaround
Aug 03 15:49:08 witherspoon systemd[1]: Started Run VCS workaround on host0.
Aug 03 15:49:08 witherspoon systemd[1]: Starting Turn VCS on...
Aug 03 15:49:08 witherspoon avahi-daemon[1006]: Withdrawing address record for 9.41.166.169 on eth0.
Aug 03 15:49:08 witherspoon avahi-daemon[1006]: Host name conflict, retrying with witherspoon-11
Aug 03 15:49:08 witherspoon avahi-daemon[1006]: Registering new address record for fe80::72e2:84ff:fe14:2420 on eth0.*.
Aug 03 15:49:08 witherspoon avahi-daemon[1006]: Registering new address record for 9.41.166.169 on eth0.IPv4.
Aug 03 15:49:09 witherspoon phosphor-gevent[1177]: ::8059:6c76:8e91:f402%1995922204 - - [2017-08-03 15:49:09] "POST /login HTTP/1.1" 200 320 0.145405
Aug 03 15:49:09 witherspoon systemd[1]: Started PCIE Slot Presence Detection For Chassis0.
Aug 03 15:49:09 witherspoon phosphor-gevent[1177]: ::8059:6c76:8e91:f402%1995922204 - - [2017-08-03 15:49:09] "GET /xyz/openbmc_project/state/chassis0//attr/CurrentPowerState HTTP/1.1" 200 216 0.048835
Aug 03 15:49:09 witherspoon avahi-daemon[1006]: Withdrawing address record for 9.41.166.169 on eth0.
Aug 03 15:49:09 witherspoon avahi-daemon[1006]: Host name conflict, retrying with witherspoon-12
Aug 03 15:49:09 witherspoon avahi-daemon[1006]: Registering new address record for fe80::72e2:84ff:fe14:2420 on eth0.*.
Aug 03 15:49:09 witherspoon avahi-daemon[1006]: Registering new address record for 9.41.166.169 on eth0.IPv4.
Aug 03 15:49:10 witherspoon avahi-daemon[1006]: Withdrawing address record for 9.41.166.169 on eth0.
Aug 03 15:49:10 witherspoon avahi-daemon[1006]: Host name conflict, retrying with witherspoon-13
Aug 03 15:49:10 witherspoon avahi-daemon[1006]: Registering new address record for fe80::72e2:84ff:fe14:2420 on eth0.*.
Aug 03 15:49:10 witherspoon avahi-daemon[1006]: Registering new address record for 9.41.166.169 on eth0.IPv4.
Aug 03 15:49:10 witherspoon kernel: ucd9000 11-0064: Device ID UCD90160|2.3.4.0000|110603
Aug 03 15:49:10 witherspoon kernel[951]: [  385.240000] ucd9000 11-0064: Device ID UCD90160|2.3.4.0000|110603
Aug 03 15:49:11 witherspoon avahi-daemon[1006]: Withdrawing address record for 9.41.166.169 on eth0.
Aug 03 15:49:11 witherspoon avahi-daemon[1006]: Host name conflict, retrying with witherspoon-14
Aug 03 15:49:11 witherspoon avahi-daemon[1006]: Registering new address record for fe80::72e2:84ff:fe14:2420 on eth0.*.
Aug 03 15:49:11 witherspoon avahi-daemon[1006]: Registering new address record for 9.41.166.169 on eth0.IPv4.
Aug 03 15:49:11 witherspoon systemd[1]: Started Turn VCS on.
Aug 03 15:49:11 witherspoon systemd[1]: Starting Power on bind ir35221 device driver devs...
Aug 03 15:49:11 witherspoon systemd[1]: Started Phosphor Hwmon Poller.
Aug 03 15:49:11 witherspoon systemd[1]: Started Phosphor Hwmon Poller.
Aug 03 15:49:12 witherspoon avahi-daemon[1006]: Withdrawing address record for 9.41.166.169 on eth0.
Aug 03 15:49:12 witherspoon avahi-daemon[1006]: Host name conflict, retrying with witherspoon-15
Aug 03 15:49:12 witherspoon avahi-daemon[1006]: Registering new address record for fe80::72e2:84ff:fe14:2420 on eth0.*.
Aug 03 15:49:12 witherspoon avahi-daemon[1006]: Registering new address record for 9.41.166.169 on eth0.IPv4.
Aug 03 15:49:12 witherspoon systemd[1]: Started Phosphor Hwmon Poller.
Aug 03 15:49:12 witherspoon systemd[1]: Started Power on bind ir35221 device driver devs.
Aug 03 15:49:12 witherspoon systemd[1]: Started Phosphor Hwmon Poller.
Aug 03 15:49:12 witherspoon systemd[1]: Reached target Chassis0 (Power On).
Aug 03 15:49:12 witherspoon systemd[1]: Reached target Start Host0 (Pre).
Aug 03 15:49:12 witherspoon systemd[1]: Starting Start host0 SBE...
Aug 03 15:49:12 witherspoon openpower-proc-control[1540]: Running P9 procedure startHost
Aug 03 15:49:13 witherspoon kernel:  slave@00:00: status: 0xc4000511, sisc: 0x82040000
Aug 03 15:49:13 witherspoon kernel[951]: [  387.540000]  slave@00:00: status: 0xc4000511, sisc: 0x82040000
Aug 03 15:49:13 witherspoon phosphor-chassis-state-manager[1120]: Received signal that power ON is complete
Aug 03 15:49:13 witherspoon phosphor-chassis-state-manager[1120]: Change to Chassis Power State
Aug 03 15:49:13 witherspoon avahi-daemon[1006]: Withdrawing address record for 9.41.166.169 on eth0.
Aug 03 15:49:13 witherspoon avahi-daemon[1006]: Host name conflict, retrying with witherspoon-16
Aug 03 15:49:13 witherspoon avahi-daemon[1006]: Registering new address record for fe80::72e2:84ff:fe14:2420 on eth0.*.
