-- Logs begin at Thu 2017-04-20 17:29:27 UTC, end at Thu 2017-04-20 17:50:35 UTC. --
Apr 20 17:29:27 witherspoon kernel: Booting Linux on physical CPU 0x0
Apr 20 17:29:27 witherspoon kernel: Linux version 4.10.17-d6ae40dc4c4dff3265cc254d404ed6b03fcc2206 (jenkins@openbmc-builder1) (gcc version 6.2.0 (GCC) ) #1 Tue Jul 25 01:21:53 UTC 2017
Apr 20 17:29:27 witherspoon kernel: CPU: ARMv6-compatible processor [410fb767] revision 7 (ARMv7), cr=00c5387d
Apr 20 17:29:27 witherspoon kernel: CPU: PIPT / VIPT nonaliasing data cache, VIPT nonaliasing instruction cache
Apr 20 17:29:27 witherspoon kernel: OF: fdt:Machine model: Witherspoon BMC
Apr 20 17:29:27 witherspoon kernel: Memory policy: Data cache writeback
Apr 20 17:29:27 witherspoon kernel: SOC Rev: 04030303
Apr 20 17:29:27 witherspoon kernel: On node 0 totalpages: 110592
Apr 20 17:29:27 witherspoon kernel: free_area_init_node: node 0, pgdat 805fd514, node_mem_map 9ec1a000
Apr 20 17:29:27 witherspoon kernel:   Normal zone: 992 pages used for memmap
Apr 20 17:29:27 witherspoon kernel:   Normal zone: 0 pages reserved
Apr 20 17:29:27 witherspoon kernel:   Normal zone: 110592 pages, LIFO batch:31
Apr 20 17:29:27 witherspoon kernel: pcpu-alloc: s0 r0 d32768 u32768 alloc=1*32768
Apr 20 17:29:27 witherspoon kernel: pcpu-alloc: [0] 0 
Apr 20 17:29:27 witherspoon kernel: Built 1 zonelists in Zone order, mobility grouping on.  Total pages: 109600
Apr 20 17:29:27 witherspoon kernel: Kernel command line: console=ttyS4,115200n8 root=/dev/ram rw
Apr 20 17:29:27 witherspoon kernel: PID hash table entries: 2048 (order: 1, 8192 bytes)
Apr 20 17:29:27 witherspoon kernel: Dentry cache hash table entries: 65536 (order: 6, 262144 bytes)
Apr 20 17:29:27 witherspoon kernel: Inode-cache hash table entries: 32768 (order: 5, 131072 bytes)
Apr 20 17:29:27 witherspoon kernel: Memory: 430452K/442368K available (4063K kernel code, 280K rwdata, 1188K rodata, 284K init, 111K bss, 11916K reserved, 0K cma-reserved)
Apr 20 17:29:27 witherspoon kernel: Virtual kernel memory layout:
                                        vector  : 0xffff0000 - 0xffff1000   (   4 kB)
                                        fixmap  : 0xffc00000 - 0xfff00000   (3072 kB)
                                        vmalloc : 0x9f800000 - 0xff800000   (1536 MB)
                                        lowmem  : 0x80000000 - 0x9f000000   ( 496 MB)
                                          .text : 0x80008000 - 0x803fff60   (4064 kB)
                                          .init : 0x80583000 - 0x805ca000   ( 284 kB)
                                          .data : 0x805ca000 - 0x806102a8   ( 281 kB)
                                           .bss : 0x806102a8 - 0x8062c158   ( 112 kB)
Apr 20 17:29:27 witherspoon kernel: NR_IRQS:16 nr_irqs:16 16
Apr 20 17:29:27 witherspoon kernel: i2c controller registered, irq 16
Apr 20 17:29:27 witherspoon kernel: clocksource: moxart_timer: mask: 0xffffffff max_cycles: 0xffffffff, max_idle_ns: 77222644334 ns
Apr 20 17:29:27 witherspoon kernel: sched_clock: 32 bits at 100 Hz, resolution 10000000ns, wraps every 21474836475000000ns
Apr 20 17:29:27 witherspoon kernel: Calibrating delay loop... 789.70 BogoMIPS (lpj=3948544)
Apr 20 17:29:27 witherspoon kernel: pid_max: default: 32768 minimum: 301
Apr 20 17:29:27 witherspoon kernel: Mount-cache hash table entries: 1024 (order: 0, 4096 bytes)
Apr 20 17:29:27 witherspoon kernel: Mountpoint-cache hash table entries: 1024 (order: 0, 4096 bytes)
Apr 20 17:29:27 witherspoon kernel: CPU: Testing write buffer coherency: ok
Apr 20 17:29:27 witherspoon kernel: ftrace: allocating 14933 entries in 44 pages
Apr 20 17:29:27 witherspoon kernel: Setting up static identity map for 0x80008200 - 0x8000825c
Apr 20 17:29:27 witherspoon kernel: devtmpfs: initialized
Apr 20 17:29:27 witherspoon kernel: clocksource: jiffies: mask: 0xffffffff max_cycles: 0xffffffff, max_idle_ns: 19112604462750000 ns
Apr 20 17:29:27 witherspoon kernel: futex hash table entries: 256 (order: -1, 3072 bytes)
Apr 20 17:29:27 witherspoon kernel: pinctrl core: initialized pinctrl subsystem
Apr 20 17:29:27 witherspoon kernel: NET: Registered protocol family 16
Apr 20 17:29:27 witherspoon kernel: DMA: preallocated 256 KiB pool for atomic coherent allocations
Apr 20 17:29:27 witherspoon kernel: usbcore: registered new interface driver usbfs
Apr 20 17:29:27 witherspoon kernel: usbcore: registered new interface driver hub
Apr 20 17:29:27 witherspoon kernel: usbcore: registered new device driver usb
Apr 20 17:29:27 witherspoon kernel: clocksource: Switched to clocksource moxart_timer
Apr 20 17:29:27 witherspoon kernel: NET: Registered protocol family 2
Apr 20 17:29:27 witherspoon kernel: TCP established hash table entries: 4096 (order: 2, 16384 bytes)
Apr 20 17:29:27 witherspoon kernel: TCP bind hash table entries: 4096 (order: 2, 16384 bytes)
Apr 20 17:29:27 witherspoon kernel: TCP: Hash tables configured (established 4096 bind 4096)
Apr 20 17:29:27 witherspoon kernel: UDP hash table entries: 256 (order: 0, 4096 bytes)
Apr 20 17:29:27 witherspoon kernel: UDP-Lite hash table entries: 256 (order: 0, 4096 bytes)
Apr 20 17:29:27 witherspoon kernel: NET: Registered protocol family 1
Apr 20 17:29:27 witherspoon kernel: Trying to unpack rootfs image as initramfs...
Apr 20 17:29:27 witherspoon kernel: Freeing initrd memory: 1544K
Apr 20 17:29:27 witherspoon kernel: workingset: timestamp_bits=30 max_order=17 bucket_order=0
Apr 20 17:29:27 witherspoon kernel: squashfs: version 4.0 (2009/01/31) Phillip Lougher
Apr 20 17:29:27 witherspoon kernel: jffs2: version 2.2. (SUMMARY)  © 2001-2006 Red Hat, Inc.
Apr 20 17:29:27 witherspoon kernel: Block layer SCSI generic (bsg) driver version 0.4 loaded (major 250)
Apr 20 17:29:27 witherspoon kernel: io scheduler noop registered
Apr 20 17:29:27 witherspoon kernel: io scheduler deadline registered
Apr 20 17:29:27 witherspoon kernel: io scheduler cfq registered (default)
Apr 20 17:29:27 witherspoon kernel: ipmi-bt-host 1e789140.ibt: Found bt bmc device
Apr 20 17:29:27 witherspoon kernel: ipmi-bt-host 1e789140.ibt: Using IRQ 22
Apr 20 17:29:27 witherspoon kernel: Serial: 8250/16550 driver, 6 ports, IRQ sharing enabled
Apr 20 17:29:27 witherspoon kernel: 1e783000.serial: ttyS0 at MMIO 0x1e783000 (irq = 23, base_baud = 1500000) is a 16550A
Apr 20 17:29:27 witherspoon kernel: 1e78d000.serial: ttyS1 at MMIO 0x1e78d000 (irq = 24, base_baud = 1500000) is a 16550A
Apr 20 17:29:27 witherspoon kernel: 1e784000.serial: ttyS4 at MMIO 0x1e784000 (irq = 25, base_baud = 1500000) is a 16550A
Apr 20 17:29:27 witherspoon kernel: console [ttyS4] enabled
Apr 20 17:29:27 witherspoon kernel: 1e787000.vuart: ttyS2 at MMIO 0x1e787000 (irq = 22, base_baud = 1500000) is a 16550A
Apr 20 17:29:27 witherspoon kernel: timeriomem_rng 1e6e2078.hwrng: 32bits from 0xf00e2078 @ 1us
Apr 20 17:29:27 witherspoon kernel: random: fast init done
Apr 20 17:29:27 witherspoon kernel: brd: module loaded
Apr 20 17:29:27 witherspoon kernel: loop: module loaded
Apr 20 17:29:27 witherspoon kernel: aspeed-lpc-ctrl 1e789080.lpc-ctrl: Loaded at 0x98000000 (0x04000000)
Apr 20 17:29:27 witherspoon kernel: aspeed-smc 1e620000.flash-controller: Using IRQ 18
Apr 20 17:29:27 witherspoon kernel: aspeed-smc 1e620000.flash-controller: DMA support disabled.
Apr 20 17:29:27 witherspoon kernel: aspeed-smc 1e620000.flash-controller: mx25l25635e (32768 Kbytes)
Apr 20 17:29:27 witherspoon kernel: aspeed-smc 1e620000.flash-controller: CE0 window [ 0x20000000 - 0x22000000 ] 32MB
Apr 20 17:29:27 witherspoon kernel: aspeed-smc 1e620000.flash-controller: CE1 window [ 0x22000000 - 0x2a000000 ] 128MB
Apr 20 17:29:27 witherspoon kernel: 5 ofpart partitions found on MTD device bmc
Apr 20 17:29:27 witherspoon kernel: random: crng init done
Apr 20 17:29:27 witherspoon kernel: Creating 5 MTD partitions on "bmc":
Apr 20 17:29:27 witherspoon kernel: 0x000000000000-0x000000060000 : "u-boot"
Apr 20 17:29:27 witherspoon kernel: 0x000000060000-0x000000080000 : "u-boot-env"
Apr 20 17:29:27 witherspoon kernel: 0x000000080000-0x0000004c0000 : "kernel"
Apr 20 17:29:27 witherspoon kernel: 0x0000004c0000-0x000001c00000 : "rofs"
Apr 20 17:29:27 witherspoon kernel: 0x000001c00000-0x000002000000 : "rwfs"
Apr 20 17:29:27 witherspoon kernel: aspeed-smc 1e620000.flash-controller: mx25l25635e (32768 Kbytes)
Apr 20 17:29:27 witherspoon kernel: aspeed-smc 1e620000.flash-controller: CE1 window [ 0x22000000 - 0x24000000 ] 32MB
Apr 20 17:29:27 witherspoon kernel: aspeed-smc 1e620000.flash-controller: CE2 window [ 0x24000000 - 0x2c000000 ] 128MB
Apr 20 17:29:27 witherspoon kernel: aspeed-smc 1e630000.flash-controller: mx66l1g45g (131072 Kbytes)
Apr 20 17:29:27 witherspoon kernel: aspeed-smc 1e630000.flash-controller: CE0 window resized to 120MB (AST2500 HW quirk)
Apr 20 17:29:27 witherspoon kernel: aspeed-smc 1e630000.flash-controller: CE0 window [ 0x30000000 - 0x37800000 ] 120MB
Apr 20 17:29:27 witherspoon kernel: aspeed-smc 1e630000.flash-controller: CE0 window too small for chip 128MB
Apr 20 17:29:27 witherspoon kernel: aspeed-smc 1e630000.flash-controller: CE1 window [ 0x37800000 - 0x38000000 ] 8MB
Apr 20 17:29:27 witherspoon kernel: libphy: Fixed MDIO Bus: probed
Apr 20 17:29:27 witherspoon kernel: ftgmac100 1e660000.ethernet: Read MAC address 70:e2:84:14:24:20 from chip
Apr 20 17:29:27 witherspoon kernel: ftgmac100 1e660000.ethernet: Using NCSI interface
Apr 20 17:29:27 witherspoon kernel: ftgmac100 1e660000.ethernet eth0: irq 20, mapped at f0060000
Apr 20 17:29:27 witherspoon kernel: ehci_hcd: USB 2.0 'Enhanced' Host Controller (EHCI) Driver
Apr 20 17:29:27 witherspoon kernel: ehci-platform: EHCI generic platform driver
Apr 20 17:29:27 witherspoon kernel:  fsi0: can't read slave 00:00 -5
Apr 20 17:29:27 witherspoon kernel: i2c /dev entries driver
Apr 20 17:29:27 witherspoon kernel: aspeed-i2c-bus 1e78a0c0.i2c-bus: i2c bus 2 registered, irq 26
Apr 20 17:29:27 witherspoon kernel: aspeed-i2c-bus 1e78a100.i2c-bus: i2c bus 3 registered, irq 27
Apr 20 17:29:27 witherspoon kernel: aspeed-i2c-bus 1e78a140.i2c-bus: i2c bus 4 registered, irq 28
Apr 20 17:29:27 witherspoon kernel: aspeed-i2c-bus 1e78a180.i2c-bus: i2c bus 5 registered, irq 29
Apr 20 17:29:27 witherspoon kernel: aspeed-i2c-bus 1e78a380.i2c-bus: i2c bus 9 registered, irq 30
Apr 20 17:29:27 witherspoon kernel: aspeed-i2c-bus 1e78a3c0.i2c-bus: i2c bus 10 registered, irq 31
Apr 20 17:29:27 witherspoon kernel: rtc-rv8803 11-0032: Voltage low, temperature compensation stopped.
Apr 20 17:29:27 witherspoon kernel: rtc-rv8803 11-0032: rtc core: registered rx8900 as rtc0
Apr 20 17:29:27 witherspoon kernel: at24 11-0051: 8192 byte 24c64 EEPROM, writable, 1 bytes/write
Apr 20 17:29:27 witherspoon kernel: aspeed-i2c-bus 1e78a400.i2c-bus: i2c bus 11 registered, irq 32
Apr 20 17:29:27 witherspoon kernel: aspeed-i2c-bus 1e78a440.i2c-bus: i2c bus 12 registered, irq 33
Apr 20 17:29:27 witherspoon kernel: aspeed-i2c-bus 1e78a480.i2c-bus: i2c bus 13 registered, irq 34
Apr 20 17:29:27 witherspoon kernel: Driver for 1-wire Dallas network protocol.
Apr 20 17:29:27 witherspoon kernel: lm75 9-004a: hwmon0: sensor 'tmp275'
Apr 20 17:29:27 witherspoon kernel: ucd9000 11-0064: Device ID UCD90160|2.3.4.0000|110603
Apr 20 17:29:27 witherspoon kernel: leds-pca955x 3-0060: leds-pca955x: Using pca9552 16-bit LED driver at slave address 0x60
Apr 20 17:29:27 witherspoon kernel: leds-pca955x 11-0060: leds-pca955x: Using pca9552 16-bit LED driver at slave address 0x60
Apr 20 17:29:27 witherspoon kernel: leds-pca955x 11-0060: gpios 264...279
Apr 20 17:29:27 witherspoon kernel: usbcore: registered new interface driver usbhid
Apr 20 17:29:27 witherspoon kernel: usbhid: USB HID core driver
Apr 20 17:29:27 witherspoon kernel: dps310: probe of 3-0076 failed with error -5
Apr 20 17:29:27 witherspoon kernel: NET: Registered protocol family 10
Apr 20 17:29:27 witherspoon kernel: Segment Routing with IPv6
Apr 20 17:29:27 witherspoon kernel: NET: Registered protocol family 17
Apr 20 17:29:27 witherspoon kernel: 8021q: 802.1Q VLAN Support v1.8
Apr 20 17:29:27 witherspoon kernel: console [netcon0] enabled
Apr 20 17:29:27 witherspoon kernel: netconsole: network logging started
Apr 20 17:29:27 witherspoon kernel: input: gpio-keys as /devices/platform/gpio-keys/input/input0
Apr 20 17:29:27 witherspoon kernel: rtc-rv8803 11-0032: setting system clock to 2016-04-03 12:25:32 UTC (1459686332)
Apr 20 17:29:27 witherspoon kernel: Freeing unused kernel memory: 284K
Apr 20 17:29:27 witherspoon kernel: This architecture does not have kernel memory protection.
Apr 20 17:29:27 witherspoon kernel: jffs2: notice: (526) jffs2_build_xattr_subsystem: complete building xattr subsystem, 0 of xdatum (0 unchecked, 0 orphan) and 0 of xref (0 dead, 0 orphan) found.
Apr 20 17:29:27 witherspoon systemd[1]: System time before build time, advancing clock.
Apr 20 17:29:27 witherspoon systemd[1]: Failed to insert module 'autofs4': No such file or directory
Apr 20 17:29:27 witherspoon systemd[1]: systemd 232 running in system mode. (+PAM -AUDIT -SELINUX -IMA -APPARMOR -SMACK +SYSVINIT -UTMP -LIBCRYPTSETUP -GCRYPT -GNUTLS +ACL +XZ -LZ4 -SECCOMP +BLKID -ELFUTILS +KMOD -IDN)
Apr 20 17:29:27 witherspoon systemd[1]: Detected architecture arm.
Apr 20 17:29:27 witherspoon systemd[1]: Set hostname to <witherspoon>.
Apr 20 17:29:27 witherspoon systemd[1]: Listening on udev Kernel Socket.
Apr 20 17:29:27 witherspoon systemd[1]: Listening on Network Service Netlink Socket.
Apr 20 17:29:27 witherspoon systemd[1]: Listening on udev Control Socket.
Apr 20 17:29:27 witherspoon systemd[1]: Reached target Remote File Systems.
Apr 20 17:29:27 witherspoon systemd[1]: Started Dispatch Password Requests to Console Directory Watch.
Apr 20 17:29:27 witherspoon systemd[1]: Started Forward Password Requests to Wall Directory Watch.
Apr 20 17:29:27 witherspoon systemd[1]: Listening on /dev/initctl Compatibility Named Pipe.
Apr 20 17:29:27 witherspoon systemd[1]: Created slice system-phosphor\x2dreset\x2dhost\x2drunning.slice.
Apr 20 17:29:27 witherspoon systemd[1]: Created slice system-getty.slice.
Apr 20 17:29:27 witherspoon systemd[1]: Starting Remount Root and Kernel File Systems...
Apr 20 17:29:27 witherspoon systemd[1]: Created slice system-org.openbmc.control.Power.slice.
Apr 20 17:29:27 witherspoon systemd[1]: Mounting Temporary Directory...
Apr 20 17:29:27 witherspoon systemd[1]: Starting udev Coldplug all Devices...
Apr 20 17:29:27 witherspoon systemd[1]: dev-hugepages.mount: Couldn't determine result for ConditionVirtualization=!private-users, assuming failed: No such file or directory
Apr 20 17:29:27 witherspoon systemd[1]: Created slice system-org.openbmc.buttons.reset.slice.
Apr 20 17:29:27 witherspoon systemd[1]: Created slice system-obmc\x2dconsole.slice.
Apr 20 17:29:27 witherspoon systemd[1]: Created slice system-org.openbmc.control.Bmc.slice.
Apr 20 17:29:27 witherspoon systemd-journald[654]: Journal started
Apr 20 17:29:27 witherspoon systemd-journald[654]: Runtime journal (/run/log/journal/98da6a547f8141998b98e23f5894fd04) is 0B, max 0B, 0B free.
Apr 20 17:29:28 witherspoon systemd[1]: Mounting Debug File System...
Apr 20 17:29:29 witherspoon systemd[1]: Created slice system-org.openbmc.buttons.Power.slice.
Apr 20 17:29:29 witherspoon systemd[1]: Starting Apply Kernel Variables...
Apr 20 17:29:29 witherspoon systemd-sysctl[657]: Couldn't write '16' to 'kernel/sysrq', ignoring: No such file or directory
Apr 20 17:29:29 witherspoon systemd-sysctl[657]: Couldn't write 'fq_codel' to 'net/core/default_qdisc', ignoring: No such file or directory
Apr 20 17:29:29 witherspoon systemd[1]: Mounted Debug File System.
Apr 20 17:29:30 witherspoon systemd[1]: Mounted Temporary Directory.
Apr 20 17:29:30 witherspoon systemd[1]: Started Journal Service.
Apr 20 17:29:30 witherspoon systemd[1]: Started Remount Root and Kernel File Systems.
Apr 20 17:29:31 witherspoon systemd[1]: Started Apply Kernel Variables.
Apr 20 17:29:31 witherspoon systemd[1]: Starting Create System Users...
Apr 20 17:29:31 witherspoon systemd[1]: Starting Flush Journal to Persistent Storage...
Apr 20 17:29:32 witherspoon systemd[1]: Started udev Coldplug all Devices.
Apr 20 17:29:32 witherspoon systemd-journald[654]: Runtime journal (/run/log/journal/98da6a547f8141998b98e23f5894fd04) is 0B, max 0B, 0B free.
Apr 20 17:29:32 witherspoon systemd[1]: Started Flush Journal to Persistent Storage.
Apr 20 17:29:32 witherspoon systemd[1]: Started Create System Users.
Apr 20 17:29:32 witherspoon systemd[1]: Starting Create Static Device Nodes in /dev...
Apr 20 17:29:32 witherspoon systemd[1]: Started Create Static Device Nodes in /dev.
Apr 20 17:29:32 witherspoon systemd[1]: Starting udev Kernel Device Manager...
Apr 20 17:29:32 witherspoon systemd[1]: Reached target Local File Systems (Pre).
Apr 20 17:29:32 witherspoon systemd[1]: Mounting /var/volatile...
Apr 20 17:29:33 witherspoon systemd[1]: Mounted /var/volatile.
Apr 20 17:29:33 witherspoon systemd[1]: Reached target Local File Systems.
Apr 20 17:29:33 witherspoon systemd[1]: Starting Create Volatile Files and Directories...
Apr 20 17:29:33 witherspoon systemd[1]: Starting Rebuild Journal Catalog...
Apr 20 17:29:33 witherspoon systemd[1]: Starting Load/Save Random Seed...
Apr 20 17:29:33 witherspoon systemd[1]: Started Rebuild Journal Catalog.
Apr 20 17:29:33 witherspoon systemd[1]: Starting Update is Completed...
Apr 20 17:29:33 witherspoon systemd[1]: Started Load/Save Random Seed.
Apr 20 17:29:33 witherspoon systemd[1]: Started Update is Completed.
Apr 20 17:29:33 witherspoon systemd-tmpfiles[896]: "/var/tmp" already exists and is not a directory.
Apr 20 17:29:33 witherspoon systemd-tmpfiles[896]: "/var/log" already exists and is not a directory.
Apr 20 17:29:33 witherspoon systemd[1]: Started Create Volatile Files and Directories.
Apr 20 17:29:33 witherspoon systemd[1]: Starting Network Time Synchronization...
Apr 20 17:29:33 witherspoon systemd[1]: Starting Run pending postinsts...
Apr 20 17:29:34 witherspoon systemd[1]: Started udev Kernel Device Manager.
Apr 20 17:29:35 witherspoon systemd[1]: Found device /dev/aspeed-lpc-ctrl.
Apr 20 17:29:35 witherspoon systemd[1]: Found device /dev/aspeed-mbox.
Apr 20 17:29:35 witherspoon systemd[1]: Found device /dev/ttyS4.
Apr 20 17:29:35 witherspoon systemd[1]: dev-hugepages.mount: Couldn't determine result for ConditionVirtualization=!private-users, assuming failed: No such file or directory
Apr 20 17:29:35 witherspoon systemd[1]: Created slice system-xyz.openbmc_project.Hwmon.slice.
Apr 20 17:29:35 witherspoon systemd[1]: Found device /dev/ttyVUART0.
Apr 20 17:29:35 witherspoon systemd[1]: dev-hugepages.mount: Couldn't determine result for ConditionVirtualization=!private-users, assuming failed: No such file or directory
Apr 20 17:29:35 witherspoon systemd[1]: dev-hugepages.mount: Couldn't determine result for ConditionVirtualization=!private-users, assuming failed: No such file or directory
Apr 20 17:29:35 witherspoon systemd[1]: Created slice system-xyz.openbmc_project.led.controller.slice.
Apr 20 17:29:37 witherspoon systemd[1]: Started Network Time Synchronization.
Apr 20 17:29:37 witherspoon run-postinsts[905]: Running postinst /etc/rpm-postinsts/libglib-2.0-0...
Apr 20 17:29:37 witherspoon systemd[1]: dev-hugepages.mount: Couldn't determine result for ConditionVirtualization=!private-users, assuming failed: No such file or directory
Apr 20 17:29:37 witherspoon systemd[1]: Reached target System Time Synchronized.
Apr 20 17:29:38 witherspoon run-postinsts[905]: rm: can't remove '/etc/rpm-postinsts': Invalid argument
Apr 20 17:29:38 witherspoon run-postinsts[905]:  Removing any system startup links for run-postinsts ...
Apr 20 17:29:38 witherspoon systemctl[934]: Removed /etc/systemd/system/sysinit.target.wants/run-postinsts.service.
Apr 20 17:29:38 witherspoon systemd[1]: Reloading.
Apr 20 17:29:41 witherspoon systemd[1]: Started Run pending postinsts.
Apr 20 17:29:41 witherspoon systemd[1]: Reached target System Initialization.
Apr 20 17:29:41 witherspoon systemd[1]: Listening on Phosphor Host Console SSH Per-Connection socket.
Apr 20 17:29:41 witherspoon systemd[1]: Listening on Phosphor Webserver socket.
Apr 20 17:29:41 witherspoon systemd[1]: Started Daily Cleanup of Temporary Directories.
Apr 20 17:29:41 witherspoon systemd[1]: Listening on phosphor-ipmi-net.socket.
Apr 20 17:29:41 witherspoon systemd[1]: Listening on Avahi mDNS/DNS-SD Stack Activation Socket.
Apr 20 17:29:41 witherspoon systemd[1]: Listening on dropbear.socket.
Apr 20 17:29:41 witherspoon systemd[1]: Listening on Phosphor DBUS Browser socket.
Apr 20 17:29:41 witherspoon systemd[1]: Listening on D-Bus System Message Bus Socket.
Apr 20 17:29:42 witherspoon systemd[1]: Reached target Sockets.
Apr 20 17:29:42 witherspoon systemd[1]: Reached target Basic System.
Apr 20 17:29:42 witherspoon systemd[1]: Started Phosphor Hwmon Poller.
Apr 20 17:29:42 witherspoon systemd[1]: Started Phosphor sysfs LED controller.
Apr 20 17:29:42 witherspoon systemd[1]: Started Phosphor sysfs LED controller.
Apr 20 17:29:42 witherspoon systemd[1]: Starting OpenBMC Software Update Manager...
Apr 20 17:29:42 witherspoon systemd[1]: Started Phosphor sysfs LED controller.
Apr 20 17:29:42 witherspoon systemd[1]: Started Phosphor sysfs LED controller.
Apr 20 17:29:42 witherspoon systemd[1]: Starting Clear one time boot overrides...
Apr 20 17:29:42 witherspoon systemd[1]: Started Phosphor Hwmon Poller.
Apr 20 17:29:42 witherspoon systemd[1]: Started Phosphor sysfs LED controller.
Apr 20 17:29:42 witherspoon systemd[1]: Starting Phosphor Inventory Manager...
Apr 20 17:29:42 witherspoon systemd[1]: Started D-Bus System Message Bus.
Apr 20 17:29:44 witherspoon systemd[1]: Started OpenBMC Software Update Manager.
Apr 20 17:29:44 witherspoon systemd[1]: Starting Network Service...
Apr 20 17:29:44 witherspoon systemd[1]: Started Phosphor Console Muxer listening on device /dev/ttyVUART0.
Apr 20 17:29:44 witherspoon systemd[1]: Started Phosphor MBOX Daemon.
Apr 20 17:29:44 witherspoon systemd[1]: Started Phosphor sysfs LED controller.
Apr 20 17:29:44 witherspoon systemd[1]: Starting Phosphor BMC0 Control...
Apr 20 17:29:44 witherspoon systemd[1]: Starting Phosphor Dump Manager...
Apr 20 17:29:44 witherspoon systemd[1]: Reached target Containers.
Apr 20 17:29:44 witherspoon systemd[1]: Starting Phosphor Sensor Manager...
Apr 20 17:29:44 witherspoon systemd[1]: Started Phosphor sysfs LED controller.
Apr 20 17:29:45 witherspoon systemd[1]: Started Phosphor sysfs LED controller.
Apr 20 17:29:45 witherspoon systemd[1]: Started Phosphor Hwmon Poller.
Apr 20 17:29:45 witherspoon systemd[1]: Started Kernel Logging Service.
Apr 20 17:29:45 witherspoon systemd[1]: Started Phosphor Hwmon Poller.
Apr 20 17:29:45 witherspoon systemd-networkd[958]: Enumeration completed
Apr 20 17:29:45 witherspoon systemd-networkd[958]: eth0: IPv6 enabled for interface: Success
Apr 20 17:29:45 witherspoon systemd-networkd[958]: eth0: Gained carrier
Apr 20 17:29:45 witherspoon systemd-timesyncd[904]: Network configuration changed, trying to establish connection.
Apr 20 17:29:46 witherspoon systemd[1]: Started Hardware RNG Entropy Gatherer Daemon.
Apr 20 17:29:46 witherspoon systemd[1]: Starting Phosphor LED Group Management Daemon...
Apr 20 17:29:46 witherspoon systemd[1]: Started Phosphor Hwmon Poller.
Apr 20 17:29:46 witherspoon kernel[968]: klogd started: BusyBox v1.24.1 (2017-06-16 19:29:08 UTC)
Apr 20 17:29:46 witherspoon kernel[968]: [    0.000000] Booting Linux on physical CPU 0x0
Apr 20 17:29:46 witherspoon kernel[968]: [    0.000000] Linux version 4.10.17-d6ae40dc4c4dff3265cc254d404ed6b03fcc2206 (jenkins@openbmc-builder1) (gcc version 6.2.0 (GCC) ) #1 Tue Jul 25 01:21:53 UTC 2017
Apr 20 17:29:46 witherspoon kernel[968]: [    0.000000] CPU: ARMv6-compatible processor [410fb767] revision 7 (ARMv7), cr=00c5387d
Apr 20 17:29:46 witherspoon kernel[968]: [    0.000000] CPU: PIPT / VIPT nonaliasing data cache, VIPT nonaliasing instruction cache
Apr 20 17:29:46 witherspoon kernel[968]: [    0.000000] OF: fdt:Machine model: Witherspoon BMC
Apr 20 17:29:46 witherspoon kernel[968]: [    0.000000] Memory policy: Data cache writeback
Apr 20 17:29:46 witherspoon kernel[968]: [    0.000000] SOC Rev: 04030303
Apr 20 17:29:46 witherspoon kernel[968]: [    0.000000] On node 0 totalpages: 110592
Apr 20 17:29:46 witherspoon kernel[968]: [    0.000000] free_area_init_node: node 0, pgdat 805fd514, node_mem_map 9ec1a000
Apr 20 17:29:46 witherspoon kernel[968]: [    0.000000]   Normal zone: 992 pages used for memmap
Apr 20 17:29:46 witherspoon kernel[968]: [    0.000000]   Normal zone: 0 pages reserved
Apr 20 17:29:46 witherspoon kernel[968]: [    0.000000]   Normal zone: 110592 pages, LIFO batch:31
Apr 20 17:29:46 witherspoon kernel[968]: [    0.000000] pcpu-alloc: s0 r0 d32768 u32768 alloc=1*32768
Apr 20 17:29:46 witherspoon kernel[968]: [    0.000000] pcpu-alloc: [0] 0
Apr 20 17:29:46 witherspoon kernel[968]: [    0.000000] Built 1 zonelists in Zone order, mobility grouping on.  Total pages: 109600
Apr 20 17:29:46 witherspoon kernel[968]: [    0.000000] Kernel command line: console=ttyS4,115200n8 root=/dev/ram rw
Apr 20 17:29:46 witherspoon kernel[968]: [    0.000000] PID hash table entries: 2048 (order: 1, 8192 bytes)
Apr 20 17:29:46 witherspoon kernel[968]: [    0.000000] Dentry cache hash table entries: 65536 (order: 6, 262144 bytes)
Apr 20 17:29:46 witherspoon kernel[968]: [    0.000000] Inode-cache hash table entries: 32768 (order: 5, 131072 bytes)
Apr 20 17:29:46 witherspoon kernel[968]: [    0.000000] Memory: 430452K/442368K available (4063K kernel code, 280K rwdata, 1188K rodata, 284K init, 111K bss, 11916K reserved, 0K cma-reserved)
Apr 20 17:29:46 witherspoon kernel[968]: [    0.000000] Virtual kernel memory layout:
Apr 20 17:29:46 witherspoon kernel[968]: [    0.000000]     vector  : 0xffff0000 - 0xffff1000   (   4 kB)
Apr 20 17:29:46 witherspoon kernel[968]: [    0.000000]     fixmap  : 0xffc00000 - 0xfff00000   (3072 kB)
Apr 20 17:29:46 witherspoon kernel[968]: [    0.000000]     vmalloc : 0x9f800000 - 0xff800000   (1536 MB)
Apr 20 17:29:46 witherspoon kernel[968]: [    0.000000]     lowmem  : 0x80000000 - 0x9f000000   ( 496 MB)
Apr 20 17:29:46 witherspoon kernel[968]: [    0.000000]       .text : 0x80008000 - 0x803fff60   (4064 kB)
Apr 20 17:29:46 witherspoon kernel[968]: [    0.000000]       .init : 0x80583000 - 0x805ca000   ( 284 kB)
Apr 20 17:29:46 witherspoon systemd[1]: Started Phosphor Hwmon Poller.
Apr 20 17:29:46 witherspoon kernel[968]: [    0.000000]       .data : 0x805ca000 - 0x806102a8   ( 281 kB)
Apr 20 17:29:46 witherspoon systemd[1]: Starting Phosphor Settings Daemon...
Apr 20 17:29:46 witherspoon kernel[968]: [    0.000000]        .bss : 0x806102a8 - 0x8062c158   ( 112 kB)
Apr 20 17:29:46 witherspoon systemd[1]: Started Phosphor Dump core monitor..
Apr 20 17:29:46 witherspoon kernel[968]: [    0.000000] NR_IRQS:16 nr_irqs:16 16
Apr 20 17:29:46 witherspoon systemd[1]: Starting Phosphor User Manager...
Apr 20 17:29:46 witherspoon kernel[968]: [    0.000000] i2c controller registered, irq 16
Apr 20 17:29:46 witherspoon systemd[1]: Starting Avahi mDNS/DNS-SD Stack...
Apr 20 17:29:46 witherspoon kernel[968]: [    0.000000] clocksource: moxart_timer: mask: 0xffffffff max_cycles: 0xffffffff, max_idle_ns: 77222644334 ns
Apr 20 17:29:46 witherspoon systemd[1]: Started System Logging Service.
Apr 20 17:29:46 witherspoon kernel[968]: [    0.000000] sched_clock: 32 bits at 100 Hz, resolution 10000000ns, wraps every 21474836475000000ns
Apr 20 17:29:46 witherspoon systemd[1]: Started Phosphor sysfs LED controller.
Apr 20 17:29:46 witherspoon kernel[968]: [    0.090000] Calibrating delay loop... 789.70 BogoMIPS (lpj=3948544)
Apr 20 17:29:46 witherspoon systemd[1]: Starting Phosphor Download Manager...
Apr 20 17:29:46 witherspoon kernel[968]: [    0.090000] pid_max: default: 32768 minimum: 301
Apr 20 17:29:46 witherspoon systemd-networkd[958]: eth0: Gained IPv6LL
Apr 20 17:29:46 witherspoon kernel[968]: [    0.090000] Mount-cache hash table entries: 1024 (order: 0, 4096 bytes)
Apr 20 17:29:47 witherspoon systemd[1]: Starting Phosphor Download Manager...
Apr 20 17:29:46 witherspoon kernel[968]: [    0.090000] Mountpoint-cache hash table entries: 1024 (order: 0, 4096 bytes)
Apr 20 17:29:47 witherspoon systemd[1]: Starting Phosphor DBus Service Discovery Manager...
Apr 20 17:29:46 witherspoon kernel[968]: [    0.090000] CPU: Testing write buffer coherency: ok
Apr 20 17:29:47 witherspoon systemd[1]: Starting Phosphor Log Manager...
Apr 20 17:29:46 witherspoon kernel[968]: [    0.090000] ftrace: allocating 14933 entries in 44 pages
Apr 20 17:29:47 witherspoon systemd[1]: Starting Phosphor Inventory Manager...
Apr 20 17:29:46 witherspoon kernel[968]: [    0.120000] Setting up static identity map for 0x80008200 - 0x8000825c
Apr 20 17:29:47 witherspoon systemd[1]: Starting Phosphor Network Manager...
Apr 20 17:29:46 witherspoon kernel[968]: [    0.120000] devtmpfs: initialized
Apr 20 17:29:47 witherspoon systemd[1]: Starting Phosphor Chassis0 Control...
Apr 20 17:29:46 witherspoon kernel[968]: [    0.140000] clocksource: jiffies: mask: 0xffffffff max_cycles: 0xffffffff, max_idle_ns: 19112604462750000 ns
Apr 20 17:29:47 witherspoon systemd[1]: Started Phosphor sysfs LED controller.
Apr 20 17:29:46 witherspoon kernel[968]: [    0.140000] futex hash table entries: 256 (order: -1, 3072 bytes)
Apr 20 17:29:47 witherspoon systemd[1]: Starting Phosphor IPMI BT DBus Bridge...
Apr 20 17:29:46 witherspoon kernel[968]: [    0.140000] pinctrl core: initialized pinctrl subsystem
Apr 20 17:29:47 witherspoon systemd[1]: Reached target Timers.
Apr 20 17:29:46 witherspoon kernel[968]: [    0.140000] NET: Registered protocol family 16
Apr 20 17:29:47 witherspoon systemd[1]: Starting OpenPower Software Update Manager...
Apr 20 17:29:46 witherspoon kernel[968]: [    0.140000] DMA: preallocated 256 KiB pool for atomic coherent allocations
Apr 20 17:29:47 witherspoon systemd[1]: Started Network Service.
Apr 20 17:29:46 witherspoon kernel[968]: [    0.210000] usbcore: registered new interface driver usbfs
Apr 20 17:29:48 witherspoon systemd[1]: Started Clear one time boot overrides.
Apr 20 17:29:46 witherspoon kernel[968]: [    0.210000] usbcore: registered new interface driver hub
Apr 20 17:29:48 witherspoon systemd[1]: Started Phosphor Inventory Manager.
Apr 20 17:29:46 witherspoon kernel[968]: [    0.210000] usbcore: registered new device driver usb
Apr 20 17:29:48 witherspoon systemd[1]: Reached target Network.
Apr 20 17:29:46 witherspoon kernel[968]: [    0.220000] clocksource: Switched to clocksource moxart_timer
Apr 20 17:29:50 witherspoon kernel: ftgmac100 1e660000.ethernet eth0: NCSI interface up
Apr 20 17:29:48 witherspoon systemd[1]: Starting Permit User Sessions...
Apr 20 17:29:46 witherspoon kernel[968]: [    0.230000] NET: Registered protocol family 2
Apr 20 17:29:48 witherspoon systemd[1]: Started Lightweight SLP Server.
Apr 20 17:29:46 witherspoon kernel[968]: [    0.240000] TCP established hash table entries: 4096 (order: 2, 16384 bytes)
Apr 20 17:29:49 witherspoon systemd[1]: Started Permit User Sessions.
Apr 20 17:29:46 witherspoon kernel[968]: [    0.240000] TCP bind hash table entries: 4096 (order: 2, 16384 bytes)
Apr 20 17:29:49 witherspoon systemd[1]: Started Serial Getty on ttyS4.
Apr 20 17:29:46 witherspoon kernel[968]: [    0.240000] TCP: Hash tables configured (established 4096 bind 4096)
Apr 20 17:29:49 witherspoon systemd[1]: Reached target Login Prompts.
Apr 20 17:29:46 witherspoon kernel[968]: [    0.240000] UDP hash table entries: 256 (order: 0, 4096 bytes)
Apr 20 17:29:50 witherspoon systemd[1]: Started Phosphor IPMI BT DBus Bridge.
Apr 20 17:29:46 witherspoon kernel[968]: [    0.240000] UDP-Lite hash table entries: 256 (order: 0, 4096 bytes)
Apr 20 17:29:50 witherspoon systemd[1]: Started Phosphor LED Group Management Daemon.
Apr 20 17:29:46 witherspoon kernel[968]: [    0.240000] NET: Registered protocol family 1
Apr 20 17:29:46 witherspoon kernel[968]: [    0.240000] Trying to unpack rootfs image as initramfs...
Apr 20 17:29:46 witherspoon kernel[968]: [    1.910000] Freeing initrd memory: 1544K
Apr 20 17:29:46 witherspoon kernel[968]: [    1.910000] workingset: timestamp_bits=30 max_order=17 bucket_order=0
Apr 20 17:29:46 witherspoon kernel[968]: [    1.910000] squashfs: version 4.0 (2009/01/31) Phillip Lougher
Apr 20 17:29:46 witherspoon kernel[968]: [    1.910000] jffs2: version 2.2. (SUMMARY)  © 2001-2006 Red Hat, Inc.
Apr 20 17:29:46 witherspoon kernel[968]: [    1.910000] Block layer SCSI generic (bsg) driver version 0.4 loaded (major 250)
Apr 20 17:29:46 witherspoon kernel[968]: [    1.910000] io scheduler noop registered
Apr 20 17:29:46 witherspoon kernel[968]: [    1.910000] io scheduler deadline registered
Apr 20 17:29:46 witherspoon kernel[968]: [    1.910000] io scheduler cfq registered (default)
Apr 20 17:29:46 witherspoon kernel[968]: [    2.060000] ipmi-bt-host 1e789140.ibt: Found bt bmc device
Apr 20 17:29:46 witherspoon kernel[968]: [    2.060000] ipmi-bt-host 1e789140.ibt: Using IRQ 22
Apr 20 17:29:46 witherspoon kernel[968]: [    2.060000] Serial: 8250/16550 driver, 6 ports, IRQ sharing enabled
Apr 20 17:29:46 witherspoon kernel[968]: [    2.060000] 1e783000.serial: ttyS0 at MMIO 0x1e783000 (irq = 23, base_baud = 1500000) is a 16550A
Apr 20 17:29:46 witherspoon kernel[968]: [    2.060000] 1e78d000.serial: ttyS1 at MMIO 0x1e78d000 (irq = 24, base_baud = 1500000) is a 16550A
Apr 20 17:29:46 witherspoon kernel[968]: [    2.060000] 1e784000.serial: ttyS4 at MMIO 0x1e784000 (irq = 25, base_baud = 1500000) is a 16550A
Apr 20 17:29:46 witherspoon kernel[968]: [    2.410000] console [ttyS4] enabled
Apr 20 17:29:46 witherspoon kernel[968]: [    2.410000] 1e787000.vuart: ttyS2 at MMIO 0x1e787000 (irq = 22, base_baud = 1500000) is a 16550A
Apr 20 17:29:46 witherspoon kernel[968]: [    2.600000] timeriomem_rng 1e6e2078.hwrng: 32bits from 0xf00e2078 @ 1us
Apr 20 17:29:46 witherspoon kernel[968]: [    2.610000] random: fast init done
Apr 20 17:29:46 witherspoon kernel[968]: [    2.650000] brd: module loaded
Apr 20 17:29:46 witherspoon kernel[968]: [    2.680000] loop: module loaded
Apr 20 17:29:46 witherspoon kernel[968]: [    2.680000] aspeed-lpc-ctrl 1e789080.lpc-ctrl: Loaded at 0x98000000 (0x04000000)
Apr 20 17:29:52 witherspoon systemd[1]: Started Phosphor Dump Manager.
Apr 20 17:29:46 witherspoon kernel[968]: [    2.690000] aspeed-smc 1e620000.flash-controller: Using IRQ 18
Apr 20 17:29:52 witherspoon openpower-update-manager[990]: Error PNOR current version is empty
Apr 20 17:29:46 witherspoon kernel[968]: [    2.690000] aspeed-smc 1e620000.flash-controller: DMA support disabled.
Apr 20 17:29:46 witherspoon kernel[968]: [    2.710000] aspeed-smc 1e620000.flash-controller: mx25l25635e (32768 Kbytes)
Apr 20 17:29:52 witherspoon systemd[1]: Started Phosphor Settings Daemon.
Apr 20 17:29:46 witherspoon kernel[968]: [    2.710000] aspeed-smc 1e620000.flash-controller: CE0 window [ 0x20000000 - 0x22000000 ] 32MB
Apr 20 17:29:52 witherspoon systemd[1]: Started Phosphor Download Manager.
Apr 20 17:29:46 witherspoon kernel[968]: [    2.710000] aspeed-smc 1e620000.flash-controller: CE1 window [ 0x22000000 - 0x2a000000 ] 128MB
Apr 20 17:29:52 witherspoon systemd[1]: Started OpenPower Software Update Manager.
Apr 20 17:29:46 witherspoon kernel[968]: [    2.710000] 5 ofpart partitions found on MTD device bmc
Apr 20 17:29:52 witherspoon systemd[1]: Started Phosphor Log Manager.
Apr 20 17:29:46 witherspoon kernel[968]: [    2.740000] random: crng init done
Apr 20 17:29:52 witherspoon systemd[1]: Started Avahi mDNS/DNS-SD Stack.
Apr 20 17:29:46 witherspoon kernel[968]: [    2.740000] Creating 5 MTD partitions on "bmc":
Apr 20 17:29:52 witherspoon systemd[1]: Reached target Multi-User System.
Apr 20 17:29:46 witherspoon kernel[968]: [    2.750000] 0x000000000000-0x000000060000 : "u-boot"
Apr 20 17:29:52 witherspoon systemd[1]: Starting Phosphor Version Software Manager...
Apr 20 17:29:46 witherspoon kernel[968]: [    2.750000] 0x000000060000-0x000000080000 : "u-boot-env"
Apr 20 17:29:53 witherspoon systemd[1]: Created slice system-dropbear.slice.
Apr 20 17:29:46 witherspoon kernel[968]: [    2.770000] 0x000000080000-0x0000004c0000 : "kernel"
Apr 20 17:29:46 witherspoon kernel[968]: [    2.770000] 0x0000004c0000-0x000001c00000 : "rofs"
Apr 20 17:29:46 witherspoon kernel[968]: [    2.790000] 0x000001c00000-0x000002000000 : "rwfs"
Apr 20 17:29:54 witherspoon systemd[1]: Started SSH Per-Connection Server (9.41.165.94:33746).
Apr 20 17:29:46 witherspoon kernel[968]: [    2.790000] aspeed-smc 1e620000.flash-controller: mx25l25635e (32768 Kbytes)
Apr 20 17:29:54 witherspoon systemd[1]: Started Phosphor BMC0 Control.
Apr 20 17:29:46 witherspoon kernel[968]: [    2.800000] aspeed-smc 1e620000.flash-controller: CE1 window [ 0x22000000 - 0x24000000 ] 32MB
Apr 20 17:29:54 witherspoon systemd[1]: Started Phosphor Version Software Manager.
Apr 20 17:29:46 witherspoon kernel[968]: [    2.800000] aspeed-smc 1e620000.flash-controller: CE2 window [ 0x24000000 - 0x2c000000 ] 128MB
Apr 20 17:29:46 witherspoon kernel[968]: [    2.830000] aspeed-smc 1e630000.flash-controller: mx66l1g45g (131072 Kbytes)
Apr 20 17:29:46 witherspoon kernel[968]: [    2.840000] aspeed-smc 1e630000.flash-controller: CE0 window resized to 120MB (AST2500 HW quirk)
Apr 20 17:29:46 witherspoon kernel[968]: [    2.840000] aspeed-smc 1e630000.flash-controller: CE0 window [ 0x30000000 - 0x37800000 ] 120MB
Apr 20 17:29:46 witherspoon kernel[968]: [    2.840000] aspeed-smc 1e630000.flash-controller: CE0 window too small for chip 128MB
Apr 20 17:29:46 witherspoon kernel[968]: [    2.860000] aspeed-smc 1e630000.flash-controller: CE1 window [ 0x37800000 - 0x38000000 ] 8MB
Apr 20 17:29:46 witherspoon kernel[968]: [    3.610000] libphy: Fixed MDIO Bus: probed
Apr 20 17:29:46 witherspoon kernel[968]: [    3.610000] ftgmac100 1e660000.ethernet: Read MAC address 70:e2:84:14:24:20 from chip
Apr 20 17:29:46 witherspoon kernel[968]: [    3.610000] ftgmac100 1e660000.ethernet: Using NCSI interface
Apr 20 17:29:46 witherspoon kernel[968]: [    3.610000] ftgmac100 1e660000.ethernet eth0: irq 20, mapped at f0060000
Apr 20 17:29:46 witherspoon kernel[968]: [    3.610000] ehci_hcd: USB 2.0 'Enhanced' Host Controller (EHCI) Driver
Apr 20 17:29:46 witherspoon kernel[968]: [    3.610000] ehci-platform: EHCI generic platform driver
Apr 20 17:29:46 witherspoon kernel[968]: [    3.840000]  fsi0: can't read slave 00:00 -5
Apr 20 17:29:46 witherspoon kernel[968]: [    3.840000] i2c /dev entries driver
Apr 20 17:29:46 witherspoon kernel[968]: [    3.840000] aspeed-i2c-bus 1e78a0c0.i2c-bus: i2c bus 2 registered, irq 26
Apr 20 17:29:46 witherspoon kernel[968]: [    3.840000] aspeed-i2c-bus 1e78a100.i2c-bus: i2c bus 3 registered, irq 27
Apr 20 17:29:46 witherspoon kernel[968]: [    3.840000] aspeed-i2c-bus 1e78a140.i2c-bus: i2c bus 4 registered, irq 28
Apr 20 17:29:46 witherspoon kernel[968]: [    3.840000] aspeed-i2c-bus 1e78a180.i2c-bus: i2c bus 5 registered, irq 29
Apr 20 17:29:46 witherspoon kernel[968]: [    3.840000] aspeed-i2c-bus 1e78a380.i2c-bus: i2c bus 9 registered, irq 30
Apr 20 17:29:46 witherspoon kernel[968]: [    3.840000] aspeed-i2c-bus 1e78a3c0.i2c-bus: i2c bus 10 registered, irq 31
Apr 20 17:29:46 witherspoon kernel[968]: [    3.840000] rtc-rv8803 11-0032: Voltage low, temperature compensation stopped.
Apr 20 17:29:46 witherspoon kernel[968]: [    3.940000] rtc-rv8803 11-0032: rtc core: registered rx8900 as rtc0
Apr 20 17:29:46 witherspoon kernel[968]: [    3.950000] at24 11-0051: 8192 byte 24c64 EEPROM, writable, 1 bytes/write
Apr 20 17:29:46 witherspoon kernel[968]: [    3.950000] aspeed-i2c-bus 1e78a400.i2c-bus: i2c bus 11 registered, irq 32
Apr 20 17:29:46 witherspoon kernel[968]: [    3.950000] aspeed-i2c-bus 1e78a440.i2c-bus: i2c bus 12 registered, irq 33
Apr 20 17:29:46 witherspoon kernel[968]: [    3.950000] aspeed-i2c-bus 1e78a480.i2c-bus: i2c bus 13 registered, irq 34
Apr 20 17:29:46 witherspoon kernel[968]: [    3.950000] Driver for 1-wire Dallas network protocol.
Apr 20 17:29:46 witherspoon kernel[968]: [    3.950000] lm75 9-004a: hwmon0: sensor 'tmp275'
Apr 20 17:29:46 witherspoon kernel[968]: [    4.430000] ucd9000 11-0064: Device ID UCD90160|2.3.4.0000|110603
Apr 20 17:29:46 witherspoon kernel[968]: [    4.760000] leds-pca955x 3-0060: leds-pca955x: Using pca9552 16-bit LED driver at slave address 0x60
Apr 20 17:29:46 witherspoon kernel[968]: [    4.780000] leds-pca955x 11-0060: leds-pca955x: Using pca9552 16-bit LED driver at slave address 0x60
Apr 20 17:29:46 witherspoon kernel[968]: [    4.790000] leds-pca955x 11-0060: gpios 264...279
Apr 20 17:29:46 witherspoon kernel[968]: [    4.800000] usbcore: registered new interface driver usbhid
Apr 20 17:29:46 witherspoon kernel[968]: [    4.800000] usbhid: USB HID core driver
Apr 20 17:29:46 witherspoon kernel[968]: [    4.850000] dps310: probe of 3-0076 failed with error -5
Apr 20 17:29:46 witherspoon kernel[968]: [    4.850000] NET: Registered protocol family 10
Apr 20 17:29:46 witherspoon kernel[968]: [    4.860000] Segment Routing with IPv6
Apr 20 17:29:46 witherspoon kernel[968]: [    4.860000] NET: Registered protocol family 17
Apr 20 17:29:46 witherspoon kernel[968]: [    4.860000] 8021q: 802.1Q VLAN Support v1.8
Apr 20 17:29:46 witherspoon kernel[968]: [    4.880000] console [netcon0] enabled
Apr 20 17:29:46 witherspoon kernel[968]: [    4.880000] netconsole: network logging started
Apr 20 17:29:46 witherspoon kernel[968]: [    4.880000] input: gpio-keys as /devices/platform/gpio-keys/input/input0
Apr 20 17:29:46 witherspoon kernel[968]: [    4.880000] rtc-rv8803 11-0032: setting system clock to 2016-04-03 12:25:32 UTC (1459686332)
Apr 20 17:29:46 witherspoon kernel[968]: [    4.880000] Freeing unused kernel memory: 284K
Apr 20 17:29:46 witherspoon kernel[968]: [    4.880000] This architecture does not have kernel memory protection.
Apr 20 17:29:46 witherspoon kernel[968]: [    6.550000] jffs2: notice: (526) jffs2_build_xattr_subsystem: complete building xattr subsystem, 0 of xdatum (0 unchecked, 0 orphan) and 0 of xref (0 dead, 0 orphan) found.
Apr 20 17:29:46 witherspoon kernel[968]: [    8.660000] systemd[1]: System time before build time, advancing clock.
Apr 20 17:29:46 witherspoon kernel[968]: [    8.660000] systemd[1]: Failed to insert module 'autofs4': No such file or directory
Apr 20 17:29:46 witherspoon kernel[968]: [    8.900000] systemd[1]: systemd 232 running in system mode. (+PAM -AUDIT -SELINUX -IMA -APPARMOR -SMACK +SYSVINIT -UTMP -LIBCRYPTSETUP -GCRYPT -GNUTLS +ACL +XZ -LZ4 -SECCOMP +BLKID -ELFUTILS +KMOD -IDN)
Apr 20 17:29:46 witherspoon kernel[968]: [    8.900000] systemd[1]: Detected architecture arm.
Apr 20 17:29:46 witherspoon kernel[968]: [    9.020000] systemd[1]: Set hostname to <witherspoon>.
Apr 20 17:29:46 witherspoon kernel[968]: [   10.600000] systemd[1]: Listening on udev Kernel Socket.
Apr 20 17:29:46 witherspoon kernel[968]: [   10.750000] systemd[1]: Listening on Network Service Netlink Socket.
Apr 20 17:29:46 witherspoon kernel[968]: [   10.910000] systemd[1]: Listening on udev Control Socket.
Apr 20 17:29:46 witherspoon kernel[968]: [   11.070000] systemd[1]: Reached target Remote File Systems.
Apr 20 17:29:46 witherspoon kernel[968]: [   11.240000] systemd[1]: Started Dispatch Password Requests to Console Directory Watch.
Apr 20 17:29:46 witherspoon kernel[968]: [   11.420000] systemd[1]: Started Forward Password Requests to Wall Directory Watch.
Apr 20 17:29:46 witherspoon kernel[968]: [   11.600000] systemd[1]: Listening on /dev/initctl Compatibility Named Pipe.
Apr 20 17:29:46 witherspoon kernel[968]: [   14.060000] systemd[1]: Created slice system-phosphor\x2dreset\x2dhost\x2drunning.slice.
Apr 20 17:29:46 witherspoon kernel[968]: [   14.320000] systemd[1]: Created slice system-getty.slice.
Apr 20 17:29:46 witherspoon kernel[968]: [   14.590000] systemd[1]: Starting Remount Root and Kernel File Systems...
Apr 20 17:29:46 witherspoon kernel[968]: [   14.870000] systemd[1]: Created slice system-org.openbmc.control.Power.slice.
Apr 20 17:29:46 witherspoon kernel[968]: [   15.150000] systemd[1]: Mounting Temporary Directory...
Apr 20 17:29:46 witherspoon kernel[968]: [   15.440000] systemd[1]: Starting udev Coldplug all Devices...
Apr 20 17:29:46 witherspoon kernel[968]: [   15.740000] systemd[1]: dev-hugepages.mount: Couldn't determine result for ConditionVirtualization=!private-users, assuming failed: No such file or directory
Apr 20 17:29:46 witherspoon kernel[968]: [   15.740000] systemd[1]: Created slice system-org.openbmc.buttons.reset.slice.
Apr 20 17:29:46 witherspoon kernel[968]: [   16.040000] systemd[1]: Created slice system-obmc\x2dconsole.slice.
Apr 20 17:29:46 witherspoon kernel[968]: [   16.350000] systemd[1]: Created slice system-org.openbmc.control.Bmc.slice.
Apr 20 17:29:46 witherspoon kernel[968]: [   19.070000] systemd[1]: Mounting Debug File System...
Apr 20 17:29:46 witherspoon kernel[968]: [   19.440000] systemd[1]: Created slice system-org.openbmc.buttons.Power.slice.
Apr 20 17:29:46 witherspoon kernel[968]: [   19.820000] systemd[1]: Starting Apply Kernel Variables...
Apr 20 17:29:46 witherspoon kernel[968]: [   20.200000] systemd[1]: Mounted Debug File System.
Apr 20 17:29:46 witherspoon kernel[968]: [   20.590000] systemd[1]: Mounted Temporary Directory.
Apr 20 17:29:46 witherspoon kernel[968]: [   20.990000] systemd[1]: Started Journal Service.
Apr 20 17:29:46 witherspoon kernel[968]: [   22.990000] systemd-journald[654]: Received request to flush runtime journal from PID 1
Apr 20 17:29:49 witherspoon kernel[968]: [   40.050000] ftgmac100 1e660000.ethernet eth0: NCSI interface up
Apr 20 17:29:51 witherspoon avahi-daemon[978]: Found user 'avahi' (UID 998) and group 'avahi' (GID 997).
Apr 20 17:29:51 witherspoon avahi-daemon[978]: Successfully dropped root privileges.
Apr 20 17:29:51 witherspoon avahi-daemon[978]: avahi-daemon 0.6.32 starting up.
Apr 20 17:29:52 witherspoon avahi-daemon[978]: Successfully called chroot().
Apr 20 17:29:52 witherspoon avahi-daemon[978]: Successfully dropped remaining capabilities.
Apr 20 17:29:52 witherspoon avahi-daemon[978]: Loading service file /services/obmc_console.service.
Apr 20 17:29:52 witherspoon avahi-daemon[978]: Loading service file /services/phosphor_rest.service.
Apr 20 17:29:52 witherspoon avahi-daemon[978]: Loading service file /services/sftp-ssh.service.
Apr 20 17:29:52 witherspoon avahi-daemon[978]: Loading service file /services/sftp.service.
Apr 20 17:29:52 witherspoon avahi-daemon[978]: Loading service file /services/ssh.service.
Apr 20 17:29:52 witherspoon avahi-daemon[978]: Joining mDNS multicast group on interface eth0.IPv6 with address fe80::72e2:84ff:fe14:2420.
Apr 20 17:29:52 witherspoon avahi-daemon[978]: New relevant interface eth0.IPv6 for mDNS.
Apr 20 17:29:52 witherspoon avahi-daemon[978]: Joining mDNS multicast group on interface eth0.IPv4 with address 9.41.166.169.
Apr 20 17:29:52 witherspoon avahi-daemon[978]: New relevant interface eth0.IPv4 for mDNS.
Apr 20 17:29:52 witherspoon avahi-daemon[978]: Network interface enumeration completed.
Apr 20 17:29:52 witherspoon avahi-daemon[978]: Registering new address record for fe80::72e2:84ff:fe14:2420 on eth0.*.
Apr 20 17:29:52 witherspoon avahi-daemon[978]: Registering new address record for 9.41.166.169 on eth0.IPv4.
Apr 20 17:29:59 witherspoon systemd-networkd[958]: eth0: Configured
Apr 20 17:29:53 witherspoon avahi-daemon[978]: Server startup complete. Host name is witherspoon.local. Local service cookie is 4005306672.
Apr 20 17:29:59 witherspoon systemd-timesyncd[904]: Network configuration changed, trying to establish connection.
Apr 20 17:29:53 witherspoon avahi-daemon[978]: Service name conflict for "sftp" (/services/sftp.service), retrying with "sftp #2".
Apr 20 17:29:53 witherspoon avahi-daemon[978]: Service name conflict for "obmc_console" (/services/obmc_console.service), retrying with "obmc_console #2".
Apr 20 17:29:53 witherspoon avahi-daemon[978]: Service name conflict for "phosphor_rest" (/services/phosphor_rest.service), retrying with "phosphor_rest #2".
Apr 20 17:29:54 witherspoon avahi-daemon[978]: Service "witherspoon" (/services/ssh.service) successfully established.
Apr 20 17:29:54 witherspoon avahi-daemon[978]: Service "witherspoon" (/services/sftp-ssh.service) successfully established.
Apr 20 17:29:54 witherspoon avahi-daemon[978]: Service name conflict for "phosphor_rest" (/services/phosphor_rest.service), retrying with "phosphor_rest #3".
Apr 20 17:29:54 witherspoon avahi-daemon[978]: Service name conflict for "sftp" (/services/sftp.service), retrying with "sftp #3".
Apr 20 17:29:54 witherspoon avahi-daemon[978]: Service name conflict for "obmc_console" (/services/obmc_console.service), retrying with "obmc_console #3".
Apr 20 17:29:54 witherspoon dropbear[1006]: Failed loading /etc/dropbear/dropbear_dss_host_key
Apr 20 17:29:54 witherspoon dropbear[1006]: Failed loading /etc/dropbear/dropbear_ecdsa_host_key
Apr 20 17:29:54 witherspoon dropbear[1006]: Child connection from ::ffff:9.41.165.94:33746
Apr 20 17:29:55 witherspoon avahi-daemon[978]: Service name conflict for "phosphor_rest" (/services/phosphor_rest.service), retrying with "phosphor_rest #4".
Apr 20 17:29:55 witherspoon avahi-daemon[978]: Service name conflict for "sftp" (/services/sftp.service), retrying with "sftp #4".
Apr 20 17:29:55 witherspoon avahi-daemon[978]: Service name conflict for "obmc_console" (/services/obmc_console.service), retrying with "obmc_console #4".
Apr 20 17:29:57 witherspoon avahi-daemon[978]: Service name conflict for "sftp" (/services/sftp.service), retrying with "sftp #5".
Apr 20 17:29:57 witherspoon avahi-daemon[978]: Service name conflict for "phosphor_rest" (/services/phosphor_rest.service), retrying with "phosphor_rest #5".
Apr 20 17:29:57 witherspoon avahi-daemon[978]: Service name conflict for "obmc_console" (/services/obmc_console.service), retrying with "obmc_console #5".
Apr 20 17:29:57 witherspoon avahi-daemon[978]: Service name conflict for "phosphor_rest" (/services/phosphor_rest.service), retrying with "phosphor_rest #6".
Apr 20 17:29:57 witherspoon avahi-daemon[978]: Service name conflict for "obmc_console" (/services/obmc_console.service), retrying with "obmc_console #6".
Apr 20 17:29:57 witherspoon avahi-daemon[978]: Service name conflict for "sftp" (/services/sftp.service), retrying with "sftp #6".
Apr 20 17:29:59 witherspoon avahi-daemon[978]: Service name conflict for "sftp" (/services/sftp.service), retrying with "sftp #7".
Apr 20 17:29:59 witherspoon avahi-daemon[978]: Service name conflict for "phosphor_rest" (/services/phosphor_rest.service), retrying with "phosphor_rest #7".
Apr 20 17:29:59 witherspoon avahi-daemon[978]: Service name conflict for "obmc_console" (/services/obmc_console.service), retrying with "obmc_console #7".
Apr 20 17:30:00 witherspoon avahi-daemon[978]: Service name conflict for "phosphor_rest" (/services/phosphor_rest.service), retrying with "phosphor_rest #8".
Apr 20 17:30:00 witherspoon avahi-daemon[978]: Service name conflict for "sftp" (/services/sftp.service), retrying with "sftp #8".
Apr 20 17:30:00 witherspoon avahi-daemon[978]: Service name conflict for "obmc_console" (/services/obmc_console.service), retrying with "obmc_console #8".
Apr 20 17:30:01 witherspoon avahi-daemon[978]: Service name conflict for "phosphor_rest" (/services/phosphor_rest.service), retrying with "phosphor_rest #9".
Apr 20 17:30:01 witherspoon avahi-daemon[978]: Service name conflict for "sftp" (/services/sftp.service), retrying with "sftp #9".
Apr 20 17:30:01 witherspoon avahi-daemon[978]: Service name conflict for "obmc_console" (/services/obmc_console.service), retrying with "obmc_console #9".
Apr 20 17:30:01 witherspoon dropbear[1006]: pam_unix(dropbear:account): account root has password changed in future
Apr 20 17:30:01 witherspoon dropbear[1006]: PAM password auth succeeded for 'root' from ::ffff:9.41.165.94:33746
Apr 20 17:30:01 witherspoon dropbear[1008]: lastlog_perform_login: Couldn't stat /var/log/lastlog: No such file or directory
Apr 20 17:30:01 witherspoon dropbear[1008]: lastlog_openseek: /var/log/lastlog is not a file or directory!
Apr 20 17:30:02 witherspoon avahi-daemon[978]: Service name conflict for "phosphor_rest" (/services/phosphor_rest.service), retrying with "phosphor_rest #10".
Apr 20 17:30:02 witherspoon avahi-daemon[978]: Service name conflict for "obmc_console" (/services/obmc_console.service), retrying with "obmc_console #10".
Apr 20 17:30:02 witherspoon avahi-daemon[978]: Service name conflict for "sftp" (/services/sftp.service), retrying with "sftp #10".
Apr 20 17:30:03 witherspoon avahi-daemon[978]: Service name conflict for "obmc_console" (/services/obmc_console.service), retrying with "obmc_console #11".
Apr 20 17:30:03 witherspoon avahi-daemon[978]: Service name conflict for "sftp" (/services/sftp.service), retrying with "sftp #11".
Apr 20 17:30:03 witherspoon avahi-daemon[978]: Service name conflict for "phosphor_rest" (/services/phosphor_rest.service), retrying with "phosphor_rest #11".
Apr 20 17:30:04 witherspoon avahi-daemon[978]: Service name conflict for "obmc_console" (/services/obmc_console.service), retrying with "obmc_console #12".
Apr 20 17:30:04 witherspoon avahi-daemon[978]: Service name conflict for "phosphor_rest" (/services/phosphor_rest.service), retrying with "phosphor_rest #12".
Apr 20 17:30:04 witherspoon avahi-daemon[978]: Service name conflict for "sftp" (/services/sftp.service), retrying with "sftp #12".
Apr 20 17:30:05 witherspoon avahi-daemon[978]: Service name conflict for "obmc_console" (/services/obmc_console.service), retrying with "obmc_console #13".
Apr 20 17:30:05 witherspoon avahi-daemon[978]: Service name conflict for "sftp" (/services/sftp.service), retrying with "sftp #13".
Apr 20 17:30:05 witherspoon avahi-daemon[978]: Service name conflict for "phosphor_rest" (/services/phosphor_rest.service), retrying with "phosphor_rest #13".
Apr 20 17:30:06 witherspoon avahi-daemon[978]: Service name conflict for "phosphor_rest" (/services/phosphor_rest.service), retrying with "phosphor_rest #14".
Apr 20 17:30:06 witherspoon avahi-daemon[978]: Service name conflict for "obmc_console" (/services/obmc_console.service), retrying with "obmc_console #14".
Apr 20 17:30:06 witherspoon avahi-daemon[978]: Service name conflict for "sftp" (/services/sftp.service), retrying with "sftp #14".
Apr 20 17:30:07 witherspoon avahi-daemon[978]: Service name conflict for "phosphor_rest" (/services/phosphor_rest.service), retrying with "phosphor_rest #15".
Apr 20 17:30:07 witherspoon avahi-daemon[978]: Service name conflict for "sftp" (/services/sftp.service), retrying with "sftp #15".
Apr 20 17:30:07 witherspoon avahi-daemon[978]: Service name conflict for "obmc_console" (/services/obmc_console.service), retrying with "obmc_console #15".
Apr 20 17:30:11 witherspoon sensor_manager2.py[964]: Setting boot count to 3
Apr 20 17:30:11 witherspoon sensor_manager2.py[964]: Starting sensor manager
Apr 20 17:30:11 witherspoon systemd[1]: Started Phosphor Sensor Manager.
Apr 20 17:30:11 witherspoon chassis_control.py[987]: Running ChassisControlService
Apr 20 17:30:11 witherspoon systemd[1]: Started Phosphor Chassis0 Control.
Apr 20 17:30:11 witherspoon systemd[1]: Started Phosphor Download Manager.
Apr 20 17:30:11 witherspoon download_manager.py[981]: Running Download Manager
Apr 20 17:30:12 witherspoon systemd[1]: Started Phosphor Network Manager.
Apr 20 17:30:12 witherspoon netman.py[986]: Started
Apr 20 17:30:12 witherspoon inventory_items.py[985]: Loading from cache: /var/cache/obmc/org.openbmc.inventory.system.chassis.motherboard.apss@org.openbmc.InventoryItem.props
Apr 20 17:30:12 witherspoon inventory_items.py[985]: Loading from cache: /var/cache/obmc/org.openbmc.inventory.system.chassis.motherboard@org.openbmc.InventoryItem.props
Apr 20 17:30:12 witherspoon inventory_items.py[985]: Loading from cache: /var/cache/obmc/org.openbmc.inventory.system.chassis.motherboard.refclock@org.openbmc.InventoryItem.props
Apr 20 17:30:12 witherspoon inventory_items.py[985]: Loading from cache: /var/cache/obmc/org.openbmc.inventory.system.chassis.motherboard.todclock@org.openbmc.InventoryItem.props
Apr 20 17:30:13 witherspoon inventory_items.py[985]: Loading from cache: /var/cache/obmc/org.openbmc.inventory.system.chassis.motherboard.bmc@org.openbmc.InventoryItem.props
Apr 20 17:30:13 witherspoon inventory_items.py[985]: Caching: /org/openbmc/inventory/system/chassis/motherboard/bmc
Apr 20 17:30:13 witherspoon inventory_items.py[985]: Loading from cache: /var/cache/obmc/org.openbmc.inventory.system.chassis.motherboard.pcieclock@org.openbmc.InventoryItem.props
Apr 20 17:30:13 witherspoon systemd[1]: Started Phosphor Inventory Manager.
Apr 20 17:30:13 witherspoon inventory_items.py[985]: Running Inventory Manager
Apr 20 17:30:13 witherspoon phosphor-mapper[983]: ObjectMapper startup complete.  Discovery in progress...
Apr 20 17:30:14 witherspoon avahi-daemon[997]: ../../avahi-0.6.32/avahi-daemon/chroot.c: open() failed: No such file or directory
Apr 20 17:30:14 witherspoon avahi-daemon[978]: Failed to open /usr/share/dbus-1/interfaces/org.freedesktop.Avahi.Server.xml: Invalid argument
Apr 20 17:30:14 witherspoon avahi-daemon[978]: Failed to load introspection data.
Apr 20 17:30:15 witherspoon systemd[1]: Started Phosphor User Manager.
Apr 20 17:30:15 witherspoon obmc-phosphor-userd[977]: Started
Apr 20 17:30:26 witherspoon phosphor-mapper[983]: ObjectMapper discovery complete
Apr 20 17:30:26 witherspoon systemd[1]: Started Phosphor DBus Service Discovery Manager.
Apr 20 17:30:26 witherspoon systemd[1]: Reached target Phosphor Object Mapper.
Apr 20 17:30:26 witherspoon systemd[1]: Starting Phosphor Settings Manager...
Apr 20 17:30:26 witherspoon systemd[1]: Starting Wait for /org/openbmc/control/power0...
Apr 20 17:30:26 witherspoon systemd[1]: Starting Wait for /xyz/openbmc_project/state/chassis0...
Apr 20 17:30:26 witherspoon systemd[1]: Starting Wait for /org/openbmc/control/bmc0...
Apr 20 17:30:26 witherspoon systemd[1]: Starting Wait for /xyz/openbmc_project/control/host0...
Apr 20 17:30:26 witherspoon systemd[1]: Reached target Webserver (pre).
Apr 20 17:30:27 witherspoon systemd[1]: Started Phosphor Webserver.
Apr 20 17:30:27 witherspoon systemd[1]: Starting Wait for /org/openbmc/NetworkManager/Interface...
Apr 20 17:30:27 witherspoon systemd[1]: Starting Wait for /xyz/openbmc_project/led/groups/bmc_booted...
Apr 20 17:30:27 witherspoon systemd[1]: Starting Wait for /xyz/openbmc_project/inventory...
Apr 20 17:30:27 witherspoon systemd[1]: Starting Wait for /xyz/openbmc_project/led/groups...
Apr 20 17:30:27 witherspoon systemd[1]: Starting Phoshpor System Manager...
Apr 20 17:30:27 witherspoon systemd[1]: Starting Wait for /xyz/openbmc_project/state/host0...
Apr 20 17:30:27 witherspoon systemd[1]: Starting Wait for /org/openbmc/control/flash/bios...
Apr 20 17:30:27 witherspoon systemd[1]: Started Phosphor DBus Monitor.
Apr 20 17:30:27 witherspoon systemd[1]: Starting Phosphor Network Manager...
Apr 20 17:30:27 witherspoon systemd[1]: Starting Wait for /org/openbmc/managers/System...
Apr 20 17:30:27 witherspoon systemd[1]: Starting Wait for /org/openbmc/managers/Download...
Apr 20 17:30:27 witherspoon avahi-daemon[978]: Service name conflict for "phosphor_rest" (/services/phosphor_rest.service), retrying with "phosphor_rest #16".
Apr 20 17:30:27 witherspoon avahi-daemon[978]: Service name conflict for "obmc_console" (/services/obmc_console.service), retrying with "obmc_console #16".
Apr 20 17:30:27 witherspoon avahi-daemon[978]: Service name conflict for "sftp" (/services/sftp.service), retrying with "sftp #16".
Apr 20 17:30:28 witherspoon phosphor-network-manager[1028]: ConfigParser: Section not found
Apr 20 17:30:28 witherspoon phosphor-network-manager[1028]: The operation failed internally.
Apr 20 17:30:29 witherspoon systemd[1]: Started Wait for /org/openbmc/managers/Download.
Apr 20 17:30:29 witherspoon systemd[1]: Starting Phosphor BIOS Code Update...
Apr 20 17:30:29 witherspoon systemd[1]: Started Wait for /org/openbmc/control/bmc0.
Apr 20 17:30:29 witherspoon systemd[1]: Started Wait for /org/openbmc/NetworkManager/Interface.
Apr 20 17:30:29 witherspoon systemd[1]: Started Wait for /xyz/openbmc_project/led/groups/bmc_booted.
Apr 20 17:30:29 witherspoon systemd[1]: Started Wait for /xyz/openbmc_project/led/groups.
Apr 20 17:30:29 witherspoon systemd[1]: Started FRU Fault monitor service.
Apr 20 17:30:29 witherspoon systemd[1]: Starting Assert bmc_booted LED...
Apr 20 17:30:29 witherspoon systemd[1]: Started Phosphor DNS Settings Cache Manager.
Apr 20 17:30:29 witherspoon systemd[1]: Starting Phosphor BMC Code Update...
Apr 20 17:30:29 witherspoon systemd[1]: Started Wait for /xyz/openbmc_project/inventory.
Apr 20 17:30:29 witherspoon systemd[1]: Starting OpenPOWER OCC controller...
Apr 20 17:30:29 witherspoon systemd[1]: Starting Read OpenPOWER-format VPD from EEPROM...
Apr 20 17:30:29 witherspoon systemd[1]: Started Phosphor Cooling Type.
Apr 20 17:30:30 witherspoon systemd[1]: Started Assert bmc_booted LED.
Apr 20 17:30:31 witherspoon systemd[1]: Started Phosphor BIOS Code Update.
Apr 20 17:30:32 witherspoon systemd[1]: Started Wait for /org/openbmc/control/flash/bios.
Apr 20 17:30:32 witherspoon systemd[1]: Started Initialize BIOS Flash.
Apr 20 17:30:33 witherspoon phosphor-network-manager[1028]: ConfigParser: Section not found
Apr 20 17:30:33 witherspoon phosphor-network-manager[1028]: The operation failed internally.
Apr 20 17:30:33 witherspoon phosphor-network-manager[1028]: ConfigParser: Key not found
Apr 20 17:30:33 witherspoon phosphor-network-manager[1028]: The operation failed internally.
Apr 20 17:30:34 witherspoon phosphor-log-manager[984]: Failed to find metadata
Apr 20 17:30:34 witherspoon systemd[1]: Started OpenPOWER OCC controller.
Apr 20 17:30:34 witherspoon dbus[956]: [system] Activating via systemd: service name='org.freedesktop.hostname1' unit='dbus-org.freedesktop.hostname1.service'
Apr 20 17:30:34 witherspoon systemd[1]: Starting Hostname Service...
Apr 20 17:30:34 witherspoon systemd[1055]: systemd-hostnamed.service: Failed at step NETWORK spawning /lib/systemd/systemd-hostnamed: Invalid argument
Apr 20 17:30:34 witherspoon systemd[1]: systemd-hostnamed.service: Main process exited, code=exited, status=225/NETWORK
Apr 20 17:30:34 witherspoon systemd[1]: Failed to start Hostname Service.
Apr 20 17:30:34 witherspoon systemd[1]: systemd-hostnamed.service: Unit entered failed state.
Apr 20 17:30:34 witherspoon systemd[1]: systemd-hostnamed.service: Failed with result 'exit-code'.
Apr 20 17:30:36 witherspoon flash_bios.exe[1031]: Starting flasher: bios,,/org/openbmc/control/flash/bios,
Apr 20 17:30:36 witherspoon flash_bios.exe[1031]: flasher: , BMC = 1, address = 0x0
Apr 20 17:30:36 witherspoon flash_bios.exe[1031]: Setting up flash
Apr 20 17:30:37 witherspoon flash_bios.exe[1031]: Starting flasher: bios,,/org/openbmc/control/flash/bios,
Apr 20 17:30:37 witherspoon flash_bios.exe[1031]: flasher: , BMC = 1, address = 0x0
Apr 20 17:30:37 witherspoon flash_bios.exe[1031]: Setting up flash
Apr 20 17:30:39 witherspoon systemd[1]: Started Read OpenPOWER-format VPD from EEPROM.
Apr 20 17:30:41 witherspoon system_manager.py[1024]: Running System State: BASE_APPS
Apr 20 17:30:41 witherspoon system_manager.py[1024]: SystemManager Init Done
Apr 20 17:30:41 witherspoon system_manager.py[1024]: Running SystemManager
Apr 20 17:30:41 witherspoon systemd[1]: Started Phoshpor System Manager.
Apr 20 17:30:41 witherspoon system_manager.py[1024]: SystemManager Goto System State: BMC_STARTING
Apr 20 17:30:41 witherspoon system_manager.py[1024]: Running System State: BMC_STARTING
Apr 20 17:30:42 witherspoon systemd[1]: Started Wait for /org/openbmc/managers/System.
Apr 20 17:30:42 witherspoon systemd[1]: Starting Phosphor BMC State Manager...
Apr 20 17:30:42 witherspoon systemd[1]: Starting Phosphor Chassis State Manager...
Apr 20 17:30:42 witherspoon systemd[1]: Starting Phosphor Power0 Control...
Apr 20 17:30:42 witherspoon systemd[1]: Starting Phosphor Power Button0...
Apr 20 17:30:42 witherspoon systemd[1]: Starting Phosphor Reset Button0...
Apr 20 17:30:42 witherspoon systemd[1]: Starting Phosphor Host State Manager...
Apr 20 17:30:43 witherspoon settings_manager.py[1014]: Running HostSettingsService
Apr 20 17:30:43 witherspoon systemd[1]: Started Phosphor Settings Manager.
Apr 20 17:30:43 witherspoon systemd[1]: Starting Wait for /org/openbmc/settings/host0...
Apr 20 17:30:44 witherspoon bmc_update.py[1041]: Running Bmc Flash Control
Apr 20 17:30:44 witherspoon systemd[1]: Started Phosphor BMC Code Update.
Apr 20 17:30:44 witherspoon phosphor-chassis-state-manager[1070]: Initial Chassis State will be Off
Apr 20 17:30:44 witherspoon systemd[1]: Started Phosphor Chassis State Manager.
Apr 20 17:30:44 witherspoon phosphor-host-state-manager[1074]: Initial Host State will be Off
Apr 20 17:30:44 witherspoon phosphor-bmc-state-manager[1069]: Setting the BMCState field
Apr 20 17:30:44 witherspoon phosphor-bmc-state-manager[1069]: Setting the BMCState field
Apr 20 17:30:45 witherspoon system_manager.py[1024]: New object: /org/openbmc/control/power0 (:1.72)
Apr 20 17:30:45 witherspoon systemd[1]: Started Phosphor Host State Manager.
Apr 20 17:30:45 witherspoon systemd[1]: Started Phosphor BMC State Manager.
Apr 20 17:30:45 witherspoon system_manager.py[1024]: Power GPIO config: ['SYS_PWROK_BUFF', '', [('SOFTWARE_PGOOD', True), ('BMC_POWER_UP', True)], [('BMC_CP0_RESET_N', False)], [], 'FSI_DATA', 'FSI_CLK', 'FSI_ENABLE', 'CRONUS_SEL', []]
Apr 20 17:30:45 witherspoon power_control.exe[1071]: Power GPIO latch output:
Apr 20 17:30:45 witherspoon power_control.exe[1071]: Power GPIO power good input: SYS_PWROK_BUFF
Apr 20 17:30:45 witherspoon power_control.exe[1071]: Power GPIO 2 power_up outputs
Apr 20 17:30:45 witherspoon power_control.exe[1071]: Power GPIO power_up[0] = SOFTWARE_PGOOD active HIGH
Apr 20 17:30:45 witherspoon power_control.exe[1071]: Power GPIO power_up[1] = BMC_POWER_UP active HIGH
Apr 20 17:30:45 witherspoon power_control.exe[1071]: Power GPIO 1 reset outputs
Apr 20 17:30:45 witherspoon power_control.exe[1071]: Power GPIO reset[0] = BMC_CP0_RESET_N active LOW
Apr 20 17:30:45 witherspoon power_control.exe[1071]: Power GPIO 0 pci reset outputs
Apr 20 17:30:45 witherspoon power_control.exe[1071]: FSI DATA GPIO: FSI_DATA
Apr 20 17:30:45 witherspoon power_control.exe[1071]: FSI CLK GPIO: FSI_CLK
Apr 20 17:30:45 witherspoon power_control.exe[1071]: FSI ENABLE GPIO: FSI_ENABLE
Apr 20 17:30:45 witherspoon power_control.exe[1071]: CRONUS SEL GPIO: CRONUS_SEL
Apr 20 17:30:45 witherspoon power_control.exe[1071]: Hostctl GPIO optionals: 0
Apr 20 17:30:45 witherspoon button_power.exe[1072]: GPIO Lookup:  POWER_BUTTON = 347,both
Apr 20 17:30:45 witherspoon systemd[1]: Started Phosphor Reset Button0.
Apr 20 17:30:45 witherspoon button_reset.exe[1073]: GPIO Lookup:  RESET_BUTTON = 353,both
Apr 20 17:30:45 witherspoon systemd[1]: Started Phosphor Power Button0.
Apr 20 17:30:45 witherspoon power_control.exe[1071]: GPIO Lookup:  SYS_PWROK_BUFF = 306,in
Apr 20 17:30:46 witherspoon power_control.exe[1071]: GPIO Lookup:  SOFTWARE_PGOOD = 417,out
Apr 20 17:30:46 witherspoon power_control.exe[1071]: GPIO Lookup:  BMC_POWER_UP = 305,out
Apr 20 17:30:46 witherspoon power_control.exe[1071]: GPIO Lookup:  BMC_CP0_RESET_N = 281,out
Apr 20 17:30:46 witherspoon power_control.exe[1071]: Pgood state: 0
Apr 20 17:30:46 witherspoon systemd[1]: Started Phosphor Power0 Control.
Apr 20 17:30:46 witherspoon systemd[1]: Started Wait for /org/openbmc/settings/host0.
Apr 20 17:30:46 witherspoon systemd[1]: Started Phosphor Inband IPMI.
Apr 20 17:30:47 witherspoon avahi-daemon[978]: Service name conflict for "sftp" (/services/sftp.service), retrying with "sftp #17".
Apr 20 17:30:47 witherspoon avahi-daemon[978]: Service name conflict for "obmc_console" (/services/obmc_console.service), retrying with "obmc_console #17".
Apr 20 17:30:47 witherspoon avahi-daemon[978]: Service name conflict for "phosphor_rest" (/services/phosphor_rest.service), retrying with "phosphor_rest #17".
Apr 20 17:30:51 witherspoon systemd[1]: Started Wait for /xyz/openbmc_project/state/chassis0.
Apr 20 17:30:52 witherspoon systemd[1]: Started Wait for /xyz/openbmc_project/state/host0.
Apr 20 17:30:52 witherspoon systemd[1]: Starting Reboot If Enabled...
Apr 20 17:30:52 witherspoon system_manager.py[1024]: SystemManager Goto System State: BMC_READY
Apr 20 17:30:52 witherspoon system_manager.py[1024]: Running System State: BMC_READY
Apr 20 17:30:52 witherspoon systemd[1]: Started Wait for /org/openbmc/control/power0.
Apr 20 17:30:52 witherspoon systemd[1]: Starting Check Chassis0 pgood and create a file to indicate it...
Apr 20 17:30:52 witherspoon systemd[1]: Starting Phosphor Time Manager daemon...
Apr 20 17:30:53 witherspoon timemanager[1105]: Registering dbus methods
Apr 20 17:30:53 witherspoon timemanager[1105]: Last known time_mode: NTP
Apr 20 17:30:53 witherspoon timemanager[1105]: Last known time_owner: BMC
Apr 20 17:30:53 witherspoon timemanager[1105]: Empty DhcpNtp string
Apr 20 17:30:53 witherspoon timemanager[1105]: Reading Power Control key: pgood
Apr 20 17:30:53 witherspoon timemanager[1105]: Changing settings *allowed* now
Apr 20 17:30:53 witherspoon timemanager[1105]: Getting System Settings: time_mode
Apr 20 17:30:54 witherspoon phosphor-discover-system-state[1101]: Host power is off, checking power policy
Apr 20 17:30:54 witherspoon systemd[1]: Started Reboot If Enabled.
Apr 20 17:30:54 witherspoon systemd[1]: Started Check Chassis0 pgood and create a file to indicate it.
Apr 20 17:30:54 witherspoon systemd[1]: Reached target Chassis0 power on after reset.
Apr 20 17:30:54 witherspoon systemd[1]: Reached target Chassis0 (Reset Check).
Apr 20 17:30:54 witherspoon timemanager[1105]: Requested_Mode: NTP Current_Mode: NTP
Apr 20 17:30:54 witherspoon timemanager[1105]: Mode is already set to : NTP
Apr 20 17:30:54 witherspoon timemanager[1105]: Getting System Settings: time_owner
Apr 20 17:30:54 witherspoon systemd[1]: Started Wait for /xyz/openbmc_project/control/host0.
Apr 20 17:30:54 witherspoon systemd[1]: Reached target Host0 running after reset.
Apr 20 17:30:54 witherspoon systemd[1]: Reached target Host0 (Reset Check).
Apr 20 17:30:54 witherspoon systemd[1]: Started Phosphor Time Manager daemon.
Apr 20 17:30:55 witherspoon timemanager[1105]: Owner is already set to : BMC
Apr 20 17:30:55 witherspoon timemanager[1105]: Getting System Settings: use_dhcp_ntp
Apr 20 17:30:55 witherspoon timemanager[1105]: use_dhcp_ntp = yes
Apr 20 17:30:55 witherspoon timemanager[1105]: Last known host_offset:0
Apr 20 17:30:55 witherspoon timemanager[1105]: Initial Uptime Usec: 1492709349214189
Apr 20 17:30:59 witherspoon phosphor-network-manager[1028]: Failed to get hostname
Apr 20 17:30:59 witherspoon phosphor-network-manager[1028]: The operation failed internally.
Apr 20 17:30:59 witherspoon dbus[956]: [system] Failed to activate service 'org.freedesktop.hostname1': timed out
Apr 20 17:30:59 witherspoon phosphor-log-manager[984]: Failed to find metadata
Apr 20 17:30:59 witherspoon systemd[1]: Started Phosphor Network Manager.
Apr 20 17:30:59 witherspoon systemd[1]: Reached target Phosphor System - Standby.
Apr 20 17:30:59 witherspoon systemd[1]: Startup finished in 8.531s (kernel) + 1min 41.724s (userspace) = 1min 50.255s.
Apr 20 17:30:59 witherspoon phosphor-bmc-state-manager[1069]: BMC_READY
Apr 20 17:30:59 witherspoon phosphor-bmc-state-manager[1069]: Setting the BMCState field
Apr 20 17:31:02 witherspoon phosphor-gevent[1019]: Traceback (most recent call last):
Apr 20 17:31:02 witherspoon phosphor-gevent[1019]:   File "/usr/lib/python2.7/site-packages/gevent/greenlet.py", line 327, in run
Apr 20 17:31:02 witherspoon phosphor-gevent[1019]:     result = self._run(*self.args, **self.kwargs)
Apr 20 17:31:02 witherspoon phosphor-gevent[1019]:   File "/usr/lib/python2.7/site-packages/gevent/server.py", line 102, in wrap_socket_and_handle
Apr 20 17:31:02 witherspoon phosphor-gevent[1019]:     ssl_socket = self.wrap_socket(client_socket, **self.ssl_args)
Apr 20 17:31:02 witherspoon phosphor-gevent[1019]:   File "/usr/lib/python2.7/site-packages/gevent/ssl.py", line 404, in wrap_socket
Apr 20 17:31:02 witherspoon phosphor-gevent[1019]:     ciphers=ciphers)
Apr 20 17:31:02 witherspoon phosphor-gevent[1019]:   File "/usr/lib/python2.7/site-packages/gevent/ssl.py", line 113, in __init__
Apr 20 17:31:02 witherspoon phosphor-gevent[1019]:     self.do_handshake()
Apr 20 17:31:02 witherspoon phosphor-gevent[1019]:   File "/usr/lib/python2.7/site-packages/gevent/ssl.py", line 324, in do_handshake
Apr 20 17:31:02 witherspoon phosphor-gevent[1019]:     return self._sslobj.do_handshake()
Apr 20 17:31:02 witherspoon phosphor-gevent[1019]: SSLEOFError: EOF occurred in violation of protocol (_ssl.c:590)
Apr 20 17:31:02 witherspoon phosphor-gevent[1019]: <Greenlet at 0x760033f0: <bound method WSGIServer.wrap_socket_and_handle of <WSGIServer at 0x75fd9b50 fileno=5 address=('::34d2:ee76:b0ad:6476%1986309536', 443, 0, 1986309536)>>(<socket at 0x75eb0830 fileno=9>, ('::80b9:6276:8e91:f402%1995291420', 49860, 0, 199)> failed with SSLEOFError
Apr 20 17:31:02 witherspoon phosphor-gevent[1019]: Traceback (most recent call last):
Apr 20 17:31:02 witherspoon phosphor-gevent[1019]:   File "/usr/lib/python2.7/site-packages/gevent/greenlet.py", line 327, in run
Apr 20 17:31:02 witherspoon phosphor-gevent[1019]:     result = self._run(*self.args, **self.kwargs)
Apr 20 17:31:02 witherspoon phosphor-gevent[1019]:   File "/usr/lib/python2.7/site-packages/gevent/server.py", line 102, in wrap_socket_and_handle
Apr 20 17:31:02 witherspoon phosphor-gevent[1019]:     ssl_socket = self.wrap_socket(client_socket, **self.ssl_args)
Apr 20 17:31:02 witherspoon phosphor-gevent[1019]:   File "/usr/lib/python2.7/site-packages/gevent/ssl.py", line 404, in wrap_socket
Apr 20 17:31:02 witherspoon phosphor-gevent[1019]:     ciphers=ciphers)
Apr 20 17:31:02 witherspoon phosphor-gevent[1019]:   File "/usr/lib/python2.7/site-packages/gevent/ssl.py", line 113, in __init__
Apr 20 17:31:02 witherspoon phosphor-gevent[1019]:     self.do_handshake()
Apr 20 17:31:02 witherspoon phosphor-gevent[1019]:   File "/usr/lib/python2.7/site-packages/gevent/ssl.py", line 324, in do_handshake
Apr 20 17:31:02 witherspoon phosphor-gevent[1019]:     return self._sslobj.do_handshake()
Apr 20 17:31:02 witherspoon phosphor-gevent[1019]: SSLEOFError: EOF occurred in violation of protocol (_ssl.c:590)
Apr 20 17:31:02 witherspoon phosphor-gevent[1019]: <Greenlet at 0x760036c0: <bound method WSGIServer.wrap_socket_and_handle of <WSGIServer at 0x75fd9b50 fileno=5 address=('::34d2:ee76:b0ad:6476%1986309536', 443, 0, 1986309536)>>(<socket at 0x75eb07d0 fileno=10>, ('::80b9:6276:8e91:f402%1995291420', 49862, 0, 199)> failed with SSLEOFError
Apr 20 17:31:02 witherspoon phosphor-gevent[1019]: Traceback (most recent call last):
Apr 20 17:31:02 witherspoon phosphor-gevent[1019]:   File "/usr/lib/python2.7/site-packages/gevent/greenlet.py", line 327, in run
Apr 20 17:31:02 witherspoon phosphor-gevent[1019]:     result = self._run(*self.args, **self.kwargs)
Apr 20 17:31:02 witherspoon phosphor-gevent[1019]:   File "/usr/lib/python2.7/site-packages/gevent/server.py", line 102, in wrap_socket_and_handle
Apr 20 17:31:02 witherspoon phosphor-gevent[1019]:     ssl_socket = self.wrap_socket(client_socket, **self.ssl_args)
Apr 20 17:31:02 witherspoon phosphor-gevent[1019]:   File "/usr/lib/python2.7/site-packages/gevent/ssl.py", line 404, in wrap_socket
Apr 20 17:31:02 witherspoon phosphor-gevent[1019]:     ciphers=ciphers)
Apr 20 17:31:02 witherspoon phosphor-gevent[1019]:   File "/usr/lib/python2.7/site-packages/gevent/ssl.py", line 113, in __init__
Apr 20 17:31:02 witherspoon phosphor-gevent[1019]:     self.do_handshake()
Apr 20 17:31:02 witherspoon phosphor-gevent[1019]:   File "/usr/lib/python2.7/site-packages/gevent/ssl.py", line 324, in do_handshake
Apr 20 17:31:02 witherspoon phosphor-gevent[1019]:     return self._sslobj.do_handshake()
Apr 20 17:31:02 witherspoon phosphor-gevent[1019]: SSLEOFError: EOF occurred in violation of protocol (_ssl.c:590)
Apr 20 17:31:02 witherspoon phosphor-gevent[1019]: <Greenlet at 0x760033a0: <bound method WSGIServer.wrap_socket_and_handle of <WSGIServer at 0x75fd9b50 fileno=5 address=('::34d2:ee76:b0ad:6476%1986309536', 443, 0, 1986309536)>>(<socket at 0x75eb0870 fileno=11>, ('::80b9:6276:8e91:f402%1995291420', 49864, 0, 199)> failed with SSLEOFError
Apr 20 17:31:07 witherspoon avahi-daemon[978]: Service name conflict for "obmc_console" (/services/obmc_console.service), retrying with "obmc_console #18".
Apr 20 17:31:07 witherspoon avahi-daemon[978]: Service name conflict for "sftp" (/services/sftp.service), retrying with "sftp #18".
Apr 20 17:31:07 witherspoon avahi-daemon[978]: Service name conflict for "phosphor_rest" (/services/phosphor_rest.service), retrying with "phosphor_rest #18".
Apr 20 17:31:14 witherspoon phosphor-gevent[1019]: ::80b9:6276:8e91:f402%1995291420 - - [2017-04-20 17:31:14] "POST /login HTTP/1.1" 200 320 0.070726
Apr 20 17:31:14 witherspoon phosphor-gevent[1019]: ::80b9:6276:8e91:f402%1995291420 - - [2017-04-20 17:31:14] "GET /xyz/openbmc_project/state/chassis0//attr/CurrentPowerState HTTP/1.1" 200 216 0.059210
Apr 20 17:31:14 witherspoon phosphor-gevent[1019]: ::80b9:6276:8e91:f402%1995291420 - - [2017-04-20 17:31:14] "POST /login HTTP/1.1" 200 320 0.033038
Apr 20 17:31:14 witherspoon phosphor-gevent[1019]: ::80b9:6276:8e91:f402%1995291420 - - [2017-04-20 17:31:14] "GET /xyz/openbmc_project/state/chassis0//attr/CurrentPowerState HTTP/1.1" 200 216 0.049591
Apr 20 17:31:14 witherspoon phosphor-gevent[1019]: ::80b9:6276:8e91:f402%1995291420 - - [2017-04-20 17:31:14] "POST /login HTTP/1.1" 200 320 0.033648
Apr 20 17:31:15 witherspoon phosphor-gevent[1019]: ::80b9:6276:8e91:f402%1995291420 - - [2017-04-20 17:31:15] "GET /org/openbmc/sensors/host/BootProgress/attr/value HTTP/1.1" 200 170 0.063378
Apr 20 17:31:15 witherspoon phosphor-gevent[1019]: ::80b9:6276:8e91:f402%1995291420 - - [2017-04-20 17:31:15] "POST /login HTTP/1.1" 200 320 0.032657
Apr 20 17:31:15 witherspoon phosphor-gevent[1019]: ::80b9:6276:8e91:f402%1995291420 - - [2017-04-20 17:31:15] "GET /xyz/openbmc_project/state/host0//attr/CurrentHostState HTTP/1.1" 200 212 0.049388
Apr 20 17:31:15 witherspoon phosphor-gevent[1019]: ::80b9:6276:8e91:f402%1995291420 - - [2017-04-20 17:31:15] "POST /login HTTP/1.1" 200 320 0.032873
Apr 20 17:31:15 witherspoon phosphor-gevent[1019]: ::80b9:6276:8e91:f402%1995291420 - - [2017-04-20 17:31:15] "GET /xyz/openbmc_project/logging/entry//list HTTP/1.1" 200 259 0.049080
Apr 20 17:31:15 witherspoon phosphor-gevent[1019]: ::80b9:6276:8e91:f402%1995291420 - - [2017-04-20 17:31:15] "POST /login HTTP/1.1" 200 320 0.032795
Apr 20 17:31:15 witherspoon phosphor-gevent[1019]: ::80b9:6276:8e91:f402%1995291420 - - [2017-04-20 17:31:15] "GET /xyz/openbmc_project/logging/entry//list HTTP/1.1" 200 259 0.041248
Apr 20 17:31:16 witherspoon phosphor-gevent[1019]: ::80b9:6276:8e91:f402%1995291420 - - [2017-04-20 17:31:16] "POST /login HTTP/1.1" 200 320 0.033421
Apr 20 17:31:16 witherspoon phosphor-gevent[1019]: ::80b9:6276:8e91:f402%1995291420 - - [2017-04-20 17:31:16] "DELETE /xyz/openbmc_project/logging/entry/1 HTTP/1.1" 200 169 0.102685
Apr 20 17:31:16 witherspoon phosphor-gevent[1019]: ::80b9:6276:8e91:f402%1995291420 - - [2017-04-20 17:31:16] "POST /login HTTP/1.1" 200 320 0.042123
Apr 20 17:31:16 witherspoon phosphor-gevent[1019]: ::80b9:6276:8e91:f402%1995291420 - - [2017-04-20 17:31:16] "DELETE /xyz/openbmc_project/logging/entry/2 HTTP/1.1" 200 169 0.076436
Apr 20 17:31:16 witherspoon systemd[1]: Started SSH Per-Connection Server (9.41.165.94:33770).
Apr 20 17:31:16 witherspoon dropbear[1120]: Failed loading /etc/dropbear/dropbear_dss_host_key
Apr 20 17:31:16 witherspoon dropbear[1120]: Failed loading /etc/dropbear/dropbear_ecdsa_host_key
Apr 20 17:31:16 witherspoon dropbear[1120]: Child connection from ::ffff:9.41.165.94:33770
Apr 20 17:31:17 witherspoon dropbear[1120]: pam_unix(dropbear:account): account root has password changed in future
Apr 20 17:31:17 witherspoon dropbear[1120]: PAM password auth succeeded for 'root' from ::ffff:9.41.165.94:33770
Apr 20 17:31:17 witherspoon dropbear[1121]: lastlog_perform_login: Couldn't stat /var/log/lastlog: No such file or directory
Apr 20 17:31:17 witherspoon dropbear[1121]: lastlog_openseek: /var/log/lastlog is not a file or directory!
Apr 20 17:31:18 witherspoon phosphor-gevent[1019]: ::80b9:6276:8e91:f402%1995291420 - - [2017-04-20 17:31:18] "POST /login HTTP/1.1" 200 320 0.034027
Apr 20 17:31:18 witherspoon phosphor-gevent[1019]: ::80b9:6276:8e91:f402%1995291420 - - [2017-04-20 17:31:18] "GET /xyz/openbmc_project/state/host0//attr/CurrentHostState HTTP/1.1" 200 212 0.056158
Apr 20 17:31:19 witherspoon dropbear[1006]: Exit (root): Exited normally
Apr 20 17:31:19 witherspoon dropbear[1120]: Exit (root): Exited normally
Apr 20 17:31:21 witherspoon systemd[1]: Started SSH Per-Connection Server (9.41.165.94:33774).
Apr 20 17:31:21 witherspoon dropbear[1131]: Failed loading /etc/dropbear/dropbear_dss_host_key
Apr 20 17:31:21 witherspoon dropbear[1131]: Failed loading /etc/dropbear/dropbear_ecdsa_host_key
Apr 20 17:31:22 witherspoon dropbear[1131]: Child connection from ::ffff:9.41.165.94:33774
Apr 20 17:31:22 witherspoon dropbear[1131]: pam_unix(dropbear:account): account root has password changed in future
Apr 20 17:31:22 witherspoon dropbear[1131]: PAM password auth succeeded for 'root' from ::ffff:9.41.165.94:33774
Apr 20 17:31:22 witherspoon dropbear[1132]: lastlog_perform_login: Couldn't stat /var/log/lastlog: No such file or directory
Apr 20 17:31:22 witherspoon dropbear[1132]: lastlog_openseek: /var/log/lastlog is not a file or directory!
Apr 20 17:31:23 witherspoon phosphor-gevent[1019]: ::80b9:6276:8e91:f402%1995291420 - - [2017-04-20 17:31:23] "POST /login HTTP/1.1" 200 320 0.033087
Apr 20 17:31:23 witherspoon phosphor-gevent[1019]: ::80b9:6276:8e91:f402%1995291420 - - [2017-04-20 17:31:23] "PUT /org/openbmc/settings/host0/attr/power_policy HTTP/1.1" 200 169 0.208459
Apr 20 17:31:23 witherspoon phosphor-gevent[1019]: ::80b9:6276:8e91:f402%1995291420 - - [2017-04-20 17:31:23] "POST /login HTTP/1.1" 200 320 0.037047
Apr 20 17:31:23 witherspoon phosphor-gevent[1019]: ::80b9:6276:8e91:f402%1995291420 - - [2017-04-20 17:31:23] "GET /org/openbmc/settings/host0/attr/power_policy HTTP/1.1" 200 185 0.081091
Apr 20 17:31:24 witherspoon phosphor-gevent[1019]: ::80b9:6276:8e91:f402%1995291420 - - [2017-04-20 17:31:24] "POST /login HTTP/1.1" 200 320 0.035935
Apr 20 17:31:24 witherspoon phosphor-gevent[1019]: ::80b9:6276:8e91:f402%1995291420 - - [2017-04-20 17:31:24] "GET /xyz/openbmc_project/state/chassis0//attr/CurrentPowerState HTTP/1.1" 200 216 0.055623
Apr 20 17:31:24 witherspoon phosphor-gevent[1019]: ::80b9:6276:8e91:f402%1995291420 - - [2017-04-20 17:31:24] "POST /login HTTP/1.1" 200 320 0.038101
Apr 20 17:31:24 witherspoon phosphor-gevent[1019]: ::80b9:6276:8e91:f402%1995291420 - - [2017-04-20 17:31:24] "GET /xyz/openbmc_project/state/bmc0//attr/CurrentBMCState HTTP/1.1" 200 212 0.064946
Apr 20 17:31:24 witherspoon phosphor-gevent[1019]: ::80b9:6276:8e91:f402%1995291420 - - [2017-04-20 17:31:24] "POST /login HTTP/1.1" 200 320 0.032728
Apr 20 17:31:24 witherspoon phosphor-gevent[1019]: ::80b9:6276:8e91:f402%1995291420 - - [2017-04-20 17:31:24] "GET /org/openbmc/sensors/host/BootProgress/attr/value HTTP/1.1" 200 170 0.086310
Apr 20 17:31:25 witherspoon phosphor-gevent[1019]: ::80b9:6276:8e91:f402%1995291420 - - [2017-04-20 17:31:25] "POST /login HTTP/1.1" 200 320 0.032670
Apr 20 17:31:25 witherspoon phosphor-gevent[1019]: ::80b9:6276:8e91:f402%1995291420 - - [2017-04-20 17:31:25] "GET /xyz/openbmc_project/state/host0//attr/CurrentHostState HTTP/1.1" 200 212 0.049490
Apr 20 17:31:25 witherspoon phosphor-gevent[1019]: ::80b9:6276:8e91:f402%1995291420 - - [2017-04-20 17:31:25] "POST /login HTTP/1.1" 200 320 0.032835
Apr 20 17:31:25 witherspoon phosphor-gevent[1019]: ::80b9:6276:8e91:f402%1995291420 - - [2017-04-20 17:31:25] "GET /xyz/openbmc_project/logging/entry//list HTTP/1.1" 404 311 0.029720
Apr 20 17:31:25 witherspoon systemd[1]: Started SSH Per-Connection Server (9.41.165.94:33790).
Apr 20 17:31:25 witherspoon dropbear[1138]: Failed loading /etc/dropbear/dropbear_dss_host_key
Apr 20 17:31:25 witherspoon dropbear[1138]: Failed loading /etc/dropbear/dropbear_ecdsa_host_key
Apr 20 17:31:25 witherspoon dropbear[1138]: Child connection from ::ffff:9.41.165.94:33790
Apr 20 17:31:26 witherspoon dropbear[1138]: pam_unix(dropbear:account): account root has password changed in future
Apr 20 17:31:26 witherspoon dropbear[1138]: PAM password auth succeeded for 'root' from ::ffff:9.41.165.94:33790
Apr 20 17:31:27 witherspoon avahi-daemon[978]: Service name conflict for "phosphor_rest" (/services/phosphor_rest.service), retrying with "phosphor_rest #19".
Apr 20 17:31:27 witherspoon avahi-daemon[978]: Service name conflict for "sftp" (/services/sftp.service), retrying with "sftp #19".
Apr 20 17:31:27 witherspoon avahi-daemon[978]: Service name conflict for "obmc_console" (/services/obmc_console.service), retrying with "obmc_console #19".
Apr 20 17:31:47 witherspoon avahi-daemon[978]: Service name conflict for "sftp" (/services/sftp.service), retrying with "sftp #20".
Apr 20 17:31:47 witherspoon avahi-daemon[978]: Service name conflict for "phosphor_rest" (/services/phosphor_rest.service), retrying with "phosphor_rest #20".
Apr 20 17:31:47 witherspoon avahi-daemon[978]: Service name conflict for "obmc_console" (/services/obmc_console.service), retrying with "obmc_console #20".
Apr 20 17:31:55 witherspoon phosphor-gevent[1019]: ::80b9:6276:8e91:f402%1995291420 - - [2017-04-20 17:31:55] "POST /login HTTP/1.1" 200 320 0.045682
Apr 20 17:31:55 witherspoon phosphor-gevent[1019]: ::80b9:6276:8e91:f402%1995291420 - - [2017-04-20 17:31:55] "POST /org/openbmc/control/flash/bios//action/update HTTP/1.1" 200 169 0.214323
Apr 20 17:31:55 witherspoon flash_bios.exe[1031]: Starting flasher: bios,/tmp/witherspoon_910_golden.pnor,/org/openbmc/control/flash/bios,
Apr 20 17:31:55 witherspoon flash_bios.exe[1031]: flasher: /tmp/witherspoon_910_golden.pnor, BMC = 1, address = 0x0
Apr 20 17:31:55 witherspoon flash_bios.exe[1031]: Setting up flash
Apr 20 17:31:55 witherspoon phosphor-gevent[1019]: ::80b9:6276:8e91:f402%1995291420 - - [2017-04-20 17:31:55] "POST /login HTTP/1.1" 200 320 0.034232
Apr 20 17:31:56 witherspoon phosphor-gevent[1019]: ::80b9:6276:8e91:f402%1995291420 - - [2017-04-20 17:31:56] "GET /org/openbmc/control/flash/bios HTTP/1.1" 200 397 0.187632
Apr 20 17:31:56 witherspoon phosphor-gevent[1019]: ::80b9:6276:8e91:f402%1995291420 - - [2017-04-20 17:31:56] "POST /login HTTP/1.1" 200 320 0.033043
Apr 20 17:31:56 witherspoon phosphor-gevent[1019]: ::80b9:6276:8e91:f402%1995291420 - - [2017-04-20 17:31:56] "GET /org/openbmc/control/flash/bios HTTP/1.1" 200 397 0.215083
Apr 20 17:32:06 witherspoon phosphor-gevent[1019]: ::80b9:6276:8e91:f402%1995291420 - - [2017-04-20 17:32:06] "POST /login HTTP/1.1" 200 320 0.033310
Apr 20 17:32:06 witherspoon phosphor-gevent[1019]: ::80b9:6276:8e91:f402%1995291420 - - [2017-04-20 17:32:06] "GET /org/openbmc/control/flash/bios HTTP/1.1" 200 397 0.067430
Apr 20 17:32:08 witherspoon avahi-daemon[978]: Service name conflict for "sftp" (/services/sftp.service), retrying with "sftp #21".
Apr 20 17:32:08 witherspoon avahi-daemon[978]: Service name conflict for "obmc_console" (/services/obmc_console.service), retrying with "obmc_console #21".
Apr 20 17:32:08 witherspoon avahi-daemon[978]: Service name conflict for "phosphor_rest" (/services/phosphor_rest.service), retrying with "phosphor_rest #21".
Apr 20 17:32:17 witherspoon phosphor-gevent[1019]: ::80b9:6276:8e91:f402%1995291420 - - [2017-04-20 17:32:17] "POST /login HTTP/1.1" 200 320 0.033072
Apr 20 17:32:17 witherspoon phosphor-gevent[1019]: ::80b9:6276:8e91:f402%1995291420 - - [2017-04-20 17:32:17] "GET /org/openbmc/control/flash/bios HTTP/1.1" 200 397 0.067866
Apr 20 17:32:27 witherspoon phosphor-gevent[1019]: ::80b9:6276:8e91:f402%1995291420 - - [2017-04-20 17:32:27] "POST /login HTTP/1.1" 200 320 0.033007
Apr 20 17:32:27 witherspoon phosphor-gevent[1019]: ::80b9:6276:8e91:f402%1995291420 - - [2017-04-20 17:32:27] "GET /org/openbmc/control/flash/bios HTTP/1.1" 200 397 0.067417
Apr 20 17:32:29 witherspoon avahi-daemon[978]: Service name conflict for "phosphor_rest" (/services/phosphor_rest.service), retrying with "phosphor_rest #22".
Apr 20 17:32:29 witherspoon avahi-daemon[978]: Service name conflict for "obmc_console" (/services/obmc_console.service), retrying with "obmc_console #22".
Apr 20 17:32:29 witherspoon avahi-daemon[978]: Service name conflict for "sftp" (/services/sftp.service), retrying with "sftp #22".
Apr 20 17:32:37 witherspoon phosphor-gevent[1019]: ::80b9:6276:8e91:f402%1995291420 - - [2017-04-20 17:32:37] "POST /login HTTP/1.1" 200 320 0.032792
Apr 20 17:32:37 witherspoon phosphor-gevent[1019]: ::80b9:6276:8e91:f402%1995291420 - - [2017-04-20 17:32:37] "GET /org/openbmc/control/flash/bios HTTP/1.1" 200 397 0.067481
Apr 20 17:32:48 witherspoon phosphor-gevent[1019]: ::80b9:6276:8e91:f402%1995291420 - - [2017-04-20 17:32:48] "POST /login HTTP/1.1" 200 320 0.032853
Apr 20 17:32:48 witherspoon phosphor-gevent[1019]: ::80b9:6276:8e91:f402%1995291420 - - [2017-04-20 17:32:48] "GET /org/openbmc/control/flash/bios HTTP/1.1" 200 397 0.068092
Apr 20 17:32:50 witherspoon avahi-daemon[978]: Service name conflict for "sftp" (/services/sftp.service), retrying with "sftp #23".
Apr 20 17:32:50 witherspoon avahi-daemon[978]: Service name conflict for "phosphor_rest" (/services/phosphor_rest.service), retrying with "phosphor_rest #23".
Apr 20 17:32:50 witherspoon avahi-daemon[978]: Service name conflict for "obmc_console" (/services/obmc_console.service), retrying with "obmc_console #23".
Apr 20 17:32:58 witherspoon phosphor-gevent[1019]: ::80b9:6276:8e91:f402%1995291420 - - [2017-04-20 17:32:58] "POST /login HTTP/1.1" 200 320 0.040121
Apr 20 17:32:58 witherspoon phosphor-gevent[1019]: ::80b9:6276:8e91:f402%1995291420 - - [2017-04-20 17:32:58] "GET /org/openbmc/control/flash/bios HTTP/1.1" 200 397 0.071711
Apr 20 17:33:09 witherspoon phosphor-gevent[1019]: ::80b9:6276:8e91:f402%1995291420 - - [2017-04-20 17:33:09] "POST /login HTTP/1.1" 200 320 0.033413
Apr 20 17:33:09 witherspoon phosphor-gevent[1019]: ::80b9:6276:8e91:f402%1995291420 - - [2017-04-20 17:33:09] "GET /org/openbmc/control/flash/bios HTTP/1.1" 200 397 0.067798
Apr 20 17:33:11 witherspoon avahi-daemon[978]: Service name conflict for "obmc_console" (/services/obmc_console.service), retrying with "obmc_console #24".
Apr 20 17:33:11 witherspoon avahi-daemon[978]: Service name conflict for "phosphor_rest" (/services/phosphor_rest.service), retrying with "phosphor_rest #24".
Apr 20 17:33:11 witherspoon avahi-daemon[978]: Service name conflict for "sftp" (/services/sftp.service), retrying with "sftp #24".
Apr 20 17:33:19 witherspoon phosphor-gevent[1019]: ::80b9:6276:8e91:f402%1995291420 - - [2017-04-20 17:33:19] "POST /login HTTP/1.1" 200 320 0.033232
Apr 20 17:33:19 witherspoon phosphor-gevent[1019]: ::80b9:6276:8e91:f402%1995291420 - - [2017-04-20 17:33:19] "GET /org/openbmc/control/flash/bios HTTP/1.1" 200 397 0.067358
Apr 20 17:33:30 witherspoon phosphor-gevent[1019]: ::80b9:6276:8e91:f402%1995291420 - - [2017-04-20 17:33:30] "POST /login HTTP/1.1" 200 320 0.033486
Apr 20 17:33:30 witherspoon phosphor-gevent[1019]: ::80b9:6276:8e91:f402%1995291420 - - [2017-04-20 17:33:30] "GET /org/openbmc/control/flash/bios HTTP/1.1" 200 397 0.067074
Apr 20 17:33:32 witherspoon avahi-daemon[978]: Service name conflict for "phosphor_rest" (/services/phosphor_rest.service), retrying with "phosphor_rest #25".
Apr 20 17:33:32 witherspoon avahi-daemon[978]: Service name conflict for "sftp" (/services/sftp.service), retrying with "sftp #25".
Apr 20 17:33:34 witherspoon avahi-daemon[978]: Service "obmc_console #24" (/services/obmc_console.service) successfully established.
Apr 20 17:33:40 witherspoon phosphor-gevent[1019]: ::80b9:6276:8e91:f402%1995291420 - - [2017-04-20 17:33:40] "POST /login HTTP/1.1" 200 320 0.032756
Apr 20 17:33:40 witherspoon phosphor-gevent[1019]: ::80b9:6276:8e91:f402%1995291420 - - [2017-04-20 17:33:40] "GET /org/openbmc/control/flash/bios HTTP/1.1" 200 397 0.067670
Apr 20 17:33:50 witherspoon phosphor-gevent[1019]: ::80b9:6276:8e91:f402%1995291420 - - [2017-04-20 17:33:50] "POST /login HTTP/1.1" 200 320 0.033220
Apr 20 17:33:50 witherspoon phosphor-gevent[1019]: ::80b9:6276:8e91:f402%1995291420 - - [2017-04-20 17:33:50] "GET /org/openbmc/control/flash/bios HTTP/1.1" 200 397 0.067680
Apr 20 17:33:53 witherspoon avahi-daemon[978]: Service name conflict for "phosphor_rest" (/services/phosphor_rest.service), retrying with "phosphor_rest #26".
Apr 20 17:33:55 witherspoon avahi-daemon[978]: Service "sftp #25" (/services/sftp.service) successfully established.
Apr 20 17:34:00 witherspoon phosphor-gevent[1019]: ::80b9:6276:8e91:f402%1995291420 - - [2017-04-20 17:34:00] "POST /login HTTP/1.1" 200 320 0.032925
Apr 20 17:34:01 witherspoon phosphor-gevent[1019]: ::80b9:6276:8e91:f402%1995291420 - - [2017-04-20 17:34:01] "GET /org/openbmc/control/flash/bios HTTP/1.1" 200 397 0.067486
Apr 20 17:34:11 witherspoon phosphor-gevent[1019]: ::80b9:6276:8e91:f402%1995291420 - - [2017-04-20 17:34:11] "POST /login HTTP/1.1" 200 320 0.033504
Apr 20 17:34:11 witherspoon phosphor-gevent[1019]: ::80b9:6276:8e91:f402%1995291420 - - [2017-04-20 17:34:11] "GET /org/openbmc/control/flash/bios HTTP/1.1" 200 397 0.081817
Apr 20 17:34:14 witherspoon avahi-daemon[978]: Service name conflict for "phosphor_rest" (/services/phosphor_rest.service), retrying with "phosphor_rest #27".
Apr 20 17:34:21 witherspoon phosphor-gevent[1019]: ::80b9:6276:8e91:f402%1995291420 - - [2017-04-20 17:34:21] "POST /login HTTP/1.1" 200 320 0.033115
Apr 20 17:34:21 witherspoon phosphor-gevent[1019]: ::80b9:6276:8e91:f402%1995291420 - - [2017-04-20 17:34:21] "GET /org/openbmc/control/flash/bios HTTP/1.1" 200 397 0.075793
Apr 20 17:34:31 witherspoon phosphor-gevent[1019]: ::80b9:6276:8e91:f402%1995291420 - - [2017-04-20 17:34:31] "POST /login HTTP/1.1" 200 320 0.033324
Apr 20 17:34:31 witherspoon phosphor-gevent[1019]: ::80b9:6276:8e91:f402%1995291420 - - [2017-04-20 17:34:31] "GET /org/openbmc/control/flash/bios HTTP/1.1" 200 401 0.067509
Apr 20 17:34:35 witherspoon avahi-daemon[978]: Service name conflict for "phosphor_rest" (/services/phosphor_rest.service), retrying with "phosphor_rest #28".
Apr 20 17:34:42 witherspoon phosphor-gevent[1019]: ::80b9:6276:8e91:f402%1995291420 - - [2017-04-20 17:34:42] "POST /login HTTP/1.1" 200 320 0.033054
Apr 20 17:34:42 witherspoon phosphor-gevent[1019]: ::80b9:6276:8e91:f402%1995291420 - - [2017-04-20 17:34:42] "GET /org/openbmc/control/flash/bios HTTP/1.1" 200 402 0.067548
Apr 20 17:34:52 witherspoon phosphor-gevent[1019]: ::80b9:6276:8e91:f402%1995291420 - - [2017-04-20 17:34:52] "POST /login HTTP/1.1" 200 320 0.032759
Apr 20 17:34:52 witherspoon phosphor-gevent[1019]: ::80b9:6276:8e91:f402%1995291420 - - [2017-04-20 17:34:52] "GET /org/openbmc/control/flash/bios HTTP/1.1" 200 402 0.067733
Apr 20 17:34:56 witherspoon avahi-daemon[978]: Service name conflict for "phosphor_rest" (/services/phosphor_rest.service), retrying with "phosphor_rest #29".
Apr 20 17:35:02 witherspoon phosphor-gevent[1019]: ::80b9:6276:8e91:f402%1995291420 - - [2017-04-20 17:35:02] "POST /login HTTP/1.1" 200 320 0.033123
Apr 20 17:35:02 witherspoon phosphor-gevent[1019]: ::80b9:6276:8e91:f402%1995291420 - - [2017-04-20 17:35:02] "GET /org/openbmc/control/flash/bios HTTP/1.1" 200 402 0.067563
Apr 20 17:35:12 witherspoon phosphor-gevent[1019]: ::80b9:6276:8e91:f402%1995291420 - - [2017-04-20 17:35:12] "POST /login HTTP/1.1" 200 320 0.033736
Apr 20 17:35:12 witherspoon phosphor-gevent[1019]: ::80b9:6276:8e91:f402%1995291420 - - [2017-04-20 17:35:12] "GET /org/openbmc/control/flash/bios HTTP/1.1" 200 401 0.077691
Apr 20 17:35:16 witherspoon avahi-daemon[978]: Service name conflict for "phosphor_rest" (/services/phosphor_rest.service), retrying with "phosphor_rest #30".
Apr 20 17:35:23 witherspoon phosphor-gevent[1019]: ::80b9:6276:8e91:f402%1995291420 - - [2017-04-20 17:35:23] "POST /login HTTP/1.1" 200 320 0.033363
Apr 20 17:35:23 witherspoon phosphor-gevent[1019]: ::80b9:6276:8e91:f402%1995291420 - - [2017-04-20 17:35:23] "GET /org/openbmc/control/flash/bios HTTP/1.1" 200 402 0.067804
Apr 20 17:35:24 witherspoon flash_bios.exe[1031]: Erasing... (may take a while !) done !
Apr 20 17:35:24 witherspoon flash_bios.exe[1031]: About to program "/tmp/witherspoon_910_golden.pnor" at 0x00000000..0x04000000 !
Apr 20 17:35:24 witherspoon flash_bios.exe[1031]: Programming & Verifying...
Apr 20 17:35:24 witherspoon flash_bios.exe[1031]: Flash done
Apr 20 17:35:33 witherspoon phosphor-gevent[1019]: ::80b9:6276:8e91:f402%1995291420 - - [2017-04-20 17:35:33] "POST /login HTTP/1.1" 200 320 0.032974
Apr 20 17:35:33 witherspoon phosphor-gevent[1019]: ::80b9:6276:8e91:f402%1995291420 - - [2017-04-20 17:35:33] "GET /org/openbmc/control/flash/bios HTTP/1.1" 200 399 0.073139
Apr 20 17:35:33 witherspoon systemd[1]: Started SSH Per-Connection Server (9.41.165.94:33840).
Apr 20 17:35:33 witherspoon dropbear[1144]: Failed loading /etc/dropbear/dropbear_dss_host_key
Apr 20 17:35:33 witherspoon dropbear[1144]: Failed loading /etc/dropbear/dropbear_ecdsa_host_key
Apr 20 17:35:33 witherspoon dropbear[1144]: Child connection from ::ffff:9.41.165.94:33840
Apr 20 17:35:34 witherspoon dropbear[1144]: pam_unix(dropbear:account): account root has password changed in future
Apr 20 17:35:34 witherspoon dropbear[1144]: PAM password auth succeeded for 'root' from ::ffff:9.41.165.94:33840
Apr 20 17:35:34 witherspoon dropbear[1145]: lastlog_perform_login: Couldn't stat /var/log/lastlog: No such file or directory
Apr 20 17:35:34 witherspoon dropbear[1145]: lastlog_openseek: /var/log/lastlog is not a file or directory!
Apr 20 17:35:34 witherspoon avahi-daemon[978]: Service name conflict for "phosphor_rest" (/services/phosphor_rest.service), retrying with "phosphor_rest #31".
Apr 20 17:35:35 witherspoon phosphor-gevent[1019]: ::80b9:6276:8e91:f402%1995291420 - - [2017-04-20 17:35:35] "POST /login HTTP/1.1" 200 320 0.033959
Apr 20 17:35:35 witherspoon phosphor-gevent[1019]: ::80b9:6276:8e91:f402%1995291420 - - [2017-04-20 17:35:35] "GET /xyz/openbmc_project/state/host0//attr/CurrentHostState HTTP/1.1" 200 212 0.053386
Apr 20 17:35:35 witherspoon systemd[1]: Created slice system-obmc\x2dconsole\x2dssh.slice.
Apr 20 17:35:35 witherspoon systemd[1]: Started Phosphor Host Console SSH Per-Connection (9.41.165.94:41158).
Apr 20 17:35:36 witherspoon dropbear[1149]: Failed loading /etc/dropbear/dropbear_dss_host_key
Apr 20 17:35:36 witherspoon dropbear[1149]: Failed loading /etc/dropbear/dropbear_ecdsa_host_key
Apr 20 17:35:36 witherspoon dropbear[1149]: Child connection from ::ffff:9.41.165.94:41158
Apr 20 17:35:36 witherspoon dropbear[1149]: pam_unix(dropbear:account): account root has password changed in future
Apr 20 17:35:36 witherspoon dropbear[1149]: PAM password auth succeeded for 'root' from ::ffff:9.41.165.94:41158
Apr 20 17:35:36 witherspoon dropbear[1150]: lastlog_perform_login: Couldn't stat /var/log/lastlog: No such file or directory
Apr 20 17:35:36 witherspoon dropbear[1150]: lastlog_openseek: /var/log/lastlog is not a file or directory!
