-- Logs begin at Tue 2017-07-25 18:30:13 UTC, end at Tue 2017-07-25 18:51:21 UTC. --
Jul 25 18:30:13 witherspoon kernel: Booting Linux on physical CPU 0x0
Jul 25 18:30:13 witherspoon kernel: Linux version 4.10.17-d6ae40dc4c4dff3265cc254d404ed6b03fcc2206 (jenkins@openbmc-builder1) (gcc version 6.2.0 (GCC) ) #1 Tue Jul 25 18:14:48 UTC 2017
Jul 25 18:30:13 witherspoon kernel: CPU: ARMv6-compatible processor [410fb767] revision 7 (ARMv7), cr=00c5387d
Jul 25 18:30:13 witherspoon kernel: CPU: PIPT / VIPT nonaliasing data cache, VIPT nonaliasing instruction cache
Jul 25 18:30:13 witherspoon kernel: OF: fdt:Machine model: Witherspoon BMC
Jul 25 18:30:13 witherspoon kernel: Memory policy: Data cache writeback
Jul 25 18:30:13 witherspoon kernel: SOC Rev: 04030303
Jul 25 18:30:13 witherspoon kernel: On node 0 totalpages: 110592
Jul 25 18:30:13 witherspoon kernel: free_area_init_node: node 0, pgdat 805fd514, node_mem_map 9ec1a000
Jul 25 18:30:13 witherspoon kernel:   Normal zone: 992 pages used for memmap
Jul 25 18:30:13 witherspoon kernel:   Normal zone: 0 pages reserved
Jul 25 18:30:13 witherspoon kernel:   Normal zone: 110592 pages, LIFO batch:31
Jul 25 18:30:13 witherspoon kernel: pcpu-alloc: s0 r0 d32768 u32768 alloc=1*32768
Jul 25 18:30:13 witherspoon kernel: pcpu-alloc: [0] 0 
Jul 25 18:30:13 witherspoon kernel: Built 1 zonelists in Zone order, mobility grouping on.  Total pages: 109600
Jul 25 18:30:13 witherspoon kernel: Kernel command line: console=ttyS4,115200n8 root=/dev/ram rw
Jul 25 18:30:13 witherspoon kernel: PID hash table entries: 2048 (order: 1, 8192 bytes)
Jul 25 18:30:13 witherspoon kernel: Dentry cache hash table entries: 65536 (order: 6, 262144 bytes)
Jul 25 18:30:13 witherspoon kernel: Inode-cache hash table entries: 32768 (order: 5, 131072 bytes)
Jul 25 18:30:13 witherspoon kernel: Memory: 430448K/442368K available (4063K kernel code, 280K rwdata, 1188K rodata, 284K init, 111K bss, 11920K reserved, 0K cma-reserved)
Jul 25 18:30:13 witherspoon kernel: Virtual kernel memory layout:
                                        vector  : 0xffff0000 - 0xffff1000   (   4 kB)
                                        fixmap  : 0xffc00000 - 0xfff00000   (3072 kB)
                                        vmalloc : 0x9f800000 - 0xff800000   (1536 MB)
                                        lowmem  : 0x80000000 - 0x9f000000   ( 496 MB)
                                          .text : 0x80008000 - 0x803fff60   (4064 kB)
                                          .init : 0x80583000 - 0x805ca000   ( 284 kB)
                                          .data : 0x805ca000 - 0x806102a8   ( 281 kB)
                                           .bss : 0x806102a8 - 0x8062c158   ( 112 kB)
Jul 25 18:30:13 witherspoon kernel: NR_IRQS:16 nr_irqs:16 16
Jul 25 18:30:13 witherspoon kernel: i2c controller registered, irq 16
Jul 25 18:30:13 witherspoon kernel: clocksource: moxart_timer: mask: 0xffffffff max_cycles: 0xffffffff, max_idle_ns: 77222644334 ns
Jul 25 18:30:13 witherspoon kernel: sched_clock: 32 bits at 100 Hz, resolution 10000000ns, wraps every 21474836475000000ns
Jul 25 18:30:13 witherspoon kernel: Calibrating delay loop... 789.70 BogoMIPS (lpj=3948544)
Jul 25 18:30:13 witherspoon kernel: pid_max: default: 32768 minimum: 301
Jul 25 18:30:13 witherspoon kernel: Mount-cache hash table entries: 1024 (order: 0, 4096 bytes)
Jul 25 18:30:13 witherspoon kernel: Mountpoint-cache hash table entries: 1024 (order: 0, 4096 bytes)
Jul 25 18:30:13 witherspoon kernel: CPU: Testing write buffer coherency: ok
Jul 25 18:30:13 witherspoon kernel: ftrace: allocating 14933 entries in 44 pages
Jul 25 18:30:13 witherspoon kernel: Setting up static identity map for 0x80008200 - 0x8000825c
Jul 25 18:30:13 witherspoon kernel: devtmpfs: initialized
Jul 25 18:30:13 witherspoon kernel: clocksource: jiffies: mask: 0xffffffff max_cycles: 0xffffffff, max_idle_ns: 19112604462750000 ns
Jul 25 18:30:13 witherspoon kernel: futex hash table entries: 256 (order: -1, 3072 bytes)
Jul 25 18:30:13 witherspoon kernel: pinctrl core: initialized pinctrl subsystem
Jul 25 18:30:13 witherspoon kernel: NET: Registered protocol family 16
Jul 25 18:30:13 witherspoon kernel: DMA: preallocated 256 KiB pool for atomic coherent allocations
Jul 25 18:30:13 witherspoon kernel: usbcore: registered new interface driver usbfs
Jul 25 18:30:13 witherspoon kernel: usbcore: registered new interface driver hub
Jul 25 18:30:13 witherspoon kernel: usbcore: registered new device driver usb
Jul 25 18:30:13 witherspoon kernel: clocksource: Switched to clocksource moxart_timer
Jul 25 18:30:13 witherspoon kernel: NET: Registered protocol family 2
Jul 25 18:30:13 witherspoon kernel: TCP established hash table entries: 4096 (order: 2, 16384 bytes)
Jul 25 18:30:13 witherspoon kernel: TCP bind hash table entries: 4096 (order: 2, 16384 bytes)
Jul 25 18:30:13 witherspoon kernel: TCP: Hash tables configured (established 4096 bind 4096)
Jul 25 18:30:13 witherspoon kernel: UDP hash table entries: 256 (order: 0, 4096 bytes)
Jul 25 18:30:13 witherspoon kernel: UDP-Lite hash table entries: 256 (order: 0, 4096 bytes)
Jul 25 18:30:13 witherspoon kernel: NET: Registered protocol family 1
Jul 25 18:30:13 witherspoon kernel: Trying to unpack rootfs image as initramfs...
Jul 25 18:30:13 witherspoon kernel: Freeing initrd memory: 1548K
Jul 25 18:30:13 witherspoon kernel: workingset: timestamp_bits=30 max_order=17 bucket_order=0
Jul 25 18:30:13 witherspoon kernel: squashfs: version 4.0 (2009/01/31) Phillip Lougher
Jul 25 18:30:13 witherspoon kernel: jffs2: version 2.2. (SUMMARY)  © 2001-2006 Red Hat, Inc.
Jul 25 18:30:13 witherspoon kernel: Block layer SCSI generic (bsg) driver version 0.4 loaded (major 250)
Jul 25 18:30:13 witherspoon kernel: io scheduler noop registered
Jul 25 18:30:13 witherspoon kernel: io scheduler deadline registered
Jul 25 18:30:13 witherspoon kernel: io scheduler cfq registered (default)
Jul 25 18:30:13 witherspoon kernel: ipmi-bt-host 1e789140.ibt: Found bt bmc device
Jul 25 18:30:13 witherspoon kernel: ipmi-bt-host 1e789140.ibt: Using IRQ 22
Jul 25 18:30:13 witherspoon kernel: Serial: 8250/16550 driver, 6 ports, IRQ sharing enabled
Jul 25 18:30:13 witherspoon kernel: 1e783000.serial: ttyS0 at MMIO 0x1e783000 (irq = 23, base_baud = 1500000) is a 16550A
Jul 25 18:30:13 witherspoon kernel: 1e78d000.serial: ttyS1 at MMIO 0x1e78d000 (irq = 24, base_baud = 1500000) is a 16550A
Jul 25 18:30:13 witherspoon kernel: 1e784000.serial: ttyS4 at MMIO 0x1e784000 (irq = 25, base_baud = 1500000) is a 16550A
Jul 25 18:30:13 witherspoon kernel: console [ttyS4] enabled
Jul 25 18:30:13 witherspoon kernel: 1e787000.vuart: ttyS2 at MMIO 0x1e787000 (irq = 22, base_baud = 1500000) is a 16550A
Jul 25 18:30:13 witherspoon kernel: timeriomem_rng 1e6e2078.hwrng: 32bits from 0xf00e2078 @ 1us
Jul 25 18:30:13 witherspoon kernel: random: fast init done
Jul 25 18:30:13 witherspoon kernel: brd: module loaded
Jul 25 18:30:13 witherspoon kernel: random: crng init done
Jul 25 18:30:13 witherspoon kernel: loop: module loaded
Jul 25 18:30:13 witherspoon kernel: aspeed-lpc-ctrl 1e789080.lpc-ctrl: Loaded at 0x98000000 (0x04000000)
Jul 25 18:30:13 witherspoon kernel: aspeed-smc 1e620000.flash-controller: Using IRQ 18
Jul 25 18:30:13 witherspoon kernel: aspeed-smc 1e620000.flash-controller: DMA support disabled.
Jul 25 18:30:13 witherspoon kernel: aspeed-smc 1e620000.flash-controller: mx25l25635e (32768 Kbytes)
Jul 25 18:30:13 witherspoon kernel: aspeed-smc 1e620000.flash-controller: CE0 window [ 0x20000000 - 0x22000000 ] 32MB
Jul 25 18:30:13 witherspoon kernel: aspeed-smc 1e620000.flash-controller: CE1 window [ 0x22000000 - 0x2a000000 ] 128MB
Jul 25 18:30:13 witherspoon kernel: 5 ofpart partitions found on MTD device bmc
Jul 25 18:30:13 witherspoon kernel: Creating 5 MTD partitions on "bmc":
Jul 25 18:30:13 witherspoon kernel: 0x000000000000-0x000000060000 : "u-boot"
Jul 25 18:30:13 witherspoon kernel: 0x000000060000-0x000000080000 : "u-boot-env"
Jul 25 18:30:13 witherspoon kernel: 0x000000080000-0x0000004c0000 : "kernel"
Jul 25 18:30:13 witherspoon kernel: 0x0000004c0000-0x000001c00000 : "rofs"
Jul 25 18:30:13 witherspoon kernel: 0x000001c00000-0x000002000000 : "rwfs"
Jul 25 18:30:13 witherspoon kernel: aspeed-smc 1e620000.flash-controller: mx25l25635e (32768 Kbytes)
Jul 25 18:30:13 witherspoon kernel: aspeed-smc 1e620000.flash-controller: CE1 window [ 0x22000000 - 0x24000000 ] 32MB
Jul 25 18:30:13 witherspoon kernel: aspeed-smc 1e620000.flash-controller: CE2 window [ 0x24000000 - 0x2c000000 ] 128MB
Jul 25 18:30:13 witherspoon kernel: aspeed-smc 1e630000.flash-controller: mx66l1g45g (131072 Kbytes)
Jul 25 18:30:13 witherspoon kernel: aspeed-smc 1e630000.flash-controller: CE0 window resized to 120MB (AST2500 HW quirk)
Jul 25 18:30:13 witherspoon kernel: aspeed-smc 1e630000.flash-controller: CE0 window [ 0x30000000 - 0x37800000 ] 120MB
Jul 25 18:30:13 witherspoon kernel: aspeed-smc 1e630000.flash-controller: CE0 window too small for chip 128MB
Jul 25 18:30:13 witherspoon kernel: aspeed-smc 1e630000.flash-controller: CE1 window [ 0x37800000 - 0x38000000 ] 8MB
Jul 25 18:30:13 witherspoon kernel: libphy: Fixed MDIO Bus: probed
Jul 25 18:30:13 witherspoon kernel: ftgmac100 1e660000.ethernet: Read MAC address 70:e2:84:14:23:e1 from chip
Jul 25 18:30:13 witherspoon kernel: ftgmac100 1e660000.ethernet: Using NCSI interface
Jul 25 18:30:13 witherspoon kernel: ftgmac100 1e660000.ethernet eth0: irq 20, mapped at f0060000
Jul 25 18:30:13 witherspoon kernel: ehci_hcd: USB 2.0 'Enhanced' Host Controller (EHCI) Driver
Jul 25 18:30:13 witherspoon kernel: ehci-platform: EHCI generic platform driver
Jul 25 18:30:13 witherspoon kernel:  fsi0: can't read slave 00:00 -5
Jul 25 18:30:13 witherspoon kernel: i2c /dev entries driver
Jul 25 18:30:13 witherspoon kernel: aspeed-i2c-bus 1e78a0c0.i2c-bus: i2c bus 2 registered, irq 26
Jul 25 18:30:13 witherspoon kernel: aspeed-i2c-bus 1e78a100.i2c-bus: i2c bus 3 registered, irq 27
Jul 25 18:30:13 witherspoon kernel: aspeed-i2c-bus 1e78a140.i2c-bus: i2c bus 4 registered, irq 28
Jul 25 18:30:13 witherspoon kernel: aspeed-i2c-bus 1e78a180.i2c-bus: i2c bus 5 registered, irq 29
Jul 25 18:30:13 witherspoon kernel: aspeed-i2c-bus 1e78a380.i2c-bus: i2c bus 9 registered, irq 30
Jul 25 18:30:13 witherspoon kernel: aspeed-i2c-bus 1e78a3c0.i2c-bus: i2c bus 10 registered, irq 31
Jul 25 18:30:13 witherspoon kernel: rtc-rv8803 11-0032: Voltage low, temperature compensation stopped.
Jul 25 18:30:13 witherspoon kernel: rtc-rv8803 11-0032: An alarm maybe have been missed.
Jul 25 18:30:13 witherspoon kernel: rtc-rv8803 11-0032: rtc core: registered rx8900 as rtc0
Jul 25 18:30:13 witherspoon kernel: at24 11-0051: 8192 byte 24c64 EEPROM, writable, 1 bytes/write
Jul 25 18:30:13 witherspoon kernel: aspeed-i2c-bus 1e78a400.i2c-bus: i2c bus 11 registered, irq 32
Jul 25 18:30:13 witherspoon kernel: aspeed-i2c-bus 1e78a440.i2c-bus: i2c bus 12 registered, irq 33
Jul 25 18:30:13 witherspoon kernel: aspeed-i2c-bus 1e78a480.i2c-bus: i2c bus 13 registered, irq 34
Jul 25 18:30:13 witherspoon kernel: Driver for 1-wire Dallas network protocol.
Jul 25 18:30:13 witherspoon kernel: lm75 9-004a: hwmon0: sensor 'tmp275'
Jul 25 18:30:13 witherspoon kernel: ucd9000 11-0064: Device ID UCD90160|2.3.4.0000|110603
Jul 25 18:30:13 witherspoon kernel: leds-pca955x 3-0060: leds-pca955x: Using pca9552 16-bit LED driver at slave address 0x60
Jul 25 18:30:13 witherspoon kernel: leds-pca955x 11-0060: leds-pca955x: Using pca9552 16-bit LED driver at slave address 0x60
Jul 25 18:30:13 witherspoon kernel: leds-pca955x 11-0060: gpios 264...279
Jul 25 18:30:13 witherspoon kernel: usbcore: registered new interface driver usbhid
Jul 25 18:30:13 witherspoon kernel: usbhid: USB HID core driver
Jul 25 18:30:13 witherspoon kernel: dps310: probe of 3-0076 failed with error -5
Jul 25 18:30:13 witherspoon kernel: NET: Registered protocol family 10
Jul 25 18:30:13 witherspoon kernel: Segment Routing with IPv6
Jul 25 18:30:13 witherspoon kernel: NET: Registered protocol family 17
Jul 25 18:30:13 witherspoon kernel: 8021q: 802.1Q VLAN Support v1.8
Jul 25 18:30:13 witherspoon kernel: console [netcon0] enabled
Jul 25 18:30:13 witherspoon kernel: netconsole: network logging started
Jul 25 18:30:13 witherspoon kernel: input: gpio-keys as /devices/platform/gpio-keys/input/input0
Jul 25 18:30:13 witherspoon kernel: rtc-rv8803 11-0032: setting system clock to 2017-07-25 18:30:04 UTC (1501007404)
Jul 25 18:30:13 witherspoon kernel: Freeing unused kernel memory: 284K
Jul 25 18:30:13 witherspoon kernel: This architecture does not have kernel memory protection.
Jul 25 18:30:13 witherspoon kernel: jffs2: notice: (526) jffs2_build_xattr_subsystem: complete building xattr subsystem, 0 of xdatum (0 unchecked, 0 orphan) and 0 of xref (0 dead, 0 orphan) found.
Jul 25 18:30:13 witherspoon systemd[1]: Failed to insert module 'autofs4': No such file or directory
Jul 25 18:30:13 witherspoon systemd[1]: systemd 232 running in system mode. (+PAM -AUDIT -SELINUX -IMA -APPARMOR -SMACK +SYSVINIT -UTMP -LIBCRYPTSETUP -GCRYPT -GNUTLS +ACL +XZ -LZ4 -SECCOMP +BLKID -ELFUTILS +KMOD -IDN)
Jul 25 18:30:13 witherspoon systemd[1]: Detected architecture arm.
Jul 25 18:30:13 witherspoon systemd[1]: Set hostname to <witherspoon>.
Jul 25 18:30:13 witherspoon systemd[1]: Listening on udev Control Socket.
Jul 25 18:30:13 witherspoon systemd[1]: Reached target Swap.
Jul 25 18:30:13 witherspoon systemd[1]: Started Dispatch Password Requests to Console Directory Watch.
Jul 25 18:30:13 witherspoon systemd[1]: Listening on Journal Socket (/dev/log).
Jul 25 18:30:13 witherspoon systemd[1]: Reached target Remote File Systems.
Jul 25 18:30:13 witherspoon systemd[1]: Listening on Network Service Netlink Socket.
Jul 25 18:30:13 witherspoon systemd[1]: Started Forward Password Requests to Wall Directory Watch.
Jul 25 18:30:13 witherspoon systemd-journald[656]: Journal started
Jul 25 18:30:13 witherspoon systemd-journald[656]: Runtime journal (/run/log/journal/cc6e1404d87444e8a089dfdb00a18f7d) is 0B, max 0B, 0B free.
Jul 25 18:30:13 witherspoon systemd[1]: Created slice system-org.openbmc.control.Chassis.slice.
Jul 25 18:30:14 witherspoon systemd[1]: Created slice system-op\x2dreset\x2dchassis\x2drunning.slice.
Jul 25 18:30:14 witherspoon systemd[1]: Starting Apply Kernel Variables...
Jul 25 18:30:14 witherspoon systemd-sysctl[657]: Couldn't write '16' to 'kernel/sysrq', ignoring: No such file or directory
Jul 25 18:30:14 witherspoon systemd-sysctl[657]: Couldn't write 'fq_codel' to 'net/core/default_qdisc', ignoring: No such file or directory
Jul 25 18:30:14 witherspoon systemd[1]: Created slice system-phosphor\x2dreset\x2dhost\x2dcheck.slice.
Jul 25 18:30:15 witherspoon systemd[1]: Created slice system-mapper\x2dwait.slice.
Jul 25 18:30:15 witherspoon systemd[1]: Created slice system-phosphor\x2ddiscover\x2dsystem\x2dstate.slice.
Jul 25 18:30:15 witherspoon systemd[1]: Created slice system-getty.slice.
Jul 25 18:30:16 witherspoon systemd[1]: Created slice system-org.openbmc.control.Bmc.slice.
Jul 25 18:30:16 witherspoon systemd[1]: Mounted Debug File System.
Jul 25 18:30:16 witherspoon systemd[1]: Mounted Temporary Directory.
Jul 25 18:30:17 witherspoon systemd[1]: Started Remount Root and Kernel File Systems.
Jul 25 18:30:17 witherspoon systemd[1]: Started Apply Kernel Variables.
Jul 25 18:30:17 witherspoon systemd[1]: Starting Create System Users...
Jul 25 18:30:17 witherspoon systemd[1]: Starting Flush Journal to Persistent Storage...
Jul 25 18:30:18 witherspoon systemd[1]: Started udev Coldplug all Devices.
Jul 25 18:30:18 witherspoon systemd[1]: Started Create System Users.
Jul 25 18:30:18 witherspoon systemd[1]: Starting Create Static Device Nodes in /dev...
Jul 25 18:30:19 witherspoon systemd-journald[656]: Runtime journal (/run/log/journal/cc6e1404d87444e8a089dfdb00a18f7d) is 0B, max 0B, 0B free.
Jul 25 18:30:19 witherspoon systemd[1]: Started Flush Journal to Persistent Storage.
Jul 25 18:30:19 witherspoon systemd[1]: Started Create Static Device Nodes in /dev.
Jul 25 18:30:19 witherspoon systemd[1]: Reached target Local File Systems (Pre).
Jul 25 18:30:20 witherspoon systemd[1]: Mounting /var/volatile...
Jul 25 18:30:20 witherspoon systemd[1]: Starting udev Kernel Device Manager...
Jul 25 18:30:20 witherspoon systemd[1]: Mounted /var/volatile.
Jul 25 18:30:20 witherspoon systemd[1]: Starting Load/Save Random Seed...
Jul 25 18:30:20 witherspoon systemd[1]: Reached target Local File Systems.
Jul 25 18:30:20 witherspoon systemd[1]: Starting Rebuild Journal Catalog...
Jul 25 18:30:20 witherspoon systemd[1]: Starting Create Volatile Files and Directories...
Jul 25 18:30:20 witherspoon systemd[1]: Started Load/Save Random Seed.
Jul 25 18:30:20 witherspoon systemd[1]: Started Rebuild Journal Catalog.
Jul 25 18:30:20 witherspoon systemd[1]: Starting Update is Completed...
Jul 25 18:30:20 witherspoon systemd-tmpfiles[897]: "/var/tmp" already exists and is not a directory.
Jul 25 18:30:20 witherspoon systemd-tmpfiles[897]: "/var/log" already exists and is not a directory.
Jul 25 18:30:20 witherspoon systemd[1]: Started Create Volatile Files and Directories.
Jul 25 18:30:20 witherspoon systemd[1]: Starting Run pending postinsts...
Jul 25 18:30:20 witherspoon systemd[1]: Starting Network Time Synchronization...
Jul 25 18:30:20 witherspoon systemd[1]: Started Update is Completed.
Jul 25 18:30:21 witherspoon systemd[1]: Started Network Time Synchronization.
Jul 25 18:30:21 witherspoon systemd[1]: Reached target System Time Synchronized.
Jul 25 18:30:21 witherspoon run-postinsts[904]: Running postinst /etc/rpm-postinsts/libglib-2.0-0...
Jul 25 18:30:21 witherspoon systemd[1]: Started udev Kernel Device Manager.
Jul 25 18:30:24 witherspoon systemd[1]: Found device /dev/aspeed-mbox.
Jul 25 18:30:25 witherspoon systemd[1]: Found device /dev/ttyS4.
Jul 25 18:30:25 witherspoon systemd[1]: Found device /dev/ttyVUART0.
Jul 25 18:30:25 witherspoon run-postinsts[904]: rm: can't remove '/etc/rpm-postinsts': Invalid argument
Jul 25 18:30:25 witherspoon systemd[1]: Found device /dev/aspeed-lpc-ctrl.
Jul 25 18:30:25 witherspoon run-postinsts[904]:  Removing any system startup links for run-postinsts ...
Jul 25 18:30:26 witherspoon systemd[1]: Created slice system-xyz.openbmc_project.led.controller.slice.
Jul 25 18:30:26 witherspoon systemd[1]: dev-hugepages.mount: Couldn't determine result for ConditionVirtualization=!private-users, assuming failed: No such file or directory
Jul 25 18:30:26 witherspoon systemd[1]: Created slice system-xyz.openbmc_project.Hwmon.slice.
Jul 25 18:30:26 witherspoon systemctl[936]: Removed /etc/systemd/system/sysinit.target.wants/run-postinsts.service.
Jul 25 18:30:26 witherspoon systemd[1]: Reloading.
Jul 25 18:30:29 witherspoon systemd[1]: Started Run pending postinsts.
Jul 25 18:30:29 witherspoon systemd[1]: Reached target System Initialization.
Jul 25 18:30:29 witherspoon systemd[1]: Listening on Avahi mDNS/DNS-SD Stack Activation Socket.
Jul 25 18:30:29 witherspoon systemd[1]: Listening on Phosphor DBUS Browser socket.
Jul 25 18:30:29 witherspoon systemd[1]: Started Daily Cleanup of Temporary Directories.
Jul 25 18:30:29 witherspoon systemd[1]: Reached target Timers.
Jul 25 18:30:29 witherspoon systemd[1]: Listening on phosphor-ipmi-net.socket.
Jul 25 18:30:29 witherspoon systemd[1]: Listening on D-Bus System Message Bus Socket.
Jul 25 18:30:29 witherspoon systemd[1]: Listening on Phosphor Host Console SSH Per-Connection socket.
Jul 25 18:30:29 witherspoon systemd[1]: Listening on Phosphor Webserver socket.
Jul 25 18:30:29 witherspoon systemd[1]: Listening on dropbear.socket.
Jul 25 18:30:29 witherspoon systemd[1]: Reached target Sockets.
Jul 25 18:30:29 witherspoon systemd[1]: Reached target Basic System.
Jul 25 18:30:29 witherspoon systemd[1]: Starting Phosphor IPMI BT DBus Bridge...
Jul 25 18:30:29 witherspoon systemd[1]: Started Phosphor sysfs LED controller.
Jul 25 18:30:29 witherspoon systemd[1]: Starting Phosphor Network Manager...
Jul 25 18:30:29 witherspoon systemd[1]: Starting Clear one time boot overrides...
Jul 25 18:30:29 witherspoon systemd[1]: Started Hardware RNG Entropy Gatherer Daemon.
Jul 25 18:30:29 witherspoon systemd[1]: Started Phosphor Hwmon Poller.
Jul 25 18:30:30 witherspoon systemd[1]: Started Phosphor sysfs LED controller.
Jul 25 18:30:30 witherspoon systemd[1]: Started Phosphor sysfs LED controller.
Jul 25 18:30:30 witherspoon systemd[1]: Started System Logging Service.
Jul 25 18:30:31 witherspoon systemd[1]: Started Phosphor sysfs LED controller.
Jul 25 18:30:31 witherspoon systemd[1]: Starting Phosphor BMC0 Control...
Jul 25 18:30:31 witherspoon systemd[1]: Started Phosphor sysfs LED controller.
Jul 25 18:30:31 witherspoon systemd[1]: Starting OpenBMC Software Update Manager...
Jul 25 18:30:31 witherspoon systemd[1]: Started Phosphor sysfs LED controller.
Jul 25 18:30:31 witherspoon systemd[1]: Started Phosphor Hwmon Poller.
Jul 25 18:30:31 witherspoon systemd[1]: Started Phosphor MBOX Daemon.
Jul 25 18:30:31 witherspoon systemd[1]: Started Phosphor Console Muxer listening on device /dev/ttyVUART0.
Jul 25 18:30:31 witherspoon systemd[1]: Starting Phosphor Log Manager...
Jul 25 18:30:31 witherspoon systemd[1]: Started Phosphor Hwmon Poller.
Jul 25 18:30:31 witherspoon systemd[1]: Started Phosphor sysfs LED controller.
Jul 25 18:30:31 witherspoon systemd[1]: Starting Phosphor Settings Daemon...
Jul 25 18:30:31 witherspoon systemd[1]: Starting Phosphor Inventory Manager...
Jul 25 18:30:31 witherspoon systemd[1]: Starting Phosphor DBus Service Discovery Manager...
Jul 25 18:30:32 witherspoon systemd[1]: Starting Phosphor Dump Manager...
Jul 25 18:30:32 witherspoon systemd[1]: Started Phosphor Hwmon Poller.
Jul 25 18:30:32 witherspoon systemd[1]: Starting Phosphor Download Manager...
Jul 25 18:30:32 witherspoon systemd[1]: Reached target Containers.
Jul 25 18:30:32 witherspoon systemd[1]: Starting Phosphor Inventory Manager...
Jul 25 18:30:32 witherspoon systemd[1]: Starting Phosphor Chassis0 Control...
Jul 25 18:30:32 witherspoon systemd[1]: Starting Phosphor Sensor Manager...
Jul 25 18:30:32 witherspoon systemd[1]: Starting Avahi mDNS/DNS-SD Stack...
Jul 25 18:30:32 witherspoon systemd[1]: Started D-Bus System Message Bus.
Jul 25 18:30:33 witherspoon avahi-daemon[977]: Found user 'avahi' (UID 999) and group 'avahi' (GID 999).
Jul 25 18:30:33 witherspoon avahi-daemon[977]: Successfully dropped root privileges.
Jul 25 18:30:33 witherspoon avahi-daemon[977]: avahi-daemon 0.6.32 starting up.
Jul 25 18:30:36 witherspoon avahi-daemon[977]: Successfully called chroot().
Jul 25 18:30:36 witherspoon avahi-daemon[977]: Successfully dropped remaining capabilities.
Jul 25 18:30:36 witherspoon avahi-daemon[977]: Loading service file /services/obmc_console.service.
Jul 25 18:30:36 witherspoon avahi-daemon[977]: Loading service file /services/phosphor_rest.service.
Jul 25 18:30:36 witherspoon avahi-daemon[977]: Loading service file /services/sftp-ssh.service.
Jul 25 18:30:36 witherspoon avahi-daemon[977]: Loading service file /services/sftp.service.
Jul 25 18:30:36 witherspoon avahi-daemon[977]: Loading service file /services/ssh.service.
Jul 25 18:30:36 witherspoon avahi-daemon[977]: Network interface enumeration completed.
Jul 25 18:30:36 witherspoon avahi-daemon[977]: Server startup complete. Host name is witherspoon.local. Local service cookie is 1414942260.
Jul 25 18:30:36 witherspoon avahi-daemon[977]: Service "witherspoon" (/services/ssh.service) successfully established.
Jul 25 18:30:36 witherspoon avahi-daemon[977]: Service "sftp" (/services/sftp.service) successfully established.
Jul 25 18:30:36 witherspoon avahi-daemon[977]: Service "witherspoon" (/services/sftp-ssh.service) successfully established.
Jul 25 18:30:36 witherspoon avahi-daemon[977]: Service "phosphor_rest" (/services/phosphor_rest.service) successfully established.
Jul 25 18:30:36 witherspoon avahi-daemon[977]: Service "obmc_console" (/services/obmc_console.service) successfully established.
Jul 25 18:30:38 witherspoon systemd[1]: Started Phosphor Settings Daemon.
Jul 25 18:30:38 witherspoon systemd[1]: Started OpenBMC Software Update Manager.
Jul 25 18:30:38 witherspoon systemd[1]: Started Phosphor IPMI BT DBus Bridge.
Jul 25 18:30:38 witherspoon systemd[1]: Started Phosphor Download Manager.
Jul 25 18:30:38 witherspoon systemd[1]: Started Phosphor Log Manager.
Jul 25 18:30:38 witherspoon systemd[1]: Started Avahi mDNS/DNS-SD Stack.
Jul 25 18:30:38 witherspoon systemd[1]: Starting Network Service...
Jul 25 18:30:38 witherspoon systemd[1]: Started Phosphor Dump core monitor..
Jul 25 18:30:38 witherspoon systemd[1]: Started Phosphor sysfs LED controller.
Jul 25 18:30:38 witherspoon systemd[1]: Started Phosphor sysfs LED controller.
Jul 25 18:30:39 witherspoon systemd[1]: Started Phosphor Hwmon Poller.
Jul 25 18:30:39 witherspoon systemd[1]: Starting Phosphor Download Manager...
Jul 25 18:30:39 witherspoon systemd[1]: Starting Phosphor User Manager...
Jul 25 18:30:39 witherspoon systemd[1]: Starting Phosphor LED Group Management Daemon...
Jul 25 18:30:39 witherspoon systemd[1]: Started Phosphor Hwmon Poller.
Jul 25 18:30:39 witherspoon systemd[1]: Starting OpenPower Software Update Manager...
Jul 25 18:30:40 witherspoon systemd[1]: Started Kernel Logging Service.
Jul 25 18:30:40 witherspoon systemd[1]: Started Phosphor sysfs LED controller.
Jul 25 18:30:40 witherspoon kernel[993]: klogd started: BusyBox v1.24.1 (2017-06-16 19:29:08 UTC)
Jul 25 18:30:40 witherspoon kernel[993]: [    0.000000] Booting Linux on physical CPU 0x0
Jul 25 18:30:40 witherspoon kernel[993]: [    0.000000] Linux version 4.10.17-d6ae40dc4c4dff3265cc254d404ed6b03fcc2206 (jenkins@openbmc-builder1) (gcc version 6.2.0 (GCC) ) #1 Tue Jul 25 18:14:48 UTC 2017
Jul 25 18:30:40 witherspoon kernel[993]: [    0.000000] CPU: ARMv6-compatible processor [410fb767] revision 7 (ARMv7), cr=00c5387d
Jul 25 18:30:40 witherspoon kernel[993]: [    0.000000] CPU: PIPT / VIPT nonaliasing data cache, VIPT nonaliasing instruction cache
Jul 25 18:30:40 witherspoon kernel[993]: [    0.000000] OF: fdt:Machine model: Witherspoon BMC
Jul 25 18:30:40 witherspoon kernel[993]: [    0.000000] Memory policy: Data cache writeback
Jul 25 18:30:40 witherspoon kernel[993]: [    0.000000] SOC Rev: 04030303
Jul 25 18:30:40 witherspoon kernel[993]: [    0.000000] On node 0 totalpages: 110592
Jul 25 18:30:40 witherspoon kernel[993]: [    0.000000] free_area_init_node: node 0, pgdat 805fd514, node_mem_map 9ec1a000
Jul 25 18:30:40 witherspoon kernel[993]: [    0.000000]   Normal zone: 992 pages used for memmap
Jul 25 18:30:40 witherspoon systemd[1]: Started Clear one time boot overrides.
Jul 25 18:30:40 witherspoon kernel[993]: [    0.000000]   Normal zone: 0 pages reserved
Jul 25 18:30:40 witherspoon systemd[1]: Started Phosphor Inventory Manager.
Jul 25 18:30:40 witherspoon kernel[993]: [    0.000000]   Normal zone: 110592 pages, LIFO batch:31
Jul 25 18:30:40 witherspoon systemd[1]: Started Phosphor LED Group Management Daemon.
Jul 25 18:30:40 witherspoon kernel[993]: [    0.000000] pcpu-alloc: s0 r0 d32768 u32768 alloc=1*32768
Jul 25 18:30:41 witherspoon systemd[1]: Started Phosphor BMC0 Control.
Jul 25 18:30:40 witherspoon kernel[993]: [    0.000000] pcpu-alloc: [0] 0
Jul 25 18:30:40 witherspoon kernel[993]: [    0.000000] Built 1 zonelists in Zone order, mobility grouping on.  Total pages: 109600
Jul 25 18:30:40 witherspoon kernel[993]: [    0.000000] Kernel command line: console=ttyS4,115200n8 root=/dev/ram rw
Jul 25 18:30:40 witherspoon kernel[993]: [    0.000000] PID hash table entries: 2048 (order: 1, 8192 bytes)
Jul 25 18:30:40 witherspoon kernel[993]: [    0.000000] Dentry cache hash table entries: 65536 (order: 6, 262144 bytes)
Jul 25 18:30:40 witherspoon kernel[993]: [    0.000000] Inode-cache hash table entries: 32768 (order: 5, 131072 bytes)
Jul 25 18:30:40 witherspoon kernel[993]: [    0.000000] Memory: 430448K/442368K available (4063K kernel code, 280K rwdata, 1188K rodata, 284K init, 111K bss, 11920K reserved, 0K cma-reserved)
Jul 25 18:30:40 witherspoon kernel[993]: [    0.000000] Virtual kernel memory layout:
Jul 25 18:30:40 witherspoon kernel[993]: [    0.000000]     vector  : 0xffff0000 - 0xffff1000   (   4 kB)
Jul 25 18:30:40 witherspoon kernel[993]: [    0.000000]     fixmap  : 0xffc00000 - 0xfff00000   (3072 kB)
Jul 25 18:30:40 witherspoon kernel[993]: [    0.000000]     vmalloc : 0x9f800000 - 0xff800000   (1536 MB)
Jul 25 18:30:40 witherspoon kernel[993]: [    0.000000]     lowmem  : 0x80000000 - 0x9f000000   ( 496 MB)
Jul 25 18:30:40 witherspoon kernel[993]: [    0.000000]       .text : 0x80008000 - 0x803fff60   (4064 kB)
Jul 25 18:30:40 witherspoon kernel[993]: [    0.000000]       .init : 0x80583000 - 0x805ca000   ( 284 kB)
Jul 25 18:30:40 witherspoon kernel[993]: [    0.000000]       .data : 0x805ca000 - 0x806102a8   ( 281 kB)
Jul 25 18:30:40 witherspoon kernel[993]: [    0.000000]        .bss : 0x806102a8 - 0x8062c158   ( 112 kB)
Jul 25 18:30:40 witherspoon kernel[993]: [    0.000000] NR_IRQS:16 nr_irqs:16 16
Jul 25 18:30:40 witherspoon kernel[993]: [    0.000000] i2c controller registered, irq 16
Jul 25 18:30:40 witherspoon kernel[993]: [    0.000000] clocksource: moxart_timer: mask: 0xffffffff max_cycles: 0xffffffff, max_idle_ns: 77222644334 ns
Jul 25 18:30:40 witherspoon kernel[993]: [    0.000000] sched_clock: 32 bits at 100 Hz, resolution 10000000ns, wraps every 21474836475000000ns
Jul 25 18:30:40 witherspoon kernel[993]: [    0.090000] Calibrating delay loop... 789.70 BogoMIPS (lpj=3948544)
Jul 25 18:30:40 witherspoon kernel[993]: [    0.090000] pid_max: default: 32768 minimum: 301
Jul 25 18:30:40 witherspoon kernel[993]: [    0.090000] Mount-cache hash table entries: 1024 (order: 0, 4096 bytes)
Jul 25 18:30:40 witherspoon kernel[993]: [    0.090000] Mountpoint-cache hash table entries: 1024 (order: 0, 4096 bytes)
Jul 25 18:30:40 witherspoon kernel[993]: [    0.090000] CPU: Testing write buffer coherency: ok
Jul 25 18:30:40 witherspoon kernel[993]: [    0.090000] ftrace: allocating 14933 entries in 44 pages
Jul 25 18:30:40 witherspoon kernel[993]: [    0.120000] Setting up static identity map for 0x80008200 - 0x8000825c
Jul 25 18:30:40 witherspoon kernel[993]: [    0.120000] devtmpfs: initialized
Jul 25 18:30:40 witherspoon kernel[993]: [    0.140000] clocksource: jiffies: mask: 0xffffffff max_cycles: 0xffffffff, max_idle_ns: 19112604462750000 ns
Jul 25 18:30:40 witherspoon kernel[993]: [    0.140000] futex hash table entries: 256 (order: -1, 3072 bytes)
Jul 25 18:30:40 witherspoon kernel[993]: [    0.140000] pinctrl core: initialized pinctrl subsystem
Jul 25 18:30:40 witherspoon kernel[993]: [    0.140000] NET: Registered protocol family 16
Jul 25 18:30:40 witherspoon kernel[993]: [    0.140000] DMA: preallocated 256 KiB pool for atomic coherent allocations
Jul 25 18:30:40 witherspoon kernel[993]: [    0.210000] usbcore: registered new interface driver usbfs
Jul 25 18:30:40 witherspoon kernel[993]: [    0.210000] usbcore: registered new interface driver hub
Jul 25 18:30:40 witherspoon kernel[993]: [    0.210000] usbcore: registered new device driver usb
Jul 25 18:30:40 witherspoon kernel[993]: [    0.220000] clocksource: Switched to clocksource moxart_timer
Jul 25 18:30:40 witherspoon kernel[993]: [    0.230000] NET: Registered protocol family 2
Jul 25 18:30:40 witherspoon kernel[993]: [    0.240000] TCP established hash table entries: 4096 (order: 2, 16384 bytes)
Jul 25 18:30:40 witherspoon kernel[993]: [    0.240000] TCP bind hash table entries: 4096 (order: 2, 16384 bytes)
Jul 25 18:30:40 witherspoon kernel[993]: [    0.240000] TCP: Hash tables configured (established 4096 bind 4096)
Jul 25 18:30:40 witherspoon kernel[993]: [    0.240000] UDP hash table entries: 256 (order: 0, 4096 bytes)
Jul 25 18:30:40 witherspoon kernel[993]: [    0.240000] UDP-Lite hash table entries: 256 (order: 0, 4096 bytes)
Jul 25 18:30:40 witherspoon kernel[993]: [    0.240000] NET: Registered protocol family 1
Jul 25 18:30:40 witherspoon kernel[993]: [    0.240000] Trying to unpack rootfs image as initramfs...
Jul 25 18:30:40 witherspoon kernel[993]: [    1.910000] Freeing initrd memory: 1548K
Jul 25 18:30:40 witherspoon kernel[993]: [    1.910000] workingset: timestamp_bits=30 max_order=17 bucket_order=0
Jul 25 18:30:40 witherspoon kernel[993]: [    1.910000] squashfs: version 4.0 (2009/01/31) Phillip Lougher
Jul 25 18:30:40 witherspoon kernel[993]: [    1.910000] jffs2: version 2.2. (SUMMARY)  © 2001-2006 Red Hat, Inc.
Jul 25 18:30:40 witherspoon kernel[993]: [    1.910000] Block layer SCSI generic (bsg) driver version 0.4 loaded (major 250)
Jul 25 18:30:40 witherspoon kernel[993]: [    1.910000] io scheduler noop registered
Jul 25 18:30:40 witherspoon kernel[993]: [    1.910000] io scheduler deadline registered
Jul 25 18:30:40 witherspoon kernel[993]: [    1.910000] io scheduler cfq registered (default)
Jul 25 18:30:40 witherspoon kernel[993]: [    2.060000] ipmi-bt-host 1e789140.ibt: Found bt bmc device
Jul 25 18:30:40 witherspoon kernel[993]: [    2.060000] ipmi-bt-host 1e789140.ibt: Using IRQ 22
Jul 25 18:30:40 witherspoon kernel[993]: [    2.060000] Serial: 8250/16550 driver, 6 ports, IRQ sharing enabled
Jul 25 18:30:40 witherspoon kernel[993]: [    2.060000] 1e783000.serial: ttyS0 at MMIO 0x1e783000 (irq = 23, base_baud = 1500000) is a 16550A
Jul 25 18:30:40 witherspoon kernel[993]: [    2.060000] 1e78d000.serial: ttyS1 at MMIO 0x1e78d000 (irq = 24, base_baud = 1500000) is a 16550A
Jul 25 18:30:40 witherspoon kernel[993]: [    2.060000] 1e784000.serial: ttyS4 at MMIO 0x1e784000 (irq = 25, base_baud = 1500000) is a 16550A
Jul 25 18:30:40 witherspoon kernel[993]: [    2.410000] console [ttyS4] enabled
Jul 25 18:30:40 witherspoon kernel[993]: [    2.410000] 1e787000.vuart: ttyS2 at MMIO 0x1e787000 (irq = 22, base_baud = 1500000) is a 16550A
Jul 25 18:30:40 witherspoon kernel[993]: [    2.600000] timeriomem_rng 1e6e2078.hwrng: 32bits from 0xf00e2078 @ 1us
Jul 25 18:30:40 witherspoon kernel[993]: [    2.610000] random: fast init done
Jul 25 18:30:40 witherspoon kernel[993]: [    2.650000] brd: module loaded
Jul 25 18:30:40 witherspoon kernel[993]: [    2.670000] random: crng init done
Jul 25 18:30:40 witherspoon kernel[993]: [    2.680000] loop: module loaded
Jul 25 18:30:40 witherspoon kernel[993]: [    2.690000] aspeed-lpc-ctrl 1e789080.lpc-ctrl: Loaded at 0x98000000 (0x04000000)
Jul 25 18:30:40 witherspoon kernel[993]: [    2.700000] aspeed-smc 1e620000.flash-controller: Using IRQ 18
Jul 25 18:30:40 witherspoon kernel[993]: [    2.700000] aspeed-smc 1e620000.flash-controller: DMA support disabled.
Jul 25 18:30:40 witherspoon kernel[993]: [    2.700000] aspeed-smc 1e620000.flash-controller: mx25l25635e (32768 Kbytes)
Jul 25 18:30:40 witherspoon kernel[993]: [    2.720000] aspeed-smc 1e620000.flash-controller: CE0 window [ 0x20000000 - 0x22000000 ] 32MB
Jul 25 18:30:40 witherspoon kernel[993]: [    2.720000] aspeed-smc 1e620000.flash-controller: CE1 window [ 0x22000000 - 0x2a000000 ] 128MB
Jul 25 18:30:40 witherspoon kernel[993]: [    2.720000] 5 ofpart partitions found on MTD device bmc
Jul 25 18:30:40 witherspoon kernel[993]: [    2.720000] Creating 5 MTD partitions on "bmc":
Jul 25 18:30:40 witherspoon kernel[993]: [    2.750000] 0x000000000000-0x000000060000 : "u-boot"
Jul 25 18:30:40 witherspoon kernel[993]: [    2.750000] 0x000000060000-0x000000080000 : "u-boot-env"
Jul 25 18:30:40 witherspoon kernel[993]: [    2.750000] 0x000000080000-0x0000004c0000 : "kernel"
Jul 25 18:30:40 witherspoon kernel[993]: [    2.750000] 0x0000004c0000-0x000001c00000 : "rofs"
Jul 25 18:30:40 witherspoon kernel[993]: [    2.790000] 0x000001c00000-0x000002000000 : "rwfs"
Jul 25 18:30:40 witherspoon kernel[993]: [    2.790000] aspeed-smc 1e620000.flash-controller: mx25l25635e (32768 Kbytes)
Jul 25 18:30:40 witherspoon kernel[993]: [    2.800000] aspeed-smc 1e620000.flash-controller: CE1 window [ 0x22000000 - 0x24000000 ] 32MB
Jul 25 18:30:40 witherspoon kernel[993]: [    2.800000] aspeed-smc 1e620000.flash-controller: CE2 window [ 0x24000000 - 0x2c000000 ] 128MB
Jul 25 18:30:40 witherspoon kernel[993]: [    2.830000] aspeed-smc 1e630000.flash-controller: mx66l1g45g (131072 Kbytes)
Jul 25 18:30:40 witherspoon kernel[993]: [    2.840000] aspeed-smc 1e630000.flash-controller: CE0 window resized to 120MB (AST2500 HW quirk)
Jul 25 18:30:40 witherspoon kernel[993]: [    2.840000] aspeed-smc 1e630000.flash-controller: CE0 window [ 0x30000000 - 0x37800000 ] 120MB
Jul 25 18:30:40 witherspoon kernel[993]: [    2.840000] aspeed-smc 1e630000.flash-controller: CE0 window too small for chip 128MB
Jul 25 18:30:40 witherspoon kernel[993]: [    2.860000] aspeed-smc 1e630000.flash-controller: CE1 window [ 0x37800000 - 0x38000000 ] 8MB
Jul 25 18:30:40 witherspoon kernel[993]: [    3.610000] libphy: Fixed MDIO Bus: probed
Jul 25 18:30:40 witherspoon kernel[993]: [    3.610000] ftgmac100 1e660000.ethernet: Read MAC address 70:e2:84:14:23:e1 from chip
Jul 25 18:30:40 witherspoon kernel[993]: [    3.610000] ftgmac100 1e660000.ethernet: Using NCSI interface
Jul 25 18:30:40 witherspoon kernel[993]: [    3.610000] ftgmac100 1e660000.ethernet eth0: irq 20, mapped at f0060000
Jul 25 18:30:40 witherspoon kernel[993]: [    3.610000] ehci_hcd: USB 2.0 'Enhanced' Host Controller (EHCI) Driver
Jul 25 18:30:40 witherspoon kernel[993]: [    3.610000] ehci-platform: EHCI generic platform driver
Jul 25 18:30:40 witherspoon kernel[993]: [    3.840000]  fsi0: can't read slave 00:00 -5
Jul 25 18:30:40 witherspoon kernel[993]: [    3.840000] i2c /dev entries driver
Jul 25 18:30:40 witherspoon kernel[993]: [    3.840000] aspeed-i2c-bus 1e78a0c0.i2c-bus: i2c bus 2 registered, irq 26
Jul 25 18:30:40 witherspoon kernel[993]: [    3.840000] aspeed-i2c-bus 1e78a100.i2c-bus: i2c bus 3 registered, irq 27
Jul 25 18:30:40 witherspoon kernel[993]: [    3.840000] aspeed-i2c-bus 1e78a140.i2c-bus: i2c bus 4 registered, irq 28
Jul 25 18:30:40 witherspoon kernel[993]: [    3.840000] aspeed-i2c-bus 1e78a180.i2c-bus: i2c bus 5 registered, irq 29
Jul 25 18:30:40 witherspoon kernel[993]: [    3.840000] aspeed-i2c-bus 1e78a380.i2c-bus: i2c bus 9 registered, irq 30
Jul 25 18:30:40 witherspoon kernel[993]: [    3.840000] aspeed-i2c-bus 1e78a3c0.i2c-bus: i2c bus 10 registered, irq 31
Jul 25 18:30:40 witherspoon kernel[993]: [    3.840000] rtc-rv8803 11-0032: Voltage low, temperature compensation stopped.
Jul 25 18:30:40 witherspoon kernel[993]: [    3.840000] rtc-rv8803 11-0032: An alarm maybe have been missed.
Jul 25 18:30:40 witherspoon kernel[993]: [    3.940000] rtc-rv8803 11-0032: rtc core: registered rx8900 as rtc0
Jul 25 18:30:40 witherspoon kernel[993]: [    3.950000] at24 11-0051: 8192 byte 24c64 EEPROM, writable, 1 bytes/write
Jul 25 18:30:40 witherspoon kernel[993]: [    3.950000] aspeed-i2c-bus 1e78a400.i2c-bus: i2c bus 11 registered, irq 32
Jul 25 18:30:40 witherspoon kernel[993]: [    3.950000] aspeed-i2c-bus 1e78a440.i2c-bus: i2c bus 12 registered, irq 33
Jul 25 18:30:40 witherspoon kernel[993]: [    3.950000] aspeed-i2c-bus 1e78a480.i2c-bus: i2c bus 13 registered, irq 34
Jul 25 18:30:40 witherspoon kernel[993]: [    3.950000] Driver for 1-wire Dallas network protocol.
Jul 25 18:30:40 witherspoon kernel[993]: [    3.950000] lm75 9-004a: hwmon0: sensor 'tmp275'
Jul 25 18:30:40 witherspoon kernel[993]: [    4.430000] ucd9000 11-0064: Device ID UCD90160|2.3.4.0000|110603
Jul 25 18:30:40 witherspoon kernel[993]: [    4.760000] leds-pca955x 3-0060: leds-pca955x: Using pca9552 16-bit LED driver at slave address 0x60
Jul 25 18:30:40 witherspoon kernel[993]: [    4.780000] leds-pca955x 11-0060: leds-pca955x: Using pca9552 16-bit LED driver at slave address 0x60
Jul 25 18:30:40 witherspoon kernel[993]: [    4.790000] leds-pca955x 11-0060: gpios 264...279
Jul 25 18:30:40 witherspoon kernel[993]: [    4.800000] usbcore: registered new interface driver usbhid
Jul 25 18:30:40 witherspoon kernel[993]: [    4.800000] usbhid: USB HID core driver
Jul 25 18:30:40 witherspoon kernel[993]: [    4.850000] dps310: probe of 3-0076 failed with error -5
Jul 25 18:30:40 witherspoon kernel[993]: [    4.850000] NET: Registered protocol family 10
Jul 25 18:30:40 witherspoon kernel[993]: [    4.860000] Segment Routing with IPv6
Jul 25 18:30:40 witherspoon kernel[993]: [    4.860000] NET: Registered protocol family 17
Jul 25 18:30:40 witherspoon kernel[993]: [    4.860000] 8021q: 802.1Q VLAN Support v1.8
Jul 25 18:30:40 witherspoon kernel[993]: [    4.880000] console [netcon0] enabled
Jul 25 18:30:40 witherspoon kernel[993]: [    4.880000] netconsole: network logging started
Jul 25 18:30:40 witherspoon kernel[993]: [    4.880000] input: gpio-keys as /devices/platform/gpio-keys/input/input0
Jul 25 18:30:40 witherspoon kernel[993]: [    4.880000] rtc-rv8803 11-0032: setting system clock to 2017-07-25 18:30:04 UTC (1501007404)
Jul 25 18:30:40 witherspoon kernel[993]: [    4.880000] Freeing unused kernel memory: 284K
Jul 25 18:30:40 witherspoon kernel[993]: [    4.880000] This architecture does not have kernel memory protection.
Jul 25 18:30:40 witherspoon kernel[993]: [    6.680000] jffs2: notice: (526) jffs2_build_xattr_subsystem: complete building xattr subsystem, 0 of xdatum (0 unchecked, 0 orphan) and 0 of xref (0 dead, 0 orphan) found.
Jul 25 18:30:40 witherspoon kernel[993]: [    8.860000] systemd[1]: Failed to insert module 'autofs4': No such file or directory
Jul 25 18:30:40 witherspoon kernel[993]: [    9.060000] systemd[1]: systemd 232 running in system mode. (+PAM -AUDIT -SELINUX -IMA -APPARMOR -SMACK +SYSVINIT -UTMP -LIBCRYPTSETUP -GCRYPT -GNUTLS +ACL +XZ -LZ4 -SECCOMP +BLKID -ELFUTILS +KMOD -IDN)
Jul 25 18:30:40 witherspoon kernel[993]: [    9.060000] systemd[1]: Detected architecture arm.
Jul 25 18:30:40 witherspoon kernel[993]: [    9.150000] systemd[1]: Set hostname to <witherspoon>.
Jul 25 18:30:40 witherspoon kernel[993]: [   10.650000] systemd[1]: Listening on udev Control Socket.
Jul 25 18:30:40 witherspoon kernel[993]: [   10.730000] systemd[1]: Reached target Swap.
Jul 25 18:30:40 witherspoon kernel[993]: [   10.760000] systemd[1]: Started Dispatch Password Requests to Console Directory Watch.
Jul 25 18:30:40 witherspoon kernel[993]: [   10.800000] systemd[1]: Listening on Journal Socket (/dev/log).
Jul 25 18:30:40 witherspoon kernel[993]: [   10.860000] systemd[1]: Reached target Remote File Systems.
Jul 25 18:30:40 witherspoon kernel[993]: [   10.890000] systemd[1]: Listening on Network Service Netlink Socket.
Jul 25 18:30:40 witherspoon kernel[993]: [   10.930000] systemd[1]: Started Forward Password Requests to Wall Directory Watch.
Jul 25 18:30:40 witherspoon kernel[993]: [   14.080000] systemd[1]: Created slice system-org.openbmc.control.Chassis.slice.
Jul 25 18:30:40 witherspoon kernel[993]: [   14.340000] systemd[1]: Created slice system-op\x2dreset\x2dchassis\x2drunning.slice.
Jul 25 18:30:40 witherspoon kernel[993]: [   14.610000] systemd[1]: Starting Apply Kernel Variables...
Jul 25 18:30:40 witherspoon kernel[993]: [   14.890000] systemd[1]: Created slice system-phosphor\x2dreset\x2dhost\x2dcheck.slice.
Jul 25 18:30:40 witherspoon kernel[993]: [   15.180000] systemd[1]: Created slice system-mapper\x2dwait.slice.
Jul 25 18:30:40 witherspoon kernel[993]: [   15.480000] systemd[1]: Created slice system-phosphor\x2ddiscover\x2dsystem\x2dstate.slice.
Jul 25 18:30:44 witherspoon systemd-networkd[982]: Enumeration completed
Jul 25 18:30:40 witherspoon kernel[993]: [   15.790000] systemd[1]: Created slice system-getty.slice.
Jul 25 18:30:44 witherspoon systemd[1]: Started Network Service.
Jul 25 18:30:40 witherspoon kernel[993]: [   16.110000] systemd[1]: Created slice system-org.openbmc.control.Bmc.slice.
Jul 25 18:30:44 witherspoon systemd[1]: Reached target Network.
Jul 25 18:30:40 witherspoon kernel[993]: [   16.440000] systemd[1]: Mounted Debug File System.
Jul 25 18:30:44 witherspoon systemd-networkd[982]: eth0: IPv6 enabled for interface: Success
Jul 25 18:30:40 witherspoon kernel[993]: [   16.780000] systemd[1]: Mounted Temporary Directory.
Jul 25 18:30:44 witherspoon systemd[1]: Started Lightweight SLP Server.
Jul 25 18:30:40 witherspoon kernel[993]: [   19.440000] systemd-journald[656]: Received request to flush runtime journal from PID 1
Jul 25 18:30:44 witherspoon systemd[1]: Starting Permit User Sessions...
Jul 25 18:30:44 witherspoon avahi-daemon[977]: Joining mDNS multicast group on interface eth0.IPv4 with address 9.3.86.161.
Jul 25 18:30:44 witherspoon systemd-networkd[982]: eth0: Gained carrier
Jul 25 18:30:44 witherspoon avahi-daemon[977]: New relevant interface eth0.IPv4 for mDNS.
Jul 25 18:30:44 witherspoon systemd-timesyncd[905]: Network configuration changed, trying to establish connection.
Jul 25 18:30:44 witherspoon avahi-daemon[977]: Registering new address record for 9.3.86.161 on eth0.IPv4.
Jul 25 18:30:45 witherspoon openpower-update-manager[992]: Error PNOR current version is empty
Jul 25 18:30:45 witherspoon avahi-daemon[977]: Joining mDNS multicast group on interface eth0.IPv6 with address fe80::72e2:84ff:fe14:23e1.
Jul 25 18:30:45 witherspoon systemd[1]: Started Permit User Sessions.
Jul 25 18:30:45 witherspoon avahi-daemon[977]: New relevant interface eth0.IPv6 for mDNS.
Jul 25 18:30:45 witherspoon systemd[1]: Started OpenPower Software Update Manager.
Jul 25 18:30:45 witherspoon avahi-daemon[977]: Registering new address record for fe80::72e2:84ff:fe14:23e1 on eth0.*.
Jul 25 18:30:45 witherspoon systemd[1]: Started Phosphor Dump Manager.
Jul 25 18:30:45 witherspoon systemd[1]: Starting Phosphor Version Software Manager...
Jul 25 18:30:45 witherspoon systemd[1]: Started Serial Getty on ttyS4.
Jul 25 18:30:45 witherspoon systemd[1]: Reached target Login Prompts.
Jul 25 18:30:45 witherspoon systemd[1]: Reached target Multi-User System.
Jul 25 18:30:45 witherspoon systemd-networkd[982]: eth0: Gained IPv6LL
Jul 25 18:30:46 witherspoon systemd[1]: Started Phosphor Version Software Manager.
Jul 25 18:30:48 witherspoon kernel: ftgmac100 1e660000.ethernet eth0: NCSI interface up
Jul 25 18:30:48 witherspoon kernel[993]: [   48.870000] ftgmac100 1e660000.ethernet eth0: NCSI interface up
Jul 25 18:30:49 witherspoon avahi-daemon[977]: Withdrawing address record for fe80::72e2:84ff:fe14:23e1 on eth0.
Jul 25 18:30:50 witherspoon avahi-daemon[977]: Host name conflict, retrying with witherspoon-2
Jul 25 18:30:50 witherspoon avahi-daemon[977]: Registering new address record for fe80::72e2:84ff:fe14:23e1 on eth0.*.
Jul 25 18:30:50 witherspoon avahi-daemon[977]: Registering new address record for 9.3.86.161 on eth0.IPv4.
Jul 25 18:30:50 witherspoon avahi-daemon[977]: Withdrawing address record for fe80::72e2:84ff:fe14:23e1 on eth0.
Jul 25 18:30:50 witherspoon avahi-daemon[977]: Host name conflict, retrying with witherspoon-3
Jul 25 18:30:50 witherspoon avahi-daemon[977]: Registering new address record for fe80::72e2:84ff:fe14:23e1 on eth0.*.
Jul 25 18:30:50 witherspoon avahi-daemon[977]: Registering new address record for 9.3.86.161 on eth0.IPv4.
Jul 25 18:30:52 witherspoon avahi-daemon[977]: Withdrawing address record for 9.3.86.161 on eth0.
Jul 25 18:30:52 witherspoon avahi-daemon[977]: Host name conflict, retrying with witherspoon-4
Jul 25 18:30:52 witherspoon avahi-daemon[977]: Registering new address record for fe80::72e2:84ff:fe14:23e1 on eth0.*.
Jul 25 18:30:52 witherspoon avahi-daemon[977]: Registering new address record for 9.3.86.161 on eth0.IPv4.
Jul 25 18:30:53 witherspoon avahi-daemon[977]: Withdrawing address record for 9.3.86.161 on eth0.
Jul 25 18:30:53 witherspoon avahi-daemon[977]: Host name conflict, retrying with witherspoon-5
Jul 25 18:30:53 witherspoon avahi-daemon[977]: Registering new address record for fe80::72e2:84ff:fe14:23e1 on eth0.*.
Jul 25 18:30:53 witherspoon avahi-daemon[977]: Registering new address record for 9.3.86.161 on eth0.IPv4.
Jul 25 18:30:54 witherspoon avahi-daemon[977]: Withdrawing address record for 9.3.86.161 on eth0.
Jul 25 18:30:54 witherspoon avahi-daemon[977]: Host name conflict, retrying with witherspoon-6
Jul 25 18:30:54 witherspoon avahi-daemon[977]: Registering new address record for fe80::72e2:84ff:fe14:23e1 on eth0.*.
Jul 25 18:30:54 witherspoon avahi-daemon[977]: Registering new address record for 9.3.86.161 on eth0.IPv4.
Jul 25 18:30:55 witherspoon avahi-daemon[977]: Withdrawing address record for 9.3.86.161 on eth0.
Jul 25 18:30:55 witherspoon avahi-daemon[977]: Host name conflict, retrying with witherspoon-7
Jul 25 18:30:55 witherspoon avahi-daemon[977]: Registering new address record for fe80::72e2:84ff:fe14:23e1 on eth0.*.
Jul 25 18:30:55 witherspoon avahi-daemon[977]: Registering new address record for 9.3.86.161 on eth0.IPv4.
Jul 25 18:30:56 witherspoon avahi-daemon[977]: Withdrawing address record for 9.3.86.161 on eth0.
Jul 25 18:30:56 witherspoon avahi-daemon[977]: Host name conflict, retrying with witherspoon-8
Jul 25 18:30:56 witherspoon avahi-daemon[977]: Registering new address record for fe80::72e2:84ff:fe14:23e1 on eth0.*.
Jul 25 18:30:56 witherspoon avahi-daemon[977]: Registering new address record for 9.3.86.161 on eth0.IPv4.
Jul 25 18:30:56 witherspoon systemd[1]: Started Phosphor Download Manager.
Jul 25 18:30:56 witherspoon download_manager.py[988]: Running Download Manager
Jul 25 18:30:56 witherspoon sensor_manager2.py[976]: Setting boot count to 3
Jul 25 18:30:56 witherspoon systemd[1]: Started Phosphor Sensor Manager.
Jul 25 18:30:56 witherspoon sensor_manager2.py[976]: Starting sensor manager
Jul 25 18:30:57 witherspoon systemd[1]: Started Phosphor Chassis0 Control.
Jul 25 18:30:57 witherspoon chassis_control.py[975]: Running ChassisControlService
Jul 25 18:30:57 witherspoon inventory_items.py[974]: Loading from cache: /var/cache/obmc/org.openbmc.inventory.system.chassis.motherboard.apss@org.openbmc.InventoryItem.props
Jul 25 18:30:57 witherspoon inventory_items.py[974]: Loading from cache: /var/cache/obmc/org.openbmc.inventory.system.chassis.motherboard@org.openbmc.InventoryItem.props
Jul 25 18:30:57 witherspoon inventory_items.py[974]: Loading from cache: /var/cache/obmc/org.openbmc.inventory.system.chassis.motherboard.refclock@org.openbmc.InventoryItem.props
Jul 25 18:30:57 witherspoon inventory_items.py[974]: Loading from cache: /var/cache/obmc/org.openbmc.inventory.system.chassis.motherboard.cpu1.core7@org.openbmc.InventoryItem.props
Jul 25 18:30:57 witherspoon inventory_items.py[974]: Loading from cache: /var/cache/obmc/org.openbmc.inventory.system.chassis.motherboard.cpu1.core4@org.openbmc.InventoryItem.props
Jul 25 18:30:57 witherspoon systemd[1]: Created slice system-dropbear.slice.
Jul 25 18:30:57 witherspoon avahi-daemon[977]: Withdrawing address record for 9.3.86.161 on eth0.
Jul 25 18:30:57 witherspoon inventory_items.py[974]: Loading from cache: /var/cache/obmc/org.openbmc.inventory.system.chassis.motherboard.cpu1.core1@org.openbmc.InventoryItem.props
Jul 25 18:30:57 witherspoon inventory_items.py[974]: Loading from cache: /var/cache/obmc/org.openbmc.inventory.system.chassis.motherboard.cpu1.core10@org.openbmc.InventoryItem.props
Jul 25 18:30:57 witherspoon inventory_items.py[974]: Loading from cache: /var/cache/obmc/org.openbmc.inventory.system.chassis.motherboard.todclock@org.openbmc.InventoryItem.props
Jul 25 18:30:57 witherspoon inventory_items.py[974]: Loading from cache: /var/cache/obmc/org.openbmc.inventory.system.chassis.motherboard.cpu1@org.openbmc.InventoryItem.props
Jul 25 18:30:57 witherspoon inventory_items.py[974]: Loading from cache: /var/cache/obmc/org.openbmc.inventory.system.chassis.motherboard.bmc@org.openbmc.InventoryItem.props
Jul 25 18:30:57 witherspoon inventory_items.py[974]: Caching: /org/openbmc/inventory/system/chassis/motherboard/bmc
Jul 25 18:30:57 witherspoon inventory_items.py[974]: Loading from cache: /var/cache/obmc/org.openbmc.inventory.system.chassis.motherboard.cpu0.core1@org.openbmc.InventoryItem.props
Jul 25 18:30:57 witherspoon inventory_items.py[974]: Loading from cache: /var/cache/obmc/org.openbmc.inventory.system.chassis.motherboard.cpu0.core7@org.openbmc.InventoryItem.props
Jul 25 18:30:57 witherspoon inventory_items.py[974]: Loading from cache: /var/cache/obmc/org.openbmc.inventory.system.chassis.motherboard.cpu0.core4@org.openbmc.InventoryItem.props
Jul 25 18:30:57 witherspoon inventory_items.py[974]: Loading from cache: /var/cache/obmc/org.openbmc.inventory.system.chassis.motherboard.pcieclock@org.openbmc.InventoryItem.props
Jul 25 18:30:57 witherspoon systemd[1]: Started SSH Per-Connection Server (9.41.165.94:42990).
Jul 25 18:30:57 witherspoon avahi-daemon[977]: Host name conflict, retrying with witherspoon-9
Jul 25 18:30:57 witherspoon avahi-daemon[977]: Registering new address record for fe80::72e2:84ff:fe14:23e1 on eth0.*.
Jul 25 18:30:57 witherspoon avahi-daemon[977]: Registering new address record for 9.3.86.161 on eth0.IPv4.
Jul 25 18:30:57 witherspoon dropbear[1008]: Failed loading /etc/dropbear/dropbear_dss_host_key
Jul 25 18:30:57 witherspoon dropbear[1008]: Failed loading /etc/dropbear/dropbear_ecdsa_host_key
Jul 25 18:30:57 witherspoon dropbear[1008]: Child connection from ::ffff:9.41.165.94:42990
Jul 25 18:30:58 witherspoon inventory_items.py[974]: Loading from cache: /var/cache/obmc/org.openbmc.inventory.system.chassis.motherboard.cpu0.core10@org.openbmc.InventoryItem.props
Jul 25 18:30:58 witherspoon systemd[1]: Started Phosphor Inventory Manager.
Jul 25 18:30:58 witherspoon inventory_items.py[974]: Running Inventory Manager
Jul 25 18:30:58 witherspoon systemd-networkd[982]: eth0: Configured
Jul 25 18:30:58 witherspoon systemd-timesyncd[905]: Network configuration changed, trying to establish connection.
Jul 25 18:30:58 witherspoon avahi-daemon[977]: Withdrawing address record for 9.3.86.161 on eth0.
Jul 25 18:30:58 witherspoon avahi-daemon[977]: Host name conflict, retrying with witherspoon-10
Jul 25 18:30:58 witherspoon avahi-daemon[977]: Registering new address record for fe80::72e2:84ff:fe14:23e1 on eth0.*.
Jul 25 18:30:58 witherspoon avahi-daemon[977]: Registering new address record for 9.3.86.161 on eth0.IPv4.
Jul 25 18:30:59 witherspoon avahi-daemon[977]: Withdrawing address record for fe80::72e2:84ff:fe14:23e1 on eth0.
Jul 25 18:30:59 witherspoon avahi-daemon[977]: Host name conflict, retrying with witherspoon-11
Jul 25 18:30:59 witherspoon avahi-daemon[977]: Registering new address record for fe80::72e2:84ff:fe14:23e1 on eth0.*.
Jul 25 18:30:59 witherspoon avahi-daemon[977]: Registering new address record for 9.3.86.161 on eth0.IPv4.
Jul 25 18:30:59 witherspoon phosphor-mapper[970]: ObjectMapper startup complete.  Discovery in progress...
Jul 25 18:31:00 witherspoon avahi-daemon[977]: Withdrawing address record for fe80::72e2:84ff:fe14:23e1 on eth0.
Jul 25 18:31:00 witherspoon avahi-daemon[977]: Host name conflict, retrying with witherspoon-12
Jul 25 18:31:00 witherspoon avahi-daemon[977]: Registering new address record for fe80::72e2:84ff:fe14:23e1 on eth0.*.
Jul 25 18:31:00 witherspoon avahi-daemon[977]: Registering new address record for 9.3.86.161 on eth0.IPv4.
Jul 25 18:31:00 witherspoon avahi-daemon[980]: ../../avahi-0.6.32/avahi-daemon/chroot.c: open() failed: No such file or directory
Jul 25 18:31:00 witherspoon avahi-daemon[977]: Failed to open /usr/share/dbus-1/interfaces/org.freedesktop.Avahi.Server.xml: Invalid argument
Jul 25 18:31:00 witherspoon avahi-daemon[977]: Failed to load introspection data.
Jul 25 18:31:01 witherspoon avahi-daemon[977]: Withdrawing address record for 9.3.86.161 on eth0.
Jul 25 18:31:01 witherspoon avahi-daemon[977]: Host name conflict, retrying with witherspoon-13
Jul 25 18:31:01 witherspoon avahi-daemon[977]: Registering new address record for fe80::72e2:84ff:fe14:23e1 on eth0.*.
Jul 25 18:31:01 witherspoon avahi-daemon[977]: Registering new address record for 9.3.86.161 on eth0.IPv4.
Jul 25 18:31:02 witherspoon avahi-daemon[977]: Withdrawing address record for 9.3.86.161 on eth0.
Jul 25 18:31:02 witherspoon avahi-daemon[977]: Host name conflict, retrying with witherspoon-14
Jul 25 18:31:02 witherspoon avahi-daemon[977]: Registering new address record for fe80::72e2:84ff:fe14:23e1 on eth0.*.
Jul 25 18:31:02 witherspoon avahi-daemon[977]: Registering new address record for 9.3.86.161 on eth0.IPv4.
Jul 25 18:31:03 witherspoon systemd[1]: Started Phosphor User Manager.
Jul 25 18:31:03 witherspoon obmc-phosphor-userd[989]: Started
Jul 25 18:31:03 witherspoon avahi-daemon[977]: Withdrawing address record for 9.3.86.161 on eth0.
Jul 25 18:31:03 witherspoon avahi-daemon[977]: Host name conflict, retrying with witherspoon-15
Jul 25 18:31:03 witherspoon avahi-daemon[977]: Registering new address record for fe80::72e2:84ff:fe14:23e1 on eth0.*.
Jul 25 18:31:03 witherspoon avahi-daemon[977]: Registering new address record for 9.3.86.161 on eth0.IPv4.
Jul 25 18:31:04 witherspoon dropbear[1008]: PAM password auth succeeded for 'root' from ::ffff:9.41.165.94:42990
Jul 25 18:31:04 witherspoon dropbear[1009]: lastlog_perform_login: Couldn't stat /var/log/lastlog: No such file or directory
Jul 25 18:31:04 witherspoon dropbear[1009]: lastlog_openseek: /var/log/lastlog is not a file or directory!
Jul 25 18:31:04 witherspoon systemd[1]: Started Phosphor Network Manager.
Jul 25 18:31:04 witherspoon netman.py[949]: Started
Jul 25 18:31:14 witherspoon phosphor-mapper[970]: ObjectMapper discovery complete
Jul 25 18:31:14 witherspoon systemd[1]: Started Phosphor DBus Service Discovery Manager.
Jul 25 18:31:14 witherspoon systemd[1]: Reached target Phosphor Object Mapper.
Jul 25 18:31:14 witherspoon systemd[1]: Starting Wait for /org/openbmc/managers/Download...
Jul 25 18:31:14 witherspoon systemd[1]: Starting Wait for /org/openbmc/control/flash/bios...
Jul 25 18:31:14 witherspoon systemd[1]: Starting Phoshpor System Manager...
Jul 25 18:31:14 witherspoon systemd[1]: Starting Wait for /xyz/openbmc_project/inventory...
Jul 25 18:31:15 witherspoon systemd[1]: Starting Wait for /xyz/openbmc_project/led/groups/bmc_booted...
Jul 25 18:31:15 witherspoon systemd[1]: Starting Wait for /org/openbmc/control/power0...
Jul 25 18:31:15 witherspoon systemd[1]: Starting Wait for /xyz/openbmc_project/control/host0...
Jul 25 18:31:15 witherspoon systemd[1]: Reached target Webserver (pre).
Jul 25 18:31:15 witherspoon systemd[1]: Started Phosphor Webserver.
Jul 25 18:31:15 witherspoon systemd[1]: Started Phosphor DBus Monitor.
Jul 25 18:31:15 witherspoon systemd[1]: Starting Wait for /xyz/openbmc_project/state/chassis0...
Jul 25 18:31:15 witherspoon systemd[1]: Starting Wait for /xyz/openbmc_project/state/host0...
Jul 25 18:31:15 witherspoon systemd[1]: Starting Wait for /xyz/openbmc_project/led/groups...
Jul 25 18:31:15 witherspoon systemd[1]: Starting Wait for /org/openbmc/NetworkManager/Interface...
Jul 25 18:31:15 witherspoon systemd[1]: Starting Wait for /org/openbmc/control/bmc0...
Jul 25 18:31:15 witherspoon systemd[1]: Starting Phosphor Settings Manager...
Jul 25 18:31:15 witherspoon systemd[1]: Starting Wait for /org/openbmc/managers/System...
Jul 25 18:31:15 witherspoon systemd[1]: Starting Phosphor Network Manager...
Jul 25 18:31:16 witherspoon systemd[1]: Started Wait for /org/openbmc/managers/Download.
Jul 25 18:31:16 witherspoon systemd[1]: Starting Phosphor BIOS Code Update...
Jul 25 18:31:17 witherspoon systemd[1]: Started Wait for /org/openbmc/control/bmc0.
Jul 25 18:31:17 witherspoon phosphor-network-manager[1031]: ConfigParser: Section not found
Jul 25 18:31:17 witherspoon phosphor-network-manager[1031]: The operation failed internally.
Jul 25 18:31:17 witherspoon systemd[1]: Starting Phosphor BMC Code Update...
Jul 25 18:31:17 witherspoon systemd[1]: Started Wait for /org/openbmc/NetworkManager/Interface.
Jul 25 18:31:17 witherspoon systemd[1]: Started Phosphor DNS Settings Cache Manager.
Jul 25 18:31:17 witherspoon systemd[1]: Started Wait for /xyz/openbmc_project/led/groups/bmc_booted.
Jul 25 18:31:18 witherspoon systemd[1]: Starting Assert bmc_booted LED...
Jul 25 18:31:18 witherspoon systemd[1]: Started Phosphor BIOS Code Update.
Jul 25 18:31:18 witherspoon systemd[1]: Started Wait for /xyz/openbmc_project/inventory.
Jul 25 18:31:18 witherspoon systemd[1]: Starting OpenPOWER OCC controller...
Jul 25 18:31:18 witherspoon systemd[1]: Started Phosphor Cooling Type.
Jul 25 18:31:18 witherspoon systemd[1]: Starting Read OpenPOWER-format VPD from EEPROM...
Jul 25 18:31:18 witherspoon systemd[1]: Started Wait for /xyz/openbmc_project/led/groups.
Jul 25 18:31:18 witherspoon systemd[1]: Started FRU Fault monitor service.
Jul 25 18:31:19 witherspoon systemd[1]: Started Assert bmc_booted LED.
Jul 25 18:31:21 witherspoon systemd[1]: Started Wait for /org/openbmc/control/flash/bios.
Jul 25 18:31:21 witherspoon systemd[1]: Started Initialize BIOS Flash.
Jul 25 18:31:22 witherspoon phosphor-network-manager[1031]: ConfigParser: Section not found
Jul 25 18:31:22 witherspoon phosphor-network-manager[1031]: The operation failed internally.
Jul 25 18:31:22 witherspoon phosphor-network-manager[1031]: ConfigParser: Key not found
Jul 25 18:31:23 witherspoon avahi-daemon[977]: Withdrawing address record for 9.3.86.161 on eth0.
Jul 25 18:31:22 witherspoon phosphor-network-manager[1031]: The operation failed internally.
Jul 25 18:31:23 witherspoon avahi-daemon[977]: Host name conflict, retrying with witherspoon-16
Jul 25 18:31:23 witherspoon avahi-daemon[977]: Registering new address record for fe80::72e2:84ff:fe14:23e1 on eth0.*.
Jul 25 18:31:23 witherspoon systemd[1]: Started OpenPOWER OCC controller.
Jul 25 18:31:23 witherspoon avahi-daemon[977]: Registering new address record for 9.3.86.161 on eth0.IPv4.
Jul 25 18:31:24 witherspoon phosphor-log-manager[965]: Failed to find metadata
Jul 25 18:31:25 witherspoon flash_bios.exe[1032]: Starting flasher: bios,,/org/openbmc/control/flash/bios,
Jul 25 18:31:25 witherspoon flash_bios.exe[1032]: flasher: , BMC = 1, address = 0x0
Jul 25 18:31:25 witherspoon flash_bios.exe[1032]: Setting up flash
Jul 25 18:31:25 witherspoon flash_bios.exe[1032]: Starting flasher: bios,,/org/openbmc/control/flash/bios,
Jul 25 18:31:25 witherspoon flash_bios.exe[1032]: flasher: , BMC = 1, address = 0x0
Jul 25 18:31:25 witherspoon flash_bios.exe[1032]: Setting up flash
Jul 25 18:31:26 witherspoon systemd[1]: Started Read OpenPOWER-format VPD from EEPROM.
Jul 25 18:31:29 witherspoon system_manager.py[1017]: Running System State: BASE_APPS
Jul 25 18:31:29 witherspoon dbus[978]: [system] Activating via systemd: service name='org.freedesktop.hostname1' unit='dbus-org.freedesktop.hostname1.service'
Jul 25 18:31:30 witherspoon systemd[1]: Starting Hostname Service...
Jul 25 18:31:30 witherspoon system_manager.py[1017]: SystemManager Init Done
Jul 25 18:31:30 witherspoon system_manager.py[1017]: Running SystemManager
Jul 25 18:31:30 witherspoon systemd[1]: Started Phoshpor System Manager.
Jul 25 18:31:30 witherspoon systemd[1065]: systemd-hostnamed.service: Failed at step NETWORK spawning /lib/systemd/systemd-hostnamed: Invalid argument
Jul 25 18:31:30 witherspoon systemd[1]: systemd-hostnamed.service: Main process exited, code=exited, status=225/NETWORK
Jul 25 18:31:30 witherspoon systemd[1]: Failed to start Hostname Service.
Jul 25 18:31:30 witherspoon systemd[1]: systemd-hostnamed.service: Unit entered failed state.
Jul 25 18:31:30 witherspoon systemd[1]: systemd-hostnamed.service: Failed with result 'exit-code'.
Jul 25 18:31:30 witherspoon system_manager.py[1017]: SystemManager Goto System State: BMC_STARTING
Jul 25 18:31:30 witherspoon system_manager.py[1017]: Running System State: BMC_STARTING
Jul 25 18:31:30 witherspoon bmc_update.py[1034]: Running Bmc Flash Control
Jul 25 18:31:30 witherspoon systemd[1]: Started Phosphor BMC Code Update.
Jul 25 18:31:31 witherspoon settings_manager.py[1029]: Running HostSettingsService
Jul 25 18:31:31 witherspoon systemd[1]: Started Phosphor Settings Manager.
Jul 25 18:31:31 witherspoon systemd[1]: Starting Wait for /org/openbmc/settings/host0...
Jul 25 18:31:32 witherspoon systemd[1]: Started Wait for /org/openbmc/managers/System.
Jul 25 18:31:32 witherspoon systemd[1]: Starting Phosphor BMC State Manager...
Jul 25 18:31:32 witherspoon systemd[1]: Starting Phosphor Reset Button0...
Jul 25 18:31:32 witherspoon systemd[1]: Starting Phosphor Power0 Control...
Jul 25 18:31:32 witherspoon systemd[1]: Starting Phosphor Power Button0...
Jul 25 18:31:32 witherspoon systemd[1]: Starting Phosphor Host State Manager...
Jul 25 18:31:32 witherspoon systemd[1]: Starting Phosphor Chassis State Manager...
Jul 25 18:31:33 witherspoon phosphor-bmc-state-manager[1070]: Setting the BMCState field
Jul 25 18:31:33 witherspoon phosphor-bmc-state-manager[1070]: Setting the BMCState field
Jul 25 18:31:33 witherspoon systemd[1]: Started Phosphor BMC State Manager.
Jul 25 18:31:33 witherspoon phosphor-chassis-state-manager[1079]: Initial Chassis State will be Off
Jul 25 18:31:33 witherspoon systemd[1]: Started Phosphor Chassis State Manager.
Jul 25 18:31:34 witherspoon button_power.exe[1077]: GPIO Lookup:  POWER_BUTTON = 347,both
Jul 25 18:31:34 witherspoon systemd[1]: Started Phosphor Power Button0.
Jul 25 18:31:34 witherspoon systemd[1]: Started Wait for /org/openbmc/settings/host0.
Jul 25 18:31:34 witherspoon systemd[1]: Started Phosphor Inband IPMI.
Jul 25 18:31:34 witherspoon button_reset.exe[1071]: GPIO Lookup:  RESET_BUTTON = 353,both
Jul 25 18:31:35 witherspoon systemd[1]: Started Phosphor Reset Button0.
Jul 25 18:31:35 witherspoon phosphor-host-state-manager[1078]: Initial Host State will be Off
Jul 25 18:31:35 witherspoon systemd[1]: Started Phosphor Host State Manager.
Jul 25 18:31:35 witherspoon system_manager.py[1017]: New object: /org/openbmc/control/power0 (:1.75)
Jul 25 18:31:35 witherspoon system_manager.py[1017]: Power GPIO config: ['SYS_PWROK_BUFF', '', [('SOFTWARE_PGOOD', True), ('BMC_POWER_UP', True)], [('BMC_CP0_RESET_N', False)], [], 'FSI_DATA', 'FSI_CLK', 'FSI_ENABLE', 'CRONUS_SEL', []]
Jul 25 18:31:35 witherspoon power_control.exe[1076]: Power GPIO latch output:
Jul 25 18:31:35 witherspoon power_control.exe[1076]: Power GPIO power good input: SYS_PWROK_BUFF
Jul 25 18:31:35 witherspoon power_control.exe[1076]: Power GPIO 2 power_up outputs
Jul 25 18:31:35 witherspoon power_control.exe[1076]: Power GPIO power_up[0] = SOFTWARE_PGOOD active HIGH
Jul 25 18:31:35 witherspoon power_control.exe[1076]: Power GPIO power_up[1] = BMC_POWER_UP active HIGH
Jul 25 18:31:35 witherspoon power_control.exe[1076]: Power GPIO 1 reset outputs
Jul 25 18:31:35 witherspoon power_control.exe[1076]: Power GPIO reset[0] = BMC_CP0_RESET_N active LOW
Jul 25 18:31:35 witherspoon power_control.exe[1076]: Power GPIO 0 pci reset outputs
Jul 25 18:31:35 witherspoon power_control.exe[1076]: FSI DATA GPIO: FSI_DATA
Jul 25 18:31:35 witherspoon power_control.exe[1076]: FSI CLK GPIO: FSI_CLK
Jul 25 18:31:35 witherspoon power_control.exe[1076]: FSI ENABLE GPIO: FSI_ENABLE
Jul 25 18:31:35 witherspoon power_control.exe[1076]: CRONUS SEL GPIO: CRONUS_SEL
Jul 25 18:31:35 witherspoon power_control.exe[1076]: Hostctl GPIO optionals: 0
Jul 25 18:31:36 witherspoon power_control.exe[1076]: GPIO Lookup:  SYS_PWROK_BUFF = 306,in
Jul 25 18:31:36 witherspoon power_control.exe[1076]: GPIO Lookup:  SOFTWARE_PGOOD = 417,out
Jul 25 18:31:36 witherspoon power_control.exe[1076]: GPIO Lookup:  BMC_POWER_UP = 305,out
Jul 25 18:31:36 witherspoon power_control.exe[1076]: GPIO Lookup:  BMC_CP0_RESET_N = 281,out
Jul 25 18:31:36 witherspoon power_control.exe[1076]: Pgood state: 0
Jul 25 18:31:36 witherspoon systemd[1]: Started Phosphor Power0 Control.
Jul 25 18:31:40 witherspoon systemd[1]: Started Wait for /xyz/openbmc_project/state/chassis0.
Jul 25 18:31:40 witherspoon system_manager.py[1017]: SystemManager Goto System State: BMC_READY
Jul 25 18:31:40 witherspoon system_manager.py[1017]: Running System State: BMC_READY
Jul 25 18:31:40 witherspoon systemd[1]: Started Wait for /org/openbmc/control/power0.
Jul 25 18:31:40 witherspoon systemd[1]: Starting Phosphor Time Manager daemon...
Jul 25 18:31:40 witherspoon systemd[1]: Starting Check Chassis0 pgood and create a file to indicate it...
Jul 25 18:31:41 witherspoon systemd[1]: Started Wait for /xyz/openbmc_project/state/host0.
Jul 25 18:31:41 witherspoon systemd[1]: Starting Reboot If Enabled...
Jul 25 18:31:41 witherspoon systemd[1]: Started Wait for /xyz/openbmc_project/control/host0.
Jul 25 18:31:41 witherspoon phosphor-discover-system-state[1104]: Host power is off, checking power policy
Jul 25 18:31:41 witherspoon systemd[1]: Started Reboot If Enabled.
Jul 25 18:31:41 witherspoon timemanager[1101]: Registering dbus methods
Jul 25 18:31:41 witherspoon timemanager[1101]: Last known time_mode: NTP
Jul 25 18:31:41 witherspoon timemanager[1101]: Last known time_owner: BMC
Jul 25 18:31:41 witherspoon timemanager[1101]: Empty DhcpNtp string
Jul 25 18:31:41 witherspoon timemanager[1101]: Reading Power Control key: pgood
Jul 25 18:31:42 witherspoon timemanager[1101]: Changing settings *allowed* now
Jul 25 18:31:42 witherspoon timemanager[1101]: Getting System Settings: time_mode
Jul 25 18:31:42 witherspoon systemd[1]: Started Check Chassis0 pgood and create a file to indicate it.
Jul 25 18:31:42 witherspoon systemd[1]: Reached target Chassis0 power on after reset.
Jul 25 18:31:42 witherspoon systemd[1]: Reached target Chassis0 (Reset Check).
Jul 25 18:31:42 witherspoon systemd[1]: Reached target Host0 running after reset.
Jul 25 18:31:42 witherspoon systemd[1]: Reached target Host0 (Reset Check).
Jul 25 18:31:42 witherspoon timemanager[1101]: Requested_Mode: NTP Current_Mode: NTP
Jul 25 18:31:42 witherspoon timemanager[1101]: Mode is already set to : NTP
Jul 25 18:31:42 witherspoon timemanager[1101]: Getting System Settings: time_owner
Jul 25 18:31:42 witherspoon timemanager[1101]: Owner is already set to : BMC
Jul 25 18:31:42 witherspoon timemanager[1101]: Getting System Settings: use_dhcp_ntp
Jul 25 18:31:42 witherspoon timemanager[1101]: use_dhcp_ntp = yes
Jul 25 18:31:42 witherspoon timemanager[1101]: Last known host_offset:0
Jul 25 18:31:42 witherspoon timemanager[1101]: Initial Uptime Usec: 1501007399596447
Jul 25 18:31:42 witherspoon systemd[1]: Started Phosphor Time Manager daemon.
Jul 25 18:31:44 witherspoon avahi-daemon[977]: Server startup complete. Host name is witherspoon-16.local. Local service cookie is 1414942260.
Jul 25 18:31:45 witherspoon avahi-daemon[977]: Service name conflict for "sftp" (/services/sftp.service), retrying with "sftp #2".
Jul 25 18:31:45 witherspoon avahi-daemon[977]: Service name conflict for "obmc_console" (/services/obmc_console.service), retrying with "obmc_console #2".
Jul 25 18:31:45 witherspoon avahi-daemon[977]: Service name conflict for "phosphor_rest" (/services/phosphor_rest.service), retrying with "phosphor_rest #2".
Jul 25 18:31:46 witherspoon avahi-daemon[977]: Service "witherspoon-16" (/services/ssh.service) successfully established.
Jul 25 18:31:46 witherspoon avahi-daemon[977]: Service "witherspoon-16" (/services/sftp-ssh.service) successfully established.
Jul 25 18:31:46 witherspoon avahi-daemon[977]: Service name conflict for "phosphor_rest" (/services/phosphor_rest.service), retrying with "phosphor_rest #3".
Jul 25 18:31:46 witherspoon avahi-daemon[977]: Service name conflict for "sftp" (/services/sftp.service), retrying with "sftp #3".
Jul 25 18:31:46 witherspoon avahi-daemon[977]: Service name conflict for "obmc_console" (/services/obmc_console.service), retrying with "obmc_console #3".
Jul 25 18:31:47 witherspoon avahi-daemon[977]: Service name conflict for "phosphor_rest" (/services/phosphor_rest.service), retrying with "phosphor_rest #4".
Jul 25 18:31:47 witherspoon avahi-daemon[977]: Service name conflict for "sftp" (/services/sftp.service), retrying with "sftp #4".
Jul 25 18:31:47 witherspoon avahi-daemon[977]: Service name conflict for "obmc_console" (/services/obmc_console.service), retrying with "obmc_console #4".
Jul 25 18:31:48 witherspoon avahi-daemon[977]: Service name conflict for "phosphor_rest" (/services/phosphor_rest.service), retrying with "phosphor_rest #5".
Jul 25 18:31:48 witherspoon avahi-daemon[977]: Service name conflict for "obmc_console" (/services/obmc_console.service), retrying with "obmc_console #5".
Jul 25 18:31:48 witherspoon avahi-daemon[977]: Service name conflict for "sftp" (/services/sftp.service), retrying with "sftp #5".
Jul 25 18:31:49 witherspoon avahi-daemon[977]: Service name conflict for "phosphor_rest" (/services/phosphor_rest.service), retrying with "phosphor_rest #6".
Jul 25 18:31:49 witherspoon avahi-daemon[977]: Service name conflict for "obmc_console" (/services/obmc_console.service), retrying with "obmc_console #6".
Jul 25 18:31:49 witherspoon avahi-daemon[977]: Service name conflict for "sftp" (/services/sftp.service), retrying with "sftp #6".
Jul 25 18:31:50 witherspoon avahi-daemon[977]: Service name conflict for "phosphor_rest" (/services/phosphor_rest.service), retrying with "phosphor_rest #7".
Jul 25 18:31:50 witherspoon avahi-daemon[977]: Service name conflict for "obmc_console" (/services/obmc_console.service), retrying with "obmc_console #7".
Jul 25 18:31:50 witherspoon avahi-daemon[977]: Service name conflict for "sftp" (/services/sftp.service), retrying with "sftp #7".
Jul 25 18:31:51 witherspoon avahi-daemon[977]: Service name conflict for "phosphor_rest" (/services/phosphor_rest.service), retrying with "phosphor_rest #8".
Jul 25 18:31:51 witherspoon avahi-daemon[977]: Service name conflict for "sftp" (/services/sftp.service), retrying with "sftp #8".
Jul 25 18:31:51 witherspoon avahi-daemon[977]: Service name conflict for "obmc_console" (/services/obmc_console.service), retrying with "obmc_console #8".
Jul 25 18:31:52 witherspoon phosphor-gevent[1022]: Traceback (most recent call last):
Jul 25 18:31:52 witherspoon phosphor-gevent[1022]:   File "/usr/lib/python2.7/site-packages/gevent/greenlet.py", line 327, in run
Jul 25 18:31:52 witherspoon phosphor-gevent[1022]:     result = self._run(*self.args, **self.kwargs)
Jul 25 18:31:52 witherspoon phosphor-gevent[1022]:   File "/usr/lib/python2.7/site-packages/gevent/server.py", line 102, in wrap_socket_and_handle
Jul 25 18:31:52 witherspoon phosphor-gevent[1022]:     ssl_socket = self.wrap_socket(client_socket, **self.ssl_args)
Jul 25 18:31:52 witherspoon phosphor-gevent[1022]:   File "/usr/lib/python2.7/site-packages/gevent/ssl.py", line 404, in wrap_socket
Jul 25 18:31:52 witherspoon phosphor-gevent[1022]:     ciphers=ciphers)
Jul 25 18:31:52 witherspoon phosphor-gevent[1022]:   File "/usr/lib/python2.7/site-packages/gevent/ssl.py", line 113, in __init__
Jul 25 18:31:52 witherspoon phosphor-gevent[1022]:     self.do_handshake()
Jul 25 18:31:52 witherspoon phosphor-gevent[1022]:   File "/usr/lib/python2.7/site-packages/gevent/ssl.py", line 324, in do_handshake
Jul 25 18:31:52 witherspoon phosphor-gevent[1022]:     return self._sslobj.do_handshake()
Jul 25 18:31:52 witherspoon phosphor-gevent[1022]: SSLEOFError: EOF occurred in violation of protocol (_ssl.c:590)
Jul 25 18:31:52 witherspoon phosphor-gevent[1022]: <Greenlet at 0x760263f0: <bound method WSGIServer.wrap_socket_and_handle of <WSGIServer at 0x75ffcb50 fileno=5 address=('::3402:f176:b0dd:6676%1986452896', 443, 0, 1986452896)>>(<socket at 0x75ed3830 fileno=9>, ('::80e9:6476:8e91:f402%1995434780', 54378, 0, 199)> failed with SSLEOFError
Jul 25 18:31:52 witherspoon phosphor-gevent[1022]: Traceback (most recent call last):
Jul 25 18:31:52 witherspoon phosphor-gevent[1022]:   File "/usr/lib/python2.7/site-packages/gevent/greenlet.py", line 327, in run
Jul 25 18:31:52 witherspoon phosphor-gevent[1022]:     result = self._run(*self.args, **self.kwargs)
Jul 25 18:31:52 witherspoon phosphor-gevent[1022]:   File "/usr/lib/python2.7/site-packages/gevent/server.py", line 102, in wrap_socket_and_handle
Jul 25 18:31:52 witherspoon phosphor-gevent[1022]:     ssl_socket = self.wrap_socket(client_socket, **self.ssl_args)
Jul 25 18:31:52 witherspoon phosphor-gevent[1022]:   File "/usr/lib/python2.7/site-packages/gevent/ssl.py", line 404, in wrap_socket
Jul 25 18:31:52 witherspoon phosphor-gevent[1022]:     ciphers=ciphers)
Jul 25 18:31:52 witherspoon phosphor-gevent[1022]:   File "/usr/lib/python2.7/site-packages/gevent/ssl.py", line 113, in __init__
Jul 25 18:31:52 witherspoon phosphor-gevent[1022]:     self.do_handshake()
Jul 25 18:31:52 witherspoon phosphor-gevent[1022]:   File "/usr/lib/python2.7/site-packages/gevent/ssl.py", line 324, in do_handshake
Jul 25 18:31:52 witherspoon phosphor-gevent[1022]:     return self._sslobj.do_handshake()
Jul 25 18:31:52 witherspoon phosphor-gevent[1022]: SSLEOFError: EOF occurred in violation of protocol (_ssl.c:590)
Jul 25 18:31:52 witherspoon phosphor-gevent[1022]: <Greenlet at 0x760266c0: <bound method WSGIServer.wrap_socket_and_handle of <WSGIServer at 0x75ffcb50 fileno=5 address=('::3402:f176:b0dd:6676%1986452896', 443, 0, 1986452896)>>(<socket at 0x75ed37d0 fileno=10>, ('::80e9:6476:8e91:f402%1995434780', 54380, 0, 199)> failed with SSLEOFError
Jul 25 18:31:52 witherspoon avahi-daemon[977]: Service name conflict for "phosphor_rest" (/services/phosphor_rest.service), retrying with "phosphor_rest #9".
Jul 25 18:31:52 witherspoon avahi-daemon[977]: Service name conflict for "sftp" (/services/sftp.service), retrying with "sftp #9".
Jul 25 18:31:52 witherspoon avahi-daemon[977]: Service name conflict for "obmc_console" (/services/obmc_console.service), retrying with "obmc_console #9".
Jul 25 18:31:52 witherspoon phosphor-gevent[1022]: ::80e9:6476:8e91:f402%1995434780 - - [2017-07-25 18:31:52] "POST /login HTTP/1.1" 200 320 0.064024
Jul 25 18:31:52 witherspoon phosphor-gevent[1022]: ::80e9:6476:8e91:f402%1995434780 - - [2017-07-25 18:31:52] "GET /xyz/openbmc_project/state/chassis0//attr/CurrentPowerState HTTP/1.1" 200 216 0.061284
Jul 25 18:31:52 witherspoon phosphor-gevent[1022]: ::80e9:6476:8e91:f402%1995434780 - - [2017-07-25 18:31:52] "POST /login HTTP/1.1" 200 320 0.033668
Jul 25 18:31:53 witherspoon phosphor-gevent[1022]: ::80e9:6476:8e91:f402%1995434780 - - [2017-07-25 18:31:53] "GET /xyz/openbmc_project/state/chassis0//attr/CurrentPowerState HTTP/1.1" 200 216 0.050171
Jul 25 18:31:53 witherspoon avahi-daemon[977]: Service name conflict for "phosphor_rest" (/services/phosphor_rest.service), retrying with "phosphor_rest #10".
Jul 25 18:31:53 witherspoon avahi-daemon[977]: Service name conflict for "sftp" (/services/sftp.service), retrying with "sftp #10".
Jul 25 18:31:53 witherspoon avahi-daemon[977]: Service name conflict for "obmc_console" (/services/obmc_console.service), retrying with "obmc_console #10".
Jul 25 18:31:53 witherspoon phosphor-gevent[1022]: ::80e9:6476:8e91:f402%1995434780 - - [2017-07-25 18:31:53] "POST /login HTTP/1.1" 200 320 0.033496
Jul 25 18:31:53 witherspoon phosphor-gevent[1022]: ::80e9:6476:8e91:f402%1995434780 - - [2017-07-25 18:31:53] "GET /org/openbmc/sensors/host/BootProgress/attr/value HTTP/1.1" 200 170 0.054015
Jul 25 18:31:53 witherspoon phosphor-gevent[1022]: ::80e9:6476:8e91:f402%1995434780 - - [2017-07-25 18:31:53] "POST /login HTTP/1.1" 200 320 0.033512
Jul 25 18:31:53 witherspoon phosphor-gevent[1022]: ::80e9:6476:8e91:f402%1995434780 - - [2017-07-25 18:31:53] "GET /xyz/openbmc_project/state/host0//attr/CurrentHostState HTTP/1.1" 200 212 0.055112
Jul 25 18:31:54 witherspoon phosphor-gevent[1022]: ::80e9:6476:8e91:f402%1995434780 - - [2017-07-25 18:31:54] "POST /login HTTP/1.1" 200 320 0.033811
Jul 25 18:31:54 witherspoon phosphor-gevent[1022]: ::80e9:6476:8e91:f402%1995434780 - - [2017-07-25 18:31:54] "GET /xyz/openbmc_project/logging/entry//list HTTP/1.1" 200 214 0.055335
Jul 25 18:31:54 witherspoon avahi-daemon[977]: Service name conflict for "sftp" (/services/sftp.service), retrying with "sftp #11".
Jul 25 18:31:54 witherspoon phosphor-gevent[1022]: ::80e9:6476:8e91:f402%1995434780 - - [2017-07-25 18:31:54] "POST /login HTTP/1.1" 200 320 0.048100
Jul 25 18:31:54 witherspoon phosphor-gevent[1022]: ::80e9:6476:8e91:f402%1995434780 - - [2017-07-25 18:31:54] "GET /xyz/openbmc_project/logging/entry//list HTTP/1.1" 200 214 0.039109
Jul 25 18:31:54 witherspoon phosphor-gevent[1022]: ::80e9:6476:8e91:f402%1995434780 - - [2017-07-25 18:31:54] "POST /login HTTP/1.1" 200 320 0.038931
Jul 25 18:31:54 witherspoon phosphor-gevent[1022]: ::80e9:6476:8e91:f402%1995434780 - - [2017-07-25 18:31:54] "DELETE /xyz/openbmc_project/logging/entry/1 HTTP/1.1" 200 169 0.082212
Jul 25 18:31:54 witherspoon phosphor-network-manager[1031]: Failed to get hostname
Jul 25 18:31:54 witherspoon avahi-daemon[977]: Service "phosphor_rest #10" (/services/phosphor_rest.service) successfully established.
Jul 25 18:31:54 witherspoon phosphor-network-manager[1031]: The operation failed internally.
Jul 25 18:31:54 witherspoon avahi-daemon[977]: Service "obmc_console #10" (/services/obmc_console.service) successfully established.
Jul 25 18:31:55 witherspoon dbus[978]: [system] Failed to activate service 'org.freedesktop.hostname1': timed out
Jul 25 18:31:55 witherspoon systemd[1]: Started SSH Per-Connection Server (9.41.165.94:43010).
Jul 25 18:31:55 witherspoon dropbear[1119]: Failed loading /etc/dropbear/dropbear_dss_host_key
Jul 25 18:31:55 witherspoon dropbear[1119]: Failed loading /etc/dropbear/dropbear_ecdsa_host_key
Jul 25 18:31:55 witherspoon phosphor-log-manager[965]: Failed to find metadata
Jul 25 18:31:55 witherspoon dropbear[1119]: Child connection from ::ffff:9.41.165.94:43010
Jul 25 18:31:55 witherspoon systemd[1]: Started Phosphor Network Manager.
Jul 25 18:31:55 witherspoon avahi-daemon[977]: Service name conflict for "sftp" (/services/sftp.service), retrying with "sftp #12".
Jul 25 18:31:55 witherspoon systemd[1]: Reached target Phosphor System - Standby.
Jul 25 18:31:55 witherspoon systemd[1]: Startup finished in 8.659s (kernel) + 1min 47.202s (userspace) = 1min 55.862s.
Jul 25 18:31:55 witherspoon phosphor-bmc-state-manager[1070]: BMC_READY
Jul 25 18:31:55 witherspoon phosphor-bmc-state-manager[1070]: Setting the BMCState field
Jul 25 18:31:56 witherspoon dropbear[1119]: PAM password auth succeeded for 'root' from ::ffff:9.41.165.94:43010
Jul 25 18:31:56 witherspoon dropbear[1120]: lastlog_perform_login: Couldn't stat /var/log/lastlog: No such file or directory
Jul 25 18:31:56 witherspoon dropbear[1120]: lastlog_openseek: /var/log/lastlog is not a file or directory!
Jul 25 18:31:56 witherspoon avahi-daemon[977]: Service name conflict for "sftp" (/services/sftp.service), retrying with "sftp #13".
Jul 25 18:31:57 witherspoon avahi-daemon[977]: Service name conflict for "sftp" (/services/sftp.service), retrying with "sftp #14".
Jul 25 18:31:57 witherspoon phosphor-gevent[1022]: ::80e9:6476:8e91:f402%1995434780 - - [2017-07-25 18:31:57] "POST /login HTTP/1.1" 200 320 0.042935
Jul 25 18:31:58 witherspoon phosphor-gevent[1022]: ::80e9:6476:8e91:f402%1995434780 - - [2017-07-25 18:31:58] "GET /xyz/openbmc_project/state/host0//attr/CurrentHostState HTTP/1.1" 200 212 0.055249
Jul 25 18:31:58 witherspoon dropbear[1008]: Exit (root): Exited normally
Jul 25 18:31:58 witherspoon dropbear[1119]: Exit (root): Exited normally
Jul 25 18:31:59 witherspoon avahi-daemon[977]: Service "sftp #14" (/services/sftp.service) successfully established.
Jul 25 18:32:02 witherspoon systemd[1]: Started SSH Per-Connection Server (9.41.165.94:43014).
Jul 25 18:32:02 witherspoon dropbear[1131]: Failed loading /etc/dropbear/dropbear_dss_host_key
Jul 25 18:32:02 witherspoon dropbear[1131]: Failed loading /etc/dropbear/dropbear_ecdsa_host_key
Jul 25 18:32:02 witherspoon dropbear[1131]: Child connection from ::ffff:9.41.165.94:43014
Jul 25 18:32:02 witherspoon dropbear[1131]: PAM password auth succeeded for 'root' from ::ffff:9.41.165.94:43014
Jul 25 18:32:02 witherspoon dropbear[1132]: lastlog_perform_login: Couldn't stat /var/log/lastlog: No such file or directory
Jul 25 18:32:02 witherspoon dropbear[1132]: lastlog_openseek: /var/log/lastlog is not a file or directory!
Jul 25 18:32:03 witherspoon phosphor-gevent[1022]: ::80e9:6476:8e91:f402%1995434780 - - [2017-07-25 18:32:03] "POST /login HTTP/1.1" 200 320 0.034135
Jul 25 18:32:03 witherspoon phosphor-gevent[1022]: ::80e9:6476:8e91:f402%1995434780 - - [2017-07-25 18:32:03] "PUT /org/openbmc/settings/host0/attr/power_policy HTTP/1.1" 200 169 0.214768
Jul 25 18:32:04 witherspoon phosphor-gevent[1022]: ::80e9:6476:8e91:f402%1995434780 - - [2017-07-25 18:32:04] "POST /login HTTP/1.1" 200 320 0.033935
Jul 25 18:32:04 witherspoon phosphor-gevent[1022]: ::80e9:6476:8e91:f402%1995434780 - - [2017-07-25 18:32:04] "GET /org/openbmc/settings/host0/attr/power_policy HTTP/1.1" 200 185 0.070657
Jul 25 18:32:04 witherspoon phosphor-gevent[1022]: ::80e9:6476:8e91:f402%1995434780 - - [2017-07-25 18:32:04] "POST /login HTTP/1.1" 200 320 0.034232
Jul 25 18:32:04 witherspoon phosphor-gevent[1022]: ::80e9:6476:8e91:f402%1995434780 - - [2017-07-25 18:32:04] "GET /xyz/openbmc_project/state/chassis0//attr/CurrentPowerState HTTP/1.1" 200 216 0.055129
Jul 25 18:32:04 witherspoon phosphor-gevent[1022]: ::80e9:6476:8e91:f402%1995434780 - - [2017-07-25 18:32:04] "POST /login HTTP/1.1" 200 320 0.033576
Jul 25 18:32:04 witherspoon phosphor-gevent[1022]: ::80e9:6476:8e91:f402%1995434780 - - [2017-07-25 18:32:04] "GET /xyz/openbmc_project/state/bmc0//attr/CurrentBMCState HTTP/1.1" 200 212 0.052647
Jul 25 18:32:05 witherspoon phosphor-gevent[1022]: ::80e9:6476:8e91:f402%1995434780 - - [2017-07-25 18:32:05] "POST /login HTTP/1.1" 200 320 0.033918
Jul 25 18:32:05 witherspoon phosphor-gevent[1022]: ::80e9:6476:8e91:f402%1995434780 - - [2017-07-25 18:32:05] "GET /org/openbmc/sensors/host/BootProgress/attr/value HTTP/1.1" 200 170 0.053797
Jul 25 18:32:05 witherspoon phosphor-gevent[1022]: ::80e9:6476:8e91:f402%1995434780 - - [2017-07-25 18:32:05] "POST /login HTTP/1.1" 200 320 0.058117
Jul 25 18:32:05 witherspoon phosphor-gevent[1022]: ::80e9:6476:8e91:f402%1995434780 - - [2017-07-25 18:32:05] "GET /xyz/openbmc_project/state/host0//attr/CurrentHostState HTTP/1.1" 200 212 0.050390
Jul 25 18:32:05 witherspoon phosphor-gevent[1022]: ::80e9:6476:8e91:f402%1995434780 - - [2017-07-25 18:32:05] "POST /login HTTP/1.1" 200 320 0.033410
Jul 25 18:32:06 witherspoon phosphor-gevent[1022]: ::80e9:6476:8e91:f402%1995434780 - - [2017-07-25 18:32:06] "GET /xyz/openbmc_project/logging/entry//list HTTP/1.1" 200 214 0.052075
Jul 25 18:32:06 witherspoon phosphor-gevent[1022]: ::80e9:6476:8e91:f402%1995434780 - - [2017-07-25 18:32:06] "POST /login HTTP/1.1" 200 320 0.033766
Jul 25 18:32:06 witherspoon phosphor-gevent[1022]: ::80e9:6476:8e91:f402%1995434780 - - [2017-07-25 18:32:06] "GET /xyz/openbmc_project/logging/entry//list HTTP/1.1" 200 214 0.041197
Jul 25 18:32:06 witherspoon phosphor-gevent[1022]: ::80e9:6476:8e91:f402%1995434780 - - [2017-07-25 18:32:06] "POST /login HTTP/1.1" 200 320 0.034515
Jul 25 18:32:06 witherspoon phosphor-gevent[1022]: ::80e9:6476:8e91:f402%1995434780 - - [2017-07-25 18:32:06] "DELETE /xyz/openbmc_project/logging/entry/2 HTTP/1.1" 200 169 0.058508
Jul 25 18:32:06 witherspoon dropbear[1138]: Failed loading /etc/dropbear/dropbear_dss_host_key
Jul 25 18:32:06 witherspoon dropbear[1138]: Failed loading /etc/dropbear/dropbear_ecdsa_host_key
Jul 25 18:32:06 witherspoon systemd[1]: Started SSH Per-Connection Server (9.41.165.94:43034).
Jul 25 18:32:06 witherspoon dropbear[1138]: Child connection from ::ffff:9.41.165.94:43034
Jul 25 18:32:07 witherspoon dropbear[1138]: PAM password auth succeeded for 'root' from ::ffff:9.41.165.94:43034
Jul 25 18:32:51 witherspoon phosphor-gevent[1022]: ::80e9:6476:8e91:f402%1995434780 - - [2017-07-25 18:32:51] "POST /login HTTP/1.1" 200 320 0.034913
Jul 25 18:32:51 witherspoon phosphor-gevent[1022]: ::80e9:6476:8e91:f402%1995434780 - - [2017-07-25 18:32:51] "POST /org/openbmc/control/flash/bios//action/update HTTP/1.1" 200 169 0.226525
Jul 25 18:32:51 witherspoon flash_bios.exe[1032]: Starting flasher: bios,/tmp/witherspoon_910_golden.pnor,/org/openbmc/control/flash/bios,
Jul 25 18:32:51 witherspoon flash_bios.exe[1032]: flasher: /tmp/witherspoon_910_golden.pnor, BMC = 1, address = 0x0
Jul 25 18:32:51 witherspoon flash_bios.exe[1032]: Setting up flash
Jul 25 18:32:52 witherspoon phosphor-gevent[1022]: ::80e9:6476:8e91:f402%1995434780 - - [2017-07-25 18:32:52] "POST /login HTTP/1.1" 200 320 0.126425
Jul 25 18:32:52 witherspoon phosphor-gevent[1022]: ::80e9:6476:8e91:f402%1995434780 - - [2017-07-25 18:32:52] "GET /org/openbmc/control/flash/bios HTTP/1.1" 200 397 0.168616
Jul 25 18:32:52 witherspoon phosphor-gevent[1022]: ::80e9:6476:8e91:f402%1995434780 - - [2017-07-25 18:32:52] "POST /login HTTP/1.1" 200 320 0.043312
Jul 25 18:32:53 witherspoon phosphor-gevent[1022]: ::80e9:6476:8e91:f402%1995434780 - - [2017-07-25 18:32:53] "GET /org/openbmc/control/flash/bios HTTP/1.1" 200 397 0.191441
Jul 25 18:33:03 witherspoon phosphor-gevent[1022]: ::80e9:6476:8e91:f402%1995434780 - - [2017-07-25 18:33:03] "POST /login HTTP/1.1" 200 320 0.033615
Jul 25 18:33:03 witherspoon phosphor-gevent[1022]: ::80e9:6476:8e91:f402%1995434780 - - [2017-07-25 18:33:03] "GET /org/openbmc/control/flash/bios HTTP/1.1" 200 397 0.068739
Jul 25 18:33:14 witherspoon phosphor-gevent[1022]: ::80e9:6476:8e91:f402%1995434780 - - [2017-07-25 18:33:14] "POST /login HTTP/1.1" 200 320 0.034404
Jul 25 18:33:14 witherspoon phosphor-gevent[1022]: ::80e9:6476:8e91:f402%1995434780 - - [2017-07-25 18:33:14] "GET /org/openbmc/control/flash/bios HTTP/1.1" 200 397 0.073579
Jul 25 18:33:24 witherspoon phosphor-gevent[1022]: ::80e9:6476:8e91:f402%1995434780 - - [2017-07-25 18:33:24] "POST /login HTTP/1.1" 200 320 0.033403
Jul 25 18:33:24 witherspoon phosphor-gevent[1022]: ::80e9:6476:8e91:f402%1995434780 - - [2017-07-25 18:33:24] "GET /org/openbmc/control/flash/bios HTTP/1.1" 200 397 0.077170
Jul 25 18:33:35 witherspoon phosphor-gevent[1022]: ::80e9:6476:8e91:f402%1995434780 - - [2017-07-25 18:33:35] "POST /login HTTP/1.1" 200 320 0.033845
Jul 25 18:33:35 witherspoon phosphor-gevent[1022]: ::80e9:6476:8e91:f402%1995434780 - - [2017-07-25 18:33:35] "GET /org/openbmc/control/flash/bios HTTP/1.1" 200 397 0.068767
Jul 25 18:33:45 witherspoon phosphor-gevent[1022]: ::80e9:6476:8e91:f402%1995434780 - - [2017-07-25 18:33:45] "POST /login HTTP/1.1" 200 320 0.033868
Jul 25 18:33:45 witherspoon phosphor-gevent[1022]: ::80e9:6476:8e91:f402%1995434780 - - [2017-07-25 18:33:45] "GET /org/openbmc/control/flash/bios HTTP/1.1" 200 397 0.069334
Jul 25 18:33:55 witherspoon phosphor-gevent[1022]: ::80e9:6476:8e91:f402%1995434780 - - [2017-07-25 18:33:55] "POST /login HTTP/1.1" 200 320 0.033810
Jul 25 18:33:56 witherspoon phosphor-gevent[1022]: ::80e9:6476:8e91:f402%1995434780 - - [2017-07-25 18:33:56] "GET /org/openbmc/control/flash/bios HTTP/1.1" 200 397 0.073730
Jul 25 18:34:06 witherspoon phosphor-gevent[1022]: ::80e9:6476:8e91:f402%1995434780 - - [2017-07-25 18:34:06] "POST /login HTTP/1.1" 200 320 0.034249
Jul 25 18:34:06 witherspoon phosphor-gevent[1022]: ::80e9:6476:8e91:f402%1995434780 - - [2017-07-25 18:34:06] "GET /org/openbmc/control/flash/bios HTTP/1.1" 200 397 0.082498
Jul 25 18:34:16 witherspoon phosphor-gevent[1022]: ::80e9:6476:8e91:f402%1995434780 - - [2017-07-25 18:34:16] "POST /login HTTP/1.1" 200 320 0.033803
Jul 25 18:34:16 witherspoon phosphor-gevent[1022]: ::80e9:6476:8e91:f402%1995434780 - - [2017-07-25 18:34:16] "GET /org/openbmc/control/flash/bios HTTP/1.1" 200 397 0.069335
Jul 25 18:34:26 witherspoon phosphor-gevent[1022]: ::80e9:6476:8e91:f402%1995434780 - - [2017-07-25 18:34:26] "POST /login HTTP/1.1" 200 320 0.033930
Jul 25 18:34:26 witherspoon phosphor-gevent[1022]: ::80e9:6476:8e91:f402%1995434780 - - [2017-07-25 18:34:26] "GET /org/openbmc/control/flash/bios HTTP/1.1" 200 397 0.069394
Jul 25 18:34:37 witherspoon phosphor-gevent[1022]: ::80e9:6476:8e91:f402%1995434780 - - [2017-07-25 18:34:37] "POST /login HTTP/1.1" 200 320 0.033777
Jul 25 18:34:38 witherspoon phosphor-gevent[1022]: ::80e9:6476:8e91:f402%1995434780 - - [2017-07-25 18:34:38] "GET /org/openbmc/control/flash/bios HTTP/1.1" 200 397 0.945458
Jul 25 18:34:48 witherspoon phosphor-gevent[1022]: ::80e9:6476:8e91:f402%1995434780 - - [2017-07-25 18:34:48] "POST /login HTTP/1.1" 200 320 0.033914
Jul 25 18:34:48 witherspoon phosphor-gevent[1022]: ::80e9:6476:8e91:f402%1995434780 - - [2017-07-25 18:34:48] "GET /org/openbmc/control/flash/bios HTTP/1.1" 200 397 0.069232
Jul 25 18:34:59 witherspoon phosphor-gevent[1022]: ::80e9:6476:8e91:f402%1995434780 - - [2017-07-25 18:34:59] "POST /login HTTP/1.1" 200 320 0.100257
Jul 25 18:34:59 witherspoon phosphor-gevent[1022]: ::80e9:6476:8e91:f402%1995434780 - - [2017-07-25 18:34:59] "GET /org/openbmc/control/flash/bios HTTP/1.1" 200 397 0.068858
Jul 25 18:35:09 witherspoon phosphor-gevent[1022]: ::80e9:6476:8e91:f402%1995434780 - - [2017-07-25 18:35:09] "POST /login HTTP/1.1" 200 320 0.034258
Jul 25 18:35:10 witherspoon phosphor-gevent[1022]: ::80e9:6476:8e91:f402%1995434780 - - [2017-07-25 18:35:10] "GET /org/openbmc/control/flash/bios HTTP/1.1" 200 397 0.071337
Jul 25 18:35:20 witherspoon phosphor-gevent[1022]: ::80e9:6476:8e91:f402%1995434780 - - [2017-07-25 18:35:20] "POST /login HTTP/1.1" 200 320 0.033760
Jul 25 18:35:20 witherspoon phosphor-gevent[1022]: ::80e9:6476:8e91:f402%1995434780 - - [2017-07-25 18:35:20] "GET /org/openbmc/control/flash/bios HTTP/1.1" 200 401 0.068906
Jul 25 18:35:30 witherspoon phosphor-gevent[1022]: ::80e9:6476:8e91:f402%1995434780 - - [2017-07-25 18:35:30] "POST /login HTTP/1.1" 200 320 0.033730
Jul 25 18:35:30 witherspoon phosphor-gevent[1022]: ::80e9:6476:8e91:f402%1995434780 - - [2017-07-25 18:35:30] "GET /org/openbmc/control/flash/bios HTTP/1.1" 200 402 0.068742
Jul 25 18:35:40 witherspoon phosphor-gevent[1022]: ::80e9:6476:8e91:f402%1995434780 - - [2017-07-25 18:35:40] "POST /login HTTP/1.1" 200 320 0.033831
Jul 25 18:35:40 witherspoon phosphor-gevent[1022]: ::80e9:6476:8e91:f402%1995434780 - - [2017-07-25 18:35:40] "GET /org/openbmc/control/flash/bios HTTP/1.1" 200 402 0.069045
Jul 25 18:35:51 witherspoon phosphor-gevent[1022]: ::80e9:6476:8e91:f402%1995434780 - - [2017-07-25 18:35:51] "POST /login HTTP/1.1" 200 320 0.034031
Jul 25 18:35:51 witherspoon phosphor-gevent[1022]: ::80e9:6476:8e91:f402%1995434780 - - [2017-07-25 18:35:51] "GET /org/openbmc/control/flash/bios HTTP/1.1" 200 402 0.069197
Jul 25 18:36:01 witherspoon phosphor-gevent[1022]: ::80e9:6476:8e91:f402%1995434780 - - [2017-07-25 18:36:01] "POST /login HTTP/1.1" 200 320 0.041450
Jul 25 18:36:01 witherspoon phosphor-gevent[1022]: ::80e9:6476:8e91:f402%1995434780 - - [2017-07-25 18:36:01] "GET /org/openbmc/control/flash/bios HTTP/1.1" 200 402 0.069406
Jul 25 18:36:11 witherspoon phosphor-gevent[1022]: ::80e9:6476:8e91:f402%1995434780 - - [2017-07-25 18:36:11] "POST /login HTTP/1.1" 200 320 0.034001
Jul 25 18:36:11 witherspoon phosphor-gevent[1022]: ::80e9:6476:8e91:f402%1995434780 - - [2017-07-25 18:36:11] "GET /org/openbmc/control/flash/bios HTTP/1.1" 200 402 0.069173
Jul 25 18:36:15 witherspoon flash_bios.exe[1032]: Erasing... (may take a while !) done !
Jul 25 18:36:15 witherspoon flash_bios.exe[1032]: About to program "/tmp/witherspoon_910_golden.pnor" at 0x00000000..0x04000000 !
Jul 25 18:36:15 witherspoon flash_bios.exe[1032]: Programming & Verifying...
Jul 25 18:36:15 witherspoon flash_bios.exe[1032]: Flash done
Jul 25 18:36:21 witherspoon phosphor-gevent[1022]: ::80e9:6476:8e91:f402%1995434780 - - [2017-07-25 18:36:21] "POST /login HTTP/1.1" 200 320 0.034992
Jul 25 18:36:22 witherspoon phosphor-gevent[1022]: ::80e9:6476:8e91:f402%1995434780 - - [2017-07-25 18:36:22] "GET /org/openbmc/control/flash/bios HTTP/1.1" 200 399 0.070537
Jul 25 18:36:22 witherspoon systemd[1]: Started SSH Per-Connection Server (9.41.165.94:43082).
Jul 25 18:36:22 witherspoon dropbear[1144]: Failed loading /etc/dropbear/dropbear_dss_host_key
Jul 25 18:36:22 witherspoon dropbear[1144]: Failed loading /etc/dropbear/dropbear_ecdsa_host_key
Jul 25 18:36:22 witherspoon dropbear[1144]: Child connection from ::ffff:9.41.165.94:43082
Jul 25 18:36:22 witherspoon dropbear[1144]: PAM password auth succeeded for 'root' from ::ffff:9.41.165.94:43082
Jul 25 18:36:22 witherspoon dropbear[1145]: lastlog_perform_login: Couldn't stat /var/log/lastlog: No such file or directory
Jul 25 18:36:22 witherspoon dropbear[1145]: lastlog_openseek: /var/log/lastlog is not a file or directory!
Jul 25 18:36:24 witherspoon phosphor-gevent[1022]: ::80e9:6476:8e91:f402%1995434780 - - [2017-07-25 18:36:24] "POST /login HTTP/1.1" 200 320 0.034977
Jul 25 18:36:24 witherspoon phosphor-gevent[1022]: ::80e9:6476:8e91:f402%1995434780 - - [2017-07-25 18:36:24] "GET /xyz/openbmc_project/state/host0//attr/CurrentHostState HTTP/1.1" 200 212 0.052227
Jul 25 18:36:24 witherspoon systemd[1]: Created slice system-obmc\x2dconsole\x2dssh.slice.
Jul 25 18:36:24 witherspoon systemd[1]: Started Phosphor Host Console SSH Per-Connection (9.41.165.94:38364).
Jul 25 18:36:24 witherspoon dropbear[1149]: Failed loading /etc/dropbear/dropbear_dss_host_key
Jul 25 18:36:24 witherspoon dropbear[1149]: Failed loading /etc/dropbear/dropbear_ecdsa_host_key
Jul 25 18:36:24 witherspoon dropbear[1149]: Child connection from ::ffff:9.41.165.94:38364
Jul 25 18:36:24 witherspoon phosphor-gevent[1022]: ::80e9:6476:8e91:f402%1995434780 - - [2017-07-25 18:36:24] "POST /login HTTP/1.1" 200 320 0.034552
Jul 25 18:36:25 witherspoon dropbear[1149]: PAM password auth succeeded for 'root' from ::ffff:9.41.165.94:38364
Jul 25 18:36:25 witherspoon dropbear[1150]: lastlog_perform_login: Couldn't stat /var/log/lastlog: No such file or directory
Jul 25 18:36:25 witherspoon dropbear[1150]: lastlog_openseek: /var/log/lastlog is not a file or directory!
Jul 25 18:36:25 witherspoon phosphor-gevent[1022]: ::80e9:6476:8e91:f402%1995434780 - - [2017-07-25 18:36:25] "PUT /org/openbmc/settings/host0/attr/power_policy HTTP/1.1" 200 169 0.281021
Jul 25 18:36:25 witherspoon phosphor-gevent[1022]: ::80e9:6476:8e91:f402%1995434780 - - [2017-07-25 18:36:25] "POST /login HTTP/1.1" 200 320 0.034720
Jul 25 18:36:25 witherspoon phosphor-gevent[1022]: ::80e9:6476:8e91:f402%1995434780 - - [2017-07-25 18:36:25] "GET /org/openbmc/settings/host0/attr/power_policy HTTP/1.1" 200 185 0.070991
Jul 25 18:36:25 witherspoon phosphor-gevent[1022]: ::80e9:6476:8e91:f402%1995434780 - - [2017-07-25 18:36:25] "POST /login HTTP/1.1" 200 320 0.059311
Jul 25 18:36:26 witherspoon phosphor-gevent[1022]: ::80e9:6476:8e91:f402%1995434780 - - [2017-07-25 18:36:26] "GET /xyz/openbmc_project/state/chassis0//attr/CurrentPowerState HTTP/1.1" 200 216 0.071278
Jul 25 18:36:26 witherspoon phosphor-gevent[1022]: ::80e9:6476:8e91:f402%1995434780 - - [2017-07-25 18:36:26] "POST /login HTTP/1.1" 200 320 0.033952
Jul 25 18:36:26 witherspoon phosphor-gevent[1022]: ::80e9:6476:8e91:f402%1995434780 - - [2017-07-25 18:36:26] "GET /xyz/openbmc_project/state/bmc0//attr/CurrentBMCState HTTP/1.1" 200 212 0.050909
Jul 25 18:36:26 witherspoon phosphor-gevent[1022]: ::80e9:6476:8e91:f402%1995434780 - - [2017-07-25 18:36:26] "POST /login HTTP/1.1" 200 320 0.034325
Jul 25 18:36:26 witherspoon phosphor-gevent[1022]: ::80e9:6476:8e91:f402%1995434780 - - [2017-07-25 18:36:26] "GET /org/openbmc/sensors/host/BootProgress/attr/value HTTP/1.1" 200 170 0.053198
Jul 25 18:36:26 witherspoon phosphor-gevent[1022]: ::80e9:6476:8e91:f402%1995434780 - - [2017-07-25 18:36:26] "POST /login HTTP/1.1" 200 320 0.039298
Jul 25 18:36:26 witherspoon phosphor-gevent[1022]: ::80e9:6476:8e91:f402%1995434780 - - [2017-07-25 18:36:26] "GET /xyz/openbmc_project/state/host0//attr/CurrentHostState HTTP/1.1" 200 212 0.054276
Jul 25 18:36:27 witherspoon phosphor-gevent[1022]: ::80e9:6476:8e91:f402%1995434780 - - [2017-07-25 18:36:27] "POST /login HTTP/1.1" 200 320 0.048757
