-- Logs begin at Mon 2017-09-18 15:33:52 UTC, end at Mon 2017-09-18 15:37:20 UTC. --
Sep 18 15:33:52 witherspoon kernel: Booting Linux on physical CPU 0x0
Sep 18 15:33:52 witherspoon kernel: Linux version 4.10.17-c4227b43277bbd0992d10d764d4958239786503d (jenkins@openbmc-builder1) (gcc version 6.2.0 (GCC) ) #1 Mon Sep 18 15:14:20 UTC 2017
Sep 18 15:33:52 witherspoon kernel: CPU: ARMv6-compatible processor [410fb767] revision 7 (ARMv7), cr=00c5387d
Sep 18 15:33:52 witherspoon kernel: CPU: PIPT / VIPT nonaliasing data cache, VIPT nonaliasing instruction cache
Sep 18 15:33:52 witherspoon kernel: OF: fdt:Machine model: Witherspoon BMC
Sep 18 15:33:52 witherspoon kernel: Memory policy: Data cache writeback
Sep 18 15:33:52 witherspoon kernel: SOC Rev: 04030303
Sep 18 15:33:52 witherspoon kernel: On node 0 totalpages: 110592
Sep 18 15:33:52 witherspoon kernel: free_area_init_node: node 0, pgdat 806038a4, node_mem_map 9ec1a000
Sep 18 15:33:52 witherspoon kernel:   Normal zone: 992 pages used for memmap
Sep 18 15:33:52 witherspoon kernel:   Normal zone: 0 pages reserved
Sep 18 15:33:52 witherspoon kernel:   Normal zone: 110592 pages, LIFO batch:31
Sep 18 15:33:52 witherspoon kernel: pcpu-alloc: s0 r0 d32768 u32768 alloc=1*32768
Sep 18 15:33:52 witherspoon kernel: pcpu-alloc: [0] 0 
Sep 18 15:33:52 witherspoon kernel: Built 1 zonelists in Zone order, mobility grouping on.  Total pages: 109600
Sep 18 15:33:52 witherspoon kernel: Kernel command line: console=ttyS4,115200n8 root=/dev/ram rw
Sep 18 15:33:52 witherspoon kernel: PID hash table entries: 2048 (order: 1, 8192 bytes)
Sep 18 15:33:52 witherspoon kernel: Dentry cache hash table entries: 65536 (order: 6, 262144 bytes)
Sep 18 15:33:52 witherspoon kernel: Inode-cache hash table entries: 32768 (order: 5, 131072 bytes)
Sep 18 15:33:52 witherspoon kernel: Memory: 430412K/442368K available (4077K kernel code, 281K rwdata, 1196K rodata, 284K init, 111K bss, 11956K reserved, 0K cma-reserved)
Sep 18 15:33:52 witherspoon kernel: Virtual kernel memory layout:
                                        vector  : 0xffff0000 - 0xffff1000   (   4 kB)
                                        fixmap  : 0xffc00000 - 0xfff00000   (3072 kB)
                                        vmalloc : 0x9f800000 - 0xff800000   (1536 MB)
                                        lowmem  : 0x80000000 - 0x9f000000   ( 496 MB)
                                          .text : 0x80008000 - 0x804036e0   (4078 kB)
                                          .init : 0x80589000 - 0x805d0000   ( 284 kB)
                                          .data : 0x805d0000 - 0x806167a8   ( 282 kB)
                                           .bss : 0x806167a8 - 0x80632678   ( 112 kB)
Sep 18 15:33:52 witherspoon kernel: NR_IRQS:16 nr_irqs:16 16
Sep 18 15:33:52 witherspoon kernel: i2c controller registered, irq 16
Sep 18 15:33:52 witherspoon kernel: clocksource: moxart_timer: mask: 0xffffffff max_cycles: 0xffffffff, max_idle_ns: 77222644334 ns
Sep 18 15:33:52 witherspoon kernel: sched_clock: 32 bits at 100 Hz, resolution 10000000ns, wraps every 21474836475000000ns
Sep 18 15:33:52 witherspoon kernel: Calibrating delay loop... 789.70 BogoMIPS (lpj=3948544)
Sep 18 15:33:52 witherspoon kernel: pid_max: default: 32768 minimum: 301
Sep 18 15:33:52 witherspoon kernel: Mount-cache hash table entries: 1024 (order: 0, 4096 bytes)
Sep 18 15:33:52 witherspoon kernel: Mountpoint-cache hash table entries: 1024 (order: 0, 4096 bytes)
Sep 18 15:33:52 witherspoon kernel: CPU: Testing write buffer coherency: ok
Sep 18 15:33:52 witherspoon kernel: ftrace: allocating 14991 entries in 44 pages
Sep 18 15:33:52 witherspoon kernel: Setting up static identity map for 0x80008200 - 0x8000825c
Sep 18 15:33:52 witherspoon kernel: devtmpfs: initialized
Sep 18 15:33:52 witherspoon kernel: clocksource: jiffies: mask: 0xffffffff max_cycles: 0xffffffff, max_idle_ns: 19112604462750000 ns
Sep 18 15:33:52 witherspoon kernel: futex hash table entries: 256 (order: -1, 3072 bytes)
Sep 18 15:33:52 witherspoon kernel: pinctrl core: initialized pinctrl subsystem
Sep 18 15:33:52 witherspoon kernel: NET: Registered protocol family 16
Sep 18 15:33:52 witherspoon kernel: DMA: preallocated 256 KiB pool for atomic coherent allocations
Sep 18 15:33:52 witherspoon kernel: usbcore: registered new interface driver usbfs
Sep 18 15:33:52 witherspoon kernel: usbcore: registered new interface driver hub
Sep 18 15:33:52 witherspoon kernel: usbcore: registered new device driver usb
Sep 18 15:33:52 witherspoon kernel: clocksource: Switched to clocksource moxart_timer
Sep 18 15:33:52 witherspoon kernel: NET: Registered protocol family 2
Sep 18 15:33:52 witherspoon kernel: TCP established hash table entries: 4096 (order: 2, 16384 bytes)
Sep 18 15:33:52 witherspoon kernel: TCP bind hash table entries: 4096 (order: 2, 16384 bytes)
Sep 18 15:33:52 witherspoon kernel: TCP: Hash tables configured (established 4096 bind 4096)
Sep 18 15:33:52 witherspoon kernel: UDP hash table entries: 256 (order: 0, 4096 bytes)
Sep 18 15:33:52 witherspoon kernel: UDP-Lite hash table entries: 256 (order: 0, 4096 bytes)
Sep 18 15:33:52 witherspoon kernel: NET: Registered protocol family 1
Sep 18 15:33:52 witherspoon kernel: Trying to unpack rootfs image as initramfs...
Sep 18 15:33:52 witherspoon kernel: Freeing initrd memory: 1544K
Sep 18 15:33:53 witherspoon kernel: workingset: timestamp_bits=30 max_order=17 bucket_order=0
Sep 18 15:33:53 witherspoon kernel: squashfs: version 4.0 (2009/01/31) Phillip Lougher
Sep 18 15:33:53 witherspoon kernel: jffs2: version 2.2. (SUMMARY)  © 2001-2006 Red Hat, Inc.
Sep 18 15:33:53 witherspoon kernel: Block layer SCSI generic (bsg) driver version 0.4 loaded (major 250)
Sep 18 15:33:53 witherspoon kernel: io scheduler noop registered
Sep 18 15:33:53 witherspoon kernel: io scheduler deadline registered
Sep 18 15:33:53 witherspoon kernel: io scheduler cfq registered (default)
Sep 18 15:33:53 witherspoon kernel: ipmi-bt-host 1e789140.ibt: Found bt bmc device
Sep 18 15:33:53 witherspoon kernel: ipmi-bt-host 1e789140.ibt: Using IRQ 22
Sep 18 15:33:53 witherspoon kernel: Serial: 8250/16550 driver, 6 ports, IRQ sharing enabled
Sep 18 15:33:53 witherspoon kernel: 1e787000.vuart: ttyS5 at MMIO 0x1e787000 (irq = 22, base_baud = 1500000) is a 16550A
Sep 18 15:33:53 witherspoon kernel: 1e783000.serial: ttyS0 at MMIO 0x1e783000 (irq = 23, base_baud = 1500000) is a 16550A
Sep 18 15:33:53 witherspoon kernel: 1e78d000.serial: ttyS1 at MMIO 0x1e78d000 (irq = 24, base_baud = 1500000) is a 16550A
Sep 18 15:33:53 witherspoon kernel: 1e784000.serial: ttyS4 at MMIO 0x1e784000 (irq = 25, base_baud = 1500000) is a 16550A
Sep 18 15:33:53 witherspoon kernel: console [ttyS4] enabled
Sep 18 15:33:53 witherspoon kernel: timeriomem_rng 1e6e2078.hwrng: 32bits from 0xf00e2078 @ 1us
Sep 18 15:33:53 witherspoon kernel: random: fast init done
Sep 18 15:33:53 witherspoon kernel: brd: module loaded
Sep 18 15:33:53 witherspoon kernel: random: crng init done
Sep 18 15:33:53 witherspoon kernel: loop: module loaded
Sep 18 15:33:53 witherspoon kernel: aspeed-lpc-ctrl 1e789080.lpc-ctrl: Loaded at 0x98000000 (0x04000000)
Sep 18 15:33:53 witherspoon kernel: aspeed-smc 1e620000.flash-controller: Using IRQ 18
Sep 18 15:33:53 witherspoon kernel: aspeed-smc 1e620000.flash-controller: DMA support disabled.
Sep 18 15:33:53 witherspoon kernel: aspeed-smc 1e620000.flash-controller: mx25l25635e (32768 Kbytes)
Sep 18 15:33:53 witherspoon kernel: aspeed-smc 1e620000.flash-controller: CE0 window [ 0x20000000 - 0x22000000 ] 32MB
Sep 18 15:33:53 witherspoon kernel: aspeed-smc 1e620000.flash-controller: CE1 window [ 0x22000000 - 0x2a000000 ] 128MB
Sep 18 15:33:53 witherspoon kernel: 5 ofpart partitions found on MTD device bmc
Sep 18 15:33:53 witherspoon kernel: Creating 5 MTD partitions on "bmc":
Sep 18 15:33:53 witherspoon kernel: 0x000000000000-0x000000060000 : "u-boot"
Sep 18 15:33:53 witherspoon kernel: 0x000000060000-0x000000080000 : "u-boot-env"
Sep 18 15:33:53 witherspoon kernel: 0x000000080000-0x0000004c0000 : "kernel"
Sep 18 15:33:53 witherspoon kernel: 0x0000004c0000-0x000001c00000 : "rofs"
Sep 18 15:33:53 witherspoon kernel: 0x000001c00000-0x000002000000 : "rwfs"
Sep 18 15:33:53 witherspoon kernel: aspeed-smc 1e620000.flash-controller: mx25l25635e (32768 Kbytes)
Sep 18 15:33:53 witherspoon kernel: aspeed-smc 1e620000.flash-controller: CE1 window [ 0x22000000 - 0x24000000 ] 32MB
Sep 18 15:33:53 witherspoon kernel: aspeed-smc 1e620000.flash-controller: CE2 window [ 0x24000000 - 0x2c000000 ] 128MB
Sep 18 15:33:53 witherspoon kernel: aspeed-smc 1e630000.flash-controller: mx66l1g45g (131072 Kbytes)
Sep 18 15:33:53 witherspoon kernel: aspeed-smc 1e630000.flash-controller: CE0 window resized to 120MB (AST2500 HW quirk)
Sep 18 15:33:53 witherspoon kernel: aspeed-smc 1e630000.flash-controller: CE0 window [ 0x30000000 - 0x37800000 ] 120MB
Sep 18 15:33:53 witherspoon kernel: aspeed-smc 1e630000.flash-controller: CE0 window too small for chip 128MB
Sep 18 15:33:53 witherspoon kernel: aspeed-smc 1e630000.flash-controller: CE1 window [ 0x37800000 - 0x38000000 ] 8MB
Sep 18 15:33:53 witherspoon kernel: libphy: Fixed MDIO Bus: probed
Sep 18 15:33:53 witherspoon kernel: ftgmac100 1e660000.ethernet: Read MAC address 70:e2:84:14:28:a9 from chip
Sep 18 15:33:53 witherspoon kernel: ftgmac100 1e660000.ethernet: Using NCSI interface
Sep 18 15:33:53 witherspoon kernel: ftgmac100 1e660000.ethernet eth0: irq 20, mapped at f0060000
Sep 18 15:33:53 witherspoon kernel: ehci_hcd: USB 2.0 'Enhanced' Host Controller (EHCI) Driver
Sep 18 15:33:53 witherspoon kernel: ehci-platform: EHCI generic platform driver
Sep 18 15:33:53 witherspoon kernel: i2c /dev entries driver
Sep 18 15:33:53 witherspoon kernel: aspeed-i2c-bus 1e78a0c0.i2c-bus: i2c bus 2 registered, irq 26
Sep 18 15:33:53 witherspoon kernel: aspeed-i2c-bus 1e78a100.i2c-bus: i2c bus 3 registered, irq 27
Sep 18 15:33:53 witherspoon kernel: aspeed-i2c-bus 1e78a140.i2c-bus: i2c bus 4 registered, irq 28
Sep 18 15:33:53 witherspoon kernel: aspeed-i2c-bus 1e78a180.i2c-bus: i2c bus 5 registered, irq 29
Sep 18 15:33:53 witherspoon kernel: aspeed-i2c-bus 1e78a380.i2c-bus: i2c bus 9 registered, irq 30
Sep 18 15:33:53 witherspoon kernel: aspeed-i2c-bus 1e78a3c0.i2c-bus: i2c bus 10 registered, irq 31
Sep 18 15:33:53 witherspoon kernel: rtc-rv8803 11-0032: Voltage low, temperature compensation stopped.
Sep 18 15:33:53 witherspoon kernel: rtc-rv8803 11-0032: rtc core: registered rx8900 as rtc0
Sep 18 15:33:53 witherspoon kernel: at24 11-0051: 8192 byte 24c64 EEPROM, writable, 1 bytes/write
Sep 18 15:33:53 witherspoon kernel: aspeed-i2c-bus 1e78a400.i2c-bus: i2c bus 11 registered, irq 32
Sep 18 15:33:53 witherspoon kernel: aspeed-i2c-bus 1e78a440.i2c-bus: i2c bus 12 registered, irq 33
Sep 18 15:33:53 witherspoon kernel: aspeed-i2c-bus 1e78a480.i2c-bus: i2c bus 13 registered, irq 34
Sep 18 15:33:53 witherspoon kernel: Driver for 1-wire Dallas network protocol.
Sep 18 15:33:53 witherspoon kernel: lm75 9-004a: hwmon0: sensor 'tmp275'
Sep 18 15:33:53 witherspoon kernel: ucd9000 11-0064: Device ID UCD90160|2.3.4.0000|110603
Sep 18 15:33:53 witherspoon kernel: leds-pca955x 3-0060: leds-pca955x: Using pca9552 16-bit LED driver at slave address 0x60
Sep 18 15:33:53 witherspoon kernel: leds-pca955x 3-0060: gpios 238...253
Sep 18 15:33:53 witherspoon kernel: leds-pca955x 11-0060: leds-pca955x: Using pca9552 16-bit LED driver at slave address 0x60
Sep 18 15:33:53 witherspoon kernel: leds-pca955x 11-0060: gpios 222...237
Sep 18 15:33:53 witherspoon kernel: usbcore: registered new interface driver usbhid
Sep 18 15:33:53 witherspoon kernel: usbhid: USB HID core driver
Sep 18 15:33:53 witherspoon kernel: dps310 3-0076: iio:device1: sensor 'dps310'
Sep 18 15:33:53 witherspoon kernel: NET: Registered protocol family 10
Sep 18 15:33:53 witherspoon kernel: Segment Routing with IPv6
Sep 18 15:33:53 witherspoon kernel: NET: Registered protocol family 17
Sep 18 15:33:53 witherspoon kernel: 8021q: 802.1Q VLAN Support v1.8
Sep 18 15:33:53 witherspoon kernel: input: gpio-keys-polled as /devices/platform/gpio-keys-polled/input/input1
Sep 18 15:33:53 witherspoon kernel: console [netcon0] enabled
Sep 18 15:33:53 witherspoon kernel: netconsole: network logging started
Sep 18 15:33:53 witherspoon kernel: input: gpio-keys as /devices/platform/gpio-keys/input/input2
Sep 18 15:33:53 witherspoon kernel: rtc-rv8803 11-0032: setting system clock to 2017-09-18 15:33:45 UTC (1505748825)
Sep 18 15:33:53 witherspoon kernel: Freeing unused kernel memory: 284K
Sep 18 15:33:53 witherspoon kernel: This architecture does not have kernel memory protection.
Sep 18 15:33:53 witherspoon kernel: jffs2: notice: (542) jffs2_build_xattr_subsystem: complete building xattr subsystem, 0 of xdatum (0 unchecked, 0 orphan) and 0 of xref (0 dead, 0 orphan) found.
Sep 18 15:33:53 witherspoon systemd[1]: Failed to insert module 'autofs4': No such file or directory
Sep 18 15:33:53 witherspoon systemd[1]: systemd 232 running in system mode. (+PAM -AUDIT -SELINUX -IMA -APPARMOR -SMACK +SYSVINIT -UTMP -LIBCRYPTSETUP -GCRYPT -GNUTLS +ACL +XZ -LZ4 -SECCOMP +BLKID -ELFUTILS +KMOD -IDN)
Sep 18 15:33:53 witherspoon systemd[1]: Detected architecture arm.
Sep 18 15:33:53 witherspoon systemd[1]: Set hostname to <witherspoon>.
Sep 18 15:33:53 witherspoon systemd[1]: Listening on Network Service Netlink Socket.
Sep 18 15:33:53 witherspoon systemd[1]: Listening on Journal Socket.
Sep 18 15:33:53 witherspoon systemd[1]: Started Forward Password Requests to Wall Directory Watch.
Sep 18 15:33:53 witherspoon systemd[1]: Listening on udev Control Socket.
Sep 18 15:33:53 witherspoon systemd[1]: Reached target Remote File Systems.
Sep 18 15:33:53 witherspoon systemd[1]: Started Dispatch Password Requests to Console Directory Watch.
Sep 18 15:33:53 witherspoon systemd[1]: Reached target Paths.
Sep 18 15:33:53 witherspoon systemd-journald[566]: Journal started
Sep 18 15:33:53 witherspoon systemd-journald[566]: Runtime journal (/run/log/journal/12c6a00ebfdd479284cf09f39d1bc042) is 0B, max 0B, 0B free.
Sep 18 15:33:53 witherspoon systemd-sysctl[674]: Couldn't write '16' to 'kernel/sysrq', ignoring: No such file or directory
Sep 18 15:33:53 witherspoon systemd-sysctl[674]: Couldn't write 'fq_codel' to 'net/core/default_qdisc', ignoring: No such file or directory
Sep 18 15:33:54 witherspoon systemd[1]: Created slice system-phosphor\x2dreset\x2dhost\x2dcheck.slice.
Sep 18 15:33:54 witherspoon systemd[1]: Mounted Debug File System.
Sep 18 15:33:54 witherspoon systemd[1]: Mounted Temporary Directory.
Sep 18 15:33:54 witherspoon systemd[1]: Started Journal Service.
Sep 18 15:33:54 witherspoon systemd[1]: Started Remount Root and Kernel File Systems.
Sep 18 15:33:54 witherspoon systemd[1]: Started Apply Kernel Variables.
Sep 18 15:33:55 witherspoon systemd[1]: Starting Create System Users...
Sep 18 15:33:55 witherspoon systemd[1]: Starting Flush Journal to Persistent Storage...
Sep 18 15:33:55 witherspoon systemd-journald[566]: Runtime journal (/run/log/journal/12c6a00ebfdd479284cf09f39d1bc042) is 0B, max 0B, 0B free.
Sep 18 15:33:55 witherspoon systemd[1]: Started Flush Journal to Persistent Storage.
Sep 18 15:33:55 witherspoon systemd[1]: Started udev Coldplug all Devices.
Sep 18 15:33:56 witherspoon systemd[1]: Started Create System Users.
Sep 18 15:33:56 witherspoon systemd[1]: Starting Create Static Device Nodes in /dev...
Sep 18 15:33:56 witherspoon systemd[1]: Started Create Static Device Nodes in /dev.
Sep 18 15:33:56 witherspoon systemd[1]: Reached target Local File Systems (Pre).
Sep 18 15:33:56 witherspoon systemd[1]: Mounting /var/volatile...
Sep 18 15:33:56 witherspoon systemd[1]: Mounting /usr/local...
Sep 18 15:33:56 witherspoon systemd[1]: Starting udev Kernel Device Manager...
Sep 18 15:33:56 witherspoon systemd[1]: Mounted /usr/local.
Sep 18 15:33:56 witherspoon systemd[1]: Mounted /var/volatile.
Sep 18 15:33:56 witherspoon systemd[1]: Starting Load/Save Random Seed...
Sep 18 15:33:56 witherspoon systemd[1]: Reached target Local File Systems.
Sep 18 15:33:56 witherspoon systemd[1]: Starting Create Volatile Files and Directories...
Sep 18 15:33:56 witherspoon systemd[1]: Starting Rebuild Journal Catalog...
Sep 18 15:33:56 witherspoon systemd-tmpfiles[928]: "/var/tmp" already exists and is not a directory.
Sep 18 15:33:56 witherspoon systemd-tmpfiles[928]: "/var/log" already exists and is not a directory.
Sep 18 15:33:56 witherspoon systemd[1]: Started Create Volatile Files and Directories.
Sep 18 15:33:57 witherspoon systemd[1]: Starting Network Time Synchronization...
Sep 18 15:33:57 witherspoon systemd[1]: Started Load/Save Random Seed.
Sep 18 15:33:57 witherspoon systemd[1]: Started udev Kernel Device Manager.
Sep 18 15:33:57 witherspoon systemd[1]: Started Rebuild Journal Catalog.
Sep 18 15:33:58 witherspoon systemd[1]: Starting Update is Completed...
Sep 18 15:33:58 witherspoon systemd[1]: Started Update is Completed.
Sep 18 15:33:58 witherspoon systemd[1]: dev-hugepages.mount: Couldn't determine result for ConditionVirtualization=!private-users, assuming failed: No such file or directory
Sep 18 15:33:58 witherspoon systemd[1]: Created slice system-xyz.openbmc_project.Hwmon.slice.
Sep 18 15:33:58 witherspoon systemd[1]: Found device /dev/aspeed-lpc-ctrl.
Sep 18 15:33:58 witherspoon systemd[1]: Found device /dev/aspeed-mbox.
Sep 18 15:33:58 witherspoon systemd[1]: Found device /dev/ttyS4.
Sep 18 15:33:58 witherspoon systemd[1]: Found device /dev/ttyVUART0.
Sep 18 15:33:59 witherspoon systemd[1]: Started Network Time Synchronization.
Sep 18 15:34:00 witherspoon systemd[1]: Created slice system-xyz.openbmc_project.led.controller.slice.
Sep 18 15:34:00 witherspoon systemd[1]: Reached target System Time Synchronized.
Sep 18 15:34:00 witherspoon systemd[1]: dev-hugepages.mount: Couldn't determine result for ConditionVirtualization=!private-users, assuming failed: No such file or directory
Sep 18 15:34:00 witherspoon systemd[1]: Reached target System Initialization.
Sep 18 15:34:00 witherspoon systemd[1]: Listening on Phosphor DBUS Browser socket.
Sep 18 15:34:01 witherspoon systemd[1]: Listening on phosphor-ipmi-net.socket.
Sep 18 15:34:01 witherspoon systemd[1]: Listening on Phosphor Host Console SSH Per-Connection socket.
Sep 18 15:34:01 witherspoon systemd[1]: Listening on Avahi mDNS/DNS-SD Stack Activation Socket.
Sep 18 15:34:01 witherspoon systemd[1]: Listening on D-Bus System Message Bus Socket.
Sep 18 15:34:02 witherspoon systemd[1]: Listening on Phosphor Webserver socket.
Sep 18 15:34:02 witherspoon systemd[1]: Started Daily Cleanup of Temporary Directories.
Sep 18 15:34:02 witherspoon systemd[1]: Reached target Timers.
Sep 18 15:34:02 witherspoon systemd[1]: Listening on dropbear.socket.
Sep 18 15:34:02 witherspoon systemd[1]: Reached target Sockets.
Sep 18 15:34:02 witherspoon systemd[1]: Reached target Basic System.
Sep 18 15:34:02 witherspoon systemd[1]: Starting Phosphor Download Manager...
Sep 18 15:34:02 witherspoon systemd[1]: Starting Phosphor Download Manager...
Sep 18 15:34:02 witherspoon systemd[1]: Started Phosphor sysfs LED controller.
Sep 18 15:34:02 witherspoon systemd[1]: Starting Phosphor BMC0 Control...
Sep 18 15:34:03 witherspoon systemd[1]: Starting Phosphor Inventory Manager...
Sep 18 15:34:03 witherspoon systemd[1]: Started Phosphor sysfs LED controller.
Sep 18 15:34:03 witherspoon systemd[1]: Starting Phosphor IPMI BT DBus Bridge...
Sep 18 15:34:03 witherspoon systemd[1]: Started Hardware RNG Entropy Gatherer Daemon.
Sep 18 15:34:03 witherspoon systemd[1]: Started Phosphor sysfs LED controller.
Sep 18 15:34:03 witherspoon systemd[1]: Started Phosphor sysfs LED controller.
Sep 18 15:34:04 witherspoon systemd[1]: Started Phosphor sysfs LED controller.
Sep 18 15:34:04 witherspoon systemd[1]: Started System Logging Service.
Sep 18 15:34:04 witherspoon systemd[1]: Started Phosphor sysfs LED controller.
Sep 18 15:34:04 witherspoon systemd[1]: Starting Phosphor Inventory Manager...
Sep 18 15:34:04 witherspoon systemd[1]: Reached target Containers.
Sep 18 15:34:04 witherspoon systemd[1]: Starting Phosphor Network Manager...
Sep 18 15:34:04 witherspoon systemd[1]: Started Phosphor sysfs LED controller.
Sep 18 15:34:04 witherspoon systemd[1]: Starting Phosphor Settings Daemon...
Sep 18 15:34:04 witherspoon systemd[1]: Starting Avahi mDNS/DNS-SD Stack...
Sep 18 15:34:04 witherspoon systemd[1]: Starting Phosphor Dump Manager...
Sep 18 15:34:04 witherspoon systemd[1]: Started Phosphor sysfs LED controller.
Sep 18 15:34:05 witherspoon systemd[1]: Started Phosphor sysfs LED controller.
Sep 18 15:34:05 witherspoon systemd[1]: Starting Remount the squashfs and ubi volumes after a reboot...
Sep 18 15:34:05 witherspoon systemd[1]: Starting Phosphor LED Group Management Daemon...
Sep 18 15:34:05 witherspoon systemd[1]: Starting Updates symlinks for active PNOR version...
Sep 18 15:34:05 witherspoon systemd[1]: Started D-Bus System Message Bus.
Sep 18 15:34:06 witherspoon kernel: ubi7: default fastmap pool size: 100
Sep 18 15:34:06 witherspoon kernel: ubi7: default fastmap WL pool size: 50
Sep 18 15:34:06 witherspoon kernel: ubi7: attaching mtd7
Sep 18 15:34:06 witherspoon kernel: ubi7: scanning is finished
Sep 18 15:34:06 witherspoon obmc-flash-bios[977]: UBI device number 7, total 2048 LEBs (133955584 bytes, 127.8 MiB), available 1110 LEBs (72602880 bytes, 69.2 MiB), LEB size 65408 bytes (63.9 KiB)
Sep 18 15:34:06 witherspoon kernel: ubi7: attached mtd7 (name "pnor", size 128 MiB)
Sep 18 15:34:06 witherspoon kernel: ubi7: PEB size: 65536 bytes (64 KiB), LEB size: 65408 bytes
Sep 18 15:34:06 witherspoon kernel: ubi7: min./max. I/O unit sizes: 1/256, sub-page size 1
Sep 18 15:34:06 witherspoon kernel: ubi7: VID header offset: 64 (aligned 64), data offset: 128
Sep 18 15:34:06 witherspoon kernel: ubi7: good PEBs: 2048, bad PEBs: 0, corrupted PEBs: 0
Sep 18 15:34:06 witherspoon kernel: ubi7: user volume: 4, internal volumes: 1, max. volumes count: 128
Sep 18 15:34:06 witherspoon kernel: ubi7: max/mean erase counter: 38/26, WL threshold: 4096, image sequence number: 1192395733
Sep 18 15:34:06 witherspoon kernel: ubi7: available PEBs: 1110, total reserved PEBs: 938, PEBs reserved for bad PEB handling: 0
Sep 18 15:34:06 witherspoon obmc-flash-bios[984]: ls: /media/pnor-ro-*: No such file or directory
Sep 18 15:34:07 witherspoon kernel: ubi7: background thread "ubi_bgt7d" started, PID 992
Sep 18 15:34:08 witherspoon avahi-daemon[973]: Found user 'avahi' (UID 999) and group 'avahi' (GID 999).
Sep 18 15:34:08 witherspoon avahi-daemon[973]: Successfully dropped root privileges.
Sep 18 15:34:08 witherspoon avahi-daemon[973]: avahi-daemon 0.6.32 starting up.
Sep 18 15:34:11 witherspoon avahi-daemon[973]: Successfully called chroot().
Sep 18 15:34:11 witherspoon avahi-daemon[973]: Successfully dropped remaining capabilities.
Sep 18 15:34:11 witherspoon avahi-daemon[973]: Loading service file /services/obmc_console.service.
Sep 18 15:34:11 witherspoon avahi-daemon[973]: Loading service file /services/phosphor_rest.service.
Sep 18 15:34:11 witherspoon avahi-daemon[973]: Loading service file /services/sftp-ssh.service.
Sep 18 15:34:11 witherspoon avahi-daemon[973]: Loading service file /services/sftp.service.
Sep 18 15:34:11 witherspoon avahi-daemon[973]: Loading service file /services/ssh.service.
Sep 18 15:34:11 witherspoon avahi-daemon[973]: Network interface enumeration completed.
Sep 18 15:34:11 witherspoon avahi-daemon[973]: Server startup complete. Host name is witherspoon.local. Local service cookie is 1735534002.
Sep 18 15:34:11 witherspoon avahi-daemon[973]: Service "witherspoon" (/services/ssh.service) successfully established.
Sep 18 15:34:11 witherspoon avahi-daemon[973]: Service "sftp" (/services/sftp.service) successfully established.
Sep 18 15:34:11 witherspoon avahi-daemon[973]: Service "witherspoon" (/services/sftp-ssh.service) successfully established.
Sep 18 15:34:11 witherspoon avahi-daemon[973]: Service "phosphor_rest" (/services/phosphor_rest.service) successfully established.
Sep 18 15:34:11 witherspoon avahi-daemon[973]: Service "obmc_console" (/services/obmc_console.service) successfully established.
Sep 18 15:34:13 witherspoon systemd[1]: Started Phosphor Inventory Manager.
Sep 18 15:34:13 witherspoon systemd[1]: Started Avahi mDNS/DNS-SD Stack.
Sep 18 15:34:13 witherspoon systemd[1]: Started Phosphor Settings Daemon.
Sep 18 15:34:13 witherspoon systemd[1]: Started Phosphor Download Manager.
Sep 18 15:34:13 witherspoon systemd[1]: Started Phosphor LED Group Management Daemon.
Sep 18 15:34:14 witherspoon systemd[1]: Started Phosphor IPMI BT DBus Bridge.
Sep 18 15:34:14 witherspoon systemd[1]: Starting Network Service...
Sep 18 15:34:14 witherspoon systemd[1]: Started Phosphor Dump core monitor..
Sep 18 15:34:14 witherspoon systemd[1]: Starting Phosphor Log Manager...
Sep 18 15:34:14 witherspoon systemd[1]: Started Phosphor sysfs LED controller.
Sep 18 15:34:15 witherspoon systemd-networkd[1010]: Could not create runtime directory: File exists
Sep 18 15:34:15 witherspoon systemd-networkd[1010]: Could not create runtime directory 'links': File exists
Sep 18 15:34:15 witherspoon systemd-networkd[1010]: Could not create runtime directory 'leases': File exists
Sep 18 15:34:15 witherspoon systemd[1]: Started Kernel Logging Service.
Sep 18 15:34:15 witherspoon systemd[1]: Starting Phosphor Sensor Manager...
Sep 18 15:34:15 witherspoon systemd[1]: Starting Phosphor User Manager...
Sep 18 15:34:15 witherspoon systemd[1]: Starting Phosphor Chassis0 Control...
Sep 18 15:34:15 witherspoon systemd[1]: Starting Clear one time boot overrides...
Sep 18 15:34:15 witherspoon systemd[1]: Starting Check PNOR UBI format...
Sep 18 15:34:15 witherspoon systemd[1]: Starting Remount the ubi volume after a reboot...
Sep 18 15:34:15 witherspoon obmc-flash-bmc[1020]: /usr/sbin/obmc-flash-bmc: line 341: syntax error near unexpected token `)'
Sep 18 15:34:15 witherspoon obmc-flash-bmc[1020]: /usr/sbin/obmc-flash-bmc: line 341: `  rebootguardenable)'
Sep 18 15:34:15 witherspoon systemd[1]: Starting Phosphor DBus Service Discovery Manager...
Sep 18 15:34:15 witherspoon systemd[1]: Started Phosphor Console Muxer listening on device /dev/ttyVUART0.
Sep 18 15:34:16 witherspoon kernel[1014]: klogd started: BusyBox v1.24.1 (2017-06-16 19:29:08 UTC)
Sep 18 15:34:16 witherspoon kernel[1014]: [    0.000000] Booting Linux on physical CPU 0x0
Sep 18 15:34:16 witherspoon kernel[1014]: [    0.000000] Linux version 4.10.17-c4227b43277bbd0992d10d764d4958239786503d (jenkins@openbmc-builder1) (gcc version 6.2.0 (GCC) ) #1 Mon Sep 18 15:14:20 UTC 2017
Sep 18 15:34:16 witherspoon kernel[1014]: [    0.000000] CPU: ARMv6-compatible processor [410fb767] revision 7 (ARMv7), cr=00c5387d
Sep 18 15:34:16 witherspoon kernel[1014]: [    0.000000] CPU: PIPT / VIPT nonaliasing data cache, VIPT nonaliasing instruction cache
Sep 18 15:34:16 witherspoon kernel[1014]: [    0.000000] OF: fdt:Machine model: Witherspoon BMC
Sep 18 15:34:16 witherspoon kernel[1014]: [    0.000000] Memory policy: Data cache writeback
Sep 18 15:34:16 witherspoon kernel[1014]: [    0.000000] SOC Rev: 04030303
Sep 18 15:34:16 witherspoon kernel[1014]: [    0.000000] On node 0 totalpages: 110592
Sep 18 15:34:16 witherspoon systemd[1]: Started Updates symlinks for active PNOR version.
Sep 18 15:34:16 witherspoon kernel[1014]: [    0.000000] free_area_init_node: node 0, pgdat 806038a4, node_mem_map 9ec1a000
Sep 18 15:34:16 witherspoon systemd[1]: obmc-flash-bmc-ubiremount.service: Main process exited, code=exited, status=2/INVALIDARGUMENT
Sep 18 15:34:16 witherspoon kernel[1014]: [    0.000000]   Normal zone: 992 pages used for memmap
Sep 18 15:34:16 witherspoon systemd[1]: Failed to start Remount the ubi volume after a reboot.
Sep 18 15:34:16 witherspoon kernel[1014]: [    0.000000]   Normal zone: 0 pages reserved
Sep 18 15:34:16 witherspoon systemd[1]: obmc-flash-bmc-ubiremount.service: Unit entered failed state.
Sep 18 15:34:16 witherspoon kernel[1014]: [    0.000000]   Normal zone: 110592 pages, LIFO batch:31
Sep 18 15:34:16 witherspoon systemd[1]: obmc-flash-bmc-ubiremount.service: Failed with result 'exit-code'.
Sep 18 15:34:16 witherspoon kernel[1014]: [    0.000000] pcpu-alloc: s0 r0 d32768 u32768 alloc=1*32768
Sep 18 15:34:16 witherspoon kernel[1014]: [    0.000000] pcpu-alloc: [0] 0
Sep 18 15:34:16 witherspoon kernel[1014]: [    0.000000] Built 1 zonelists in Zone order, mobility grouping on.  Total pages: 109600
Sep 18 15:34:16 witherspoon kernel[1014]: [    0.000000] Kernel command line: console=ttyS4,115200n8 root=/dev/ram rw
Sep 18 15:34:16 witherspoon kernel[1014]: [    0.000000] PID hash table entries: 2048 (order: 1, 8192 bytes)
Sep 18 15:34:16 witherspoon kernel[1014]: [    0.000000] Dentry cache hash table entries: 65536 (order: 6, 262144 bytes)
Sep 18 15:34:16 witherspoon kernel[1014]: [    0.000000] Inode-cache hash table entries: 32768 (order: 5, 131072 bytes)
Sep 18 15:34:16 witherspoon kernel[1014]: [    0.000000] Memory: 430412K/442368K available (4077K kernel code, 281K rwdata, 1196K rodata, 284K init, 111K bss, 11956K reserved, 0K cma-reserved)
Sep 18 15:34:17 witherspoon systemd[1]: Started Check PNOR UBI format.
Sep 18 15:34:16 witherspoon kernel[1014]: [    0.000000] Virtual kernel memory layout:
Sep 18 15:34:17 witherspoon systemd[1]: Started Phosphor BMC0 Control.
Sep 18 15:34:16 witherspoon kernel[1014]: [    0.000000]     vector  : 0xffff0000 - 0xffff1000   (   4 kB)
Sep 18 15:34:16 witherspoon kernel[1014]: [    0.000000]     fixmap  : 0xffc00000 - 0xfff00000   (3072 kB)
Sep 18 15:34:16 witherspoon kernel[1014]: [    0.000000]     vmalloc : 0x9f800000 - 0xff800000   (1536 MB)
Sep 18 15:34:16 witherspoon kernel[1014]: [    0.000000]     lowmem  : 0x80000000 - 0x9f000000   ( 496 MB)
Sep 18 15:34:16 witherspoon kernel[1014]: [    0.000000]       .text : 0x80008000 - 0x804036e0   (4078 kB)
Sep 18 15:34:16 witherspoon kernel[1014]: [    0.000000]       .init : 0x80589000 - 0x805d0000   ( 284 kB)
Sep 18 15:34:16 witherspoon kernel[1014]: [    0.000000]       .data : 0x805d0000 - 0x806167a8   ( 282 kB)
Sep 18 15:34:16 witherspoon kernel[1014]: [    0.000000]        .bss : 0x806167a8 - 0x80632678   ( 112 kB)
Sep 18 15:34:16 witherspoon kernel[1014]: [    0.000000] NR_IRQS:16 nr_irqs:16 16
Sep 18 15:34:16 witherspoon kernel[1014]: [    0.000000] i2c controller registered, irq 16
Sep 18 15:34:16 witherspoon kernel[1014]: [    0.000000] clocksource: moxart_timer: mask: 0xffffffff max_cycles: 0xffffffff, max_idle_ns: 77222644334 ns
Sep 18 15:34:16 witherspoon kernel[1014]: [    0.000000] sched_clock: 32 bits at 100 Hz, resolution 10000000ns, wraps every 21474836475000000ns
Sep 18 15:34:16 witherspoon kernel[1014]: [    0.090000] Calibrating delay loop... 789.70 BogoMIPS (lpj=3948544)
Sep 18 15:34:16 witherspoon kernel[1014]: [    0.090000] pid_max: default: 32768 minimum: 301
Sep 18 15:34:16 witherspoon kernel[1014]: [    0.090000] Mount-cache hash table entries: 1024 (order: 0, 4096 bytes)
Sep 18 15:34:16 witherspoon kernel[1014]: [    0.090000] Mountpoint-cache hash table entries: 1024 (order: 0, 4096 bytes)
Sep 18 15:34:16 witherspoon kernel[1014]: [    0.090000] CPU: Testing write buffer coherency: ok
Sep 18 15:34:16 witherspoon kernel[1014]: [    0.090000] ftrace: allocating 14991 entries in 44 pages
Sep 18 15:34:16 witherspoon kernel[1014]: [    0.120000] Setting up static identity map for 0x80008200 - 0x8000825c
Sep 18 15:34:16 witherspoon kernel[1014]: [    0.130000] devtmpfs: initialized
Sep 18 15:34:16 witherspoon kernel[1014]: [    0.140000] clocksource: jiffies: mask: 0xffffffff max_cycles: 0xffffffff, max_idle_ns: 19112604462750000 ns
Sep 18 15:34:16 witherspoon kernel[1014]: [    0.140000] futex hash table entries: 256 (order: -1, 3072 bytes)
Sep 18 15:34:16 witherspoon kernel[1014]: [    0.140000] pinctrl core: initialized pinctrl subsystem
Sep 18 15:34:16 witherspoon kernel[1014]: [    0.140000] NET: Registered protocol family 16
Sep 18 15:34:16 witherspoon kernel[1014]: [    0.150000] DMA: preallocated 256 KiB pool for atomic coherent allocations
Sep 18 15:34:16 witherspoon kernel[1014]: [    0.210000] usbcore: registered new interface driver usbfs
Sep 18 15:34:16 witherspoon kernel[1014]: [    0.210000] usbcore: registered new interface driver hub
Sep 18 15:34:16 witherspoon kernel[1014]: [    0.210000] usbcore: registered new device driver usb
Sep 18 15:34:16 witherspoon kernel[1014]: [    0.220000] clocksource: Switched to clocksource moxart_timer
Sep 18 15:34:16 witherspoon kernel[1014]: [    0.240000] NET: Registered protocol family 2
Sep 18 15:34:16 witherspoon kernel[1014]: [    0.240000] TCP established hash table entries: 4096 (order: 2, 16384 bytes)
Sep 18 15:34:16 witherspoon kernel[1014]: [    0.240000] TCP bind hash table entries: 4096 (order: 2, 16384 bytes)
Sep 18 15:34:16 witherspoon kernel[1014]: [    0.240000] TCP: Hash tables configured (established 4096 bind 4096)
Sep 18 15:34:16 witherspoon kernel[1014]: [    0.240000] UDP hash table entries: 256 (order: 0, 4096 bytes)
Sep 18 15:34:16 witherspoon kernel[1014]: [    0.240000] UDP-Lite hash table entries: 256 (order: 0, 4096 bytes)
Sep 18 15:34:16 witherspoon kernel[1014]: [    0.240000] NET: Registered protocol family 1
Sep 18 15:34:16 witherspoon kernel[1014]: [    0.240000] Trying to unpack rootfs image as initramfs...
Sep 18 15:34:16 witherspoon kernel[1014]: [    1.910000] Freeing initrd memory: 1544K
Sep 18 15:34:16 witherspoon kernel[1014]: [    1.910000] workingset: timestamp_bits=30 max_order=17 bucket_order=0
Sep 18 15:34:16 witherspoon kernel[1014]: [    1.910000] squashfs: version 4.0 (2009/01/31) Phillip Lougher
Sep 18 15:34:16 witherspoon kernel[1014]: [    1.910000] jffs2: version 2.2. (SUMMARY)  © 2001-2006 Red Hat, Inc.
Sep 18 15:34:16 witherspoon kernel[1014]: [    1.910000] Block layer SCSI generic (bsg) driver version 0.4 loaded (major 250)
Sep 18 15:34:16 witherspoon kernel[1014]: [    1.910000] io scheduler noop registered
Sep 18 15:34:16 witherspoon kernel[1014]: [    1.910000] io scheduler deadline registered
Sep 18 15:34:16 witherspoon kernel[1014]: [    1.910000] io scheduler cfq registered (default)
Sep 18 15:34:16 witherspoon kernel[1014]: [    2.060000] ipmi-bt-host 1e789140.ibt: Found bt bmc device
Sep 18 15:34:16 witherspoon kernel[1014]: [    2.060000] ipmi-bt-host 1e789140.ibt: Using IRQ 22
Sep 18 15:34:16 witherspoon kernel[1014]: [    2.060000] Serial: 8250/16550 driver, 6 ports, IRQ sharing enabled
Sep 18 15:34:16 witherspoon kernel[1014]: [    2.060000] 1e787000.vuart: ttyS5 at MMIO 0x1e787000 (irq = 22, base_baud = 1500000) is a 16550A
Sep 18 15:34:16 witherspoon kernel[1014]: [    2.060000] 1e783000.serial: ttyS0 at MMIO 0x1e783000 (irq = 23, base_baud = 1500000) is a 16550A
Sep 18 15:34:16 witherspoon kernel[1014]: [    2.060000] 1e78d000.serial: ttyS1 at MMIO 0x1e78d000 (irq = 24, base_baud = 1500000) is a 16550A
Sep 18 15:34:16 witherspoon kernel[1014]: [    2.060000] 1e784000.serial: ttyS4 at MMIO 0x1e784000 (irq = 25, base_baud = 1500000) is a 16550A
Sep 18 15:34:16 witherspoon kernel[1014]: [    2.480000] console [ttyS4] enabled
Sep 18 15:34:16 witherspoon kernel[1014]: [    2.530000] timeriomem_rng 1e6e2078.hwrng: 32bits from 0xf00e2078 @ 1us
Sep 18 15:34:16 witherspoon kernel[1014]: [    2.540000] random: fast init done
Sep 18 15:34:16 witherspoon kernel[1014]: [    2.580000] brd: module loaded
Sep 18 15:34:16 witherspoon kernel[1014]: [    2.590000] random: crng init done
Sep 18 15:34:16 witherspoon kernel[1014]: [    2.610000] loop: module loaded
Sep 18 15:34:16 witherspoon kernel[1014]: [    2.620000] aspeed-lpc-ctrl 1e789080.lpc-ctrl: Loaded at 0x98000000 (0x04000000)
Sep 18 15:34:16 witherspoon kernel[1014]: [    2.630000] aspeed-smc 1e620000.flash-controller: Using IRQ 18
Sep 18 15:34:16 witherspoon kernel[1014]: [    2.630000] aspeed-smc 1e620000.flash-controller: DMA support disabled.
Sep 18 15:34:16 witherspoon kernel[1014]: [    2.630000] aspeed-smc 1e620000.flash-controller: mx25l25635e (32768 Kbytes)
Sep 18 15:34:16 witherspoon kernel[1014]: [    2.650000] aspeed-smc 1e620000.flash-controller: CE0 window [ 0x20000000 - 0x22000000 ] 32MB
Sep 18 15:34:16 witherspoon kernel[1014]: [    2.650000] aspeed-smc 1e620000.flash-controller: CE1 window [ 0x22000000 - 0x2a000000 ] 128MB
Sep 18 15:34:16 witherspoon kernel[1014]: [    2.650000] 5 ofpart partitions found on MTD device bmc
Sep 18 15:34:16 witherspoon kernel[1014]: [    2.650000] Creating 5 MTD partitions on "bmc":
Sep 18 15:34:16 witherspoon kernel[1014]: [    2.680000] 0x000000000000-0x000000060000 : "u-boot"
Sep 18 15:34:16 witherspoon kernel[1014]: [    2.680000] 0x000000060000-0x000000080000 : "u-boot-env"
Sep 18 15:34:16 witherspoon kernel[1014]: [    2.680000] 0x000000080000-0x0000004c0000 : "kernel"
Sep 18 15:34:16 witherspoon kernel[1014]: [    2.680000] 0x0000004c0000-0x000001c00000 : "rofs"
Sep 18 15:34:16 witherspoon kernel[1014]: [    2.720000] 0x000001c00000-0x000002000000 : "rwfs"
Sep 18 15:34:16 witherspoon kernel[1014]: [    2.720000] aspeed-smc 1e620000.flash-controller: mx25l25635e (32768 Kbytes)
Sep 18 15:34:16 witherspoon kernel[1014]: [    2.740000] aspeed-smc 1e620000.flash-controller: CE1 window [ 0x22000000 - 0x24000000 ] 32MB
Sep 18 15:34:16 witherspoon kernel[1014]: [    2.740000] aspeed-smc 1e620000.flash-controller: CE2 window [ 0x24000000 - 0x2c000000 ] 128MB
Sep 18 15:34:16 witherspoon kernel[1014]: [    2.760000] aspeed-smc 1e630000.flash-controller: mx66l1g45g (131072 Kbytes)
Sep 18 15:34:19 witherspoon systemd[1]: Started Phosphor Log Manager.
Sep 18 15:34:16 witherspoon kernel[1014]: [    2.770000] aspeed-smc 1e630000.flash-controller: CE0 window resized to 120MB (AST2500 HW quirk)
Sep 18 15:34:19 witherspoon systemd[1]: Started Phosphor Dump Manager.
Sep 18 15:34:16 witherspoon kernel[1014]: [    2.770000] aspeed-smc 1e630000.flash-controller: CE0 window [ 0x30000000 - 0x37800000 ] 120MB
Sep 18 15:34:16 witherspoon kernel[1014]: [    2.770000] aspeed-smc 1e630000.flash-controller: CE0 window too small for chip 128MB
Sep 18 15:34:16 witherspoon kernel[1014]: [    2.790000] aspeed-smc 1e630000.flash-controller: CE1 window [ 0x37800000 - 0x38000000 ] 8MB
Sep 18 15:34:16 witherspoon kernel[1014]: [    3.520000] libphy: Fixed MDIO Bus: probed
Sep 18 15:34:16 witherspoon kernel[1014]: [    3.520000] ftgmac100 1e660000.ethernet: Read MAC address 70:e2:84:14:28:a9 from chip
Sep 18 15:34:16 witherspoon kernel[1014]: [    3.520000] ftgmac100 1e660000.ethernet: Using NCSI interface
Sep 18 15:34:16 witherspoon kernel[1014]: [    3.520000] ftgmac100 1e660000.ethernet eth0: irq 20, mapped at f0060000
Sep 18 15:34:16 witherspoon kernel[1014]: [    3.520000] ehci_hcd: USB 2.0 'Enhanced' Host Controller (EHCI) Driver
Sep 18 15:34:16 witherspoon kernel[1014]: [    3.520000] ehci-platform: EHCI generic platform driver
Sep 18 15:34:16 witherspoon kernel[1014]: [    3.770000] i2c /dev entries driver
Sep 18 15:34:16 witherspoon kernel[1014]: [    3.770000] aspeed-i2c-bus 1e78a0c0.i2c-bus: i2c bus 2 registered, irq 26
Sep 18 15:34:16 witherspoon kernel[1014]: [    3.770000] aspeed-i2c-bus 1e78a100.i2c-bus: i2c bus 3 registered, irq 27
Sep 18 15:34:16 witherspoon kernel[1014]: [    3.770000] aspeed-i2c-bus 1e78a140.i2c-bus: i2c bus 4 registered, irq 28
Sep 18 15:34:16 witherspoon kernel[1014]: [    3.770000] aspeed-i2c-bus 1e78a180.i2c-bus: i2c bus 5 registered, irq 29
Sep 18 15:34:16 witherspoon kernel[1014]: [    3.770000] aspeed-i2c-bus 1e78a380.i2c-bus: i2c bus 9 registered, irq 30
Sep 18 15:34:16 witherspoon kernel[1014]: [    3.770000] aspeed-i2c-bus 1e78a3c0.i2c-bus: i2c bus 10 registered, irq 31
Sep 18 15:34:16 witherspoon kernel[1014]: [    3.770000] rtc-rv8803 11-0032: Voltage low, temperature compensation stopped.
Sep 18 15:34:16 witherspoon kernel[1014]: [    3.770000] rtc-rv8803 11-0032: rtc core: registered rx8900 as rtc0
Sep 18 15:34:16 witherspoon kernel[1014]: [    3.770000] at24 11-0051: 8192 byte 24c64 EEPROM, writable, 1 bytes/write
Sep 18 15:34:16 witherspoon kernel[1014]: [    3.770000] aspeed-i2c-bus 1e78a400.i2c-bus: i2c bus 11 registered, irq 32
Sep 18 15:34:16 witherspoon kernel[1014]: [    3.770000] aspeed-i2c-bus 1e78a440.i2c-bus: i2c bus 12 registered, irq 33
Sep 18 15:34:16 witherspoon kernel[1014]: [    3.770000] aspeed-i2c-bus 1e78a480.i2c-bus: i2c bus 13 registered, irq 34
Sep 18 15:34:16 witherspoon kernel[1014]: [    3.770000] Driver for 1-wire Dallas network protocol.
Sep 18 15:34:16 witherspoon kernel[1014]: [    3.770000] lm75 9-004a: hwmon0: sensor 'tmp275'
Sep 18 15:34:20 witherspoon kernel: block ubiblock7_0: created from ubi7:0(pnor-ro-8764baa3)
Sep 18 15:34:16 witherspoon kernel[1014]: [    5.740000] ucd9000 11-0064: Device ID UCD90160|2.3.4.0000|110603
Sep 18 15:34:16 witherspoon kernel[1014]: [    6.440000] leds-pca955x 3-0060: leds-pca955x: Using pca9552 16-bit LED driver at slave address 0x60
Sep 18 15:34:16 witherspoon kernel[1014]: [    6.450000] leds-pca955x 3-0060: gpios 238...253
Sep 18 15:34:21 witherspoon kernel: UBIFS (ubi7:1): UBIFS: mounted UBI device 7, volume 1, name "pnor-rw-8764baa3"
Sep 18 15:34:21 witherspoon kernel: UBIFS (ubi7:1): LEB size: 65408 bytes (63 KiB), min./max. I/O unit sizes: 8 bytes/256 bytes
Sep 18 15:34:21 witherspoon kernel: UBIFS (ubi7:1): FS size: 16155776 bytes (15 MiB, 247 LEBs), journal size 784896 bytes (0 MiB, 12 LEBs)
Sep 18 15:34:21 witherspoon kernel: UBIFS (ubi7:1): reserved for root: 763076 bytes (745 KiB)
Sep 18 15:34:21 witherspoon kernel: UBIFS (ubi7:1): media format: w5/r0 (latest is w5/r0), UUID 079A19E2-4FEB-4CFB-9DF4-006E0909EBE9, small LPT model
Sep 18 15:34:21 witherspoon kernel: UBIFS (ubi7:1): background thread "ubifs_bgt7_1" started, PID 1046
Sep 18 15:34:21 witherspoon kernel: 8021q: adding VLAN 0 to HW filter on device eth0
Sep 18 15:34:21 witherspoon kernel: UBIFS (ubi7:2): background thread "ubifs_bgt7_2" started, PID 1058
Sep 18 15:34:20 witherspoon systemd-networkd[1010]: Enumeration completed
Sep 18 15:34:16 witherspoon kernel[1014]: [    6.460000] leds-pca955x 11-0060: leds-pca955x: Using pca9552 16-bit LED driver at slave address 0x60
Sep 18 15:34:20 witherspoon systemd-networkd[1010]: eth0: IPv6 enabled for interface: Success
Sep 18 15:34:16 witherspoon kernel[1014]: [    6.470000] leds-pca955x 11-0060: gpios 222...237
Sep 18 15:34:21 witherspoon systemd-networkd[1010]: eth0: Gained carrier
Sep 18 15:34:16 witherspoon kernel[1014]: [    6.480000] usbcore: registered new interface driver usbhid
Sep 18 15:34:21 witherspoon systemd-timesyncd[931]: Network configuration changed, trying to establish connection.
Sep 18 15:34:16 witherspoon kernel[1014]: [    6.480000] usbhid: USB HID core driver
Sep 18 15:34:21 witherspoon systemd[1]: Started Network Service.
Sep 18 15:34:16 witherspoon kernel[1014]: [    6.520000] dps310 3-0076: iio:device1: sensor 'dps310'
Sep 18 15:34:21 witherspoon systemd[1]: Started Clear one time boot overrides.
Sep 18 15:34:16 witherspoon kernel[1014]: [    6.520000] NET: Registered protocol family 10
Sep 18 15:34:21 witherspoon systemd[1]: Reached target Network.
Sep 18 15:34:22 witherspoon kernel: UBIFS (ubi7:2): UBIFS: mounted UBI device 7, volume 2, name "pnor-prsv"
Sep 18 15:34:22 witherspoon kernel: UBIFS (ubi7:2): LEB size: 65408 bytes (63 KiB), min./max. I/O unit sizes: 8 bytes/256 bytes
Sep 18 15:34:22 witherspoon kernel: UBIFS (ubi7:2): FS size: 1504384 bytes (1 MiB, 23 LEBs), journal size 523265 bytes (0 MiB, 6 LEBs)
Sep 18 15:34:22 witherspoon kernel: UBIFS (ubi7:2): reserved for root: 71055 bytes (69 KiB)
Sep 18 15:34:22 witherspoon kernel: UBIFS (ubi7:2): media format: w5/r0 (latest is w5/r0), UUID CAFEA19E-94DB-4E3F-A597-CD4BE781E174, small LPT model
Sep 18 15:34:16 witherspoon kernel[1014]: [    6.530000] Segment Routing with IPv6
Sep 18 15:34:21 witherspoon systemd[1]: Started Lightweight SLP Server.
Sep 18 15:34:16 witherspoon kernel[1014]: [    6.530000] NET: Registered protocol family 17
Sep 18 15:34:21 witherspoon systemd[1]: Starting Permit User Sessions...
Sep 18 15:34:16 witherspoon kernel[1014]: [    6.530000] 8021q: 802.1Q VLAN Support v1.8
Sep 18 15:34:22 witherspoon systemd[1]: Started Permit User Sessions.
Sep 18 15:34:16 witherspoon kernel[1014]: [    6.550000] input: gpio-keys-polled as /devices/platform/gpio-keys-polled/input/input1
Sep 18 15:34:22 witherspoon systemd[1]: Started Serial Getty on ttyS4.
Sep 18 15:34:16 witherspoon kernel[1014]: [    6.580000] console [netcon0] enabled
Sep 18 15:34:22 witherspoon systemd[1]: Reached target Login Prompts.
Sep 18 15:34:16 witherspoon kernel[1014]: [    6.580000] netconsole: network logging started
Sep 18 15:34:16 witherspoon kernel[1014]: [    6.590000] input: gpio-keys as /devices/platform/gpio-keys/input/input2
Sep 18 15:34:16 witherspoon kernel[1014]: [    6.600000] rtc-rv8803 11-0032: setting system clock to 2017-09-18 15:33:45 UTC (1505748825)
Sep 18 15:34:16 witherspoon kernel[1014]: [    6.610000] Freeing unused kernel memory: 284K
Sep 18 15:34:16 witherspoon kernel[1014]: [    6.620000] This architecture does not have kernel memory protection.
Sep 18 15:34:16 witherspoon kernel[1014]: [    8.300000] jffs2: notice: (542) jffs2_build_xattr_subsystem: complete building xattr subsystem, 0 of xdatum (0 unchecked, 0 orphan) and 0 of xref (0 dead, 0 orphan) found.
Sep 18 15:34:16 witherspoon kernel[1014]: [   10.430000] systemd[1]: Failed to insert module 'autofs4': No such file or directory
Sep 18 15:34:16 witherspoon kernel[1014]: [   10.430000] systemd[1]: systemd 232 running in system mode. (+PAM -AUDIT -SELINUX -IMA -APPARMOR -SMACK +SYSVINIT -UTMP -LIBCRYPTSETUP -GCRYPT -GNUTLS +ACL +XZ -LZ4 -SECCOMP +BLKID -ELFUTILS +KMOD -IDN)
Sep 18 15:34:16 witherspoon kernel[1014]: [   10.430000] systemd[1]: Detected architecture arm.
Sep 18 15:34:16 witherspoon kernel[1014]: [   10.680000] systemd[1]: Set hostname to <witherspoon>.
Sep 18 15:34:16 witherspoon kernel[1014]: [   12.260000] systemd[1]: Listening on Network Service Netlink Socket.
Sep 18 15:34:16 witherspoon kernel[1014]: [   12.440000] systemd[1]: Listening on Journal Socket.
Sep 18 15:34:16 witherspoon kernel[1014]: [   12.480000] systemd[1]: Started Forward Password Requests to Wall Directory Watch.
Sep 18 15:34:16 witherspoon kernel[1014]: [   12.520000] systemd[1]: Listening on udev Control Socket.
Sep 18 15:34:16 witherspoon kernel[1014]: [   12.560000] systemd[1]: Reached target Remote File Systems.
Sep 18 15:34:16 witherspoon kernel[1014]: [   12.600000] systemd[1]: Started Dispatch Password Requests to Console Directory Watch.
Sep 18 15:34:16 witherspoon kernel[1014]: [   12.640000] systemd[1]: Reached target Paths.
Sep 18 15:34:22 witherspoon systemd-networkd[1010]: eth0: Gained IPv6LL
Sep 18 15:34:16 witherspoon kernel[1014]: [   15.470000] systemd[1]: Created slice system-phosphor\x2dreset\x2dhost\x2dcheck.slice.
Sep 18 15:34:23 witherspoon systemd[1]: Started Remount the squashfs and ubi volumes after a reboot.
Sep 18 15:34:16 witherspoon kernel[1014]: [   15.700000] systemd[1]: Mounted Debug File System.
Sep 18 15:34:23 witherspoon systemd[1]: Reached target Multi-User System.
Sep 18 15:34:16 witherspoon kernel[1014]: [   15.940000] systemd[1]: Mounted Temporary Directory.
Sep 18 15:34:16 witherspoon kernel[1014]: [   15.980000] systemd[1]: Started Journal Service.
Sep 18 15:34:16 witherspoon kernel[1014]: [   16.640000] systemd-journald[566]: Received request to flush runtime journal from PID 1
Sep 18 15:34:16 witherspoon kernel[1014]: [   27.550000] ubi7: default fastmap pool size: 100
Sep 18 15:34:16 witherspoon kernel[1014]: [   27.550000] ubi7: default fastmap WL pool size: 50
Sep 18 15:34:16 witherspoon kernel[1014]: [   27.550000] ubi7: attaching mtd7
Sep 18 15:34:16 witherspoon kernel[1014]: [   27.550000] ubi7: scanning is finished
Sep 18 15:34:16 witherspoon kernel[1014]: [   27.630000] ubi7: attached mtd7 (name "pnor", size 128 MiB)
Sep 18 15:34:16 witherspoon kernel[1014]: [   27.630000] ubi7: PEB size: 65536 bytes (64 KiB), LEB size: 65408 bytes
Sep 18 15:34:16 witherspoon kernel[1014]: [   27.630000] ubi7: min./max. I/O unit sizes: 1/256, sub-page size 1
Sep 18 15:34:16 witherspoon kernel[1014]: [   27.630000] ubi7: VID header offset: 64 (aligned 64), data offset: 128
Sep 18 15:34:16 witherspoon kernel[1014]: [   27.630000] ubi7: good PEBs: 2048, bad PEBs: 0, corrupted PEBs: 0
Sep 18 15:34:16 witherspoon kernel[1014]: [   27.630000] ubi7: user volume: 4, internal volumes: 1, max. volumes count: 128
Sep 18 15:34:16 witherspoon kernel[1014]: [   27.630000] ubi7: max/mean erase counter: 38/26, WL threshold: 4096, image sequence number: 1192395733
Sep 18 15:34:16 witherspoon kernel[1014]: [   27.630000] ubi7: available PEBs: 1110, total reserved PEBs: 938, PEBs reserved for bad PEB handling: 0
Sep 18 15:34:16 witherspoon kernel[1014]: [   27.720000] ubi7: background thread "ubi_bgt7d" started, PID 992
Sep 18 15:34:20 witherspoon kernel[1014]: [   41.450000] block ubiblock7_0: created from ubi7:0(pnor-ro-8764baa3)
Sep 18 15:34:20 witherspoon kernel[1014]: [   42.000000] UBIFS (ubi7:1): UBIFS: mounted UBI device 7, volume 1, name "pnor-rw-8764baa3"
Sep 18 15:34:20 witherspoon kernel[1014]: [   42.040000] UBIFS (ubi7:1): LEB size: 65408 bytes (63 KiB), min./max. I/O unit sizes: 8 bytes/256 bytes
Sep 18 15:34:20 witherspoon kernel[1014]: [   42.040000] UBIFS (ubi7:1): FS size: 16155776 bytes (15 MiB, 247 LEBs), journal size 784896 bytes (0 MiB, 12 LEBs)
Sep 18 15:34:24 witherspoon kernel: ftgmac100 1e660000.ethernet eth0: ncsi: removed vlan tag 0 at index 1
Sep 18 15:34:24 witherspoon kernel: ftgmac100 1e660000.ethernet eth0: ncsi: removed vlan tag 0 at index 2
Sep 18 15:34:24 witherspoon kernel: ftgmac100 1e660000.ethernet eth0: no vlan ids left to set
Sep 18 15:34:24 witherspoon kernel: ftgmac100 1e660000.ethernet eth0: NCSI interface up
Sep 18 15:34:20 witherspoon kernel[1014]: [   42.040000] UBIFS (ubi7:1): reserved for root: 763076 bytes (745 KiB)
Sep 18 15:34:20 witherspoon kernel[1014]: [   42.040000] UBIFS (ubi7:1): media format: w5/r0 (latest is w5/r0), UUID 079A19E2-4FEB-4CFB-9DF4-006E0909EBE9, small LPT model
Sep 18 15:34:20 witherspoon kernel[1014]: [   42.040000] UBIFS (ubi7:1): background thread "ubifs_bgt7_1" started, PID 1046
Sep 18 15:34:21 witherspoon avahi-daemon[973]: Joining mDNS multicast group on interface eth0.IPv4 with address 9.3.21.61.
Sep 18 15:34:21 witherspoon avahi-daemon[973]: New relevant interface eth0.IPv4 for mDNS.
Sep 18 15:34:21 witherspoon avahi-daemon[973]: Registering new address record for 9.3.21.61 on eth0.IPv4.
Sep 18 15:34:21 witherspoon kernel[1014]: [   42.130000] 8021q: adding VLAN 0 to HW filter on device eth0
Sep 18 15:34:21 witherspoon kernel[1014]: [   42.810000] UBIFS (ubi7:2): background thread "ubifs_bgt7_2" started, PID 1058
Sep 18 15:34:22 witherspoon kernel[1014]: [   43.530000] UBIFS (ubi7:2): UBIFS: mounted UBI device 7, volume 2, name "pnor-prsv"
Sep 18 15:34:22 witherspoon kernel[1014]: [   43.530000] UBIFS (ubi7:2): LEB size: 65408 bytes (63 KiB), min./max. I/O unit sizes: 8 bytes/256 bytes
Sep 18 15:34:22 witherspoon kernel[1014]: [   43.530000] UBIFS (ubi7:2): FS size: 1504384 bytes (1 MiB, 23 LEBs), journal size 523265 bytes (0 MiB, 6 LEBs)
Sep 18 15:34:22 witherspoon kernel[1014]: [   43.530000] UBIFS (ubi7:2): reserved for root: 71055 bytes (69 KiB)
Sep 18 15:34:22 witherspoon kernel[1014]: [   43.530000] UBIFS (ubi7:2): media format: w5/r0 (latest is w5/r0), UUID CAFEA19E-94DB-4E3F-A597-CD4BE781E174, small LPT model
Sep 18 15:34:22 witherspoon avahi-daemon[973]: Joining mDNS multicast group on interface eth0.IPv6 with address fe80::72e2:84ff:fe14:28a9.
Sep 18 15:34:22 witherspoon avahi-daemon[973]: New relevant interface eth0.IPv6 for mDNS.
Sep 18 15:34:22 witherspoon avahi-daemon[973]: Registering new address record for fe80::72e2:84ff:fe14:28a9 on eth0.*.
Sep 18 15:34:24 witherspoon kernel[1014]: [   45.320000] ftgmac100 1e660000.ethernet eth0: ncsi: removed vlan tag 0 at index 1
Sep 18 15:34:24 witherspoon kernel[1014]: [   45.320000] ftgmac100 1e660000.ethernet eth0: ncsi: removed vlan tag 0 at index 2
Sep 18 15:34:24 witherspoon kernel[1014]: [   45.320000] ftgmac100 1e660000.ethernet eth0: no vlan ids left to set
Sep 18 15:34:24 witherspoon kernel[1014]: [   45.320000] ftgmac100 1e660000.ethernet eth0: NCSI interface up
Sep 18 15:34:25 witherspoon avahi-daemon[973]: Withdrawing address record for fe80::72e2:84ff:fe14:28a9 on eth0.
Sep 18 15:34:25 witherspoon avahi-daemon[973]: Host name conflict, retrying with witherspoon-2
Sep 18 15:34:25 witherspoon avahi-daemon[973]: Registering new address record for fe80::72e2:84ff:fe14:28a9 on eth0.*.
Sep 18 15:34:25 witherspoon avahi-daemon[973]: Registering new address record for 9.3.21.61 on eth0.IPv4.
Sep 18 15:34:25 witherspoon avahi-daemon[973]: Withdrawing address record for 9.3.21.61 on eth0.
Sep 18 15:34:25 witherspoon avahi-daemon[973]: Host name conflict, retrying with witherspoon-3
Sep 18 15:34:25 witherspoon avahi-daemon[973]: Registering new address record for fe80::72e2:84ff:fe14:28a9 on eth0.*.
Sep 18 15:34:25 witherspoon avahi-daemon[973]: Registering new address record for 9.3.21.61 on eth0.IPv4.
Sep 18 15:34:26 witherspoon avahi-daemon[973]: Withdrawing address record for 9.3.21.61 on eth0.
Sep 18 15:34:26 witherspoon avahi-daemon[973]: Host name conflict, retrying with witherspoon-4
Sep 18 15:34:26 witherspoon avahi-daemon[973]: Registering new address record for fe80::72e2:84ff:fe14:28a9 on eth0.*.
Sep 18 15:34:26 witherspoon avahi-daemon[973]: Registering new address record for 9.3.21.61 on eth0.IPv4.
Sep 18 15:34:27 witherspoon avahi-daemon[973]: Withdrawing address record for 9.3.21.61 on eth0.
Sep 18 15:34:27 witherspoon avahi-daemon[973]: Host name conflict, retrying with witherspoon-5
Sep 18 15:34:27 witherspoon avahi-daemon[973]: Registering new address record for fe80::72e2:84ff:fe14:28a9 on eth0.*.
Sep 18 15:34:27 witherspoon avahi-daemon[973]: Registering new address record for 9.3.21.61 on eth0.IPv4.
Sep 18 15:34:28 witherspoon avahi-daemon[973]: Withdrawing address record for 9.3.21.61 on eth0.
Sep 18 15:34:28 witherspoon avahi-daemon[973]: Host name conflict, retrying with witherspoon-6
Sep 18 15:34:28 witherspoon avahi-daemon[973]: Registering new address record for fe80::72e2:84ff:fe14:28a9 on eth0.*.
Sep 18 15:34:28 witherspoon avahi-daemon[973]: Registering new address record for 9.3.21.61 on eth0.IPv4.
Sep 18 15:34:29 witherspoon systemd[1]: Started Phosphor Download Manager.
Sep 18 15:34:29 witherspoon download_manager.py[956]: Running Download Manager
Sep 18 15:34:29 witherspoon systemd[1]: Started Phosphor Chassis0 Control.
Sep 18 15:34:30 witherspoon chassis_control.py[1017]: Running ChassisControlService
Sep 18 15:34:29 witherspoon avahi-daemon[973]: Withdrawing address record for 9.3.21.61 on eth0.
Sep 18 15:34:29 witherspoon avahi-daemon[973]: Host name conflict, retrying with witherspoon-7
Sep 18 15:34:29 witherspoon avahi-daemon[973]: Registering new address record for fe80::72e2:84ff:fe14:28a9 on eth0.*.
Sep 18 15:34:29 witherspoon avahi-daemon[973]: Registering new address record for 9.3.21.61 on eth0.IPv4.
Sep 18 15:34:31 witherspoon avahi-daemon[973]: Withdrawing address record for 9.3.21.61 on eth0.
Sep 18 15:34:31 witherspoon avahi-daemon[973]: Host name conflict, retrying with witherspoon-8
Sep 18 15:34:31 witherspoon avahi-daemon[973]: Registering new address record for fe80::72e2:84ff:fe14:28a9 on eth0.*.
Sep 18 15:34:31 witherspoon avahi-daemon[973]: Registering new address record for 9.3.21.61 on eth0.IPv4.
Sep 18 15:34:31 witherspoon sensor_manager2.py[1015]: Setting boot count to 3
Sep 18 15:34:31 witherspoon systemd[1]: Started Phosphor Sensor Manager.
Sep 18 15:34:31 witherspoon sensor_manager2.py[1015]: Starting sensor manager
Sep 18 15:34:31 witherspoon systemd[1]: Created slice system-dropbear.slice.
Sep 18 15:34:31 witherspoon systemd[1]: Started SSH Per-Connection Server (9.41.165.94:43818).
Sep 18 15:34:32 witherspoon avahi-daemon[973]: Withdrawing address record for 9.3.21.61 on eth0.
Sep 18 15:34:32 witherspoon avahi-daemon[973]: Host name conflict, retrying with witherspoon-9
Sep 18 15:34:32 witherspoon avahi-daemon[973]: Registering new address record for fe80::72e2:84ff:fe14:28a9 on eth0.*.
Sep 18 15:34:32 witherspoon avahi-daemon[973]: Registering new address record for 9.3.21.61 on eth0.IPv4.
Sep 18 15:34:32 witherspoon dropbear[1067]: Failed loading /etc/dropbear/dropbear_dss_host_key
Sep 18 15:34:32 witherspoon dropbear[1067]: Failed loading /etc/dropbear/dropbear_ecdsa_host_key
Sep 18 15:34:32 witherspoon dropbear[1067]: Child connection from ::ffff:9.41.165.94:43818
Sep 18 15:34:33 witherspoon inventory_items.py[969]: Loading from cache: /var/cache/obmc/org.openbmc.inventory.system.chassis.motherboard.apss@org.openbmc.InventoryItem.props
Sep 18 15:34:33 witherspoon inventory_items.py[969]: Loading from cache: /var/cache/obmc/org.openbmc.inventory.system.chassis.motherboard@org.openbmc.InventoryItem.props
Sep 18 15:34:33 witherspoon systemd[1]: Started Phosphor Network Manager.
Sep 18 15:34:33 witherspoon netman.py[970]: Started
Sep 18 15:34:34 witherspoon phosphor-mapper[1023]: ObjectMapper startup complete.  Discovery in progress...
Sep 18 15:34:34 witherspoon avahi-daemon[973]: Server startup complete. Host name is witherspoon-9.local. Local service cookie is 1735534002.
Sep 18 15:34:34 witherspoon avahi-daemon[973]: Service name conflict for "sftp" (/services/sftp.service), retrying with "sftp #2".
Sep 18 15:34:34 witherspoon avahi-daemon[973]: Service name conflict for "obmc_console" (/services/obmc_console.service), retrying with "obmc_console #2".
Sep 18 15:34:34 witherspoon avahi-daemon[973]: Service name conflict for "phosphor_rest" (/services/phosphor_rest.service), retrying with "phosphor_rest #2".
Sep 18 15:34:34 witherspoon dropbear[1067]: PAM password auth succeeded for 'root' from ::ffff:9.41.165.94:43818
Sep 18 15:34:34 witherspoon dropbear[1068]: lastlog_perform_login: Couldn't stat /var/log/lastlog: No such file or directory
Sep 18 15:34:34 witherspoon dropbear[1068]: lastlog_openseek: /var/log/lastlog is not a file or directory!
Sep 18 15:34:34 witherspoon avahi-daemon[1000]: ../../avahi-0.6.32/avahi-daemon/chroot.c: open() failed: No such file or directory
Sep 18 15:34:34 witherspoon avahi-daemon[973]: Failed to open /usr/share/dbus-1/interfaces/org.freedesktop.Avahi.Server.xml: Invalid argument
Sep 18 15:34:34 witherspoon avahi-daemon[973]: Failed to load introspection data.
Sep 18 15:34:35 witherspoon avahi-daemon[973]: Service "witherspoon-9" (/services/ssh.service) successfully established.
Sep 18 15:34:35 witherspoon avahi-daemon[973]: Service "witherspoon-9" (/services/sftp-ssh.service) successfully established.
Sep 18 15:34:35 witherspoon systemd-networkd[1010]: eth0: Configured
Sep 18 15:34:35 witherspoon systemd-timesyncd[931]: Network configuration changed, trying to establish connection.
Sep 18 15:34:35 witherspoon avahi-daemon[973]: Service name conflict for "phosphor_rest" (/services/phosphor_rest.service), retrying with "phosphor_rest #3".
Sep 18 15:34:35 witherspoon avahi-daemon[973]: Service name conflict for "sftp" (/services/sftp.service), retrying with "sftp #3".
Sep 18 15:34:35 witherspoon avahi-daemon[973]: Service name conflict for "obmc_console" (/services/obmc_console.service), retrying with "obmc_console #3".
Sep 18 15:34:36 witherspoon avahi-daemon[973]: Service name conflict for "phosphor_rest" (/services/phosphor_rest.service), retrying with "phosphor_rest #4".
Sep 18 15:34:36 witherspoon avahi-daemon[973]: Service name conflict for "sftp" (/services/sftp.service), retrying with "sftp #4".
Sep 18 15:34:36 witherspoon avahi-daemon[973]: Service name conflict for "obmc_console" (/services/obmc_console.service), retrying with "obmc_console #4".
Sep 18 15:34:37 witherspoon inventory_items.py[969]: Loading from cache: /var/cache/obmc/org.openbmc.inventory.system.chassis.motherboard.refclock@org.openbmc.InventoryItem.props
Sep 18 15:34:37 witherspoon inventory_items.py[969]: Loading from cache: /var/cache/obmc/org.openbmc.inventory.system.chassis.motherboard.cpu1.core7@org.openbmc.InventoryItem.props
Sep 18 15:34:37 witherspoon inventory_items.py[969]: Loading from cache: /var/cache/obmc/org.openbmc.inventory.system.chassis.motherboard.cpu1.core4@org.openbmc.InventoryItem.props
Sep 18 15:34:37 witherspoon inventory_items.py[969]: Loading from cache: /var/cache/obmc/org.openbmc.inventory.system.chassis.motherboard.cpu1.core1@org.openbmc.InventoryItem.props
Sep 18 15:34:37 witherspoon inventory_items.py[969]: Loading from cache: /var/cache/obmc/org.openbmc.inventory.system.chassis.motherboard.cpu1.core10@org.openbmc.InventoryItem.props
Sep 18 15:34:37 witherspoon avahi-daemon[973]: Service name conflict for "phosphor_rest" (/services/phosphor_rest.service), retrying with "phosphor_rest #5".
Sep 18 15:34:37 witherspoon avahi-daemon[973]: Service name conflict for "sftp" (/services/sftp.service), retrying with "sftp #5".
Sep 18 15:34:37 witherspoon avahi-daemon[973]: Service name conflict for "obmc_console" (/services/obmc_console.service), retrying with "obmc_console #5".
Sep 18 15:34:38 witherspoon inventory_items.py[969]: Loading from cache: /var/cache/obmc/org.openbmc.inventory.system.chassis.motherboard.todclock@org.openbmc.InventoryItem.props
Sep 18 15:34:38 witherspoon inventory_items.py[969]: Loading from cache: /var/cache/obmc/org.openbmc.inventory.system.chassis.motherboard.cpu1@org.openbmc.InventoryItem.props
Sep 18 15:34:38 witherspoon inventory_items.py[969]: Loading from cache: /var/cache/obmc/org.openbmc.inventory.system.chassis.motherboard.bmc@org.openbmc.InventoryItem.props
Sep 18 15:34:38 witherspoon inventory_items.py[969]: Caching: /org/openbmc/inventory/system/chassis/motherboard/bmc
Sep 18 15:34:38 witherspoon inventory_items.py[969]: Loading from cache: /var/cache/obmc/org.openbmc.inventory.system.chassis.motherboard.cpu0.core1@org.openbmc.InventoryItem.props
Sep 18 15:34:38 witherspoon inventory_items.py[969]: Loading from cache: /var/cache/obmc/org.openbmc.inventory.system.chassis.motherboard.cpu0.core7@org.openbmc.InventoryItem.props
Sep 18 15:34:38 witherspoon inventory_items.py[969]: Loading from cache: /var/cache/obmc/org.openbmc.inventory.system.chassis.motherboard.cpu0.core4@org.openbmc.InventoryItem.props
Sep 18 15:34:38 witherspoon inventory_items.py[969]: Loading from cache: /var/cache/obmc/org.openbmc.inventory.system.chassis.motherboard.pcieclock@org.openbmc.InventoryItem.props
Sep 18 15:34:38 witherspoon inventory_items.py[969]: Loading from cache: /var/cache/obmc/org.openbmc.inventory.system.chassis.motherboard.cpu0.core10@org.openbmc.InventoryItem.props
Sep 18 15:34:38 witherspoon avahi-daemon[973]: Service name conflict for "phosphor_rest" (/services/phosphor_rest.service), retrying with "phosphor_rest #6".
Sep 18 15:34:39 witherspoon avahi-daemon[973]: Service name conflict for "sftp" (/services/sftp.service), retrying with "sftp #6".
Sep 18 15:34:39 witherspoon avahi-daemon[973]: Service name conflict for "obmc_console" (/services/obmc_console.service), retrying with "obmc_console #6".
Sep 18 15:34:39 witherspoon avahi-daemon[973]: Service name conflict for "sftp" (/services/sftp.service), retrying with "sftp #7".
Sep 18 15:34:40 witherspoon inventory_items.py[969]: Running Inventory Manager
Sep 18 15:34:40 witherspoon systemd[1]: Started Phosphor Inventory Manager.
Sep 18 15:34:40 witherspoon avahi-daemon[973]: Service "phosphor_rest #6" (/services/phosphor_rest.service) successfully established.
Sep 18 15:34:40 witherspoon avahi-daemon[973]: Service "obmc_console #6" (/services/obmc_console.service) successfully established.
Sep 18 15:34:40 witherspoon avahi-daemon[973]: Service name conflict for "sftp" (/services/sftp.service), retrying with "sftp #8".
Sep 18 15:34:41 witherspoon systemd[1]: Started Phosphor User Manager.
Sep 18 15:34:41 witherspoon obmc-phosphor-userd[1016]: Started
Sep 18 15:34:42 witherspoon avahi-daemon[973]: Service name conflict for "sftp" (/services/sftp.service), retrying with "sftp #9".
Sep 18 15:34:44 witherspoon avahi-daemon[973]: Service "sftp #9" (/services/sftp.service) successfully established.
Sep 18 15:34:48 witherspoon phosphor-mapper[1023]: ObjectMapper discovery complete
Sep 18 15:34:48 witherspoon systemd[1]: Started Phosphor DBus Service Discovery Manager.
Sep 18 15:34:48 witherspoon systemd[1]: Started Phosphor Hwmon Poller.
Sep 18 15:34:48 witherspoon systemd[1]: Started Phosphor Hwmon Poller.
Sep 18 15:34:48 witherspoon systemd[1]: Started Phosphor Hwmon Poller.
Sep 18 15:34:48 witherspoon systemd[1]: Reached target Phosphor Object Mapper.
Sep 18 15:34:48 witherspoon systemd[1]: Starting Wait for /xyz/openbmc_project/control/host0/boot/one_time...
Sep 18 15:34:48 witherspoon systemd[1]: Starting Phosphor Settings Manager...
Sep 18 15:34:49 witherspoon systemd[1]: Starting Wait for /org/openbmc/managers/Download...
Sep 18 15:34:49 witherspoon systemd[1]: Starting Wait for /xyz/openbmc_project/led/groups/bmc_booted...
Sep 18 15:34:49 witherspoon systemd[1]: Starting Wait for /xyz/openbmc_project/state/host0...
Sep 18 15:34:49 witherspoon systemd[1]: Starting Wait for /org/openbmc/control/power0...
Sep 18 15:34:49 witherspoon systemd[1]: Starting Wait for /xyz/openbmc_project/control/host0/power_restore_policy...
Sep 18 15:34:49 witherspoon systemd[1]: Starting Wait for /xyz/openbmc_project/control/host0/auto_reboot...
Sep 18 15:34:49 witherspoon systemd[1]: Starting Wait for /xyz/openbmc_project/control/host0/restriction_mode...
Sep 18 15:34:49 witherspoon systemd[1]: Starting OpenBMC Software Update Manager...
Sep 18 15:34:49 witherspoon systemd[1]: Starting Wait for /xyz/openbmc_project/led/groups...
Sep 18 15:34:49 witherspoon systemd[1]: Starting Wait for /org/openbmc/control/bmc0...
Sep 18 15:34:49 witherspoon systemd[1]: Starting Wait for /xyz/openbmc_project/state/chassis0...
Sep 18 15:34:50 witherspoon systemd[1]: Starting OpenPower Software Update Manager...
Sep 18 15:34:50 witherspoon systemd[1]: Starting Wait for /xyz/openbmc_project/control/host0/boot...
Sep 18 15:34:50 witherspoon systemd[1]: Starting Wait for /org/openbmc/managers/System...
Sep 18 15:34:50 witherspoon systemd[1]: Starting Wait for /xyz/openbmc_project/time/owner...
Sep 18 15:34:50 witherspoon systemd[1]: Started Phosphor DBus Monitor.
Sep 18 15:34:50 witherspoon systemd[1]: Starting Wait for /xyz/openbmc_project/time/sync_method...
Sep 18 15:34:50 witherspoon systemd[1]: Reached target Webserver (pre).
Sep 18 15:34:50 witherspoon systemd[1]: Started Phosphor Webserver.
Sep 18 15:34:50 witherspoon systemd[1]: Starting Phoshpor System Manager...
Sep 18 15:34:51 witherspoon systemd[1]: Starting Wait for /xyz/openbmc_project/control/host0...
Sep 18 15:34:51 witherspoon systemd[1]: Starting Phosphor Network Manager...
Sep 18 15:34:51 witherspoon systemd[1]: Starting Wait for /xyz/openbmc_project/inventory...
Sep 18 15:34:51 witherspoon systemd[1]: Starting Wait for /org/openbmc/NetworkManager/Interface...
Sep 18 15:34:51 witherspoon systemd[1]: Started Phosphor Hwmon Poller.
Sep 18 15:34:51 witherspoon systemd[1]: Started Phosphor Hwmon Poller.
Sep 18 15:34:51 witherspoon systemd[1]: Started Phosphor Hwmon Poller.
Sep 18 15:34:51 witherspoon systemd[1]: Started Phosphor Hwmon Poller.
Sep 18 15:34:52 witherspoon systemd[1]: Started Phosphor Hwmon Poller.
Sep 18 15:34:52 witherspoon systemd[1]: Started Wait for /xyz/openbmc_project/control/host0/boot/one_time.
Sep 18 15:34:52 witherspoon systemd[1]: Started Wait for /org/openbmc/managers/Download.
Sep 18 15:34:52 witherspoon systemd[1]: Started Wait for /xyz/openbmc_project/led/groups/bmc_booted.
Sep 18 15:34:52 witherspoon systemd[1]: Started Wait for /xyz/openbmc_project/control/host0/power_restore_policy.
Sep 18 15:34:52 witherspoon systemd[1]: Started Wait for /xyz/openbmc_project/control/host0/auto_reboot.
Sep 18 15:34:52 witherspoon systemd[1]: Started Wait for /xyz/openbmc_project/control/host0/restriction_mode.
Sep 18 15:34:52 witherspoon systemd[1]: Started Wait for /xyz/openbmc_project/led/groups.
Sep 18 15:34:52 witherspoon systemd[1]: Started Wait for /org/openbmc/control/bmc0.
Sep 18 15:34:52 witherspoon systemd[1]: Started Wait for /xyz/openbmc_project/control/host0/boot.
Sep 18 15:34:52 witherspoon systemd[1]: Started Wait for /xyz/openbmc_project/time/owner.
Sep 18 15:34:52 witherspoon systemd[1]: Started Wait for /xyz/openbmc_project/time/sync_method.
Sep 18 15:34:52 witherspoon systemd[1]: Started Wait for /xyz/openbmc_project/inventory.
Sep 18 15:34:52 witherspoon systemd[1]: Started Wait for /org/openbmc/NetworkManager/Interface.
Sep 18 15:34:52 witherspoon systemd[1]: Started Phosphor DNS Settings Cache Manager.
Sep 18 15:34:52 witherspoon systemd[1]: Starting Phosphor MAX31785 MSL...
Sep 18 15:34:52 witherspoon systemd[1]: Starting OpenPOWER OCC controller...
Sep 18 15:34:52 witherspoon phosphor-image-updater[1086]: Error in mapper GetSubTreePath
Sep 18 15:34:53 witherspoon systemd[1]: Started Phosphor Cooling Type.
Sep 18 15:34:53 witherspoon systemd[1]: Started Phosphor GPIO 0 Presence.
Sep 18 15:34:53 witherspoon systemd[1]: Started Phosphor GPIO 1 Presence.
Sep 18 15:34:53 witherspoon systemd[1]: Starting Read OpenPOWER-format VPD from EEPROM...
Sep 18 15:34:53 witherspoon systemd[1]: Started FRU Fault monitor service.
Sep 18 15:34:53 witherspoon systemd[1]: Starting Phosphor BMC Code Update...
Sep 18 15:34:54 witherspoon phosphor-gpio-presence[1124]: Updating inventory present property
Sep 18 15:34:54 witherspoon phosphor-gpio-presence[1125]: Updating inventory present property
Sep 18 15:34:54 witherspoon systemd[1]: Started OpenBMC Software Update Manager.
Sep 18 15:34:56 witherspoon phosphor-fru-fault-monitor[1127]: Failed to get response from the method.
Sep 18 15:34:58 witherspoon phosphor-network-manager[1110]: ConfigParser: Key not found
Sep 18 15:34:58 witherspoon phosphor-network-manager[1110]: The operation failed internally.
Sep 18 15:34:58 witherspoon phosphor-network-manager[1110]: Exception occured during getting of DHCP value
Sep 18 15:34:58 witherspoon systemd[1]: Started Phosphor Network Manager.
Sep 18 15:34:59 witherspoon dbus[985]: [system] Activating via systemd: service name='org.freedesktop.hostname1' unit='dbus-org.freedesktop.hostname1.service'
Sep 18 15:35:00 witherspoon systemd[1]: Starting Hostname Service...
Sep 18 15:35:02 witherspoon dbus[985]: [system] Activating via systemd: service name='org.freedesktop.journal1' unit='dbus-org.freedesktop.journal1.service'
Sep 18 15:35:02 witherspoon systemd[1]: Starting Journal Dbus Service...
Sep 18 15:35:02 witherspoon dbus[985]: [system] Successfully activated service 'org.freedesktop.journal1'
Sep 18 15:35:02 witherspoon systemd[1]: Started Journal Dbus Service.
Sep 18 15:35:03 witherspoon systemd[1]: Started OpenPOWER OCC controller.
Sep 18 15:35:07 witherspoon systemd[1]: Started OpenPower Software Update Manager.
Sep 18 15:35:07 witherspoon systemd[1]: Starting Phosphor Version Software Manager...
Sep 18 15:35:07 witherspoon systemd[1]: Starting Create a ubi volume for pnor patches...
Sep 18 15:35:07 witherspoon phosphor-fru-fault-monitor[1127]: /xyz/openbmc_project/logging/entry/1
Sep 18 15:35:08 witherspoon systemd[1]: Started Phosphor MBOX Daemon.
Sep 18 15:35:08 witherspoon dbus[985]: [system] Successfully activated service 'org.freedesktop.hostname1'
Sep 18 15:35:08 witherspoon systemd[1]: Started Hostname Service.
Sep 18 15:35:08 witherspoon bmc_update.py[1128]: Running Bmc Flash Control
Sep 18 15:35:08 witherspoon systemd[1]: Started Phosphor BMC Code Update.
Sep 18 15:35:09 witherspoon kernel: UBIFS (ubi7:3): background thread "ubifs_bgt7_3" started, PID 1157
Sep 18 15:35:09 witherspoon kernel[1014]: [   90.220000] UBIFS (ubi7:3): background thread "ubifs_bgt7_3" started, PID 1157
Sep 18 15:35:09 witherspoon kernel: UBIFS (ubi7:3): UBIFS: mounted UBI device 7, volume 3, name "pnor-patch"
Sep 18 15:35:09 witherspoon kernel: UBIFS (ubi7:3): LEB size: 65408 bytes (63 KiB), min./max. I/O unit sizes: 8 bytes/256 bytes
Sep 18 15:35:09 witherspoon kernel: UBIFS (ubi7:3): FS size: 16155776 bytes (15 MiB, 247 LEBs), journal size 784896 bytes (0 MiB, 12 LEBs)
Sep 18 15:35:09 witherspoon kernel: UBIFS (ubi7:3): reserved for root: 763076 bytes (745 KiB)
Sep 18 15:35:09 witherspoon kernel: UBIFS (ubi7:3): media format: w5/r0 (latest is w5/r0), UUID BABB1637-BC68-4CC0-9376-4DB953F1E51D, small LPT model
Sep 18 15:35:09 witherspoon kernel[1014]: [   90.300000] UBIFS (ubi7:3): UBIFS: mounted UBI device 7, volume 3, name "pnor-patch"
Sep 18 15:35:09 witherspoon kernel[1014]: [   90.300000] UBIFS (ubi7:3): LEB size: 65408 bytes (63 KiB), min./max. I/O unit sizes: 8 bytes/256 bytes
Sep 18 15:35:09 witherspoon kernel[1014]: [   90.300000] UBIFS (ubi7:3): FS size: 16155776 bytes (15 MiB, 247 LEBs), journal size 784896 bytes (0 MiB, 12 LEBs)
Sep 18 15:35:09 witherspoon kernel[1014]: [   90.300000] UBIFS (ubi7:3): reserved for root: 763076 bytes (745 KiB)
Sep 18 15:35:09 witherspoon kernel[1014]: [   90.300000] UBIFS (ubi7:3): media format: w5/r0 (latest is w5/r0), UUID BABB1637-BC68-4CC0-9376-4DB953F1E51D, small LPT model
Sep 18 15:35:09 witherspoon systemd[1]: Started Create a ubi volume for pnor patches.
Sep 18 15:35:10 witherspoon system_manager.py[1105]: Running System State: BASE_APPS
Sep 18 15:35:10 witherspoon system_manager.py[1105]: SystemManager Init Done
Sep 18 15:35:10 witherspoon system_manager.py[1105]: Running SystemManager
Sep 18 15:35:10 witherspoon systemd[1]: Started Phoshpor System Manager.
Sep 18 15:35:11 witherspoon systemd[1]: Started Phosphor Version Software Manager.
Sep 18 15:35:11 witherspoon mboxd[1139]: The operation failed internally.
Sep 18 15:35:12 witherspoon system_manager.py[1105]: SystemManager Goto System State: BMC_STARTING
Sep 18 15:35:12 witherspoon system_manager.py[1105]: Running System State: BMC_STARTING
Sep 18 15:35:13 witherspoon systemd[1]: Started Read OpenPOWER-format VPD from EEPROM.
Sep 18 15:35:13 witherspoon settings_manager.py[1078]: Running HostSettingsService
Sep 18 15:35:13 witherspoon systemd[1]: Started Phosphor Settings Manager.
Sep 18 15:35:13 witherspoon systemd[1]: Starting Wait for /org/openbmc/settings/host0...
Sep 18 15:35:13 witherspoon systemd[1]: Started Phosphor MAX31785 MSL.
Sep 18 15:35:14 witherspoon phosphor-log-manager[1012]: Failed to find metadata
Sep 18 15:35:14 witherspoon phosphor-fru-fault-monitor[1127]: /xyz/openbmc_project/logging/entry/2
Sep 18 15:35:18 witherspoon phosphor-dump-manager[1028]: The name xyz.openbmc_project.State.BMC was not provided by any .service files
Sep 18 15:35:18 witherspoon phosphor-dump-manager[1028]: The name xyz.openbmc_project.State.Host was not provided by any .service files
Sep 18 15:35:19 witherspoon phosphor-dump-manager[1028]: The name xyz.openbmc_project.State.Chassis was not provided by any .service files
Sep 18 15:35:25 witherspoon phosphor-dump-manager[1028]: Mon Sep 18 15:35:25 UTC 2017 Report is available in /var/lib/phosphor-debug-collector/dumps/1
Sep 18 15:35:26 witherspoon systemd[1]: Started Wait for /org/openbmc/managers/System.
Sep 18 15:35:26 witherspoon systemd[1]: Starting Phosphor BMC State Manager...
Sep 18 15:35:26 witherspoon systemd[1]: Starting Phosphor Power0 Control...
Sep 18 15:35:26 witherspoon systemd[1]: Starting Phosphor Reset Button0...
Sep 18 15:35:26 witherspoon systemd[1]: Starting Phosphor Chassis State Manager...
Sep 18 15:35:26 witherspoon systemd[1]: Starting Phosphor Power Button0...
Sep 18 15:35:27 witherspoon phosphor-chassis-state-manager[1231]: Initial Chassis State will be Off
Sep 18 15:35:27 witherspoon systemd[1]: Started Phosphor Chassis State Manager.
Sep 18 15:35:27 witherspoon phosphor-bmc-state-manager[1228]: Setting the BMCState field
Sep 18 15:35:27 witherspoon phosphor-bmc-state-manager[1228]: Setting the BMCState field
Sep 18 15:35:27 witherspoon systemd[1]: Started Phosphor BMC State Manager.
Sep 18 15:35:28 witherspoon phosphor-dump-manager[1028]: Mon Sep 18 15:35:28 UTC 2017 Sucessfully completed
Sep 18 15:35:28 witherspoon system_manager.py[1105]: New object: /org/openbmc/control/power0 (:1.96)
Sep 18 15:35:29 witherspoon system_manager.py[1105]: Power GPIO config: ['SYS_PWROK_BUFF', '', [('SOFTWARE_PGOOD', True), ('BMC_POWER_UP', True)], [('BMC_CP0_RESET_N', False)], [], 'FSI_DATA', 'FSI_CLK', 'FSI_ENABLE', 'CRONUS_SEL', []]
Sep 18 15:35:29 witherspoon systemd[1]: Started Wait for /org/openbmc/settings/host0.
Sep 18 15:35:29 witherspoon systemd[1]: Started Phosphor Inband IPMI.
Sep 18 15:35:31 witherspoon systemd[1]: Started Wait for /xyz/openbmc_project/state/chassis0.
Sep 18 15:35:32 witherspoon button_reset.exe[1230]: GPIO Lookup:  RESET_BUTTON = 353,both
Sep 18 15:35:32 witherspoon button_power.exe[1232]: GPIO Lookup:  POWER_BUTTON = 347,both
Sep 18 15:35:32 witherspoon power_control.exe[1229]: Power GPIO latch output:
Sep 18 15:35:32 witherspoon power_control.exe[1229]: Power GPIO power good input: SYS_PWROK_BUFF
Sep 18 15:35:32 witherspoon power_control.exe[1229]: Power GPIO 2 power_up outputs
Sep 18 15:35:32 witherspoon power_control.exe[1229]: Power GPIO power_up[0] = SOFTWARE_PGOOD active HIGH
Sep 18 15:35:32 witherspoon power_control.exe[1229]: Power GPIO power_up[1] = BMC_POWER_UP active HIGH
Sep 18 15:35:32 witherspoon power_control.exe[1229]: Power GPIO 1 reset outputs
Sep 18 15:35:32 witherspoon power_control.exe[1229]: Power GPIO reset[0] = BMC_CP0_RESET_N active LOW
Sep 18 15:35:32 witherspoon power_control.exe[1229]: Power GPIO 0 pci reset outputs
Sep 18 15:35:32 witherspoon power_control.exe[1229]: FSI DATA GPIO: FSI_DATA
Sep 18 15:35:32 witherspoon power_control.exe[1229]: FSI CLK GPIO: FSI_CLK
Sep 18 15:35:32 witherspoon power_control.exe[1229]: FSI ENABLE GPIO: FSI_ENABLE
Sep 18 15:35:32 witherspoon power_control.exe[1229]: CRONUS SEL GPIO: CRONUS_SEL
Sep 18 15:35:32 witherspoon power_control.exe[1229]: Hostctl GPIO optionals: 0
Sep 18 15:35:32 witherspoon systemd[1]: Started Phosphor Reset Button0.
Sep 18 15:35:32 witherspoon systemd[1]: Started Phosphor Power Button0.
Sep 18 15:35:33 witherspoon power_control.exe[1229]: GPIO Lookup:  SYS_PWROK_BUFF = 306,in
Sep 18 15:35:33 witherspoon power_control.exe[1229]: GPIO Lookup:  SOFTWARE_PGOOD = 417,out
Sep 18 15:35:33 witherspoon power_control.exe[1229]: GPIO Lookup:  BMC_POWER_UP = 305,out
Sep 18 15:35:33 witherspoon power_control.exe[1229]: GPIO Lookup:  BMC_CP0_RESET_N = 281,out
Sep 18 15:35:33 witherspoon power_control.exe[1229]: Pgood state: 0
Sep 18 15:35:33 witherspoon systemd[1]: Started Phosphor Power0 Control.
Sep 18 15:35:37 witherspoon systemd[1]: Started Wait for /org/openbmc/control/power0.
Sep 18 15:35:37 witherspoon systemd[1]: Starting Check Chassis0 pgood and create a file to indicate it...
Sep 18 15:35:37 witherspoon systemd[1]: Starting Phosphor Time Manager daemon...
Sep 18 15:35:38 witherspoon systemd[1]: Started Check Chassis0 pgood and create a file to indicate it.
Sep 18 15:35:38 witherspoon systemd[1]: Reached target Chassis0 power on after reset.
Sep 18 15:35:38 witherspoon systemd[1]: Reached target Chassis0 (Reset Check).
Sep 18 15:35:39 witherspoon timemanager[1261]: Registering dbus methods
Sep 18 15:35:40 witherspoon timemanager[1261]: Last known time_mode: NTP
Sep 18 15:35:40 witherspoon timemanager[1261]: Last known time_owner: BMC
Sep 18 15:35:40 witherspoon timemanager[1261]: Empty DhcpNtp string
Sep 18 15:35:40 witherspoon timemanager[1261]: Reading Power Control key: pgood
Sep 18 15:35:40 witherspoon timemanager[1261]: Changing settings *allowed* now
Sep 18 15:35:40 witherspoon systemd[1]: Started Wait for /xyz/openbmc_project/control/host0.
Sep 18 15:35:40 witherspoon systemd[1]: Reached target Host0 running after reset.
Sep 18 15:35:40 witherspoon systemd[1]: Starting Phosphor Host State Manager...
Sep 18 15:35:40 witherspoon systemd[1]: Reached target Host0 (Reset Check).
Sep 18 15:35:40 witherspoon timemanager[1261]: Owner is already set to : BMC
Sep 18 15:35:40 witherspoon timemanager[1261]: Requested_Mode: NTP Current_Mode: NTP
Sep 18 15:35:40 witherspoon timemanager[1261]: Mode is already set to : NTP
Sep 18 15:35:40 witherspoon timemanager[1261]: Getting System Settings: use_dhcp_ntp
Sep 18 15:35:40 witherspoon timemanager[1261]: use_dhcp_ntp = yes
Sep 18 15:35:40 witherspoon timemanager[1261]: Last known host_offset:0
Sep 18 15:35:40 witherspoon timemanager[1261]: Initial Uptime Usec: 1505748818893749
Sep 18 15:35:40 witherspoon systemd[1]: Started Phosphor Time Manager daemon.
Sep 18 15:35:41 witherspoon phosphor-host-state-manager[1273]: Initial Host State will be Off
Sep 18 15:35:41 witherspoon phosphor-host-state-manager[1273]: External request to reset reboot count
Sep 18 15:35:41 witherspoon systemd[1]: Started Phosphor Host State Manager.
Sep 18 15:35:42 witherspoon systemd[1]: Started Wait for /xyz/openbmc_project/state/host0.
Sep 18 15:35:42 witherspoon systemd[1]: Starting Reboot If Enabled...
Sep 18 15:35:43 witherspoon phosphor-discover-system-state[1275]: Host power is off, checking power policy
Sep 18 15:35:43 witherspoon systemd[1]: Started Reboot If Enabled.
Sep 18 15:35:43 witherspoon systemd[1]: Reached target Phosphor System - Standby.
Sep 18 15:35:43 witherspoon systemd[1]: Starting Assert bmc_booted LED...
Sep 18 15:35:43 witherspoon phosphor-bmc-state-manager[1228]: BMC_READY
Sep 18 15:35:43 witherspoon phosphor-bmc-state-manager[1228]: Setting the BMCState field
Sep 18 15:35:43 witherspoon phosphor-ledmanager[979]: Asserting LEDs
Sep 18 15:35:43 witherspoon systemd[1]: Started Assert bmc_booted LED.
Sep 18 15:35:43 witherspoon systemd[1]: Startup finished in 10.237s (kernel) + 1min 54.707s (userspace) = 2min 4.944s.
Sep 18 15:35:44 witherspoon phosphor-gevent[1104]: Traceback (most recent call last):
Sep 18 15:35:44 witherspoon phosphor-gevent[1104]:   File "/usr/lib/python2.7/site-packages/gevent/greenlet.py", line 327, in run
Sep 18 15:35:44 witherspoon phosphor-gevent[1104]:     result = self._run(*self.args, **self.kwargs)
Sep 18 15:35:44 witherspoon phosphor-gevent[1104]:   File "/usr/lib/python2.7/site-packages/gevent/server.py", line 102, in wrap_socket_and_handle
Sep 18 15:35:44 witherspoon phosphor-gevent[1104]:     ssl_socket = self.wrap_socket(client_socket, **self.ssl_args)
Sep 18 15:35:44 witherspoon phosphor-gevent[1104]:   File "/usr/lib/python2.7/site-packages/gevent/ssl.py", line 404, in wrap_socket
Sep 18 15:35:44 witherspoon phosphor-gevent[1104]:     ciphers=ciphers)
Sep 18 15:35:44 witherspoon phosphor-gevent[1104]:   File "/usr/lib/python2.7/site-packages/gevent/ssl.py", line 113, in __init__
Sep 18 15:35:44 witherspoon phosphor-gevent[1104]:     self.do_handshake()
Sep 18 15:35:44 witherspoon phosphor-gevent[1104]:   File "/usr/lib/python2.7/site-packages/gevent/ssl.py", line 324, in do_handshake
Sep 18 15:35:44 witherspoon phosphor-gevent[1104]:     return self._sslobj.do_handshake()
Sep 18 15:35:44 witherspoon phosphor-gevent[1104]: SSLEOFError: EOF occurred in violation of protocol (_ssl.c:590)
Sep 18 15:35:44 witherspoon phosphor-gevent[1104]: <Greenlet at 0x7608e490: <bound method WSGIServer.wrap_socket_and_handle of <WSGIServer at 0x76064bd0 fileno=5 address=('::3492:f776:b06d:6d76%1986882976', 443, 0, 1986882976)>>(<socket at 0x75f3b8b0 fileno=9>, ('::8079:6b76:8e91:f402%1995864860', 59964, 0, 199)> failed with SSLEOFError
Sep 18 15:35:44 witherspoon phosphor-gevent[1104]: Traceback (most recent call last):
Sep 18 15:35:44 witherspoon phosphor-gevent[1104]:   File "/usr/lib/python2.7/site-packages/gevent/greenlet.py", line 327, in run
Sep 18 15:35:44 witherspoon phosphor-gevent[1104]:     result = self._run(*self.args, **self.kwargs)
Sep 18 15:35:44 witherspoon phosphor-gevent[1104]:   File "/usr/lib/python2.7/site-packages/gevent/server.py", line 102, in wrap_socket_and_handle
Sep 18 15:35:44 witherspoon phosphor-gevent[1104]:     ssl_socket = self.wrap_socket(client_socket, **self.ssl_args)
Sep 18 15:35:44 witherspoon phosphor-gevent[1104]:   File "/usr/lib/python2.7/site-packages/gevent/ssl.py", line 404, in wrap_socket
Sep 18 15:35:44 witherspoon phosphor-gevent[1104]:     ciphers=ciphers)
Sep 18 15:35:44 witherspoon phosphor-gevent[1104]:   File "/usr/lib/python2.7/site-packages/gevent/ssl.py", line 113, in __init__
Sep 18 15:35:44 witherspoon phosphor-gevent[1104]:     self.do_handshake()
Sep 18 15:35:44 witherspoon phosphor-gevent[1104]:   File "/usr/lib/python2.7/site-packages/gevent/ssl.py", line 324, in do_handshake
Sep 18 15:35:44 witherspoon phosphor-gevent[1104]:     return self._sslobj.do_handshake()
Sep 18 15:35:44 witherspoon phosphor-gevent[1104]: SSLEOFError: EOF occurred in violation of protocol (_ssl.c:590)
Sep 18 15:35:44 witherspoon phosphor-gevent[1104]: <Greenlet at 0x7608e760: <bound method WSGIServer.wrap_socket_and_handle of <WSGIServer at 0x76064bd0 fileno=5 address=('::3492:f776:b06d:6d76%1986882976', 443, 0, 1986882976)>>(<socket at 0x75f3b850 fileno=10>, ('::8079:6b76:8e91:f402%1995864860', 59970, 0, 199)> failed with SSLEOFError
Sep 18 15:35:44 witherspoon phosphor-gevent[1104]: Traceback (most recent call last):
Sep 18 15:35:44 witherspoon phosphor-gevent[1104]:   File "/usr/lib/python2.7/site-packages/gevent/greenlet.py", line 327, in run
Sep 18 15:35:44 witherspoon phosphor-gevent[1104]:     result = self._run(*self.args, **self.kwargs)
Sep 18 15:35:44 witherspoon phosphor-gevent[1104]:   File "/usr/lib/python2.7/site-packages/gevent/server.py", line 102, in wrap_socket_and_handle
Sep 18 15:35:44 witherspoon phosphor-gevent[1104]:     ssl_socket = self.wrap_socket(client_socket, **self.ssl_args)
Sep 18 15:35:44 witherspoon phosphor-gevent[1104]:   File "/usr/lib/python2.7/site-packages/gevent/ssl.py", line 404, in wrap_socket
Sep 18 15:35:44 witherspoon phosphor-gevent[1104]:     ciphers=ciphers)
Sep 18 15:35:44 witherspoon phosphor-gevent[1104]:   File "/usr/lib/python2.7/site-packages/gevent/ssl.py", line 113, in __init__
Sep 18 15:35:44 witherspoon phosphor-gevent[1104]:     self.do_handshake()
Sep 18 15:35:44 witherspoon phosphor-gevent[1104]:   File "/usr/lib/python2.7/site-packages/gevent/ssl.py", line 324, in do_handshake
Sep 18 15:35:44 witherspoon phosphor-gevent[1104]:     return self._sslobj.do_handshake()
Sep 18 15:35:44 witherspoon phosphor-gevent[1104]: SSLEOFError: EOF occurred in violation of protocol (_ssl.c:590)
Sep 18 15:35:44 witherspoon phosphor-gevent[1104]: <Greenlet at 0x7608e440: <bound method WSGIServer.wrap_socket_and_handle of <WSGIServer at 0x76064bd0 fileno=5 address=('::3492:f776:b06d:6d76%1986882976', 443, 0, 1986882976)>>(<socket at 0x75f3b8f0 fileno=11>, ('::8079:6b76:8e91:f402%1995864860', 59972, 0, 199)> failed with SSLEOFError
Sep 18 15:35:47 witherspoon phosphor-gevent[1104]: ::8079:6b76:8e91:f402%1995864860 - - [2017-09-18 15:35:47] "POST /login HTTP/1.1" 200 320 0.047535
Sep 18 15:35:47 witherspoon phosphor-gevent[1104]: ::8079:6b76:8e91:f402%1995864860 - - [2017-09-18 15:35:47] "GET /xyz/openbmc_project/state/chassis0//attr/CurrentPowerState HTTP/1.1" 200 216 0.144438
Sep 18 15:35:47 witherspoon phosphor-gevent[1104]: ::8079:6b76:8e91:f402%1995864860 - - [2017-09-18 15:35:47] "POST /login HTTP/1.1" 200 320 0.033736
Sep 18 15:35:48 witherspoon phosphor-gevent[1104]: ::8079:6b76:8e91:f402%1995864860 - - [2017-09-18 15:35:48] "GET /xyz/openbmc_project/state/chassis0//attr/CurrentPowerState HTTP/1.1" 200 216 0.052442
Sep 18 15:35:48 witherspoon phosphor-gevent[1104]: ::8079:6b76:8e91:f402%1995864860 - - [2017-09-18 15:35:48] "POST /login HTTP/1.1" 200 320 0.035043
Sep 18 15:35:48 witherspoon phosphor-gevent[1104]: ::8079:6b76:8e91:f402%1995864860 - - [2017-09-18 15:35:48] "GET /xyz/openbmc_project/state/host0//attr/BootProgress HTTP/1.1" 200 234 0.073735
Sep 18 15:35:48 witherspoon phosphor-gevent[1104]: ::8079:6b76:8e91:f402%1995864860 - - [2017-09-18 15:35:48] "POST /login HTTP/1.1" 200 320 0.034972
Sep 18 15:35:48 witherspoon phosphor-gevent[1104]: ::8079:6b76:8e91:f402%1995864860 - - [2017-09-18 15:35:48] "GET /xyz/openbmc_project/state/host0//attr/CurrentHostState HTTP/1.1" 200 212 0.072831
Sep 18 15:35:48 witherspoon phosphor-gevent[1104]: ::8079:6b76:8e91:f402%1995864860 - - [2017-09-18 15:35:48] "POST /login HTTP/1.1" 200 320 0.037218
Sep 18 15:35:48 witherspoon phosphor-gevent[1104]: ::8079:6b76:8e91:f402%1995864860 - - [2017-09-18 15:35:48] "GET /xyz/openbmc_project/logging/entry//list HTTP/1.1" 200 259 0.052927
Sep 18 15:35:49 witherspoon phosphor-gevent[1104]: ::8079:6b76:8e91:f402%1995864860 - - [2017-09-18 15:35:49] "POST /login HTTP/1.1" 200 320 0.034720
Sep 18 15:35:49 witherspoon phosphor-gevent[1104]: ::8079:6b76:8e91:f402%1995864860 - - [2017-09-18 15:35:49] "GET /xyz/openbmc_project/logging/entry//list HTTP/1.1" 200 259 0.041837
Sep 18 15:35:49 witherspoon phosphor-gevent[1104]: ::8079:6b76:8e91:f402%1995864860 - - [2017-09-18 15:35:49] "POST /login HTTP/1.1" 200 320 0.056067
Sep 18 15:35:49 witherspoon phosphor-gevent[1104]: ::8079:6b76:8e91:f402%1995864860 - - [2017-09-18 15:35:49] "DELETE /xyz/openbmc_project/logging/entry/1 HTTP/1.1" 200 169 0.091112
Sep 18 15:35:49 witherspoon phosphor-gevent[1104]: ::8079:6b76:8e91:f402%1995864860 - - [2017-09-18 15:35:49] "POST /login HTTP/1.1" 200 320 0.033617
Sep 18 15:35:49 witherspoon phosphor-gevent[1104]: ::8079:6b76:8e91:f402%1995864860 - - [2017-09-18 15:35:49] "DELETE /xyz/openbmc_project/logging/entry/2 HTTP/1.1" 200 169 0.079660
Sep 18 15:35:50 witherspoon phosphor-gevent[1104]: ::8079:6b76:8e91:f402%1995864860 - - [2017-09-18 15:35:50] "POST /login HTTP/1.1" 200 320 0.033551
Sep 18 15:35:50 witherspoon phosphor-gevent[1104]: ::8079:6b76:8e91:f402%1995864860 - - [2017-09-18 15:35:50] "GET /xyz/openbmc_project/state/host0//attr/CurrentHostState HTTP/1.1" 200 212 0.095465
Sep 18 15:35:50 witherspoon phosphor-gevent[1104]: ::8079:6b76:8e91:f402%1995864860 - - [2017-09-18 15:35:50] "POST /login HTTP/1.1" 200 320 0.044577
Sep 18 15:35:50 witherspoon phosphor-gevent[1104]: ::8079:6b76:8e91:f402%1995864860 - - [2017-09-18 15:35:50] "GET /xyz/openbmc_project/logging/entry//list HTTP/1.1" 404 311 0.047736
Sep 18 15:35:50 witherspoon phosphor-gevent[1104]: ::8079:6b76:8e91:f402%1995864860 - - [2017-09-18 15:35:50] "POST /login HTTP/1.1" 200 320 0.033657
Sep 18 15:35:50 witherspoon phosphor-gevent[1104]: ::8079:6b76:8e91:f402%1995864860 - - [2017-09-18 15:35:50] "GET /xyz/openbmc_project/logging/entry//list HTTP/1.1" 404 311 0.029710
Sep 18 15:35:51 witherspoon dropbear[1067]: Exit (root): Exited normally
Sep 18 15:37:08 witherspoon systemd[1]: Started SSH Per-Connection Server (9.41.165.94:45976).
Sep 18 15:37:08 witherspoon dropbear[1293]: Failed loading /etc/dropbear/dropbear_dss_host_key
Sep 18 15:37:08 witherspoon dropbear[1293]: Failed loading /etc/dropbear/dropbear_ecdsa_host_key
Sep 18 15:37:08 witherspoon dropbear[1293]: Child connection from ::ffff:9.41.165.94:45976
Sep 18 15:37:08 witherspoon dropbear[1293]: PAM password auth succeeded for 'root' from ::ffff:9.41.165.94:45976
Sep 18 15:37:08 witherspoon dropbear[1294]: lastlog_perform_login: Couldn't stat /var/log/lastlog: No such file or directory
Sep 18 15:37:08 witherspoon dropbear[1294]: lastlog_openseek: /var/log/lastlog is not a file or directory!
Sep 18 15:37:09 witherspoon phosphor-gevent[1104]: ::8079:6b76:8e91:f402%1995864860 - - [2017-09-18 15:37:09] "POST /login HTTP/1.1" 200 320 0.043449
Sep 18 15:37:10 witherspoon phosphor-gevent[1104]: ::8079:6b76:8e91:f402%1995864860 - - [2017-09-18 15:37:10] "GET /xyz/openbmc_project/software/ HTTP/1.1" 200 261 0.046635
Sep 18 15:37:10 witherspoon phosphor-gevent[1104]: ::8079:6b76:8e91:f402%1995864860 - - [2017-09-18 15:37:10] "POST /login HTTP/1.1" 200 320 0.034211
Sep 18 15:37:10 witherspoon phosphor-gevent[1104]: ::8079:6b76:8e91:f402%1995864860 - - [2017-09-18 15:37:10] "GET /xyz/openbmc_project/software/8764baa3/attr/Purpose HTTP/1.1" 200 224 0.098575
Sep 18 15:37:10 witherspoon phosphor-gevent[1104]: ::8079:6b76:8e91:f402%1995864860 - - [2017-09-18 15:37:10] "POST /login HTTP/1.1" 200 320 0.058523
Sep 18 15:37:10 witherspoon phosphor-gevent[1104]: ::8079:6b76:8e91:f402%1995864860 - - [2017-09-18 15:37:10] "GET /xyz/openbmc_project/software/active/attr/Purpose HTTP/1.1" 404 259 0.043678
Sep 18 15:37:10 witherspoon phosphor-gevent[1104]: ::8079:6b76:8e91:f402%1995864860 - - [2017-09-18 15:37:10] "POST /login HTTP/1.1" 200 320 0.033910
Sep 18 15:37:11 witherspoon phosphor-gevent[1104]: ::8079:6b76:8e91:f402%1995864860 - - [2017-09-18 15:37:11] "GET /xyz/openbmc_project/software/8764baa3 HTTP/1.1" 200 970 0.109323
Sep 18 15:37:11 witherspoon systemd[1]: Started SSH Per-Connection Server (9.41.165.94:45986).
Sep 18 15:37:11 witherspoon dropbear[1300]: Failed loading /etc/dropbear/dropbear_dss_host_key
Sep 18 15:37:11 witherspoon dropbear[1300]: Failed loading /etc/dropbear/dropbear_ecdsa_host_key
Sep 18 15:37:11 witherspoon dropbear[1300]: Child connection from ::ffff:9.41.165.94:45986
Sep 18 15:37:11 witherspoon dropbear[1300]: PAM password auth succeeded for 'root' from ::ffff:9.41.165.94:45986
Sep 18 15:37:11 witherspoon dropbear[1301]: lastlog_perform_login: Couldn't stat /var/log/lastlog: No such file or directory
Sep 18 15:37:11 witherspoon dropbear[1301]: lastlog_openseek: /var/log/lastlog is not a file or directory!
Sep 18 15:37:12 witherspoon systemd[1]: Started SSH Per-Connection Server (9.41.165.94:45988).
Sep 18 15:37:12 witherspoon dropbear[1307]: Failed loading /etc/dropbear/dropbear_dss_host_key
Sep 18 15:37:12 witherspoon dropbear[1307]: Failed loading /etc/dropbear/dropbear_ecdsa_host_key
Sep 18 15:37:12 witherspoon dropbear[1307]: Child connection from ::ffff:9.41.165.94:45988
Sep 18 15:37:12 witherspoon dropbear[1307]: PAM password auth succeeded for 'root' from ::ffff:9.41.165.94:45988
Sep 18 15:37:12 witherspoon dropbear[1308]: lastlog_perform_login: Couldn't stat /var/log/lastlog: No such file or directory
Sep 18 15:37:12 witherspoon dropbear[1308]: lastlog_openseek: /var/log/lastlog is not a file or directory!
Sep 18 15:37:14 witherspoon phosphor-gevent[1104]: ::8079:6b76:8e91:f402%1995864860 - - [2017-09-18 15:37:14] "POST /login HTTP/1.1" 200 320 0.034534
Sep 18 15:37:14 witherspoon phosphor-gevent[1104]: ::8079:6b76:8e91:f402%1995864860 - - [2017-09-18 15:37:14] "POST /login HTTP/1.1" 200 320 0.033757
Sep 18 15:37:14 witherspoon phosphor-gevent[1104]: ::8079:6b76:8e91:f402%1995864860 - - [2017-09-18 15:37:14] "GET /xyz/openbmc_project/state/host0//attr/CurrentHostState HTTP/1.1" 200 212 0.073796
Sep 18 15:37:15 witherspoon phosphor-gevent[1104]: ::8079:6b76:8e91:f402%1995864860 - - [2017-09-18 15:37:15] "POST /login HTTP/1.1" 200 320 0.034194
Sep 18 15:37:16 witherspoon phosphor-gevent[1104]: ::8079:6b76:8e91:f402%1995864860 - - [2017-09-18 15:37:16] "GET /xyz/openbmc_project/state/host0//attr/CurrentHostState HTTP/1.1" 200 212 0.074699
Sep 18 15:37:19 witherspoon systemd[1]: Started SSH Per-Connection Server (9.41.165.94:45996).
Sep 18 15:37:19 witherspoon dropbear[1318]: Failed loading /etc/dropbear/dropbear_dss_host_key
Sep 18 15:37:19 witherspoon dropbear[1318]: Failed loading /etc/dropbear/dropbear_ecdsa_host_key
Sep 18 15:37:19 witherspoon dropbear[1318]: Child connection from ::ffff:9.41.165.94:45996
Sep 18 15:37:20 witherspoon dropbear[1318]: PAM password auth succeeded for 'root' from ::ffff:9.41.165.94:45996
