-- Logs begin at Sat 2017-07-29 02:45:41 UTC, end at Sat 2017-07-29 03:06:27 UTC. --
Jul 29 02:45:41 witherspoon kernel: Booting Linux on physical CPU 0x0
Jul 29 02:45:41 witherspoon kernel: Linux version 4.10.17-44f0dc8ac43162c4f7082884d6cd79400341bf5b (jenkins@openbmc-builder1) (gcc version 6.2.0 (GCC) ) #1 Fri Jul 28 22:30:55 UTC 2017
Jul 29 02:45:41 witherspoon kernel: CPU: ARMv6-compatible processor [410fb767] revision 7 (ARMv7), cr=00c5387d
Jul 29 02:45:41 witherspoon kernel: CPU: PIPT / VIPT nonaliasing data cache, VIPT nonaliasing instruction cache
Jul 29 02:45:41 witherspoon kernel: OF: fdt:Machine model: Witherspoon BMC
Jul 29 02:45:41 witherspoon kernel: Memory policy: Data cache writeback
Jul 29 02:45:41 witherspoon kernel: SOC Rev: 04030303
Jul 29 02:45:41 witherspoon kernel: On node 0 totalpages: 110592
Jul 29 02:45:41 witherspoon kernel: free_area_init_node: node 0, pgdat 805ff5e4, node_mem_map 9ec1a000
Jul 29 02:45:41 witherspoon kernel:   Normal zone: 992 pages used for memmap
Jul 29 02:45:41 witherspoon kernel:   Normal zone: 0 pages reserved
Jul 29 02:45:41 witherspoon kernel:   Normal zone: 110592 pages, LIFO batch:31
Jul 29 02:45:41 witherspoon kernel: pcpu-alloc: s0 r0 d32768 u32768 alloc=1*32768
Jul 29 02:45:41 witherspoon kernel: pcpu-alloc: [0] 0 
Jul 29 02:45:41 witherspoon kernel: Built 1 zonelists in Zone order, mobility grouping on.  Total pages: 109600
Jul 29 02:45:41 witherspoon kernel: Kernel command line: console=ttyS4,115200n8 root=/dev/ram rw
Jul 29 02:45:41 witherspoon kernel: PID hash table entries: 2048 (order: 1, 8192 bytes)
Jul 29 02:45:41 witherspoon kernel: Dentry cache hash table entries: 65536 (order: 6, 262144 bytes)
Jul 29 02:45:41 witherspoon kernel: Inode-cache hash table entries: 32768 (order: 5, 131072 bytes)
Jul 29 02:45:41 witherspoon kernel: Memory: 430436K/442368K available (4065K kernel code, 280K rwdata, 1192K rodata, 284K init, 111K bss, 11932K reserved, 0K cma-reserved)
Jul 29 02:45:41 witherspoon kernel: Virtual kernel memory layout:
                                        vector  : 0xffff0000 - 0xffff1000   (   4 kB)
                                        fixmap  : 0xffc00000 - 0xfff00000   (3072 kB)
                                        vmalloc : 0x9f800000 - 0xff800000   (1536 MB)
                                        lowmem  : 0x80000000 - 0x9f000000   ( 496 MB)
                                          .text : 0x80008000 - 0x804007a0   (4066 kB)
                                          .init : 0x80585000 - 0x805cc000   ( 284 kB)
                                          .data : 0x805cc000 - 0x80612358   ( 281 kB)
                                           .bss : 0x80612358 - 0x8062e1f8   ( 112 kB)
Jul 29 02:45:41 witherspoon kernel: NR_IRQS:16 nr_irqs:16 16
Jul 29 02:45:41 witherspoon kernel: i2c controller registered, irq 16
Jul 29 02:45:41 witherspoon kernel: clocksource: moxart_timer: mask: 0xffffffff max_cycles: 0xffffffff, max_idle_ns: 77222644334 ns
Jul 29 02:45:41 witherspoon kernel: sched_clock: 32 bits at 100 Hz, resolution 10000000ns, wraps every 21474836475000000ns
Jul 29 02:45:41 witherspoon kernel: Calibrating delay loop... 789.70 BogoMIPS (lpj=3948544)
Jul 29 02:45:41 witherspoon kernel: pid_max: default: 32768 minimum: 301
Jul 29 02:45:41 witherspoon kernel: Mount-cache hash table entries: 1024 (order: 0, 4096 bytes)
Jul 29 02:45:41 witherspoon kernel: Mountpoint-cache hash table entries: 1024 (order: 0, 4096 bytes)
Jul 29 02:45:41 witherspoon kernel: CPU: Testing write buffer coherency: ok
Jul 29 02:45:41 witherspoon kernel: ftrace: allocating 14932 entries in 44 pages
Jul 29 02:45:41 witherspoon kernel: Setting up static identity map for 0x80008200 - 0x8000825c
Jul 29 02:45:41 witherspoon kernel: devtmpfs: initialized
Jul 29 02:45:41 witherspoon kernel: clocksource: jiffies: mask: 0xffffffff max_cycles: 0xffffffff, max_idle_ns: 19112604462750000 ns
Jul 29 02:45:41 witherspoon kernel: futex hash table entries: 256 (order: -1, 3072 bytes)
Jul 29 02:45:41 witherspoon kernel: pinctrl core: initialized pinctrl subsystem
Jul 29 02:45:41 witherspoon kernel: NET: Registered protocol family 16
Jul 29 02:45:41 witherspoon kernel: DMA: preallocated 256 KiB pool for atomic coherent allocations
Jul 29 02:45:41 witherspoon kernel: usbcore: registered new interface driver usbfs
Jul 29 02:45:41 witherspoon kernel: usbcore: registered new interface driver hub
Jul 29 02:45:41 witherspoon kernel: usbcore: registered new device driver usb
Jul 29 02:45:41 witherspoon kernel: clocksource: Switched to clocksource moxart_timer
Jul 29 02:45:41 witherspoon kernel: NET: Registered protocol family 2
Jul 29 02:45:41 witherspoon kernel: TCP established hash table entries: 4096 (order: 2, 16384 bytes)
Jul 29 02:45:41 witherspoon kernel: TCP bind hash table entries: 4096 (order: 2, 16384 bytes)
Jul 29 02:45:41 witherspoon kernel: TCP: Hash tables configured (established 4096 bind 4096)
Jul 29 02:45:41 witherspoon kernel: UDP hash table entries: 256 (order: 0, 4096 bytes)
Jul 29 02:45:41 witherspoon kernel: UDP-Lite hash table entries: 256 (order: 0, 4096 bytes)
Jul 29 02:45:41 witherspoon kernel: NET: Registered protocol family 1
Jul 29 02:45:41 witherspoon kernel: Trying to unpack rootfs image as initramfs...
Jul 29 02:45:41 witherspoon kernel: Freeing initrd memory: 1548K
Jul 29 02:45:41 witherspoon kernel: workingset: timestamp_bits=30 max_order=17 bucket_order=0
Jul 29 02:45:41 witherspoon kernel: squashfs: version 4.0 (2009/01/31) Phillip Lougher
Jul 29 02:45:41 witherspoon kernel: jffs2: version 2.2. (SUMMARY)  © 2001-2006 Red Hat, Inc.
Jul 29 02:45:41 witherspoon kernel: Block layer SCSI generic (bsg) driver version 0.4 loaded (major 250)
Jul 29 02:45:41 witherspoon kernel: io scheduler noop registered
Jul 29 02:45:41 witherspoon kernel: io scheduler deadline registered
Jul 29 02:45:41 witherspoon kernel: io scheduler cfq registered (default)
Jul 29 02:45:41 witherspoon kernel: ipmi-bt-host 1e789140.ibt: Found bt bmc device
Jul 29 02:45:41 witherspoon kernel: ipmi-bt-host 1e789140.ibt: Using IRQ 22
Jul 29 02:45:41 witherspoon kernel: Serial: 8250/16550 driver, 6 ports, IRQ sharing enabled
Jul 29 02:45:41 witherspoon kernel: 1e783000.serial: ttyS0 at MMIO 0x1e783000 (irq = 23, base_baud = 1500000) is a 16550A
Jul 29 02:45:41 witherspoon kernel: 1e78d000.serial: ttyS1 at MMIO 0x1e78d000 (irq = 24, base_baud = 1500000) is a 16550A
Jul 29 02:45:41 witherspoon kernel: 1e784000.serial: ttyS4 at MMIO 0x1e784000 (irq = 25, base_baud = 1500000) is a 16550A
Jul 29 02:45:41 witherspoon kernel: console [ttyS4] enabled
Jul 29 02:45:41 witherspoon kernel: 1e787000.vuart: ttyS2 at MMIO 0x1e787000 (irq = 22, base_baud = 1500000) is a 16550A
Jul 29 02:45:41 witherspoon kernel: timeriomem_rng 1e6e2078.hwrng: 32bits from 0xf00e2078 @ 1us
Jul 29 02:45:41 witherspoon kernel: random: fast init done
Jul 29 02:45:41 witherspoon kernel: brd: module loaded
Jul 29 02:45:41 witherspoon kernel: loop: module loaded
Jul 29 02:45:41 witherspoon kernel: aspeed-lpc-ctrl 1e789080.lpc-ctrl: Loaded at 0x98000000 (0x04000000)
Jul 29 02:45:41 witherspoon kernel: aspeed-smc 1e620000.flash-controller: Using IRQ 18
Jul 29 02:45:41 witherspoon kernel: aspeed-smc 1e620000.flash-controller: DMA support disabled.
Jul 29 02:45:41 witherspoon kernel: aspeed-smc 1e620000.flash-controller: mx25l25635e (32768 Kbytes)
Jul 29 02:45:41 witherspoon kernel: aspeed-smc 1e620000.flash-controller: CE0 window [ 0x20000000 - 0x22000000 ] 32MB
Jul 29 02:45:41 witherspoon kernel: aspeed-smc 1e620000.flash-controller: CE1 window [ 0x22000000 - 0x2a000000 ] 128MB
Jul 29 02:45:41 witherspoon kernel: 5 ofpart partitions found on MTD device bmc
Jul 29 02:45:41 witherspoon kernel: Creating 5 MTD partitions on "bmc":
Jul 29 02:45:41 witherspoon kernel: 0x000000000000-0x000000060000 : "u-boot"
Jul 29 02:45:41 witherspoon kernel: 0x000000060000-0x000000080000 : "u-boot-env"
Jul 29 02:45:41 witherspoon kernel: random: crng init done
Jul 29 02:45:41 witherspoon kernel: 0x000000080000-0x0000004c0000 : "kernel"
Jul 29 02:45:41 witherspoon kernel: 0x0000004c0000-0x000001c00000 : "rofs"
Jul 29 02:45:41 witherspoon kernel: 0x000001c00000-0x000002000000 : "rwfs"
Jul 29 02:45:41 witherspoon kernel: aspeed-smc 1e620000.flash-controller: mx25l25635e (32768 Kbytes)
Jul 29 02:45:41 witherspoon kernel: aspeed-smc 1e620000.flash-controller: CE1 window [ 0x22000000 - 0x24000000 ] 32MB
Jul 29 02:45:41 witherspoon kernel: aspeed-smc 1e620000.flash-controller: CE2 window [ 0x24000000 - 0x2c000000 ] 128MB
Jul 29 02:45:41 witherspoon kernel: aspeed-smc 1e630000.flash-controller: mx66l1g45g (131072 Kbytes)
Jul 29 02:45:41 witherspoon kernel: aspeed-smc 1e630000.flash-controller: CE0 window resized to 120MB (AST2500 HW quirk)
Jul 29 02:45:41 witherspoon kernel: aspeed-smc 1e630000.flash-controller: CE0 window [ 0x30000000 - 0x37800000 ] 120MB
Jul 29 02:45:41 witherspoon kernel: aspeed-smc 1e630000.flash-controller: CE0 window too small for chip 128MB
Jul 29 02:45:41 witherspoon kernel: aspeed-smc 1e630000.flash-controller: CE1 window [ 0x37800000 - 0x38000000 ] 8MB
Jul 29 02:45:41 witherspoon kernel: libphy: Fixed MDIO Bus: probed
Jul 29 02:45:41 witherspoon kernel: ftgmac100 1e660000.ethernet: Read MAC address 70:e2:84:14:28:a9 from chip
Jul 29 02:45:41 witherspoon kernel: ftgmac100 1e660000.ethernet: Using NCSI interface
Jul 29 02:45:41 witherspoon kernel: ftgmac100 1e660000.ethernet eth0: irq 20, mapped at f0060000
Jul 29 02:45:41 witherspoon kernel: ehci_hcd: USB 2.0 'Enhanced' Host Controller (EHCI) Driver
Jul 29 02:45:41 witherspoon kernel: ehci-platform: EHCI generic platform driver
Jul 29 02:45:41 witherspoon kernel:  fsi0: can't read slave 00:00 -5
Jul 29 02:45:41 witherspoon kernel: i2c /dev entries driver
Jul 29 02:45:41 witherspoon kernel: aspeed-i2c-bus 1e78a0c0.i2c-bus: i2c bus 2 registered, irq 26
Jul 29 02:45:41 witherspoon kernel: aspeed-i2c-bus 1e78a100.i2c-bus: i2c bus 3 registered, irq 27
Jul 29 02:45:41 witherspoon kernel: aspeed-i2c-bus 1e78a140.i2c-bus: i2c bus 4 registered, irq 28
Jul 29 02:45:41 witherspoon kernel: aspeed-i2c-bus 1e78a180.i2c-bus: i2c bus 5 registered, irq 29
Jul 29 02:45:41 witherspoon kernel: aspeed-i2c-bus 1e78a380.i2c-bus: i2c bus 9 registered, irq 30
Jul 29 02:45:41 witherspoon kernel: aspeed-i2c-bus 1e78a3c0.i2c-bus: i2c bus 10 registered, irq 31
Jul 29 02:45:41 witherspoon kernel: rtc-rv8803 11-0032: Voltage low, temperature compensation stopped.
Jul 29 02:45:41 witherspoon kernel: rtc-rv8803 11-0032: rtc core: registered rx8900 as rtc0
Jul 29 02:45:41 witherspoon kernel: at24 11-0051: 8192 byte 24c64 EEPROM, writable, 1 bytes/write
Jul 29 02:45:41 witherspoon kernel: aspeed-i2c-bus 1e78a400.i2c-bus: i2c bus 11 registered, irq 32
Jul 29 02:45:41 witherspoon kernel: aspeed-i2c-bus 1e78a440.i2c-bus: i2c bus 12 registered, irq 33
Jul 29 02:45:41 witherspoon kernel: aspeed-i2c-bus 1e78a480.i2c-bus: i2c bus 13 registered, irq 34
Jul 29 02:45:41 witherspoon kernel: Driver for 1-wire Dallas network protocol.
Jul 29 02:45:41 witherspoon kernel: lm75 9-004a: hwmon0: sensor 'tmp275'
Jul 29 02:45:41 witherspoon kernel: max31785 3-0052: Fan 1 is configured but not installed
Jul 29 02:45:41 witherspoon kernel: max31785 3-0052: Fan 2 is configured but not installed
Jul 29 02:45:41 witherspoon kernel: max31785 3-0052: Fan 3 is configured but not installed
Jul 29 02:45:41 witherspoon kernel: ucd9000 11-0064: Device ID UCD90160|2.3.4.0000|110603
Jul 29 02:45:41 witherspoon kernel: leds-pca955x 3-0060: leds-pca955x: Using pca9552 16-bit LED driver at slave address 0x60
Jul 29 02:45:41 witherspoon kernel: leds-pca955x 11-0060: leds-pca955x: Using pca9552 16-bit LED driver at slave address 0x60
Jul 29 02:45:41 witherspoon kernel: leds-pca955x 11-0060: gpios 264...279
Jul 29 02:45:41 witherspoon kernel: usbcore: registered new interface driver usbhid
Jul 29 02:45:41 witherspoon kernel: usbhid: USB HID core driver
Jul 29 02:45:41 witherspoon kernel: dps310 3-0076: iio:device1: sensor 'dps310'
Jul 29 02:45:41 witherspoon kernel: NET: Registered protocol family 10
Jul 29 02:45:41 witherspoon kernel: Segment Routing with IPv6
Jul 29 02:45:41 witherspoon kernel: NET: Registered protocol family 17
Jul 29 02:45:41 witherspoon kernel: 8021q: 802.1Q VLAN Support v1.8
Jul 29 02:45:41 witherspoon kernel: console [netcon0] enabled
Jul 29 02:45:41 witherspoon kernel: netconsole: network logging started
Jul 29 02:45:41 witherspoon kernel: input: gpio-keys as /devices/platform/gpio-keys/input/input0
Jul 29 02:45:41 witherspoon kernel: rtc-rv8803 11-0032: setting system clock to 2017-07-29 02:45:29 UTC (1501296329)
Jul 29 02:45:41 witherspoon kernel: Freeing unused kernel memory: 284K
Jul 29 02:45:41 witherspoon kernel: This architecture does not have kernel memory protection.
Jul 29 02:45:41 witherspoon kernel: jffs2: notice: (525) jffs2_build_xattr_subsystem: complete building xattr subsystem, 0 of xdatum (0 unchecked, 0 orphan) and 0 of xref (0 dead, 0 orphan) found.
Jul 29 02:45:41 witherspoon systemd[1]: Failed to insert module 'autofs4': No such file or directory
Jul 29 02:45:41 witherspoon systemd[1]: systemd 232 running in system mode. (+PAM -AUDIT -SELINUX -IMA -APPARMOR -SMACK +SYSVINIT -UTMP -LIBCRYPTSETUP -GCRYPT -GNUTLS +ACL +XZ -LZ4 -SECCOMP +BLKID -ELFUTILS +KMOD -IDN)
Jul 29 02:45:41 witherspoon systemd[1]: Detected architecture arm.
Jul 29 02:45:41 witherspoon systemd[1]: Set hostname to <witherspoon>.
Jul 29 02:45:41 witherspoon systemd[1]: Listening on Network Service Netlink Socket.
Jul 29 02:45:41 witherspoon systemd[1]: Listening on Journal Socket.
Jul 29 02:45:41 witherspoon systemd[1]: Reached target Remote File Systems.
Jul 29 02:45:41 witherspoon systemd[1]: Listening on Syslog Socket.
Jul 29 02:45:41 witherspoon systemd[1]: Listening on udev Control Socket.
Jul 29 02:45:41 witherspoon systemd[1]: Reached target Swap.
Jul 29 02:45:41 witherspoon systemd[1]: Listening on udev Kernel Socket.
Jul 29 02:45:41 witherspoon systemd[1]: Created slice system-phosphor\x2dcooling\x2dtype.slice.
Jul 29 02:45:41 witherspoon systemd[1]: Created slice system-phosphor\x2dreset\x2dhost\x2drunning.slice.
Jul 29 02:45:41 witherspoon systemd[1]: Created slice system-op\x2dreset\x2dchassis\x2drunning.slice.
Jul 29 02:45:41 witherspoon systemd[1]: Created slice system-op\x2dreset\x2dchassis\x2don.slice.
Jul 29 02:45:41 witherspoon systemd[1]: Created slice system-org.openbmc.control.Bmc.slice.
Jul 29 02:45:41 witherspoon systemd[1]: Created slice system-phosphor\x2dreset\x2dhost\x2dcheck.slice.
Jul 29 02:45:41 witherspoon systemd[1]: dev-hugepages.mount: Couldn't determine result for ConditionVirtualization=!private-users, assuming failed: No such file or directory
Jul 29 02:45:41 witherspoon systemd[1]: Created slice system-serial\x2dgetty.slice.
Jul 29 02:45:41 witherspoon systemd[1]: Starting Journal Service...
Jul 29 02:45:41 witherspoon systemd[1]: Mounting Temporary Directory...
Jul 29 02:45:41 witherspoon systemd-journald[543]: Journal started
Jul 29 02:45:41 witherspoon systemd-journald[543]: Runtime journal (/run/log/journal/12c6a00ebfdd479284cf09f39d1bc042) is 0B, max 0B, 0B free.
Jul 29 02:45:41 witherspoon systemd-sysctl[546]: Couldn't write '16' to 'kernel/sysrq', ignoring: No such file or directory
Jul 29 02:45:41 witherspoon systemd-sysctl[546]: Couldn't write 'fq_codel' to 'net/core/default_qdisc', ignoring: No such file or directory
Jul 29 02:45:43 witherspoon systemd[1]: Created slice system-org.openbmc.buttons.reset.slice.
Jul 29 02:45:44 witherspoon systemd[1]: Mounting Debug File System...
Jul 29 02:45:44 witherspoon systemd[1]: Mounted Temporary Directory.
Jul 29 02:45:45 witherspoon systemd[1]: Mounted Debug File System.
Jul 29 02:45:45 witherspoon systemd[1]: Started Journal Service.
Jul 29 02:45:45 witherspoon systemd[1]: Started Apply Kernel Variables.
Jul 29 02:45:45 witherspoon systemd[1]: Started Remount Root and Kernel File Systems.
Jul 29 02:45:45 witherspoon systemd[1]: Starting Create System Users...
Jul 29 02:45:45 witherspoon systemd[1]: Starting Flush Journal to Persistent Storage...
Jul 29 02:45:46 witherspoon systemd[1]: Started udev Coldplug all Devices.
Jul 29 02:45:47 witherspoon systemd[1]: Started Create System Users.
Jul 29 02:45:47 witherspoon systemd[1]: Starting Create Static Device Nodes in /dev...
Jul 29 02:45:47 witherspoon systemd-journald[543]: Runtime journal (/run/log/journal/12c6a00ebfdd479284cf09f39d1bc042) is 0B, max 0B, 0B free.
Jul 29 02:45:47 witherspoon systemd[1]: Started Flush Journal to Persistent Storage.
Jul 29 02:45:48 witherspoon systemd[1]: Started Create Static Device Nodes in /dev.
Jul 29 02:45:48 witherspoon systemd[1]: Reached target Local File Systems (Pre).
Jul 29 02:45:48 witherspoon systemd[1]: Mounting /var/volatile...
Jul 29 02:45:48 witherspoon systemd[1]: Starting udev Kernel Device Manager...
Jul 29 02:45:48 witherspoon systemd[1]: Mounted /var/volatile.
Jul 29 02:45:48 witherspoon systemd[1]: Starting Load/Save Random Seed...
Jul 29 02:45:48 witherspoon systemd[1]: Reached target Local File Systems.
Jul 29 02:45:48 witherspoon systemd[1]: Starting Rebuild Journal Catalog...
Jul 29 02:45:48 witherspoon systemd[1]: Starting Create Volatile Files and Directories...
Jul 29 02:45:49 witherspoon systemd[1]: Started Load/Save Random Seed.
Jul 29 02:45:49 witherspoon systemd[1]: Started Rebuild Journal Catalog.
Jul 29 02:45:49 witherspoon systemd[1]: Starting Update is Completed...
Jul 29 02:45:49 witherspoon systemd-tmpfiles[897]: "/var/tmp" already exists and is not a directory.
Jul 29 02:45:49 witherspoon systemd-tmpfiles[897]: "/var/log" already exists and is not a directory.
Jul 29 02:45:49 witherspoon systemd[1]: Started Create Volatile Files and Directories.
Jul 29 02:45:49 witherspoon systemd[1]: Starting Run pending postinsts...
Jul 29 02:45:49 witherspoon systemd[1]: Starting Network Time Synchronization...
Jul 29 02:45:49 witherspoon systemd[1]: Started Update is Completed.
Jul 29 02:45:49 witherspoon run-postinsts[904]: Running postinst /etc/rpm-postinsts/libglib-2.0-0...
Jul 29 02:45:50 witherspoon systemd[1]: Started Network Time Synchronization.
Jul 29 02:45:50 witherspoon systemd[1]: Reached target System Time Synchronized.
Jul 29 02:45:50 witherspoon systemd[1]: Started udev Kernel Device Manager.
Jul 29 02:45:52 witherspoon systemd[1]: Created slice system-xyz.openbmc_project.Hwmon.slice.
Jul 29 02:45:53 witherspoon systemd[1]: dev-hugepages.mount: Couldn't determine result for ConditionVirtualization=!private-users, assuming failed: No such file or directory
Jul 29 02:45:53 witherspoon systemd[1]: Found device /dev/aspeed-lpc-ctrl.
Jul 29 02:45:53 witherspoon systemd[1]: Found device /dev/aspeed-mbox.
Jul 29 02:45:53 witherspoon systemd[1]: Found device /dev/ttyS4.
Jul 29 02:45:53 witherspoon systemd[1]: Found device /dev/ttyVUART0.
Jul 29 02:45:54 witherspoon systemd[1]: Created slice system-xyz.openbmc_project.led.controller.slice.
Jul 29 02:45:54 witherspoon systemd[1]: dev-hugepages.mount: Couldn't determine result for ConditionVirtualization=!private-users, assuming failed: No such file or directory
Jul 29 02:45:54 witherspoon run-postinsts[904]: rm: can't remove '/etc/rpm-postinsts': Invalid argument
Jul 29 02:45:54 witherspoon run-postinsts[904]:  Removing any system startup links for run-postinsts ...
Jul 29 02:45:55 witherspoon systemctl[936]: Removed /etc/systemd/system/sysinit.target.wants/run-postinsts.service.
Jul 29 02:45:55 witherspoon systemd[1]: Reloading.
Jul 29 02:45:57 witherspoon systemd[1]: Started Run pending postinsts.
Jul 29 02:45:57 witherspoon systemd[1]: Reached target System Initialization.
Jul 29 02:45:57 witherspoon systemd[1]: Listening on phosphor-ipmi-net.socket.
Jul 29 02:45:57 witherspoon systemd[1]: Started Daily Cleanup of Temporary Directories.
Jul 29 02:45:57 witherspoon systemd[1]: Reached target Timers.
Jul 29 02:45:57 witherspoon systemd[1]: Listening on Avahi mDNS/DNS-SD Stack Activation Socket.
Jul 29 02:45:57 witherspoon systemd[1]: Listening on Phosphor Webserver socket.
Jul 29 02:45:57 witherspoon systemd[1]: Listening on Phosphor DBUS Browser socket.
Jul 29 02:45:57 witherspoon systemd[1]: Listening on Phosphor Host Console SSH Per-Connection socket.
Jul 29 02:45:58 witherspoon systemd[1]: Listening on dropbear.socket.
Jul 29 02:45:58 witherspoon systemd[1]: Listening on D-Bus System Message Bus Socket.
Jul 29 02:45:58 witherspoon systemd[1]: Reached target Sockets.
Jul 29 02:45:58 witherspoon systemd[1]: Reached target Basic System.
Jul 29 02:45:58 witherspoon systemd[1]: Started Phosphor sysfs LED controller.
Jul 29 02:45:58 witherspoon systemd[1]: Started Phosphor sysfs LED controller.
Jul 29 02:45:58 witherspoon systemd[1]: Starting Phosphor Chassis0 Control...
Jul 29 02:45:58 witherspoon systemd[1]: Started Hardware RNG Entropy Gatherer Daemon.
Jul 29 02:45:58 witherspoon systemd[1]: Started System Logging Service.
Jul 29 02:45:58 witherspoon systemd[1]: Started Phosphor Dump core monitor..
Jul 29 02:45:58 witherspoon systemd[1]: Starting Phosphor Network Manager...
Jul 29 02:45:58 witherspoon systemd[1]: Started Kernel Logging Service.
Jul 29 02:45:58 witherspoon kernel[954]: klogd started: BusyBox v1.24.1 (2017-06-16 19:29:08 UTC)
Jul 29 02:45:58 witherspoon kernel[954]: [    0.000000] Booting Linux on physical CPU 0x0
Jul 29 02:45:58 witherspoon kernel[954]: [    0.000000] Linux version 4.10.17-44f0dc8ac43162c4f7082884d6cd79400341bf5b (jenkins@openbmc-builder1) (gcc version 6.2.0 (GCC) ) #1 Fri Jul 28 22:30:55 UTC 2017
Jul 29 02:45:58 witherspoon kernel[954]: [    0.000000] CPU: ARMv6-compatible processor [410fb767] revision 7 (ARMv7), cr=00c5387d
Jul 29 02:45:58 witherspoon kernel[954]: [    0.000000] CPU: PIPT / VIPT nonaliasing data cache, VIPT nonaliasing instruction cache
Jul 29 02:45:58 witherspoon kernel[954]: [    0.000000] OF: fdt:Machine model: Witherspoon BMC
Jul 29 02:45:58 witherspoon kernel[954]: [    0.000000] Memory policy: Data cache writeback
Jul 29 02:45:58 witherspoon kernel[954]: [    0.000000] SOC Rev: 04030303
Jul 29 02:45:58 witherspoon kernel[954]: [    0.000000] On node 0 totalpages: 110592
Jul 29 02:45:58 witherspoon kernel[954]: [    0.000000] free_area_init_node: node 0, pgdat 805ff5e4, node_mem_map 9ec1a000
Jul 29 02:45:58 witherspoon kernel[954]: [    0.000000]   Normal zone: 992 pages used for memmap
Jul 29 02:45:58 witherspoon kernel[954]: [    0.000000]   Normal zone: 0 pages reserved
Jul 29 02:45:59 witherspoon systemd[1]: Started Phosphor Console Muxer listening on device /dev/ttyVUART0.
Jul 29 02:45:58 witherspoon kernel[954]: [    0.000000]   Normal zone: 110592 pages, LIFO batch:31
Jul 29 02:45:59 witherspoon systemd[1]: Reached target Containers.
Jul 29 02:45:58 witherspoon kernel[954]: [    0.000000] pcpu-alloc: s0 r0 d32768 u32768 alloc=1*32768
Jul 29 02:45:59 witherspoon systemd[1]: Started Phosphor sysfs LED controller.
Jul 29 02:45:58 witherspoon kernel[954]: [    0.000000] pcpu-alloc: [0] 0
Jul 29 02:45:59 witherspoon systemd[1]: Started Phosphor MBOX Daemon.
Jul 29 02:45:58 witherspoon kernel[954]: [    0.000000] Built 1 zonelists in Zone order, mobility grouping on.  Total pages: 109600
Jul 29 02:45:59 witherspoon systemd[1]: Starting Phosphor IPMI BT DBus Bridge...
Jul 29 02:45:58 witherspoon kernel[954]: [    0.000000] Kernel command line: console=ttyS4,115200n8 root=/dev/ram rw
Jul 29 02:45:59 witherspoon systemd[1]: Started Phosphor sysfs LED controller.
Jul 29 02:45:58 witherspoon kernel[954]: [    0.000000] PID hash table entries: 2048 (order: 1, 8192 bytes)
Jul 29 02:45:59 witherspoon systemd[1]: Starting Phosphor Dump Manager...
Jul 29 02:45:58 witherspoon kernel[954]: [    0.000000] Dentry cache hash table entries: 65536 (order: 6, 262144 bytes)
Jul 29 02:45:59 witherspoon systemd[1]: Started Phosphor sysfs LED controller.
Jul 29 02:45:58 witherspoon kernel[954]: [    0.000000] Inode-cache hash table entries: 32768 (order: 5, 131072 bytes)
Jul 29 02:45:59 witherspoon systemd[1]: Started Phosphor sysfs LED controller.
Jul 29 02:45:58 witherspoon kernel[954]: [    0.000000] Memory: 430436K/442368K available (4065K kernel code, 280K rwdata, 1192K rodata, 284K init, 111K bss, 11932K reserved, 0K cma-reserved)
Jul 29 02:45:59 witherspoon systemd[1]: Started Phosphor sysfs LED controller.
Jul 29 02:45:58 witherspoon kernel[954]: [    0.000000] Virtual kernel memory layout:
Jul 29 02:45:59 witherspoon systemd[1]: Starting OpenPower Software Update Manager...
Jul 29 02:45:58 witherspoon kernel[954]: [    0.000000]     vector  : 0xffff0000 - 0xffff1000   (   4 kB)
Jul 29 02:46:00 witherspoon systemd[1]: Started Phosphor sysfs LED controller.
Jul 29 02:45:59 witherspoon kernel[954]: [    0.000000]     fixmap  : 0xffc00000 - 0xfff00000   (3072 kB)
Jul 29 02:46:00 witherspoon systemd[1]: Started Phosphor sysfs LED controller.
Jul 29 02:45:59 witherspoon kernel[954]: [    0.000000]     vmalloc : 0x9f800000 - 0xff800000   (1536 MB)
Jul 29 02:46:00 witherspoon systemd[1]: Started Phosphor sysfs LED controller.
Jul 29 02:45:59 witherspoon kernel[954]: [    0.000000]     lowmem  : 0x80000000 - 0x9f000000   ( 496 MB)
Jul 29 02:46:00 witherspoon systemd[1]: Starting Phosphor DBus Service Discovery Manager...
Jul 29 02:45:59 witherspoon kernel[954]: [    0.000000]       .text : 0x80008000 - 0x804007a0   (4066 kB)
Jul 29 02:46:00 witherspoon systemd[1]: Starting Clear one time boot overrides...
Jul 29 02:45:59 witherspoon kernel[954]: [    0.000000]       .init : 0x80585000 - 0x805cc000   ( 284 kB)
Jul 29 02:46:00 witherspoon systemd[1]: Starting Phosphor Log Manager...
Jul 29 02:45:59 witherspoon kernel[954]: [    0.000000]       .data : 0x805cc000 - 0x80612358   ( 281 kB)
Jul 29 02:46:00 witherspoon systemd[1]: Starting OpenBMC Software Update Manager...
Jul 29 02:45:59 witherspoon kernel[954]: [    0.000000]        .bss : 0x80612358 - 0x8062e1f8   ( 112 kB)
Jul 29 02:46:00 witherspoon systemd[1]: Starting Phosphor LED Group Management Daemon...
Jul 29 02:45:59 witherspoon kernel[954]: [    0.000000] NR_IRQS:16 nr_irqs:16 16
Jul 29 02:46:00 witherspoon systemd[1]: Starting Phosphor Sensor Manager...
Jul 29 02:45:59 witherspoon kernel[954]: [    0.000000] i2c controller registered, irq 16
Jul 29 02:46:00 witherspoon systemd[1]: Started D-Bus System Message Bus.
Jul 29 02:45:59 witherspoon kernel[954]: [    0.000000] clocksource: moxart_timer: mask: 0xffffffff max_cycles: 0xffffffff, max_idle_ns: 77222644334 ns
Jul 29 02:45:59 witherspoon kernel[954]: [    0.000000] sched_clock: 32 bits at 100 Hz, resolution 10000000ns, wraps every 21474836475000000ns
Jul 29 02:45:59 witherspoon kernel[954]: [    0.090000] Calibrating delay loop... 789.70 BogoMIPS (lpj=3948544)
Jul 29 02:45:59 witherspoon kernel[954]: [    0.090000] pid_max: default: 32768 minimum: 301
Jul 29 02:45:59 witherspoon kernel[954]: [    0.090000] Mount-cache hash table entries: 1024 (order: 0, 4096 bytes)
Jul 29 02:45:59 witherspoon kernel[954]: [    0.090000] Mountpoint-cache hash table entries: 1024 (order: 0, 4096 bytes)
Jul 29 02:45:59 witherspoon kernel[954]: [    0.090000] CPU: Testing write buffer coherency: ok
Jul 29 02:45:59 witherspoon kernel[954]: [    0.090000] ftrace: allocating 14932 entries in 44 pages
Jul 29 02:45:59 witherspoon kernel[954]: [    0.120000] Setting up static identity map for 0x80008200 - 0x8000825c
Jul 29 02:45:59 witherspoon kernel[954]: [    0.120000] devtmpfs: initialized
Jul 29 02:45:59 witherspoon kernel[954]: [    0.140000] clocksource: jiffies: mask: 0xffffffff max_cycles: 0xffffffff, max_idle_ns: 19112604462750000 ns
Jul 29 02:45:59 witherspoon kernel[954]: [    0.140000] futex hash table entries: 256 (order: -1, 3072 bytes)
Jul 29 02:45:59 witherspoon kernel[954]: [    0.140000] pinctrl core: initialized pinctrl subsystem
Jul 29 02:45:59 witherspoon kernel[954]: [    0.140000] NET: Registered protocol family 16
Jul 29 02:45:59 witherspoon kernel[954]: [    0.140000] DMA: preallocated 256 KiB pool for atomic coherent allocations
Jul 29 02:45:59 witherspoon kernel[954]: [    0.210000] usbcore: registered new interface driver usbfs
Jul 29 02:45:59 witherspoon kernel[954]: [    0.210000] usbcore: registered new interface driver hub
Jul 29 02:45:59 witherspoon kernel[954]: [    0.210000] usbcore: registered new device driver usb
Jul 29 02:45:59 witherspoon kernel[954]: [    0.210000] clocksource: Switched to clocksource moxart_timer
Jul 29 02:45:59 witherspoon kernel[954]: [    0.220000] NET: Registered protocol family 2
Jul 29 02:45:59 witherspoon kernel[954]: [    0.220000] TCP established hash table entries: 4096 (order: 2, 16384 bytes)
Jul 29 02:45:59 witherspoon kernel[954]: [    0.220000] TCP bind hash table entries: 4096 (order: 2, 16384 bytes)
Jul 29 02:45:59 witherspoon kernel[954]: [    0.220000] TCP: Hash tables configured (established 4096 bind 4096)
Jul 29 02:45:59 witherspoon kernel[954]: [    0.220000] UDP hash table entries: 256 (order: 0, 4096 bytes)
Jul 29 02:45:59 witherspoon kernel[954]: [    0.220000] UDP-Lite hash table entries: 256 (order: 0, 4096 bytes)
Jul 29 02:45:59 witherspoon kernel[954]: [    0.220000] NET: Registered protocol family 1
Jul 29 02:45:59 witherspoon kernel[954]: [    0.220000] Trying to unpack rootfs image as initramfs...
Jul 29 02:45:59 witherspoon kernel[954]: [    1.900000] Freeing initrd memory: 1548K
Jul 29 02:45:59 witherspoon kernel[954]: [    1.900000] workingset: timestamp_bits=30 max_order=17 bucket_order=0
Jul 29 02:45:59 witherspoon kernel[954]: [    1.900000] squashfs: version 4.0 (2009/01/31) Phillip Lougher
Jul 29 02:45:59 witherspoon kernel[954]: [    1.900000] jffs2: version 2.2. (SUMMARY)  © 2001-2006 Red Hat, Inc.
Jul 29 02:45:59 witherspoon kernel[954]: [    1.900000] Block layer SCSI generic (bsg) driver version 0.4 loaded (major 250)
Jul 29 02:45:59 witherspoon kernel[954]: [    1.900000] io scheduler noop registered
Jul 29 02:45:59 witherspoon kernel[954]: [    1.900000] io scheduler deadline registered
Jul 29 02:45:59 witherspoon kernel[954]: [    1.900000] io scheduler cfq registered (default)
Jul 29 02:45:59 witherspoon kernel[954]: [    2.050000] ipmi-bt-host 1e789140.ibt: Found bt bmc device
Jul 29 02:45:59 witherspoon kernel[954]: [    2.050000] ipmi-bt-host 1e789140.ibt: Using IRQ 22
Jul 29 02:45:59 witherspoon kernel[954]: [    2.050000] Serial: 8250/16550 driver, 6 ports, IRQ sharing enabled
Jul 29 02:45:59 witherspoon kernel[954]: [    2.050000] 1e783000.serial: ttyS0 at MMIO 0x1e783000 (irq = 23, base_baud = 1500000) is a 16550A
Jul 29 02:45:59 witherspoon kernel[954]: [    2.050000] 1e78d000.serial: ttyS1 at MMIO 0x1e78d000 (irq = 24, base_baud = 1500000) is a 16550A
Jul 29 02:45:59 witherspoon kernel[954]: [    2.050000] 1e784000.serial: ttyS4 at MMIO 0x1e784000 (irq = 25, base_baud = 1500000) is a 16550A
Jul 29 02:45:59 witherspoon kernel[954]: [    2.400000] console [ttyS4] enabled
Jul 29 02:45:59 witherspoon kernel[954]: [    2.400000] 1e787000.vuart: ttyS2 at MMIO 0x1e787000 (irq = 22, base_baud = 1500000) is a 16550A
Jul 29 02:45:59 witherspoon kernel[954]: [    2.590000] timeriomem_rng 1e6e2078.hwrng: 32bits from 0xf00e2078 @ 1us
Jul 29 02:45:59 witherspoon kernel[954]: [    2.600000] random: fast init done
Jul 29 02:45:59 witherspoon kernel[954]: [    2.640000] brd: module loaded
Jul 29 02:45:59 witherspoon kernel[954]: [    2.670000] loop: module loaded
Jul 29 02:45:59 witherspoon kernel[954]: [    2.670000] aspeed-lpc-ctrl 1e789080.lpc-ctrl: Loaded at 0x98000000 (0x04000000)
Jul 29 02:45:59 witherspoon kernel[954]: [    2.680000] aspeed-smc 1e620000.flash-controller: Using IRQ 18
Jul 29 02:45:59 witherspoon kernel[954]: [    2.680000] aspeed-smc 1e620000.flash-controller: DMA support disabled.
Jul 29 02:45:59 witherspoon kernel[954]: [    2.700000] aspeed-smc 1e620000.flash-controller: mx25l25635e (32768 Kbytes)
Jul 29 02:45:59 witherspoon kernel[954]: [    2.700000] aspeed-smc 1e620000.flash-controller: CE0 window [ 0x20000000 - 0x22000000 ] 32MB
Jul 29 02:45:59 witherspoon kernel[954]: [    2.700000] aspeed-smc 1e620000.flash-controller: CE1 window [ 0x22000000 - 0x2a000000 ] 128MB
Jul 29 02:45:59 witherspoon kernel[954]: [    2.720000] 5 ofpart partitions found on MTD device bmc
Jul 29 02:45:59 witherspoon kernel[954]: [    2.720000] Creating 5 MTD partitions on "bmc":
Jul 29 02:45:59 witherspoon kernel[954]: [    2.720000] 0x000000000000-0x000000060000 : "u-boot"
Jul 29 02:45:59 witherspoon kernel[954]: [    2.720000] 0x000000060000-0x000000080000 : "u-boot-env"
Jul 29 02:45:59 witherspoon kernel[954]: [    2.750000] random: crng init done
Jul 29 02:45:59 witherspoon kernel[954]: [    2.760000] 0x000000080000-0x0000004c0000 : "kernel"
Jul 29 02:45:59 witherspoon kernel[954]: [    2.770000] 0x0000004c0000-0x000001c00000 : "rofs"
Jul 29 02:45:59 witherspoon kernel[954]: [    2.780000] 0x000001c00000-0x000002000000 : "rwfs"
Jul 29 02:45:59 witherspoon kernel[954]: [    2.790000] aspeed-smc 1e620000.flash-controller: mx25l25635e (32768 Kbytes)
Jul 29 02:45:59 witherspoon kernel[954]: [    2.800000] aspeed-smc 1e620000.flash-controller: CE1 window [ 0x22000000 - 0x24000000 ] 32MB
Jul 29 02:45:59 witherspoon kernel[954]: [    2.800000] aspeed-smc 1e620000.flash-controller: CE2 window [ 0x24000000 - 0x2c000000 ] 128MB
Jul 29 02:45:59 witherspoon kernel[954]: [    2.810000] aspeed-smc 1e630000.flash-controller: mx66l1g45g (131072 Kbytes)
Jul 29 02:45:59 witherspoon kernel[954]: [    2.810000] aspeed-smc 1e630000.flash-controller: CE0 window resized to 120MB (AST2500 HW quirk)
Jul 29 02:45:59 witherspoon kernel[954]: [    2.840000] aspeed-smc 1e630000.flash-controller: CE0 window [ 0x30000000 - 0x37800000 ] 120MB
Jul 29 02:45:59 witherspoon kernel[954]: [    2.840000] aspeed-smc 1e630000.flash-controller: CE0 window too small for chip 128MB
Jul 29 02:45:59 witherspoon kernel[954]: [    2.840000] aspeed-smc 1e630000.flash-controller: CE1 window [ 0x37800000 - 0x38000000 ] 8MB
Jul 29 02:45:59 witherspoon kernel[954]: [    3.560000] libphy: Fixed MDIO Bus: probed
Jul 29 02:45:59 witherspoon kernel[954]: [    3.560000] ftgmac100 1e660000.ethernet: Read MAC address 70:e2:84:14:28:a9 from chip
Jul 29 02:45:59 witherspoon kernel[954]: [    3.650000] ftgmac100 1e660000.ethernet: Using NCSI interface
Jul 29 02:45:59 witherspoon kernel[954]: [    3.650000] ftgmac100 1e660000.ethernet eth0: irq 20, mapped at f0060000
Jul 29 02:45:59 witherspoon kernel[954]: [    3.650000] ehci_hcd: USB 2.0 'Enhanced' Host Controller (EHCI) Driver
Jul 29 02:45:59 witherspoon kernel[954]: [    3.650000] ehci-platform: EHCI generic platform driver
Jul 29 02:45:59 witherspoon kernel[954]: [    3.830000]  fsi0: can't read slave 00:00 -5
Jul 29 02:45:59 witherspoon kernel[954]: [    3.830000] i2c /dev entries driver
Jul 29 02:45:59 witherspoon kernel[954]: [    3.830000] aspeed-i2c-bus 1e78a0c0.i2c-bus: i2c bus 2 registered, irq 26
Jul 29 02:45:59 witherspoon kernel[954]: [    3.830000] aspeed-i2c-bus 1e78a100.i2c-bus: i2c bus 3 registered, irq 27
Jul 29 02:45:59 witherspoon kernel[954]: [    3.830000] aspeed-i2c-bus 1e78a140.i2c-bus: i2c bus 4 registered, irq 28
Jul 29 02:45:59 witherspoon kernel[954]: [    3.830000] aspeed-i2c-bus 1e78a180.i2c-bus: i2c bus 5 registered, irq 29
Jul 29 02:45:59 witherspoon kernel[954]: [    3.830000] aspeed-i2c-bus 1e78a380.i2c-bus: i2c bus 9 registered, irq 30
Jul 29 02:45:59 witherspoon kernel[954]: [    3.830000] aspeed-i2c-bus 1e78a3c0.i2c-bus: i2c bus 10 registered, irq 31
Jul 29 02:45:59 witherspoon kernel[954]: [    3.830000] rtc-rv8803 11-0032: Voltage low, temperature compensation stopped.
Jul 29 02:45:59 witherspoon kernel[954]: [    3.930000] rtc-rv8803 11-0032: rtc core: registered rx8900 as rtc0
Jul 29 02:45:59 witherspoon kernel[954]: [    3.940000] at24 11-0051: 8192 byte 24c64 EEPROM, writable, 1 bytes/write
Jul 29 02:45:59 witherspoon kernel[954]: [    3.940000] aspeed-i2c-bus 1e78a400.i2c-bus: i2c bus 11 registered, irq 32
Jul 29 02:45:59 witherspoon kernel[954]: [    3.940000] aspeed-i2c-bus 1e78a440.i2c-bus: i2c bus 12 registered, irq 33
Jul 29 02:45:59 witherspoon kernel[954]: [    3.940000] aspeed-i2c-bus 1e78a480.i2c-bus: i2c bus 13 registered, irq 34
Jul 29 02:45:59 witherspoon kernel[954]: [    3.940000] Driver for 1-wire Dallas network protocol.
Jul 29 02:45:59 witherspoon kernel[954]: [    3.940000] lm75 9-004a: hwmon0: sensor 'tmp275'
Jul 29 02:45:59 witherspoon kernel[954]: [    4.380000] max31785 3-0052: Fan 1 is configured but not installed
Jul 29 02:45:59 witherspoon kernel[954]: [    4.390000] max31785 3-0052: Fan 2 is configured but not installed
Jul 29 02:45:59 witherspoon kernel[954]: [    4.400000] max31785 3-0052: Fan 3 is configured but not installed
Jul 29 02:45:59 witherspoon kernel[954]: [    4.750000] ucd9000 11-0064: Device ID UCD90160|2.3.4.0000|110603
Jul 29 02:45:59 witherspoon kernel[954]: [    5.070000] leds-pca955x 3-0060: leds-pca955x: Using pca9552 16-bit LED driver at slave address 0x60
Jul 29 02:45:59 witherspoon kernel[954]: [    5.100000] leds-pca955x 11-0060: leds-pca955x: Using pca9552 16-bit LED driver at slave address 0x60
Jul 29 02:45:59 witherspoon kernel[954]: [    5.110000] leds-pca955x 11-0060: gpios 264...279
Jul 29 02:45:59 witherspoon kernel[954]: [    5.110000] usbcore: registered new interface driver usbhid
Jul 29 02:45:59 witherspoon kernel[954]: [    5.120000] usbhid: USB HID core driver
Jul 29 02:45:59 witherspoon kernel[954]: [    5.150000] dps310 3-0076: iio:device1: sensor 'dps310'
Jul 29 02:45:59 witherspoon kernel[954]: [    5.150000] NET: Registered protocol family 10
Jul 29 02:45:59 witherspoon kernel[954]: [    5.160000] Segment Routing with IPv6
Jul 29 02:45:59 witherspoon kernel[954]: [    5.160000] NET: Registered protocol family 17
Jul 29 02:45:59 witherspoon kernel[954]: [    5.160000] 8021q: 802.1Q VLAN Support v1.8
Jul 29 02:45:59 witherspoon kernel[954]: [    5.180000] console [netcon0] enabled
Jul 29 02:45:59 witherspoon kernel[954]: [    5.180000] netconsole: network logging started
Jul 29 02:45:59 witherspoon kernel[954]: [    5.180000] input: gpio-keys as /devices/platform/gpio-keys/input/input0
Jul 29 02:45:59 witherspoon kernel[954]: [    5.200000] rtc-rv8803 11-0032: setting system clock to 2017-07-29 02:45:29 UTC (1501296329)
Jul 29 02:45:59 witherspoon kernel[954]: [    5.210000] Freeing unused kernel memory: 284K
Jul 29 02:45:59 witherspoon kernel[954]: [    5.210000] This architecture does not have kernel memory protection.
Jul 29 02:45:59 witherspoon kernel[954]: [    6.760000] jffs2: notice: (525) jffs2_build_xattr_subsystem: complete building xattr subsystem, 0 of xdatum (0 unchecked, 0 orphan) and 0 of xref (0 dead, 0 orphan) found.
Jul 29 02:45:59 witherspoon kernel[954]: [    9.000000] systemd[1]: Failed to insert module 'autofs4': No such file or directory
Jul 29 02:45:59 witherspoon kernel[954]: [    9.000000] systemd[1]: systemd 232 running in system mode. (+PAM -AUDIT -SELINUX -IMA -APPARMOR -SMACK +SYSVINIT -UTMP -LIBCRYPTSETUP -GCRYPT -GNUTLS +ACL +XZ -LZ4 -SECCOMP +BLKID -ELFUTILS +KMOD -IDN)
Jul 29 02:45:59 witherspoon kernel[954]: [    9.000000] systemd[1]: Detected architecture arm.
Jul 29 02:45:59 witherspoon kernel[954]: [    9.230000] systemd[1]: Set hostname to <witherspoon>.
Jul 29 02:45:59 witherspoon kernel[954]: [   10.810000] systemd[1]: Listening on Network Service Netlink Socket.
Jul 29 02:45:59 witherspoon kernel[954]: [   10.960000] systemd[1]: Listening on Journal Socket.
Jul 29 02:45:59 witherspoon kernel[954]: [   11.120000] systemd[1]: Reached target Remote File Systems.
Jul 29 02:45:59 witherspoon kernel[954]: [   11.280000] systemd[1]: Listening on Syslog Socket.
Jul 29 02:45:59 witherspoon kernel[954]: [   11.450000] systemd[1]: Listening on udev Control Socket.
Jul 29 02:45:59 witherspoon kernel[954]: [   11.630000] systemd[1]: Reached target Swap.
Jul 29 02:45:59 witherspoon kernel[954]: [   11.810000] systemd[1]: Listening on udev Kernel Socket.
Jul 29 02:45:59 witherspoon kernel[954]: [   14.010000] systemd[1]: Created slice system-phosphor\x2dcooling\x2dtype.slice.
Jul 29 02:45:59 witherspoon kernel[954]: [   14.270000] systemd[1]: Created slice system-phosphor\x2dreset\x2dhost\x2drunning.slice.
Jul 29 02:45:59 witherspoon kernel[954]: [   14.530000] systemd[1]: Created slice system-op\x2dreset\x2dchassis\x2drunning.slice.
Jul 29 02:45:59 witherspoon kernel[954]: [   14.800000] systemd[1]: Created slice system-op\x2dreset\x2dchassis\x2don.slice.
Jul 29 02:45:59 witherspoon kernel[954]: [   15.080000] systemd[1]: Created slice system-org.openbmc.control.Bmc.slice.
Jul 29 02:45:59 witherspoon kernel[954]: [   15.360000] systemd[1]: Created slice system-phosphor\x2dreset\x2dhost\x2dcheck.slice.
Jul 29 02:45:59 witherspoon kernel[954]: [   15.650000] systemd[1]: dev-hugepages.mount: Couldn't determine result for ConditionVirtualization=!private-users, assuming failed: No such file or directory
Jul 29 02:45:59 witherspoon kernel[954]: [   15.650000] systemd[1]: Created slice system-serial\x2dgetty.slice.
Jul 29 02:45:59 witherspoon kernel[954]: [   15.950000] systemd[1]: Starting Journal Service...
Jul 29 02:45:59 witherspoon kernel[954]: [   16.250000] systemd[1]: Mounting Temporary Directory...
Jul 29 02:45:59 witherspoon kernel[954]: [   19.280000] systemd[1]: Created slice system-org.openbmc.buttons.reset.slice.
Jul 29 02:45:59 witherspoon kernel[954]: [   19.650000] systemd[1]: Mounting Debug File System...
Jul 29 02:45:59 witherspoon kernel[954]: [   20.030000] systemd[1]: Mounted Temporary Directory.
Jul 29 02:45:59 witherspoon kernel[954]: [   20.410000] systemd[1]: Mounted Debug File System.
Jul 29 02:45:59 witherspoon kernel[954]: [   20.800000] systemd[1]: Started Journal Service.
Jul 29 02:45:59 witherspoon kernel[954]: [   23.280000] systemd-journald[543]: Received request to flush runtime journal from PID 1
Jul 29 02:46:04 witherspoon systemd[1]: Started Phosphor IPMI BT DBus Bridge.
Jul 29 02:46:04 witherspoon systemd[1]: Starting Network Service...
Jul 29 02:46:05 witherspoon systemd[1]: Starting Phosphor BMC0 Control...
Jul 29 02:46:05 witherspoon systemd[1]: Starting Phosphor User Manager...
Jul 29 02:46:05 witherspoon systemd[1]: Starting Phosphor Settings Daemon...
Jul 29 02:46:05 witherspoon systemd[1]: Starting Avahi mDNS/DNS-SD Stack...
Jul 29 02:46:05 witherspoon systemd[1]: Starting Phosphor Inventory Manager...
Jul 29 02:46:05 witherspoon systemd[1]: Starting Phosphor Download Manager...
Jul 29 02:46:05 witherspoon systemd[1]: Starting Phosphor Inventory Manager...
Jul 29 02:46:05 witherspoon systemd[1]: Starting Phosphor Download Manager...
Jul 29 02:46:05 witherspoon systemd[1]: Started Clear one time boot overrides.
Jul 29 02:46:06 witherspoon systemd[1]: Started Phosphor Log Manager.
Jul 29 02:46:06 witherspoon openpower-update-manager[964]: Error PNOR current version is empty
Jul 29 02:46:06 witherspoon systemd[1]: Started OpenPower Software Update Manager.
Jul 29 02:46:06 witherspoon systemd[1]: Started OpenBMC Software Update Manager.
Jul 29 02:46:06 witherspoon systemd[1]: Starting Phosphor Version Software Manager...
Jul 29 02:46:06 witherspoon systemd-networkd[977]: Could not create runtime directory: File exists
Jul 29 02:46:06 witherspoon systemd-networkd[977]: Could not create runtime directory 'links': File exists
Jul 29 02:46:06 witherspoon systemd-networkd[977]: Could not create runtime directory 'leases': File exists
Jul 29 02:46:07 witherspoon avahi-daemon[981]: Found user 'avahi' (UID 998) and group 'avahi' (GID 999).
Jul 29 02:46:07 witherspoon avahi-daemon[981]: Successfully dropped root privileges.
Jul 29 02:46:07 witherspoon avahi-daemon[981]: avahi-daemon 0.6.32 starting up.
Jul 29 02:46:07 witherspoon systemd[1]: Started Phosphor LED Group Management Daemon.
Jul 29 02:46:07 witherspoon systemd[1]: Started Phosphor Inventory Manager.
Jul 29 02:46:07 witherspoon systemd[1]: Started Phosphor Settings Daemon.
Jul 29 02:46:07 witherspoon systemd[1]: Started Phosphor Dump Manager.
Jul 29 02:46:07 witherspoon systemd[1]: Started Phosphor Download Manager.
Jul 29 02:46:08 witherspoon systemd[1]: Started Avahi mDNS/DNS-SD Stack.
Jul 29 02:46:08 witherspoon avahi-daemon[981]: Successfully called chroot().
Jul 29 02:46:08 witherspoon avahi-daemon[981]: Successfully dropped remaining capabilities.
Jul 29 02:46:08 witherspoon avahi-daemon[981]: Loading service file /services/obmc_console.service.
Jul 29 02:46:08 witherspoon avahi-daemon[981]: Loading service file /services/phosphor_rest.service.
Jul 29 02:46:08 witherspoon avahi-daemon[981]: Loading service file /services/sftp-ssh.service.
Jul 29 02:46:08 witherspoon avahi-daemon[981]: Loading service file /services/sftp.service.
Jul 29 02:46:08 witherspoon avahi-daemon[981]: Loading service file /services/ssh.service.
Jul 29 02:46:08 witherspoon avahi-daemon[981]: Network interface enumeration completed.
Jul 29 02:46:09 witherspoon systemd-networkd[977]: Enumeration completed
Jul 29 02:46:08 witherspoon avahi-daemon[981]: Server startup complete. Host name is witherspoon.local. Local service cookie is 1249952974.
Jul 29 02:46:09 witherspoon systemd[1]: Started Network Service.
Jul 29 02:46:08 witherspoon avahi-daemon[981]: Service "witherspoon" (/services/ssh.service) successfully established.
Jul 29 02:46:09 witherspoon systemd[1]: Started Phosphor Version Software Manager.
Jul 29 02:46:08 witherspoon avahi-daemon[981]: Service "sftp" (/services/sftp.service) successfully established.
Jul 29 02:46:09 witherspoon systemd[1]: Reached target Network.
Jul 29 02:46:08 witherspoon avahi-daemon[981]: Service "witherspoon" (/services/sftp-ssh.service) successfully established.
Jul 29 02:46:09 witherspoon systemd-networkd[977]: eth0: IPv6 enabled for interface: Success
Jul 29 02:46:08 witherspoon avahi-daemon[981]: Service "phosphor_rest" (/services/phosphor_rest.service) successfully established.
Jul 29 02:46:09 witherspoon systemd[1]: Starting Permit User Sessions...
Jul 29 02:46:08 witherspoon avahi-daemon[981]: Service "obmc_console" (/services/obmc_console.service) successfully established.
Jul 29 02:46:09 witherspoon systemd[1]: Started Lightweight SLP Server.
Jul 29 02:46:09 witherspoon avahi-daemon[981]: Joining mDNS multicast group on interface eth0.IPv4 with address 9.3.21.61.
Jul 29 02:46:09 witherspoon systemd-networkd[977]: eth0: Gained carrier
Jul 29 02:46:09 witherspoon avahi-daemon[981]: New relevant interface eth0.IPv4 for mDNS.
Jul 29 02:46:09 witherspoon systemd-timesyncd[905]: Network configuration changed, trying to establish connection.
Jul 29 02:46:09 witherspoon avahi-daemon[981]: Registering new address record for 9.3.21.61 on eth0.IPv4.
Jul 29 02:46:09 witherspoon systemd[1]: Started Phosphor BMC0 Control.
Jul 29 02:46:09 witherspoon systemd[1]: Started Permit User Sessions.
Jul 29 02:46:09 witherspoon systemd[1]: Started Serial Getty on ttyS4.
Jul 29 02:46:09 witherspoon systemd[1]: Reached target Login Prompts.
Jul 29 02:46:09 witherspoon systemd[1]: Reached target Multi-User System.
Jul 29 02:46:11 witherspoon avahi-daemon[981]: Joining mDNS multicast group on interface eth0.IPv6 with address fe80::72e2:84ff:fe14:28a9.
Jul 29 02:46:11 witherspoon systemd-networkd[977]: eth0: Gained IPv6LL
Jul 29 02:46:11 witherspoon avahi-daemon[981]: New relevant interface eth0.IPv6 for mDNS.
Jul 29 02:46:11 witherspoon avahi-daemon[981]: Registering new address record for fe80::72e2:84ff:fe14:28a9 on eth0.*.
Jul 29 02:46:12 witherspoon kernel: ftgmac100 1e660000.ethernet eth0: NCSI interface up
Jul 29 02:46:12 witherspoon kernel[954]: [   48.490000] ftgmac100 1e660000.ethernet eth0: NCSI interface up
Jul 29 02:46:20 witherspoon systemd[1]: Created slice system-dropbear.slice.
Jul 29 02:46:20 witherspoon systemd[1]: Started SSH Per-Connection Server (9.41.165.94:59066).
Jul 29 02:46:21 witherspoon dropbear[1001]: Failed loading /etc/dropbear/dropbear_dss_host_key
Jul 29 02:46:21 witherspoon dropbear[1001]: Failed loading /etc/dropbear/dropbear_ecdsa_host_key
Jul 29 02:46:21 witherspoon dropbear[1001]: Child connection from ::ffff:9.41.165.94:59066
Jul 29 02:46:23 witherspoon sensor_manager2.py[975]: Setting boot count to 3
Jul 29 02:46:23 witherspoon download_manager.py[985]: Running Download Manager
Jul 29 02:46:23 witherspoon systemd[1]: Started Phosphor Download Manager.
Jul 29 02:46:23 witherspoon sensor_manager2.py[975]: Starting sensor manager
Jul 29 02:46:23 witherspoon systemd[1]: Started Phosphor Sensor Manager.
Jul 29 02:46:23 witherspoon chassis_control.py[949]: Running ChassisControlService
Jul 29 02:46:23 witherspoon systemd[1]: Started Phosphor Chassis0 Control.
Jul 29 02:46:23 witherspoon systemd-networkd[977]: eth0: Configured
Jul 29 02:46:23 witherspoon systemd-timesyncd[905]: Network configuration changed, trying to establish connection.
Jul 29 02:46:25 witherspoon dropbear[1001]: PAM password auth succeeded for 'root' from ::ffff:9.41.165.94:59066
Jul 29 02:46:25 witherspoon dropbear[1002]: lastlog_perform_login: Couldn't stat /var/log/lastlog: No such file or directory
Jul 29 02:46:25 witherspoon dropbear[1002]: lastlog_openseek: /var/log/lastlog is not a file or directory!
Jul 29 02:46:25 witherspoon inventory_items.py[982]: Loading from cache: /var/cache/obmc/org.openbmc.inventory.system.chassis.motherboard.apss@org.openbmc.InventoryItem.props
Jul 29 02:46:25 witherspoon inventory_items.py[982]: Loading from cache: /var/cache/obmc/org.openbmc.inventory.system.chassis.motherboard@org.openbmc.InventoryItem.props
Jul 29 02:46:25 witherspoon inventory_items.py[982]: Loading from cache: /var/cache/obmc/org.openbmc.inventory.system.chassis.motherboard.refclock@org.openbmc.InventoryItem.props
Jul 29 02:46:25 witherspoon inventory_items.py[982]: Loading from cache: /var/cache/obmc/org.openbmc.inventory.system.chassis.motherboard.todclock@org.openbmc.InventoryItem.props
Jul 29 02:46:25 witherspoon inventory_items.py[982]: Loading from cache: /var/cache/obmc/org.openbmc.inventory.system.chassis.motherboard.bmc@org.openbmc.InventoryItem.props
Jul 29 02:46:25 witherspoon inventory_items.py[982]: Caching: /org/openbmc/inventory/system/chassis/motherboard/bmc
Jul 29 02:46:26 witherspoon phosphor-mapper[968]: ObjectMapper startup complete.  Discovery in progress...
Jul 29 02:46:26 witherspoon avahi-daemon[989]: ../../avahi-0.6.32/avahi-daemon/chroot.c: open() failed: No such file or directory
Jul 29 02:46:26 witherspoon avahi-daemon[981]: Failed to open /usr/share/dbus-1/interfaces/org.freedesktop.Avahi.Server.xml: Invalid argument
Jul 29 02:46:26 witherspoon avahi-daemon[981]: Failed to load introspection data.
Jul 29 02:46:27 witherspoon systemd[1]: Started Phosphor Inventory Manager.
Jul 29 02:46:28 witherspoon netman.py[953]: Started
Jul 29 02:46:28 witherspoon inventory_items.py[982]: Loading from cache: /var/cache/obmc/org.openbmc.inventory.system.chassis.motherboard.pcieclock@org.openbmc.InventoryItem.props
Jul 29 02:46:28 witherspoon inventory_items.py[982]: Running Inventory Manager
Jul 29 02:46:28 witherspoon systemd[1]: Started Phosphor Network Manager.
Jul 29 02:46:28 witherspoon systemd[1]: Started Phosphor User Manager.
Jul 29 02:46:28 witherspoon obmc-phosphor-userd[979]: Started
Jul 29 02:46:36 witherspoon phosphor-mapper[968]: ObjectMapper discovery complete
Jul 29 02:46:36 witherspoon systemd[1]: Started Phosphor DBus Service Discovery Manager.
Jul 29 02:46:36 witherspoon systemd[1]: Started Phosphor Hwmon Poller.
Jul 29 02:46:36 witherspoon systemd[1]: Started Phosphor Hwmon Poller.
Jul 29 02:46:37 witherspoon systemd[1]: Started Phosphor Hwmon Poller.
Jul 29 02:46:37 witherspoon systemd[1]: Started Phosphor Hwmon Poller.
Jul 29 02:46:37 witherspoon systemd[1]: Started Phosphor Hwmon Poller.
Jul 29 02:46:37 witherspoon systemd[1]: Started Phosphor Hwmon Poller.
Jul 29 02:46:37 witherspoon systemd[1]: Reached target Phosphor Object Mapper.
Jul 29 02:46:37 witherspoon systemd[1]: Starting Wait for /xyz/openbmc_project/state/chassis0...
Jul 29 02:46:37 witherspoon systemd[1]: Starting Wait for /xyz/openbmc_project/inventory...
Jul 29 02:46:37 witherspoon systemd[1]: Starting Wait for /xyz/openbmc_project/state/host0...
Jul 29 02:46:37 witherspoon systemd[1]: Reached target Webserver (pre).
Jul 29 02:46:37 witherspoon systemd[1]: Started Phosphor Webserver.
Jul 29 02:46:37 witherspoon systemd[1]: Starting Wait for /org/openbmc/control/bmc0...
Jul 29 02:46:37 witherspoon systemd[1]: Starting Phosphor Settings Manager...
Jul 29 02:46:37 witherspoon systemd[1]: Starting Wait for /org/openbmc/control/power0...
Jul 29 02:46:37 witherspoon systemd[1]: Starting Wait for /org/openbmc/control/flash/bios...
Jul 29 02:46:37 witherspoon systemd[1]: Starting Wait for /org/openbmc/NetworkManager/Interface...
Jul 29 02:46:37 witherspoon systemd[1]: Starting Wait for /xyz/openbmc_project/led/groups/bmc_booted...
Jul 29 02:46:37 witherspoon systemd[1]: Started Phosphor DBus Monitor.
Jul 29 02:46:37 witherspoon systemd[1]: Starting Wait for /xyz/openbmc_project/led/groups...
Jul 29 02:46:37 witherspoon systemd[1]: Starting Wait for /xyz/openbmc_project/control/host0...
Jul 29 02:46:37 witherspoon systemd[1]: Starting Phosphor Network Manager...
Jul 29 02:46:37 witherspoon systemd[1]: Starting Wait for /org/openbmc/managers/Download...
Jul 29 02:46:37 witherspoon systemd[1]: Starting Wait for /org/openbmc/managers/System...
Jul 29 02:46:37 witherspoon systemd[1]: Starting Phoshpor System Manager...
Jul 29 02:46:41 witherspoon systemd[1]: Started Wait for /org/openbmc/control/bmc0.
Jul 29 02:46:41 witherspoon systemd[1]: Started Wait for /xyz/openbmc_project/inventory.
Jul 29 02:46:41 witherspoon systemd[1]: Started Phosphor Cooling Type.
Jul 29 02:46:41 witherspoon systemd[1]: Starting Read OpenPOWER-format VPD from EEPROM...
Jul 29 02:46:41 witherspoon systemd[1]: Starting OpenPOWER OCC controller...
Jul 29 02:46:41 witherspoon systemd[1]: Started Wait for /org/openbmc/managers/Download.
Jul 29 02:46:42 witherspoon phosphor-network-manager[1027]: ConfigParser: Section not found
Jul 29 02:46:42 witherspoon phosphor-network-manager[1027]: The operation failed internally.
Jul 29 02:46:43 witherspoon systemd[1]: Starting Phosphor BMC Code Update...
Jul 29 02:46:43 witherspoon systemd[1]: Starting Phosphor BIOS Code Update...
Jul 29 02:46:45 witherspoon systemd[1]: Started Wait for /xyz/openbmc_project/led/groups.
Jul 29 02:46:45 witherspoon systemd[1]: Started FRU Fault monitor service.
Jul 29 02:46:45 witherspoon systemd[1]: Started Wait for /xyz/openbmc_project/led/groups/bmc_booted.
Jul 29 02:46:45 witherspoon systemd[1]: Starting Assert bmc_booted LED...
Jul 29 02:46:45 witherspoon systemd[1]: Started Wait for /org/openbmc/NetworkManager/Interface.
Jul 29 02:46:45 witherspoon systemd[1]: Started Phosphor BIOS Code Update.
Jul 29 02:46:45 witherspoon systemd[1]: Started Phosphor DNS Settings Cache Manager.
Jul 29 02:46:49 witherspoon systemd[1]: Started Assert bmc_booted LED.
Jul 29 02:46:50 witherspoon systemd[1]: Started Wait for /org/openbmc/control/flash/bios.
Jul 29 02:46:50 witherspoon systemd[1]: Started Initialize BIOS Flash.
Jul 29 02:46:52 witherspoon phosphor-network-manager[1027]: ConfigParser: Section not found
Jul 29 02:46:52 witherspoon phosphor-network-manager[1027]: The operation failed internally.
Jul 29 02:46:52 witherspoon phosphor-network-manager[1027]: ConfigParser: Key not found
Jul 29 02:46:52 witherspoon phosphor-network-manager[1027]: The operation failed internally.
Jul 29 02:46:54 witherspoon systemd[1]: Started OpenPOWER OCC controller.
Jul 29 02:46:54 witherspoon phosphor-log-manager[971]: Failed to find metadata
Jul 29 02:46:54 witherspoon phosphor-fru-fault-monitor[1042]: /xyz/openbmc_project/logging/entry/1
Jul 29 02:46:54 witherspoon flash_bios.exe[1039]: Starting flasher: bios,,/org/openbmc/control/flash/bios,
Jul 29 02:46:54 witherspoon flash_bios.exe[1039]: flasher: , BMC = 1, address = 0x0
Jul 29 02:46:54 witherspoon flash_bios.exe[1039]: Setting up flash
Jul 29 02:46:55 witherspoon flash_bios.exe[1039]: Starting flasher: bios,,/org/openbmc/control/flash/bios,
Jul 29 02:46:55 witherspoon flash_bios.exe[1039]: flasher: , BMC = 1, address = 0x0
Jul 29 02:46:55 witherspoon flash_bios.exe[1039]: Setting up flash
Jul 29 02:46:55 witherspoon systemd[1]: Started Read OpenPOWER-format VPD from EEPROM.
Jul 29 02:46:55 witherspoon system_manager.py[1030]: Running System State: BASE_APPS
Jul 29 02:46:56 witherspoon settings_manager.py[1019]: Running HostSettingsService
Jul 29 02:46:56 witherspoon systemd[1]: Started Phosphor Settings Manager.
Jul 29 02:46:56 witherspoon systemd[1]: Starting Wait for /org/openbmc/settings/host0...
Jul 29 02:46:56 witherspoon dbus[976]: [system] Activating via systemd: service name='org.freedesktop.hostname1' unit='dbus-org.freedesktop.hostname1.service'
Jul 29 02:46:56 witherspoon bmc_update.py[1038]: Running Bmc Flash Control
Jul 29 02:46:56 witherspoon system_manager.py[1030]: SystemManager Init Done
Jul 29 02:46:56 witherspoon system_manager.py[1030]: Running SystemManager
Jul 29 02:46:56 witherspoon systemd[1]: Starting Hostname Service...
Jul 29 02:46:56 witherspoon systemd[1]: Started Phosphor BMC Code Update.
Jul 29 02:46:56 witherspoon systemd[1]: Started Phoshpor System Manager.
Jul 29 02:46:56 witherspoon dbus[976]: [system] Successfully activated service 'org.freedesktop.hostname1'
Jul 29 02:46:56 witherspoon systemd[1]: Started Hostname Service.
Jul 29 02:46:57 witherspoon systemd[1]: Started Phosphor Network Manager.
Jul 29 02:46:57 witherspoon system_manager.py[1030]: SystemManager Goto System State: BMC_STARTING
Jul 29 02:46:57 witherspoon system_manager.py[1030]: Running System State: BMC_STARTING
Jul 29 02:47:01 witherspoon systemd[1]: Started Wait for /org/openbmc/settings/host0.
Jul 29 02:47:01 witherspoon systemd[1]: Started Phosphor Inband IPMI.
Jul 29 02:47:01 witherspoon systemd[1]: Started Wait for /org/openbmc/managers/System.
Jul 29 02:47:02 witherspoon systemd[1]: Starting Phosphor Host State Manager...
Jul 29 02:47:02 witherspoon systemd[1]: Starting Phosphor Power0 Control...
Jul 29 02:47:02 witherspoon systemd[1]: Starting Phosphor BMC State Manager...
Jul 29 02:47:02 witherspoon systemd[1]: Starting Phosphor Chassis State Manager...
Jul 29 02:47:02 witherspoon systemd[1]: Starting Phosphor Reset Button0...
Jul 29 02:47:02 witherspoon systemd[1]: Starting Phosphor Power Button0...
Jul 29 02:47:02 witherspoon phosphor-chassis-state-manager[1073]: Initial Chassis State will be Off
Jul 29 02:47:03 witherspoon systemd[1]: Started Phosphor Chassis State Manager.
Jul 29 02:47:03 witherspoon phosphor-bmc-state-manager[1072]: Setting the BMCState field
Jul 29 02:47:03 witherspoon phosphor-bmc-state-manager[1072]: Setting the BMCState field
Jul 29 02:47:03 witherspoon systemd[1]: Started Phosphor BMC State Manager.
Jul 29 02:47:04 witherspoon button_reset.exe[1074]: GPIO Lookup:  RESET_BUTTON = 353,both
Jul 29 02:47:04 witherspoon button_power.exe[1075]: GPIO Lookup:  POWER_BUTTON = 347,both
Jul 29 02:47:04 witherspoon systemd[1]: Started Phosphor Reset Button0.
Jul 29 02:47:04 witherspoon systemd[1]: Started Phosphor Power Button0.
Jul 29 02:47:04 witherspoon phosphor-host-state-manager[1070]: Initial Host State will be Off
Jul 29 02:47:05 witherspoon system_manager.py[1030]: New object: /org/openbmc/control/power0 (:1.77)
Jul 29 02:47:05 witherspoon system_manager.py[1030]: Power GPIO config: ['SYS_PWROK_BUFF', '', [('SOFTWARE_PGOOD', True), ('BMC_POWER_UP', True)], [('BMC_CP0_RESET_N', False)], [], 'FSI_DATA', 'FSI_CLK', 'FSI_ENABLE', 'CRONUS_SEL', []]
Jul 29 02:47:05 witherspoon power_control.exe[1071]: Power GPIO latch output:
Jul 29 02:47:05 witherspoon power_control.exe[1071]: Power GPIO power good input: SYS_PWROK_BUFF
Jul 29 02:47:05 witherspoon power_control.exe[1071]: Power GPIO 2 power_up outputs
Jul 29 02:47:05 witherspoon power_control.exe[1071]: Power GPIO power_up[0] = SOFTWARE_PGOOD active HIGH
Jul 29 02:47:05 witherspoon power_control.exe[1071]: Power GPIO power_up[1] = BMC_POWER_UP active HIGH
Jul 29 02:47:05 witherspoon power_control.exe[1071]: Power GPIO 1 reset outputs
Jul 29 02:47:05 witherspoon power_control.exe[1071]: Power GPIO reset[0] = BMC_CP0_RESET_N active LOW
Jul 29 02:47:05 witherspoon power_control.exe[1071]: Power GPIO 0 pci reset outputs
Jul 29 02:47:05 witherspoon power_control.exe[1071]: FSI DATA GPIO: FSI_DATA
Jul 29 02:47:05 witherspoon power_control.exe[1071]: FSI CLK GPIO: FSI_CLK
Jul 29 02:47:05 witherspoon power_control.exe[1071]: FSI ENABLE GPIO: FSI_ENABLE
Jul 29 02:47:05 witherspoon power_control.exe[1071]: CRONUS SEL GPIO: CRONUS_SEL
Jul 29 02:47:05 witherspoon power_control.exe[1071]: Hostctl GPIO optionals: 0
Jul 29 02:47:05 witherspoon power_control.exe[1071]: GPIO Lookup:  SYS_PWROK_BUFF = 306,in
Jul 29 02:47:05 witherspoon power_control.exe[1071]: GPIO Lookup:  SOFTWARE_PGOOD = 417,out
Jul 29 02:47:05 witherspoon power_control.exe[1071]: GPIO Lookup:  BMC_POWER_UP = 305,out
Jul 29 02:47:05 witherspoon power_control.exe[1071]: GPIO Lookup:  BMC_CP0_RESET_N = 281,out
Jul 29 02:47:05 witherspoon power_control.exe[1071]: Pgood state: 0
Jul 29 02:47:05 witherspoon systemd[1]: Started Phosphor Power0 Control.
Jul 29 02:47:06 witherspoon systemd[1]: Started Phosphor Host State Manager.
Jul 29 02:47:09 witherspoon systemd[1]: Started Wait for /xyz/openbmc_project/state/chassis0.
Jul 29 02:47:09 witherspoon systemd[1]: Started Wait for /xyz/openbmc_project/control/host0.
Jul 29 02:47:10 witherspoon system_manager.py[1030]: SystemManager Goto System State: BMC_READY
Jul 29 02:47:10 witherspoon system_manager.py[1030]: Running System State: BMC_READY
Jul 29 02:47:10 witherspoon systemd[1]: Started Wait for /org/openbmc/control/power0.
Jul 29 02:47:10 witherspoon systemd[1]: Starting Phosphor Time Manager daemon...
Jul 29 02:47:10 witherspoon systemd[1]: Starting Check Chassis0 pgood and create a file to indicate it...
Jul 29 02:47:10 witherspoon systemd[1]: Started Wait for /xyz/openbmc_project/state/host0.
Jul 29 02:47:10 witherspoon systemd[1]: Starting Reboot If Enabled...
Jul 29 02:47:11 witherspoon phosphor-discover-system-state[1109]: Host power is off, checking power policy
Jul 29 02:47:11 witherspoon systemd[1]: Started Reboot If Enabled.
Jul 29 02:47:11 witherspoon timemanager[1099]: Registering dbus methods
Jul 29 02:47:11 witherspoon timemanager[1099]: Last known time_mode: MANUAL
Jul 29 02:47:11 witherspoon timemanager[1099]: Last known time_owner: BMC
Jul 29 02:47:11 witherspoon timemanager[1099]: Empty DhcpNtp string
Jul 29 02:47:11 witherspoon timemanager[1099]: Reading Power Control key: pgood
Jul 29 02:47:11 witherspoon systemd[1]: Started Check Chassis0 pgood and create a file to indicate it.
Jul 29 02:47:11 witherspoon systemd[1]: Reached target Chassis0 power on after reset.
Jul 29 02:47:11 witherspoon systemd[1]: Reached target Chassis0 (Reset Check).
Jul 29 02:47:11 witherspoon systemd[1]: Reached target Host0 running after reset.
Jul 29 02:47:11 witherspoon systemd[1]: Reached target Host0 (Reset Check).
Jul 29 02:47:12 witherspoon timemanager[1099]: Changing settings *allowed* now
Jul 29 02:47:12 witherspoon timemanager[1099]: Getting System Settings: time_mode
Jul 29 02:47:12 witherspoon timemanager[1099]: Requested_Mode: MANUAL Current_Mode: MANUAL
Jul 29 02:47:12 witherspoon timemanager[1099]: Mode is already set to : MANUAL
Jul 29 02:47:12 witherspoon timemanager[1099]: Getting System Settings: time_owner
Jul 29 02:47:12 witherspoon timemanager[1099]: Owner is already set to : BMC
Jul 29 02:47:12 witherspoon timemanager[1099]: Getting System Settings: use_dhcp_ntp
Jul 29 02:47:12 witherspoon timemanager[1099]: use_dhcp_ntp = yes
Jul 29 02:47:12 witherspoon timemanager[1099]: Last known host_offset:0
Jul 29 02:47:12 witherspoon timemanager[1099]: Initial Uptime Usec: 1501296324294214
Jul 29 02:47:12 witherspoon systemd[1]: Started Phosphor Time Manager daemon.
Jul 29 02:47:12 witherspoon systemd[1]: Reached target Phosphor System - Standby.
Jul 29 02:47:12 witherspoon systemd[1]: Startup finished in 8.749s (kernel) + 1min 39.379s (userspace) = 1min 48.129s.
Jul 29 02:47:12 witherspoon phosphor-bmc-state-manager[1072]: BMC_READY
Jul 29 02:47:12 witherspoon phosphor-bmc-state-manager[1072]: Setting the BMCState field
Jul 29 02:47:19 witherspoon phosphor-gevent[1017]: Traceback (most recent call last):
Jul 29 02:47:19 witherspoon phosphor-gevent[1017]:   File "/usr/lib/python2.7/site-packages/gevent/greenlet.py", line 327, in run
Jul 29 02:47:19 witherspoon phosphor-gevent[1017]:     result = self._run(*self.args, **self.kwargs)
Jul 29 02:47:19 witherspoon phosphor-gevent[1017]:   File "/usr/lib/python2.7/site-packages/gevent/server.py", line 102, in wrap_socket_and_handle
Jul 29 02:47:19 witherspoon phosphor-gevent[1017]:     ssl_socket = self.wrap_socket(client_socket, **self.ssl_args)
Jul 29 02:47:19 witherspoon phosphor-gevent[1017]:   File "/usr/lib/python2.7/site-packages/gevent/ssl.py", line 404, in wrap_socket
Jul 29 02:47:19 witherspoon phosphor-gevent[1017]:     ciphers=ciphers)
Jul 29 02:47:19 witherspoon phosphor-gevent[1017]:   File "/usr/lib/python2.7/site-packages/gevent/ssl.py", line 113, in __init__
Jul 29 02:47:19 witherspoon phosphor-gevent[1017]:     self.do_handshake()
Jul 29 02:47:19 witherspoon phosphor-gevent[1017]:   File "/usr/lib/python2.7/site-packages/gevent/ssl.py", line 324, in do_handshake
Jul 29 02:47:19 witherspoon phosphor-gevent[1017]:     return self._sslobj.do_handshake()
Jul 29 02:47:19 witherspoon phosphor-gevent[1017]: SSLEOFError: EOF occurred in violation of protocol (_ssl.c:590)
Jul 29 02:47:19 witherspoon phosphor-gevent[1017]: <Greenlet at 0x75fd93f0: <bound method WSGIServer.wrap_socket_and_handle of <WSGIServer at 0x75fafb50 fileno=5 address=('::3432:ec76:b00d:6276%1986137504', 443, 0, 1986137504)>>(<socket at 0x75e86830 fileno=9>, ('::8019:6076:8e91:f402%1995119388', 60088, 0, 199)> failed with SSLEOFError
Jul 29 02:47:19 witherspoon phosphor-gevent[1017]: Traceback (most recent call last):
Jul 29 02:47:20 witherspoon phosphor-gevent[1017]:   File "/usr/lib/python2.7/site-packages/gevent/greenlet.py", line 327, in run
Jul 29 02:47:20 witherspoon phosphor-gevent[1017]:     result = self._run(*self.args, **self.kwargs)
Jul 29 02:47:20 witherspoon phosphor-gevent[1017]:   File "/usr/lib/python2.7/site-packages/gevent/server.py", line 102, in wrap_socket_and_handle
Jul 29 02:47:20 witherspoon phosphor-gevent[1017]:     ssl_socket = self.wrap_socket(client_socket, **self.ssl_args)
Jul 29 02:47:20 witherspoon phosphor-gevent[1017]:   File "/usr/lib/python2.7/site-packages/gevent/ssl.py", line 404, in wrap_socket
Jul 29 02:47:20 witherspoon phosphor-gevent[1017]:     ciphers=ciphers)
Jul 29 02:47:20 witherspoon phosphor-gevent[1017]:   File "/usr/lib/python2.7/site-packages/gevent/ssl.py", line 113, in __init__
Jul 29 02:47:20 witherspoon phosphor-gevent[1017]:     self.do_handshake()
Jul 29 02:47:20 witherspoon phosphor-gevent[1017]:   File "/usr/lib/python2.7/site-packages/gevent/ssl.py", line 324, in do_handshake
Jul 29 02:47:20 witherspoon phosphor-gevent[1017]:     return self._sslobj.do_handshake()
Jul 29 02:47:20 witherspoon phosphor-gevent[1017]: SSLEOFError: EOF occurred in violation of protocol (_ssl.c:590)
Jul 29 02:47:20 witherspoon phosphor-gevent[1017]: <Greenlet at 0x75fd96c0: <bound method WSGIServer.wrap_socket_and_handle of <WSGIServer at 0x75fafb50 fileno=5 address=('::3432:ec76:b00d:6276%1986137504', 443, 0, 1986137504)>>(<socket at 0x75e867d0 fileno=10>, ('::8019:6076:8e91:f402%1995119388', 60092, 0, 199)> failed with SSLEOFError
Jul 29 02:47:20 witherspoon phosphor-gevent[1017]: Traceback (most recent call last):
Jul 29 02:47:20 witherspoon phosphor-gevent[1017]:   File "/usr/lib/python2.7/site-packages/gevent/greenlet.py", line 327, in run
Jul 29 02:47:20 witherspoon phosphor-gevent[1017]:     result = self._run(*self.args, **self.kwargs)
Jul 29 02:47:20 witherspoon phosphor-gevent[1017]:   File "/usr/lib/python2.7/site-packages/gevent/server.py", line 102, in wrap_socket_and_handle
Jul 29 02:47:20 witherspoon phosphor-gevent[1017]:     ssl_socket = self.wrap_socket(client_socket, **self.ssl_args)
Jul 29 02:47:20 witherspoon phosphor-gevent[1017]:   File "/usr/lib/python2.7/site-packages/gevent/ssl.py", line 404, in wrap_socket
Jul 29 02:47:20 witherspoon phosphor-gevent[1017]:     ciphers=ciphers)
Jul 29 02:47:20 witherspoon phosphor-gevent[1017]:   File "/usr/lib/python2.7/site-packages/gevent/ssl.py", line 113, in __init__
Jul 29 02:47:20 witherspoon phosphor-gevent[1017]:     self.do_handshake()
Jul 29 02:47:20 witherspoon phosphor-gevent[1017]:   File "/usr/lib/python2.7/site-packages/gevent/ssl.py", line 324, in do_handshake
Jul 29 02:47:20 witherspoon phosphor-gevent[1017]:     return self._sslobj.do_handshake()
Jul 29 02:47:20 witherspoon phosphor-gevent[1017]: SSLEOFError: EOF occurred in violation of protocol (_ssl.c:590)
Jul 29 02:47:20 witherspoon phosphor-gevent[1017]: <Greenlet at 0x75fd93a0: <bound method WSGIServer.wrap_socket_and_handle of <WSGIServer at 0x75fafb50 fileno=5 address=('::3432:ec76:b00d:6276%1986137504', 443, 0, 1986137504)>>(<socket at 0x75e86870 fileno=11>, ('::8019:6076:8e91:f402%1995119388', 60094, 0, 199)> failed with SSLEOFError
Jul 29 02:47:37 witherspoon phosphor-gevent[1017]: ::8019:6076:8e91:f402%1995119388 - - [2017-07-29 02:47:37] "POST /login HTTP/1.1" 200 320 0.046388
Jul 29 02:47:38 witherspoon phosphor-gevent[1017]: ::8019:6076:8e91:f402%1995119388 - - [2017-07-29 02:47:38] "GET /xyz/openbmc_project/state/chassis0//attr/CurrentPowerState HTTP/1.1" 200 216 0.059346
Jul 29 02:47:38 witherspoon phosphor-gevent[1017]: ::8019:6076:8e91:f402%1995119388 - - [2017-07-29 02:47:38] "POST /login HTTP/1.1" 200 320 0.035083
Jul 29 02:47:38 witherspoon phosphor-gevent[1017]: ::8019:6076:8e91:f402%1995119388 - - [2017-07-29 02:47:38] "GET /xyz/openbmc_project/state/chassis0//attr/CurrentPowerState HTTP/1.1" 200 216 0.055566
Jul 29 02:47:38 witherspoon phosphor-gevent[1017]: ::8019:6076:8e91:f402%1995119388 - - [2017-07-29 02:47:38] "POST /login HTTP/1.1" 200 320 0.032471
Jul 29 02:47:38 witherspoon phosphor-gevent[1017]: ::8019:6076:8e91:f402%1995119388 - - [2017-07-29 02:47:38] "GET /org/openbmc/sensors/host/BootProgress/attr/value HTTP/1.1" 200 170 0.061016
Jul 29 02:47:38 witherspoon phosphor-gevent[1017]: ::8019:6076:8e91:f402%1995119388 - - [2017-07-29 02:47:38] "POST /login HTTP/1.1" 200 320 0.053254
Jul 29 02:47:38 witherspoon phosphor-gevent[1017]: ::8019:6076:8e91:f402%1995119388 - - [2017-07-29 02:47:38] "GET /xyz/openbmc_project/state/host0//attr/CurrentHostState HTTP/1.1" 200 212 0.068605
Jul 29 02:47:39 witherspoon phosphor-gevent[1017]: ::8019:6076:8e91:f402%1995119388 - - [2017-07-29 02:47:39] "POST /login HTTP/1.1" 200 320 0.032780
Jul 29 02:47:39 witherspoon phosphor-gevent[1017]: ::8019:6076:8e91:f402%1995119388 - - [2017-07-29 02:47:39] "GET /xyz/openbmc_project/logging/entry//list HTTP/1.1" 200 214 0.046464
Jul 29 02:47:39 witherspoon phosphor-gevent[1017]: ::8019:6076:8e91:f402%1995119388 - - [2017-07-29 02:47:39] "POST /login HTTP/1.1" 200 320 0.043075
Jul 29 02:47:39 witherspoon phosphor-gevent[1017]: ::8019:6076:8e91:f402%1995119388 - - [2017-07-29 02:47:39] "GET /xyz/openbmc_project/logging/entry//list HTTP/1.1" 200 214 0.038059
Jul 29 02:47:39 witherspoon phosphor-gevent[1017]: ::8019:6076:8e91:f402%1995119388 - - [2017-07-29 02:47:39] "POST /login HTTP/1.1" 200 320 0.032497
Jul 29 02:47:39 witherspoon phosphor-gevent[1017]: ::8019:6076:8e91:f402%1995119388 - - [2017-07-29 02:47:39] "DELETE /xyz/openbmc_project/logging/entry/1 HTTP/1.1" 200 169 0.075445
Jul 29 02:47:39 witherspoon systemd[1]: Started SSH Per-Connection Server (9.41.165.94:59090).
Jul 29 02:47:39 witherspoon dropbear[1119]: Failed loading /etc/dropbear/dropbear_dss_host_key
Jul 29 02:47:39 witherspoon dropbear[1119]: Failed loading /etc/dropbear/dropbear_ecdsa_host_key
Jul 29 02:47:39 witherspoon dropbear[1119]: Child connection from ::ffff:9.41.165.94:59090
Jul 29 02:47:40 witherspoon dropbear[1119]: PAM password auth succeeded for 'root' from ::ffff:9.41.165.94:59090
Jul 29 02:47:40 witherspoon dropbear[1120]: lastlog_perform_login: Couldn't stat /var/log/lastlog: No such file or directory
Jul 29 02:47:40 witherspoon dropbear[1120]: lastlog_openseek: /var/log/lastlog is not a file or directory!
Jul 29 02:47:41 witherspoon phosphor-gevent[1017]: ::8019:6076:8e91:f402%1995119388 - - [2017-07-29 02:47:41] "POST /login HTTP/1.1" 200 320 0.040888
Jul 29 02:47:41 witherspoon phosphor-gevent[1017]: ::8019:6076:8e91:f402%1995119388 - - [2017-07-29 02:47:41] "GET /xyz/openbmc_project/state/host0//attr/CurrentHostState HTTP/1.1" 200 212 0.048734
Jul 29 02:47:42 witherspoon dropbear[1001]: Exit (root): Exited normally
Jul 29 02:47:42 witherspoon dropbear[1119]: Exit (root): Exited normally
Jul 29 02:47:44 witherspoon systemd[1]: Started SSH Per-Connection Server (9.41.165.94:59094).
Jul 29 02:47:44 witherspoon dropbear[1131]: Failed loading /etc/dropbear/dropbear_dss_host_key
Jul 29 02:47:45 witherspoon dropbear[1131]: Failed loading /etc/dropbear/dropbear_ecdsa_host_key
Jul 29 02:47:45 witherspoon dropbear[1131]: Child connection from ::ffff:9.41.165.94:59094
Jul 29 02:47:45 witherspoon dropbear[1131]: PAM password auth succeeded for 'root' from ::ffff:9.41.165.94:59094
Jul 29 02:47:45 witherspoon dropbear[1132]: lastlog_perform_login: Couldn't stat /var/log/lastlog: No such file or directory
Jul 29 02:47:45 witherspoon dropbear[1132]: lastlog_openseek: /var/log/lastlog is not a file or directory!
Jul 29 02:47:46 witherspoon phosphor-gevent[1017]: ::8019:6076:8e91:f402%1995119388 - - [2017-07-29 02:47:46] "POST /login HTTP/1.1" 200 320 0.032523
Jul 29 02:47:46 witherspoon phosphor-gevent[1017]: ::8019:6076:8e91:f402%1995119388 - - [2017-07-29 02:47:46] "PUT /org/openbmc/settings/host0/attr/power_policy HTTP/1.1" 200 169 0.174954
Jul 29 02:47:46 witherspoon phosphor-gevent[1017]: ::8019:6076:8e91:f402%1995119388 - - [2017-07-29 02:47:46] "POST /login HTTP/1.1" 200 320 0.057999
Jul 29 02:47:46 witherspoon phosphor-gevent[1017]: ::8019:6076:8e91:f402%1995119388 - - [2017-07-29 02:47:46] "GET /org/openbmc/settings/host0/attr/power_policy HTTP/1.1" 200 185 0.098419
Jul 29 02:47:47 witherspoon phosphor-gevent[1017]: ::8019:6076:8e91:f402%1995119388 - - [2017-07-29 02:47:47] "POST /login HTTP/1.1" 200 320 0.032347
Jul 29 02:47:47 witherspoon phosphor-gevent[1017]: ::8019:6076:8e91:f402%1995119388 - - [2017-07-29 02:47:47] "GET /xyz/openbmc_project/state/chassis0//attr/CurrentPowerState HTTP/1.1" 200 216 0.057648
Jul 29 02:47:47 witherspoon phosphor-gevent[1017]: ::8019:6076:8e91:f402%1995119388 - - [2017-07-29 02:47:47] "POST /login HTTP/1.1" 200 320 0.032799
Jul 29 02:47:47 witherspoon phosphor-gevent[1017]: ::8019:6076:8e91:f402%1995119388 - - [2017-07-29 02:47:47] "GET /xyz/openbmc_project/state/bmc0//attr/CurrentBMCState HTTP/1.1" 200 212 0.050652
Jul 29 02:47:47 witherspoon phosphor-gevent[1017]: ::8019:6076:8e91:f402%1995119388 - - [2017-07-29 02:47:47] "POST /login HTTP/1.1" 200 320 0.032584
Jul 29 02:47:47 witherspoon phosphor-gevent[1017]: ::8019:6076:8e91:f402%1995119388 - - [2017-07-29 02:47:47] "GET /org/openbmc/sensors/host/BootProgress/attr/value HTTP/1.1" 200 170 0.053808
Jul 29 02:47:47 witherspoon phosphor-gevent[1017]: ::8019:6076:8e91:f402%1995119388 - - [2017-07-29 02:47:47] "POST /login HTTP/1.1" 200 320 0.071331
Jul 29 02:47:47 witherspoon phosphor-gevent[1017]: ::8019:6076:8e91:f402%1995119388 - - [2017-07-29 02:47:47] "GET /xyz/openbmc_project/state/host0//attr/CurrentHostState HTTP/1.1" 200 212 0.069851
Jul 29 02:47:48 witherspoon phosphor-gevent[1017]: ::8019:6076:8e91:f402%1995119388 - - [2017-07-29 02:47:48] "POST /login HTTP/1.1" 200 320 0.044744
Jul 29 02:47:48 witherspoon phosphor-gevent[1017]: ::8019:6076:8e91:f402%1995119388 - - [2017-07-29 02:47:48] "GET /xyz/openbmc_project/logging/entry//list HTTP/1.1" 404 311 0.029481
Jul 29 02:47:48 witherspoon systemd[1]: Started SSH Per-Connection Server (9.41.165.94:59110).
Jul 29 02:47:48 witherspoon dropbear[1138]: Failed loading /etc/dropbear/dropbear_dss_host_key
Jul 29 02:47:48 witherspoon dropbear[1138]: Failed loading /etc/dropbear/dropbear_ecdsa_host_key
Jul 29 02:47:48 witherspoon dropbear[1138]: Child connection from ::ffff:9.41.165.94:59110
Jul 29 02:47:48 witherspoon dropbear[1138]: PAM password auth succeeded for 'root' from ::ffff:9.41.165.94:59110
Jul 29 02:48:17 witherspoon phosphor-gevent[1017]: ::8019:6076:8e91:f402%1995119388 - - [2017-07-29 02:48:17] "POST /login HTTP/1.1" 200 320 0.060839
Jul 29 02:48:18 witherspoon flash_bios.exe[1039]: Starting flasher: bios,/tmp/witherspoon_910_golden.pnor,/org/openbmc/control/flash/bios,
Jul 29 02:48:18 witherspoon flash_bios.exe[1039]: flasher: /tmp/witherspoon_910_golden.pnor, BMC = 1, address = 0x0
Jul 29 02:48:18 witherspoon flash_bios.exe[1039]: Setting up flash
Jul 29 02:48:18 witherspoon phosphor-gevent[1017]: ::8019:6076:8e91:f402%1995119388 - - [2017-07-29 02:48:18] "POST /org/openbmc/control/flash/bios//action/update HTTP/1.1" 200 169 0.363545
Jul 29 02:48:18 witherspoon phosphor-gevent[1017]: ::8019:6076:8e91:f402%1995119388 - - [2017-07-29 02:48:18] "POST /login HTTP/1.1" 200 320 0.032830
Jul 29 02:48:18 witherspoon phosphor-gevent[1017]: ::8019:6076:8e91:f402%1995119388 - - [2017-07-29 02:48:18] "GET /org/openbmc/control/flash/bios HTTP/1.1" 200 397 0.172984
Jul 29 02:48:19 witherspoon phosphor-gevent[1017]: ::8019:6076:8e91:f402%1995119388 - - [2017-07-29 02:48:19] "POST /login HTTP/1.1" 200 320 0.047356
Jul 29 02:48:19 witherspoon phosphor-gevent[1017]: ::8019:6076:8e91:f402%1995119388 - - [2017-07-29 02:48:19] "GET /org/openbmc/control/flash/bios HTTP/1.1" 200 397 0.201410
Jul 29 02:48:30 witherspoon phosphor-gevent[1017]: ::8019:6076:8e91:f402%1995119388 - - [2017-07-29 02:48:30] "POST /login HTTP/1.1" 200 320 0.406935
Jul 29 02:48:30 witherspoon phosphor-gevent[1017]: ::8019:6076:8e91:f402%1995119388 - - [2017-07-29 02:48:30] "GET /org/openbmc/control/flash/bios HTTP/1.1" 200 397 0.111304
Jul 29 02:48:40 witherspoon phosphor-gevent[1017]: ::8019:6076:8e91:f402%1995119388 - - [2017-07-29 02:48:40] "POST /login HTTP/1.1" 200 320 0.032818
Jul 29 02:48:40 witherspoon phosphor-gevent[1017]: ::8019:6076:8e91:f402%1995119388 - - [2017-07-29 02:48:40] "GET /org/openbmc/control/flash/bios HTTP/1.1" 200 397 0.071375
Jul 29 02:48:50 witherspoon phosphor-gevent[1017]: ::8019:6076:8e91:f402%1995119388 - - [2017-07-29 02:48:50] "POST /login HTTP/1.1" 200 320 0.032892
Jul 29 02:48:50 witherspoon phosphor-gevent[1017]: ::8019:6076:8e91:f402%1995119388 - - [2017-07-29 02:48:50] "GET /org/openbmc/control/flash/bios HTTP/1.1" 200 397 0.067978
Jul 29 02:49:00 witherspoon phosphor-gevent[1017]: ::8019:6076:8e91:f402%1995119388 - - [2017-07-29 02:49:00] "POST /login HTTP/1.1" 200 320 0.032720
Jul 29 02:49:01 witherspoon phosphor-gevent[1017]: ::8019:6076:8e91:f402%1995119388 - - [2017-07-29 02:49:01] "GET /org/openbmc/control/flash/bios HTTP/1.1" 200 397 0.067429
Jul 29 02:49:11 witherspoon phosphor-gevent[1017]: ::8019:6076:8e91:f402%1995119388 - - [2017-07-29 02:49:11] "POST /login HTTP/1.1" 200 320 0.032788
Jul 29 02:49:11 witherspoon phosphor-gevent[1017]: ::8019:6076:8e91:f402%1995119388 - - [2017-07-29 02:49:11] "GET /org/openbmc/control/flash/bios HTTP/1.1" 200 397 0.067827
Jul 29 02:49:21 witherspoon phosphor-gevent[1017]: ::8019:6076:8e91:f402%1995119388 - - [2017-07-29 02:49:21] "POST /login HTTP/1.1" 200 320 0.032603
Jul 29 02:49:21 witherspoon phosphor-gevent[1017]: ::8019:6076:8e91:f402%1995119388 - - [2017-07-29 02:49:21] "GET /org/openbmc/control/flash/bios HTTP/1.1" 200 397 0.067741
Jul 29 02:49:31 witherspoon phosphor-gevent[1017]: ::8019:6076:8e91:f402%1995119388 - - [2017-07-29 02:49:31] "POST /login HTTP/1.1" 200 320 0.033466
Jul 29 02:49:31 witherspoon phosphor-gevent[1017]: ::8019:6076:8e91:f402%1995119388 - - [2017-07-29 02:49:31] "GET /org/openbmc/control/flash/bios HTTP/1.1" 200 397 0.073413
Jul 29 02:49:42 witherspoon phosphor-gevent[1017]: ::8019:6076:8e91:f402%1995119388 - - [2017-07-29 02:49:42] "POST /login HTTP/1.1" 200 320 0.032690
Jul 29 02:49:42 witherspoon phosphor-gevent[1017]: ::8019:6076:8e91:f402%1995119388 - - [2017-07-29 02:49:42] "GET /org/openbmc/control/flash/bios HTTP/1.1" 200 397 0.068054
Jul 29 02:49:52 witherspoon phosphor-gevent[1017]: ::8019:6076:8e91:f402%1995119388 - - [2017-07-29 02:49:52] "POST /login HTTP/1.1" 200 320 0.033620
Jul 29 02:49:52 witherspoon phosphor-gevent[1017]: ::8019:6076:8e91:f402%1995119388 - - [2017-07-29 02:49:52] "GET /org/openbmc/control/flash/bios HTTP/1.1" 200 397 0.068604
Jul 29 02:50:03 witherspoon phosphor-gevent[1017]: ::8019:6076:8e91:f402%1995119388 - - [2017-07-29 02:50:03] "POST /login HTTP/1.1" 200 320 0.049049
Jul 29 02:50:03 witherspoon phosphor-gevent[1017]: ::8019:6076:8e91:f402%1995119388 - - [2017-07-29 02:50:03] "GET /org/openbmc/control/flash/bios HTTP/1.1" 200 397 0.082447
Jul 29 02:50:14 witherspoon phosphor-gevent[1017]: ::8019:6076:8e91:f402%1995119388 - - [2017-07-29 02:50:14] "POST /login HTTP/1.1" 200 320 0.032825
Jul 29 02:50:15 witherspoon phosphor-gevent[1017]: ::8019:6076:8e91:f402%1995119388 - - [2017-07-29 02:50:15] "GET /org/openbmc/control/flash/bios HTTP/1.1" 200 397 1.157642
Jul 29 02:50:25 witherspoon phosphor-gevent[1017]: ::8019:6076:8e91:f402%1995119388 - - [2017-07-29 02:50:25] "POST /login HTTP/1.1" 200 320 0.032955
Jul 29 02:50:25 witherspoon phosphor-gevent[1017]: ::8019:6076:8e91:f402%1995119388 - - [2017-07-29 02:50:25] "GET /org/openbmc/control/flash/bios HTTP/1.1" 200 402 0.067665
Jul 29 02:50:35 witherspoon phosphor-gevent[1017]: ::8019:6076:8e91:f402%1995119388 - - [2017-07-29 02:50:35] "POST /login HTTP/1.1" 200 320 0.032980
Jul 29 02:50:35 witherspoon phosphor-gevent[1017]: ::8019:6076:8e91:f402%1995119388 - - [2017-07-29 02:50:35] "GET /org/openbmc/control/flash/bios HTTP/1.1" 200 402 0.068001
Jul 29 02:50:45 witherspoon phosphor-gevent[1017]: ::8019:6076:8e91:f402%1995119388 - - [2017-07-29 02:50:45] "POST /login HTTP/1.1" 200 320 0.045525
Jul 29 02:50:47 witherspoon phosphor-gevent[1017]: ::8019:6076:8e91:f402%1995119388 - - [2017-07-29 02:50:47] "GET /org/openbmc/control/flash/bios HTTP/1.1" 200 402 1.336540
Jul 29 02:50:57 witherspoon phosphor-gevent[1017]: ::8019:6076:8e91:f402%1995119388 - - [2017-07-29 02:50:57] "POST /login HTTP/1.1" 200 320 0.032539
Jul 29 02:50:57 witherspoon phosphor-gevent[1017]: ::8019:6076:8e91:f402%1995119388 - - [2017-07-29 02:50:57] "GET /org/openbmc/control/flash/bios HTTP/1.1" 200 402 0.068506
Jul 29 02:51:07 witherspoon phosphor-gevent[1017]: ::8019:6076:8e91:f402%1995119388 - - [2017-07-29 02:51:07] "POST /login HTTP/1.1" 200 320 0.032807
Jul 29 02:51:07 witherspoon phosphor-gevent[1017]: ::8019:6076:8e91:f402%1995119388 - - [2017-07-29 02:51:07] "GET /org/openbmc/control/flash/bios HTTP/1.1" 200 402 0.069217
Jul 29 02:51:14 witherspoon flash_bios.exe[1039]: Erasing... (may take a while !) done !
Jul 29 02:51:14 witherspoon flash_bios.exe[1039]: About to program "/tmp/witherspoon_910_golden.pnor" at 0x00000000..0x04000000 !
Jul 29 02:51:14 witherspoon flash_bios.exe[1039]: Programming & Verifying...
Jul 29 02:51:14 witherspoon flash_bios.exe[1039]: Flash done
Jul 29 02:51:18 witherspoon phosphor-gevent[1017]: ::8019:6076:8e91:f402%1995119388 - - [2017-07-29 02:51:18] "POST /login HTTP/1.1" 200 320 0.033225
Jul 29 02:51:18 witherspoon phosphor-gevent[1017]: ::8019:6076:8e91:f402%1995119388 - - [2017-07-29 02:51:18] "GET /org/openbmc/control/flash/bios HTTP/1.1" 200 399 0.068426
Jul 29 02:51:18 witherspoon systemd[1]: Started SSH Per-Connection Server (9.41.165.94:59160).
Jul 29 02:51:18 witherspoon dropbear[1144]: Failed loading /etc/dropbear/dropbear_dss_host_key
Jul 29 02:51:18 witherspoon dropbear[1144]: Failed loading /etc/dropbear/dropbear_ecdsa_host_key
Jul 29 02:51:18 witherspoon dropbear[1144]: Child connection from ::ffff:9.41.165.94:59160
Jul 29 02:51:18 witherspoon dropbear[1144]: PAM password auth succeeded for 'root' from ::ffff:9.41.165.94:59160
Jul 29 02:51:18 witherspoon dropbear[1145]: lastlog_perform_login: Couldn't stat /var/log/lastlog: No such file or directory
Jul 29 02:51:18 witherspoon dropbear[1145]: lastlog_openseek: /var/log/lastlog is not a file or directory!
Jul 29 02:51:20 witherspoon phosphor-gevent[1017]: ::8019:6076:8e91:f402%1995119388 - - [2017-07-29 02:51:20] "POST /login HTTP/1.1" 200 320 0.032682
Jul 29 02:51:20 witherspoon phosphor-gevent[1017]: ::8019:6076:8e91:f402%1995119388 - - [2017-07-29 02:51:20] "GET /xyz/openbmc_project/state/host0//attr/CurrentHostState HTTP/1.1" 200 212 0.049961
Jul 29 02:51:20 witherspoon systemd[1]: Created slice system-obmc\x2dconsole\x2dssh.slice.
Jul 29 02:51:20 witherspoon systemd[1]: Started Phosphor Host Console SSH Per-Connection (9.41.165.94:47714).
Jul 29 02:51:20 witherspoon dropbear[1149]: Failed loading /etc/dropbear/dropbear_dss_host_key
Jul 29 02:51:20 witherspoon dropbear[1149]: Failed loading /etc/dropbear/dropbear_ecdsa_host_key
Jul 29 02:51:20 witherspoon dropbear[1149]: Child connection from ::ffff:9.41.165.94:47714
Jul 29 02:51:21 witherspoon phosphor-gevent[1017]: ::8019:6076:8e91:f402%1995119388 - - [2017-07-29 02:51:21] "POST /login HTTP/1.1" 200 320 0.052026
Jul 29 02:51:21 witherspoon phosphor-gevent[1017]: ::8019:6076:8e91:f402%1995119388 - - [2017-07-29 02:51:21] "PUT /org/openbmc/settings/host0/attr/power_policy HTTP/1.1" 200 169 0.266372
Jul 29 02:51:21 witherspoon dropbear[1149]: PAM password auth succeeded for 'root' from ::ffff:9.41.165.94:47714
Jul 29 02:51:21 witherspoon dropbear[1150]: lastlog_perform_login: Couldn't stat /var/log/lastlog: No such file or directory
Jul 29 02:51:21 witherspoon dropbear[1150]: lastlog_openseek: /var/log/lastlog is not a file or directory!
Jul 29 02:51:21 witherspoon phosphor-gevent[1017]: ::8019:6076:8e91:f402%1995119388 - - [2017-07-29 02:51:21] "POST /login HTTP/1.1" 200 320 0.035178
Jul 29 02:51:21 witherspoon phosphor-gevent[1017]: ::8019:6076:8e91:f402%1995119388 - - [2017-07-29 02:51:21] "GET /org/openbmc/settings/host0/attr/power_policy HTTP/1.1" 200 185 0.078668
Jul 29 02:51:22 witherspoon phosphor-gevent[1017]: ::8019:6076:8e91:f402%1995119388 - - [2017-07-29 02:51:22] "POST /login HTTP/1.1" 200 320 0.032761
Jul 29 02:51:22 witherspoon phosphor-gevent[1017]: ::8019:6076:8e91:f402%1995119388 - - [2017-07-29 02:51:22] "GET /xyz/openbmc_project/state/chassis0//attr/CurrentPowerState HTTP/1.1" 200 216 0.072060
Jul 29 02:51:22 witherspoon phosphor-gevent[1017]: ::8019:6076:8e91:f402%1995119388 - - [2017-07-29 02:51:22] "POST /login HTTP/1.1" 200 320 0.033628
Jul 29 02:51:22 witherspoon phosphor-gevent[1017]: ::8019:6076:8e91:f402%1995119388 - - [2017-07-29 02:51:22] "GET /xyz/openbmc_project/state/bmc0//attr/CurrentBMCState HTTP/1.1" 200 212 0.050030
Jul 29 02:51:22 witherspoon phosphor-gevent[1017]: ::8019:6076:8e91:f402%1995119388 - - [2017-07-29 02:51:22] "POST /login HTTP/1.1" 200 320 0.032585
Jul 29 02:51:22 witherspoon phosphor-gevent[1017]: ::8019:6076:8e91:f402%1995119388 - - [2017-07-29 02:51:22] "GET /org/openbmc/sensors/host/BootProgress/attr/value HTTP/1.1" 200 170 0.055384
Jul 29 02:51:22 witherspoon phosphor-gevent[1017]: ::8019:6076:8e91:f402%1995119388 - - [2017-07-29 02:51:22] "POST /login HTTP/1.1" 200 320 0.033492
Jul 29 02:51:23 witherspoon phosphor-gevent[1017]: ::8019:6076:8e91:f402%1995119388 - - [2017-07-29 02:51:23] "GET /xyz/openbmc_project/state/host0//attr/CurrentHostState HTTP/1.1" 200 212 0.090657
Jul 29 02:51:23 witherspoon phosphor-gevent[1017]: ::8019:6076:8e91:f402%1995119388 - - [2017-07-29 02:51:23] "POST /login HTTP/1.1" 200 320 0.033334
Jul 29 02:51:23 witherspoon phosphor-host-state-manager[1070]: Host State transaction request
Jul 29 02:51:23 witherspoon systemd[1]: Created slice system-vcs_on.slice.
Jul 29 02:51:23 witherspoon systemd[1]: Created slice system-fsi\x2dscan.slice.
Jul 29 02:51:23 witherspoon systemd[1]: Created slice system-phosphor\x2dfan\x2dcontrol\x2dinit.slice.
Jul 29 02:51:23 witherspoon systemd[1]: Created slice system-pcie\x2dslot\x2ddetect.slice.
Jul 29 02:51:23 witherspoon systemd[1]: Created slice system-cfam_override.slice.
Jul 29 02:51:23 witherspoon systemd[1]: Created slice system-vrm\x2dcontrol.slice.
Jul 29 02:51:23 witherspoon phosphor-gevent[1017]: ::8019:6076:8e91:f402%1995119388 - - [2017-07-29 02:51:23] "PUT /xyz/openbmc_project/state/host0//attr/RequestedHostTransition HTTP/1.1" 200 169 0.337002
Jul 29 02:51:23 witherspoon systemd[1]: Started Witherspoon Fan Watchdog Daemon.
Jul 29 02:51:23 witherspoon systemd[1]: Created slice system-avsbus\x2dworkaround.slice.
Jul 29 02:51:23 witherspoon systemd[1]: Created slice system-start_host.slice.
Jul 29 02:51:23 witherspoon systemd[1]: Created slice system-mapper\x2dsubtree\x2dremove.slice.
Jul 29 02:51:23 witherspoon systemd[1]: Starting mapper subtree-remove /xyz/openbmc_project/software:xyz.openbmc_project.Software.ActivationBlocksTransition...
Jul 29 02:51:23 witherspoon systemd[1]: Created slice system-ucd_disable_vcs.slice.
Jul 29 02:51:23 witherspoon systemd[1]: Starting Witherspoon Fan Watchdog Reset...
Jul 29 02:51:23 witherspoon systemd[1]: Created slice system-obmc\x2denable\x2dhost\x2dwatchdog.slice.
Jul 29 02:51:23 witherspoon systemd[1]: Created slice system-phosphor\x2dgpio\x2dmonitor.slice.
Jul 29 02:51:23 witherspoon systemd[1]: Created slice system-phosphor\x2dwatchdog.slice.
Jul 29 02:51:23 witherspoon systemd[1]: Created slice system-fsi\x2dbind.slice.
Jul 29 02:51:23 witherspoon systemd[1]: Created slice system-avsbus\x2ddisable.slice.
Jul 29 02:51:23 witherspoon systemd[1]: Started Phosphor poweron watchdog.
Jul 29 02:51:23 witherspoon systemd[1]: Starting Disable UCD VCS rails...
Jul 29 02:51:23 witherspoon systemd[1]: Created slice system-ir35221\x2don\x2dunbind.slice.
Jul 29 02:51:25 witherspoon phosphor-gevent[1017]: ::8019:6076:8e91:f402%1995119388 - - [2017-07-29 02:51:25] "POST /login HTTP/1.1" 200 320 0.032827
Jul 29 02:51:23 witherspoon systemd[1]: Created slice system-op\x2dpower\x2dstart.slice.
Jul 29 02:51:23 witherspoon systemd[1]: Created slice system-avsbus\x2denable.slice.
Jul 29 02:51:23 witherspoon systemd[1]: Starting power on mode unbind ir35221 device driver devs...
Jul 29 02:51:24 witherspoon systemd[1]: Created slice system-mboxd\x2dreload.slice.
Jul 29 02:51:24 witherspoon systemd[1]: Created slice system-vcs_off.slice.
Jul 29 02:51:24 witherspoon systemd[1]: Starting Reload mboxd during power on...
Jul 29 02:51:24 witherspoon systemd[1]: Created slice system-phosphor\x2dfan\x2dpresence\x2dtach.slice.
Jul 29 02:51:24 witherspoon systemd[1]: Created slice system-op\x2dwait\x2dpower\x2don.slice.
Jul 29 02:51:24 witherspoon systemd[1]: Reached target Powerwitherspoon-fan-watchdog (On).
Jul 29 02:51:24 witherspoon systemd[1]: Started Phosphor Fan Control Initialization.
Jul 29 02:51:24 witherspoon systemd[1]: Started Phosphor GPIO checkstop monitor.
Jul 29 02:51:24 witherspoon systemd[1]: Reached target Start Host checkstop monitor.
Jul 29 02:51:24 witherspoon systemd[1]: Starting Wait for /xyz/openbmc_project/watchdog/host0...
Jul 29 02:51:24 witherspoon systemd[1]: Starting Wait for /xyz/openbmc_project/led/groups/power_on...
Jul 29 02:51:24 witherspoon systemd[1]: Created slice system-vcs_workaround.slice.
Jul 29 02:51:25 witherspoon systemd[1]: Created slice system-ir35221\x2don\x2dbind.slice.
Jul 29 02:51:25 witherspoon systemd[1]: Starting Wait for /org/openbmc/control/chassis0...
Jul 29 02:51:25 witherspoon systemd[1]: Starting Wait for Power0 to turn on...
Jul 29 02:51:25 witherspoon mboxctl[1157]: Reset: Success
Jul 29 02:51:26 witherspoon kernel: ucd9000 11-0064: Device ID UCD90160|2.3.4.0000|110603
Jul 29 02:51:26 witherspoon kernel[954]: [  361.450000] ucd9000 11-0064: Device ID UCD90160|2.3.4.0000|110603
Jul 29 02:51:26 witherspoon systemd[1]: Started mapper subtree-remove /xyz/openbmc_project/software:xyz.openbmc_project.Software.ActivationBlocksTransition.
Jul 29 02:51:26 witherspoon systemd[1]: Started Witherspoon Fan Watchdog Reset.
Jul 29 02:51:26 witherspoon systemd[1]: Started Disable UCD VCS rails.
Jul 29 02:51:26 witherspoon systemd[1]: Started power on mode unbind ir35221 device driver devs.
Jul 29 02:51:26 witherspoon systemd[1]: Started Reload mboxd during power on.
Jul 29 02:51:26 witherspoon systemd[1]: Started Wait for /xyz/openbmc_project/led/groups/power_on.
Jul 29 02:51:27 witherspoon systemd[1]: xyz.openbmc_project.Hwmon@ahb-apb-i2c\x401e78a000-i2c\x2dbus\x40180-ir35221\x4070.service: Service hold-off time over, scheduling restart.
Jul 29 02:51:27 witherspoon systemd[1]: xyz.openbmc_project.Hwmon@ahb-apb-i2c\x401e78a000-i2c\x2dbus\x40140-ir35221\x4071.service: Service hold-off time over, scheduling restart.
Jul 29 02:51:27 witherspoon systemd[1]: xyz.openbmc_project.Hwmon@ahb-apb-i2c\x401e78a000-i2c\x2dbus\x40180-ir35221\x4071.service: Service hold-off time over, scheduling restart.
Jul 29 02:51:27 witherspoon systemd[1]: xyz.openbmc_project.Hwmon@ahb-apb-i2c\x401e78a000-i2c\x2dbus\x40140-ir35221\x4070.service: Service hold-off time over, scheduling restart.
Jul 29 02:51:27 witherspoon systemd[1]: xyz.openbmc_project.Hwmon@ahb-apb-i2c\x401e78a000-i2c\x2dbus\x40140-ir35221\x4071.service: Unit not needed anymore. Stopping.
Jul 29 02:51:27 witherspoon systemd[1]: Requested transaction contradicts existing jobs: Transaction is destructive.
Jul 29 02:51:27 witherspoon systemd[1]: xyz.openbmc_project.Hwmon@ahb-apb-i2c\x401e78a000-i2c\x2dbus\x40140-ir35221\x4071.service: Failed to enqueue stop job, ignoring: Transaction is destructive.
Jul 29 02:51:27 witherspoon systemd[1]: xyz.openbmc_project.Hwmon@ahb-apb-i2c\x401e78a000-i2c\x2dbus\x40180-ir35221\x4070.service: Unit not needed anymore. Stopping.
Jul 29 02:51:27 witherspoon systemd[1]: Requested transaction contradicts existing jobs: Transaction is destructive.
Jul 29 02:51:27 witherspoon systemd[1]: xyz.openbmc_project.Hwmon@ahb-apb-i2c\x401e78a000-i2c\x2dbus\x40180-ir35221\x4070.service: Failed to enqueue stop job, ignoring: Transaction is destructive.
Jul 29 02:51:27 witherspoon systemd[1]: xyz.openbmc_project.Hwmon@ahb-apb-i2c\x401e78a000-i2c\x2dbus\x40140-ir35221\x4070.service: Unit not needed anymore. Stopping.
Jul 29 02:51:27 witherspoon systemd[1]: Requested transaction contradicts existing jobs: Transaction is destructive.
Jul 29 02:51:27 witherspoon systemd[1]: xyz.openbmc_project.Hwmon@ahb-apb-i2c\x401e78a000-i2c\x2dbus\x40140-ir35221\x4070.service: Failed to enqueue stop job, ignoring: Transaction is destructive.
Jul 29 02:51:27 witherspoon systemd[1]: xyz.openbmc_project.Hwmon@ahb-apb-i2c\x401e78a000-i2c\x2dbus\x40180-ir35221\x4071.service: Unit not needed anymore. Stopping.
Jul 29 02:51:27 witherspoon systemd[1]: Requested transaction contradicts existing jobs: Transaction is destructive.
Jul 29 02:51:27 witherspoon systemd[1]: xyz.openbmc_project.Hwmon@ahb-apb-i2c\x401e78a000-i2c\x2dbus\x40180-ir35221\x4071.service: Failed to enqueue stop job, ignoring: Transaction is destructive.
Jul 29 02:51:27 witherspoon systemd[1]: Stopped Phosphor Hwmon Poller.
Jul 29 02:51:27 witherspoon systemd[1]: Started Phosphor Hwmon Poller.
Jul 29 02:51:27 witherspoon systemd[1]: xyz.openbmc_project.Hwmon@ahb-apb-i2c\x401e78a000-i2c\x2dbus\x40140-ir35221\x4070.service: Unit not needed anymore. Stopping.
Jul 29 02:51:27 witherspoon systemd[1]: Stopping Phosphor Hwmon Poller...
Jul 29 02:51:27 witherspoon systemd[1]: Stopped Phosphor Hwmon Poller.
Jul 29 02:51:27 witherspoon systemd[1]: Started Phosphor Hwmon Poller.
Jul 29 02:51:27 witherspoon systemd[1]: xyz.openbmc_project.Hwmon@ahb-apb-i2c\x401e78a000-i2c\x2dbus\x40180-ir35221\x4071.service: Unit not needed anymore. Stopping.
Jul 29 02:51:27 witherspoon systemd[1]: Stopping Phosphor Hwmon Poller...
Jul 29 02:51:27 witherspoon systemd[1]: Stopped Phosphor Hwmon Poller.
Jul 29 02:51:27 witherspoon systemd[1]: Started Phosphor Hwmon Poller.
Jul 29 02:51:27 witherspoon systemd[1]: xyz.openbmc_project.Hwmon@ahb-apb-i2c\x401e78a000-i2c\x2dbus\x40140-ir35221\x4071.service: Unit not needed anymore. Stopping.
Jul 29 02:51:27 witherspoon systemd[1]: Stopping Phosphor Hwmon Poller...
Jul 29 02:51:27 witherspoon systemd[1]: Stopped Phosphor Hwmon Poller.
Jul 29 02:51:27 witherspoon systemd[1]: Started Phosphor Hwmon Poller.
Jul 29 02:51:27 witherspoon systemd[1]: xyz.openbmc_project.Hwmon@ahb-apb-i2c\x401e78a000-i2c\x2dbus\x40180-ir35221\x4070.service: Unit not needed anymore. Stopping.
Jul 29 02:51:27 witherspoon systemd[1]: Stopping Phosphor Hwmon Poller...
Jul 29 02:51:27 witherspoon systemd[1]: Starting Assert power_on LED...
Jul 29 02:51:27 witherspoon systemd[1]: Starting Perform AVS bus workaround on VRMs...
Jul 29 02:51:27 witherspoon systemd[1]: Stopped Phosphor Hwmon Poller.
Jul 29 02:51:27 witherspoon systemd[1]: Stopped Phosphor Hwmon Poller.
Jul 29 02:51:27 witherspoon systemd[1]: Stopped Phosphor Hwmon Poller.
Jul 29 02:51:27 witherspoon systemd[1]: Stopped Phosphor Hwmon Poller.
Jul 29 02:51:27 witherspoon systemd[1]: Started Perform AVS bus workaround on VRMs.
Jul 29 02:51:27 witherspoon systemd[1]: Starting Disable the AVS bus on the VRMs...
Jul 29 02:51:28 witherspoon systemd[1]: Started Disable the AVS bus on the VRMs.
Jul 29 02:51:28 witherspoon systemd[1]: Starting Apply voltage overrides to VRMs...
Jul 29 02:51:28 witherspoon vrm-control.sh[1233]: rail        set        read        current
Jul 29 02:51:28 witherspoon vrm-control.sh[1233]: -------        ------- ------- -------
Jul 29 02:51:29 witherspoon vrm-control.sh[1233]: vdna        0.898V        0.004V        0.000A
Jul 29 02:51:30 witherspoon vrm-control.sh[1233]: vdnb        0.898V        0.004V        0.000A
Jul 29 02:51:30 witherspoon systemd[1]: Started Apply voltage overrides to VRMs.
Jul 29 02:51:30 witherspoon systemd[1]: Starting Enable the AVS bus on VRMs...
Jul 29 02:51:30 witherspoon systemd[1]: Started Enable the AVS bus on VRMs.
Jul 29 02:51:30 witherspoon systemd[1]: Starting Disable VCS before Witherspoon power on...
Jul 29 02:51:31 witherspoon systemd[1]: Started Disable VCS before Witherspoon power on.
Jul 29 02:51:31 witherspoon systemd[1]: Reached target Power0 On (Pre).
Jul 29 02:51:31 witherspoon systemd[1]: Starting Start Power0...
Jul 29 02:51:32 witherspoon phosphor-fan-control[1158]: Error in mapper call to get service name
Jul 29 02:51:32 witherspoon phosphor-fan-control[1158]: terminate called after throwing an instance of 'sdbusplus::xyz::openbmc_project::Common::Error::InternalFailure'
Jul 29 02:51:32 witherspoon phosphor-fan-control[1158]:   what():  xyz.openbmc_project.Common.Error.InternalFailure: The operation failed internally.
Jul 29 02:51:32 witherspoon phosphor-fan-control[1158]: The operation failed internally.
Jul 29 02:51:32 witherspoon systemd[1]: Started Wait for /org/openbmc/control/chassis0.
Jul 29 02:51:32 witherspoon phosphor-gevent[1017]: ::8019:6076:8e91:f402%1995119388 - - [2017-07-29 02:51:32] "GET /xyz/openbmc_project/state/chassis0//attr/CurrentPowerState HTTP/1.1" 200 216 7.555401
Jul 29 02:51:33 witherspoon systemd[1]: phosphor-fan-control-init@witherspoon-fan-watchdog.service: Main process exited, code=dumped, status=6/ABRT
Jul 29 02:51:33 witherspoon systemd[1]: phosphor-fan-control-init@witherspoon-fan-watchdog.service: Unit entered failed state.
Jul 29 02:51:33 witherspoon systemd[1]: phosphor-fan-control-init@witherspoon-fan-watchdog.service: Failed with result 'core-dump'.
Jul 29 02:51:33 witherspoon phosphor-gevent[1017]: ::8019:6076:8e91:f402%1995119388 - - [2017-07-29 02:51:33] "POST /login HTTP/1.1" 200 320 0.032715
