-- Logs begin at Wed 2017-07-19 16:39:15 UTC, end at Wed 2017-07-19 16:59:33 UTC. --
Jul 19 16:39:15 witherspoon kernel: Booting Linux on physical CPU 0x0
Jul 19 16:39:15 witherspoon kernel: Linux version 4.10.17-ddfde37e4c473463072ad9e95de4d3db17dc1fb0 (jenkins@hudson) (gcc version 6.2.0 (GCC) ) #1 Wed Jul 19 15:47:41 UTC 2017
Jul 19 16:39:15 witherspoon kernel: CPU: ARMv6-compatible processor [410fb767] revision 7 (ARMv7), cr=00c5387d
Jul 19 16:39:15 witherspoon kernel: CPU: PIPT / VIPT nonaliasing data cache, VIPT nonaliasing instruction cache
Jul 19 16:39:15 witherspoon kernel: OF: fdt:Machine model: Witherspoon BMC
Jul 19 16:39:15 witherspoon kernel: Memory policy: Data cache writeback
Jul 19 16:39:15 witherspoon kernel: SOC Rev: 04030303
Jul 19 16:39:15 witherspoon kernel: On node 0 totalpages: 110592
Jul 19 16:39:15 witherspoon kernel: free_area_init_node: node 0, pgdat 805fd514, node_mem_map 9ec1a000
Jul 19 16:39:15 witherspoon kernel:   Normal zone: 992 pages used for memmap
Jul 19 16:39:15 witherspoon kernel:   Normal zone: 0 pages reserved
Jul 19 16:39:15 witherspoon kernel:   Normal zone: 110592 pages, LIFO batch:31
Jul 19 16:39:15 witherspoon kernel: pcpu-alloc: s0 r0 d32768 u32768 alloc=1*32768
Jul 19 16:39:15 witherspoon kernel: pcpu-alloc: [0] 0 
Jul 19 16:39:15 witherspoon kernel: Built 1 zonelists in Zone order, mobility grouping on.  Total pages: 109600
Jul 19 16:39:15 witherspoon kernel: Kernel command line: console=ttyS4,115200n8 root=/dev/ram rw
Jul 19 16:39:15 witherspoon kernel: PID hash table entries: 2048 (order: 1, 8192 bytes)
Jul 19 16:39:15 witherspoon kernel: Dentry cache hash table entries: 65536 (order: 6, 262144 bytes)
Jul 19 16:39:15 witherspoon kernel: Inode-cache hash table entries: 32768 (order: 5, 131072 bytes)
Jul 19 16:39:15 witherspoon kernel: Memory: 430452K/442368K available (4063K kernel code, 280K rwdata, 1188K rodata, 284K init, 111K bss, 11916K reserved, 0K cma-reserved)
Jul 19 16:39:15 witherspoon kernel: Virtual kernel memory layout:
                                        vector  : 0xffff0000 - 0xffff1000   (   4 kB)
                                        fixmap  : 0xffc00000 - 0xfff00000   (3072 kB)
                                        vmalloc : 0x9f800000 - 0xff800000   (1536 MB)
                                        lowmem  : 0x80000000 - 0x9f000000   ( 496 MB)
                                          .text : 0x80008000 - 0x803fff10   (4064 kB)
                                          .init : 0x80583000 - 0x805ca000   ( 284 kB)
                                          .data : 0x805ca000 - 0x806102a8   ( 281 kB)
                                           .bss : 0x806102a8 - 0x8062c158   ( 112 kB)
Jul 19 16:39:15 witherspoon kernel: NR_IRQS:16 nr_irqs:16 16
Jul 19 16:39:15 witherspoon kernel: i2c controller registered, irq 16
Jul 19 16:39:15 witherspoon kernel: clocksource: moxart_timer: mask: 0xffffffff max_cycles: 0xffffffff, max_idle_ns: 77222644334 ns
Jul 19 16:39:15 witherspoon kernel: sched_clock: 32 bits at 100 Hz, resolution 10000000ns, wraps every 21474836475000000ns
Jul 19 16:39:15 witherspoon kernel: Calibrating delay loop... 789.70 BogoMIPS (lpj=3948544)
Jul 19 16:39:15 witherspoon kernel: pid_max: default: 32768 minimum: 301
Jul 19 16:39:15 witherspoon kernel: Mount-cache hash table entries: 1024 (order: 0, 4096 bytes)
Jul 19 16:39:15 witherspoon kernel: Mountpoint-cache hash table entries: 1024 (order: 0, 4096 bytes)
Jul 19 16:39:15 witherspoon kernel: CPU: Testing write buffer coherency: ok
Jul 19 16:39:15 witherspoon kernel: ftrace: allocating 14932 entries in 44 pages
Jul 19 16:39:15 witherspoon kernel: Setting up static identity map for 0x80008200 - 0x8000825c
Jul 19 16:39:15 witherspoon kernel: devtmpfs: initialized
Jul 19 16:39:15 witherspoon kernel: clocksource: jiffies: mask: 0xffffffff max_cycles: 0xffffffff, max_idle_ns: 19112604462750000 ns
Jul 19 16:39:15 witherspoon kernel: futex hash table entries: 256 (order: -1, 3072 bytes)
Jul 19 16:39:15 witherspoon kernel: pinctrl core: initialized pinctrl subsystem
Jul 19 16:39:15 witherspoon kernel: NET: Registered protocol family 16
Jul 19 16:39:15 witherspoon kernel: DMA: preallocated 256 KiB pool for atomic coherent allocations
Jul 19 16:39:15 witherspoon kernel: usbcore: registered new interface driver usbfs
Jul 19 16:39:15 witherspoon kernel: usbcore: registered new interface driver hub
Jul 19 16:39:15 witherspoon kernel: usbcore: registered new device driver usb
Jul 19 16:39:15 witherspoon kernel: clocksource: Switched to clocksource moxart_timer
Jul 19 16:39:15 witherspoon kernel: NET: Registered protocol family 2
Jul 19 16:39:15 witherspoon kernel: TCP established hash table entries: 4096 (order: 2, 16384 bytes)
Jul 19 16:39:15 witherspoon kernel: TCP bind hash table entries: 4096 (order: 2, 16384 bytes)
Jul 19 16:39:15 witherspoon kernel: TCP: Hash tables configured (established 4096 bind 4096)
Jul 19 16:39:15 witherspoon kernel: UDP hash table entries: 256 (order: 0, 4096 bytes)
Jul 19 16:39:15 witherspoon kernel: UDP-Lite hash table entries: 256 (order: 0, 4096 bytes)
Jul 19 16:39:15 witherspoon kernel: NET: Registered protocol family 1
Jul 19 16:39:15 witherspoon kernel: Trying to unpack rootfs image as initramfs...
Jul 19 16:39:15 witherspoon kernel: Freeing initrd memory: 1544K
Jul 19 16:39:15 witherspoon kernel: workingset: timestamp_bits=30 max_order=17 bucket_order=0
Jul 19 16:39:15 witherspoon kernel: squashfs: version 4.0 (2009/01/31) Phillip Lougher
Jul 19 16:39:15 witherspoon kernel: jffs2: version 2.2. (SUMMARY)  © 2001-2006 Red Hat, Inc.
Jul 19 16:39:15 witherspoon kernel: Block layer SCSI generic (bsg) driver version 0.4 loaded (major 250)
Jul 19 16:39:15 witherspoon kernel: io scheduler noop registered
Jul 19 16:39:15 witherspoon kernel: io scheduler deadline registered
Jul 19 16:39:15 witherspoon kernel: io scheduler cfq registered (default)
Jul 19 16:39:15 witherspoon kernel: ipmi-bt-host 1e789140.ibt: Found bt bmc device
Jul 19 16:39:15 witherspoon kernel: ipmi-bt-host 1e789140.ibt: Using IRQ 22
Jul 19 16:39:15 witherspoon kernel: Serial: 8250/16550 driver, 6 ports, IRQ sharing enabled
Jul 19 16:39:15 witherspoon kernel: 1e783000.serial: ttyS0 at MMIO 0x1e783000 (irq = 23, base_baud = 1500000) is a 16550A
Jul 19 16:39:15 witherspoon kernel: 1e78d000.serial: ttyS1 at MMIO 0x1e78d000 (irq = 24, base_baud = 1500000) is a 16550A
Jul 19 16:39:15 witherspoon kernel: 1e784000.serial: ttyS4 at MMIO 0x1e784000 (irq = 25, base_baud = 1500000) is a 16550A
Jul 19 16:39:15 witherspoon kernel: console [ttyS4] enabled
Jul 19 16:39:15 witherspoon kernel: 1e787000.vuart: ttyS2 at MMIO 0x1e787000 (irq = 22, base_baud = 1500000) is a 16550A
Jul 19 16:39:15 witherspoon kernel: timeriomem_rng 1e6e2078.hwrng: 32bits from 0xf00e2078 @ 1us
Jul 19 16:39:15 witherspoon kernel: random: fast init done
Jul 19 16:39:15 witherspoon kernel: brd: module loaded
Jul 19 16:39:15 witherspoon kernel: loop: module loaded
Jul 19 16:39:15 witherspoon kernel: aspeed-lpc-ctrl 1e789080.lpc-ctrl: Loaded at 0x98000000 (0x04000000)
Jul 19 16:39:15 witherspoon kernel: aspeed-smc 1e620000.flash-controller: Using IRQ 18
Jul 19 16:39:15 witherspoon kernel: aspeed-smc 1e620000.flash-controller: DMA support disabled.
Jul 19 16:39:15 witherspoon kernel: aspeed-smc 1e620000.flash-controller: mx25l25635e (32768 Kbytes)
Jul 19 16:39:15 witherspoon kernel: aspeed-smc 1e620000.flash-controller: CE0 window [ 0x20000000 - 0x22000000 ] 32MB
Jul 19 16:39:15 witherspoon kernel: aspeed-smc 1e620000.flash-controller: CE1 window [ 0x22000000 - 0x2a000000 ] 128MB
Jul 19 16:39:15 witherspoon kernel: 5 ofpart partitions found on MTD device bmc
Jul 19 16:39:15 witherspoon kernel: Creating 5 MTD partitions on "bmc":
Jul 19 16:39:15 witherspoon kernel: 0x000000000000-0x000000060000 : "u-boot"
Jul 19 16:39:15 witherspoon kernel: 0x000000060000-0x000000080000 : "u-boot-env"
Jul 19 16:39:15 witherspoon kernel: 0x000000080000-0x0000004c0000 : "kernel"
Jul 19 16:39:15 witherspoon kernel: 0x0000004c0000-0x000001c00000 : "rofs"
Jul 19 16:39:15 witherspoon kernel: 0x000001c00000-0x000002000000 : "rwfs"
Jul 19 16:39:15 witherspoon kernel: aspeed-smc 1e620000.flash-controller: mx25l25635e (32768 Kbytes)
Jul 19 16:39:15 witherspoon kernel: aspeed-smc 1e620000.flash-controller: CE1 window [ 0x22000000 - 0x24000000 ] 32MB
Jul 19 16:39:15 witherspoon kernel: aspeed-smc 1e620000.flash-controller: CE2 window [ 0x24000000 - 0x2c000000 ] 128MB
Jul 19 16:39:15 witherspoon kernel: aspeed-smc 1e630000.flash-controller: mx66l1g45g (131072 Kbytes)
Jul 19 16:39:15 witherspoon kernel: aspeed-smc 1e630000.flash-controller: CE0 window resized to 120MB (AST2500 HW quirk)
Jul 19 16:39:15 witherspoon kernel: aspeed-smc 1e630000.flash-controller: CE0 window [ 0x30000000 - 0x37800000 ] 120MB
Jul 19 16:39:15 witherspoon kernel: aspeed-smc 1e630000.flash-controller: CE0 window too small for chip 128MB
Jul 19 16:39:15 witherspoon kernel: aspeed-smc 1e630000.flash-controller: CE1 window [ 0x37800000 - 0x38000000 ] 8MB
Jul 19 16:39:15 witherspoon kernel: libphy: Fixed MDIO Bus: probed
Jul 19 16:39:15 witherspoon kernel: ftgmac100 1e660000.ethernet: Read MAC address 70:e2:84:14:28:a9 from chip
Jul 19 16:39:15 witherspoon kernel: ftgmac100 1e660000.ethernet: Using NCSI interface
Jul 19 16:39:15 witherspoon kernel: ftgmac100 1e660000.ethernet eth0: irq 20, mapped at f0060000
Jul 19 16:39:15 witherspoon kernel: ehci_hcd: USB 2.0 'Enhanced' Host Controller (EHCI) Driver
Jul 19 16:39:15 witherspoon kernel: ehci-platform: EHCI generic platform driver
Jul 19 16:39:15 witherspoon kernel:  fsi0: can't read slave 00:00 -5
Jul 19 16:39:15 witherspoon kernel: i2c /dev entries driver
Jul 19 16:39:15 witherspoon kernel: aspeed-i2c-bus 1e78a0c0.i2c-bus: i2c bus 2 registered, irq 26
Jul 19 16:39:15 witherspoon kernel: aspeed-i2c-bus 1e78a100.i2c-bus: i2c bus 3 registered, irq 27
Jul 19 16:39:15 witherspoon kernel: aspeed-i2c-bus 1e78a140.i2c-bus: i2c bus 4 registered, irq 28
Jul 19 16:39:15 witherspoon kernel: aspeed-i2c-bus 1e78a180.i2c-bus: i2c bus 5 registered, irq 29
Jul 19 16:39:15 witherspoon kernel: aspeed-i2c-bus 1e78a380.i2c-bus: i2c bus 9 registered, irq 30
Jul 19 16:39:15 witherspoon kernel: aspeed-i2c-bus 1e78a3c0.i2c-bus: i2c bus 10 registered, irq 31
Jul 19 16:39:15 witherspoon kernel: rtc-rv8803 11-0032: Voltage low, temperature compensation stopped.
Jul 19 16:39:15 witherspoon kernel: rtc-rv8803 11-0032: rtc core: registered rx8900 as rtc0
Jul 19 16:39:15 witherspoon kernel: at24 11-0051: 8192 byte 24c64 EEPROM, writable, 1 bytes/write
Jul 19 16:39:15 witherspoon kernel: aspeed-i2c-bus 1e78a400.i2c-bus: i2c bus 11 registered, irq 32
Jul 19 16:39:15 witherspoon kernel: aspeed-i2c-bus 1e78a440.i2c-bus: i2c bus 12 registered, irq 33
Jul 19 16:39:15 witherspoon kernel: aspeed-i2c-bus 1e78a480.i2c-bus: i2c bus 13 registered, irq 34
Jul 19 16:39:15 witherspoon kernel: Driver for 1-wire Dallas network protocol.
Jul 19 16:39:15 witherspoon kernel: lm75 9-004a: hwmon0: sensor 'tmp275'
Jul 19 16:39:15 witherspoon kernel: random: crng init done
Jul 19 16:39:15 witherspoon kernel: ucd9000 11-0064: Device ID UCD90160|2.3.4.0000|110603
Jul 19 16:39:15 witherspoon kernel: leds-pca955x 3-0060: leds-pca955x: Using pca9552 16-bit LED driver at slave address 0x60
Jul 19 16:39:15 witherspoon kernel: leds-pca955x 11-0060: leds-pca955x: Using pca9552 16-bit LED driver at slave address 0x60
Jul 19 16:39:15 witherspoon kernel: leds-pca955x 11-0060: gpios 264...279
Jul 19 16:39:15 witherspoon kernel: usbcore: registered new interface driver usbhid
Jul 19 16:39:15 witherspoon kernel: usbhid: USB HID core driver
Jul 19 16:39:15 witherspoon kernel: bmp280: probe of 3-0077 failed with error -5
Jul 19 16:39:15 witherspoon kernel: dps310 3-0076: iio:device1: sensor 'dps310'
Jul 19 16:39:15 witherspoon kernel: NET: Registered protocol family 10
Jul 19 16:39:15 witherspoon kernel: Segment Routing with IPv6
Jul 19 16:39:15 witherspoon kernel: NET: Registered protocol family 17
Jul 19 16:39:15 witherspoon kernel: 8021q: 802.1Q VLAN Support v1.8
Jul 19 16:39:15 witherspoon kernel: console [netcon0] enabled
Jul 19 16:39:15 witherspoon kernel: netconsole: network logging started
Jul 19 16:39:15 witherspoon kernel: input: gpio-keys as /devices/platform/gpio-keys/input/input0
Jul 19 16:39:15 witherspoon kernel: rtc-rv8803 11-0032: setting system clock to 2017-07-19 16:39:04 UTC (1500482344)
Jul 19 16:39:15 witherspoon kernel: Freeing unused kernel memory: 284K
Jul 19 16:39:15 witherspoon kernel: This architecture does not have kernel memory protection.
Jul 19 16:39:15 witherspoon kernel: jffs2: notice: (525) jffs2_build_xattr_subsystem: complete building xattr subsystem, 0 of xdatum (0 unchecked, 0 orphan) and 0 of xref (0 dead, 0 orphan) found.
Jul 19 16:39:15 witherspoon systemd[1]: Failed to insert module 'autofs4': No such file or directory
Jul 19 16:39:15 witherspoon systemd[1]: systemd 232 running in system mode. (+PAM -AUDIT -SELINUX -IMA -APPARMOR -SMACK +SYSVINIT -UTMP -LIBCRYPTSETUP -GCRYPT -GNUTLS +ACL +XZ -LZ4 -SECCOMP +BLKID -ELFUTILS +KMOD -IDN)
Jul 19 16:39:15 witherspoon systemd[1]: Detected architecture arm.
Jul 19 16:39:15 witherspoon systemd[1]: Set hostname to <witherspoon>.
Jul 19 16:39:15 witherspoon systemd[1]: [/lib/systemd/system/xyz.openbmc_project.ObjectMapper.service:9] Unknown lvalue '--blacklists' in section 'Service'
Jul 19 16:39:15 witherspoon systemd[1]: Listening on Network Service Netlink Socket.
Jul 19 16:39:15 witherspoon systemd[1]: Listening on Journal Socket.
Jul 19 16:39:15 witherspoon systemd[1]: Reached target Remote File Systems.
Jul 19 16:39:15 witherspoon systemd[1]: Listening on Syslog Socket.
Jul 19 16:39:15 witherspoon systemd[1]: Created slice System Slice.
Jul 19 16:39:15 witherspoon systemd[1]: Created slice system-obmc\x2dled\x2dgroup\x2dstart.slice.
Jul 19 16:39:15 witherspoon systemd[1]: Created slice system-phosphor\x2dreset\x2dhost\x2dcheck.slice.
Jul 19 16:39:15 witherspoon systemd[1]: Started Forward Password Requests to Wall Directory Watch.
Jul 19 16:39:15 witherspoon systemd[1]: Listening on udev Control Socket.
Jul 19 16:39:15 witherspoon systemd[1]: Mounting Debug File System...
Jul 19 16:39:15 witherspoon systemd[1]: Created slice system-org.openbmc.buttons.Power.slice.
Jul 19 16:39:15 witherspoon systemd[1]: Created slice system-obmc\x2dconsole.slice.
Jul 19 16:39:15 witherspoon systemd[1]: dev-hugepages.mount: Couldn't determine result for ConditionVirtualization=!private-users, assuming failed: No such file or directory
Jul 19 16:39:15 witherspoon systemd[1]: Starting Journal Service...
Jul 19 16:39:15 witherspoon systemd[1]: Listening on /dev/initctl Compatibility Named Pipe.
Jul 19 16:39:15 witherspoon systemd[1]: Starting Remount Root and Kernel File Systems...
Jul 19 16:39:15 witherspoon systemd-journald[546]: Journal started
Jul 19 16:39:15 witherspoon systemd-journald[546]: Runtime journal (/run/log/journal/12c6a00ebfdd479284cf09f39d1bc042) is 0B, max 0B, 0B free.
Jul 19 16:39:18 witherspoon systemd[1]: Created slice system-org.openbmc.control.Bmc.slice.
Jul 19 16:39:19 witherspoon systemd-sysctl[656]: Couldn't write '16' to 'kernel/sysrq', ignoring: No such file or directory
Jul 19 16:39:19 witherspoon systemd-sysctl[656]: Couldn't write 'fq_codel' to 'net/core/default_qdisc', ignoring: No such file or directory
Jul 19 16:39:19 witherspoon systemd[1]: Starting Apply Kernel Variables...
Jul 19 16:39:19 witherspoon systemd[1]: Created slice system-phosphor\x2dreset\x2dhost\x2drunning.slice.
Jul 19 16:39:20 witherspoon systemd[1]: Mounted Debug File System.
Jul 19 16:39:20 witherspoon systemd[1]: Mounted Temporary Directory.
Jul 19 16:39:20 witherspoon systemd[1]: Started Journal Service.
Jul 19 16:39:20 witherspoon systemd[1]: Started Remount Root and Kernel File Systems.
Jul 19 16:39:21 witherspoon systemd[1]: Started Apply Kernel Variables.
Jul 19 16:39:21 witherspoon systemd[1]: Starting Create System Users...
Jul 19 16:39:21 witherspoon systemd[1]: Starting Flush Journal to Persistent Storage...
Jul 19 16:39:22 witherspoon systemd[1]: Started udev Coldplug all Devices.
Jul 19 16:39:22 witherspoon systemd[1]: Started Create System Users.
Jul 19 16:39:23 witherspoon systemd[1]: Starting Create Static Device Nodes in /dev...
Jul 19 16:39:23 witherspoon systemd-journald[546]: Runtime journal (/run/log/journal/12c6a00ebfdd479284cf09f39d1bc042) is 0B, max 0B, 0B free.
Jul 19 16:39:23 witherspoon systemd[1]: Started Flush Journal to Persistent Storage.
Jul 19 16:39:23 witherspoon systemd[1]: Started Create Static Device Nodes in /dev.
Jul 19 16:39:24 witherspoon systemd[1]: Starting udev Kernel Device Manager...
Jul 19 16:39:24 witherspoon systemd[1]: Reached target Local File Systems (Pre).
Jul 19 16:39:24 witherspoon systemd[1]: Mounting /var/volatile...
Jul 19 16:39:24 witherspoon systemd[1]: Mounted /var/volatile.
Jul 19 16:39:24 witherspoon systemd[1]: Reached target Local File Systems.
Jul 19 16:39:24 witherspoon systemd[1]: Starting Rebuild Journal Catalog...
Jul 19 16:39:24 witherspoon systemd[1]: Starting Create Volatile Files and Directories...
Jul 19 16:39:24 witherspoon systemd[1]: Starting Load/Save Random Seed...
Jul 19 16:39:25 witherspoon systemd[1]: Started Load/Save Random Seed.
Jul 19 16:39:25 witherspoon systemd[1]: Started Rebuild Journal Catalog.
Jul 19 16:39:25 witherspoon systemd[1]: Starting Update is Completed...
Jul 19 16:39:25 witherspoon systemd-tmpfiles[893]: "/var/tmp" already exists and is not a directory.
Jul 19 16:39:25 witherspoon systemd-tmpfiles[893]: "/var/log" already exists and is not a directory.
Jul 19 16:39:25 witherspoon systemd[1]: Started Create Volatile Files and Directories.
Jul 19 16:39:25 witherspoon systemd[1]: Starting Run pending postinsts...
Jul 19 16:39:25 witherspoon systemd[1]: Starting Network Time Synchronization...
Jul 19 16:39:25 witherspoon systemd[1]: Started Update is Completed.
Jul 19 16:39:25 witherspoon systemd[1]: Started udev Kernel Device Manager.
Jul 19 16:39:26 witherspoon systemd[1]: Started Network Time Synchronization.
Jul 19 16:39:26 witherspoon systemd[1]: Reached target System Time Synchronized.
Jul 19 16:39:26 witherspoon run-postinsts[897]: Running postinst /etc/rpm-postinsts/libglib-2.0-0...
Jul 19 16:39:28 witherspoon systemd[1]: Found device /dev/aspeed-lpc-ctrl.
Jul 19 16:39:28 witherspoon systemd[1]: Found device /dev/aspeed-mbox.
Jul 19 16:39:28 witherspoon systemd[1]: Found device /dev/ttyS4.
Jul 19 16:39:28 witherspoon systemd[1]: Found device /dev/ttyVUART0.
Jul 19 16:39:29 witherspoon systemd[1]: Created slice system-xyz.openbmc_project.led.controller.slice.
Jul 19 16:39:29 witherspoon systemd[1]: Created slice system-xyz.openbmc_project.Hwmon.slice.
Jul 19 16:39:30 witherspoon systemd[1]: dev-hugepages.mount: Couldn't determine result for ConditionVirtualization=!private-users, assuming failed: No such file or directory
Jul 19 16:39:30 witherspoon run-postinsts[897]: rm: can't remove '/etc/rpm-postinsts': Invalid argument
Jul 19 16:39:30 witherspoon run-postinsts[897]:  Removing any system startup links for run-postinsts ...
Jul 19 16:39:30 witherspoon systemctl[932]: Removed /etc/systemd/system/sysinit.target.wants/run-postinsts.service.
Jul 19 16:39:30 witherspoon systemd[1]: Reloading.
Jul 19 16:39:32 witherspoon systemd[1]: [/lib/systemd/system/xyz.openbmc_project.ObjectMapper.service:9] Unknown lvalue '--blacklists' in section 'Service'
Jul 19 16:39:32 witherspoon systemd[1]: Started Run pending postinsts.
Jul 19 16:39:32 witherspoon systemd[1]: Reached target System Initialization.
Jul 19 16:39:32 witherspoon systemd[1]: Listening on D-Bus System Message Bus Socket.
Jul 19 16:39:33 witherspoon systemd[1]: Listening on Phosphor DBUS Browser socket.
Jul 19 16:39:33 witherspoon systemd[1]: Listening on Phosphor Webserver socket.
Jul 19 16:39:33 witherspoon systemd[1]: Started Daily Cleanup of Temporary Directories.
Jul 19 16:39:33 witherspoon systemd[1]: Reached target Timers.
Jul 19 16:39:33 witherspoon systemd[1]: Listening on Avahi mDNS/DNS-SD Stack Activation Socket.
Jul 19 16:39:33 witherspoon systemd[1]: Listening on Phosphor Host Console SSH Per-Connection socket.
Jul 19 16:39:33 witherspoon systemd[1]: Listening on dropbear.socket.
Jul 19 16:39:33 witherspoon systemd[1]: Listening on phosphor-ipmi-net.socket.
Jul 19 16:39:33 witherspoon systemd[1]: Reached target Sockets.
Jul 19 16:39:33 witherspoon systemd[1]: Reached target Basic System.
Jul 19 16:39:33 witherspoon systemd[1]: Started D-Bus System Message Bus.
Jul 19 16:39:35 witherspoon systemd[1]: Starting Network Service...
Jul 19 16:39:35 witherspoon systemd[1]: Started Phosphor sysfs LED controller.
Jul 19 16:39:35 witherspoon systemd[1]: Started Phosphor sysfs LED controller.
Jul 19 16:39:35 witherspoon systemd-networkd[944]: Could not create runtime directory: File exists
Jul 19 16:39:35 witherspoon systemd-networkd[944]: Could not create runtime directory 'links': File exists
Jul 19 16:39:35 witherspoon systemd-networkd[944]: Could not create runtime directory 'leases': File exists
Jul 19 16:39:35 witherspoon systemd[1]: Starting Phosphor Inventory Manager...
Jul 19 16:39:35 witherspoon systemd[1]: Starting Phosphor Download Manager...
Jul 19 16:39:36 witherspoon systemd[1]: Starting Phosphor Sensor Manager...
Jul 19 16:39:36 witherspoon systemd[1]: Started Phosphor MBOX Daemon.
Jul 19 16:39:36 witherspoon systemd[1]: Starting Clear one time boot overrides...
Jul 19 16:39:36 witherspoon systemd[1]: Started Phosphor sysfs LED controller.
Jul 19 16:39:36 witherspoon systemd[1]: Starting Avahi mDNS/DNS-SD Stack...
Jul 19 16:39:36 witherspoon systemd[1]: Starting OpenPower Software Update Manager...
Jul 19 16:39:36 witherspoon systemd[1]: Started Phosphor Hwmon Poller.
Jul 19 16:39:36 witherspoon systemd[1]: Starting OpenBMC Software Update Manager...
Jul 19 16:39:36 witherspoon systemd[1]: Reached target Containers.
Jul 19 16:39:36 witherspoon systemd[1]: Started Phosphor sysfs LED controller.
Jul 19 16:39:36 witherspoon systemd[1]: Started Phosphor Hwmon Poller.
Jul 19 16:39:36 witherspoon systemd[1]: Starting Phosphor DBus Service Discovery Manager...
Jul 19 16:39:37 witherspoon systemd[1]: Started System Logging Service.
Jul 19 16:39:37 witherspoon systemd[1]: Starting Phosphor Download Manager...
Jul 19 16:39:37 witherspoon systemd[1]: Started Hardware RNG Entropy Gatherer Daemon.
Jul 19 16:39:37 witherspoon systemd[1]: Started Phosphor Console Muxer listening on device /dev/ttyVUART0.
Jul 19 16:39:37 witherspoon systemd[1]: Starting Phosphor Network Manager...
Jul 19 16:39:37 witherspoon systemd[1]: Starting Phosphor Network Manager...
Jul 19 16:39:37 witherspoon systemd[1]: Started Phosphor Dump core monitor..
Jul 19 16:39:37 witherspoon systemd[1]: Starting Phosphor BMC0 Control...
Jul 19 16:39:37 witherspoon systemd[1]: Started Phosphor Hwmon Poller.
Jul 19 16:39:37 witherspoon systemd[1]: Started Phosphor sysfs LED controller.
Jul 19 16:39:37 witherspoon systemd[1]: Started Phosphor sysfs LED controller.
Jul 19 16:39:37 witherspoon systemd[1]: Starting Phosphor LED Group Management Daemon...
Jul 19 16:39:37 witherspoon systemd[1]: Starting Phosphor Dump Manager...
Jul 19 16:39:38 witherspoon systemd[1]: Starting Phosphor Chassis0 Control...
Jul 19 16:39:38 witherspoon systemd[1]: Starting Phosphor Settings Daemon...
Jul 19 16:39:38 witherspoon systemd[1]: Started Phosphor sysfs LED controller.
Jul 19 16:39:38 witherspoon systemd[1]: Started Phosphor Hwmon Poller.
Jul 19 16:39:38 witherspoon systemd[1]: Starting Phosphor User Manager...
Jul 19 16:39:38 witherspoon systemd[1]: Started Phosphor Hwmon Poller.
Jul 19 16:39:38 witherspoon systemd[1]: Started Phosphor sysfs LED controller.
Jul 19 16:39:38 witherspoon systemd[1]: Started Phosphor sysfs LED controller.
Jul 19 16:39:38 witherspoon systemd[1]: Starting Phosphor Inventory Manager...
Jul 19 16:39:38 witherspoon systemd[1]: Started Kernel Logging Service.
Jul 19 16:39:38 witherspoon systemd[1]: Started Phosphor Hwmon Poller.
Jul 19 16:39:38 witherspoon systemd[1]: Started Phosphor sysfs LED controller.
Jul 19 16:39:38 witherspoon systemd[1]: Starting Phosphor IPMI BT DBus Bridge...
Jul 19 16:39:38 witherspoon systemd[1]: Starting Phosphor Log Manager...
Jul 19 16:39:38 witherspoon systemd[1]: Started Clear one time boot overrides.
Jul 19 16:39:38 witherspoon systemd[1]: Started Phosphor IPMI BT DBus Bridge.
Jul 19 16:39:38 witherspoon systemd-networkd[944]: Enumeration completed
Jul 19 16:39:39 witherspoon kernel[983]: klogd started: BusyBox v1.24.1 (2017-06-16 19:26:49 UTC)
Jul 19 16:39:38 witherspoon systemd[1]: Started Network Service.
Jul 19 16:39:39 witherspoon kernel[983]: [    0.000000] Booting Linux on physical CPU 0x0
Jul 19 16:39:38 witherspoon systemd-networkd[944]: eth0: IPv6 enabled for interface: Success
Jul 19 16:39:39 witherspoon kernel[983]: [    0.000000] Linux version 4.10.17-ddfde37e4c473463072ad9e95de4d3db17dc1fb0 (jenkins@hudson) (gcc version 6.2.0 (GCC) ) #1 Wed Jul 19 15:47:41 UTC 2017
Jul 19 16:39:38 witherspoon systemd[1]: Reached target Network.
Jul 19 16:39:39 witherspoon kernel[983]: [    0.000000] CPU: ARMv6-compatible processor [410fb767] revision 7 (ARMv7), cr=00c5387d
Jul 19 16:39:39 witherspoon systemd-networkd[944]: eth0: Gained carrier
Jul 19 16:39:39 witherspoon kernel[983]: [    0.000000] CPU: PIPT / VIPT nonaliasing data cache, VIPT nonaliasing instruction cache
Jul 19 16:39:39 witherspoon systemd[1]: Started Lightweight SLP Server.
Jul 19 16:39:39 witherspoon kernel[983]: [    0.000000] OF: fdt:Machine model: Witherspoon BMC
Jul 19 16:39:39 witherspoon systemd[1]: Starting Permit User Sessions...
Jul 19 16:39:39 witherspoon kernel[983]: [    0.000000] Memory policy: Data cache writeback
Jul 19 16:39:39 witherspoon systemd-timesyncd[901]: Network configuration changed, trying to establish connection.
Jul 19 16:39:39 witherspoon kernel[983]: [    0.000000] SOC Rev: 04030303
Jul 19 16:39:39 witherspoon systemd[1]: Started Permit User Sessions.
Jul 19 16:39:39 witherspoon kernel[983]: [    0.000000] On node 0 totalpages: 110592
Jul 19 16:39:39 witherspoon kernel[983]: [    0.000000] free_area_init_node: node 0, pgdat 805fd514, node_mem_map 9ec1a000
Jul 19 16:39:42 witherspoon kernel: ftgmac100 1e660000.ethernet eth0: NCSI interface up
Jul 19 16:39:40 witherspoon systemd[1]: Started Serial Getty on ttyS4.
Jul 19 16:39:39 witherspoon kernel[983]: [    0.000000]   Normal zone: 992 pages used for memmap
Jul 19 16:39:42 witherspoon phosphor-hwmon-readd[956]: Usage: /usr/sbin/phosphor-hwmon-readd [options]
Jul 19 16:39:42 witherspoon phosphor-hwmon-readd[956]: Options:
Jul 19 16:39:42 witherspoon phosphor-hwmon-readd[956]:     --help               print this menu
Jul 19 16:39:42 witherspoon phosphor-hwmon-readd[956]:     --path=<path>        sysfs location to monitor
Jul 19 16:39:42 witherspoon phosphor-hwmon-readd[956]:     --of-name=<path>     open firmware device name to monitor
Jul 19 16:39:42 witherspoon phosphor-hwmon-readd[956]: ERROR: Path not specified or invalid.
Jul 19 16:39:40 witherspoon systemd[1]: Reached target Login Prompts.
Jul 19 16:39:39 witherspoon kernel[983]: [    0.000000]   Normal zone: 0 pages reserved
Jul 19 16:39:40 witherspoon systemd[1]: Started Avahi mDNS/DNS-SD Stack.
Jul 19 16:39:39 witherspoon kernel[983]: [    0.000000]   Normal zone: 110592 pages, LIFO batch:31
Jul 19 16:39:40 witherspoon systemd[1]: Reached target Multi-User System.
Jul 19 16:39:39 witherspoon kernel[983]: [    0.000000] pcpu-alloc: s0 r0 d32768 u32768 alloc=1*32768
Jul 19 16:39:41 witherspoon systemd[1]: xyz.openbmc_project.Hwmon@ahb-apb-i2c\x401e78a000-i2c\x2dbus\x40100-dps310\x4076.service: Main process exited, code=exited, status=255/n/a
Jul 19 16:39:39 witherspoon kernel[983]: [    0.000000] pcpu-alloc: [0] 0
Jul 19 16:39:41 witherspoon systemd[1]: xyz.openbmc_project.Hwmon@ahb-apb-i2c\x401e78a000-i2c\x2dbus\x40100-dps310\x4076.service: Unit entered failed state.
Jul 19 16:39:39 witherspoon kernel[983]: [    0.000000] Built 1 zonelists in Zone order, mobility grouping on.  Total pages: 109600
Jul 19 16:39:41 witherspoon systemd[1]: xyz.openbmc_project.Hwmon@ahb-apb-i2c\x401e78a000-i2c\x2dbus\x40100-dps310\x4076.service: Failed with result 'exit-code'.
Jul 19 16:39:39 witherspoon kernel[983]: [    0.000000] Kernel command line: console=ttyS4,115200n8 root=/dev/ram rw
Jul 19 16:39:41 witherspoon systemd-networkd[944]: eth0: Gained IPv6LL
Jul 19 16:39:39 witherspoon kernel[983]: [    0.000000] PID hash table entries: 2048 (order: 1, 8192 bytes)
Jul 19 16:39:43 witherspoon phosphor-hwmon-readd[997]: Usage: /usr/sbin/phosphor-hwmon-readd [options]
Jul 19 16:39:43 witherspoon phosphor-hwmon-readd[997]: Options:
Jul 19 16:39:43 witherspoon phosphor-hwmon-readd[997]:     --help               print this menu
Jul 19 16:39:43 witherspoon phosphor-hwmon-readd[997]:     --path=<path>        sysfs location to monitor
Jul 19 16:39:43 witherspoon phosphor-hwmon-readd[997]:     --of-name=<path>     open firmware device name to monitor
Jul 19 16:39:43 witherspoon phosphor-hwmon-readd[997]: ERROR: Path not specified or invalid.
Jul 19 16:39:41 witherspoon systemd[1]: xyz.openbmc_project.Hwmon@ahb-apb-i2c\x401e78a000-i2c\x2dbus\x40100-dps310\x4076.service: Service hold-off time over, scheduling restart.
Jul 19 16:39:39 witherspoon kernel[983]: [    0.000000] Dentry cache hash table entries: 65536 (order: 6, 262144 bytes)
Jul 19 16:39:41 witherspoon systemd[1]: Stopped Phosphor Hwmon Poller.
Jul 19 16:39:39 witherspoon kernel[983]: [    0.000000] Inode-cache hash table entries: 32768 (order: 5, 131072 bytes)
Jul 19 16:39:41 witherspoon systemd[1]: Started Phosphor Hwmon Poller.
Jul 19 16:39:39 witherspoon kernel[983]: [    0.000000] Memory: 430452K/442368K available (4063K kernel code, 280K rwdata, 1188K rodata, 284K init, 111K bss, 11916K reserved, 0K cma-reserved)
Jul 19 16:39:43 witherspoon systemd[1]: xyz.openbmc_project.Hwmon@ahb-apb-i2c\x401e78a000-i2c\x2dbus\x40100-dps310\x4076.service: Main process exited, code=exited, status=255/n/a
Jul 19 16:39:39 witherspoon kernel[983]: [    0.000000] Virtual kernel memory layout:
Jul 19 16:39:43 witherspoon systemd[1]: xyz.openbmc_project.Hwmon@ahb-apb-i2c\x401e78a000-i2c\x2dbus\x40100-dps310\x4076.service: Unit entered failed state.
Jul 19 16:39:44 witherspoon phosphor-hwmon-readd[999]: Usage: /usr/sbin/phosphor-hwmon-readd [options]
Jul 19 16:39:44 witherspoon phosphor-hwmon-readd[999]: Options:
Jul 19 16:39:44 witherspoon phosphor-hwmon-readd[999]:     --help               print this menu
Jul 19 16:39:44 witherspoon phosphor-hwmon-readd[999]:     --path=<path>        sysfs location to monitor
Jul 19 16:39:44 witherspoon phosphor-hwmon-readd[999]:     --of-name=<path>     open firmware device name to monitor
Jul 19 16:39:44 witherspoon phosphor-hwmon-readd[999]: ERROR: Path not specified or invalid.
Jul 19 16:39:39 witherspoon kernel[983]: [    0.000000]     vector  : 0xffff0000 - 0xffff1000   (   4 kB)
Jul 19 16:39:43 witherspoon systemd[1]: xyz.openbmc_project.Hwmon@ahb-apb-i2c\x401e78a000-i2c\x2dbus\x40100-dps310\x4076.service: Failed with result 'exit-code'.
Jul 19 16:39:39 witherspoon kernel[983]: [    0.000000]     fixmap  : 0xffc00000 - 0xfff00000   (3072 kB)
Jul 19 16:39:43 witherspoon systemd[1]: xyz.openbmc_project.Hwmon@ahb-apb-i2c\x401e78a000-i2c\x2dbus\x40100-dps310\x4076.service: Service hold-off time over, scheduling restart.
Jul 19 16:39:39 witherspoon kernel[983]: [    0.000000]     vmalloc : 0x9f800000 - 0xff800000   (1536 MB)
Jul 19 16:39:43 witherspoon systemd[1]: Stopped Phosphor Hwmon Poller.
Jul 19 16:39:39 witherspoon kernel[983]: [    0.000000]     lowmem  : 0x80000000 - 0x9f000000   ( 496 MB)
Jul 19 16:39:43 witherspoon systemd[1]: Started Phosphor Hwmon Poller.
Jul 19 16:39:39 witherspoon kernel[983]: [    0.000000]       .text : 0x80008000 - 0x803fff10   (4064 kB)
Jul 19 16:39:43 witherspoon systemd[1]: xyz.openbmc_project.Hwmon@ahb-apb-i2c\x401e78a000-i2c\x2dbus\x40100-dps310\x4076.service: Main process exited, code=exited, status=255/n/a
Jul 19 16:39:39 witherspoon kernel[983]: [    0.000000]       .init : 0x80583000 - 0x805ca000   ( 284 kB)
Jul 19 16:39:43 witherspoon systemd[1]: xyz.openbmc_project.Hwmon@ahb-apb-i2c\x401e78a000-i2c\x2dbus\x40100-dps310\x4076.service: Unit entered failed state.
Jul 19 16:39:39 witherspoon kernel[983]: [    0.000000]       .data : 0x805ca000 - 0x806102a8   ( 281 kB)
Jul 19 16:39:43 witherspoon systemd[1]: xyz.openbmc_project.Hwmon@ahb-apb-i2c\x401e78a000-i2c\x2dbus\x40100-dps310\x4076.service: Failed with result 'exit-code'.
Jul 19 16:39:39 witherspoon kernel[983]: [    0.000000]        .bss : 0x806102a8 - 0x8062c158   ( 112 kB)
Jul 19 16:39:43 witherspoon systemd[1]: Started Phosphor Log Manager.
Jul 19 16:39:39 witherspoon kernel[983]: [    0.000000] NR_IRQS:16 nr_irqs:16 16
Jul 19 16:39:43 witherspoon systemd[1]: Started Phosphor Inventory Manager.
Jul 19 16:39:39 witherspoon kernel[983]: [    0.000000] i2c controller registered, irq 16
Jul 19 16:39:43 witherspoon systemd[1]: xyz.openbmc_project.Hwmon@ahb-apb-i2c\x401e78a000-i2c\x2dbus\x40100-dps310\x4076.service: Service hold-off time over, scheduling restart.
Jul 19 16:39:39 witherspoon kernel[983]: [    0.000000] clocksource: moxart_timer: mask: 0xffffffff max_cycles: 0xffffffff, max_idle_ns: 77222644334 ns
Jul 19 16:39:43 witherspoon systemd[1]: Stopped Phosphor Hwmon Poller.
Jul 19 16:39:39 witherspoon kernel[983]: [    0.000000] sched_clock: 32 bits at 100 Hz, resolution 10000000ns, wraps every 21474836475000000ns
Jul 19 16:39:44 witherspoon systemd[1]: Started Phosphor Hwmon Poller.
Jul 19 16:39:39 witherspoon kernel[983]: [    0.090000] Calibrating delay loop... 789.70 BogoMIPS (lpj=3948544)
Jul 19 16:39:39 witherspoon kernel[983]: [    0.090000] pid_max: default: 32768 minimum: 301
Jul 19 16:39:39 witherspoon kernel[983]: [    0.090000] Mount-cache hash table entries: 1024 (order: 0, 4096 bytes)
Jul 19 16:39:45 witherspoon systemd[1]: Started Phosphor Dump Manager.
Jul 19 16:39:39 witherspoon kernel[983]: [    0.090000] Mountpoint-cache hash table entries: 1024 (order: 0, 4096 bytes)
Jul 19 16:39:45 witherspoon systemd[1]: Started Phosphor Settings Daemon.
Jul 19 16:39:39 witherspoon kernel[983]: [    0.090000] CPU: Testing write buffer coherency: ok
Jul 19 16:39:45 witherspoon systemd[1]: Started Phosphor Download Manager.
Jul 19 16:39:39 witherspoon kernel[983]: [    0.090000] ftrace: allocating 14932 entries in 44 pages
Jul 19 16:39:45 witherspoon openpower-update-manager[955]: Error PNOR current version is empty
Jul 19 16:39:39 witherspoon kernel[983]: [    0.120000] Setting up static identity map for 0x80008200 - 0x8000825c
Jul 19 16:39:47 witherspoon phosphor-hwmon-readd[1001]: Usage: /usr/sbin/phosphor-hwmon-readd [options]
Jul 19 16:39:47 witherspoon phosphor-hwmon-readd[1001]: Options:
Jul 19 16:39:47 witherspoon phosphor-hwmon-readd[1001]:     --help               print this menu
Jul 19 16:39:47 witherspoon phosphor-hwmon-readd[1001]:     --path=<path>        sysfs location to monitor
Jul 19 16:39:47 witherspoon phosphor-hwmon-readd[1001]:     --of-name=<path>     open firmware device name to monitor
Jul 19 16:39:47 witherspoon phosphor-hwmon-readd[1001]: ERROR: Path not specified or invalid.
Jul 19 16:39:45 witherspoon systemd[1]: Started OpenBMC Software Update Manager.
Jul 19 16:39:39 witherspoon kernel[983]: [    0.120000] devtmpfs: initialized
Jul 19 16:39:48 witherspoon phosphor-hwmon-readd[1011]: Usage: /usr/sbin/phosphor-hwmon-readd [options]
Jul 19 16:39:48 witherspoon phosphor-hwmon-readd[1011]: Options:
Jul 19 16:39:48 witherspoon phosphor-hwmon-readd[1011]:     --help               print this menu
Jul 19 16:39:48 witherspoon phosphor-hwmon-readd[1011]:     --path=<path>        sysfs location to monitor
Jul 19 16:39:48 witherspoon phosphor-hwmon-readd[1011]:     --of-name=<path>     open firmware device name to monitor
Jul 19 16:39:48 witherspoon phosphor-hwmon-readd[1011]: ERROR: Path not specified or invalid.
Jul 19 16:39:45 witherspoon systemd[1]: Started OpenPower Software Update Manager.
Jul 19 16:39:39 witherspoon kernel[983]: [    0.140000] clocksource: jiffies: mask: 0xffffffff max_cycles: 0xffffffff, max_idle_ns: 19112604462750000 ns
Jul 19 16:39:45 witherspoon systemd[1]: Starting Phosphor Version Software Manager...
Jul 19 16:39:39 witherspoon kernel[983]: [    0.140000] futex hash table entries: 256 (order: -1, 3072 bytes)
Jul 19 16:39:46 witherspoon phosphor-network-manager[966]: ConfigParser: Section not found
Jul 19 16:39:39 witherspoon kernel[983]: [    0.140000] pinctrl core: initialized pinctrl subsystem
Jul 19 16:39:46 witherspoon phosphor-network-manager[966]: The operation failed internally.
Jul 19 16:39:39 witherspoon kernel[983]: [    0.140000] NET: Registered protocol family 16
Jul 19 16:39:46 witherspoon systemd[1]: xyz.openbmc_project.Hwmon@ahb-apb-i2c\x401e78a000-i2c\x2dbus\x40100-dps310\x4076.service: Main process exited, code=exited, status=255/n/a
Jul 19 16:39:39 witherspoon kernel[983]: [    0.140000] DMA: preallocated 256 KiB pool for atomic coherent allocations
Jul 19 16:39:46 witherspoon systemd[1]: xyz.openbmc_project.Hwmon@ahb-apb-i2c\x401e78a000-i2c\x2dbus\x40100-dps310\x4076.service: Unit entered failed state.
Jul 19 16:39:39 witherspoon kernel[983]: [    0.210000] usbcore: registered new interface driver usbfs
Jul 19 16:39:46 witherspoon systemd[1]: xyz.openbmc_project.Hwmon@ahb-apb-i2c\x401e78a000-i2c\x2dbus\x40100-dps310\x4076.service: Failed with result 'exit-code'.
Jul 19 16:39:39 witherspoon kernel[983]: [    0.210000] usbcore: registered new interface driver hub
Jul 19 16:39:47 witherspoon phosphor-network-manager[966]: ConfigParser: Section not found
Jul 19 16:39:39 witherspoon kernel[983]: [    0.210000] usbcore: registered new device driver usb
Jul 19 16:39:47 witherspoon phosphor-network-manager[966]: The operation failed internally.
Jul 19 16:39:39 witherspoon kernel[983]: [    0.220000] clocksource: Switched to clocksource moxart_timer
Jul 19 16:39:47 witherspoon phosphor-network-manager[966]: ConfigParser: Key not found
Jul 19 16:39:39 witherspoon kernel[983]: [    0.240000] NET: Registered protocol family 2
Jul 19 16:39:47 witherspoon phosphor-network-manager[966]: The operation failed internally.
Jul 19 16:39:39 witherspoon kernel[983]: [    0.240000] TCP established hash table entries: 4096 (order: 2, 16384 bytes)
Jul 19 16:39:47 witherspoon systemd[1]: xyz.openbmc_project.Hwmon@ahb-apb-i2c\x401e78a000-i2c\x2dbus\x40100-dps310\x4076.service: Service hold-off time over, scheduling restart.
Jul 19 16:39:50 witherspoon phosphor-hwmon-readd[1018]: Usage: /usr/sbin/phosphor-hwmon-readd [options]
Jul 19 16:39:50 witherspoon phosphor-hwmon-readd[1018]: Options:
Jul 19 16:39:50 witherspoon phosphor-hwmon-readd[1018]:     --help               print this menu
Jul 19 16:39:50 witherspoon phosphor-hwmon-readd[1018]:     --path=<path>        sysfs location to monitor
Jul 19 16:39:50 witherspoon phosphor-hwmon-readd[1018]:     --of-name=<path>     open firmware device name to monitor
Jul 19 16:39:50 witherspoon phosphor-hwmon-readd[1018]: ERROR: Path not specified or invalid.
Jul 19 16:39:39 witherspoon kernel[983]: [    0.240000] TCP bind hash table entries: 4096 (order: 2, 16384 bytes)
Jul 19 16:39:47 witherspoon systemd[1]: Stopped Phosphor Hwmon Poller.
Jul 19 16:39:50 witherspoon phosphor-hwmon-readd[1020]: Usage: /usr/sbin/phosphor-hwmon-readd [options]
Jul 19 16:39:50 witherspoon phosphor-hwmon-readd[1020]: Options:
Jul 19 16:39:50 witherspoon phosphor-hwmon-readd[1020]:     --help               print this menu
Jul 19 16:39:50 witherspoon phosphor-hwmon-readd[1020]:     --path=<path>        sysfs location to monitor
Jul 19 16:39:50 witherspoon phosphor-hwmon-readd[1020]:     --of-name=<path>     open firmware device name to monitor
Jul 19 16:39:50 witherspoon phosphor-hwmon-readd[1020]: ERROR: Path not specified or invalid.
Jul 19 16:39:39 witherspoon kernel[983]: [    0.240000] TCP: Hash tables configured (established 4096 bind 4096)
Jul 19 16:39:47 witherspoon systemd[1]: Started Phosphor Hwmon Poller.
Jul 19 16:39:39 witherspoon kernel[983]: [    0.240000] UDP hash table entries: 256 (order: 0, 4096 bytes)
Jul 19 16:39:47 witherspoon systemd[1]: Created slice system-dropbear.slice.
Jul 19 16:39:39 witherspoon kernel[983]: [    0.240000] UDP-Lite hash table entries: 256 (order: 0, 4096 bytes)
Jul 19 16:39:47 witherspoon phosphor-network-manager[966]: Error in mapper call
Jul 19 16:39:39 witherspoon kernel[983]: [    0.240000] NET: Registered protocol family 1
Jul 19 16:39:49 witherspoon systemd[1]: Started SSH Per-Connection Server (9.41.165.94:48368).
Jul 19 16:39:39 witherspoon kernel[983]: [    0.240000] Trying to unpack rootfs image as initramfs...
Jul 19 16:39:51 witherspoon phosphor-hwmon-readd[1022]: Usage: /usr/sbin/phosphor-hwmon-readd [options]
Jul 19 16:39:51 witherspoon phosphor-hwmon-readd[1022]: Options:
Jul 19 16:39:51 witherspoon phosphor-hwmon-readd[1022]:     --help               print this menu
Jul 19 16:39:51 witherspoon phosphor-hwmon-readd[1022]:     --path=<path>        sysfs location to monitor
Jul 19 16:39:51 witherspoon phosphor-hwmon-readd[1022]:     --of-name=<path>     open firmware device name to monitor
Jul 19 16:39:51 witherspoon phosphor-hwmon-readd[1022]: ERROR: Path not specified or invalid.
Jul 19 16:39:49 witherspoon systemd[1]: xyz.openbmc_project.Hwmon@ahb-apb-i2c\x401e78a000-i2c\x2dbus\x40100-dps310\x4076.service: Main process exited, code=exited, status=255/n/a
Jul 19 16:39:39 witherspoon kernel[983]: [    1.910000] Freeing initrd memory: 1544K
Jul 19 16:39:49 witherspoon systemd[1]: xyz.openbmc_project.Hwmon@ahb-apb-i2c\x401e78a000-i2c\x2dbus\x40100-dps310\x4076.service: Unit entered failed state.
Jul 19 16:39:39 witherspoon kernel[983]: [    1.910000] workingset: timestamp_bits=30 max_order=17 bucket_order=0
Jul 19 16:39:49 witherspoon systemd[1]: xyz.openbmc_project.Hwmon@ahb-apb-i2c\x401e78a000-i2c\x2dbus\x40100-dps310\x4076.service: Failed with result 'exit-code'.
Jul 19 16:39:39 witherspoon kernel[983]: [    1.910000] squashfs: version 4.0 (2009/01/31) Phillip Lougher
Jul 19 16:39:49 witherspoon systemd[1]: Started Phosphor LED Group Management Daemon.
Jul 19 16:39:39 witherspoon kernel[983]: [    1.910000] jffs2: version 2.2. (SUMMARY)  © 2001-2006 Red Hat, Inc.
Jul 19 16:39:49 witherspoon systemd[1]: Starting Hostname Service...
Jul 19 16:39:51 witherspoon phosphor-hwmon-readd[1024]: Usage: /usr/sbin/phosphor-hwmon-readd [options]
Jul 19 16:39:51 witherspoon phosphor-hwmon-readd[1024]: Options:
Jul 19 16:39:51 witherspoon phosphor-hwmon-readd[1024]:     --help               print this menu
Jul 19 16:39:51 witherspoon phosphor-hwmon-readd[1024]:     --path=<path>        sysfs location to monitor
Jul 19 16:39:51 witherspoon phosphor-hwmon-readd[1024]:     --of-name=<path>     open firmware device name to monitor
Jul 19 16:39:51 witherspoon phosphor-hwmon-readd[1024]: ERROR: Path not specified or invalid.
Jul 19 16:39:39 witherspoon kernel[983]: [    1.910000] Block layer SCSI generic (bsg) driver version 0.4 loaded (major 250)
Jul 19 16:39:49 witherspoon systemd[1014]: systemd-hostnamed.service: Failed at step NETWORK spawning /lib/systemd/systemd-hostnamed: Invalid argument
Jul 19 16:39:39 witherspoon kernel[983]: [    1.910000] io scheduler noop registered
Jul 19 16:39:49 witherspoon systemd[1]: systemd-hostnamed.service: Main process exited, code=exited, status=225/NETWORK
Jul 19 16:39:39 witherspoon kernel[983]: [    1.910000] io scheduler deadline registered
Jul 19 16:39:49 witherspoon systemd[1]: Failed to start Hostname Service.
Jul 19 16:39:39 witherspoon kernel[983]: [    1.910000] io scheduler cfq registered (default)
Jul 19 16:39:49 witherspoon systemd[1]: systemd-hostnamed.service: Unit entered failed state.
Jul 19 16:39:39 witherspoon kernel[983]: [    2.060000] ipmi-bt-host 1e789140.ibt: Found bt bmc device
Jul 19 16:39:49 witherspoon systemd[1]: systemd-hostnamed.service: Failed with result 'exit-code'.
Jul 19 16:39:39 witherspoon kernel[983]: [    2.060000] ipmi-bt-host 1e789140.ibt: Using IRQ 22
Jul 19 16:39:49 witherspoon systemd[1]: xyz.openbmc_project.Hwmon@ahb-apb-i2c\x401e78a000-i2c\x2dbus\x40100-dps310\x4076.service: Service hold-off time over, scheduling restart.
Jul 19 16:39:39 witherspoon kernel[983]: [    2.060000] Serial: 8250/16550 driver, 6 ports, IRQ sharing enabled
Jul 19 16:39:49 witherspoon systemd[1]: Stopped Phosphor Hwmon Poller.
Jul 19 16:39:39 witherspoon kernel[983]: [    2.060000] 1e783000.serial: ttyS0 at MMIO 0x1e783000 (irq = 23, base_baud = 1500000) is a 16550A
Jul 19 16:39:49 witherspoon systemd[1]: Started Phosphor Hwmon Poller.
Jul 19 16:39:39 witherspoon kernel[983]: [    2.060000] 1e78d000.serial: ttyS1 at MMIO 0x1e78d000 (irq = 24, base_baud = 1500000) is a 16550A
Jul 19 16:39:49 witherspoon systemd[1]: xyz.openbmc_project.Hwmon@ahb-apb-i2c\x401e78a000-i2c\x2dbus\x40100-dps310\x4076.service: Main process exited, code=exited, status=255/n/a
Jul 19 16:39:39 witherspoon kernel[983]: [    2.060000] 1e784000.serial: ttyS4 at MMIO 0x1e784000 (irq = 25, base_baud = 1500000) is a 16550A
Jul 19 16:39:49 witherspoon systemd[1]: xyz.openbmc_project.Hwmon@ahb-apb-i2c\x401e78a000-i2c\x2dbus\x40100-dps310\x4076.service: Unit entered failed state.
Jul 19 16:39:39 witherspoon kernel[983]: [    2.410000] console [ttyS4] enabled
Jul 19 16:39:49 witherspoon systemd[1]: xyz.openbmc_project.Hwmon@ahb-apb-i2c\x401e78a000-i2c\x2dbus\x40100-dps310\x4076.service: Failed with result 'exit-code'.
Jul 19 16:39:39 witherspoon kernel[983]: [    2.410000] 1e787000.vuart: ttyS2 at MMIO 0x1e787000 (irq = 22, base_baud = 1500000) is a 16550A
Jul 19 16:39:49 witherspoon systemd[1]: xyz.openbmc_project.Hwmon@ahb-apb-i2c\x401e78a000-i2c\x2dbus\x40100-dps310\x4076.service: Service hold-off time over, scheduling restart.
Jul 19 16:39:39 witherspoon kernel[983]: [    2.600000] timeriomem_rng 1e6e2078.hwrng: 32bits from 0xf00e2078 @ 1us
Jul 19 16:39:49 witherspoon systemd[1]: Stopped Phosphor Hwmon Poller.
Jul 19 16:39:39 witherspoon kernel[983]: [    2.620000] random: fast init done
Jul 19 16:39:49 witherspoon systemd[1]: Started Phosphor Hwmon Poller.
Jul 19 16:39:39 witherspoon kernel[983]: [    2.640000] brd: module loaded
Jul 19 16:39:49 witherspoon systemd[1]: xyz.openbmc_project.Hwmon@ahb-apb-i2c\x401e78a000-i2c\x2dbus\x40100-dps310\x4076.service: Main process exited, code=exited, status=255/n/a
Jul 19 16:39:39 witherspoon kernel[983]: [    2.670000] loop: module loaded
Jul 19 16:39:49 witherspoon systemd[1]: xyz.openbmc_project.Hwmon@ahb-apb-i2c\x401e78a000-i2c\x2dbus\x40100-dps310\x4076.service: Unit entered failed state.
Jul 19 16:39:39 witherspoon kernel[983]: [    2.670000] aspeed-lpc-ctrl 1e789080.lpc-ctrl: Loaded at 0x98000000 (0x04000000)
Jul 19 16:39:49 witherspoon systemd[1]: xyz.openbmc_project.Hwmon@ahb-apb-i2c\x401e78a000-i2c\x2dbus\x40100-dps310\x4076.service: Failed with result 'exit-code'.
Jul 19 16:39:39 witherspoon kernel[983]: [    2.680000] aspeed-smc 1e620000.flash-controller: Using IRQ 18
Jul 19 16:39:50 witherspoon systemd[1]: xyz.openbmc_project.Hwmon@ahb-apb-i2c\x401e78a000-i2c\x2dbus\x40100-dps310\x4076.service: Service hold-off time over, scheduling restart.
Jul 19 16:39:39 witherspoon kernel[983]: [    2.680000] aspeed-smc 1e620000.flash-controller: DMA support disabled.
Jul 19 16:39:50 witherspoon systemd[1]: Stopped Phosphor Hwmon Poller.
Jul 19 16:39:39 witherspoon kernel[983]: [    2.700000] aspeed-smc 1e620000.flash-controller: mx25l25635e (32768 Kbytes)
Jul 19 16:39:50 witherspoon systemd[1]: Started Phosphor Hwmon Poller.
Jul 19 16:39:39 witherspoon kernel[983]: [    2.700000] aspeed-smc 1e620000.flash-controller: CE0 window [ 0x20000000 - 0x22000000 ] 32MB
Jul 19 16:39:50 witherspoon systemd[1]: xyz.openbmc_project.Hwmon@ahb-apb-i2c\x401e78a000-i2c\x2dbus\x40100-dps310\x4076.service: Main process exited, code=exited, status=255/n/a
Jul 19 16:39:39 witherspoon kernel[983]: [    2.700000] aspeed-smc 1e620000.flash-controller: CE1 window [ 0x22000000 - 0x2a000000 ] 128MB
Jul 19 16:39:50 witherspoon systemd[1]: xyz.openbmc_project.Hwmon@ahb-apb-i2c\x401e78a000-i2c\x2dbus\x40100-dps310\x4076.service: Unit entered failed state.
Jul 19 16:39:39 witherspoon kernel[983]: [    2.720000] 5 ofpart partitions found on MTD device bmc
Jul 19 16:39:50 witherspoon systemd[1]: xyz.openbmc_project.Hwmon@ahb-apb-i2c\x401e78a000-i2c\x2dbus\x40100-dps310\x4076.service: Failed with result 'exit-code'.
Jul 19 16:39:39 witherspoon kernel[983]: [    2.720000] Creating 5 MTD partitions on "bmc":
Jul 19 16:39:50 witherspoon systemd[1]: xyz.openbmc_project.Hwmon@ahb-apb-i2c\x401e78a000-i2c\x2dbus\x40100-dps310\x4076.service: Service hold-off time over, scheduling restart.
Jul 19 16:39:39 witherspoon kernel[983]: [    2.720000] 0x000000000000-0x000000060000 : "u-boot"
Jul 19 16:39:50 witherspoon systemd[1]: Stopped Phosphor Hwmon Poller.
Jul 19 16:39:39 witherspoon kernel[983]: [    2.720000] 0x000000060000-0x000000080000 : "u-boot-env"
Jul 19 16:39:50 witherspoon systemd[1]: Started Phosphor Hwmon Poller.
Jul 19 16:39:39 witherspoon kernel[983]: [    2.760000] 0x000000080000-0x0000004c0000 : "kernel"
Jul 19 16:39:51 witherspoon systemd[1]: Started Phosphor Version Software Manager.
Jul 19 16:39:39 witherspoon kernel[983]: [    2.760000] 0x0000004c0000-0x000001c00000 : "rofs"
Jul 19 16:39:51 witherspoon systemd[1]: xyz.openbmc_project.Hwmon@ahb-apb-i2c\x401e78a000-i2c\x2dbus\x40100-dps310\x4076.service: Main process exited, code=exited, status=255/n/a
Jul 19 16:39:39 witherspoon kernel[983]: [    2.780000] 0x000001c00000-0x000002000000 : "rwfs"
Jul 19 16:39:51 witherspoon systemd[1]: xyz.openbmc_project.Hwmon@ahb-apb-i2c\x401e78a000-i2c\x2dbus\x40100-dps310\x4076.service: Unit entered failed state.
Jul 19 16:39:39 witherspoon kernel[983]: [    2.780000] aspeed-smc 1e620000.flash-controller: mx25l25635e (32768 Kbytes)
Jul 19 16:39:51 witherspoon systemd[1]: xyz.openbmc_project.Hwmon@ahb-apb-i2c\x401e78a000-i2c\x2dbus\x40100-dps310\x4076.service: Failed with result 'exit-code'.
Jul 19 16:39:39 witherspoon kernel[983]: [    2.790000] aspeed-smc 1e620000.flash-controller: CE1 window [ 0x22000000 - 0x24000000 ] 32MB
Jul 19 16:39:52 witherspoon systemd[1]: Started Phosphor BMC0 Control.
Jul 19 16:39:39 witherspoon kernel[983]: [    2.790000] aspeed-smc 1e620000.flash-controller: CE2 window [ 0x24000000 - 0x2c000000 ] 128MB
Jul 19 16:39:52 witherspoon systemd[1]: xyz.openbmc_project.Hwmon@ahb-apb-i2c\x401e78a000-i2c\x2dbus\x40100-dps310\x4076.service: Service hold-off time over, scheduling restart.
Jul 19 16:39:39 witherspoon kernel[983]: [    2.820000] aspeed-smc 1e630000.flash-controller: mx66l1g45g (131072 Kbytes)
Jul 19 16:39:52 witherspoon systemd[1]: Stopped Phosphor Hwmon Poller.
Jul 19 16:39:39 witherspoon kernel[983]: [    2.820000] aspeed-smc 1e630000.flash-controller: CE0 window resized to 120MB (AST2500 HW quirk)
Jul 19 16:39:52 witherspoon systemd[1]: xyz.openbmc_project.Hwmon@ahb-apb-i2c\x401e78a000-i2c\x2dbus\x40100-dps310\x4076.service: Start request repeated too quickly.
Jul 19 16:39:39 witherspoon kernel[983]: [    2.830000] aspeed-smc 1e630000.flash-controller: CE0 window [ 0x30000000 - 0x37800000 ] 120MB
Jul 19 16:39:52 witherspoon systemd[1]: Failed to start Phosphor Hwmon Poller.
Jul 19 16:39:39 witherspoon kernel[983]: [    2.830000] aspeed-smc 1e630000.flash-controller: CE0 window too small for chip 128MB
Jul 19 16:39:52 witherspoon systemd[1]: xyz.openbmc_project.Hwmon@ahb-apb-i2c\x401e78a000-i2c\x2dbus\x40100-dps310\x4076.service: Unit entered failed state.
Jul 19 16:39:39 witherspoon kernel[983]: [    2.830000] aspeed-smc 1e630000.flash-controller: CE1 window [ 0x37800000 - 0x38000000 ] 8MB
Jul 19 16:39:52 witherspoon systemd[1]: xyz.openbmc_project.Hwmon@ahb-apb-i2c\x401e78a000-i2c\x2dbus\x40100-dps310\x4076.service: Failed with result 'exit-code'.
Jul 19 16:39:39 witherspoon kernel[983]: [    3.580000] libphy: Fixed MDIO Bus: probed
Jul 19 16:39:39 witherspoon kernel[983]: [    3.580000] ftgmac100 1e660000.ethernet: Read MAC address 70:e2:84:14:28:a9 from chip
Jul 19 16:39:39 witherspoon kernel[983]: [    3.580000] ftgmac100 1e660000.ethernet: Using NCSI interface
Jul 19 16:39:39 witherspoon kernel[983]: [    3.580000] ftgmac100 1e660000.ethernet eth0: irq 20, mapped at f0060000
Jul 19 16:39:39 witherspoon kernel[983]: [    3.580000] ehci_hcd: USB 2.0 'Enhanced' Host Controller (EHCI) Driver
Jul 19 16:39:39 witherspoon kernel[983]: [    3.670000] ehci-platform: EHCI generic platform driver
Jul 19 16:39:39 witherspoon kernel[983]: [    3.830000]  fsi0: can't read slave 00:00 -5
Jul 19 16:39:39 witherspoon kernel[983]: [    3.830000] i2c /dev entries driver
Jul 19 16:39:39 witherspoon kernel[983]: [    3.830000] aspeed-i2c-bus 1e78a0c0.i2c-bus: i2c bus 2 registered, irq 26
Jul 19 16:39:39 witherspoon kernel[983]: [    3.830000] aspeed-i2c-bus 1e78a100.i2c-bus: i2c bus 3 registered, irq 27
Jul 19 16:39:39 witherspoon kernel[983]: [    3.830000] aspeed-i2c-bus 1e78a140.i2c-bus: i2c bus 4 registered, irq 28
Jul 19 16:39:39 witherspoon kernel[983]: [    3.830000] aspeed-i2c-bus 1e78a180.i2c-bus: i2c bus 5 registered, irq 29
Jul 19 16:39:39 witherspoon kernel[983]: [    3.830000] aspeed-i2c-bus 1e78a380.i2c-bus: i2c bus 9 registered, irq 30
Jul 19 16:39:39 witherspoon kernel[983]: [    3.830000] aspeed-i2c-bus 1e78a3c0.i2c-bus: i2c bus 10 registered, irq 31
Jul 19 16:39:39 witherspoon kernel[983]: [    3.830000] rtc-rv8803 11-0032: Voltage low, temperature compensation stopped.
Jul 19 16:39:39 witherspoon kernel[983]: [    3.930000] rtc-rv8803 11-0032: rtc core: registered rx8900 as rtc0
Jul 19 16:39:39 witherspoon kernel[983]: [    3.940000] at24 11-0051: 8192 byte 24c64 EEPROM, writable, 1 bytes/write
Jul 19 16:39:39 witherspoon kernel[983]: [    3.940000] aspeed-i2c-bus 1e78a400.i2c-bus: i2c bus 11 registered, irq 32
Jul 19 16:39:39 witherspoon kernel[983]: [    3.940000] aspeed-i2c-bus 1e78a440.i2c-bus: i2c bus 12 registered, irq 33
Jul 19 16:39:39 witherspoon kernel[983]: [    3.940000] aspeed-i2c-bus 1e78a480.i2c-bus: i2c bus 13 registered, irq 34
Jul 19 16:39:39 witherspoon kernel[983]: [    3.940000] Driver for 1-wire Dallas network protocol.
Jul 19 16:39:39 witherspoon kernel[983]: [    3.940000] lm75 9-004a: hwmon0: sensor 'tmp275'
Jul 19 16:39:39 witherspoon kernel[983]: [    4.030000] random: crng init done
Jul 19 16:39:39 witherspoon kernel[983]: [    4.410000] ucd9000 11-0064: Device ID UCD90160|2.3.4.0000|110603
Jul 19 16:39:39 witherspoon kernel[983]: [    4.740000] leds-pca955x 3-0060: leds-pca955x: Using pca9552 16-bit LED driver at slave address 0x60
Jul 19 16:39:39 witherspoon kernel[983]: [    4.770000] leds-pca955x 11-0060: leds-pca955x: Using pca9552 16-bit LED driver at slave address 0x60
Jul 19 16:39:39 witherspoon kernel[983]: [    4.780000] leds-pca955x 11-0060: gpios 264...279
Jul 19 16:39:39 witherspoon kernel[983]: [    4.780000] usbcore: registered new interface driver usbhid
Jul 19 16:39:39 witherspoon kernel[983]: [    4.790000] usbhid: USB HID core driver
Jul 19 16:39:39 witherspoon kernel[983]: [    4.810000] bmp280: probe of 3-0077 failed with error -5
Jul 19 16:39:39 witherspoon kernel[983]: [    4.820000] dps310 3-0076: iio:device1: sensor 'dps310'
Jul 19 16:39:39 witherspoon kernel[983]: [    4.830000] NET: Registered protocol family 10
Jul 19 16:39:39 witherspoon kernel[983]: [    4.830000] Segment Routing with IPv6
Jul 19 16:39:39 witherspoon kernel[983]: [    4.830000] NET: Registered protocol family 17
Jul 19 16:39:39 witherspoon kernel[983]: [    4.840000] 8021q: 802.1Q VLAN Support v1.8
Jul 19 16:39:39 witherspoon kernel[983]: [    4.840000] console [netcon0] enabled
Jul 19 16:39:39 witherspoon kernel[983]: [    4.840000] netconsole: network logging started
Jul 19 16:39:39 witherspoon kernel[983]: [    4.860000] input: gpio-keys as /devices/platform/gpio-keys/input/input0
Jul 19 16:39:39 witherspoon kernel[983]: [    4.870000] rtc-rv8803 11-0032: setting system clock to 2017-07-19 16:39:04 UTC (1500482344)
Jul 19 16:39:39 witherspoon kernel[983]: [    4.880000] Freeing unused kernel memory: 284K
Jul 19 16:39:39 witherspoon kernel[983]: [    4.880000] This architecture does not have kernel memory protection.
Jul 19 16:39:39 witherspoon kernel[983]: [    6.420000] jffs2: notice: (525) jffs2_build_xattr_subsystem: complete building xattr subsystem, 0 of xdatum (0 unchecked, 0 orphan) and 0 of xref (0 dead, 0 orphan) found.
Jul 19 16:39:39 witherspoon kernel[983]: [    8.660000] systemd[1]: Failed to insert module 'autofs4': No such file or directory
Jul 19 16:39:39 witherspoon kernel[983]: [    8.660000] systemd[1]: systemd 232 running in system mode. (+PAM -AUDIT -SELINUX -IMA -APPARMOR -SMACK +SYSVINIT -UTMP -LIBCRYPTSETUP -GCRYPT -GNUTLS +ACL +XZ -LZ4 -SECCOMP +BLKID -ELFUTILS +KMOD -IDN)
Jul 19 16:39:39 witherspoon kernel[983]: [    8.860000] systemd[1]: Detected architecture arm.
Jul 19 16:39:39 witherspoon kernel[983]: [    8.920000] systemd[1]: Set hostname to <witherspoon>.
Jul 19 16:39:39 witherspoon kernel[983]: [   10.360000] systemd[1]: [/lib/systemd/system/xyz.openbmc_project.ObjectMapper.service:9] Unknown lvalue '--blacklists' in section 'Service'
Jul 19 16:39:39 witherspoon kernel[983]: [   10.500000] systemd[1]: Listening on Network Service Netlink Socket.
Jul 19 16:39:39 witherspoon kernel[983]: [   10.650000] systemd[1]: Listening on Journal Socket.
Jul 19 16:39:39 witherspoon kernel[983]: [   10.810000] systemd[1]: Reached target Remote File Systems.
Jul 19 16:39:39 witherspoon kernel[983]: [   10.970000] systemd[1]: Listening on Syslog Socket.
Jul 19 16:39:39 witherspoon kernel[983]: [   11.140000] systemd[1]: Created slice System Slice.
Jul 19 16:39:39 witherspoon kernel[983]: [   11.320000] systemd[1]: Created slice system-obmc\x2dled\x2dgroup\x2dstart.slice.
Jul 19 16:39:39 witherspoon kernel[983]: [   13.700000] systemd[1]: Created slice system-phosphor\x2dreset\x2dhost\x2dcheck.slice.
Jul 19 16:39:39 witherspoon kernel[983]: [   13.960000] systemd[1]: Started Forward Password Requests to Wall Directory Watch.
Jul 19 16:39:39 witherspoon kernel[983]: [   14.220000] systemd[1]: Listening on udev Control Socket.
Jul 19 16:39:39 witherspoon kernel[983]: [   14.490000] systemd[1]: Mounting Debug File System...
Jul 19 16:39:39 witherspoon kernel[983]: [   14.770000] systemd[1]: Created slice system-org.openbmc.buttons.Power.slice.
Jul 19 16:39:39 witherspoon kernel[983]: [   15.050000] systemd[1]: Created slice system-obmc\x2dconsole.slice.
Jul 19 16:39:39 witherspoon kernel[983]: [   15.340000] systemd[1]: dev-hugepages.mount: Couldn't determine result for ConditionVirtualization=!private-users, assuming failed: No such file or directory
Jul 19 16:39:53 witherspoon systemd-networkd[944]: eth0: Configured
Jul 19 16:39:39 witherspoon kernel[983]: [   15.340000] systemd[1]: Starting Journal Service...
Jul 19 16:39:54 witherspoon systemd-timesyncd[901]: Network configuration changed, trying to establish connection.
Jul 19 16:39:39 witherspoon kernel[983]: [   15.640000] systemd[1]: Listening on /dev/initctl Compatibility Named Pipe.
Jul 19 16:39:39 witherspoon kernel[983]: [   15.940000] systemd[1]: Starting Remount Root and Kernel File Systems...
Jul 19 16:39:39 witherspoon kernel[983]: [   18.970000] systemd[1]: Created slice system-org.openbmc.control.Bmc.slice.
Jul 19 16:39:39 witherspoon kernel[983]: [   19.340000] systemd[1]: Starting Apply Kernel Variables...
Jul 19 16:39:39 witherspoon kernel[983]: [   19.720000] systemd[1]: Created slice system-phosphor\x2dreset\x2dhost\x2drunning.slice.
Jul 19 16:39:39 witherspoon kernel[983]: [   20.100000] systemd[1]: Mounted Debug File System.
Jul 19 16:39:39 witherspoon kernel[983]: [   20.490000] systemd[1]: Mounted Temporary Directory.
Jul 19 16:39:39 witherspoon kernel[983]: [   20.890000] systemd[1]: Started Journal Service.
Jul 19 16:39:39 witherspoon kernel[983]: [   23.850000] systemd-journald[546]: Received request to flush runtime journal from PID 1
Jul 19 16:39:40 witherspoon avahi-daemon[954]: Found user 'avahi' (UID 998) and group 'avahi' (GID 999).
Jul 19 16:39:40 witherspoon avahi-daemon[954]: Successfully dropped root privileges.
Jul 19 16:39:40 witherspoon avahi-daemon[954]: avahi-daemon 0.6.32 starting up.
Jul 19 16:39:40 witherspoon avahi-daemon[954]: Successfully called chroot().
Jul 19 16:39:40 witherspoon avahi-daemon[954]: Successfully dropped remaining capabilities.
Jul 19 16:39:40 witherspoon avahi-daemon[954]: Loading service file /services/obmc_console.service.
Jul 19 16:39:40 witherspoon avahi-daemon[954]: Loading service file /services/phosphor_rest.service.
Jul 19 16:39:40 witherspoon avahi-daemon[954]: Loading service file /services/sftp-ssh.service.
Jul 19 16:39:40 witherspoon avahi-daemon[954]: Loading service file /services/sftp.service.
Jul 19 16:39:40 witherspoon avahi-daemon[954]: Loading service file /services/ssh.service.
Jul 19 16:39:40 witherspoon avahi-daemon[954]: Joining mDNS multicast group on interface eth0.IPv6 with address fe80::72e2:84ff:fe14:28a9.
Jul 19 16:39:40 witherspoon avahi-daemon[954]: New relevant interface eth0.IPv6 for mDNS.
Jul 19 16:39:40 witherspoon avahi-daemon[954]: Joining mDNS multicast group on interface eth0.IPv4 with address 9.3.21.61.
Jul 19 16:39:40 witherspoon avahi-daemon[954]: New relevant interface eth0.IPv4 for mDNS.
Jul 19 16:39:40 witherspoon avahi-daemon[954]: Network interface enumeration completed.
Jul 19 16:39:40 witherspoon avahi-daemon[954]: Registering new address record for fe80::72e2:84ff:fe14:28a9 on eth0.*.
Jul 19 16:39:40 witherspoon avahi-daemon[954]: Registering new address record for 9.3.21.61 on eth0.IPv4.
Jul 19 16:39:42 witherspoon kernel[983]: [   42.690000] ftgmac100 1e660000.ethernet eth0: NCSI interface up
Jul 19 16:39:42 witherspoon avahi-daemon[954]: Server startup complete. Host name is witherspoon.local. Local service cookie is 184000648.
Jul 19 16:39:44 witherspoon avahi-daemon[954]: Service "witherspoon" (/services/ssh.service) successfully established.
Jul 19 16:39:44 witherspoon avahi-daemon[954]: Service "sftp" (/services/sftp.service) successfully established.
Jul 19 16:39:44 witherspoon avahi-daemon[954]: Service "witherspoon" (/services/sftp-ssh.service) successfully established.
Jul 19 16:39:44 witherspoon avahi-daemon[954]: Service "phosphor_rest" (/services/phosphor_rest.service) successfully established.
Jul 19 16:39:44 witherspoon avahi-daemon[954]: Service "obmc_console" (/services/obmc_console.service) successfully established.
Jul 19 16:39:47 witherspoon avahi-daemon[954]: Service name conflict for "phosphor_rest" (/services/phosphor_rest.service), retrying with "phosphor_rest #2".
Jul 19 16:39:47 witherspoon avahi-daemon[954]: Service name conflict for "obmc_console" (/services/obmc_console.service), retrying with "obmc_console #2".
Jul 19 16:39:47 witherspoon avahi-daemon[954]: Service name conflict for "sftp" (/services/sftp.service), retrying with "sftp #2".
Jul 19 16:39:47 witherspoon avahi-daemon[954]: Service name conflict for "obmc_console" (/services/obmc_console.service), retrying with "obmc_console #3".
Jul 19 16:39:47 witherspoon avahi-daemon[954]: Service name conflict for "phosphor_rest" (/services/phosphor_rest.service), retrying with "phosphor_rest #3".
Jul 19 16:39:47 witherspoon avahi-daemon[954]: Service name conflict for "sftp" (/services/sftp.service), retrying with "sftp #3".
Jul 19 16:39:47 witherspoon dbus[943]: [system] Activating via systemd: service name='org.freedesktop.hostname1' unit='dbus-org.freedesktop.hostname1.service'
Jul 19 16:39:48 witherspoon dropbear[1012]: Failed loading /etc/dropbear/dropbear_dss_host_key
Jul 19 16:39:48 witherspoon dropbear[1012]: Failed loading /etc/dropbear/dropbear_ecdsa_host_key
Jul 19 16:39:48 witherspoon dropbear[1012]: Child connection from ::ffff:9.41.165.94:48368
Jul 19 16:39:50 witherspoon avahi-daemon[954]: Service name conflict for "obmc_console" (/services/obmc_console.service), retrying with "obmc_console #4".
Jul 19 16:39:50 witherspoon avahi-daemon[954]: Service name conflict for "phosphor_rest" (/services/phosphor_rest.service), retrying with "phosphor_rest #4".
Jul 19 16:39:50 witherspoon avahi-daemon[954]: Service name conflict for "sftp" (/services/sftp.service), retrying with "sftp #4".
Jul 19 16:39:51 witherspoon avahi-daemon[954]: Service name conflict for "obmc_console" (/services/obmc_console.service), retrying with "obmc_console #5".
Jul 19 16:39:51 witherspoon avahi-daemon[954]: Service name conflict for "phosphor_rest" (/services/phosphor_rest.service), retrying with "phosphor_rest #5".
Jul 19 16:39:51 witherspoon avahi-daemon[954]: Service name conflict for "sftp" (/services/sftp.service), retrying with "sftp #5".
Jul 19 16:39:52 witherspoon avahi-daemon[954]: Service name conflict for "obmc_console" (/services/obmc_console.service), retrying with "obmc_console #6".
Jul 19 16:39:52 witherspoon avahi-daemon[954]: Service name conflict for "phosphor_rest" (/services/phosphor_rest.service), retrying with "phosphor_rest #6".
Jul 19 16:39:52 witherspoon avahi-daemon[954]: Service name conflict for "sftp" (/services/sftp.service), retrying with "sftp #6".
Jul 19 16:39:53 witherspoon dropbear[1012]: PAM password auth succeeded for 'root' from ::ffff:9.41.165.94:48368
Jul 19 16:39:53 witherspoon dropbear[1027]: lastlog_perform_login: Couldn't stat /var/log/lastlog: No such file or directory
Jul 19 16:39:53 witherspoon dropbear[1027]: lastlog_openseek: /var/log/lastlog is not a file or directory!
Jul 19 16:39:53 witherspoon avahi-daemon[954]: Service name conflict for "obmc_console" (/services/obmc_console.service), retrying with "obmc_console #7".
Jul 19 16:39:53 witherspoon avahi-daemon[954]: Service name conflict for "phosphor_rest" (/services/phosphor_rest.service), retrying with "phosphor_rest #7".
Jul 19 16:39:53 witherspoon avahi-daemon[954]: Service name conflict for "sftp" (/services/sftp.service), retrying with "sftp #7".
Jul 19 16:39:54 witherspoon avahi-daemon[954]: Service name conflict for "obmc_console" (/services/obmc_console.service), retrying with "obmc_console #8".
Jul 19 16:39:54 witherspoon avahi-daemon[954]: Service name conflict for "phosphor_rest" (/services/phosphor_rest.service), retrying with "phosphor_rest #8".
Jul 19 16:39:54 witherspoon avahi-daemon[954]: Service name conflict for "sftp" (/services/sftp.service), retrying with "sftp #8".
Jul 19 16:39:55 witherspoon avahi-daemon[954]: Service name conflict for "obmc_console" (/services/obmc_console.service), retrying with "obmc_console #9".
Jul 19 16:39:55 witherspoon avahi-daemon[954]: Service name conflict for "phosphor_rest" (/services/phosphor_rest.service), retrying with "phosphor_rest #9".
Jul 19 16:39:55 witherspoon avahi-daemon[954]: Service name conflict for "sftp" (/services/sftp.service), retrying with "sftp #9".
Jul 19 16:39:56 witherspoon avahi-daemon[954]: Service name conflict for "obmc_console" (/services/obmc_console.service), retrying with "obmc_console #10".
Jul 19 16:39:56 witherspoon avahi-daemon[954]: Service name conflict for "phosphor_rest" (/services/phosphor_rest.service), retrying with "phosphor_rest #10".
Jul 19 16:39:56 witherspoon avahi-daemon[954]: Service name conflict for "sftp" (/services/sftp.service), retrying with "sftp #10".
Jul 19 16:39:57 witherspoon avahi-daemon[954]: Service name conflict for "obmc_console" (/services/obmc_console.service), retrying with "obmc_console #11".
Jul 19 16:39:57 witherspoon avahi-daemon[954]: Service name conflict for "phosphor_rest" (/services/phosphor_rest.service), retrying with "phosphor_rest #11".
Jul 19 16:39:57 witherspoon avahi-daemon[954]: Service name conflict for "sftp" (/services/sftp.service), retrying with "sftp #11".
Jul 19 16:39:59 witherspoon avahi-daemon[954]: Service name conflict for "obmc_console" (/services/obmc_console.service), retrying with "obmc_console #12".
Jul 19 16:39:59 witherspoon avahi-daemon[954]: Service name conflict for "phosphor_rest" (/services/phosphor_rest.service), retrying with "phosphor_rest #12".
Jul 19 16:39:59 witherspoon avahi-daemon[954]: Service name conflict for "sftp" (/services/sftp.service), retrying with "sftp #12".
Jul 19 16:40:00 witherspoon avahi-daemon[954]: Service name conflict for "obmc_console" (/services/obmc_console.service), retrying with "obmc_console #13".
Jul 19 16:40:00 witherspoon avahi-daemon[954]: Service name conflict for "phosphor_rest" (/services/phosphor_rest.service), retrying with "phosphor_rest #13".
Jul 19 16:40:00 witherspoon avahi-daemon[954]: Service name conflict for "sftp" (/services/sftp.service), retrying with "sftp #13".
Jul 19 16:40:01 witherspoon avahi-daemon[954]: Service name conflict for "obmc_console" (/services/obmc_console.service), retrying with "obmc_console #14".
Jul 19 16:40:01 witherspoon avahi-daemon[954]: Service name conflict for "phosphor_rest" (/services/phosphor_rest.service), retrying with "phosphor_rest #14".
Jul 19 16:40:01 witherspoon avahi-daemon[954]: Service name conflict for "sftp" (/services/sftp.service), retrying with "sftp #14".
Jul 19 16:40:02 witherspoon avahi-daemon[954]: Service name conflict for "obmc_console" (/services/obmc_console.service), retrying with "obmc_console #15".
Jul 19 16:40:02 witherspoon avahi-daemon[954]: Service name conflict for "phosphor_rest" (/services/phosphor_rest.service), retrying with "phosphor_rest #15".
Jul 19 16:40:02 witherspoon avahi-daemon[954]: Service name conflict for "sftp" (/services/sftp.service), retrying with "sftp #15".
Jul 19 16:40:05 witherspoon chassis_control.py[974]: Running ChassisControlService
Jul 19 16:40:06 witherspoon sensor_manager2.py[949]: Setting boot count to 3
Jul 19 16:40:06 witherspoon sensor_manager2.py[949]: Starting sensor manager
Jul 19 16:40:06 witherspoon inventory_items.py[947]: Loading from cache: /var/cache/obmc/org.openbmc.inventory.system.chassis.motherboard.apss@org.openbmc.InventoryItem.props
Jul 19 16:40:06 witherspoon inventory_items.py[947]: Loading from cache: /var/cache/obmc/org.openbmc.inventory.system.chassis.motherboard@org.openbmc.InventoryItem.props
Jul 19 16:40:06 witherspoon systemd[1]: Started Phosphor Chassis0 Control.
Jul 19 16:40:06 witherspoon systemd[1]: Started Phosphor Sensor Manager.
Jul 19 16:40:07 witherspoon systemd[1]: Started Phosphor Download Manager.
Jul 19 16:40:07 witherspoon download_manager.py[948]: Running Download Manager
Jul 19 16:40:07 witherspoon inventory_items.py[947]: Loading from cache: /var/cache/obmc/org.openbmc.inventory.system.chassis.motherboard.refclock@org.openbmc.InventoryItem.props
Jul 19 16:40:07 witherspoon inventory_items.py[947]: Loading from cache: /var/cache/obmc/org.openbmc.inventory.system.chassis.motherboard.todclock@org.openbmc.InventoryItem.props
Jul 19 16:40:07 witherspoon inventory_items.py[947]: Loading from cache: /var/cache/obmc/org.openbmc.inventory.system.chassis.motherboard.bmc@org.openbmc.InventoryItem.props
Jul 19 16:40:07 witherspoon inventory_items.py[947]: Caching: /org/openbmc/inventory/system/chassis/motherboard/bmc
Jul 19 16:40:07 witherspoon inventory_items.py[947]: Loading from cache: /var/cache/obmc/org.openbmc.inventory.system.chassis.motherboard.pcieclock@org.openbmc.InventoryItem.props
Jul 19 16:40:08 witherspoon systemd[1]: Started Phosphor Inventory Manager.
Jul 19 16:40:08 witherspoon inventory_items.py[947]: Running Inventory Manager
Jul 19 16:40:08 witherspoon systemd[1]: Started Phosphor User Manager.
Jul 19 16:40:08 witherspoon obmc-phosphor-userd[978]: Started
Jul 19 16:40:08 witherspoon phosphor-mapper[960]: ObjectMapper startup complete.  Discovery in progress...
Jul 19 16:40:09 witherspoon systemd[1]: Started Phosphor Network Manager.
Jul 19 16:40:09 witherspoon netman.py[965]: Started
Jul 19 16:40:09 witherspoon avahi-daemon[995]: ../../avahi-0.6.32/avahi-daemon/chroot.c: open() failed: No such file or directory
Jul 19 16:40:09 witherspoon avahi-daemon[954]: Failed to open /usr/share/dbus-1/interfaces/org.freedesktop.Avahi.Server.xml: Invalid argument
Jul 19 16:40:09 witherspoon avahi-daemon[954]: Failed to load introspection data.
Jul 19 16:40:12 witherspoon dbus[943]: [system] Failed to activate service 'org.freedesktop.hostname1': timed out
Jul 19 16:40:12 witherspoon phosphor-network-manager[966]: Failed to get hostname
Jul 19 16:40:12 witherspoon phosphor-network-manager[966]: The operation failed internally.
Jul 19 16:40:12 witherspoon phosphor-network-manager[966]: Error in mapper call
Jul 19 16:40:12 witherspoon systemd[1]: Started Phosphor Network Manager.
Jul 19 16:40:20 witherspoon phosphor-mapper[960]: ObjectMapper discovery complete
Jul 19 16:40:20 witherspoon systemd[1]: Started Phosphor DBus Service Discovery Manager.
Jul 19 16:40:20 witherspoon systemd[1]: Reached target Phosphor Object Mapper.
Jul 19 16:40:20 witherspoon systemd[1]: Starting Wait for /org/openbmc/control/flash/bios...
Jul 19 16:40:20 witherspoon systemd[1]: Starting Phoshpor System Manager...
Jul 19 16:40:20 witherspoon systemd[1]: Starting Wait for /org/openbmc/control/power0...
Jul 19 16:40:20 witherspoon systemd[1]: Starting Wait for /xyz/openbmc_project/led/groups...
Jul 19 16:40:20 witherspoon systemd[1]: Starting Wait for /org/openbmc/managers/Download...
Jul 19 16:40:20 witherspoon systemd[1]: Starting Wait for /xyz/openbmc_project/led/groups/bmc_booted...
Jul 19 16:40:20 witherspoon systemd[1]: Starting Phosphor Settings Manager...
Jul 19 16:40:20 witherspoon systemd[1]: Starting Wait for /org/openbmc/managers/System...
Jul 19 16:40:20 witherspoon systemd[1]: Starting Wait for /org/openbmc/NetworkManager/Interface...
Jul 19 16:40:20 witherspoon systemd[1]: Starting Wait for /xyz/openbmc_project/control/host0...
Jul 19 16:40:20 witherspoon systemd[1]: Started Phosphor DBus Monitor.
Jul 19 16:40:20 witherspoon systemd[1]: Starting Wait for /org/openbmc/control/bmc0...
Jul 19 16:40:22 witherspoon avahi-daemon[954]: Service name conflict for "obmc_console" (/services/obmc_console.service), retrying with "obmc_console #16".
Jul 19 16:40:20 witherspoon systemd[1]: Starting Wait for /xyz/openbmc_project/state/chassis0...
Jul 19 16:40:22 witherspoon avahi-daemon[954]: Service name conflict for "phosphor_rest" (/services/phosphor_rest.service), retrying with "phosphor_rest #16".
Jul 19 16:40:20 witherspoon systemd[1]: Starting Wait for /xyz/openbmc_project/state/host0...
Jul 19 16:40:22 witherspoon avahi-daemon[954]: Service name conflict for "sftp" (/services/sftp.service), retrying with "sftp #16".
Jul 19 16:40:20 witherspoon systemd[1]: Reached target Webserver (pre).
Jul 19 16:40:20 witherspoon systemd[1]: Started Phosphor Webserver.
Jul 19 16:40:20 witherspoon systemd[1]: Starting Wait for /xyz/openbmc_project/inventory...
Jul 19 16:40:22 witherspoon systemd[1]: Started Wait for /xyz/openbmc_project/inventory.
Jul 19 16:40:22 witherspoon systemd[1]: Started Phosphor Cooling Type.
Jul 19 16:40:22 witherspoon systemd[1]: Starting Read OpenPOWER-format VPD from EEPROM...
Jul 19 16:40:22 witherspoon systemd[1]: Starting OpenPOWER OCC controller...
Jul 19 16:40:22 witherspoon systemd[1]: Started Wait for /org/openbmc/NetworkManager/Interface.
Jul 19 16:40:22 witherspoon systemd[1]: Started Phosphor DNS Settings Cache Manager.
Jul 19 16:40:22 witherspoon systemd[1]: Started Wait for /org/openbmc/managers/Download.
Jul 19 16:40:22 witherspoon systemd[1]: Starting Phosphor BIOS Code Update...
Jul 19 16:40:22 witherspoon systemd[1]: Started Wait for /xyz/openbmc_project/led/groups/bmc_booted.
Jul 19 16:40:22 witherspoon systemd[1]: Starting Assert bmc_booted LED...
Jul 19 16:40:23 witherspoon systemd[1]: Started Wait for /org/openbmc/control/bmc0.
Jul 19 16:40:23 witherspoon systemd[1]: Starting Phosphor BMC Code Update...
Jul 19 16:40:23 witherspoon systemd[1]: Started Wait for /xyz/openbmc_project/led/groups.
Jul 19 16:40:23 witherspoon systemd[1]: Started FRU Fault monitor service.
Jul 19 16:40:24 witherspoon systemd[1]: Started OpenPOWER OCC controller.
Jul 19 16:40:24 witherspoon systemd[1]: Started Phosphor BIOS Code Update.
Jul 19 16:40:26 witherspoon systemd[1]: Started Assert bmc_booted LED.
Jul 19 16:40:28 witherspoon systemd[1]: Started Read OpenPOWER-format VPD from EEPROM.
Jul 19 16:40:33 witherspoon systemd[1]: Started Wait for /org/openbmc/control/flash/bios.
Jul 19 16:40:33 witherspoon systemd[1]: Started Initialize BIOS Flash.
Jul 19 16:40:36 witherspoon settings_manager.py[1039]: Running HostSettingsService
Jul 19 16:40:36 witherspoon systemd[1]: Started Phosphor Settings Manager.
Jul 19 16:40:36 witherspoon systemd[1]: Starting Wait for /org/openbmc/settings/host0...
Jul 19 16:40:36 witherspoon flash_bios.exe[1055]: Starting flasher: bios,,/org/openbmc/control/flash/bios,
Jul 19 16:40:36 witherspoon flash_bios.exe[1055]: flasher: , BMC = 1, address = 0x0
Jul 19 16:40:36 witherspoon flash_bios.exe[1055]: Setting up flash
Jul 19 16:40:37 witherspoon flash_bios.exe[1055]: Starting flasher: bios,,/org/openbmc/control/flash/bios,
Jul 19 16:40:37 witherspoon flash_bios.exe[1055]: flasher: , BMC = 1, address = 0x0
Jul 19 16:40:37 witherspoon flash_bios.exe[1055]: Setting up flash
Jul 19 16:40:37 witherspoon system_manager.py[1034]: Running System State: BASE_APPS
Jul 19 16:40:37 witherspoon systemd[1]: Started Phosphor BMC Code Update.
Jul 19 16:40:37 witherspoon bmc_update.py[1059]: Running Bmc Flash Control
Jul 19 16:40:37 witherspoon system_manager.py[1034]: SystemManager Init Done
Jul 19 16:40:37 witherspoon systemd[1]: Started Phoshpor System Manager.
Jul 19 16:40:37 witherspoon system_manager.py[1034]: Running SystemManager
Jul 19 16:40:37 witherspoon system_manager.py[1034]: SystemManager Goto System State: BMC_STARTING
Jul 19 16:40:37 witherspoon system_manager.py[1034]: Running System State: BMC_STARTING
Jul 19 16:40:38 witherspoon systemd[1]: Started Wait for /org/openbmc/settings/host0.
Jul 19 16:40:38 witherspoon systemd[1]: Started Phosphor Inband IPMI.
Jul 19 16:40:40 witherspoon systemd[1]: Started Wait for /org/openbmc/managers/System.
Jul 19 16:40:40 witherspoon systemd[1]: Starting Phosphor BMC State Manager...
Jul 19 16:40:40 witherspoon systemd[1]: Starting Phosphor Chassis State Manager...
Jul 19 16:40:40 witherspoon systemd[1]: Starting Phosphor Power Button0...
Jul 19 16:40:40 witherspoon systemd[1]: Starting Phosphor Host State Manager...
Jul 19 16:40:40 witherspoon systemd[1]: Starting Phosphor Power0 Control...
Jul 19 16:40:40 witherspoon systemd[1]: Starting Phosphor Reset Button0...
Jul 19 16:40:41 witherspoon phosphor-bmc-state-manager[1085]: Setting the BMCState field
Jul 19 16:40:41 witherspoon phosphor-bmc-state-manager[1085]: Setting the BMCState field
Jul 19 16:40:41 witherspoon phosphor-chassis-state-manager[1086]: Initial Chassis State will be Off
Jul 19 16:40:41 witherspoon systemd[1]: Started Phosphor BMC State Manager.
Jul 19 16:40:41 witherspoon systemd[1]: Started Phosphor Chassis State Manager.
Jul 19 16:40:41 witherspoon phosphor-host-state-manager[1090]: Initial Host State will be Off
Jul 19 16:40:41 witherspoon systemd[1]: Started Phosphor Host State Manager.
Jul 19 16:40:42 witherspoon system_manager.py[1034]: New object: /org/openbmc/control/power0 (:1.74)
Jul 19 16:40:42 witherspoon button_reset.exe[1092]: GPIO Lookup:  RESET_BUTTON = 353,both
Jul 19 16:40:42 witherspoon systemd[1]: Started Phosphor Reset Button0.
Jul 19 16:40:42 witherspoon avahi-daemon[954]: Service name conflict for "obmc_console" (/services/obmc_console.service), retrying with "obmc_console #17".
Jul 19 16:40:42 witherspoon avahi-daemon[954]: Service name conflict for "phosphor_rest" (/services/phosphor_rest.service), retrying with "phosphor_rest #17".
Jul 19 16:40:42 witherspoon avahi-daemon[954]: Service name conflict for "sftp" (/services/sftp.service), retrying with "sftp #17".
Jul 19 16:40:42 witherspoon button_power.exe[1087]: GPIO Lookup:  POWER_BUTTON = 347,both
Jul 19 16:40:42 witherspoon systemd[1]: Started Phosphor Power Button0.
Jul 19 16:40:42 witherspoon system_manager.py[1034]: Power GPIO config: ['SYS_PWROK_BUFF', '', [('SOFTWARE_PGOOD', True), ('BMC_POWER_UP', True)], [('BMC_CP0_RESET_N', False)], [], 'FSI_DATA', 'FSI_CLK', 'FSI_ENABLE', 'CRONUS_SEL', []]
Jul 19 16:40:42 witherspoon power_control.exe[1091]: Power GPIO latch output:
Jul 19 16:40:42 witherspoon power_control.exe[1091]: Power GPIO power good input: SYS_PWROK_BUFF
Jul 19 16:40:42 witherspoon power_control.exe[1091]: Power GPIO 2 power_up outputs
Jul 19 16:40:42 witherspoon power_control.exe[1091]: Power GPIO power_up[0] = SOFTWARE_PGOOD active HIGH
Jul 19 16:40:42 witherspoon power_control.exe[1091]: Power GPIO power_up[1] = BMC_POWER_UP active HIGH
Jul 19 16:40:42 witherspoon power_control.exe[1091]: Power GPIO 1 reset outputs
Jul 19 16:40:42 witherspoon power_control.exe[1091]: Power GPIO reset[0] = BMC_CP0_RESET_N active LOW
Jul 19 16:40:42 witherspoon power_control.exe[1091]: Power GPIO 0 pci reset outputs
Jul 19 16:40:42 witherspoon power_control.exe[1091]: FSI DATA GPIO: FSI_DATA
Jul 19 16:40:42 witherspoon power_control.exe[1091]: FSI CLK GPIO: FSI_CLK
Jul 19 16:40:42 witherspoon power_control.exe[1091]: FSI ENABLE GPIO: FSI_ENABLE
Jul 19 16:40:42 witherspoon power_control.exe[1091]: CRONUS SEL GPIO: CRONUS_SEL
Jul 19 16:40:42 witherspoon power_control.exe[1091]: Hostctl GPIO optionals: 0
Jul 19 16:40:43 witherspoon power_control.exe[1091]: GPIO Lookup:  SYS_PWROK_BUFF = 306,in
Jul 19 16:40:43 witherspoon power_control.exe[1091]: GPIO Lookup:  SOFTWARE_PGOOD = 417,out
Jul 19 16:40:43 witherspoon power_control.exe[1091]: GPIO Lookup:  BMC_POWER_UP = 305,out
Jul 19 16:40:43 witherspoon power_control.exe[1091]: GPIO Lookup:  BMC_CP0_RESET_N = 281,out
Jul 19 16:40:43 witherspoon power_control.exe[1091]: Pgood state: 0
Jul 19 16:40:43 witherspoon systemd[1]: Started Phosphor Power0 Control.
Jul 19 16:40:45 witherspoon systemd[1]: Started Wait for /xyz/openbmc_project/control/host0.
Jul 19 16:40:48 witherspoon systemd[1]: Started Wait for /xyz/openbmc_project/state/chassis0.
Jul 19 16:40:48 witherspoon systemd[1]: Started Wait for /xyz/openbmc_project/state/host0.
Jul 19 16:40:48 witherspoon systemd[1]: Starting Reboot If Enabled...
Jul 19 16:40:49 witherspoon system_manager.py[1034]: SystemManager Goto System State: BMC_READY
Jul 19 16:40:49 witherspoon system_manager.py[1034]: Running System State: BMC_READY
Jul 19 16:40:49 witherspoon systemd[1]: Started Wait for /org/openbmc/control/power0.
Jul 19 16:40:49 witherspoon systemd[1]: Starting Check Chassis0 pgood and create a file to indicate it...
Jul 19 16:40:49 witherspoon systemd[1]: Starting Phosphor Time Manager daemon...
Jul 19 16:40:49 witherspoon timemanager[1119]: Registering dbus methods
Jul 19 16:40:49 witherspoon timemanager[1119]: Last known time_mode: MANUAL
Jul 19 16:40:49 witherspoon timemanager[1119]: Last known time_owner: BMC
Jul 19 16:40:49 witherspoon timemanager[1119]: Empty DhcpNtp string
Jul 19 16:40:49 witherspoon timemanager[1119]: Reading Power Control key: pgood
Jul 19 16:40:49 witherspoon timemanager[1119]: Changing settings *allowed* now
Jul 19 16:40:49 witherspoon timemanager[1119]: Getting System Settings: time_mode
Jul 19 16:40:49 witherspoon phosphor-discover-system-state[1115]: Host power is off, checking power policy
Jul 19 16:40:49 witherspoon systemd[1]: Started Reboot If Enabled.
Jul 19 16:40:50 witherspoon systemd[1]: Started Check Chassis0 pgood and create a file to indicate it.
Jul 19 16:40:50 witherspoon systemd[1]: Reached target Chassis0 power on after reset.
Jul 19 16:40:50 witherspoon systemd[1]: Reached target Chassis0 (Reset Check).
Jul 19 16:40:50 witherspoon systemd[1]: Reached target Host0 running after reset.
Jul 19 16:40:50 witherspoon systemd[1]: Reached target Host0 (Reset Check).
Jul 19 16:40:50 witherspoon timemanager[1119]: Requested_Mode: MANUAL Current_Mode: MANUAL
Jul 19 16:40:50 witherspoon timemanager[1119]: Mode is already set to : MANUAL
Jul 19 16:40:50 witherspoon timemanager[1119]: Getting System Settings: time_owner
Jul 19 16:40:50 witherspoon timemanager[1119]: Owner is already set to : BMC
Jul 19 16:40:50 witherspoon timemanager[1119]: Getting System Settings: use_dhcp_ntp
Jul 19 16:40:50 witherspoon timemanager[1119]: use_dhcp_ntp = yes
Jul 19 16:40:50 witherspoon timemanager[1119]: Last known host_offset:0
Jul 19 16:40:50 witherspoon timemanager[1119]: Initial Uptime Usec: 1500482339620743
Jul 19 16:40:50 witherspoon systemd[1]: Started Phosphor Time Manager daemon.
Jul 19 16:40:50 witherspoon systemd[1]: Reached target Phosphor System - Standby.
Jul 19 16:40:50 witherspoon systemd[1]: Startup finished in 8.442s (kernel) + 1min 42.287s (userspace) = 1min 50.730s.
Jul 19 16:40:50 witherspoon phosphor-bmc-state-manager[1085]: BMC_READY
Jul 19 16:40:50 witherspoon phosphor-bmc-state-manager[1085]: Setting the BMCState field
Jul 19 16:40:54 witherspoon phosphor-gevent[1047]: Traceback (most recent call last):
Jul 19 16:40:54 witherspoon phosphor-gevent[1047]:   File "/usr/lib/python2.7/site-packages/gevent/greenlet.py", line 327, in run
Jul 19 16:40:54 witherspoon phosphor-gevent[1047]:     result = self._run(*self.args, **self.kwargs)
Jul 19 16:40:54 witherspoon phosphor-gevent[1047]:   File "/usr/lib/python2.7/site-packages/gevent/server.py", line 102, in wrap_socket_and_handle
Jul 19 16:40:54 witherspoon phosphor-gevent[1047]:     ssl_socket = self.wrap_socket(client_socket, **self.ssl_args)
Jul 19 16:40:54 witherspoon phosphor-gevent[1047]:   File "/usr/lib/python2.7/site-packages/gevent/ssl.py", line 404, in wrap_socket
Jul 19 16:40:54 witherspoon phosphor-gevent[1047]:     ciphers=ciphers)
Jul 19 16:40:54 witherspoon phosphor-gevent[1047]:   File "/usr/lib/python2.7/site-packages/gevent/ssl.py", line 113, in __init__
Jul 19 16:40:54 witherspoon phosphor-gevent[1047]:     self.do_handshake()
Jul 19 16:40:54 witherspoon phosphor-gevent[1047]:   File "/usr/lib/python2.7/site-packages/gevent/ssl.py", line 324, in do_handshake
Jul 19 16:40:54 witherspoon phosphor-gevent[1047]:     return self._sslobj.do_handshake()
Jul 19 16:40:54 witherspoon phosphor-gevent[1047]: SSLEOFError: EOF occurred in violation of protocol (_ssl.c:590)
Jul 19 16:40:54 witherspoon phosphor-gevent[1047]: <Greenlet at 0x760253f0: <bound method WSGIServer.wrap_socket_and_handle of <WSGIServer at 0x75ffbb50 fileno=5 address=('::34f2:f076:b0cd:6676%1986448800', 443, 0, 1986448800)>>(<socket at 0x75ed2830 fileno=9>, ('::80d9:6476:8e91:f402%1995430684', 49390, 0, 199)> failed with SSLEOFError
Jul 19 16:40:54 witherspoon phosphor-gevent[1047]: Traceback (most recent call last):
Jul 19 16:40:54 witherspoon phosphor-gevent[1047]:   File "/usr/lib/python2.7/site-packages/gevent/greenlet.py", line 327, in run
Jul 19 16:40:54 witherspoon phosphor-gevent[1047]:     result = self._run(*self.args, **self.kwargs)
Jul 19 16:40:54 witherspoon phosphor-gevent[1047]:   File "/usr/lib/python2.7/site-packages/gevent/server.py", line 102, in wrap_socket_and_handle
Jul 19 16:40:54 witherspoon phosphor-gevent[1047]:     ssl_socket = self.wrap_socket(client_socket, **self.ssl_args)
Jul 19 16:40:54 witherspoon phosphor-gevent[1047]:   File "/usr/lib/python2.7/site-packages/gevent/ssl.py", line 404, in wrap_socket
Jul 19 16:40:54 witherspoon phosphor-gevent[1047]:     ciphers=ciphers)
Jul 19 16:40:54 witherspoon phosphor-gevent[1047]:   File "/usr/lib/python2.7/site-packages/gevent/ssl.py", line 113, in __init__
Jul 19 16:40:54 witherspoon phosphor-gevent[1047]:     self.do_handshake()
Jul 19 16:40:54 witherspoon phosphor-gevent[1047]:   File "/usr/lib/python2.7/site-packages/gevent/ssl.py", line 324, in do_handshake
Jul 19 16:40:54 witherspoon phosphor-gevent[1047]:     return self._sslobj.do_handshake()
Jul 19 16:40:54 witherspoon phosphor-gevent[1047]: SSLEOFError: EOF occurred in violation of protocol (_ssl.c:590)
Jul 19 16:40:54 witherspoon phosphor-gevent[1047]: <Greenlet at 0x760256c0: <bound method WSGIServer.wrap_socket_and_handle of <WSGIServer at 0x75ffbb50 fileno=5 address=('::34f2:f076:b0cd:6676%1986448800', 443, 0, 1986448800)>>(<socket at 0x75ed27d0 fileno=10>, ('::80d9:6476:8e91:f402%1995430684', 49394, 0, 199)> failed with SSLEOFError
Jul 19 16:40:54 witherspoon phosphor-gevent[1047]: Traceback (most recent call last):
Jul 19 16:40:54 witherspoon phosphor-gevent[1047]:   File "/usr/lib/python2.7/site-packages/gevent/greenlet.py", line 327, in run
Jul 19 16:40:54 witherspoon phosphor-gevent[1047]:     result = self._run(*self.args, **self.kwargs)
Jul 19 16:40:54 witherspoon phosphor-gevent[1047]:   File "/usr/lib/python2.7/site-packages/gevent/server.py", line 102, in wrap_socket_and_handle
Jul 19 16:40:54 witherspoon phosphor-gevent[1047]:     ssl_socket = self.wrap_socket(client_socket, **self.ssl_args)
Jul 19 16:40:54 witherspoon phosphor-gevent[1047]:   File "/usr/lib/python2.7/site-packages/gevent/ssl.py", line 404, in wrap_socket
Jul 19 16:40:54 witherspoon phosphor-gevent[1047]:     ciphers=ciphers)
Jul 19 16:40:54 witherspoon phosphor-gevent[1047]:   File "/usr/lib/python2.7/site-packages/gevent/ssl.py", line 113, in __init__
Jul 19 16:40:54 witherspoon phosphor-gevent[1047]:     self.do_handshake()
Jul 19 16:40:54 witherspoon phosphor-gevent[1047]:   File "/usr/lib/python2.7/site-packages/gevent/ssl.py", line 324, in do_handshake
Jul 19 16:40:54 witherspoon phosphor-gevent[1047]:     return self._sslobj.do_handshake()
Jul 19 16:40:54 witherspoon phosphor-gevent[1047]: SSLEOFError: EOF occurred in violation of protocol (_ssl.c:590)
Jul 19 16:40:54 witherspoon phosphor-gevent[1047]: <Greenlet at 0x760253a0: <bound method WSGIServer.wrap_socket_and_handle of <WSGIServer at 0x75ffbb50 fileno=5 address=('::34f2:f076:b0cd:6676%1986448800', 443, 0, 1986448800)>>(<socket at 0x75ed2870 fileno=11>, ('::80d9:6476:8e91:f402%1995430684', 49396, 0, 199)> failed with SSLEOFError
Jul 19 16:41:02 witherspoon avahi-daemon[954]: Service "phosphor_rest #17" (/services/phosphor_rest.service) successfully established.
Jul 19 16:41:02 witherspoon avahi-daemon[954]: Service "obmc_console #17" (/services/obmc_console.service) successfully established.
Jul 19 16:41:02 witherspoon avahi-daemon[954]: Service "sftp #17" (/services/sftp.service) successfully established.
Jul 19 16:41:08 witherspoon phosphor-gevent[1047]: ::80d9:6476:8e91:f402%1995430684 - - [2017-07-19 16:41:08] "POST /login HTTP/1.1" 200 320 0.045390
Jul 19 16:41:08 witherspoon phosphor-gevent[1047]: ::80d9:6476:8e91:f402%1995430684 - - [2017-07-19 16:41:08] "GET /xyz/openbmc_project/state/chassis0//attr/CurrentPowerState HTTP/1.1" 200 216 0.059571
Jul 19 16:41:09 witherspoon phosphor-gevent[1047]: ::80d9:6476:8e91:f402%1995430684 - - [2017-07-19 16:41:09] "POST /login HTTP/1.1" 200 320 0.032576
Jul 19 16:41:09 witherspoon phosphor-gevent[1047]: ::80d9:6476:8e91:f402%1995430684 - - [2017-07-19 16:41:09] "GET /xyz/openbmc_project/state/chassis0//attr/CurrentPowerState HTTP/1.1" 200 216 0.051619
Jul 19 16:41:09 witherspoon phosphor-gevent[1047]: ::80d9:6476:8e91:f402%1995430684 - - [2017-07-19 16:41:09] "POST /login HTTP/1.1" 200 320 0.047677
Jul 19 16:41:09 witherspoon phosphor-gevent[1047]: ::80d9:6476:8e91:f402%1995430684 - - [2017-07-19 16:41:09] "GET /org/openbmc/sensors/host/BootProgress/attr/value HTTP/1.1" 200 170 0.052680
Jul 19 16:41:09 witherspoon phosphor-gevent[1047]: ::80d9:6476:8e91:f402%1995430684 - - [2017-07-19 16:41:09] "POST /login HTTP/1.1" 200 320 0.032824
Jul 19 16:41:09 witherspoon phosphor-gevent[1047]: ::80d9:6476:8e91:f402%1995430684 - - [2017-07-19 16:41:09] "GET /xyz/openbmc_project/state/host0//attr/CurrentHostState HTTP/1.1" 200 212 0.049982
Jul 19 16:41:09 witherspoon phosphor-gevent[1047]: ::80d9:6476:8e91:f402%1995430684 - - [2017-07-19 16:41:09] "POST /login HTTP/1.1" 200 320 0.033192
Jul 19 16:41:09 witherspoon phosphor-gevent[1047]: ::80d9:6476:8e91:f402%1995430684 - - [2017-07-19 16:41:09] "GET /xyz/openbmc_project/logging/entry//list HTTP/1.1" 404 311 0.031425
Jul 19 16:41:10 witherspoon dropbear[1012]: Exit (root): Error reading: Connection reset by peer
Jul 19 16:41:10 witherspoon systemd[1]: Started SSH Per-Connection Server (9.41.165.94:48390).
Jul 19 16:41:10 witherspoon dropbear[1135]: Failed loading /etc/dropbear/dropbear_dss_host_key
Jul 19 16:41:10 witherspoon dropbear[1135]: Failed loading /etc/dropbear/dropbear_ecdsa_host_key
Jul 19 16:41:10 witherspoon dropbear[1135]: Child connection from ::ffff:9.41.165.94:48390
Jul 19 16:41:10 witherspoon dropbear[1135]: PAM password auth succeeded for 'root' from ::ffff:9.41.165.94:48390
Jul 19 16:41:10 witherspoon dropbear[1136]: lastlog_perform_login: Couldn't stat /var/log/lastlog: No such file or directory
Jul 19 16:41:10 witherspoon dropbear[1136]: lastlog_openseek: /var/log/lastlog is not a file or directory!
Jul 19 16:41:12 witherspoon phosphor-gevent[1047]: ::80d9:6476:8e91:f402%1995430684 - - [2017-07-19 16:41:12] "POST /login HTTP/1.1" 200 320 0.033649
Jul 19 16:41:12 witherspoon phosphor-gevent[1047]: ::80d9:6476:8e91:f402%1995430684 - - [2017-07-19 16:41:12] "GET /xyz/openbmc_project/state/host0//attr/CurrentHostState HTTP/1.1" 200 212 0.072664
Jul 19 16:41:12 witherspoon dropbear[1135]: Exit (root): Exited normally
Jul 19 16:41:14 witherspoon systemd[1]: Started SSH Per-Connection Server (9.41.165.94:48394).
Jul 19 16:41:15 witherspoon dropbear[1145]: Failed loading /etc/dropbear/dropbear_dss_host_key
Jul 19 16:41:15 witherspoon dropbear[1145]: Failed loading /etc/dropbear/dropbear_ecdsa_host_key
Jul 19 16:41:15 witherspoon dropbear[1145]: Child connection from ::ffff:9.41.165.94:48394
Jul 19 16:41:15 witherspoon dropbear[1145]: PAM password auth succeeded for 'root' from ::ffff:9.41.165.94:48394
Jul 19 16:41:15 witherspoon dropbear[1146]: lastlog_perform_login: Couldn't stat /var/log/lastlog: No such file or directory
Jul 19 16:41:15 witherspoon dropbear[1146]: lastlog_openseek: /var/log/lastlog is not a file or directory!
Jul 19 16:41:17 witherspoon phosphor-gevent[1047]: ::80d9:6476:8e91:f402%1995430684 - - [2017-07-19 16:41:17] "POST /login HTTP/1.1" 200 320 0.033050
Jul 19 16:41:17 witherspoon phosphor-gevent[1047]: ::80d9:6476:8e91:f402%1995430684 - - [2017-07-19 16:41:17] "PUT /org/openbmc/settings/host0/attr/power_policy HTTP/1.1" 200 169 0.174662
Jul 19 16:41:17 witherspoon phosphor-gevent[1047]: ::80d9:6476:8e91:f402%1995430684 - - [2017-07-19 16:41:17] "POST /login HTTP/1.1" 200 320 0.044631
Jul 19 16:41:17 witherspoon phosphor-gevent[1047]: ::80d9:6476:8e91:f402%1995430684 - - [2017-07-19 16:41:17] "GET /org/openbmc/settings/host0/attr/power_policy HTTP/1.1" 200 185 0.085857
Jul 19 16:41:17 witherspoon systemd[1]: Started SSH Per-Connection Server (9.41.165.94:48400).
Jul 19 16:41:17 witherspoon dropbear[1152]: Failed loading /etc/dropbear/dropbear_dss_host_key
Jul 19 16:41:17 witherspoon dropbear[1152]: Failed loading /etc/dropbear/dropbear_ecdsa_host_key
Jul 19 16:41:17 witherspoon dropbear[1152]: Child connection from ::ffff:9.41.165.94:48400
Jul 19 16:41:18 witherspoon dropbear[1152]: PAM password auth succeeded for 'root' from ::ffff:9.41.165.94:48400
Jul 19 16:41:18 witherspoon dropbear[1153]: lastlog_perform_login: Couldn't stat /var/log/lastlog: No such file or directory
Jul 19 16:41:18 witherspoon dropbear[1153]: lastlog_openseek: /var/log/lastlog is not a file or directory!
Jul 19 16:41:19 witherspoon phosphor-gevent[1047]: ::80d9:6476:8e91:f402%1995430684 - - [2017-07-19 16:41:19] "POST /login HTTP/1.1" 200 320 0.049618
Jul 19 16:41:19 witherspoon phosphor-gevent[1047]: ::80d9:6476:8e91:f402%1995430684 - - [2017-07-19 16:41:19] "GET /xyz/openbmc_project/state/chassis0//attr/CurrentPowerState HTTP/1.1" 200 216 0.049413
Jul 19 16:41:19 witherspoon phosphor-gevent[1047]: ::80d9:6476:8e91:f402%1995430684 - - [2017-07-19 16:41:19] "POST /login HTTP/1.1" 200 320 0.033616
Jul 19 16:41:19 witherspoon phosphor-gevent[1047]: ::80d9:6476:8e91:f402%1995430684 - - [2017-07-19 16:41:19] "GET /xyz/openbmc_project/state/bmc0//attr/CurrentBMCState HTTP/1.1" 200 212 0.049433
Jul 19 16:41:20 witherspoon phosphor-gevent[1047]: ::80d9:6476:8e91:f402%1995430684 - - [2017-07-19 16:41:20] "POST /login HTTP/1.1" 200 320 0.032763
Jul 19 16:41:20 witherspoon phosphor-gevent[1047]: ::80d9:6476:8e91:f402%1995430684 - - [2017-07-19 16:41:20] "GET /org/openbmc/sensors/host/BootProgress/attr/value HTTP/1.1" 200 170 0.053637
Jul 19 16:41:20 witherspoon phosphor-gevent[1047]: ::80d9:6476:8e91:f402%1995430684 - - [2017-07-19 16:41:20] "POST /login HTTP/1.1" 200 320 0.033376
Jul 19 16:41:20 witherspoon phosphor-gevent[1047]: ::80d9:6476:8e91:f402%1995430684 - - [2017-07-19 16:41:20] "GET /xyz/openbmc_project/state/host0//attr/CurrentHostState HTTP/1.1" 200 212 0.049363
Jul 19 16:41:20 witherspoon phosphor-gevent[1047]: ::80d9:6476:8e91:f402%1995430684 - - [2017-07-19 16:41:20] "POST /login HTTP/1.1" 200 320 0.032997
Jul 19 16:41:20 witherspoon phosphor-gevent[1047]: ::80d9:6476:8e91:f402%1995430684 - - [2017-07-19 16:41:20] "GET /xyz/openbmc_project/logging/entry//list HTTP/1.1" 404 311 0.030565
Jul 19 16:41:20 witherspoon systemd[1]: Started SSH Per-Connection Server (9.41.165.94:48412).
Jul 19 16:41:20 witherspoon dropbear[1156]: Failed loading /etc/dropbear/dropbear_dss_host_key
Jul 19 16:41:20 witherspoon dropbear[1156]: Failed loading /etc/dropbear/dropbear_ecdsa_host_key
Jul 19 16:41:20 witherspoon dropbear[1156]: Child connection from ::ffff:9.41.165.94:48412
Jul 19 16:41:21 witherspoon dropbear[1156]: PAM password auth succeeded for 'root' from ::ffff:9.41.165.94:48412
Jul 19 16:41:50 witherspoon phosphor-gevent[1047]: ::80d9:6476:8e91:f402%1995430684 - - [2017-07-19 16:41:50] "POST /login HTTP/1.1" 200 320 0.056905
Jul 19 16:41:50 witherspoon phosphor-gevent[1047]: ::80d9:6476:8e91:f402%1995430684 - - [2017-07-19 16:41:50] "POST /org/openbmc/control/flash/bios//action/update HTTP/1.1" 200 169 0.235287
Jul 19 16:41:50 witherspoon flash_bios.exe[1055]: Starting flasher: bios,/tmp/witherspoon_20170704n.pnor,/org/openbmc/control/flash/bios,
Jul 19 16:41:50 witherspoon flash_bios.exe[1055]: flasher: /tmp/witherspoon_20170704n.pnor, BMC = 1, address = 0x0
Jul 19 16:41:50 witherspoon flash_bios.exe[1055]: Setting up flash
Jul 19 16:41:50 witherspoon phosphor-gevent[1047]: ::80d9:6476:8e91:f402%1995430684 - - [2017-07-19 16:41:50] "POST /login HTTP/1.1" 200 320 0.118175
Jul 19 16:41:50 witherspoon phosphor-gevent[1047]: ::80d9:6476:8e91:f402%1995430684 - - [2017-07-19 16:41:50] "GET /org/openbmc/control/flash/bios HTTP/1.1" 200 396 0.074409
Jul 19 16:41:51 witherspoon phosphor-gevent[1047]: ::80d9:6476:8e91:f402%1995430684 - - [2017-07-19 16:41:51] "POST /login HTTP/1.1" 200 320 0.162914
Jul 19 16:41:51 witherspoon phosphor-gevent[1047]: ::80d9:6476:8e91:f402%1995430684 - - [2017-07-19 16:41:51] "GET /org/openbmc/control/flash/bios HTTP/1.1" 200 396 0.196074
Jul 19 16:42:01 witherspoon phosphor-gevent[1047]: ::80d9:6476:8e91:f402%1995430684 - - [2017-07-19 16:42:01] "POST /login HTTP/1.1" 200 320 0.038610
Jul 19 16:42:01 witherspoon phosphor-gevent[1047]: ::80d9:6476:8e91:f402%1995430684 - - [2017-07-19 16:42:01] "GET /org/openbmc/control/flash/bios HTTP/1.1" 200 396 0.067217
Jul 19 16:42:12 witherspoon phosphor-gevent[1047]: ::80d9:6476:8e91:f402%1995430684 - - [2017-07-19 16:42:12] "POST /login HTTP/1.1" 200 320 0.032953
Jul 19 16:42:12 witherspoon phosphor-gevent[1047]: ::80d9:6476:8e91:f402%1995430684 - - [2017-07-19 16:42:12] "GET /org/openbmc/control/flash/bios HTTP/1.1" 200 396 0.067838
Jul 19 16:42:22 witherspoon phosphor-gevent[1047]: ::80d9:6476:8e91:f402%1995430684 - - [2017-07-19 16:42:22] "POST /login HTTP/1.1" 200 320 0.033734
