-- Logs begin at Thu 2017-08-10 00:53:39 UTC, end at Thu 2017-08-10 00:56:43 UTC. --
Aug 10 00:53:39 witherspoon kernel: Booting Linux on physical CPU 0x0
Aug 10 00:53:39 witherspoon kernel: Linux version 4.10.17-03afe5775baf06c3037d62cc2a15628079af38c9 (jenkins@hudson) (gcc version 6.2.0 (GCC) ) #1 Tue Aug 1 17:31:09 UTC 2017
Aug 10 00:53:39 witherspoon kernel: CPU: ARMv6-compatible processor [410fb767] revision 7 (ARMv7), cr=00c5387d
Aug 10 00:53:39 witherspoon kernel: CPU: PIPT / VIPT nonaliasing data cache, VIPT nonaliasing instruction cache
Aug 10 00:53:39 witherspoon kernel: OF: fdt:Machine model: Witherspoon BMC
Aug 10 00:53:39 witherspoon kernel: Memory policy: Data cache writeback
Aug 10 00:53:39 witherspoon kernel: SOC Rev: 04030303
Aug 10 00:53:39 witherspoon kernel: On node 0 totalpages: 110592
Aug 10 00:53:39 witherspoon kernel: free_area_init_node: node 0, pgdat 805ff5f4, node_mem_map 9ec1a000
Aug 10 00:53:39 witherspoon kernel:   Normal zone: 992 pages used for memmap
Aug 10 00:53:39 witherspoon kernel:   Normal zone: 0 pages reserved
Aug 10 00:53:39 witherspoon kernel:   Normal zone: 110592 pages, LIFO batch:31
Aug 10 00:53:39 witherspoon kernel: pcpu-alloc: s0 r0 d32768 u32768 alloc=1*32768
Aug 10 00:53:39 witherspoon kernel: pcpu-alloc: [0] 0 
Aug 10 00:53:39 witherspoon kernel: Built 1 zonelists in Zone order, mobility grouping on.  Total pages: 109600
Aug 10 00:53:39 witherspoon kernel: Kernel command line: console=ttyS4,115200n8 root=/dev/ram rw
Aug 10 00:53:39 witherspoon kernel: PID hash table entries: 2048 (order: 1, 8192 bytes)
Aug 10 00:53:39 witherspoon kernel: Dentry cache hash table entries: 65536 (order: 6, 262144 bytes)
Aug 10 00:53:39 witherspoon kernel: Inode-cache hash table entries: 32768 (order: 5, 131072 bytes)
Aug 10 00:53:39 witherspoon kernel: Memory: 430440K/442368K available (4065K kernel code, 280K rwdata, 1192K rodata, 284K init, 111K bss, 11928K reserved, 0K cma-reserved)
Aug 10 00:53:39 witherspoon kernel: Virtual kernel memory layout:
                                        vector  : 0xffff0000 - 0xffff1000   (   4 kB)
                                        fixmap  : 0xffc00000 - 0xfff00000   (3072 kB)
                                        vmalloc : 0x9f800000 - 0xff800000   (1536 MB)
                                        lowmem  : 0x80000000 - 0x9f000000   ( 496 MB)
                                          .text : 0x80008000 - 0x80400940   (4067 kB)
                                          .init : 0x80585000 - 0x805cc000   ( 284 kB)
                                          .data : 0x805cc000 - 0x80612358   ( 281 kB)
                                           .bss : 0x80612358 - 0x8062e1f8   ( 112 kB)
Aug 10 00:53:39 witherspoon kernel: NR_IRQS:16 nr_irqs:16 16
Aug 10 00:53:39 witherspoon kernel: i2c controller registered, irq 16
Aug 10 00:53:39 witherspoon kernel: clocksource: moxart_timer: mask: 0xffffffff max_cycles: 0xffffffff, max_idle_ns: 77222644334 ns
Aug 10 00:53:39 witherspoon kernel: sched_clock: 32 bits at 100 Hz, resolution 10000000ns, wraps every 21474836475000000ns
Aug 10 00:53:39 witherspoon kernel: Calibrating delay loop... 789.70 BogoMIPS (lpj=3948544)
Aug 10 00:53:39 witherspoon kernel: pid_max: default: 32768 minimum: 301
Aug 10 00:53:39 witherspoon kernel: Mount-cache hash table entries: 1024 (order: 0, 4096 bytes)
Aug 10 00:53:39 witherspoon kernel: Mountpoint-cache hash table entries: 1024 (order: 0, 4096 bytes)
Aug 10 00:53:39 witherspoon kernel: CPU: Testing write buffer coherency: ok
Aug 10 00:53:39 witherspoon kernel: ftrace: allocating 14934 entries in 44 pages
Aug 10 00:53:39 witherspoon kernel: Setting up static identity map for 0x80008200 - 0x8000825c
Aug 10 00:53:39 witherspoon kernel: devtmpfs: initialized
Aug 10 00:53:39 witherspoon kernel: clocksource: jiffies: mask: 0xffffffff max_cycles: 0xffffffff, max_idle_ns: 19112604462750000 ns
Aug 10 00:53:39 witherspoon kernel: futex hash table entries: 256 (order: -1, 3072 bytes)
Aug 10 00:53:39 witherspoon kernel: pinctrl core: initialized pinctrl subsystem
Aug 10 00:53:39 witherspoon kernel: NET: Registered protocol family 16
Aug 10 00:53:39 witherspoon kernel: DMA: preallocated 256 KiB pool for atomic coherent allocations
Aug 10 00:53:39 witherspoon kernel: usbcore: registered new interface driver usbfs
Aug 10 00:53:39 witherspoon kernel: usbcore: registered new interface driver hub
Aug 10 00:53:39 witherspoon kernel: usbcore: registered new device driver usb
Aug 10 00:53:39 witherspoon kernel: clocksource: Switched to clocksource moxart_timer
Aug 10 00:53:39 witherspoon kernel: NET: Registered protocol family 2
Aug 10 00:53:39 witherspoon kernel: TCP established hash table entries: 4096 (order: 2, 16384 bytes)
Aug 10 00:53:39 witherspoon kernel: TCP bind hash table entries: 4096 (order: 2, 16384 bytes)
Aug 10 00:53:39 witherspoon kernel: TCP: Hash tables configured (established 4096 bind 4096)
Aug 10 00:53:39 witherspoon kernel: UDP hash table entries: 256 (order: 0, 4096 bytes)
Aug 10 00:53:39 witherspoon kernel: UDP-Lite hash table entries: 256 (order: 0, 4096 bytes)
Aug 10 00:53:39 witherspoon kernel: NET: Registered protocol family 1
Aug 10 00:53:39 witherspoon kernel: Trying to unpack rootfs image as initramfs...
Aug 10 00:53:39 witherspoon kernel: Freeing initrd memory: 1544K
Aug 10 00:53:39 witherspoon kernel: workingset: timestamp_bits=30 max_order=17 bucket_order=0
Aug 10 00:53:39 witherspoon kernel: squashfs: version 4.0 (2009/01/31) Phillip Lougher
Aug 10 00:53:39 witherspoon kernel: jffs2: version 2.2. (SUMMARY)  © 2001-2006 Red Hat, Inc.
Aug 10 00:53:39 witherspoon kernel: Block layer SCSI generic (bsg) driver version 0.4 loaded (major 250)
Aug 10 00:53:39 witherspoon kernel: io scheduler noop registered
Aug 10 00:53:39 witherspoon kernel: io scheduler deadline registered
Aug 10 00:53:39 witherspoon kernel: io scheduler cfq registered (default)
Aug 10 00:53:39 witherspoon kernel: ipmi-bt-host 1e789140.ibt: Found bt bmc device
Aug 10 00:53:39 witherspoon kernel: ipmi-bt-host 1e789140.ibt: Using IRQ 22
Aug 10 00:53:39 witherspoon kernel: Serial: 8250/16550 driver, 6 ports, IRQ sharing enabled
Aug 10 00:53:39 witherspoon kernel: 1e787000.vuart: ttyS0 at MMIO 0x1e787000 (irq = 22, base_baud = 1500000) is a 16550A
Aug 10 00:53:39 witherspoon kernel: 1e783000.serial: ttyS1 at MMIO 0x1e783000 (irq = 23, base_baud = 1500000) is a 16550A
Aug 10 00:53:39 witherspoon kernel: 1e78d000.serial: ttyS2 at MMIO 0x1e78d000 (irq = 24, base_baud = 1500000) is a 16550A
Aug 10 00:53:39 witherspoon kernel: 1e784000.serial: ttyS4 at MMIO 0x1e784000 (irq = 25, base_baud = 1500000) is a 16550A
Aug 10 00:53:39 witherspoon kernel: console [ttyS4] enabled
Aug 10 00:53:39 witherspoon kernel: timeriomem_rng 1e6e2078.hwrng: 32bits from 0xf00e2078 @ 1us
Aug 10 00:53:39 witherspoon kernel: random: fast init done
Aug 10 00:53:39 witherspoon kernel: brd: module loaded
Aug 10 00:53:39 witherspoon kernel: loop: module loaded
Aug 10 00:53:39 witherspoon kernel: random: crng init done
Aug 10 00:53:39 witherspoon kernel: aspeed-lpc-ctrl 1e789080.lpc-ctrl: Loaded at 0x98000000 (0x04000000)
Aug 10 00:53:39 witherspoon kernel: aspeed-smc 1e620000.flash-controller: Using IRQ 18
Aug 10 00:53:39 witherspoon kernel: aspeed-smc 1e620000.flash-controller: DMA support disabled.
Aug 10 00:53:39 witherspoon kernel: aspeed-smc 1e620000.flash-controller: mx25l25635e (32768 Kbytes)
Aug 10 00:53:39 witherspoon kernel: aspeed-smc 1e620000.flash-controller: CE0 window [ 0x20000000 - 0x22000000 ] 32MB
Aug 10 00:53:39 witherspoon kernel: aspeed-smc 1e620000.flash-controller: CE1 window [ 0x22000000 - 0x2a000000 ] 128MB
Aug 10 00:53:39 witherspoon kernel: 5 ofpart partitions found on MTD device bmc
Aug 10 00:53:39 witherspoon kernel: Creating 5 MTD partitions on "bmc":
Aug 10 00:53:39 witherspoon kernel: 0x000000000000-0x000000060000 : "u-boot"
Aug 10 00:53:39 witherspoon kernel: 0x000000060000-0x000000080000 : "u-boot-env"
Aug 10 00:53:39 witherspoon kernel: 0x000000080000-0x0000004c0000 : "kernel"
Aug 10 00:53:39 witherspoon kernel: 0x0000004c0000-0x000001c00000 : "rofs"
Aug 10 00:53:39 witherspoon kernel: 0x000001c00000-0x000002000000 : "rwfs"
Aug 10 00:53:39 witherspoon kernel: aspeed-smc 1e620000.flash-controller: mx25l25635e (32768 Kbytes)
Aug 10 00:53:39 witherspoon kernel: aspeed-smc 1e620000.flash-controller: CE1 window [ 0x22000000 - 0x24000000 ] 32MB
Aug 10 00:53:39 witherspoon kernel: aspeed-smc 1e620000.flash-controller: CE2 window [ 0x24000000 - 0x2c000000 ] 128MB
Aug 10 00:53:39 witherspoon kernel: aspeed-smc 1e630000.flash-controller: mx66l1g45g (131072 Kbytes)
Aug 10 00:53:39 witherspoon kernel: aspeed-smc 1e630000.flash-controller: CE0 window resized to 120MB (AST2500 HW quirk)
Aug 10 00:53:40 witherspoon kernel: aspeed-smc 1e630000.flash-controller: CE0 window [ 0x30000000 - 0x37800000 ] 120MB
Aug 10 00:53:40 witherspoon kernel: aspeed-smc 1e630000.flash-controller: CE0 window too small for chip 128MB
Aug 10 00:53:40 witherspoon kernel: aspeed-smc 1e630000.flash-controller: CE1 window [ 0x37800000 - 0x38000000 ] 8MB
Aug 10 00:53:40 witherspoon kernel: libphy: Fixed MDIO Bus: probed
Aug 10 00:53:40 witherspoon kernel: ftgmac100 1e660000.ethernet: Read MAC address 70:e2:84:14:23:e1 from chip
Aug 10 00:53:40 witherspoon kernel: ftgmac100 1e660000.ethernet: Using NCSI interface
Aug 10 00:53:40 witherspoon kernel: ftgmac100 1e660000.ethernet eth0: irq 20, mapped at f0060000
Aug 10 00:53:40 witherspoon kernel: ehci_hcd: USB 2.0 'Enhanced' Host Controller (EHCI) Driver
Aug 10 00:53:40 witherspoon kernel: ehci-platform: EHCI generic platform driver
Aug 10 00:53:40 witherspoon kernel:  fsi0: can't read slave 00:00 -5
Aug 10 00:53:40 witherspoon kernel: i2c /dev entries driver
Aug 10 00:53:40 witherspoon kernel: aspeed-i2c-bus 1e78a0c0.i2c-bus: i2c bus 2 registered, irq 26
Aug 10 00:53:40 witherspoon kernel: aspeed-i2c-bus 1e78a100.i2c-bus: i2c bus 3 registered, irq 27
Aug 10 00:53:40 witherspoon kernel: aspeed-i2c-bus 1e78a140.i2c-bus: i2c bus 4 registered, irq 28
Aug 10 00:53:40 witherspoon kernel: aspeed-i2c-bus 1e78a180.i2c-bus: i2c bus 5 registered, irq 29
Aug 10 00:53:40 witherspoon kernel: aspeed-i2c-bus 1e78a380.i2c-bus: i2c bus 9 registered, irq 30
Aug 10 00:53:40 witherspoon kernel: aspeed-i2c-bus 1e78a3c0.i2c-bus: i2c bus 10 registered, irq 31
Aug 10 00:53:40 witherspoon kernel: rtc-rv8803 11-0032: Voltage low, temperature compensation stopped.
Aug 10 00:53:40 witherspoon kernel: rtc-rv8803 11-0032: An alarm maybe have been missed.
Aug 10 00:53:40 witherspoon kernel: rtc-rv8803 11-0032: rtc core: registered rx8900 as rtc0
Aug 10 00:53:40 witherspoon kernel: at24 11-0051: 8192 byte 24c64 EEPROM, writable, 1 bytes/write
Aug 10 00:53:40 witherspoon kernel: aspeed-i2c-bus 1e78a400.i2c-bus: i2c bus 11 registered, irq 32
Aug 10 00:53:40 witherspoon kernel: aspeed-i2c-bus 1e78a440.i2c-bus: i2c bus 12 registered, irq 33
Aug 10 00:53:40 witherspoon kernel: aspeed-i2c-bus 1e78a480.i2c-bus: i2c bus 13 registered, irq 34
Aug 10 00:53:40 witherspoon kernel: Driver for 1-wire Dallas network protocol.
Aug 10 00:53:40 witherspoon kernel: lm75 9-004a: hwmon0: sensor 'tmp275'
Aug 10 00:53:40 witherspoon kernel: ucd9000 11-0064: Device ID UCD90160|2.3.4.0000|110603
Aug 10 00:53:40 witherspoon kernel: leds-pca955x 3-0060: leds-pca955x: Using pca9552 16-bit LED driver at slave address 0x60
Aug 10 00:53:40 witherspoon kernel: leds-pca955x 11-0060: leds-pca955x: Using pca9552 16-bit LED driver at slave address 0x60
Aug 10 00:53:40 witherspoon kernel: leds-pca955x 11-0060: gpios 264...279
Aug 10 00:53:40 witherspoon kernel: usbcore: registered new interface driver usbhid
Aug 10 00:53:40 witherspoon kernel: usbhid: USB HID core driver
Aug 10 00:53:40 witherspoon kernel: NET: Registered protocol family 10
Aug 10 00:53:40 witherspoon kernel: Segment Routing with IPv6
Aug 10 00:53:40 witherspoon kernel: NET: Registered protocol family 17
Aug 10 00:53:40 witherspoon kernel: 8021q: 802.1Q VLAN Support v1.8
Aug 10 00:53:40 witherspoon kernel: console [netcon0] enabled
Aug 10 00:53:40 witherspoon kernel: netconsole: network logging started
Aug 10 00:53:40 witherspoon kernel: input: gpio-keys as /devices/platform/gpio-keys/input/input0
Aug 10 00:53:40 witherspoon kernel: rtc-rv8803 11-0032: setting system clock to 2017-08-10 00:53:27 UTC (1502326407)
Aug 10 00:53:40 witherspoon kernel: Freeing unused kernel memory: 284K
Aug 10 00:53:40 witherspoon kernel: This architecture does not have kernel memory protection.
Aug 10 00:53:40 witherspoon kernel: jffs2: notice: (533) jffs2_build_xattr_subsystem: complete building xattr subsystem, 1 of xdatum (1 unchecked, 0 orphan) and 6 of xref (0 dead, 1 orphan) found.
Aug 10 00:53:40 witherspoon systemd[1]: Failed to insert module 'autofs4': No such file or directory
Aug 10 00:53:40 witherspoon systemd[1]: systemd 232 running in system mode. (+PAM -AUDIT -SELINUX -IMA -APPARMOR -SMACK +SYSVINIT -UTMP -LIBCRYPTSETUP -GCRYPT -GNUTLS +ACL +XZ -LZ4 -SECCOMP +BLKID -ELFUTILS +KMOD -IDN)
Aug 10 00:53:40 witherspoon systemd[1]: Detected architecture arm.
Aug 10 00:53:40 witherspoon systemd[1]: Set hostname to <witherspoon>.
Aug 10 00:53:40 witherspoon systemd[1]: Started Dispatch Password Requests to Console Directory Watch.
Aug 10 00:53:40 witherspoon systemd[1]: Listening on Journal Socket.
Aug 10 00:53:40 witherspoon systemd[1]: Started Forward Password Requests to Wall Directory Watch.
Aug 10 00:53:40 witherspoon systemd[1]: Reached target Paths.
Aug 10 00:53:40 witherspoon systemd[1]: Listening on Journal Socket (/dev/log).
Aug 10 00:53:40 witherspoon systemd[1]: Listening on Network Service Netlink Socket.
Aug 10 00:53:40 witherspoon systemd[1]: Listening on udev Control Socket.
Aug 10 00:53:40 witherspoon systemd-journald[598]: Journal started
Aug 10 00:53:40 witherspoon systemd-journald[598]: Runtime journal (/run/log/journal/cc6e1404d87444e8a089dfdb00a18f7d) is 0B, max 0B, 0B free.
Aug 10 00:53:40 witherspoon systemd-sysctl[588]: Couldn't write '16' to 'kernel/sysrq', ignoring: No such file or directory
Aug 10 00:53:40 witherspoon systemd-sysctl[588]: Couldn't write 'fq_codel' to 'net/core/default_qdisc', ignoring: No such file or directory
Aug 10 00:53:40 witherspoon systemd[1]: Started Apply Kernel Variables.
Aug 10 00:53:40 witherspoon systemd[1]: Started Remount Root and Kernel File Systems.
Aug 10 00:53:40 witherspoon systemd[1]: Starting Create System Users...
Aug 10 00:53:40 witherspoon systemd[1]: Starting Flush Journal to Persistent Storage...
Aug 10 00:53:40 witherspoon systemd[1]: Started Create System Users.
Aug 10 00:53:40 witherspoon systemd-journald[598]: Runtime journal (/run/log/journal/cc6e1404d87444e8a089dfdb00a18f7d) is 0B, max 0B, 0B free.
Aug 10 00:53:40 witherspoon systemd[1]: Starting Create Static Device Nodes in /dev...
Aug 10 00:53:40 witherspoon systemd[1]: Started Flush Journal to Persistent Storage.
Aug 10 00:53:41 witherspoon systemd[1]: Started Create Static Device Nodes in /dev.
Aug 10 00:53:41 witherspoon systemd[1]: Reached target Local File Systems (Pre).
Aug 10 00:53:41 witherspoon systemd[1]: Mounting /var/volatile...
Aug 10 00:53:41 witherspoon systemd[1]: Starting udev Kernel Device Manager...
Aug 10 00:53:41 witherspoon systemd[1]: Mounted /var/volatile.
Aug 10 00:53:41 witherspoon systemd[1]: Starting Load/Save Random Seed...
Aug 10 00:53:41 witherspoon systemd[1]: Reached target Local File Systems.
Aug 10 00:53:41 witherspoon systemd[1]: Starting Create Volatile Files and Directories...
Aug 10 00:53:41 witherspoon systemd[1]: Starting Rebuild Journal Catalog...
Aug 10 00:53:41 witherspoon systemd[1]: Started Rebuild Journal Catalog.
Aug 10 00:53:41 witherspoon systemd[1]: Starting Update is Completed...
Aug 10 00:53:41 witherspoon systemd[1]: Started Load/Save Random Seed.
Aug 10 00:53:42 witherspoon systemd[1]: Started udev Coldplug all Devices.
Aug 10 00:53:42 witherspoon systemd-tmpfiles[716]: "/var/tmp" already exists and is not a directory.
Aug 10 00:53:42 witherspoon systemd-tmpfiles[716]: "/var/log" already exists and is not a directory.
Aug 10 00:53:42 witherspoon systemd[1]: Started Create Volatile Files and Directories.
Aug 10 00:53:42 witherspoon systemd[1]: Starting Network Time Synchronization...
Aug 10 00:53:42 witherspoon systemd[1]: Starting Run pending postinsts...
Aug 10 00:53:42 witherspoon systemd[1]: Started Update is Completed.
Aug 10 00:53:42 witherspoon systemd[1]: Started udev Kernel Device Manager.
Aug 10 00:53:43 witherspoon systemd[1]: Started Network Time Synchronization.
Aug 10 00:53:43 witherspoon systemd[1]: Reached target System Time Synchronized.
Aug 10 00:53:44 witherspoon run-postinsts[949]: Running postinst /etc/rpm-postinsts/libglib-2.0-0...
Aug 10 00:53:44 witherspoon systemd[1]: Found device /dev/aspeed-lpc-ctrl.
Aug 10 00:53:44 witherspoon systemd[1]: Found device /dev/aspeed-mbox.
Aug 10 00:53:44 witherspoon systemd[1]: Found device /dev/ttyS4.
Aug 10 00:53:45 witherspoon systemd[1]: Found device /dev/ttyVUART0.
Aug 10 00:53:46 witherspoon run-postinsts[949]: rm: can't remove '/etc/rpm-postinsts': Operation not supported
Aug 10 00:53:46 witherspoon run-postinsts[949]:  Removing any system startup links for run-postinsts ...
Aug 10 00:53:46 witherspoon systemctl[980]: Removed /etc/systemd/system/sysinit.target.wants/run-postinsts.service.
Aug 10 00:53:46 witherspoon systemd[1]: Reloading.
Aug 10 00:53:49 witherspoon systemd[1]: dev-hugepages.mount: Couldn't determine result for ConditionVirtualization=!private-users, assuming failed: No such file or directory
Aug 10 00:53:49 witherspoon systemd[1]: Created slice system-xyz.openbmc_project.Hwmon.slice.
Aug 10 00:53:49 witherspoon systemd[1]: Created slice system-xyz.openbmc_project.led.controller.slice.
Aug 10 00:53:49 witherspoon systemd[1]: Started Run pending postinsts.
Aug 10 00:53:49 witherspoon systemd[1]: Reached target System Initialization.
Aug 10 00:53:49 witherspoon systemd[1]: Listening on Phosphor Host Console SSH Per-Connection socket.
Aug 10 00:53:49 witherspoon systemd[1]: Started Daily Cleanup of Temporary Directories.
Aug 10 00:53:49 witherspoon systemd[1]: Reached target Timers.
Aug 10 00:53:49 witherspoon systemd[1]: Listening on Phosphor Webserver socket.
Aug 10 00:53:49 witherspoon systemd[1]: Listening on phosphor-ipmi-net.socket.
Aug 10 00:53:49 witherspoon systemd[1]: Listening on D-Bus System Message Bus Socket.
Aug 10 00:53:49 witherspoon systemd[1]: Listening on Phosphor DBUS Browser socket.
Aug 10 00:53:49 witherspoon systemd[1]: Listening on Avahi mDNS/DNS-SD Stack Activation Socket.
Aug 10 00:53:49 witherspoon systemd[1]: Listening on dropbear.socket.
Aug 10 00:53:49 witherspoon systemd[1]: Reached target Sockets.
Aug 10 00:53:49 witherspoon systemd[1]: Reached target Basic System.
Aug 10 00:53:49 witherspoon systemd[1]: Started Phosphor sysfs LED controller.
Aug 10 00:53:49 witherspoon systemd[1]: Started Phosphor Console Muxer listening on device /dev/ttyVUART0.
Aug 10 00:53:49 witherspoon systemd[1]: Starting Avahi mDNS/DNS-SD Stack...
Aug 10 00:53:49 witherspoon systemd[1]: Started Phosphor sysfs LED controller.
Aug 10 00:53:49 witherspoon systemd[1]: Started Phosphor sysfs LED controller.
Aug 10 00:53:49 witherspoon systemd[1]: Started Phosphor sysfs LED controller.
Aug 10 00:53:49 witherspoon systemd[1]: Starting Phosphor LED Group Management Daemon...
Aug 10 00:53:49 witherspoon systemd[1]: Starting Phosphor IPMI BT DBus Bridge...
Aug 10 00:53:50 witherspoon systemd[1]: Starting Phosphor Inventory Manager...
Aug 10 00:53:50 witherspoon systemd[1]: Starting Phosphor Dump Manager...
Aug 10 00:53:50 witherspoon systemd[1]: Starting Phosphor Inventory Manager...
Aug 10 00:53:50 witherspoon systemd[1]: Starting Phosphor Log Manager...
Aug 10 00:53:50 witherspoon systemd[1]: Started Kernel Logging Service.
Aug 10 00:53:50 witherspoon systemd[1]: Started Phosphor sysfs LED controller.
Aug 10 00:53:50 witherspoon systemd[1]: Started Phosphor Dump core monitor..
Aug 10 00:53:50 witherspoon systemd[1]: Started Phosphor sysfs LED controller.
Aug 10 00:53:50 witherspoon systemd[1]: Started Hardware RNG Entropy Gatherer Daemon.
Aug 10 00:53:51 witherspoon systemd[1]: Started System Logging Service.
Aug 10 00:53:51 witherspoon systemd[1]: Reached target Containers.
Aug 10 00:53:51 witherspoon systemd[1]: Starting Phosphor Sensor Manager...
Aug 10 00:53:52 witherspoon kernel[1003]: klogd started: BusyBox v1.24.1 (2017-06-16 19:26:49 UTC)
Aug 10 00:53:52 witherspoon systemd[1]: Starting Phosphor BMC0 Control...
Aug 10 00:53:52 witherspoon kernel[1003]: [    0.000000] Booting Linux on physical CPU 0x0
Aug 10 00:53:52 witherspoon systemd[1]: Starting Phosphor Chassis0 Control...
Aug 10 00:53:52 witherspoon kernel[1003]: [    0.000000] Linux version 4.10.17-03afe5775baf06c3037d62cc2a15628079af38c9 (jenkins@hudson) (gcc version 6.2.0 (GCC) ) #1 Tue Aug 1 17:31:09 UTC 2017
Aug 10 00:53:52 witherspoon systemd[1]: Starting Phosphor Download Manager...
Aug 10 00:53:52 witherspoon kernel[1003]: [    0.000000] CPU: ARMv6-compatible processor [410fb767] revision 7 (ARMv7), cr=00c5387d
Aug 10 00:53:52 witherspoon systemd[1]: Started Phosphor sysfs LED controller.
Aug 10 00:53:52 witherspoon kernel[1003]: [    0.000000] CPU: PIPT / VIPT nonaliasing data cache, VIPT nonaliasing instruction cache
Aug 10 00:53:52 witherspoon systemd[1]: Started Phosphor sysfs LED controller.
Aug 10 00:53:52 witherspoon kernel[1003]: [    0.000000] OF: fdt:Machine model: Witherspoon BMC
Aug 10 00:53:52 witherspoon systemd[1]: Started D-Bus System Message Bus.
Aug 10 00:53:52 witherspoon kernel[1003]: [    0.000000] Memory policy: Data cache writeback
Aug 10 00:53:52 witherspoon kernel[1003]: [    0.000000] SOC Rev: 04030303
Aug 10 00:53:52 witherspoon kernel[1003]: [    0.000000] On node 0 totalpages: 110592
Aug 10 00:53:52 witherspoon kernel[1003]: [    0.000000] free_area_init_node: node 0, pgdat 805ff5f4, node_mem_map 9ec1a000
Aug 10 00:53:52 witherspoon kernel[1003]: [    0.000000]   Normal zone: 992 pages used for memmap
Aug 10 00:53:52 witherspoon kernel[1003]: [    0.000000]   Normal zone: 0 pages reserved
Aug 10 00:53:52 witherspoon kernel[1003]: [    0.000000]   Normal zone: 110592 pages, LIFO batch:31
Aug 10 00:53:52 witherspoon kernel[1003]: [    0.000000] pcpu-alloc: s0 r0 d32768 u32768 alloc=1*32768
Aug 10 00:53:52 witherspoon kernel[1003]: [    0.000000] pcpu-alloc: [0] 0
Aug 10 00:53:52 witherspoon kernel[1003]: [    0.000000] Built 1 zonelists in Zone order, mobility grouping on.  Total pages: 109600
Aug 10 00:53:52 witherspoon kernel[1003]: [    0.000000] Kernel command line: console=ttyS4,115200n8 root=/dev/ram rw
Aug 10 00:53:52 witherspoon kernel[1003]: [    0.000000] PID hash table entries: 2048 (order: 1, 8192 bytes)
Aug 10 00:53:52 witherspoon kernel[1003]: [    0.000000] Dentry cache hash table entries: 65536 (order: 6, 262144 bytes)
Aug 10 00:53:52 witherspoon kernel[1003]: [    0.000000] Inode-cache hash table entries: 32768 (order: 5, 131072 bytes)
Aug 10 00:53:52 witherspoon kernel[1003]: [    0.000000] Memory: 430440K/442368K available (4065K kernel code, 280K rwdata, 1192K rodata, 284K init, 111K bss, 11928K reserved, 0K cma-reserved)
Aug 10 00:53:52 witherspoon kernel[1003]: [    0.000000] Virtual kernel memory layout:
Aug 10 00:53:52 witherspoon kernel[1003]: [    0.000000]     vector  : 0xffff0000 - 0xffff1000   (   4 kB)
Aug 10 00:53:52 witherspoon kernel[1003]: [    0.000000]     fixmap  : 0xffc00000 - 0xfff00000   (3072 kB)
Aug 10 00:53:52 witherspoon kernel[1003]: [    0.000000]     vmalloc : 0x9f800000 - 0xff800000   (1536 MB)
Aug 10 00:53:52 witherspoon kernel[1003]: [    0.000000]     lowmem  : 0x80000000 - 0x9f000000   ( 496 MB)
Aug 10 00:53:52 witherspoon kernel[1003]: [    0.000000]       .text : 0x80008000 - 0x80400940   (4067 kB)
Aug 10 00:53:52 witherspoon kernel[1003]: [    0.000000]       .init : 0x80585000 - 0x805cc000   ( 284 kB)
Aug 10 00:53:52 witherspoon kernel[1003]: [    0.000000]       .data : 0x805cc000 - 0x80612358   ( 281 kB)
Aug 10 00:53:52 witherspoon kernel[1003]: [    0.000000]        .bss : 0x80612358 - 0x8062e1f8   ( 112 kB)
Aug 10 00:53:52 witherspoon kernel[1003]: [    0.000000] NR_IRQS:16 nr_irqs:16 16
Aug 10 00:53:52 witherspoon kernel[1003]: [    0.000000] i2c controller registered, irq 16
Aug 10 00:53:52 witherspoon kernel[1003]: [    0.000000] clocksource: moxart_timer: mask: 0xffffffff max_cycles: 0xffffffff, max_idle_ns: 77222644334 ns
Aug 10 00:53:52 witherspoon kernel[1003]: [    0.000000] sched_clock: 32 bits at 100 Hz, resolution 10000000ns, wraps every 21474836475000000ns
Aug 10 00:53:52 witherspoon kernel[1003]: [    0.090000] Calibrating delay loop... 789.70 BogoMIPS (lpj=3948544)
Aug 10 00:53:52 witherspoon kernel[1003]: [    0.090000] pid_max: default: 32768 minimum: 301
Aug 10 00:53:52 witherspoon kernel[1003]: [    0.090000] Mount-cache hash table entries: 1024 (order: 0, 4096 bytes)
Aug 10 00:53:52 witherspoon kernel[1003]: [    0.090000] Mountpoint-cache hash table entries: 1024 (order: 0, 4096 bytes)
Aug 10 00:53:52 witherspoon kernel[1003]: [    0.090000] CPU: Testing write buffer coherency: ok
Aug 10 00:53:52 witherspoon kernel[1003]: [    0.090000] ftrace: allocating 14934 entries in 44 pages
Aug 10 00:53:52 witherspoon kernel[1003]: [    0.120000] Setting up static identity map for 0x80008200 - 0x8000825c
Aug 10 00:53:52 witherspoon kernel[1003]: [    0.120000] devtmpfs: initialized
Aug 10 00:53:52 witherspoon kernel[1003]: [    0.150000] clocksource: jiffies: mask: 0xffffffff max_cycles: 0xffffffff, max_idle_ns: 19112604462750000 ns
Aug 10 00:53:52 witherspoon kernel[1003]: [    0.150000] futex hash table entries: 256 (order: -1, 3072 bytes)
Aug 10 00:53:52 witherspoon kernel[1003]: [    0.150000] pinctrl core: initialized pinctrl subsystem
Aug 10 00:53:52 witherspoon kernel[1003]: [    0.150000] NET: Registered protocol family 16
Aug 10 00:53:52 witherspoon kernel[1003]: [    0.150000] DMA: preallocated 256 KiB pool for atomic coherent allocations
Aug 10 00:53:52 witherspoon kernel[1003]: [    0.220000] usbcore: registered new interface driver usbfs
Aug 10 00:53:52 witherspoon kernel[1003]: [    0.220000] usbcore: registered new interface driver hub
Aug 10 00:53:52 witherspoon kernel[1003]: [    0.220000] usbcore: registered new device driver usb
Aug 10 00:53:52 witherspoon kernel[1003]: [    0.220000] clocksource: Switched to clocksource moxart_timer
Aug 10 00:53:52 witherspoon kernel[1003]: [    0.230000] NET: Registered protocol family 2
Aug 10 00:53:52 witherspoon kernel[1003]: [    0.230000] TCP established hash table entries: 4096 (order: 2, 16384 bytes)
Aug 10 00:53:52 witherspoon kernel[1003]: [    0.230000] TCP bind hash table entries: 4096 (order: 2, 16384 bytes)
Aug 10 00:53:52 witherspoon kernel[1003]: [    0.230000] TCP: Hash tables configured (established 4096 bind 4096)
Aug 10 00:53:52 witherspoon kernel[1003]: [    0.230000] UDP hash table entries: 256 (order: 0, 4096 bytes)
Aug 10 00:53:52 witherspoon kernel[1003]: [    0.230000] UDP-Lite hash table entries: 256 (order: 0, 4096 bytes)
Aug 10 00:53:52 witherspoon kernel[1003]: [    0.230000] NET: Registered protocol family 1
Aug 10 00:53:52 witherspoon kernel[1003]: [    0.240000] Trying to unpack rootfs image as initramfs...
Aug 10 00:53:52 witherspoon kernel[1003]: [    1.910000] Freeing initrd memory: 1544K
Aug 10 00:53:52 witherspoon kernel[1003]: [    1.910000] workingset: timestamp_bits=30 max_order=17 bucket_order=0
Aug 10 00:53:52 witherspoon kernel[1003]: [    1.910000] squashfs: version 4.0 (2009/01/31) Phillip Lougher
Aug 10 00:53:52 witherspoon kernel[1003]: [    1.910000] jffs2: version 2.2. (SUMMARY)  © 2001-2006 Red Hat, Inc.
Aug 10 00:53:52 witherspoon kernel[1003]: [    1.910000] Block layer SCSI generic (bsg) driver version 0.4 loaded (major 250)
Aug 10 00:53:52 witherspoon kernel[1003]: [    1.910000] io scheduler noop registered
Aug 10 00:53:52 witherspoon kernel[1003]: [    1.910000] io scheduler deadline registered
Aug 10 00:53:52 witherspoon kernel[1003]: [    1.910000] io scheduler cfq registered (default)
Aug 10 00:53:52 witherspoon kernel[1003]: [    2.060000] ipmi-bt-host 1e789140.ibt: Found bt bmc device
Aug 10 00:53:52 witherspoon kernel[1003]: [    2.060000] ipmi-bt-host 1e789140.ibt: Using IRQ 22
Aug 10 00:53:52 witherspoon kernel[1003]: [    2.060000] Serial: 8250/16550 driver, 6 ports, IRQ sharing enabled
Aug 10 00:53:52 witherspoon kernel[1003]: [    2.060000] 1e787000.vuart: ttyS0 at MMIO 0x1e787000 (irq = 22, base_baud = 1500000) is a 16550A
Aug 10 00:53:52 witherspoon kernel[1003]: [    2.060000] 1e783000.serial: ttyS1 at MMIO 0x1e783000 (irq = 23, base_baud = 1500000) is a 16550A
Aug 10 00:53:52 witherspoon kernel[1003]: [    2.060000] 1e78d000.serial: ttyS2 at MMIO 0x1e78d000 (irq = 24, base_baud = 1500000) is a 16550A
Aug 10 00:53:52 witherspoon kernel[1003]: [    2.060000] 1e784000.serial: ttyS4 at MMIO 0x1e784000 (irq = 25, base_baud = 1500000) is a 16550A
Aug 10 00:53:52 witherspoon kernel[1003]: [    2.420000] console [ttyS4] enabled
Aug 10 00:53:52 witherspoon kernel[1003]: [    2.600000] timeriomem_rng 1e6e2078.hwrng: 32bits from 0xf00e2078 @ 1us
Aug 10 00:53:54 witherspoon systemd[1]: Started Phosphor IPMI BT DBus Bridge.
Aug 10 00:53:52 witherspoon kernel[1003]: [    2.610000] random: fast init done
Aug 10 00:53:52 witherspoon kernel[1003]: [    2.650000] brd: module loaded
Aug 10 00:53:52 witherspoon kernel[1003]: [    2.680000] loop: module loaded
Aug 10 00:53:52 witherspoon kernel[1003]: [    2.680000] random: crng init done
Aug 10 00:53:52 witherspoon kernel[1003]: [    2.680000] aspeed-lpc-ctrl 1e789080.lpc-ctrl: Loaded at 0x98000000 (0x04000000)
Aug 10 00:53:52 witherspoon kernel[1003]: [    2.700000] aspeed-smc 1e620000.flash-controller: Using IRQ 18
Aug 10 00:53:52 witherspoon kernel[1003]: [    2.700000] aspeed-smc 1e620000.flash-controller: DMA support disabled.
Aug 10 00:53:52 witherspoon kernel[1003]: [    2.700000] aspeed-smc 1e620000.flash-controller: mx25l25635e (32768 Kbytes)
Aug 10 00:53:52 witherspoon kernel[1003]: [    2.720000] aspeed-smc 1e620000.flash-controller: CE0 window [ 0x20000000 - 0x22000000 ] 32MB
Aug 10 00:53:52 witherspoon kernel[1003]: [    2.720000] aspeed-smc 1e620000.flash-controller: CE1 window [ 0x22000000 - 0x2a000000 ] 128MB
Aug 10 00:53:52 witherspoon kernel[1003]: [    2.720000] 5 ofpart partitions found on MTD device bmc
Aug 10 00:53:52 witherspoon kernel[1003]: [    2.720000] Creating 5 MTD partitions on "bmc":
Aug 10 00:53:52 witherspoon kernel[1003]: [    2.750000] 0x000000000000-0x000000060000 : "u-boot"
Aug 10 00:53:52 witherspoon kernel[1003]: [    2.750000] 0x000000060000-0x000000080000 : "u-boot-env"
Aug 10 00:53:52 witherspoon kernel[1003]: [    2.750000] 0x000000080000-0x0000004c0000 : "kernel"
Aug 10 00:53:52 witherspoon kernel[1003]: [    2.750000] 0x0000004c0000-0x000001c00000 : "rofs"
Aug 10 00:53:52 witherspoon kernel[1003]: [    2.790000] 0x000001c00000-0x000002000000 : "rwfs"
Aug 10 00:53:52 witherspoon kernel[1003]: [    2.790000] aspeed-smc 1e620000.flash-controller: mx25l25635e (32768 Kbytes)
Aug 10 00:53:52 witherspoon kernel[1003]: [    2.800000] aspeed-smc 1e620000.flash-controller: CE1 window [ 0x22000000 - 0x24000000 ] 32MB
Aug 10 00:53:52 witherspoon kernel[1003]: [    2.800000] aspeed-smc 1e620000.flash-controller: CE2 window [ 0x24000000 - 0x2c000000 ] 128MB
Aug 10 00:53:52 witherspoon kernel[1003]: [    2.830000] aspeed-smc 1e630000.flash-controller: mx66l1g45g (131072 Kbytes)
Aug 10 00:53:52 witherspoon kernel[1003]: [    2.840000] aspeed-smc 1e630000.flash-controller: CE0 window resized to 120MB (AST2500 HW quirk)
Aug 10 00:53:52 witherspoon kernel[1003]: [    2.840000] aspeed-smc 1e630000.flash-controller: CE0 window [ 0x30000000 - 0x37800000 ] 120MB
Aug 10 00:53:52 witherspoon kernel[1003]: [    2.840000] aspeed-smc 1e630000.flash-controller: CE0 window too small for chip 128MB
Aug 10 00:53:52 witherspoon kernel[1003]: [    2.860000] aspeed-smc 1e630000.flash-controller: CE1 window [ 0x37800000 - 0x38000000 ] 8MB
Aug 10 00:53:52 witherspoon kernel[1003]: [    3.610000] libphy: Fixed MDIO Bus: probed
Aug 10 00:53:52 witherspoon kernel[1003]: [    3.610000] ftgmac100 1e660000.ethernet: Read MAC address 70:e2:84:14:23:e1 from chip
Aug 10 00:53:52 witherspoon kernel[1003]: [    3.610000] ftgmac100 1e660000.ethernet: Using NCSI interface
Aug 10 00:53:55 witherspoon systemd[1]: Started Phosphor Inventory Manager.
Aug 10 00:53:52 witherspoon kernel[1003]: [    3.610000] ftgmac100 1e660000.ethernet eth0: irq 20, mapped at f0060000
Aug 10 00:53:55 witherspoon systemd[1]: Started Avahi mDNS/DNS-SD Stack.
Aug 10 00:53:52 witherspoon kernel[1003]: [    3.610000] ehci_hcd: USB 2.0 'Enhanced' Host Controller (EHCI) Driver
Aug 10 00:53:55 witherspoon systemd[1]: Started Phosphor Download Manager.
Aug 10 00:53:52 witherspoon kernel[1003]: [    3.610000] ehci-platform: EHCI generic platform driver
Aug 10 00:53:55 witherspoon systemd[1]: Started Phosphor Log Manager.
Aug 10 00:54:01 witherspoon kernel: ubi7: default fastmap pool size: 100
Aug 10 00:54:01 witherspoon kernel: ubi7: default fastmap WL pool size: 50
Aug 10 00:54:01 witherspoon kernel: ubi7: attaching mtd7
Aug 10 00:54:01 witherspoon kernel: ubi7: scanning is finished
Aug 10 00:54:01 witherspoon kernel: ubi7 error: ubi_read_volume_table: the layout volume was not found
Aug 10 00:54:01 witherspoon kernel: ubi7 error: ubi_attach_mtd_dev: failed to attach mtd7, error -22
Aug 10 00:54:01 witherspoon kernel: ftgmac100 1e660000.ethernet eth0: NCSI interface up
Aug 10 00:53:52 witherspoon kernel[1003]: [    3.840000]  fsi0: can't read slave 00:00 -5
Aug 10 00:53:55 witherspoon systemd[1]: Starting Network Service...
Aug 10 00:54:01 witherspoon obmc-flash-bios[1023]: ubiattach: error!: cannot attach mtd7
Aug 10 00:54:01 witherspoon obmc-flash-bios[1023]:            error 22 (Invalid argument)
Aug 10 00:53:52 witherspoon kernel[1003]: [    3.840000] i2c /dev entries driver
Aug 10 00:53:55 witherspoon systemd[1]: Started Phosphor sysfs LED controller.
Aug 10 00:53:52 witherspoon kernel[1003]: [    3.840000] aspeed-i2c-bus 1e78a0c0.i2c-bus: i2c bus 2 registered, irq 26
Aug 10 00:53:55 witherspoon systemd[1]: Starting Remount the squashfs and ubi volumes after a reboot...
Aug 10 00:53:52 witherspoon kernel[1003]: [    3.840000] aspeed-i2c-bus 1e78a100.i2c-bus: i2c bus 3 registered, irq 27
Aug 10 00:53:56 witherspoon systemd-networkd[1021]: Enumeration completed
Aug 10 00:53:52 witherspoon kernel[1003]: [    3.840000] aspeed-i2c-bus 1e78a140.i2c-bus: i2c bus 4 registered, irq 28
Aug 10 00:53:56 witherspoon systemd[1]: Starting Phosphor Settings Daemon...
Aug 10 00:53:52 witherspoon kernel[1003]: [    3.840000] aspeed-i2c-bus 1e78a180.i2c-bus: i2c bus 5 registered, irq 29
Aug 10 00:53:56 witherspoon systemd-networkd[1021]: eth0: IPv6 enabled for interface: Success
Aug 10 00:53:52 witherspoon kernel[1003]: [    3.840000] aspeed-i2c-bus 1e78a380.i2c-bus: i2c bus 9 registered, irq 30
Aug 10 00:53:56 witherspoon systemd[1]: Starting OpenBMC Software Update Manager...
Aug 10 00:53:52 witherspoon kernel[1003]: [    3.840000] aspeed-i2c-bus 1e78a3c0.i2c-bus: i2c bus 10 registered, irq 31
Aug 10 00:53:56 witherspoon systemd[1]: Starting Phosphor DBus Service Discovery Manager...
Aug 10 00:53:52 witherspoon kernel[1003]: [    3.840000] rtc-rv8803 11-0032: Voltage low, temperature compensation stopped.
Aug 10 00:53:56 witherspoon systemd-networkd[1021]: eth0: Gained carrier
Aug 10 00:53:52 witherspoon kernel[1003]: [    3.840000] rtc-rv8803 11-0032: An alarm maybe have been missed.
Aug 10 00:53:56 witherspoon systemd-timesyncd[948]: Network configuration changed, trying to establish connection.
Aug 10 00:53:52 witherspoon kernel[1003]: [    3.940000] rtc-rv8803 11-0032: rtc core: registered rx8900 as rtc0
Aug 10 00:53:56 witherspoon systemd[1]: Started Phosphor sysfs LED controller.
Aug 10 00:53:52 witherspoon kernel[1003]: [    3.950000] at24 11-0051: 8192 byte 24c64 EEPROM, writable, 1 bytes/write
Aug 10 00:53:56 witherspoon systemd[1]: Starting Phosphor User Manager...
Aug 10 00:53:52 witherspoon kernel[1003]: [    3.950000] aspeed-i2c-bus 1e78a400.i2c-bus: i2c bus 11 registered, irq 32
Aug 10 00:53:56 witherspoon systemd[1]: Starting Phosphor Download Manager...
Aug 10 00:53:52 witherspoon kernel[1003]: [    3.950000] aspeed-i2c-bus 1e78a440.i2c-bus: i2c bus 12 registered, irq 33
Aug 10 00:53:56 witherspoon systemd[1]: Starting Phosphor Network Manager...
Aug 10 00:53:52 witherspoon kernel[1003]: [    3.950000] aspeed-i2c-bus 1e78a480.i2c-bus: i2c bus 13 registered, irq 34
Aug 10 00:53:56 witherspoon systemd[1]: Starting Clear one time boot overrides...
Aug 10 00:53:52 witherspoon kernel[1003]: [    3.950000] Driver for 1-wire Dallas network protocol.
Aug 10 00:53:57 witherspoon systemd[1]: Started Network Service.
Aug 10 00:53:52 witherspoon kernel[1003]: [    3.950000] lm75 9-004a: hwmon0: sensor 'tmp275'
Aug 10 00:53:57 witherspoon systemd[1]: Started Remount the squashfs and ubi volumes after a reboot.
Aug 10 00:53:52 witherspoon kernel[1003]: [    4.800000] ucd9000 11-0064: Device ID UCD90160|2.3.4.0000|110603
Aug 10 00:53:57 witherspoon systemd[1]: Started Clear one time boot overrides.
Aug 10 00:53:52 witherspoon kernel[1003]: [    5.130000] leds-pca955x 3-0060: leds-pca955x: Using pca9552 16-bit LED driver at slave address 0x60
Aug 10 00:53:57 witherspoon systemd[1]: Started Phosphor LED Group Management Daemon.
Aug 10 00:53:52 witherspoon kernel[1003]: [    5.150000] leds-pca955x 11-0060: leds-pca955x: Using pca9552 16-bit LED driver at slave address 0x60
Aug 10 00:53:57 witherspoon systemd[1]: Started Phosphor BMC0 Control.
Aug 10 00:53:52 witherspoon kernel[1003]: [    5.160000] leds-pca955x 11-0060: gpios 264...279
Aug 10 00:53:57 witherspoon systemd[1]: Started Phosphor Settings Daemon.
Aug 10 00:53:52 witherspoon kernel[1003]: [    5.160000] usbcore: registered new interface driver usbhid
Aug 10 00:53:57 witherspoon systemd-networkd[1021]: eth0: Gained IPv6LL
Aug 10 00:53:52 witherspoon kernel[1003]: [    5.170000] usbhid: USB HID core driver
Aug 10 00:53:57 witherspoon systemd[1]: Started OpenBMC Software Update Manager.
Aug 10 00:53:52 witherspoon kernel[1003]: [    5.220000] NET: Registered protocol family 10
Aug 10 00:53:57 witherspoon systemd[1]: Starting OpenPower Software Update Manager...
Aug 10 00:53:52 witherspoon kernel[1003]: [    5.220000] Segment Routing with IPv6
Aug 10 00:53:57 witherspoon systemd[1]: Reached target Network.
Aug 10 00:53:52 witherspoon kernel[1003]: [    5.230000] NET: Registered protocol family 17
Aug 10 00:53:57 witherspoon systemd[1]: Starting Permit User Sessions...
Aug 10 00:53:52 witherspoon kernel[1003]: [    5.230000] 8021q: 802.1Q VLAN Support v1.8
Aug 10 00:53:57 witherspoon systemd[1]: Started Lightweight SLP Server.
Aug 10 00:53:52 witherspoon kernel[1003]: [    5.230000] console [netcon0] enabled
Aug 10 00:53:58 witherspoon systemd[1]: Started Permit User Sessions.
Aug 10 00:53:52 witherspoon kernel[1003]: [    5.230000] netconsole: network logging started
Aug 10 00:53:58 witherspoon systemd[1]: Started Serial Getty on ttyS4.
Aug 10 00:53:52 witherspoon kernel[1003]: [    5.250000] input: gpio-keys as /devices/platform/gpio-keys/input/input0
Aug 10 00:53:58 witherspoon systemd[1]: Reached target Login Prompts.
Aug 10 00:53:52 witherspoon kernel[1003]: [    5.260000] rtc-rv8803 11-0032: setting system clock to 2017-08-10 00:53:27 UTC (1502326407)
Aug 10 00:53:58 witherspoon systemd[1]: Reached target Multi-User System.
Aug 10 00:53:52 witherspoon kernel[1003]: [    5.270000] Freeing unused kernel memory: 284K
Aug 10 00:53:58 witherspoon systemd[1]: Started Phosphor Dump Manager.
Aug 10 00:53:52 witherspoon kernel[1003]: [    5.270000] This architecture does not have kernel memory protection.
Aug 10 00:53:59 witherspoon systemd[1]: Started OpenPower Software Update Manager.
Aug 10 00:53:52 witherspoon kernel[1003]: [    7.070000] jffs2: notice: (533) jffs2_build_xattr_subsystem: complete building xattr subsystem, 1 of xdatum (1 unchecked, 0 orphan) and 6 of xref (0 dead, 1 orphan) found.
Aug 10 00:53:59 witherspoon systemd[1]: Started Phosphor MBOX Daemon.
Aug 10 00:53:52 witherspoon kernel[1003]: [   14.270000] systemd[1]: Failed to insert module 'autofs4': No such file or directory
Aug 10 00:54:00 witherspoon systemd[1]: Starting Phosphor Version Software Manager...
Aug 10 00:53:52 witherspoon kernel[1003]: [   14.270000] systemd[1]: systemd 232 running in system mode. (+PAM -AUDIT -SELINUX -IMA -APPARMOR -SMACK +SYSVINIT -UTMP -LIBCRYPTSETUP -GCRYPT -GNUTLS +ACL +XZ -LZ4 -SECCOMP +BLKID -ELFUTILS +KMOD -IDN)
Aug 10 00:54:00 witherspoon systemd[1]: Started Phosphor Version Software Manager.
Aug 10 00:53:52 witherspoon kernel[1003]: [   14.270000] systemd[1]: Detected architecture arm.
Aug 10 00:53:52 witherspoon kernel[1003]: [   14.540000] systemd[1]: Set hostname to <witherspoon>.
Aug 10 00:53:52 witherspoon kernel[1003]: [   16.120000] systemd[1]: Started Dispatch Password Requests to Console Directory Watch.
Aug 10 00:53:52 witherspoon kernel[1003]: [   16.180000] systemd[1]: Listening on Journal Socket.
Aug 10 00:53:52 witherspoon kernel[1003]: [   16.220000] systemd[1]: Started Forward Password Requests to Wall Directory Watch.
Aug 10 00:53:52 witherspoon kernel[1003]: [   16.260000] systemd[1]: Reached target Paths.
Aug 10 00:53:52 witherspoon kernel[1003]: [   16.290000] systemd[1]: Listening on Journal Socket (/dev/log).
Aug 10 00:53:52 witherspoon kernel[1003]: [   16.330000] systemd[1]: Listening on Network Service Netlink Socket.
Aug 10 00:53:52 witherspoon kernel[1003]: [   16.370000] systemd[1]: Listening on udev Control Socket.
Aug 10 00:53:52 witherspoon kernel[1003]: [   18.650000] systemd-journald[598]: Received request to flush runtime journal from PID 1
Aug 10 00:53:53 witherspoon avahi-daemon[993]: Found user 'avahi' (UID 999) and group 'avahi' (GID 999).
Aug 10 00:53:53 witherspoon avahi-daemon[993]: Successfully dropped root privileges.
Aug 10 00:53:53 witherspoon avahi-daemon[993]: avahi-daemon 0.6.32 starting up.
Aug 10 00:53:54 witherspoon avahi-daemon[993]: Successfully called chroot().
Aug 10 00:53:54 witherspoon avahi-daemon[993]: Successfully dropped remaining capabilities.
Aug 10 00:53:54 witherspoon avahi-daemon[993]: Loading service file /services/obmc_console.service.
Aug 10 00:53:54 witherspoon avahi-daemon[993]: Loading service file /services/phosphor_rest.service.
Aug 10 00:53:54 witherspoon avahi-daemon[993]: Loading service file /services/sftp-ssh.service.
Aug 10 00:53:54 witherspoon avahi-daemon[993]: Loading service file /services/sftp.service.
Aug 10 00:53:54 witherspoon avahi-daemon[993]: Loading service file /services/ssh.service.
Aug 10 00:53:54 witherspoon avahi-daemon[993]: Network interface enumeration completed.
Aug 10 00:53:54 witherspoon avahi-daemon[993]: Server startup complete. Host name is witherspoon.local. Local service cookie is 1470686450.
Aug 10 00:53:54 witherspoon avahi-daemon[993]: Service "witherspoon" (/services/ssh.service) successfully established.
Aug 10 00:53:54 witherspoon avahi-daemon[993]: Service "sftp" (/services/sftp.service) successfully established.
Aug 10 00:53:54 witherspoon avahi-daemon[993]: Service "witherspoon" (/services/sftp-ssh.service) successfully established.
Aug 10 00:53:54 witherspoon avahi-daemon[993]: Service "phosphor_rest" (/services/phosphor_rest.service) successfully established.
Aug 10 00:53:54 witherspoon avahi-daemon[993]: Service "obmc_console" (/services/obmc_console.service) successfully established.
Aug 10 00:53:56 witherspoon kernel[1003]: [   33.740000] ubi7: default fastmap pool size: 100
Aug 10 00:53:56 witherspoon kernel[1003]: [   33.740000] ubi7: default fastmap WL pool size: 50
Aug 10 00:53:56 witherspoon kernel[1003]: [   33.740000] ubi7: attaching mtd7
Aug 10 00:53:56 witherspoon kernel[1003]: [   33.740000] ubi7: scanning is finished
Aug 10 00:53:56 witherspoon kernel[1003]: [   33.740000] ubi7 error: ubi_read_volume_table: the layout volume was not found
Aug 10 00:53:56 witherspoon kernel[1003]: [   33.740000] ubi7 error: ubi_attach_mtd_dev: failed to attach mtd7, error -22
Aug 10 00:53:56 witherspoon avahi-daemon[993]: Joining mDNS multicast group on interface eth0.IPv4 with address 9.3.86.161.
Aug 10 00:53:56 witherspoon avahi-daemon[993]: New relevant interface eth0.IPv4 for mDNS.
Aug 10 00:53:56 witherspoon avahi-daemon[993]: Registering new address record for 9.3.86.161 on eth0.IPv4.
Aug 10 00:53:57 witherspoon avahi-daemon[993]: Joining mDNS multicast group on interface eth0.IPv6 with address fe80::72e2:84ff:fe14:23e1.
Aug 10 00:53:57 witherspoon avahi-daemon[993]: New relevant interface eth0.IPv6 for mDNS.
Aug 10 00:53:57 witherspoon avahi-daemon[993]: Registering new address record for fe80::72e2:84ff:fe14:23e1 on eth0.*.
Aug 10 00:53:59 witherspoon kernel[1003]: [   37.610000] ftgmac100 1e660000.ethernet eth0: NCSI interface up
Aug 10 00:54:00 witherspoon avahi-daemon[993]: Withdrawing address record for fe80::72e2:84ff:fe14:23e1 on eth0.
Aug 10 00:54:00 witherspoon avahi-daemon[993]: Host name conflict, retrying with witherspoon-2
Aug 10 00:54:00 witherspoon avahi-daemon[993]: Registering new address record for fe80::72e2:84ff:fe14:23e1 on eth0.*.
Aug 10 00:54:00 witherspoon avahi-daemon[993]: Registering new address record for 9.3.86.161 on eth0.IPv4.
Aug 10 00:54:00 witherspoon avahi-daemon[993]: Withdrawing address record for 9.3.86.161 on eth0.
Aug 10 00:54:01 witherspoon avahi-daemon[993]: Host name conflict, retrying with witherspoon-3
Aug 10 00:54:01 witherspoon avahi-daemon[993]: Registering new address record for fe80::72e2:84ff:fe14:23e1 on eth0.*.
Aug 10 00:54:01 witherspoon avahi-daemon[993]: Registering new address record for 9.3.86.161 on eth0.IPv4.
Aug 10 00:54:01 witherspoon avahi-daemon[993]: Withdrawing address record for 9.3.86.161 on eth0.
Aug 10 00:54:01 witherspoon avahi-daemon[993]: Host name conflict, retrying with witherspoon-4
Aug 10 00:54:01 witherspoon avahi-daemon[993]: Registering new address record for fe80::72e2:84ff:fe14:23e1 on eth0.*.
Aug 10 00:54:01 witherspoon avahi-daemon[993]: Registering new address record for 9.3.86.161 on eth0.IPv4.
Aug 10 00:54:02 witherspoon avahi-daemon[993]: Withdrawing address record for 9.3.86.161 on eth0.
Aug 10 00:54:02 witherspoon avahi-daemon[993]: Host name conflict, retrying with witherspoon-5
Aug 10 00:54:02 witherspoon avahi-daemon[993]: Registering new address record for fe80::72e2:84ff:fe14:23e1 on eth0.*.
Aug 10 00:54:02 witherspoon avahi-daemon[993]: Registering new address record for 9.3.86.161 on eth0.IPv4.
Aug 10 00:54:03 witherspoon avahi-daemon[993]: Withdrawing address record for 9.3.86.161 on eth0.
Aug 10 00:54:03 witherspoon avahi-daemon[993]: Host name conflict, retrying with witherspoon-6
Aug 10 00:54:03 witherspoon avahi-daemon[993]: Registering new address record for fe80::72e2:84ff:fe14:23e1 on eth0.*.
Aug 10 00:54:03 witherspoon avahi-daemon[993]: Registering new address record for 9.3.86.161 on eth0.IPv4.
Aug 10 00:54:05 witherspoon avahi-daemon[993]: Withdrawing address record for 9.3.86.161 on eth0.
Aug 10 00:54:05 witherspoon avahi-daemon[993]: Host name conflict, retrying with witherspoon-7
Aug 10 00:54:05 witherspoon avahi-daemon[993]: Registering new address record for fe80::72e2:84ff:fe14:23e1 on eth0.*.
Aug 10 00:54:05 witherspoon avahi-daemon[993]: Registering new address record for 9.3.86.161 on eth0.IPv4.
Aug 10 00:54:06 witherspoon avahi-daemon[993]: Withdrawing address record for 9.3.86.161 on eth0.
Aug 10 00:54:06 witherspoon avahi-daemon[993]: Host name conflict, retrying with witherspoon-8
Aug 10 00:54:06 witherspoon avahi-daemon[993]: Registering new address record for fe80::72e2:84ff:fe14:23e1 on eth0.*.
Aug 10 00:54:06 witherspoon avahi-daemon[993]: Registering new address record for 9.3.86.161 on eth0.IPv4.
Aug 10 00:54:07 witherspoon avahi-daemon[993]: Withdrawing address record for 9.3.86.161 on eth0.
Aug 10 00:54:07 witherspoon avahi-daemon[993]: Host name conflict, retrying with witherspoon-9
Aug 10 00:54:07 witherspoon avahi-daemon[993]: Registering new address record for fe80::72e2:84ff:fe14:23e1 on eth0.*.
Aug 10 00:54:07 witherspoon avahi-daemon[993]: Registering new address record for 9.3.86.161 on eth0.IPv4.
Aug 10 00:54:08 witherspoon avahi-daemon[993]: Withdrawing address record for 9.3.86.161 on eth0.
Aug 10 00:54:08 witherspoon avahi-daemon[993]: Host name conflict, retrying with witherspoon-10
Aug 10 00:54:08 witherspoon avahi-daemon[993]: Registering new address record for fe80::72e2:84ff:fe14:23e1 on eth0.*.
Aug 10 00:54:08 witherspoon avahi-daemon[993]: Registering new address record for 9.3.86.161 on eth0.IPv4.
Aug 10 00:54:09 witherspoon avahi-daemon[993]: Withdrawing address record for 9.3.86.161 on eth0.
Aug 10 00:54:09 witherspoon avahi-daemon[993]: Host name conflict, retrying with witherspoon-11
Aug 10 00:54:09 witherspoon avahi-daemon[993]: Registering new address record for fe80::72e2:84ff:fe14:23e1 on eth0.*.
Aug 10 00:54:09 witherspoon avahi-daemon[993]: Registering new address record for 9.3.86.161 on eth0.IPv4.
Aug 10 00:54:10 witherspoon systemd-networkd[1021]: eth0: Configured
Aug 10 00:54:10 witherspoon systemd-timesyncd[948]: Network configuration changed, trying to establish connection.
Aug 10 00:54:10 witherspoon avahi-daemon[993]: Withdrawing address record for 9.3.86.161 on eth0.
Aug 10 00:54:10 witherspoon avahi-daemon[993]: Host name conflict, retrying with witherspoon-12
Aug 10 00:54:10 witherspoon avahi-daemon[993]: Registering new address record for fe80::72e2:84ff:fe14:23e1 on eth0.*.
Aug 10 00:54:10 witherspoon avahi-daemon[993]: Registering new address record for 9.3.86.161 on eth0.IPv4.
Aug 10 00:54:11 witherspoon avahi-daemon[993]: Withdrawing address record for 9.3.86.161 on eth0.
Aug 10 00:54:11 witherspoon avahi-daemon[993]: Host name conflict, retrying with witherspoon-13
Aug 10 00:54:11 witherspoon avahi-daemon[993]: Registering new address record for fe80::72e2:84ff:fe14:23e1 on eth0.*.
Aug 10 00:54:11 witherspoon avahi-daemon[993]: Registering new address record for 9.3.86.161 on eth0.IPv4.
Aug 10 00:54:12 witherspoon avahi-daemon[993]: Withdrawing address record for 9.3.86.161 on eth0.
Aug 10 00:54:12 witherspoon avahi-daemon[993]: Host name conflict, retrying with witherspoon-14
Aug 10 00:54:12 witherspoon avahi-daemon[993]: Registering new address record for fe80::72e2:84ff:fe14:23e1 on eth0.*.
Aug 10 00:54:12 witherspoon avahi-daemon[993]: Registering new address record for 9.3.86.161 on eth0.IPv4.
Aug 10 00:54:13 witherspoon avahi-daemon[993]: Withdrawing address record for 9.3.86.161 on eth0.
Aug 10 00:54:13 witherspoon avahi-daemon[993]: Host name conflict, retrying with witherspoon-15
Aug 10 00:54:13 witherspoon avahi-daemon[993]: Registering new address record for fe80::72e2:84ff:fe14:23e1 on eth0.*.
Aug 10 00:54:13 witherspoon avahi-daemon[993]: Registering new address record for 9.3.86.161 on eth0.IPv4.
Aug 10 00:54:15 witherspoon systemd[1]: Started Phosphor Download Manager.
Aug 10 00:54:15 witherspoon download_manager.py[1035]: Running Download Manager
Aug 10 00:54:15 witherspoon systemd[1]: Started Phosphor Chassis0 Control.
Aug 10 00:54:16 witherspoon chassis_control.py[1012]: Running ChassisControlService
Aug 10 00:54:16 witherspoon sensor_manager2.py[1010]: Setting boot count to 3
Aug 10 00:54:16 witherspoon systemd[1]: Started Phosphor Sensor Manager.
Aug 10 00:54:16 witherspoon sensor_manager2.py[1010]: Starting sensor manager
Aug 10 00:54:16 witherspoon inventory_items.py[999]: Loading from cache: /var/cache/obmc/org.openbmc.inventory.system.chassis.motherboard.apss@org.openbmc.InventoryItem.props
Aug 10 00:54:16 witherspoon inventory_items.py[999]: Loading from cache: /var/cache/obmc/org.openbmc.inventory.system.chassis.motherboard@org.openbmc.InventoryItem.props
Aug 10 00:54:16 witherspoon inventory_items.py[999]: Loading from cache: /var/cache/obmc/org.openbmc.inventory.system.chassis.motherboard.refclock@org.openbmc.InventoryItem.props
Aug 10 00:54:16 witherspoon inventory_items.py[999]: Loading from cache: /var/cache/obmc/org.openbmc.inventory.system.chassis.motherboard.cpu1.core7@org.openbmc.InventoryItem.props
Aug 10 00:54:16 witherspoon inventory_items.py[999]: Loading from cache: /var/cache/obmc/org.openbmc.inventory.system.chassis.motherboard.cpu1.core4@org.openbmc.InventoryItem.props
Aug 10 00:54:16 witherspoon inventory_items.py[999]: Loading from cache: /var/cache/obmc/org.openbmc.inventory.system.chassis.motherboard.cpu1.core1@org.openbmc.InventoryItem.props
Aug 10 00:54:17 witherspoon inventory_items.py[999]: Loading from cache: /var/cache/obmc/org.openbmc.inventory.system.chassis.motherboard.cpu1.core10@org.openbmc.InventoryItem.props
Aug 10 00:54:17 witherspoon inventory_items.py[999]: Loading from cache: /var/cache/obmc/org.openbmc.inventory.system.chassis.motherboard.todclock@org.openbmc.InventoryItem.props
Aug 10 00:54:17 witherspoon inventory_items.py[999]: Loading from cache: /var/cache/obmc/org.openbmc.inventory.system.chassis.motherboard.cpu1@org.openbmc.InventoryItem.props
Aug 10 00:54:17 witherspoon inventory_items.py[999]: Loading from cache: /var/cache/obmc/org.openbmc.inventory.system.chassis.motherboard.bmc@org.openbmc.InventoryItem.props
Aug 10 00:54:17 witherspoon inventory_items.py[999]: Caching: /org/openbmc/inventory/system/chassis/motherboard/bmc
Aug 10 00:54:17 witherspoon inventory_items.py[999]: Loading from cache: /var/cache/obmc/org.openbmc.inventory.system.chassis.motherboard.cpu0.core1@org.openbmc.InventoryItem.props
Aug 10 00:54:17 witherspoon inventory_items.py[999]: Loading from cache: /var/cache/obmc/org.openbmc.inventory.system.chassis.motherboard.cpu0.core7@org.openbmc.InventoryItem.props
Aug 10 00:54:17 witherspoon inventory_items.py[999]: Loading from cache: /var/cache/obmc/org.openbmc.inventory.system.chassis.motherboard.cpu0.core4@org.openbmc.InventoryItem.props
Aug 10 00:54:17 witherspoon inventory_items.py[999]: Loading from cache: /var/cache/obmc/org.openbmc.inventory.system.chassis.motherboard.pcieclock@org.openbmc.InventoryItem.props
Aug 10 00:54:17 witherspoon inventory_items.py[999]: Loading from cache: /var/cache/obmc/org.openbmc.inventory.system.chassis.motherboard.cpu0.core10@org.openbmc.InventoryItem.props
Aug 10 00:54:17 witherspoon obmc-phosphor-userd[1034]: Started
Aug 10 00:54:17 witherspoon systemd[1]: Started Phosphor User Manager.
Aug 10 00:54:17 witherspoon inventory_items.py[999]: Running Inventory Manager
Aug 10 00:54:17 witherspoon systemd[1]: Started Phosphor Inventory Manager.
Aug 10 00:54:18 witherspoon systemd[1]: Started Phosphor Network Manager.
Aug 10 00:54:18 witherspoon netman.py[1036]: Started
Aug 10 00:54:18 witherspoon phosphor-mapper[1032]: ObjectMapper startup complete.  Discovery in progress...
Aug 10 00:54:18 witherspoon avahi-daemon[1017]: ../../avahi-0.6.32/avahi-daemon/chroot.c: open() failed: No such file or directory
Aug 10 00:54:18 witherspoon avahi-daemon[993]: Failed to open /usr/share/dbus-1/interfaces/org.freedesktop.Avahi.Server.xml: Invalid argument
Aug 10 00:54:18 witherspoon avahi-daemon[993]: Failed to load introspection data.
Aug 10 00:54:26 witherspoon phosphor-mapper[1032]: ObjectMapper discovery complete
Aug 10 00:54:26 witherspoon systemd[1]: Started Phosphor DBus Service Discovery Manager.
Aug 10 00:54:26 witherspoon systemd[1]: Reached target Phosphor Object Mapper.
Aug 10 00:54:26 witherspoon systemd[1]: Starting Wait for /xyz/openbmc_project/control/host0/auto_reboot...
Aug 10 00:54:26 witherspoon systemd[1]: Starting Wait for /xyz/openbmc_project/control/host0/boot_source...
Aug 10 00:54:26 witherspoon systemd[1]: Starting Wait for /org/openbmc/control/bmc0...
Aug 10 00:54:26 witherspoon systemd[1]: Starting Wait for /xyz/openbmc_project/control/host0/power_restore_policy...
Aug 10 00:54:26 witherspoon systemd[1]: Starting Phoshpor System Manager...
Aug 10 00:54:26 witherspoon systemd[1]: Started Phosphor DBus Monitor.
Aug 10 00:54:26 witherspoon systemd[1]: Starting Wait for /xyz/openbmc_project/control/host0/restriction_mode...
Aug 10 00:54:26 witherspoon systemd[1]: Starting Wait for /xyz/openbmc_project/control/host0...
Aug 10 00:54:26 witherspoon systemd[1]: Starting Wait for /xyz/openbmc_project/inventory...
Aug 10 00:54:26 witherspoon systemd[1]: Starting Phosphor Settings Manager...
Aug 10 00:54:26 witherspoon systemd[1]: Starting Wait for /org/openbmc/control/flash/bios...
Aug 10 00:54:26 witherspoon systemd[1]: Starting Wait for /org/openbmc/managers/System...
Aug 10 00:54:26 witherspoon systemd[1]: Starting Wait for /org/openbmc/managers/Download...
Aug 10 00:54:26 witherspoon systemd[1]: Reached target Webserver (pre).
Aug 10 00:54:28 witherspoon systemd[1]: Started Phosphor Webserver.
Aug 10 00:54:28 witherspoon systemd[1]: Starting Wait for /org/openbmc/control/power0...
Aug 10 00:54:28 witherspoon systemd[1]: Starting Wait for /xyz/openbmc_project/state/host0...
Aug 10 00:54:28 witherspoon systemd[1]: Starting Wait for /xyz/openbmc_project/time/sync_method...
Aug 10 00:54:28 witherspoon systemd[1]: Starting Wait for /xyz/openbmc_project/led/groups...
Aug 10 00:54:28 witherspoon systemd[1]: Starting Phosphor Network Manager...
Aug 10 00:54:28 witherspoon systemd[1]: Starting Wait for /org/openbmc/NetworkManager/Interface...
Aug 10 00:54:28 witherspoon systemd[1]: Starting Wait for /xyz/openbmc_project/state/chassis0...
Aug 10 00:54:28 witherspoon systemd[1]: Starting Wait for /xyz/openbmc_project/led/groups/bmc_booted...
Aug 10 00:54:28 witherspoon systemd[1]: Starting Wait for /xyz/openbmc_project/time/owner...
Aug 10 00:54:28 witherspoon systemd[1]: Starting Wait for /xyz/openbmc_project/control/host0/boot_mode...
Aug 10 00:54:28 witherspoon systemd[1]: Started Phosphor Hwmon Poller.
Aug 10 00:54:28 witherspoon systemd[1]: Started Phosphor Hwmon Poller.
Aug 10 00:54:28 witherspoon systemd[1]: Started Phosphor Hwmon Poller.
Aug 10 00:54:28 witherspoon systemd[1]: Started Phosphor Hwmon Poller.
Aug 10 00:54:28 witherspoon systemd[1]: Started Phosphor Hwmon Poller.
Aug 10 00:54:28 witherspoon systemd[1]: Started Phosphor Hwmon Poller.
Aug 10 00:54:30 witherspoon phosphor-network-manager[1070]: ConfigParser: Section not found
Aug 10 00:54:30 witherspoon phosphor-network-manager[1070]: The operation failed internally.
Aug 10 00:54:30 witherspoon phosphor-network-manager[1070]: ConfigParser: Section not found
Aug 10 00:54:30 witherspoon phosphor-network-manager[1070]: The operation failed internally.
Aug 10 00:54:30 witherspoon phosphor-network-manager[1070]: ConfigParser: Key not found
Aug 10 00:54:30 witherspoon phosphor-network-manager[1070]: The operation failed internally.
Aug 10 00:54:32 witherspoon systemd[1]: Started Wait for /org/openbmc/managers/Download.
Aug 10 00:54:32 witherspoon systemd[1]: Starting Phosphor BIOS Code Update...
Aug 10 00:54:33 witherspoon avahi-daemon[993]: Withdrawing address record for 9.3.86.161 on eth0.
Aug 10 00:54:33 witherspoon avahi-daemon[993]: Host name conflict, retrying with witherspoon-16
Aug 10 00:54:33 witherspoon avahi-daemon[993]: Registering new address record for fe80::72e2:84ff:fe14:23e1 on eth0.*.
Aug 10 00:54:33 witherspoon avahi-daemon[993]: Registering new address record for 9.3.86.161 on eth0.IPv4.
Aug 10 00:54:35 witherspoon systemd[1]: Started Wait for /org/openbmc/control/bmc0.
Aug 10 00:54:35 witherspoon systemd[1]: Starting Phosphor BMC Code Update...
Aug 10 00:54:36 witherspoon systemd[1]: Started Wait for /xyz/openbmc_project/control/host0/auto_reboot.
Aug 10 00:54:36 witherspoon systemd[1]: Started Wait for /xyz/openbmc_project/control/host0/boot_source.
Aug 10 00:54:36 witherspoon systemd[1]: Started Wait for /xyz/openbmc_project/control/host0/power_restore_policy.
Aug 10 00:54:36 witherspoon systemd[1]: Started Wait for /xyz/openbmc_project/control/host0/restriction_mode.
Aug 10 00:54:36 witherspoon systemd[1]: Started Wait for /xyz/openbmc_project/inventory.
Aug 10 00:54:36 witherspoon systemd[1]: Started Wait for /xyz/openbmc_project/time/sync_method.
Aug 10 00:54:36 witherspoon systemd[1]: Started Phosphor BIOS Code Update.
Aug 10 00:54:36 witherspoon systemd[1]: Starting OpenPOWER OCC controller...
Aug 10 00:54:37 witherspoon systemd[1]: Started Phosphor GPIO 1 Presence.
Aug 10 00:54:37 witherspoon systemd[1]: Starting Read OpenPOWER-format VPD from EEPROM...
Aug 10 00:54:37 witherspoon systemd[1]: Started Phosphor GPIO 0 Presence.
Aug 10 00:54:37 witherspoon systemd[1]: Started Phosphor Cooling Type.
Aug 10 00:54:39 witherspoon phosphor-gpio-presence[1097]: Updating inventory present property
Aug 10 00:54:39 witherspoon phosphor-gpio-presence[1099]: Updating inventory present property
Aug 10 00:54:39 witherspoon systemd[1]: Started Wait for /xyz/openbmc_project/led/groups.
Aug 10 00:54:39 witherspoon systemd[1]: Started FRU Fault monitor service.
Aug 10 00:54:39 witherspoon systemd[1]: Started Wait for /org/openbmc/NetworkManager/Interface.
Aug 10 00:54:39 witherspoon systemd[1]: Started Wait for /xyz/openbmc_project/led/groups/bmc_booted.
Aug 10 00:54:40 witherspoon systemd[1]: Started OpenPOWER OCC controller.
Aug 10 00:54:40 witherspoon systemd[1]: Started Phosphor DNS Settings Cache Manager.
Aug 10 00:54:40 witherspoon systemd[1]: Started Wait for /xyz/openbmc_project/time/owner.
Aug 10 00:54:41 witherspoon systemd[1]: Started Wait for /xyz/openbmc_project/control/host0/boot_mode.
Aug 10 00:54:42 witherspoon phosphor-log-manager[1002]: Failed to find metadata
Aug 10 00:54:42 witherspoon phosphor-fru-fault-monitor[1101]: /xyz/openbmc_project/logging/entry/1
Aug 10 00:54:42 witherspoon dbus[1016]: [system] Activating via systemd: service name='org.freedesktop.hostname1' unit='dbus-org.freedesktop.hostname1.service'
Aug 10 00:54:42 witherspoon systemd[1]: Starting Hostname Service...
Aug 10 00:54:43 witherspoon dbus[1016]: [system] Successfully activated service 'org.freedesktop.hostname1'
Aug 10 00:54:43 witherspoon systemd[1]: Started Hostname Service.
Aug 10 00:54:43 witherspoon systemd[1]: Started Phosphor Network Manager.
Aug 10 00:54:44 witherspoon system_manager.py[1056]: Running System State: BASE_APPS
Aug 10 00:54:44 witherspoon system_manager.py[1056]: SystemManager Init Done
Aug 10 00:54:44 witherspoon system_manager.py[1056]: Running SystemManager
Aug 10 00:54:44 witherspoon systemd[1]: Started Phoshpor System Manager.
Aug 10 00:54:49 witherspoon systemd[1]: Started Phosphor BMC Code Update.
Aug 10 00:54:49 witherspoon bmc_update.py[1086]: Running Bmc Flash Control
Aug 10 00:54:51 witherspoon systemd[1]: Started Phosphor Settings Manager.
Aug 10 00:54:51 witherspoon systemd[1]: Starting Wait for /org/openbmc/settings/host0...
Aug 10 00:54:51 witherspoon settings_manager.py[1061]: Running HostSettingsService
Aug 10 00:54:52 witherspoon system_manager.py[1056]: SystemManager Goto System State: BMC_STARTING
Aug 10 00:54:52 witherspoon system_manager.py[1056]: Running System State: BMC_STARTING
Aug 10 00:54:53 witherspoon avahi-daemon[993]: Withdrawing address record for 9.3.86.161 on eth0.
Aug 10 00:54:53 witherspoon avahi-daemon[993]: Host name conflict, retrying with witherspoon-17
Aug 10 00:54:53 witherspoon avahi-daemon[993]: Registering new address record for fe80::72e2:84ff:fe14:23e1 on eth0.*.
Aug 10 00:54:53 witherspoon avahi-daemon[993]: Registering new address record for 9.3.86.161 on eth0.IPv4.
Aug 10 00:54:54 witherspoon systemd[1]: Started Read OpenPOWER-format VPD from EEPROM.
Aug 10 00:54:59 witherspoon systemd[1]: Started Wait for /org/openbmc/control/flash/bios.
Aug 10 00:54:59 witherspoon systemd[1]: Started Initialize BIOS Flash.
Aug 10 00:55:00 witherspoon systemd[1]: Started Wait for /org/openbmc/managers/System.
Aug 10 00:55:00 witherspoon systemd[1]: Starting Phosphor Host State Manager...
Aug 10 00:55:00 witherspoon systemd[1]: Starting Phosphor Chassis State Manager...
Aug 10 00:55:00 witherspoon systemd[1]: Starting Phosphor Reset Button0...
Aug 10 00:55:00 witherspoon systemd[1]: Starting Phosphor Power Button0...
Aug 10 00:55:00 witherspoon systemd[1]: Starting Phosphor BMC State Manager...
Aug 10 00:55:00 witherspoon systemd[1]: Starting Phosphor Power0 Control...
Aug 10 00:55:01 witherspoon systemd[1]: Started Wait for /org/openbmc/settings/host0.
Aug 10 00:55:01 witherspoon systemd[1]: Started Phosphor Inband IPMI.
Aug 10 00:55:02 witherspoon phosphor-gevent[1065]: Traceback (most recent call last):
Aug 10 00:55:02 witherspoon phosphor-gevent[1065]:   File "/usr/lib/python2.7/site-packages/gevent/greenlet.py", line 327, in run
Aug 10 00:55:02 witherspoon phosphor-gevent[1065]:     result = self._run(*self.args, **self.kwargs)
Aug 10 00:55:02 witherspoon phosphor-gevent[1065]:   File "/usr/lib/python2.7/site-packages/gevent/server.py", line 102, in wrap_socket_and_handle
Aug 10 00:55:02 witherspoon phosphor-gevent[1065]:     ssl_socket = self.wrap_socket(client_socket, **self.ssl_args)
Aug 10 00:55:02 witherspoon phosphor-gevent[1065]:   File "/usr/lib/python2.7/site-packages/gevent/ssl.py", line 404, in wrap_socket
Aug 10 00:55:02 witherspoon phosphor-gevent[1065]:     ciphers=ciphers)
Aug 10 00:55:02 witherspoon phosphor-gevent[1065]:   File "/usr/lib/python2.7/site-packages/gevent/ssl.py", line 113, in __init__
Aug 10 00:55:02 witherspoon phosphor-gevent[1065]:     self.do_handshake()
Aug 10 00:55:02 witherspoon phosphor-gevent[1065]:   File "/usr/lib/python2.7/site-packages/gevent/ssl.py", line 324, in do_handshake
Aug 10 00:55:02 witherspoon phosphor-gevent[1065]:     return self._sslobj.do_handshake()
Aug 10 00:55:02 witherspoon phosphor-gevent[1065]: SSLEOFError: EOF occurred in violation of protocol (_ssl.c:590)
Aug 10 00:55:02 witherspoon phosphor-gevent[1065]: <Greenlet at 0x760193f0: <bound method WSGIServer.wrap_socket_and_handle of <WSGIServer at 0x75fefb50 fileno=5 address=('::3432:f076:b00d:6676%1986399648', 443, 0, 1986399648)>>(<socket at 0x75ec6830 fileno=9>, ('::8019:6476:8e91:f402%1995381532', 43940, 0, 199)> failed with SSLEOFError
Aug 10 00:55:02 witherspoon phosphor-bmc-state-manager[1120]: Setting the BMCState field
Aug 10 00:55:02 witherspoon phosphor-bmc-state-manager[1120]: Setting the BMCState field
Aug 10 00:55:02 witherspoon systemd[1]: Started Phosphor BMC State Manager.
Aug 10 00:55:03 witherspoon phosphor-gevent[1065]: Traceback (most recent call last):
Aug 10 00:55:03 witherspoon phosphor-gevent[1065]:   File "/usr/lib/python2.7/site-packages/gevent/greenlet.py", line 327, in run
Aug 10 00:55:03 witherspoon phosphor-gevent[1065]:     result = self._run(*self.args, **self.kwargs)
Aug 10 00:55:03 witherspoon phosphor-gevent[1065]:   File "/usr/lib/python2.7/site-packages/gevent/server.py", line 102, in wrap_socket_and_handle
Aug 10 00:55:03 witherspoon phosphor-gevent[1065]:     ssl_socket = self.wrap_socket(client_socket, **self.ssl_args)
Aug 10 00:55:03 witherspoon phosphor-gevent[1065]:   File "/usr/lib/python2.7/site-packages/gevent/ssl.py", line 404, in wrap_socket
Aug 10 00:55:03 witherspoon phosphor-gevent[1065]:     ciphers=ciphers)
Aug 10 00:55:03 witherspoon phosphor-gevent[1065]:   File "/usr/lib/python2.7/site-packages/gevent/ssl.py", line 113, in __init__
Aug 10 00:55:03 witherspoon phosphor-gevent[1065]:     self.do_handshake()
Aug 10 00:55:03 witherspoon phosphor-gevent[1065]:   File "/usr/lib/python2.7/site-packages/gevent/ssl.py", line 324, in do_handshake
Aug 10 00:55:03 witherspoon phosphor-gevent[1065]:     return self._sslobj.do_handshake()
Aug 10 00:55:03 witherspoon phosphor-gevent[1065]: SSLEOFError: EOF occurred in violation of protocol (_ssl.c:590)
Aug 10 00:55:03 witherspoon phosphor-gevent[1065]: <Greenlet at 0x760196c0: <bound method WSGIServer.wrap_socket_and_handle of <WSGIServer at 0x75fefb50 fileno=5 address=('::3432:f076:b00d:6676%1986399648', 443, 0, 1986399648)>>(<socket at 0x75ec67d0 fileno=10>, ('::8019:6476:8e91:f402%1995381532', 43942, 0, 199)> failed with SSLEOFError
Aug 10 00:55:02 witherspoon phosphor-chassis-state-manager[1117]: Initial Chassis State will be Off
Aug 10 00:55:03 witherspoon flash_bios.exe[1082]: Starting flasher: bios,,/org/openbmc/control/flash/bios,
Aug 10 00:55:03 witherspoon flash_bios.exe[1082]: flasher: , BMC = 1, address = 0x0
Aug 10 00:55:03 witherspoon flash_bios.exe[1082]: Setting up flash
Aug 10 00:55:02 witherspoon systemd[1]: Started Phosphor Chassis State Manager.
Aug 10 00:55:03 witherspoon system_manager.py[1056]: New object: /org/openbmc/control/power0 (:1.84)
Aug 10 00:55:03 witherspoon button_reset.exe[1118]: GPIO Lookup:  RESET_BUTTON = 353,both
Aug 10 00:55:04 witherspoon system_manager.py[1056]: Power GPIO config: ['SYS_PWROK_BUFF', '', [('SOFTWARE_PGOOD', True), ('BMC_POWER_UP', True)], [('BMC_CP0_RESET_N', False)], [], 'FSI_DATA', 'FSI_CLK', 'FSI_ENABLE', 'CRONUS_SEL', []]
Aug 10 00:55:04 witherspoon power_control.exe[1121]: Power GPIO latch output:
Aug 10 00:55:04 witherspoon power_control.exe[1121]: Power GPIO power good input: SYS_PWROK_BUFF
Aug 10 00:55:04 witherspoon power_control.exe[1121]: Power GPIO 2 power_up outputs
Aug 10 00:55:04 witherspoon power_control.exe[1121]: Power GPIO power_up[0] = SOFTWARE_PGOOD active HIGH
Aug 10 00:55:04 witherspoon power_control.exe[1121]: Power GPIO power_up[1] = BMC_POWER_UP active HIGH
Aug 10 00:55:04 witherspoon power_control.exe[1121]: Power GPIO 1 reset outputs
Aug 10 00:55:04 witherspoon power_control.exe[1121]: Power GPIO reset[0] = BMC_CP0_RESET_N active LOW
Aug 10 00:55:04 witherspoon power_control.exe[1121]: Power GPIO 0 pci reset outputs
Aug 10 00:55:04 witherspoon power_control.exe[1121]: FSI DATA GPIO: FSI_DATA
Aug 10 00:55:04 witherspoon power_control.exe[1121]: FSI CLK GPIO: FSI_CLK
Aug 10 00:55:04 witherspoon power_control.exe[1121]: FSI ENABLE GPIO: FSI_ENABLE
Aug 10 00:55:04 witherspoon power_control.exe[1121]: CRONUS SEL GPIO: CRONUS_SEL
Aug 10 00:55:04 witherspoon power_control.exe[1121]: Hostctl GPIO optionals: 0
Aug 10 00:55:04 witherspoon button_power.exe[1119]: GPIO Lookup:  POWER_BUTTON = 347,both
Aug 10 00:55:04 witherspoon flash_bios.exe[1082]: Starting flasher: bios,,/org/openbmc/control/flash/bios,
Aug 10 00:55:04 witherspoon flash_bios.exe[1082]: flasher: , BMC = 1, address = 0x0
Aug 10 00:55:04 witherspoon flash_bios.exe[1082]: Setting up flash
Aug 10 00:55:04 witherspoon systemd[1]: Started Phosphor Power Button0.
Aug 10 00:55:04 witherspoon power_control.exe[1121]: GPIO Lookup:  SYS_PWROK_BUFF = 306,in
Aug 10 00:55:04 witherspoon power_control.exe[1121]: GPIO Lookup:  SOFTWARE_PGOOD = 417,out
Aug 10 00:55:04 witherspoon systemd[1]: Started Phosphor Reset Button0.
Aug 10 00:55:04 witherspoon power_control.exe[1121]: GPIO Lookup:  BMC_POWER_UP = 305,out
Aug 10 00:55:04 witherspoon power_control.exe[1121]: GPIO Lookup:  BMC_CP0_RESET_N = 281,out
Aug 10 00:55:04 witherspoon power_control.exe[1121]: Pgood state: 0
Aug 10 00:55:04 witherspoon systemd[1]: Started Phosphor Power0 Control.
Aug 10 00:55:05 witherspoon phosphor-host-state-manager[1116]: Initial Host State will be Off
Aug 10 00:55:06 witherspoon systemd[1]: Started Phosphor Host State Manager.
Aug 10 00:55:09 witherspoon system_manager.py[1056]: SystemManager Goto System State: BMC_READY
Aug 10 00:55:09 witherspoon system_manager.py[1056]: Running System State: BMC_READY
Aug 10 00:55:09 witherspoon systemd[1]: Started Wait for /xyz/openbmc_project/state/chassis0.
Aug 10 00:55:09 witherspoon systemd[1]: Started Wait for /org/openbmc/control/power0.
Aug 10 00:55:09 witherspoon systemd[1]: Starting Check Chassis0 pgood and create a file to indicate it...
Aug 10 00:55:09 witherspoon systemd[1]: Starting Phosphor Time Manager daemon...
Aug 10 00:55:10 witherspoon systemd[1]: Started Check Chassis0 pgood and create a file to indicate it.
Aug 10 00:55:10 witherspoon systemd[1]: Reached target Chassis0 power on after reset.
Aug 10 00:55:10 witherspoon systemd[1]: Reached target Chassis0 (Reset Check).
Aug 10 00:55:11 witherspoon timemanager[1157]: Registering dbus methods
Aug 10 00:55:11 witherspoon timemanager[1157]: Last known time_mode: NTP
Aug 10 00:55:11 witherspoon timemanager[1157]: Last known time_owner: BMC
Aug 10 00:55:11 witherspoon timemanager[1157]: Empty DhcpNtp string
Aug 10 00:55:11 witherspoon timemanager[1157]: Reading Power Control key: pgood
Aug 10 00:55:11 witherspoon systemd[1]: Started Wait for /xyz/openbmc_project/state/host0.
Aug 10 00:55:11 witherspoon systemd[1]: Starting Reboot If Enabled...
Aug 10 00:55:11 witherspoon systemd[1]: Started Wait for /xyz/openbmc_project/control/host0.
Aug 10 00:55:11 witherspoon systemd[1]: Reached target Host0 running after reset.
Aug 10 00:55:11 witherspoon systemd[1]: Reached target Host0 (Reset Check).
Aug 10 00:55:11 witherspoon timemanager[1157]: Changing settings *allowed* now
Aug 10 00:55:11 witherspoon timemanager[1157]: Owner is already set to : BMC
Aug 10 00:55:12 witherspoon timemanager[1157]: Requested_Mode: NTP Current_Mode: NTP
Aug 10 00:55:12 witherspoon timemanager[1157]: Mode is already set to : NTP
Aug 10 00:55:12 witherspoon timemanager[1157]: Getting System Settings: use_dhcp_ntp
Aug 10 00:55:12 witherspoon timemanager[1157]: use_dhcp_ntp = yes
Aug 10 00:55:12 witherspoon timemanager[1157]: Last known host_offset:0
Aug 10 00:55:12 witherspoon timemanager[1157]: Initial Uptime Usec: 1502326402230276
Aug 10 00:55:12 witherspoon systemd[1]: Started Phosphor Time Manager daemon.
Aug 10 00:55:12 witherspoon phosphor-discover-system-state[1168]: Host power is off, checking power policy
Aug 10 00:55:12 witherspoon systemd[1]: Started Reboot If Enabled.
Aug 10 00:55:12 witherspoon systemd[1]: Reached target Phosphor System - Standby.
Aug 10 00:55:12 witherspoon systemd[1]: Starting Assert bmc_booted LED...
Aug 10 00:55:12 witherspoon phosphor-bmc-state-manager[1120]: BMC_READY
Aug 10 00:55:12 witherspoon phosphor-bmc-state-manager[1120]: Setting the BMCState field
Aug 10 00:55:13 witherspoon systemd[1]: Started Assert bmc_booted LED.
Aug 10 00:55:13 witherspoon systemd[1]: Startup finished in 14.095s (kernel) + 1min 36.710s (userspace) = 1min 50.806s.
Aug 10 00:55:13 witherspoon avahi-daemon[993]: Withdrawing address record for 9.3.86.161 on eth0.
Aug 10 00:55:13 witherspoon avahi-daemon[993]: Host name conflict, retrying with witherspoon-18
Aug 10 00:55:13 witherspoon avahi-daemon[993]: Registering new address record for fe80::72e2:84ff:fe14:23e1 on eth0.*.
Aug 10 00:55:13 witherspoon avahi-daemon[993]: Registering new address record for 9.3.86.161 on eth0.IPv4.
Aug 10 00:55:14 witherspoon phosphor-gevent[1065]: ::8019:6476:8e91:f402%1995381532 - - [2017-08-10 00:55:14] "POST /login HTTP/1.1" 200 320 0.172140
Aug 10 00:55:14 witherspoon systemd[1]: Created slice system-dropbear.slice.
Aug 10 00:55:14 witherspoon systemd[1]: Started SSH Per-Connection Server (9.41.165.94:60792).
Aug 10 00:55:14 witherspoon dropbear[1176]: Failed loading /etc/dropbear/dropbear_dss_host_key
Aug 10 00:55:14 witherspoon dropbear[1176]: Failed loading /etc/dropbear/dropbear_ecdsa_host_key
Aug 10 00:55:14 witherspoon dropbear[1176]: Child connection from ::ffff:9.41.165.94:60792
Aug 10 00:55:15 witherspoon dropbear[1176]: PAM password auth succeeded for 'root' from ::ffff:9.41.165.94:60792
Aug 10 00:55:15 witherspoon dropbear[1177]: lastlog_perform_login: Couldn't stat /var/log/lastlog: No such file or directory
Aug 10 00:55:15 witherspoon dropbear[1177]: lastlog_openseek: /var/log/lastlog is not a file or directory!
Aug 10 00:55:16 witherspoon systemd[1]: Started SSH Per-Connection Server (9.41.165.94:60794).
Aug 10 00:55:16 witherspoon dropbear[1181]: Failed loading /etc/dropbear/dropbear_dss_host_key
Aug 10 00:55:16 witherspoon dropbear[1181]: Failed loading /etc/dropbear/dropbear_ecdsa_host_key
Aug 10 00:55:16 witherspoon dropbear[1181]: Child connection from ::ffff:9.41.165.94:60794
Aug 10 00:55:16 witherspoon dropbear[1181]: PAM password auth succeeded for 'root' from ::ffff:9.41.165.94:60794
Aug 10 00:55:16 witherspoon dropbear[1182]: lastlog_perform_login: Couldn't stat /var/log/lastlog: No such file or directory
Aug 10 00:55:16 witherspoon dropbear[1182]: lastlog_openseek: /var/log/lastlog is not a file or directory!
Aug 10 00:55:18 witherspoon phosphor-gevent[1065]: ::8019:6476:8e91:f402%1995381532 - - [2017-08-10 00:55:18] "POST /login HTTP/1.1" 200 320 0.046228
Aug 10 00:55:18 witherspoon phosphor-gevent[1065]: ::8019:6476:8e91:f402%1995381532 - - [2017-08-10 00:55:18] "GET /xyz/openbmc_project/state/BMC0/ HTTP/1.1" 404 308 0.040812
Aug 10 00:55:18 witherspoon phosphor-gevent[1065]: ::8019:6476:8e91:f402%1995381532 - - [2017-08-10 00:55:18] "POST /login HTTP/1.1" 200 320 0.033354
Aug 10 00:55:18 witherspoon phosphor-gevent[1065]: ::8019:6476:8e91:f402%1995381532 - - [2017-08-10 00:55:18] "GET /xyz/openbmc_project/state/bmc0//attr/CurrentBMCState HTTP/1.1" 200 212 0.064588
Aug 10 00:55:18 witherspoon phosphor-gevent[1065]: ::8019:6476:8e91:f402%1995381532 - - [2017-08-10 00:55:18] "POST /login HTTP/1.1" 200 320 0.049863
Aug 10 00:55:18 witherspoon phosphor-gevent[1065]: ::8019:6476:8e91:f402%1995381532 - - [2017-08-10 00:55:18] "PUT /org/openbmc/control/flash/bmc/attr/preserve_network_settings HTTP/1.1" 200 169 0.233440
Aug 10 00:55:19 witherspoon phosphor-gevent[1065]: ::8019:6476:8e91:f402%1995381532 - - [2017-08-10 00:55:19] "POST /login HTTP/1.1" 200 320 0.033261
Aug 10 00:55:19 witherspoon phosphor-gevent[1065]: ::8019:6476:8e91:f402%1995381532 - - [2017-08-10 00:55:19] "GET /org/openbmc/control/flash/bmc HTTP/1.1" 200 380 0.087423
Aug 10 00:55:19 witherspoon systemd[1]: Started SSH Per-Connection Server (9.41.165.94:60804).
Aug 10 00:55:19 witherspoon dropbear[1188]: Failed loading /etc/dropbear/dropbear_dss_host_key
Aug 10 00:55:19 witherspoon dropbear[1188]: Failed loading /etc/dropbear/dropbear_ecdsa_host_key
Aug 10 00:55:19 witherspoon dropbear[1188]: Child connection from ::ffff:9.41.165.94:60804
Aug 10 00:55:19 witherspoon dropbear[1188]: PAM password auth succeeded for 'root' from ::ffff:9.41.165.94:60804
Aug 10 00:55:19 witherspoon systemd[1]: Started SSH Per-Connection Server (9.41.165.94:60806).
Aug 10 00:55:20 witherspoon dropbear[1189]: Failed loading /etc/dropbear/dropbear_dss_host_key
Aug 10 00:55:20 witherspoon dropbear[1189]: Failed loading /etc/dropbear/dropbear_ecdsa_host_key
Aug 10 00:55:20 witherspoon dropbear[1189]: Child connection from ::ffff:9.41.165.94:60806
Aug 10 00:55:20 witherspoon dropbear[1189]: PAM password auth succeeded for 'root' from ::ffff:9.41.165.94:60806
Aug 10 00:55:20 witherspoon dropbear[1190]: lastlog_perform_login: Couldn't stat /var/log/lastlog: No such file or directory
Aug 10 00:55:20 witherspoon dropbear[1190]: lastlog_openseek: /var/log/lastlog is not a file or directory!
Aug 10 00:55:33 witherspoon avahi-daemon[993]: Withdrawing address record for 9.3.86.161 on eth0.
Aug 10 00:55:33 witherspoon avahi-daemon[993]: Host name conflict, retrying with witherspoon-19
Aug 10 00:55:33 witherspoon avahi-daemon[993]: Registering new address record for fe80::72e2:84ff:fe14:23e1 on eth0.*.
Aug 10 00:55:33 witherspoon avahi-daemon[993]: Registering new address record for 9.3.86.161 on eth0.IPv4.
Aug 10 00:55:53 witherspoon avahi-daemon[993]: Withdrawing address record for 9.3.86.161 on eth0.
Aug 10 00:55:53 witherspoon avahi-daemon[993]: Host name conflict, retrying with witherspoon-20
Aug 10 00:55:53 witherspoon avahi-daemon[993]: Registering new address record for fe80::72e2:84ff:fe14:23e1 on eth0.*.
Aug 10 00:55:53 witherspoon avahi-daemon[993]: Registering new address record for 9.3.86.161 on eth0.IPv4.
Aug 10 00:56:13 witherspoon avahi-daemon[993]: Withdrawing address record for 9.3.86.161 on eth0.
Aug 10 00:56:13 witherspoon avahi-daemon[993]: Host name conflict, retrying with witherspoon-21
Aug 10 00:56:13 witherspoon avahi-daemon[993]: Registering new address record for fe80::72e2:84ff:fe14:23e1 on eth0.*.
Aug 10 00:56:13 witherspoon avahi-daemon[993]: Registering new address record for 9.3.86.161 on eth0.IPv4.
Aug 10 00:56:30 witherspoon phosphor-gevent[1065]: ::8019:6476:8e91:f402%1995381532 - - [2017-08-10 00:56:30] "POST /login HTTP/1.1" 200 320 0.049223
Aug 10 00:56:30 witherspoon bmc_update.py[1086]: Download complete. Updating...
Aug 10 00:56:33 witherspoon bmc_update.py[1086]: Preserving network settings
Aug 10 00:56:33 witherspoon bmc_update.py[1086]: update: --no-flash --no-save-files --no-restore-files --no-clean-saved-files
Aug 10 00:56:33 witherspoon bmc_update.py[1086]: ERROR: Image image-bmc too big for mtd0.
Aug 10 00:56:33 witherspoon phosphor-gevent[1065]: ::8019:6476:8e91:f402%1995381532 - - [2017-08-10 00:56:33] "POST /org/openbmc/control/flash/bmc/action/update HTTP/1.1" 200 169 3.689212
Aug 10 00:56:33 witherspoon avahi-daemon[993]: Withdrawing address record for 9.3.86.161 on eth0.
Aug 10 00:56:33 witherspoon avahi-daemon[993]: Host name conflict, retrying with witherspoon-22
Aug 10 00:56:33 witherspoon avahi-daemon[993]: Registering new address record for fe80::72e2:84ff:fe14:23e1 on eth0.*.
Aug 10 00:56:33 witherspoon avahi-daemon[993]: Registering new address record for 9.3.86.161 on eth0.IPv4.
Aug 10 00:56:34 witherspoon phosphor-gevent[1065]: ::8019:6476:8e91:f402%1995381532 - - [2017-08-10 00:56:34] "POST /login HTTP/1.1" 200 320 0.060844
Aug 10 00:56:34 witherspoon phosphor-gevent[1065]: ::8019:6476:8e91:f402%1995381532 - - [2017-08-10 00:56:34] "GET /org/openbmc/control/flash/bmc HTTP/1.1" 200 538 0.080021
Aug 10 00:56:34 witherspoon phosphor-gevent[1065]: ::8019:6476:8e91:f402%1995381532 - - [2017-08-10 00:56:34] "POST /login HTTP/1.1" 200 320 0.033231
Aug 10 00:56:34 witherspoon phosphor-gevent[1065]: ::8019:6476:8e91:f402%1995381532 - - [2017-08-10 00:56:34] "GET /xyz/openbmc_project/state/host0//attr/CurrentHostState HTTP/1.1" 200 212 0.065033
Aug 10 00:56:37 witherspoon systemd[1]: Started SSH Per-Connection Server (9.41.165.94:60814).
Aug 10 00:56:37 witherspoon dropbear[1228]: Failed loading /etc/dropbear/dropbear_dss_host_key
Aug 10 00:56:37 witherspoon dropbear[1228]: Failed loading /etc/dropbear/dropbear_ecdsa_host_key
Aug 10 00:56:37 witherspoon dropbear[1228]: Child connection from ::ffff:9.41.165.94:60814
Aug 10 00:56:38 witherspoon dropbear[1228]: PAM password auth succeeded for 'root' from ::ffff:9.41.165.94:60814
Aug 10 00:56:38 witherspoon dropbear[1229]: lastlog_perform_login: Couldn't stat /var/log/lastlog: No such file or directory
Aug 10 00:56:38 witherspoon dropbear[1229]: lastlog_openseek: /var/log/lastlog is not a file or directory!
Aug 10 00:56:40 witherspoon phosphor-gevent[1065]: ::8019:6476:8e91:f402%1995381532 - - [2017-08-10 00:56:40] "POST /login HTTP/1.1" 200 320 0.045761
Aug 10 00:56:40 witherspoon phosphor-gevent[1065]: ::8019:6476:8e91:f402%1995381532 - - [2017-08-10 00:56:40] "GET /xyz/openbmc_project/logging/entry/enumerate HTTP/1.1" 200 488 0.118769
Aug 10 00:56:41 witherspoon phosphor-gevent[1065]: ::8019:6476:8e91:f402%1995381532 - - [2017-08-10 00:56:41] "POST /login HTTP/1.1" 200 320 0.045368
Aug 10 00:56:41 witherspoon phosphor-gevent[1065]: ::8019:6476:8e91:f402%1995381532 - - [2017-08-10 00:56:41] "GET /org/openbmc/sensors/enumerate HTTP/1.1" 200 881 0.174805
Aug 10 00:56:41 witherspoon phosphor-gevent[1065]: ::8019:6476:8e91:f402%1995381532 - - [2017-08-10 00:56:41] "POST /login HTTP/1.1" 200 320 0.045978
Aug 10 00:56:41 witherspoon phosphor-gevent[1065]: ::8019:6476:8e91:f402%1995381532 - - [2017-08-10 00:56:41] "GET /xyz/openbmc_project/inventory/enumerate HTTP/1.1" 200 1078 0.282001
Aug 10 00:56:41 witherspoon phosphor-gevent[1065]: ::8019:6476:8e91:f402%1995381532 - - [2017-08-10 00:56:41] "POST /login HTTP/1.1" 200 320 0.033816
Aug 10 00:56:42 witherspoon phosphor-gevent[1065]: ::8019:6476:8e91:f402%1995381532 - - [2017-08-10 00:56:42] "GET /org/openbmc/records/events/enumerate HTTP/1.1" 404 304 0.042883
Aug 10 00:56:42 witherspoon phosphor-gevent[1065]: ::8019:6476:8e91:f402%1995381532 - - [2017-08-10 00:56:42] "POST /login HTTP/1.1" 200 320 0.033348
Aug 10 00:56:42 witherspoon phosphor-gevent[1065]: ::8019:6476:8e91:f402%1995381532 - - [2017-08-10 00:56:42] "GET /org/openbmc/control/led/enumerate HTTP/1.1" 404 301 0.029809
Aug 10 00:56:42 witherspoon systemd[1]: Started SSH Per-Connection Server (9.41.165.94:60826).
Aug 10 00:56:42 witherspoon dropbear[1241]: Failed loading /etc/dropbear/dropbear_dss_host_key
Aug 10 00:56:42 witherspoon dropbear[1241]: Failed loading /etc/dropbear/dropbear_ecdsa_host_key
Aug 10 00:56:42 witherspoon dropbear[1241]: Child connection from ::ffff:9.41.165.94:60826
Aug 10 00:56:43 witherspoon dropbear[1241]: PAM password auth succeeded for 'root' from ::ffff:9.41.165.94:60826
