-- Logs begin at Thu 2017-08-03 15:42:59 UTC, end at Thu 2017-08-03 15:51:46 UTC. --
Aug 03 15:42:59 witherspoon kernel: Booting Linux on physical CPU 0x0
Aug 03 15:42:59 witherspoon kernel: Linux version 4.10.17-b8cd93f62581143a80ba5c0c61629031ce4a5240 (jenkins@openbmc-builder1) (gcc version 6.2.0 (GCC) ) #1 Sat Aug 12 14:07:25 UTC 2017
Aug 03 15:42:59 witherspoon kernel: CPU: ARMv6-compatible processor [410fb767] revision 7 (ARMv7), cr=00c5387d
Aug 03 15:42:59 witherspoon kernel: CPU: PIPT / VIPT nonaliasing data cache, VIPT nonaliasing instruction cache
Aug 03 15:42:59 witherspoon kernel: OF: fdt:Machine model: Witherspoon BMC
Aug 03 15:42:59 witherspoon kernel: Memory policy: Data cache writeback
Aug 03 15:42:59 witherspoon kernel: SOC Rev: 04030303
Aug 03 15:42:59 witherspoon kernel: On node 0 totalpages: 110592
Aug 03 15:42:59 witherspoon kernel: free_area_init_node: node 0, pgdat 806016cc, node_mem_map 9ec1a000
Aug 03 15:42:59 witherspoon kernel:   Normal zone: 992 pages used for memmap
Aug 03 15:42:59 witherspoon kernel:   Normal zone: 0 pages reserved
Aug 03 15:42:59 witherspoon kernel:   Normal zone: 110592 pages, LIFO batch:31
Aug 03 15:42:59 witherspoon kernel: pcpu-alloc: s0 r0 d32768 u32768 alloc=1*32768
Aug 03 15:42:59 witherspoon kernel: pcpu-alloc: [0] 0 
Aug 03 15:42:59 witherspoon kernel: Built 1 zonelists in Zone order, mobility grouping on.  Total pages: 109600
Aug 03 15:42:59 witherspoon kernel: Kernel command line: console=ttyS4,115200n8 root=/dev/ram rw
Aug 03 15:42:59 witherspoon kernel: PID hash table entries: 2048 (order: 1, 8192 bytes)
Aug 03 15:42:59 witherspoon kernel: Dentry cache hash table entries: 65536 (order: 6, 262144 bytes)
Aug 03 15:42:59 witherspoon kernel: Inode-cache hash table entries: 32768 (order: 5, 131072 bytes)
Aug 03 15:42:59 witherspoon kernel: Memory: 430420K/442368K available (4072K kernel code, 281K rwdata, 1192K rodata, 284K init, 111K bss, 11948K reserved, 0K cma-reserved)
Aug 03 15:42:59 witherspoon kernel: Virtual kernel memory layout:
                                        vector  : 0xffff0000 - 0xffff1000   (   4 kB)
                                        fixmap  : 0xffc00000 - 0xfff00000   (3072 kB)
                                        vmalloc : 0x9f800000 - 0xff800000   (1536 MB)
                                        lowmem  : 0x80000000 - 0x9f000000   ( 496 MB)
                                          .text : 0x80008000 - 0x804023c0   (4073 kB)
                                          .init : 0x80587000 - 0x805ce000   ( 284 kB)
                                          .data : 0x805ce000 - 0x80614570   ( 282 kB)
                                           .bss : 0x80614570 - 0x80630418   ( 112 kB)
Aug 03 15:42:59 witherspoon kernel: NR_IRQS:16 nr_irqs:16 16
Aug 03 15:42:59 witherspoon kernel: i2c controller registered, irq 16
Aug 03 15:42:59 witherspoon kernel: clocksource: moxart_timer: mask: 0xffffffff max_cycles: 0xffffffff, max_idle_ns: 77222644334 ns
Aug 03 15:42:59 witherspoon kernel: sched_clock: 32 bits at 100 Hz, resolution 10000000ns, wraps every 21474836475000000ns
Aug 03 15:42:59 witherspoon kernel: Calibrating delay loop... 789.70 BogoMIPS (lpj=3948544)
Aug 03 15:42:59 witherspoon kernel: pid_max: default: 32768 minimum: 301
Aug 03 15:42:59 witherspoon kernel: Mount-cache hash table entries: 1024 (order: 0, 4096 bytes)
Aug 03 15:42:59 witherspoon kernel: Mountpoint-cache hash table entries: 1024 (order: 0, 4096 bytes)
Aug 03 15:42:59 witherspoon kernel: CPU: Testing write buffer coherency: ok
Aug 03 15:42:59 witherspoon kernel: ftrace: allocating 14962 entries in 44 pages
Aug 03 15:42:59 witherspoon kernel: Setting up static identity map for 0x80008200 - 0x8000825c
Aug 03 15:42:59 witherspoon kernel: devtmpfs: initialized
Aug 03 15:42:59 witherspoon kernel: clocksource: jiffies: mask: 0xffffffff max_cycles: 0xffffffff, max_idle_ns: 19112604462750000 ns
Aug 03 15:42:59 witherspoon kernel: futex hash table entries: 256 (order: -1, 3072 bytes)
Aug 03 15:42:59 witherspoon kernel: pinctrl core: initialized pinctrl subsystem
Aug 03 15:42:59 witherspoon kernel: NET: Registered protocol family 16
Aug 03 15:42:59 witherspoon kernel: DMA: preallocated 256 KiB pool for atomic coherent allocations
Aug 03 15:42:59 witherspoon kernel: usbcore: registered new interface driver usbfs
Aug 03 15:42:59 witherspoon kernel: usbcore: registered new interface driver hub
Aug 03 15:42:59 witherspoon kernel: usbcore: registered new device driver usb
Aug 03 15:42:59 witherspoon kernel: clocksource: Switched to clocksource moxart_timer
Aug 03 15:42:59 witherspoon kernel: NET: Registered protocol family 2
Aug 03 15:42:59 witherspoon kernel: TCP established hash table entries: 4096 (order: 2, 16384 bytes)
Aug 03 15:42:59 witherspoon kernel: TCP bind hash table entries: 4096 (order: 2, 16384 bytes)
Aug 03 15:42:59 witherspoon kernel: TCP: Hash tables configured (established 4096 bind 4096)
Aug 03 15:42:59 witherspoon kernel: UDP hash table entries: 256 (order: 0, 4096 bytes)
Aug 03 15:42:59 witherspoon kernel: UDP-Lite hash table entries: 256 (order: 0, 4096 bytes)
Aug 03 15:42:59 witherspoon kernel: NET: Registered protocol family 1
Aug 03 15:42:59 witherspoon kernel: Trying to unpack rootfs image as initramfs...
Aug 03 15:42:59 witherspoon kernel: Freeing initrd memory: 1548K
Aug 03 15:42:59 witherspoon kernel: workingset: timestamp_bits=30 max_order=17 bucket_order=0
Aug 03 15:42:59 witherspoon kernel: squashfs: version 4.0 (2009/01/31) Phillip Lougher
Aug 03 15:42:59 witherspoon kernel: jffs2: version 2.2. (SUMMARY)  © 2001-2006 Red Hat, Inc.
Aug 03 15:42:59 witherspoon kernel: Block layer SCSI generic (bsg) driver version 0.4 loaded (major 250)
Aug 03 15:42:59 witherspoon kernel: io scheduler noop registered
Aug 03 15:42:59 witherspoon kernel: io scheduler deadline registered
Aug 03 15:42:59 witherspoon kernel: io scheduler cfq registered (default)
Aug 03 15:42:59 witherspoon kernel: ipmi-bt-host 1e789140.ibt: Found bt bmc device
Aug 03 15:42:59 witherspoon kernel: ipmi-bt-host 1e789140.ibt: Using IRQ 22
Aug 03 15:42:59 witherspoon kernel: Serial: 8250/16550 driver, 6 ports, IRQ sharing enabled
Aug 03 15:42:59 witherspoon kernel: 1e787000.vuart: ttyS0 at MMIO 0x1e787000 (irq = 22, base_baud = 1500000) is a 16550A
Aug 03 15:42:59 witherspoon kernel: 1e783000.serial: ttyS1 at MMIO 0x1e783000 (irq = 23, base_baud = 1500000) is a 16550A
Aug 03 15:42:59 witherspoon kernel: 1e78d000.serial: ttyS2 at MMIO 0x1e78d000 (irq = 24, base_baud = 1500000) is a 16550A
Aug 03 15:42:59 witherspoon kernel: 1e784000.serial: ttyS4 at MMIO 0x1e784000 (irq = 25, base_baud = 1500000) is a 16550A
Aug 03 15:42:59 witherspoon kernel: console [ttyS4] enabled
Aug 03 15:42:59 witherspoon kernel: timeriomem_rng 1e6e2078.hwrng: 32bits from 0xf00e2078 @ 1us
Aug 03 15:42:59 witherspoon kernel: random: fast init done
Aug 03 15:42:59 witherspoon kernel: brd: module loaded
Aug 03 15:42:59 witherspoon kernel: loop: module loaded
Aug 03 15:42:59 witherspoon kernel: aspeed-lpc-ctrl 1e789080.lpc-ctrl: Loaded at 0x98000000 (0x04000000)
Aug 03 15:42:59 witherspoon kernel: aspeed-smc 1e620000.flash-controller: Using IRQ 18
Aug 03 15:42:59 witherspoon kernel: aspeed-smc 1e620000.flash-controller: DMA support disabled.
Aug 03 15:42:59 witherspoon kernel: aspeed-smc 1e620000.flash-controller: mx25l25635e (32768 Kbytes)
Aug 03 15:42:59 witherspoon kernel: aspeed-smc 1e620000.flash-controller: CE0 window [ 0x20000000 - 0x22000000 ] 32MB
Aug 03 15:43:00 witherspoon kernel: aspeed-smc 1e620000.flash-controller: CE1 window [ 0x22000000 - 0x2a000000 ] 128MB
Aug 03 15:43:00 witherspoon kernel: 5 ofpart partitions found on MTD device bmc
Aug 03 15:43:00 witherspoon kernel: Creating 5 MTD partitions on "bmc":
Aug 03 15:43:00 witherspoon kernel: 0x000000000000-0x000000060000 : "u-boot"
Aug 03 15:43:00 witherspoon kernel: 0x000000060000-0x000000080000 : "u-boot-env"
Aug 03 15:43:00 witherspoon kernel: 0x000000080000-0x0000004c0000 : "kernel"
Aug 03 15:43:00 witherspoon kernel: 0x0000004c0000-0x000001c00000 : "rofs"
Aug 03 15:43:00 witherspoon kernel: random: crng init done
Aug 03 15:43:00 witherspoon kernel: 0x000001c00000-0x000002000000 : "rwfs"
Aug 03 15:43:00 witherspoon kernel: aspeed-smc 1e620000.flash-controller: mx25l25635e (32768 Kbytes)
Aug 03 15:43:00 witherspoon kernel: aspeed-smc 1e620000.flash-controller: CE1 window [ 0x22000000 - 0x24000000 ] 32MB
Aug 03 15:43:00 witherspoon kernel: aspeed-smc 1e620000.flash-controller: CE2 window [ 0x24000000 - 0x2c000000 ] 128MB
Aug 03 15:43:00 witherspoon kernel: aspeed-smc 1e630000.flash-controller: mx66l1g45g (131072 Kbytes)
Aug 03 15:43:00 witherspoon kernel: aspeed-smc 1e630000.flash-controller: CE0 window resized to 120MB (AST2500 HW quirk)
Aug 03 15:43:00 witherspoon kernel: aspeed-smc 1e630000.flash-controller: CE0 window [ 0x30000000 - 0x37800000 ] 120MB
Aug 03 15:43:00 witherspoon kernel: aspeed-smc 1e630000.flash-controller: CE0 window too small for chip 128MB
Aug 03 15:43:00 witherspoon kernel: aspeed-smc 1e630000.flash-controller: CE1 window [ 0x37800000 - 0x38000000 ] 8MB
Aug 03 15:43:00 witherspoon kernel: libphy: Fixed MDIO Bus: probed
Aug 03 15:43:00 witherspoon kernel: ftgmac100 1e660000.ethernet: Read MAC address 70:e2:84:14:24:20 from chip
Aug 03 15:43:00 witherspoon kernel: ftgmac100 1e660000.ethernet: Using NCSI interface
Aug 03 15:43:00 witherspoon kernel: ftgmac100 1e660000.ethernet eth0: irq 20, mapped at f0060000
Aug 03 15:43:00 witherspoon kernel: ehci_hcd: USB 2.0 'Enhanced' Host Controller (EHCI) Driver
Aug 03 15:43:00 witherspoon kernel: ehci-platform: EHCI generic platform driver
Aug 03 15:43:00 witherspoon kernel:  fsi0: can't read slave 00:00 -5
Aug 03 15:43:00 witherspoon kernel: i2c /dev entries driver
Aug 03 15:43:00 witherspoon kernel: aspeed-i2c-bus 1e78a0c0.i2c-bus: i2c bus 2 registered, irq 26
Aug 03 15:43:00 witherspoon kernel: aspeed-i2c-bus 1e78a100.i2c-bus: i2c bus 3 registered, irq 27
Aug 03 15:43:00 witherspoon kernel: aspeed-i2c-bus 1e78a140.i2c-bus: i2c bus 4 registered, irq 28
Aug 03 15:43:00 witherspoon kernel: aspeed-i2c-bus 1e78a180.i2c-bus: i2c bus 5 registered, irq 29
Aug 03 15:43:00 witherspoon kernel: aspeed-i2c-bus 1e78a380.i2c-bus: i2c bus 9 registered, irq 30
Aug 03 15:43:00 witherspoon kernel: aspeed-i2c-bus 1e78a3c0.i2c-bus: i2c bus 10 registered, irq 31
Aug 03 15:43:00 witherspoon kernel: rtc-rv8803 11-0032: Voltage low, temperature compensation stopped.
Aug 03 15:43:00 witherspoon kernel: rtc-rv8803 11-0032: rtc core: registered rx8900 as rtc0
Aug 03 15:43:00 witherspoon kernel: at24 11-0051: 8192 byte 24c64 EEPROM, writable, 1 bytes/write
Aug 03 15:43:00 witherspoon kernel: aspeed-i2c-bus 1e78a400.i2c-bus: i2c bus 11 registered, irq 32
Aug 03 15:43:00 witherspoon kernel: aspeed-i2c-bus 1e78a440.i2c-bus: i2c bus 12 registered, irq 33
Aug 03 15:43:00 witherspoon kernel: aspeed-i2c-bus 1e78a480.i2c-bus: i2c bus 13 registered, irq 34
Aug 03 15:43:00 witherspoon kernel: Driver for 1-wire Dallas network protocol.
Aug 03 15:43:00 witherspoon kernel: lm75 9-004a: hwmon0: sensor 'tmp275'
Aug 03 15:43:00 witherspoon kernel: ucd9000 11-0064: Device ID UCD90160|2.3.4.0000|110603
Aug 03 15:43:00 witherspoon kernel: leds-pca955x 3-0060: leds-pca955x: Using pca9552 16-bit LED driver at slave address 0x60
Aug 03 15:43:00 witherspoon kernel: leds-pca955x 3-0060: gpios 264...279
Aug 03 15:43:00 witherspoon kernel: leds-pca955x 11-0060: leds-pca955x: Using pca9552 16-bit LED driver at slave address 0x60
Aug 03 15:43:00 witherspoon kernel: leds-pca955x 11-0060: gpios 248...263
Aug 03 15:43:00 witherspoon kernel: usbcore: registered new interface driver usbhid
Aug 03 15:43:00 witherspoon kernel: usbhid: USB HID core driver
Aug 03 15:43:00 witherspoon kernel: NET: Registered protocol family 10
Aug 03 15:43:00 witherspoon kernel: Segment Routing with IPv6
Aug 03 15:43:00 witherspoon kernel: NET: Registered protocol family 17
Aug 03 15:43:00 witherspoon kernel: 8021q: 802.1Q VLAN Support v1.8
Aug 03 15:43:00 witherspoon kernel: input: gpio-keys-polled as /devices/platform/gpio-keys-polled/input/input1
Aug 03 15:43:00 witherspoon kernel: console [netcon0] enabled
Aug 03 15:43:00 witherspoon kernel: netconsole: network logging started
Aug 03 15:43:00 witherspoon kernel: input: gpio-keys as /devices/platform/gpio-keys/input/input2
Aug 03 15:43:00 witherspoon kernel: rtc-rv8803 11-0032: setting system clock to 2016-04-22 01:08:08 UTC (1461287288)
Aug 03 15:43:00 witherspoon kernel: Freeing unused kernel memory: 284K
Aug 03 15:43:00 witherspoon kernel: This architecture does not have kernel memory protection.
Aug 03 15:43:00 witherspoon kernel: jffs2: notice: (536) jffs2_build_xattr_subsystem: complete building xattr subsystem, 0 of xdatum (0 unchecked, 0 orphan) and 0 of xref (0 dead, 0 orphan) found.
Aug 03 15:43:00 witherspoon systemd[1]: System time before build time, advancing clock.
Aug 03 15:43:00 witherspoon systemd[1]: Failed to insert module 'autofs4': No such file or directory
Aug 03 15:43:00 witherspoon systemd[1]: systemd 232 running in system mode. (+PAM -AUDIT -SELINUX -IMA -APPARMOR -SMACK +SYSVINIT -UTMP -LIBCRYPTSETUP -GCRYPT -GNUTLS +ACL +XZ -LZ4 -SECCOMP +BLKID -ELFUTILS +KMOD -IDN)
Aug 03 15:43:00 witherspoon systemd[1]: Detected architecture arm.
Aug 03 15:43:00 witherspoon systemd[1]: Set hostname to <witherspoon>.
Aug 03 15:43:00 witherspoon systemd[1]: Listening on udev Kernel Socket.
Aug 03 15:43:00 witherspoon systemd[1]: Created slice System Slice.
Aug 03 15:43:00 witherspoon systemd[1]: Created slice system-phosphor\x2dcooling\x2dtype.slice.
Aug 03 15:43:00 witherspoon systemd[1]: Created slice system-obmc\x2dconsole.slice.
Aug 03 15:43:00 witherspoon systemd[1]: Created slice system-org.openbmc.buttons.reset.slice.
Aug 03 15:43:00 witherspoon systemd[1]: Created slice system-op\x2dreset\x2dchassis\x2don.slice.
Aug 03 15:43:00 witherspoon systemd[1]: Created slice system-mapper\x2dwait.slice.
Aug 03 15:43:00 witherspoon systemd-journald[561]: Journal started
Aug 03 15:43:00 witherspoon systemd-journald[561]: Runtime journal (/run/log/journal/98da6a547f8141998b98e23f5894fd04) is 0B, max 0B, 0B free.
Aug 03 15:43:00 witherspoon systemd-sysctl[556]: Couldn't write '16' to 'kernel/sysrq', ignoring: No such file or directory
Aug 03 15:43:00 witherspoon systemd-sysctl[556]: Couldn't write 'fq_codel' to 'net/core/default_qdisc', ignoring: No such file or directory
Aug 03 15:43:01 witherspoon systemd[1]: Mounted Temporary Directory.
Aug 03 15:43:01 witherspoon systemd[1]: Started Journal Service.
Aug 03 15:43:01 witherspoon systemd[1]: Started Apply Kernel Variables.
Aug 03 15:43:01 witherspoon systemd[1]: Started Remount Root and Kernel File Systems.
Aug 03 15:43:01 witherspoon systemd[1]: Starting Create System Users...
Aug 03 15:43:01 witherspoon systemd[1]: Starting Flush Journal to Persistent Storage...
Aug 03 15:43:02 witherspoon systemd[1]: Started udev Coldplug all Devices.
Aug 03 15:43:02 witherspoon systemd-journald[561]: Runtime journal (/run/log/journal/98da6a547f8141998b98e23f5894fd04) is 0B, max 0B, 0B free.
Aug 03 15:43:02 witherspoon systemd[1]: Started Flush Journal to Persistent Storage.
Aug 03 15:43:02 witherspoon systemd[1]: Started Create System Users.
Aug 03 15:43:02 witherspoon systemd[1]: Starting Create Static Device Nodes in /dev...
Aug 03 15:43:03 witherspoon systemd[1]: Started Create Static Device Nodes in /dev.
Aug 03 15:43:03 witherspoon systemd[1]: Starting udev Kernel Device Manager...
Aug 03 15:43:03 witherspoon systemd[1]: Reached target Local File Systems (Pre).
Aug 03 15:43:03 witherspoon systemd[1]: Mounting /var/volatile...
Aug 03 15:43:03 witherspoon systemd[1]: Mounted /var/volatile.
Aug 03 15:43:03 witherspoon systemd[1]: Starting Load/Save Random Seed...
Aug 03 15:43:03 witherspoon systemd[1]: Reached target Local File Systems.
Aug 03 15:43:03 witherspoon systemd[1]: Starting Create Volatile Files and Directories...
Aug 03 15:43:03 witherspoon systemd[1]: Starting Rebuild Journal Catalog...
Aug 03 15:43:03 witherspoon systemd[1]: Started Load/Save Random Seed.
Aug 03 15:43:03 witherspoon systemd-tmpfiles[914]: "/var/tmp" already exists and is not a directory.
Aug 03 15:43:03 witherspoon systemd-tmpfiles[914]: "/var/log" already exists and is not a directory.
Aug 03 15:43:04 witherspoon systemd[1]: Started Create Volatile Files and Directories.
Aug 03 15:43:04 witherspoon systemd[1]: Started Rebuild Journal Catalog.
Aug 03 15:43:04 witherspoon systemd[1]: Starting Update is Completed...
Aug 03 15:43:04 witherspoon systemd[1]: Starting Network Time Synchronization...
Aug 03 15:43:04 witherspoon systemd[1]: Starting Run pending postinsts...
Aug 03 15:43:04 witherspoon systemd[1]: Started Network Time Synchronization.
Aug 03 15:43:04 witherspoon systemd[1]: Reached target System Time Synchronized.
Aug 03 15:43:04 witherspoon systemd[1]: Started Update is Completed.
Aug 03 15:43:05 witherspoon systemd[1]: Started udev Kernel Device Manager.
Aug 03 15:43:05 witherspoon run-postinsts[922]: Running postinst /etc/rpm-postinsts/libglib-2.0-0...
Aug 03 15:43:06 witherspoon systemd[1]: Found device /dev/aspeed-lpc-ctrl.
Aug 03 15:43:06 witherspoon systemd[1]: Found device /dev/aspeed-mbox.
Aug 03 15:43:06 witherspoon systemd[1]: Found device /dev/ttyS4.
Aug 03 15:43:06 witherspoon systemd[1]: Found device /dev/ttyVUART0.
Aug 03 15:43:08 witherspoon systemd[1]: Created slice system-xyz.openbmc_project.led.controller.slice.
Aug 03 15:43:08 witherspoon systemd[1]: dev-hugepages.mount: Couldn't determine result for ConditionVirtualization=!private-users, assuming failed: No such file or directory
Aug 03 15:43:08 witherspoon systemd[1]: Created slice system-xyz.openbmc_project.Hwmon.slice.
Aug 03 15:43:08 witherspoon run-postinsts[922]: rm: can't remove '/etc/rpm-postinsts': Invalid argument
Aug 03 15:43:08 witherspoon run-postinsts[922]:  Removing any system startup links for run-postinsts ...
Aug 03 15:43:08 witherspoon systemctl[952]: Removed /etc/systemd/system/sysinit.target.wants/run-postinsts.service.
Aug 03 15:43:08 witherspoon systemd[1]: Reloading.
Aug 03 15:43:11 witherspoon systemd[1]: Started Run pending postinsts.
Aug 03 15:43:11 witherspoon systemd[1]: Reached target System Initialization.
Aug 03 15:43:12 witherspoon systemd[1]: Listening on phosphor-ipmi-net.socket.
Aug 03 15:43:12 witherspoon systemd[1]: Listening on Phosphor Webserver socket.
Aug 03 15:43:12 witherspoon systemd[1]: Listening on Phosphor Host Console SSH Per-Connection socket.
Aug 03 15:43:12 witherspoon systemd[1]: Listening on Phosphor DBUS Browser socket.
Aug 03 15:43:12 witherspoon systemd[1]: Listening on dropbear.socket.
Aug 03 15:43:12 witherspoon systemd[1]: Started Daily Cleanup of Temporary Directories.
Aug 03 15:43:12 witherspoon systemd[1]: Listening on D-Bus System Message Bus Socket.
Aug 03 15:43:12 witherspoon systemd[1]: Listening on Avahi mDNS/DNS-SD Stack Activation Socket.
Aug 03 15:43:12 witherspoon systemd[1]: Reached target Sockets.
Aug 03 15:43:12 witherspoon systemd[1]: Reached target Basic System.
Aug 03 15:43:12 witherspoon systemd[1]: Starting Phosphor LED Group Management Daemon...
Aug 03 15:43:12 witherspoon systemd[1]: Started Phosphor sysfs LED controller.
Aug 03 15:43:12 witherspoon systemd[1]: Started D-Bus System Message Bus.
Aug 03 15:43:14 witherspoon systemd[1]: Started Phosphor LED Group Management Daemon.
Aug 03 15:43:14 witherspoon systemd[1]: Starting Phosphor Download Manager...
Aug 03 15:43:14 witherspoon systemd[1]: Started Phosphor Console Muxer listening on device /dev/ttyVUART0.
Aug 03 15:43:14 witherspoon systemd[1]: Starting Phosphor Settings Daemon...
Aug 03 15:43:14 witherspoon systemd[1]: Starting Phosphor DBus Service Discovery Manager...
Aug 03 15:43:14 witherspoon systemd[1]: Starting Phosphor Network Manager...
Aug 03 15:43:14 witherspoon systemd[1]: Starting Phosphor User Manager...
Aug 03 15:43:14 witherspoon systemd[1]: Starting Clear one time boot overrides...
Aug 03 15:43:14 witherspoon systemd[1]: Started Hardware RNG Entropy Gatherer Daemon.
Aug 03 15:43:14 witherspoon systemd[1]: Starting Phosphor Chassis0 Control...
Aug 03 15:43:14 witherspoon systemd[1]: Reached target Containers.
Aug 03 15:43:14 witherspoon systemd[1]: Started Phosphor sysfs LED controller.
Aug 03 15:43:14 witherspoon systemd[1]: Starting Phosphor Inventory Manager...
Aug 03 15:43:14 witherspoon systemd[1]: Started Phosphor sysfs LED controller.
Aug 03 15:43:15 witherspoon systemd[1]: Started Phosphor sysfs LED controller.
Aug 03 15:43:15 witherspoon systemd[1]: Started Phosphor sysfs LED controller.
Aug 03 15:43:15 witherspoon systemd[1]: Starting Phosphor IPMI BT DBus Bridge...
Aug 03 15:43:15 witherspoon systemd[1]: Started Phosphor sysfs LED controller.
Aug 03 15:43:15 witherspoon systemd[1]: Started System Logging Service.
Aug 03 15:43:15 witherspoon systemd[1]: Starting Phosphor Log Manager...
Aug 03 15:43:15 witherspoon systemd[1]: Started Phosphor Dump core monitor..
Aug 03 15:43:15 witherspoon systemd[1]: Started Phosphor sysfs LED controller.
Aug 03 15:43:16 witherspoon systemd[1]: Starting Phosphor Inventory Manager...
Aug 03 15:43:16 witherspoon systemd[1]: Starting Remount the squashfs and ubi volumes after a reboot...
Aug 03 15:43:16 witherspoon systemd[1]: Started Kernel Logging Service.
Aug 03 15:43:16 witherspoon systemd[1]: Started Phosphor sysfs LED controller.
Aug 03 15:43:16 witherspoon systemd[1]: Starting Phosphor Download Manager...
Aug 03 15:43:16 witherspoon systemd[1]: Starting Phosphor Dump Manager...
Aug 03 15:43:16 witherspoon systemd[1]: Starting Phosphor BMC0 Control...
Aug 03 15:43:16 witherspoon systemd[1]: Starting OpenBMC Software Update Manager...
Aug 03 15:43:16 witherspoon systemd[1]: Started Phosphor sysfs LED controller.
Aug 03 15:43:16 witherspoon systemd[1]: Started Phosphor sysfs LED controller.
Aug 03 15:43:16 witherspoon systemd[1]: Starting Network Service...
Aug 03 15:43:18 witherspoon systemd[1]: Starting Avahi mDNS/DNS-SD Stack...
Aug 03 15:43:18 witherspoon systemd[1]: Reached target Timers.
Aug 03 15:43:18 witherspoon systemd[1]: Starting Phosphor Sensor Manager...
Aug 03 15:43:18 witherspoon kernel[990]: klogd started: BusyBox v1.24.1 (2017-06-16 19:29:08 UTC)
Aug 03 15:43:18 witherspoon kernel[990]: [    0.000000] Booting Linux on physical CPU 0x0
Aug 03 15:43:18 witherspoon kernel[990]: [    0.000000] Linux version 4.10.17-b8cd93f62581143a80ba5c0c61629031ce4a5240 (jenkins@openbmc-builder1) (gcc version 6.2.0 (GCC) ) #1 Sat Aug 12 14:07:25 UTC 2017
Aug 03 15:43:18 witherspoon kernel[990]: [    0.000000] CPU: ARMv6-compatible processor [410fb767] revision 7 (ARMv7), cr=00c5387d
Aug 03 15:43:19 witherspoon kernel: ubi7: default fastmap pool size: 100
Aug 03 15:43:19 witherspoon kernel: ubi7: default fastmap WL pool size: 50
Aug 03 15:43:19 witherspoon kernel: ubi7: attaching mtd7
Aug 03 15:43:18 witherspoon systemd[1]: Started Clear one time boot overrides.
Aug 03 15:43:18 witherspoon kernel[990]: [    0.000000] CPU: PIPT / VIPT nonaliasing data cache, VIPT nonaliasing instruction cache
Aug 03 15:43:18 witherspoon systemd[1]: Started Phosphor Download Manager.
Aug 03 15:43:18 witherspoon kernel[990]: [    0.000000] OF: fdt:Machine model: Witherspoon BMC
Aug 03 15:43:18 witherspoon systemd[1]: Started Phosphor IPMI BT DBus Bridge.
Aug 03 15:43:18 witherspoon kernel[990]: [    0.000000] Memory policy: Data cache writeback
Aug 03 15:43:19 witherspoon systemd[1]: Started Phosphor Inventory Manager.
Aug 03 15:43:18 witherspoon kernel[990]: [    0.000000] SOC Rev: 04030303
Aug 03 15:43:19 witherspoon systemd[1]: Started Phosphor Settings Daemon.
Aug 03 15:43:18 witherspoon kernel[990]: [    0.000000] On node 0 totalpages: 110592
Aug 03 15:43:20 witherspoon kernel: ubi7: scanning is finished
Aug 03 15:43:20 witherspoon kernel: ubi7 error: ubi_read_volume_table: the layout volume was not found
Aug 03 15:43:20 witherspoon kernel: ubi7 error: ubi_attach_mtd_dev: failed to attach mtd7, error -22
Aug 03 15:43:19 witherspoon systemd[1]: Started OpenBMC Software Update Manager.
Aug 03 15:43:18 witherspoon kernel[990]: [    0.000000] free_area_init_node: node 0, pgdat 806016cc, node_mem_map 9ec1a000
Aug 03 15:43:21 witherspoon obmc-flash-bios[989]: ubiattach: error!: cannot attach mtd7
Aug 03 15:43:21 witherspoon obmc-flash-bios[989]:            error 22 (Invalid argument)
Aug 03 15:43:19 witherspoon systemd[1]: Started Phosphor Log Manager.
Aug 03 15:43:18 witherspoon kernel[990]: [    0.000000]   Normal zone: 992 pages used for memmap
Aug 03 15:43:19 witherspoon systemd[1]: Started Phosphor Dump Manager.
Aug 03 15:43:18 witherspoon kernel[990]: [    0.000000]   Normal zone: 0 pages reserved
Aug 03 15:43:20 witherspoon systemd[1]: Started Avahi mDNS/DNS-SD Stack.
Aug 03 15:43:18 witherspoon kernel[990]: [    0.000000]   Normal zone: 110592 pages, LIFO batch:31
Aug 03 15:43:20 witherspoon systemd[1]: Started Remount the squashfs and ubi volumes after a reboot.
Aug 03 15:43:18 witherspoon kernel[990]: [    0.000000] pcpu-alloc: s0 r0 d32768 u32768 alloc=1*32768
Aug 03 15:43:20 witherspoon systemd[1]: Starting OpenPower Software Update Manager...
Aug 03 15:43:18 witherspoon kernel[990]: [    0.000000] pcpu-alloc: [0] 0
Aug 03 15:43:18 witherspoon kernel[990]: [    0.000000] Built 1 zonelists in Zone order, mobility grouping on.  Total pages: 109600
Aug 03 15:43:18 witherspoon kernel[990]: [    0.000000] Kernel command line: console=ttyS4,115200n8 root=/dev/ram rw
Aug 03 15:43:18 witherspoon kernel[990]: [    0.000000] PID hash table entries: 2048 (order: 1, 8192 bytes)
Aug 03 15:43:18 witherspoon kernel[990]: [    0.000000] Dentry cache hash table entries: 65536 (order: 6, 262144 bytes)
Aug 03 15:43:18 witherspoon kernel[990]: [    0.000000] Inode-cache hash table entries: 32768 (order: 5, 131072 bytes)
Aug 03 15:43:18 witherspoon kernel[990]: [    0.000000] Memory: 430420K/442368K available (4072K kernel code, 281K rwdata, 1192K rodata, 284K init, 111K bss, 11948K reserved, 0K cma-reserved)
Aug 03 15:43:18 witherspoon kernel[990]: [    0.000000] Virtual kernel memory layout:
Aug 03 15:43:18 witherspoon kernel[990]: [    0.000000]     vector  : 0xffff0000 - 0xffff1000   (   4 kB)
Aug 03 15:43:18 witherspoon kernel[990]: [    0.000000]     fixmap  : 0xffc00000 - 0xfff00000   (3072 kB)
Aug 03 15:43:18 witherspoon kernel[990]: [    0.000000]     vmalloc : 0x9f800000 - 0xff800000   (1536 MB)
Aug 03 15:43:18 witherspoon kernel[990]: [    0.000000]     lowmem  : 0x80000000 - 0x9f000000   ( 496 MB)
Aug 03 15:43:18 witherspoon kernel[990]: [    0.000000]       .text : 0x80008000 - 0x804023c0   (4073 kB)
Aug 03 15:43:18 witherspoon kernel[990]: [    0.000000]       .init : 0x80587000 - 0x805ce000   ( 284 kB)
Aug 03 15:43:18 witherspoon kernel[990]: [    0.000000]       .data : 0x805ce000 - 0x80614570   ( 282 kB)
Aug 03 15:43:18 witherspoon kernel[990]: [    0.000000]        .bss : 0x80614570 - 0x80630418   ( 112 kB)
Aug 03 15:43:18 witherspoon kernel[990]: [    0.000000] NR_IRQS:16 nr_irqs:16 16
Aug 03 15:43:18 witherspoon kernel[990]: [    0.000000] i2c controller registered, irq 16
Aug 03 15:43:22 witherspoon kernel: 8021q: adding VLAN 0 to HW filter on device eth0
Aug 03 15:43:18 witherspoon kernel[990]: [    0.000000] clocksource: moxart_timer: mask: 0xffffffff max_cycles: 0xffffffff, max_idle_ns: 77222644334 ns
Aug 03 15:43:22 witherspoon systemd-networkd[998]: Enumeration completed
Aug 03 15:43:18 witherspoon kernel[990]: [    0.000000] sched_clock: 32 bits at 100 Hz, resolution 10000000ns, wraps every 21474836475000000ns
Aug 03 15:43:22 witherspoon systemd[1]: Started Network Service.
Aug 03 15:43:18 witherspoon kernel[990]: [    0.090000] Calibrating delay loop... 789.70 BogoMIPS (lpj=3948544)
Aug 03 15:43:22 witherspoon systemd[1]: Reached target Network.
Aug 03 15:43:18 witherspoon kernel[990]: [    0.090000] pid_max: default: 32768 minimum: 301
Aug 03 15:43:22 witherspoon systemd-networkd[998]: eth0: IPv6 enabled for interface: Success
Aug 03 15:43:18 witherspoon kernel[990]: [    0.090000] Mount-cache hash table entries: 1024 (order: 0, 4096 bytes)
Aug 03 15:43:22 witherspoon systemd-networkd[998]: eth0: Gained carrier
Aug 03 15:43:18 witherspoon kernel[990]: [    0.090000] Mountpoint-cache hash table entries: 1024 (order: 0, 4096 bytes)
Aug 03 15:43:22 witherspoon systemd-timesyncd[921]: Network configuration changed, trying to establish connection.
Aug 03 15:43:18 witherspoon kernel[990]: [    0.090000] CPU: Testing write buffer coherency: ok
Aug 03 15:43:22 witherspoon systemd[1]: Started Lightweight SLP Server.
Aug 03 15:43:18 witherspoon kernel[990]: [    0.090000] ftrace: allocating 14962 entries in 44 pages
Aug 03 15:43:22 witherspoon systemd[1]: Starting Permit User Sessions...
Aug 03 15:43:18 witherspoon kernel[990]: [    0.120000] Setting up static identity map for 0x80008200 - 0x8000825c
Aug 03 15:43:23 witherspoon systemd[1]: Started Permit User Sessions.
Aug 03 15:43:18 witherspoon kernel[990]: [    0.120000] devtmpfs: initialized
Aug 03 15:43:23 witherspoon systemd[1]: Started Serial Getty on ttyS4.
Aug 03 15:43:18 witherspoon kernel[990]: [    0.140000] clocksource: jiffies: mask: 0xffffffff max_cycles: 0xffffffff, max_idle_ns: 19112604462750000 ns
Aug 03 15:43:18 witherspoon kernel[990]: [    0.140000] futex hash table entries: 256 (order: -1, 3072 bytes)
Aug 03 15:43:23 witherspoon systemd[1]: Reached target Login Prompts.
Aug 03 15:43:18 witherspoon kernel[990]: [    0.140000] pinctrl core: initialized pinctrl subsystem
Aug 03 15:43:23 witherspoon systemd[1]: Reached target Multi-User System.
Aug 03 15:43:18 witherspoon kernel[990]: [    0.140000] NET: Registered protocol family 16
Aug 03 15:43:23 witherspoon systemd-networkd[998]: eth0: Gained IPv6LL
Aug 03 15:43:18 witherspoon kernel[990]: [    0.140000] DMA: preallocated 256 KiB pool for atomic coherent allocations
Aug 03 15:43:18 witherspoon kernel[990]: [    0.210000] usbcore: registered new interface driver usbfs
Aug 03 15:43:18 witherspoon kernel[990]: [    0.210000] usbcore: registered new interface driver hub
Aug 03 15:43:18 witherspoon kernel[990]: [    0.210000] usbcore: registered new device driver usb
Aug 03 15:43:18 witherspoon kernel[990]: [    0.220000] clocksource: Switched to clocksource moxart_timer
Aug 03 15:43:18 witherspoon kernel[990]: [    0.240000] NET: Registered protocol family 2
Aug 03 15:43:24 witherspoon systemd[1]: Started Phosphor BMC0 Control.
Aug 03 15:43:18 witherspoon kernel[990]: [    0.240000] TCP established hash table entries: 4096 (order: 2, 16384 bytes)
Aug 03 15:43:24 witherspoon systemd[1]: Started OpenPower Software Update Manager.
Aug 03 15:43:18 witherspoon kernel[990]: [    0.240000] TCP bind hash table entries: 4096 (order: 2, 16384 bytes)
Aug 03 15:43:24 witherspoon systemd[1]: Starting Phosphor Version Software Manager...
Aug 03 15:43:18 witherspoon kernel[990]: [    0.240000] TCP: Hash tables configured (established 4096 bind 4096)
Aug 03 15:43:18 witherspoon kernel[990]: [    0.240000] UDP hash table entries: 256 (order: 0, 4096 bytes)
Aug 03 15:43:24 witherspoon systemd[1]: Mounting /usr/local...
Aug 03 15:43:18 witherspoon kernel[990]: [    0.240000] UDP-Lite hash table entries: 256 (order: 0, 4096 bytes)
Aug 03 15:43:24 witherspoon systemd[1]: Started Phosphor MBOX Daemon.
Aug 03 15:43:18 witherspoon kernel[990]: [    0.240000] NET: Registered protocol family 1
Aug 03 15:43:18 witherspoon kernel[990]: [    0.240000] Trying to unpack rootfs image as initramfs...
Aug 03 15:43:18 witherspoon kernel[990]: [    1.910000] Freeing initrd memory: 1548K
Aug 03 15:43:18 witherspoon kernel[990]: [    1.910000] workingset: timestamp_bits=30 max_order=17 bucket_order=0
Aug 03 15:43:18 witherspoon kernel[990]: [    1.910000] squashfs: version 4.0 (2009/01/31) Phillip Lougher
Aug 03 15:43:25 witherspoon kernel: ftgmac100 1e660000.ethernet eth0: ncsi: removed vlan tag 0 at index 1
Aug 03 15:43:25 witherspoon kernel: ftgmac100 1e660000.ethernet eth0: ncsi: removed vlan tag 0 at index 2
Aug 03 15:43:25 witherspoon kernel: ftgmac100 1e660000.ethernet eth0: no vlan ids left to set
Aug 03 15:43:25 witherspoon kernel: ftgmac100 1e660000.ethernet eth0: NCSI interface up
Aug 03 15:43:24 witherspoon systemd[1]: Mounted /usr/local.
Aug 03 15:43:18 witherspoon kernel[990]: [    1.910000] jffs2: version 2.2. (SUMMARY)  © 2001-2006 Red Hat, Inc.
Aug 03 15:43:24 witherspoon systemd[1]: Starting Create a ubi volume for pnor patches...
Aug 03 15:43:18 witherspoon kernel[990]: [    1.910000] Block layer SCSI generic (bsg) driver version 0.4 loaded (major 250)
Aug 03 15:43:18 witherspoon kernel[990]: [    1.910000] io scheduler noop registered
Aug 03 15:43:18 witherspoon kernel[990]: [    1.910000] io scheduler deadline registered
Aug 03 15:43:18 witherspoon kernel[990]: [    1.910000] io scheduler cfq registered (default)
Aug 03 15:43:18 witherspoon kernel[990]: [    2.060000] ipmi-bt-host 1e789140.ibt: Found bt bmc device
Aug 03 15:43:18 witherspoon kernel[990]: [    2.060000] ipmi-bt-host 1e789140.ibt: Using IRQ 22
Aug 03 15:43:18 witherspoon kernel[990]: [    2.060000] Serial: 8250/16550 driver, 6 ports, IRQ sharing enabled
Aug 03 15:43:18 witherspoon kernel[990]: [    2.060000] 1e787000.vuart: ttyS0 at MMIO 0x1e787000 (irq = 22, base_baud = 1500000) is a 16550A
Aug 03 15:43:18 witherspoon kernel[990]: [    2.060000] 1e783000.serial: ttyS1 at MMIO 0x1e783000 (irq = 23, base_baud = 1500000) is a 16550A
Aug 03 15:43:18 witherspoon kernel[990]: [    2.060000] 1e78d000.serial: ttyS2 at MMIO 0x1e78d000 (irq = 24, base_baud = 1500000) is a 16550A
Aug 03 15:43:18 witherspoon kernel[990]: [    2.060000] 1e784000.serial: ttyS4 at MMIO 0x1e784000 (irq = 25, base_baud = 1500000) is a 16550A
Aug 03 15:43:18 witherspoon kernel[990]: [    2.410000] console [ttyS4] enabled
Aug 03 15:43:18 witherspoon kernel[990]: [    2.600000] timeriomem_rng 1e6e2078.hwrng: 32bits from 0xf00e2078 @ 1us
Aug 03 15:43:18 witherspoon kernel[990]: [    2.610000] random: fast init done
Aug 03 15:43:18 witherspoon kernel[990]: [    2.640000] brd: module loaded
Aug 03 15:43:18 witherspoon kernel[990]: [    2.680000] loop: module loaded
Aug 03 15:43:18 witherspoon kernel[990]: [    2.680000] aspeed-lpc-ctrl 1e789080.lpc-ctrl: Loaded at 0x98000000 (0x04000000)
Aug 03 15:43:18 witherspoon kernel[990]: [    2.690000] aspeed-smc 1e620000.flash-controller: Using IRQ 18
Aug 03 15:43:18 witherspoon kernel[990]: [    2.690000] aspeed-smc 1e620000.flash-controller: DMA support disabled.
Aug 03 15:43:18 witherspoon kernel[990]: [    2.710000] aspeed-smc 1e620000.flash-controller: mx25l25635e (32768 Kbytes)
Aug 03 15:43:18 witherspoon kernel[990]: [    2.710000] aspeed-smc 1e620000.flash-controller: CE0 window [ 0x20000000 - 0x22000000 ] 32MB
Aug 03 15:43:26 witherspoon obmc-flash-bios[1023]: grep: /sys/class/ubi/ubi?/subsystem/ubi*/name: No such file or directory
Aug 03 15:43:26 witherspoon systemd[1]: Started Phosphor Version Software Manager.
Aug 03 15:43:18 witherspoon kernel[990]: [    2.710000] aspeed-smc 1e620000.flash-controller: CE1 window [ 0x22000000 - 0x2a000000 ] 128MB
Aug 03 15:43:18 witherspoon kernel[990]: [    2.710000] 5 ofpart partitions found on MTD device bmc
Aug 03 15:43:18 witherspoon kernel[990]: [    2.740000] Creating 5 MTD partitions on "bmc":
Aug 03 15:43:18 witherspoon kernel[990]: [    2.750000] 0x000000000000-0x000000060000 : "u-boot"
Aug 03 15:43:18 witherspoon kernel[990]: [    2.750000] 0x000000060000-0x000000080000 : "u-boot-env"
Aug 03 15:43:18 witherspoon kernel[990]: [    2.770000] 0x000000080000-0x0000004c0000 : "kernel"
Aug 03 15:43:18 witherspoon kernel[990]: [    2.770000] 0x0000004c0000-0x000001c00000 : "rofs"
Aug 03 15:43:18 witherspoon kernel[990]: [    2.780000] random: crng init done
Aug 03 15:43:18 witherspoon kernel[990]: [    2.790000] 0x000001c00000-0x000002000000 : "rwfs"
Aug 03 15:43:18 witherspoon kernel[990]: [    2.790000] aspeed-smc 1e620000.flash-controller: mx25l25635e (32768 Kbytes)
Aug 03 15:43:18 witherspoon kernel[990]: [    2.810000] aspeed-smc 1e620000.flash-controller: CE1 window [ 0x22000000 - 0x24000000 ] 32MB
Aug 03 15:43:18 witherspoon kernel[990]: [    2.810000] aspeed-smc 1e620000.flash-controller: CE2 window [ 0x24000000 - 0x2c000000 ] 128MB
Aug 03 15:43:18 witherspoon kernel[990]: [    2.830000] aspeed-smc 1e630000.flash-controller: mx66l1g45g (131072 Kbytes)
Aug 03 15:43:18 witherspoon kernel[990]: [    2.840000] aspeed-smc 1e630000.flash-controller: CE0 window resized to 120MB (AST2500 HW quirk)
Aug 03 15:43:18 witherspoon kernel[990]: [    2.840000] aspeed-smc 1e630000.flash-controller: CE0 window [ 0x30000000 - 0x37800000 ] 120MB
Aug 03 15:43:27 witherspoon obmc-flash-bios[1023]: libubi: error!: cannot get information about "/dev/ubi7"
Aug 03 15:43:27 witherspoon obmc-flash-bios[1023]:         error 2 (No such file or directory)
Aug 03 15:43:27 witherspoon obmc-flash-bios[1023]: ubimkvol: error!: error while probing "/dev/ubi7"
Aug 03 15:43:27 witherspoon obmc-flash-bios[1023]:           error 2 (No such file or directory)
Aug 03 15:43:27 witherspoon systemd[1]: obmc-flash-bios-ubipatch.service: Main process exited, code=exited, status=32/n/a
Aug 03 15:43:18 witherspoon kernel[990]: [    2.850000] aspeed-smc 1e630000.flash-controller: CE0 window too small for chip 128MB
Aug 03 15:43:27 witherspoon obmc-flash-bios[1023]: mount: unknown filesystem type 'ubifs'
Aug 03 15:43:27 witherspoon systemd[1]: Failed to start Create a ubi volume for pnor patches.
Aug 03 15:43:18 witherspoon kernel[990]: [    2.850000] aspeed-smc 1e630000.flash-controller: CE1 window [ 0x37800000 - 0x38000000 ] 8MB
Aug 03 15:43:27 witherspoon obmc-flash-bios[1023]: /usr/sbin/obmc-flash-bios: error 32
Aug 03 15:43:27 witherspoon systemd[1]: obmc-flash-bios-ubipatch.service: Unit entered failed state.
Aug 03 15:43:18 witherspoon kernel[990]: [    3.640000] libphy: Fixed MDIO Bus: probed
Aug 03 15:43:27 witherspoon systemd[1]: obmc-flash-bios-ubipatch.service: Failed with result 'exit-code'.
Aug 03 15:43:18 witherspoon kernel[990]: [    3.650000] ftgmac100 1e660000.ethernet: Read MAC address 70:e2:84:14:24:20 from chip
Aug 03 15:43:18 witherspoon kernel[990]: [    3.650000] ftgmac100 1e660000.ethernet: Using NCSI interface
Aug 03 15:43:18 witherspoon kernel[990]: [    3.670000] ftgmac100 1e660000.ethernet eth0: irq 20, mapped at f0060000
Aug 03 15:43:18 witherspoon kernel[990]: [    3.670000] ehci_hcd: USB 2.0 'Enhanced' Host Controller (EHCI) Driver
Aug 03 15:43:18 witherspoon kernel[990]: [    3.670000] ehci-platform: EHCI generic platform driver
Aug 03 15:43:18 witherspoon kernel[990]: [    3.840000]  fsi0: can't read slave 00:00 -5
Aug 03 15:43:18 witherspoon kernel[990]: [    3.840000] i2c /dev entries driver
Aug 03 15:43:18 witherspoon kernel[990]: [    3.840000] aspeed-i2c-bus 1e78a0c0.i2c-bus: i2c bus 2 registered, irq 26
Aug 03 15:43:18 witherspoon kernel[990]: [    3.840000] aspeed-i2c-bus 1e78a100.i2c-bus: i2c bus 3 registered, irq 27
Aug 03 15:43:18 witherspoon kernel[990]: [    3.840000] aspeed-i2c-bus 1e78a140.i2c-bus: i2c bus 4 registered, irq 28
Aug 03 15:43:18 witherspoon kernel[990]: [    3.840000] aspeed-i2c-bus 1e78a180.i2c-bus: i2c bus 5 registered, irq 29
Aug 03 15:43:18 witherspoon kernel[990]: [    3.840000] aspeed-i2c-bus 1e78a380.i2c-bus: i2c bus 9 registered, irq 30
Aug 03 15:43:27 witherspoon mboxd[1021]: The operation failed internally.
Aug 03 15:43:18 witherspoon kernel[990]: [    3.840000] aspeed-i2c-bus 1e78a3c0.i2c-bus: i2c bus 10 registered, irq 31
Aug 03 15:43:28 witherspoon mboxd[1021]: terminate called after throwing an instance of 'sdbusplus::xyz::openbmc_project::Common::Error::InternalFailure'
Aug 03 15:43:28 witherspoon mboxd[1021]:   what():  xyz.openbmc_project.Common.Error.InternalFailure: The operation failed internally.
Aug 03 15:43:27 witherspoon systemd[1]: mboxd.service: Main process exited, code=dumped, status=6/ABRT
Aug 03 15:43:18 witherspoon kernel[990]: [    3.840000] rtc-rv8803 11-0032: Voltage low, temperature compensation stopped.
Aug 03 15:43:29 witherspoon mboxd[1021]: [ 1501775007.891786672] Partition HBB not found
Aug 03 15:43:27 witherspoon systemd[1]: mboxd.service: Unit entered failed state.
Aug 03 15:43:18 witherspoon kernel[990]: [    3.940000] rtc-rv8803 11-0032: rtc core: registered rx8900 as rtc0
Aug 03 15:43:27 witherspoon systemd[1]: mboxd.service: Failed with result 'core-dump'.
Aug 03 15:43:18 witherspoon kernel[990]: [    3.950000] at24 11-0051: 8192 byte 24c64 EEPROM, writable, 1 bytes/write
Aug 03 15:43:28 witherspoon systemd[1]: mboxd.service: Service hold-off time over, scheduling restart.
Aug 03 15:43:18 witherspoon kernel[990]: [    3.950000] aspeed-i2c-bus 1e78a400.i2c-bus: i2c bus 11 registered, irq 32
Aug 03 15:43:28 witherspoon systemd[1]: Stopped Phosphor MBOX Daemon.
Aug 03 15:43:18 witherspoon kernel[990]: [    3.950000] aspeed-i2c-bus 1e78a440.i2c-bus: i2c bus 12 registered, irq 33
Aug 03 15:43:28 witherspoon systemd[1]: Started Phosphor MBOX Daemon.
Aug 03 15:43:18 witherspoon kernel[990]: [    3.950000] aspeed-i2c-bus 1e78a480.i2c-bus: i2c bus 13 registered, irq 34
Aug 03 15:43:28 witherspoon systemd[1]: Created slice system-dropbear.slice.
Aug 03 15:43:18 witherspoon kernel[990]: [    3.950000] Driver for 1-wire Dallas network protocol.
Aug 03 15:43:18 witherspoon kernel[990]: [    3.950000] lm75 9-004a: hwmon0: sensor 'tmp275'
Aug 03 15:43:18 witherspoon kernel[990]: [    4.770000] ucd9000 11-0064: Device ID UCD90160|2.3.4.0000|110603
Aug 03 15:43:18 witherspoon kernel[990]: [    5.100000] leds-pca955x 3-0060: leds-pca955x: Using pca9552 16-bit LED driver at slave address 0x60
Aug 03 15:43:18 witherspoon kernel[990]: [    5.110000] leds-pca955x 3-0060: gpios 264...279
Aug 03 15:43:18 witherspoon kernel[990]: [    5.110000] leds-pca955x 11-0060: leds-pca955x: Using pca9552 16-bit LED driver at slave address 0x60
Aug 03 15:43:18 witherspoon kernel[990]: [    5.110000] leds-pca955x 11-0060: gpios 248...263
Aug 03 15:43:18 witherspoon kernel[990]: [    5.130000] usbcore: registered new interface driver usbhid
Aug 03 15:43:18 witherspoon kernel[990]: [    5.130000] usbhid: USB HID core driver
Aug 03 15:43:18 witherspoon kernel[990]: [    5.200000] NET: Registered protocol family 10
Aug 03 15:43:18 witherspoon kernel[990]: [    5.200000] Segment Routing with IPv6
Aug 03 15:43:18 witherspoon kernel[990]: [    5.210000] NET: Registered protocol family 17
Aug 03 15:43:18 witherspoon kernel[990]: [    5.210000] 8021q: 802.1Q VLAN Support v1.8
Aug 03 15:43:18 witherspoon kernel[990]: [    5.220000] input: gpio-keys-polled as /devices/platform/gpio-keys-polled/input/input1
Aug 03 15:43:18 witherspoon kernel[990]: [    5.250000] console [netcon0] enabled
Aug 03 15:43:18 witherspoon kernel[990]: [    5.250000] netconsole: network logging started
Aug 03 15:43:18 witherspoon kernel[990]: [    5.260000] input: gpio-keys as /devices/platform/gpio-keys/input/input2
Aug 03 15:43:18 witherspoon kernel[990]: [    5.270000] rtc-rv8803 11-0032: setting system clock to 2016-04-22 01:08:08 UTC (1461287288)
Aug 03 15:43:18 witherspoon kernel[990]: [    5.280000] Freeing unused kernel memory: 284K
Aug 03 15:43:18 witherspoon kernel[990]: [    5.280000] This architecture does not have kernel memory protection.
Aug 03 15:43:18 witherspoon kernel[990]: [    6.960000] jffs2: notice: (536) jffs2_build_xattr_subsystem: complete building xattr subsystem, 0 of xdatum (0 unchecked, 0 orphan) and 0 of xref (0 dead, 0 orphan) found.
Aug 03 15:43:18 witherspoon kernel[990]: [    9.070000] systemd[1]: System time before build time, advancing clock.
Aug 03 15:43:18 witherspoon kernel[990]: [    9.070000] systemd[1]: Failed to insert module 'autofs4': No such file or directory
Aug 03 15:43:18 witherspoon kernel[990]: [    9.250000] systemd[1]: systemd 232 running in system mode. (+PAM -AUDIT -SELINUX -IMA -APPARMOR -SMACK +SYSVINIT -UTMP -LIBCRYPTSETUP -GCRYPT -GNUTLS +ACL +XZ -LZ4 -SECCOMP +BLKID -ELFUTILS +KMOD -IDN)
Aug 03 15:43:18 witherspoon kernel[990]: [    9.250000] systemd[1]: Detected architecture arm.
Aug 03 15:43:18 witherspoon kernel[990]: [    9.400000] systemd[1]: Set hostname to <witherspoon>.
Aug 03 15:43:18 witherspoon kernel[990]: [   10.980000] systemd[1]: Listening on udev Kernel Socket.
Aug 03 15:43:18 witherspoon kernel[990]: [   11.100000] systemd[1]: Created slice System Slice.
Aug 03 15:43:18 witherspoon kernel[990]: [   11.140000] systemd[1]: Created slice system-phosphor\x2dcooling\x2dtype.slice.
Aug 03 15:43:18 witherspoon kernel[990]: [   11.180000] systemd[1]: Created slice system-obmc\x2dconsole.slice.
Aug 03 15:43:18 witherspoon kernel[990]: [   11.220000] systemd[1]: Created slice system-org.openbmc.buttons.reset.slice.
Aug 03 15:43:18 witherspoon kernel[990]: [   11.260000] systemd[1]: Created slice system-op\x2dreset\x2dchassis\x2don.slice.
Aug 03 15:43:18 witherspoon kernel[990]: [   11.300000] systemd[1]: Created slice system-mapper\x2dwait.slice.
Aug 03 15:43:18 witherspoon kernel[990]: [   14.410000] systemd[1]: Mounted Temporary Directory.
Aug 03 15:43:18 witherspoon kernel[990]: [   14.620000] systemd[1]: Started Journal Service.
Aug 03 15:43:18 witherspoon kernel[990]: [   15.820000] systemd-journald[561]: Received request to flush runtime journal from PID 1
Aug 03 15:43:19 witherspoon kernel[990]: [   32.410000] ubi7: default fastmap pool size: 100
Aug 03 15:43:19 witherspoon kernel[990]: [   32.410000] ubi7: default fastmap WL pool size: 50
Aug 03 15:43:19 witherspoon kernel[990]: [   32.410000] ubi7: attaching mtd7
Aug 03 15:43:20 witherspoon kernel[990]: [   33.280000] ubi7: scanning is finished
Aug 03 15:43:20 witherspoon kernel[990]: [   33.280000] ubi7 error: ubi_read_volume_table: the layout volume was not found
Aug 03 15:43:20 witherspoon kernel[990]: [   33.280000] ubi7 error: ubi_attach_mtd_dev: failed to attach mtd7, error -22
Aug 03 15:43:20 witherspoon avahi-daemon[1003]: Found user 'avahi' (UID 998) and group 'avahi' (GID 997).
Aug 03 15:43:20 witherspoon avahi-daemon[1003]: Successfully dropped root privileges.
Aug 03 15:43:20 witherspoon avahi-daemon[1003]: avahi-daemon 0.6.32 starting up.
Aug 03 15:43:21 witherspoon avahi-daemon[1003]: Successfully called chroot().
Aug 03 15:43:21 witherspoon avahi-daemon[1003]: Successfully dropped remaining capabilities.
Aug 03 15:43:21 witherspoon avahi-daemon[1003]: Loading service file /services/obmc_console.service.
Aug 03 15:43:21 witherspoon avahi-daemon[1003]: Loading service file /services/phosphor_rest.service.
Aug 03 15:43:21 witherspoon avahi-daemon[1003]: Loading service file /services/sftp-ssh.service.
Aug 03 15:43:21 witherspoon avahi-daemon[1003]: Loading service file /services/sftp.service.
Aug 03 15:43:21 witherspoon avahi-daemon[1003]: Loading service file /services/ssh.service.
Aug 03 15:43:21 witherspoon avahi-daemon[1003]: Network interface enumeration completed.
Aug 03 15:43:21 witherspoon avahi-daemon[1003]: Server startup complete. Host name is witherspoon.local. Local service cookie is 1918455123.
Aug 03 15:43:21 witherspoon avahi-daemon[1003]: Service "witherspoon" (/services/ssh.service) successfully established.
Aug 03 15:43:21 witherspoon avahi-daemon[1003]: Service "sftp" (/services/sftp.service) successfully established.
Aug 03 15:43:21 witherspoon avahi-daemon[1003]: Service "witherspoon" (/services/sftp-ssh.service) successfully established.
Aug 03 15:43:21 witherspoon avahi-daemon[1003]: Service "phosphor_rest" (/services/phosphor_rest.service) successfully established.
Aug 03 15:43:30 witherspoon systemd[1]: Started SSH Per-Connection Server (9.41.165.94:47820).
Aug 03 15:43:21 witherspoon avahi-daemon[1003]: Service "obmc_console" (/services/obmc_console.service) successfully established.
Aug 03 15:43:22 witherspoon avahi-daemon[1003]: Joining mDNS multicast group on interface eth0.IPv4 with address 9.41.166.169.
Aug 03 15:43:22 witherspoon avahi-daemon[1003]: New relevant interface eth0.IPv4 for mDNS.
Aug 03 15:43:22 witherspoon avahi-daemon[1003]: Registering new address record for 9.41.166.169 on eth0.IPv4.
Aug 03 15:43:22 witherspoon kernel[990]: [   35.290000] 8021q: adding VLAN 0 to HW filter on device eth0
Aug 03 15:43:23 witherspoon avahi-daemon[1003]: Joining mDNS multicast group on interface eth0.IPv6 with address fe80::72e2:84ff:fe14:2420.
Aug 03 15:43:23 witherspoon avahi-daemon[1003]: New relevant interface eth0.IPv6 for mDNS.
Aug 03 15:43:23 witherspoon avahi-daemon[1003]: Registering new address record for fe80::72e2:84ff:fe14:2420 on eth0.*.
Aug 03 15:43:25 witherspoon kernel[990]: [   38.610000] ftgmac100 1e660000.ethernet eth0: ncsi: removed vlan tag 0 at index 1
Aug 03 15:43:25 witherspoon kernel[990]: [   38.610000] ftgmac100 1e660000.ethernet eth0: ncsi: removed vlan tag 0 at index 2
Aug 03 15:43:25 witherspoon kernel[990]: [   38.610000] ftgmac100 1e660000.ethernet eth0: no vlan ids left to set
Aug 03 15:43:25 witherspoon kernel[990]: [   38.610000] ftgmac100 1e660000.ethernet eth0: NCSI interface up
Aug 03 15:43:31 witherspoon mboxd[1041]: The operation failed internally.
Aug 03 15:43:31 witherspoon mboxd[1041]: terminate called after throwing an instance of 'sdbusplus::xyz::openbmc_project::Common::Error::InternalFailure'
Aug 03 15:43:31 witherspoon mboxd[1041]:   what():  xyz.openbmc_project.Common.Error.InternalFailure: The operation failed internally.
Aug 03 15:43:31 witherspoon mboxd[1041]: [ 1501775011.033893097] Partition HBB not found
Aug 03 15:43:31 witherspoon systemd[1]: mboxd.service: Main process exited, code=dumped, status=6/ABRT
Aug 03 15:43:31 witherspoon systemd[1]: mboxd.service: Unit entered failed state.
Aug 03 15:43:31 witherspoon systemd[1]: mboxd.service: Failed with result 'core-dump'.
Aug 03 15:43:31 witherspoon systemd[1]: mboxd.service: Service hold-off time over, scheduling restart.
Aug 03 15:43:31 witherspoon systemd[1]: Stopped Phosphor MBOX Daemon.
Aug 03 15:43:31 witherspoon systemd[1]: Started Phosphor MBOX Daemon.
Aug 03 15:43:31 witherspoon mboxd[1046]: The operation failed internally.
Aug 03 15:43:31 witherspoon mboxd[1046]: terminate called after throwing an instance of 'sdbusplus::xyz::openbmc_project::Common::Error::InternalFailure'
Aug 03 15:43:31 witherspoon mboxd[1046]:   what():  xyz.openbmc_project.Common.Error.InternalFailure: The operation failed internally.
Aug 03 15:43:31 witherspoon mboxd[1046]: [ 1501775011.415272814] Partition HBB not found
Aug 03 15:43:31 witherspoon systemd[1]: mboxd.service: Main process exited, code=dumped, status=6/ABRT
Aug 03 15:43:31 witherspoon systemd[1]: mboxd.service: Unit entered failed state.
Aug 03 15:43:31 witherspoon systemd[1]: mboxd.service: Failed with result 'core-dump'.
Aug 03 15:43:31 witherspoon dropbear[1043]: Failed loading /etc/dropbear/dropbear_dss_host_key
Aug 03 15:43:31 witherspoon dropbear[1043]: Failed loading /etc/dropbear/dropbear_ecdsa_host_key
Aug 03 15:43:31 witherspoon dropbear[1043]: Child connection from ::ffff:9.41.165.94:47820
Aug 03 15:43:33 witherspoon systemd[1]: mboxd.service: Service hold-off time over, scheduling restart.
Aug 03 15:43:33 witherspoon systemd[1]: Stopped Phosphor MBOX Daemon.
Aug 03 15:43:33 witherspoon mboxd[1049]: terminate called after throwing an instance of 'sdbusplus::xyz::openbmc_project::Common::Error::InternalFailure'
Aug 03 15:43:33 witherspoon mboxd[1049]:   what():  xyz.openbmc_project.Common.Error.InternalFailure: The operation failed internally.
Aug 03 15:43:33 witherspoon systemd[1]: Started Phosphor MBOX Daemon.
Aug 03 15:43:33 witherspoon mboxd[1049]: [ 1501775013.812475400] Partition HBB not found
Aug 03 15:43:33 witherspoon mboxd[1049]: The operation failed internally.
Aug 03 15:43:33 witherspoon systemd[1]: mboxd.service: Main process exited, code=dumped, status=6/ABRT
Aug 03 15:43:33 witherspoon systemd[1]: mboxd.service: Unit entered failed state.
Aug 03 15:43:33 witherspoon systemd[1]: mboxd.service: Failed with result 'core-dump'.
Aug 03 15:43:34 witherspoon systemd[1]: mboxd.service: Service hold-off time over, scheduling restart.
Aug 03 15:43:34 witherspoon systemd[1]: Stopped Phosphor MBOX Daemon.
Aug 03 15:43:34 witherspoon systemd[1]: Started Phosphor MBOX Daemon.
Aug 03 15:43:34 witherspoon mboxd[1052]: The operation failed internally.
Aug 03 15:43:34 witherspoon mboxd[1052]: terminate called after throwing an instance of 'sdbusplus::xyz::openbmc_project::Common::Error::InternalFailure'
Aug 03 15:43:34 witherspoon mboxd[1052]:   what():  xyz.openbmc_project.Common.Error.InternalFailure: The operation failed internally.
Aug 03 15:43:34 witherspoon mboxd[1052]: [ 1501775014.588386228] Partition HBB not found
Aug 03 15:43:34 witherspoon systemd[1]: mboxd.service: Main process exited, code=dumped, status=6/ABRT
Aug 03 15:43:34 witherspoon systemd[1]: mboxd.service: Unit entered failed state.
Aug 03 15:43:34 witherspoon systemd[1]: mboxd.service: Failed with result 'core-dump'.
Aug 03 15:43:35 witherspoon systemd[1]: mboxd.service: Service hold-off time over, scheduling restart.
Aug 03 15:43:35 witherspoon systemd[1]: Stopped Phosphor MBOX Daemon.
Aug 03 15:43:35 witherspoon systemd[1]: Started Phosphor MBOX Daemon.
Aug 03 15:43:35 witherspoon mboxd[1055]: The operation failed internally.
Aug 03 15:43:35 witherspoon mboxd[1055]: terminate called after throwing an instance of 'sdbusplus::xyz::openbmc_project::Common::Error::InternalFailure'
Aug 03 15:43:35 witherspoon mboxd[1055]:   what():  xyz.openbmc_project.Common.Error.InternalFailure: The operation failed internally.
Aug 03 15:43:35 witherspoon mboxd[1055]: [ 1501775015.722512613] Partition HBB not found
Aug 03 15:43:35 witherspoon systemd[1]: mboxd.service: Main process exited, code=dumped, status=6/ABRT
Aug 03 15:43:35 witherspoon systemd[1]: mboxd.service: Unit entered failed state.
Aug 03 15:43:35 witherspoon systemd[1]: mboxd.service: Failed with result 'core-dump'.
Aug 03 15:43:36 witherspoon systemd[1]: mboxd.service: Service hold-off time over, scheduling restart.
Aug 03 15:43:36 witherspoon systemd[1]: Stopped Phosphor MBOX Daemon.
Aug 03 15:43:36 witherspoon systemd[1]: Started Phosphor MBOX Daemon.
Aug 03 15:43:36 witherspoon systemd-networkd[998]: eth0: Configured
Aug 03 15:43:36 witherspoon systemd-timesyncd[921]: Network configuration changed, trying to establish connection.
Aug 03 15:43:37 witherspoon mboxd[1058]: The operation failed internally.
Aug 03 15:43:37 witherspoon mboxd[1058]: terminate called after throwing an instance of 'sdbusplus::xyz::openbmc_project::Common::Error::InternalFailure'
Aug 03 15:43:37 witherspoon mboxd[1058]:   what():  xyz.openbmc_project.Common.Error.InternalFailure: The operation failed internally.
Aug 03 15:43:37 witherspoon mboxd[1058]: [ 1501775017.030386997] Partition HBB not found
Aug 03 15:43:37 witherspoon systemd[1]: mboxd.service: Main process exited, code=dumped, status=6/ABRT
Aug 03 15:43:37 witherspoon systemd[1]: mboxd.service: Unit entered failed state.
Aug 03 15:43:37 witherspoon systemd[1]: mboxd.service: Failed with result 'core-dump'.
Aug 03 15:43:37 witherspoon systemd[1]: mboxd.service: Service hold-off time over, scheduling restart.
Aug 03 15:43:37 witherspoon systemd[1]: Stopped Phosphor MBOX Daemon.
Aug 03 15:43:37 witherspoon systemd[1]: Started Phosphor MBOX Daemon.
Aug 03 15:43:37 witherspoon mboxd[1061]: The operation failed internally.
Aug 03 15:43:37 witherspoon mboxd[1061]: terminate called after throwing an instance of 'sdbusplus::xyz::openbmc_project::Common::Error::InternalFailure'
Aug 03 15:43:37 witherspoon mboxd[1061]:   what():  xyz.openbmc_project.Common.Error.InternalFailure: The operation failed internally.
Aug 03 15:43:37 witherspoon mboxd[1061]: [ 1501775017.904238754] Partition HBB not found
Aug 03 15:43:37 witherspoon systemd[1]: mboxd.service: Main process exited, code=dumped, status=6/ABRT
Aug 03 15:43:37 witherspoon systemd[1]: mboxd.service: Unit entered failed state.
Aug 03 15:43:37 witherspoon systemd[1]: mboxd.service: Failed with result 'core-dump'.
Aug 03 15:43:38 witherspoon systemd[1]: mboxd.service: Service hold-off time over, scheduling restart.
Aug 03 15:43:38 witherspoon systemd[1]: Stopped Phosphor MBOX Daemon.
Aug 03 15:43:38 witherspoon systemd[1]: Started Phosphor MBOX Daemon.
Aug 03 15:43:38 witherspoon mboxd[1064]: The operation failed internally.
Aug 03 15:43:38 witherspoon mboxd[1064]: terminate called after throwing an instance of 'sdbusplus::xyz::openbmc_project::Common::Error::InternalFailure'
Aug 03 15:43:38 witherspoon mboxd[1064]:   what():  xyz.openbmc_project.Common.Error.InternalFailure: The operation failed internally.
Aug 03 15:43:38 witherspoon mboxd[1064]: [ 1501775018.576140330] Partition HBB not found
Aug 03 15:43:38 witherspoon systemd[1]: mboxd.service: Main process exited, code=dumped, status=6/ABRT
Aug 03 15:43:38 witherspoon systemd[1]: mboxd.service: Unit entered failed state.
Aug 03 15:43:38 witherspoon systemd[1]: mboxd.service: Failed with result 'core-dump'.
Aug 03 15:43:38 witherspoon dropbear[1043]: pam_unix(dropbear:account): account root has password changed in future
Aug 03 15:43:38 witherspoon dropbear[1043]: PAM password auth succeeded for 'root' from ::ffff:9.41.165.94:47820
Aug 03 15:43:39 witherspoon dropbear[1067]: lastlog_perform_login: Couldn't stat /var/log/lastlog: No such file or directory
Aug 03 15:43:39 witherspoon dropbear[1067]: lastlog_openseek: /var/log/lastlog is not a file or directory!
Aug 03 15:43:39 witherspoon systemd[1]: mboxd.service: Service hold-off time over, scheduling restart.
Aug 03 15:43:39 witherspoon systemd[1]: Stopped Phosphor MBOX Daemon.
Aug 03 15:43:39 witherspoon systemd[1]: Started Phosphor MBOX Daemon.
Aug 03 15:43:39 witherspoon mboxd[1073]: The operation failed internally.
Aug 03 15:43:39 witherspoon mboxd[1073]: terminate called after throwing an instance of 'sdbusplus::xyz::openbmc_project::Common::Error::InternalFailure'
Aug 03 15:43:39 witherspoon mboxd[1073]:   what():  xyz.openbmc_project.Common.Error.InternalFailure: The operation failed internally.
Aug 03 15:43:39 witherspoon mboxd[1073]: [ 1501775019.304198714] Partition HBB not found
Aug 03 15:43:39 witherspoon systemd[1]: mboxd.service: Main process exited, code=dumped, status=6/ABRT
Aug 03 15:43:39 witherspoon systemd[1]: mboxd.service: Unit entered failed state.
Aug 03 15:43:39 witherspoon systemd[1]: mboxd.service: Failed with result 'core-dump'.
Aug 03 15:43:39 witherspoon systemd[1]: mboxd.service: Service hold-off time over, scheduling restart.
Aug 03 15:43:39 witherspoon systemd[1]: Stopped Phosphor MBOX Daemon.
Aug 03 15:43:39 witherspoon systemd[1]: mboxd.service: Start request repeated too quickly.
Aug 03 15:43:39 witherspoon systemd[1]: Failed to start Phosphor MBOX Daemon.
Aug 03 15:43:39 witherspoon systemd[1]: mboxd.service: Unit entered failed state.
Aug 03 15:43:39 witherspoon systemd[1]: mboxd.service: Failed with result 'core-dump'.
Aug 03 15:43:41 witherspoon systemd[1]: Started Phosphor Download Manager.
Aug 03 15:43:41 witherspoon download_manager.py[992]: Running Download Manager
Aug 03 15:43:42 witherspoon sensor_manager2.py[1004]: Setting boot count to 3
Aug 03 15:43:42 witherspoon systemd[1]: Started Phosphor Sensor Manager.
Aug 03 15:43:42 witherspoon sensor_manager2.py[1004]: Starting sensor manager
Aug 03 15:43:42 witherspoon chassis_control.py[975]: Running ChassisControlService
Aug 03 15:43:43 witherspoon systemd[1]: Started Phosphor Chassis0 Control.
Aug 03 15:43:45 witherspoon phosphor-mapper[970]: ObjectMapper startup complete.  Discovery in progress...
Aug 03 15:43:45 witherspoon avahi-daemon[1009]: ../../avahi-0.6.32/avahi-daemon/chroot.c: open() failed: No such file or directory
Aug 03 15:43:45 witherspoon avahi-daemon[1003]: Failed to open /usr/share/dbus-1/interfaces/org.freedesktop.Avahi.Server.xml: Invalid argument
Aug 03 15:43:45 witherspoon avahi-daemon[1003]: Failed to load introspection data.
Aug 03 15:43:45 witherspoon systemd[1]: Started Phosphor User Manager.
Aug 03 15:43:45 witherspoon obmc-phosphor-userd[972]: Started
Aug 03 15:43:48 witherspoon netman.py[971]: Started
Aug 03 15:43:48 witherspoon systemd[1]: Started Phosphor Network Manager.
Aug 03 15:43:53 witherspoon inventory_items.py[977]: Loading from cache: /var/cache/obmc/org.openbmc.inventory.system.chassis.motherboard.apss@org.openbmc.InventoryItem.props
Aug 03 15:43:53 witherspoon inventory_items.py[977]: Loading from cache: /var/cache/obmc/org.openbmc.inventory.system.chassis.motherboard@org.openbmc.InventoryItem.props
Aug 03 15:43:53 witherspoon inventory_items.py[977]: Loading from cache: /var/cache/obmc/org.openbmc.inventory.system.chassis.motherboard.refclock@org.openbmc.InventoryItem.props
Aug 03 15:43:53 witherspoon inventory_items.py[977]: Loading from cache: /var/cache/obmc/org.openbmc.inventory.system.chassis.motherboard.cpu1.core7@org.openbmc.InventoryItem.props
Aug 03 15:43:53 witherspoon inventory_items.py[977]: Loading from cache: /var/cache/obmc/org.openbmc.inventory.system.chassis.motherboard.cpu1.core4@org.openbmc.InventoryItem.props
Aug 03 15:43:53 witherspoon inventory_items.py[977]: Loading from cache: /var/cache/obmc/org.openbmc.inventory.system.chassis.motherboard.cpu1.core1@org.openbmc.InventoryItem.props
Aug 03 15:43:53 witherspoon inventory_items.py[977]: Loading from cache: /var/cache/obmc/org.openbmc.inventory.system.chassis.motherboard.cpu1.core10@org.openbmc.InventoryItem.props
Aug 03 15:43:53 witherspoon inventory_items.py[977]: Loading from cache: /var/cache/obmc/org.openbmc.inventory.system.chassis.motherboard.todclock@org.openbmc.InventoryItem.props
Aug 03 15:43:53 witherspoon inventory_items.py[977]: Loading from cache: /var/cache/obmc/org.openbmc.inventory.system.chassis.motherboard.cpu1@org.openbmc.InventoryItem.props
Aug 03 15:43:53 witherspoon inventory_items.py[977]: Loading from cache: /var/cache/obmc/org.openbmc.inventory.system.chassis.motherboard.bmc@org.openbmc.InventoryItem.props
Aug 03 15:43:53 witherspoon inventory_items.py[977]: Caching: /org/openbmc/inventory/system/chassis/motherboard/bmc
Aug 03 15:43:53 witherspoon inventory_items.py[977]: Loading from cache: /var/cache/obmc/org.openbmc.inventory.system.chassis.motherboard.cpu0.core1@org.openbmc.InventoryItem.props
Aug 03 15:43:53 witherspoon inventory_items.py[977]: Loading from cache: /var/cache/obmc/org.openbmc.inventory.system.chassis.motherboard.cpu0.core7@org.openbmc.InventoryItem.props
Aug 03 15:43:53 witherspoon inventory_items.py[977]: Loading from cache: /var/cache/obmc/org.openbmc.inventory.system.chassis.motherboard.cpu0.core4@org.openbmc.InventoryItem.props
Aug 03 15:43:53 witherspoon inventory_items.py[977]: Loading from cache: /var/cache/obmc/org.openbmc.inventory.system.chassis.motherboard.pcieclock@org.openbmc.InventoryItem.props
Aug 03 15:43:53 witherspoon inventory_items.py[977]: Loading from cache: /var/cache/obmc/org.openbmc.inventory.system.chassis.motherboard.cpu0.core10@org.openbmc.InventoryItem.props
Aug 03 15:43:53 witherspoon inventory_items.py[977]: Running Inventory Manager
Aug 03 15:43:53 witherspoon systemd[1]: Started Phosphor Inventory Manager.
Aug 03 15:43:58 witherspoon phosphor-mapper[970]: ObjectMapper discovery complete
Aug 03 15:43:58 witherspoon systemd[1]: Started Phosphor DBus Service Discovery Manager.
Aug 03 15:43:58 witherspoon systemd[1]: Started Phosphor Hwmon Poller.
Aug 03 15:43:58 witherspoon systemd[1]: Started Phosphor Hwmon Poller.
Aug 03 15:43:58 witherspoon systemd[1]: Reached target Phosphor Object Mapper.
Aug 03 15:43:58 witherspoon systemd[1]: Starting Wait for /xyz/openbmc_project/led/groups...
Aug 03 15:43:58 witherspoon systemd[1]: Starting Wait for /xyz/openbmc_project/state/chassis0...
Aug 03 15:43:58 witherspoon systemd[1]: Starting Wait for /org/openbmc/managers/Download...
Aug 03 15:43:58 witherspoon systemd[1]: Starting Wait for /xyz/openbmc_project/led/groups/bmc_booted...
Aug 03 15:43:58 witherspoon systemd[1]: Starting Wait for /xyz/openbmc_project/control/host0...
Aug 03 15:43:58 witherspoon systemd[1]: Starting Phosphor Network Manager...
Aug 03 15:43:58 witherspoon systemd[1]: Starting Wait for /xyz/openbmc_project/inventory...
Aug 03 15:43:58 witherspoon systemd[1]: Starting Wait for /org/openbmc/control/power0...
Aug 03 15:43:58 witherspoon systemd[1]: Starting Wait for /xyz/openbmc_project/control/host0/restriction_mode...
Aug 03 15:43:58 witherspoon systemd[1]: Starting Wait for /xyz/openbmc_project/control/host0/boot_source...
Aug 03 15:43:58 witherspoon systemd[1]: Started Phosphor DBus Monitor.
Aug 03 15:43:58 witherspoon systemd[1]: Starting Wait for /org/openbmc/NetworkManager/Interface...
Aug 03 15:43:58 witherspoon systemd[1]: Starting Wait for /xyz/openbmc_project/state/host0...
Aug 03 15:43:58 witherspoon systemd[1]: Starting Wait for /org/openbmc/control/bmc0...
Aug 03 15:43:58 witherspoon systemd[1]: Starting Wait for /xyz/openbmc_project/control/host0/boot_mode...
Aug 03 15:43:58 witherspoon systemd[1]: Starting Wait for /xyz/openbmc_project/time/owner...
Aug 03 15:43:58 witherspoon systemd[1]: Reached target Webserver (pre).
Aug 03 15:43:58 witherspoon systemd[1]: Started Phosphor Webserver.
Aug 03 15:43:58 witherspoon systemd[1]: Starting Phoshpor System Manager...
Aug 03 15:43:58 witherspoon systemd[1]: Starting Phosphor Settings Manager...
Aug 03 15:43:58 witherspoon systemd[1]: Starting Wait for /xyz/openbmc_project/control/host0/auto_reboot...
Aug 03 15:43:58 witherspoon systemd[1]: Starting Wait for /xyz/openbmc_project/time/sync_method...
Aug 03 15:43:58 witherspoon systemd[1]: Starting Wait for /xyz/openbmc_project/control/host0/power_restore_policy...
Aug 03 15:43:58 witherspoon systemd[1]: Starting Wait for /org/openbmc/managers/System...
Aug 03 15:43:58 witherspoon systemd[1]: Started Phosphor Hwmon Poller.
Aug 03 15:43:58 witherspoon systemd[1]: Started Phosphor Hwmon Poller.
Aug 03 15:43:58 witherspoon systemd[1]: Started Phosphor Hwmon Poller.
Aug 03 15:43:58 witherspoon systemd[1]: Started Phosphor Hwmon Poller.
Aug 03 15:44:05 witherspoon systemd[1]: Started Wait for /xyz/openbmc_project/control/host0/restriction_mode.
Aug 03 15:44:05 witherspoon systemd[1]: Started Wait for /xyz/openbmc_project/control/host0/boot_mode.
Aug 03 15:44:05 witherspoon systemd[1]: Started Wait for /xyz/openbmc_project/time/owner.
Aug 03 15:44:05 witherspoon systemd[1]: Started Wait for /xyz/openbmc_project/time/sync_method.
Aug 03 15:44:05 witherspoon systemd[1]: Started Wait for /xyz/openbmc_project/control/host0/power_restore_policy.
Aug 03 15:44:05 witherspoon phosphor-network-manager[1083]: ConfigParser: Key not found
Aug 03 15:44:05 witherspoon phosphor-network-manager[1083]: The operation failed internally.
Aug 03 15:44:05 witherspoon phosphor-network-manager[1083]: Exception occured during getting of DHCP value
Aug 03 15:44:06 witherspoon systemd[1]: Started Wait for /org/openbmc/NetworkManager/Interface.
Aug 03 15:44:06 witherspoon systemd[1]: Started Phosphor DNS Settings Cache Manager.
Aug 03 15:44:06 witherspoon dbus[966]: [system] Activating via systemd: service name='org.freedesktop.hostname1' unit='dbus-org.freedesktop.hostname1.service'
Aug 03 15:44:06 witherspoon systemd[1]: Starting Hostname Service...
Aug 03 15:44:07 witherspoon systemd[1]: Started Wait for /xyz/openbmc_project/inventory.
Aug 03 15:44:07 witherspoon systemd[1]: Started Phosphor Cooling Type.
Aug 03 15:44:07 witherspoon systemd[1]: Started Phosphor GPIO 0 Presence.
Aug 03 15:44:07 witherspoon systemd[1]: Starting OpenPOWER OCC controller...
Aug 03 15:44:07 witherspoon systemd[1]: Starting Read OpenPOWER-format VPD from EEPROM...
Aug 03 15:44:08 witherspoon phosphor-gpio-presence[1123]: Updating inventory present property
Aug 03 15:44:08 witherspoon systemd[1]: Started Phosphor GPIO 1 Presence.
Aug 03 15:44:08 witherspoon phosphor-gpio-presence[1115]: Updating inventory present property
Aug 03 15:44:08 witherspoon systemd[1]: Started Wait for /xyz/openbmc_project/led/groups.
Aug 03 15:44:08 witherspoon systemd[1]: Started Wait for /org/openbmc/managers/Download.
Aug 03 15:44:08 witherspoon systemd[1]: Started Wait for /xyz/openbmc_project/led/groups/bmc_booted.
Aug 03 15:44:08 witherspoon systemd[1]: Started Wait for /xyz/openbmc_project/control/host0/boot_source.
Aug 03 15:44:09 witherspoon systemd[1]: Started FRU Fault monitor service.
Aug 03 15:44:09 witherspoon systemd[1]: Started Wait for /org/openbmc/control/bmc0.
Aug 03 15:44:09 witherspoon systemd[1]: Starting Phosphor BMC Code Update...
Aug 03 15:44:10 witherspoon systemd[1]: Started Wait for /xyz/openbmc_project/control/host0/auto_reboot.
Aug 03 15:44:11 witherspoon dbus[966]: [system] Successfully activated service 'org.freedesktop.hostname1'
Aug 03 15:44:11 witherspoon systemd[1]: Started Hostname Service.
Aug 03 15:44:11 witherspoon systemd[1]: Started Phosphor Network Manager.
Aug 03 15:44:16 witherspoon system_manager.py[1095]: Running System State: BASE_APPS
Aug 03 15:44:16 witherspoon system_manager.py[1095]: SystemManager Init Done
Aug 03 15:44:16 witherspoon system_manager.py[1095]: Running SystemManager
Aug 03 15:44:16 witherspoon systemd[1]: Started Phoshpor System Manager.
Aug 03 15:44:18 witherspoon systemd[1]: Started OpenPOWER OCC controller.
Aug 03 15:44:19 witherspoon system_manager.py[1095]: SystemManager Goto System State: BMC_STARTING
Aug 03 15:44:19 witherspoon system_manager.py[1095]: Running System State: BMC_STARTING
Aug 03 15:44:20 witherspoon settings_manager.py[1096]: Running HostSettingsService
Aug 03 15:44:20 witherspoon systemd[1]: Started Phosphor Settings Manager.
Aug 03 15:44:20 witherspoon systemd[1]: Starting Wait for /org/openbmc/settings/host0...
Aug 03 15:44:20 witherspoon bmc_update.py[1125]: Running Bmc Flash Control
Aug 03 15:44:20 witherspoon systemd[1]: Started Phosphor BMC Code Update.
Aug 03 15:44:21 witherspoon systemd[1]: Started Read OpenPOWER-format VPD from EEPROM.
Aug 03 15:44:27 witherspoon systemd[1]: Started Wait for /org/openbmc/managers/System.
Aug 03 15:44:27 witherspoon systemd[1]: Starting Phosphor Chassis State Manager...
Aug 03 15:44:27 witherspoon systemd[1]: Starting Phosphor BMC State Manager...
Aug 03 15:44:27 witherspoon systemd[1]: Starting Phosphor Reset Button0...
Aug 03 15:44:27 witherspoon systemd[1]: Starting Phosphor Power0 Control...
Aug 03 15:44:27 witherspoon systemd[1]: Starting Phosphor Power Button0...
Aug 03 15:44:28 witherspoon phosphor-chassis-state-manager[1132]: Initial Chassis State will be Off
Aug 03 15:44:28 witherspoon systemd[1]: Started Phosphor Chassis State Manager.
Aug 03 15:44:28 witherspoon phosphor-bmc-state-manager[1133]: Setting the BMCState field
Aug 03 15:44:28 witherspoon phosphor-bmc-state-manager[1133]: Setting the BMCState field
Aug 03 15:44:28 witherspoon systemd[1]: Started Phosphor BMC State Manager.
Aug 03 15:44:28 witherspoon systemd[1]: Started Wait for /org/openbmc/settings/host0.
Aug 03 15:44:28 witherspoon systemd[1]: Started Phosphor Inband IPMI.
Aug 03 15:44:30 witherspoon system_manager.py[1095]: New object: /org/openbmc/control/power0 (:1.88)
Aug 03 15:44:30 witherspoon system_manager.py[1095]: Power GPIO config: ['SYS_PWROK_BUFF', '', [('SOFTWARE_PGOOD', True), ('BMC_POWER_UP', True)], [('BMC_CP0_RESET_N', False)], [], 'FSI_DATA', 'FSI_CLK', 'FSI_ENABLE', 'CRONUS_SEL', []]
Aug 03 15:44:32 witherspoon power_control.exe[1136]: Power GPIO latch output:
Aug 03 15:44:32 witherspoon power_control.exe[1136]: Power GPIO power good input: SYS_PWROK_BUFF
Aug 03 15:44:32 witherspoon power_control.exe[1136]: Power GPIO 2 power_up outputs
Aug 03 15:44:32 witherspoon power_control.exe[1136]: Power GPIO power_up[0] = SOFTWARE_PGOOD active HIGH
Aug 03 15:44:32 witherspoon power_control.exe[1136]: Power GPIO power_up[1] = BMC_POWER_UP active HIGH
Aug 03 15:44:32 witherspoon power_control.exe[1136]: Power GPIO 1 reset outputs
Aug 03 15:44:32 witherspoon power_control.exe[1136]: Power GPIO reset[0] = BMC_CP0_RESET_N active LOW
Aug 03 15:44:32 witherspoon power_control.exe[1136]: Power GPIO 0 pci reset outputs
Aug 03 15:44:32 witherspoon power_control.exe[1136]: FSI DATA GPIO: FSI_DATA
Aug 03 15:44:32 witherspoon power_control.exe[1136]: FSI CLK GPIO: FSI_CLK
Aug 03 15:44:32 witherspoon power_control.exe[1136]: FSI ENABLE GPIO: FSI_ENABLE
Aug 03 15:44:32 witherspoon power_control.exe[1136]: CRONUS SEL GPIO: CRONUS_SEL
Aug 03 15:44:32 witherspoon power_control.exe[1136]: Hostctl GPIO optionals: 0
Aug 03 15:44:32 witherspoon button_power.exe[1137]: GPIO Lookup:  POWER_BUTTON = 347,both
Aug 03 15:44:32 witherspoon button_reset.exe[1134]: GPIO Lookup:  RESET_BUTTON = 353,both
Aug 03 15:44:32 witherspoon systemd[1]: Started Phosphor Reset Button0.
Aug 03 15:44:32 witherspoon systemd[1]: Started Phosphor Power Button0.
Aug 03 15:44:32 witherspoon power_control.exe[1136]: GPIO Lookup:  SYS_PWROK_BUFF = 306,in
Aug 03 15:44:32 witherspoon power_control.exe[1136]: GPIO Lookup:  SOFTWARE_PGOOD = 417,out
Aug 03 15:44:32 witherspoon power_control.exe[1136]: GPIO Lookup:  BMC_POWER_UP = 305,out
Aug 03 15:44:32 witherspoon power_control.exe[1136]: GPIO Lookup:  BMC_CP0_RESET_N = 281,out
Aug 03 15:44:32 witherspoon power_control.exe[1136]: Pgood state: 0
Aug 03 15:44:32 witherspoon systemd[1]: Started Phosphor Power0 Control.
Aug 03 15:44:34 witherspoon systemd[1]: Started Wait for /xyz/openbmc_project/state/chassis0.
Aug 03 15:44:35 witherspoon systemd[1]: Started Wait for /xyz/openbmc_project/control/host0.
Aug 03 15:44:36 witherspoon systemd[1]: Started Wait for /org/openbmc/control/power0.
Aug 03 15:44:36 witherspoon systemd[1]: Starting Phosphor Time Manager daemon...
Aug 03 15:44:36 witherspoon systemd[1]: Starting Check Chassis0 pgood and create a file to indicate it...
Aug 03 15:44:37 witherspoon timemanager[1163]: Registering dbus methods
Aug 03 15:44:38 witherspoon timemanager[1163]: Last known time_mode: NTP
Aug 03 15:44:38 witherspoon timemanager[1163]: Last known time_owner: BMC
Aug 03 15:44:38 witherspoon timemanager[1163]: Empty DhcpNtp string
Aug 03 15:44:38 witherspoon timemanager[1163]: Reading Power Control key: pgood
Aug 03 15:44:38 witherspoon timemanager[1163]: Changing settings *allowed* now
Aug 03 15:44:38 witherspoon systemd[1]: Started Check Chassis0 pgood and create a file to indicate it.
Aug 03 15:44:38 witherspoon timemanager[1163]: Owner is already set to : BMC
Aug 03 15:44:38 witherspoon timemanager[1163]: Requested_Mode: NTP Current_Mode: NTP
Aug 03 15:44:38 witherspoon timemanager[1163]: Mode is already set to : NTP
Aug 03 15:44:38 witherspoon timemanager[1163]: Getting System Settings: use_dhcp_ntp
Aug 03 15:44:38 witherspoon systemd[1]: Reached target Chassis0 power on after reset.
Aug 03 15:44:38 witherspoon systemd[1]: Reached target Host0 running after reset.
Aug 03 15:44:38 witherspoon systemd[1]: Starting Phosphor Host State Manager...
Aug 03 15:44:38 witherspoon systemd[1]: Reached target Host0 (Reset Check).
Aug 03 15:44:38 witherspoon systemd[1]: Reached target Chassis0 (Reset Check).
Aug 03 15:44:39 witherspoon timemanager[1163]: use_dhcp_ntp = yes
Aug 03 15:44:39 witherspoon timemanager[1163]: Last known host_offset:0
Aug 03 15:44:39 witherspoon timemanager[1163]: Initial Uptime Usec: 1501774966832299
Aug 03 15:44:39 witherspoon systemd[1]: Started Phosphor Time Manager daemon.
Aug 03 15:44:41 witherspoon phosphor-host-state-manager[1173]: Initial Host State will be Off
Aug 03 15:44:41 witherspoon systemd[1]: Started Phosphor Host State Manager.
Aug 03 15:44:43 witherspoon systemd[1]: Started Wait for /xyz/openbmc_project/state/host0.
Aug 03 15:44:43 witherspoon systemd[1]: Starting Reboot If Enabled...
Aug 03 15:44:43 witherspoon phosphor-discover-system-state[1177]: Host power is off, checking power policy
Aug 03 15:44:43 witherspoon systemd[1]: Started Reboot If Enabled.
Aug 03 15:44:43 witherspoon systemd[1]: Reached target Phosphor System - Standby.
Aug 03 15:44:43 witherspoon systemd[1]: Starting Assert bmc_booted LED...
Aug 03 15:44:43 witherspoon phosphor-bmc-state-manager[1133]: BMC_READY
Aug 03 15:44:43 witherspoon phosphor-bmc-state-manager[1133]: Setting the BMCState field
Aug 03 15:44:44 witherspoon phosphor-ledmanager[964]: Asserting LEDs
Aug 03 15:44:44 witherspoon systemd[1]: Started Assert bmc_booted LED.
Aug 03 15:44:44 witherspoon systemd[1]: Startup finished in 8.913s (kernel) + 1min 48.474s (userspace) = 1min 57.388s.
Aug 03 15:44:48 witherspoon phosphor-gevent[1094]: Traceback (most recent call last):
Aug 03 15:44:48 witherspoon phosphor-gevent[1094]:   File "/usr/lib/python2.7/site-packages/gevent/greenlet.py", line 327, in run
Aug 03 15:44:48 witherspoon phosphor-gevent[1094]:     result = self._run(*self.args, **self.kwargs)
Aug 03 15:44:48 witherspoon phosphor-gevent[1094]:   File "/usr/lib/python2.7/site-packages/gevent/server.py", line 102, in wrap_socket_and_handle
Aug 03 15:44:48 witherspoon phosphor-gevent[1094]:     ssl_socket = self.wrap_socket(client_socket, **self.ssl_args)
Aug 03 15:44:48 witherspoon phosphor-gevent[1094]:   File "/usr/lib/python2.7/site-packages/gevent/ssl.py", line 404, in wrap_socket
Aug 03 15:44:48 witherspoon phosphor-gevent[1094]:     ciphers=ciphers)
Aug 03 15:44:48 witherspoon phosphor-gevent[1094]:   File "/usr/lib/python2.7/site-packages/gevent/ssl.py", line 113, in __init__
Aug 03 15:44:48 witherspoon phosphor-gevent[1094]:     self.do_handshake()
Aug 03 15:44:48 witherspoon phosphor-gevent[1094]:   File "/usr/lib/python2.7/site-packages/gevent/ssl.py", line 324, in do_handshake
Aug 03 15:44:48 witherspoon phosphor-gevent[1094]:     return self._sslobj.do_handshake()
Aug 03 15:44:48 witherspoon phosphor-gevent[1094]: SSLEOFError: EOF occurred in violation of protocol (_ssl.c:590)
Aug 03 15:44:48 witherspoon phosphor-gevent[1094]: <Greenlet at 0x76053490: <bound method WSGIServer.wrap_socket_and_handle of <WSGIServer at 0x7602abb0 fileno=5 address=('::34d2:f376:b0ad:6976%1986637216', 443, 0, 1986637216)>>(<socket at 0x75f00890 fileno=9>, ('::80b9:6776:8e91:f402%1995619100', 35702, 0, 199)> failed with SSLEOFError
Aug 03 15:44:48 witherspoon phosphor-gevent[1094]: Traceback (most recent call last):
Aug 03 15:44:48 witherspoon phosphor-gevent[1094]:   File "/usr/lib/python2.7/site-packages/gevent/greenlet.py", line 327, in run
Aug 03 15:44:48 witherspoon phosphor-gevent[1094]:     result = self._run(*self.args, **self.kwargs)
Aug 03 15:44:48 witherspoon phosphor-gevent[1094]:   File "/usr/lib/python2.7/site-packages/gevent/server.py", line 102, in wrap_socket_and_handle
Aug 03 15:44:48 witherspoon phosphor-gevent[1094]:     ssl_socket = self.wrap_socket(client_socket, **self.ssl_args)
Aug 03 15:44:48 witherspoon phosphor-gevent[1094]:   File "/usr/lib/python2.7/site-packages/gevent/ssl.py", line 404, in wrap_socket
Aug 03 15:44:48 witherspoon phosphor-gevent[1094]:     ciphers=ciphers)
Aug 03 15:44:48 witherspoon phosphor-gevent[1094]:   File "/usr/lib/python2.7/site-packages/gevent/ssl.py", line 113, in __init__
Aug 03 15:44:48 witherspoon phosphor-gevent[1094]:     self.do_handshake()
Aug 03 15:44:48 witherspoon phosphor-gevent[1094]:   File "/usr/lib/python2.7/site-packages/gevent/ssl.py", line 324, in do_handshake
Aug 03 15:44:48 witherspoon phosphor-gevent[1094]:     return self._sslobj.do_handshake()
Aug 03 15:44:48 witherspoon phosphor-gevent[1094]: SSLEOFError: EOF occurred in violation of protocol (_ssl.c:590)
Aug 03 15:44:48 witherspoon phosphor-gevent[1094]: <Greenlet at 0x76053760: <bound method WSGIServer.wrap_socket_and_handle of <WSGIServer at 0x7602abb0 fileno=5 address=('::34d2:f376:b0ad:6976%1986637216', 443, 0, 1986637216)>>(<socket at 0x75f00830 fileno=10>, ('::80b9:6776:8e91:f402%1995619100', 35704, 0, 199)> failed with SSLEOFError
Aug 03 15:44:48 witherspoon phosphor-gevent[1094]: Traceback (most recent call last):
Aug 03 15:44:48 witherspoon phosphor-gevent[1094]:   File "/usr/lib/python2.7/site-packages/gevent/greenlet.py", line 327, in run
Aug 03 15:44:49 witherspoon phosphor-gevent[1094]:     result = self._run(*self.args, **self.kwargs)
Aug 03 15:44:49 witherspoon phosphor-gevent[1094]:   File "/usr/lib/python2.7/site-packages/gevent/server.py", line 102, in wrap_socket_and_handle
Aug 03 15:44:49 witherspoon phosphor-gevent[1094]:     ssl_socket = self.wrap_socket(client_socket, **self.ssl_args)
Aug 03 15:44:49 witherspoon phosphor-gevent[1094]:   File "/usr/lib/python2.7/site-packages/gevent/ssl.py", line 404, in wrap_socket
Aug 03 15:44:49 witherspoon phosphor-gevent[1094]:     ciphers=ciphers)
Aug 03 15:44:49 witherspoon phosphor-gevent[1094]:   File "/usr/lib/python2.7/site-packages/gevent/ssl.py", line 113, in __init__
Aug 03 15:44:49 witherspoon phosphor-gevent[1094]:     self.do_handshake()
Aug 03 15:44:49 witherspoon phosphor-gevent[1094]:   File "/usr/lib/python2.7/site-packages/gevent/ssl.py", line 324, in do_handshake
Aug 03 15:44:49 witherspoon phosphor-gevent[1094]:     return self._sslobj.do_handshake()
Aug 03 15:44:49 witherspoon phosphor-gevent[1094]: SSLEOFError: EOF occurred in violation of protocol (_ssl.c:590)
Aug 03 15:44:49 witherspoon phosphor-gevent[1094]: <Greenlet at 0x76053440: <bound method WSGIServer.wrap_socket_and_handle of <WSGIServer at 0x7602abb0 fileno=5 address=('::34d2:f376:b0ad:6976%1986637216', 443, 0, 1986637216)>>(<socket at 0x75f008d0 fileno=11>, ('::80b9:6776:8e91:f402%1995619100', 35706, 0, 199)> failed with SSLEOFError
Aug 03 15:44:54 witherspoon phosphor-gevent[1094]: ::80b9:6776:8e91:f402%1995619100 - - [2017-08-03 15:44:54] "POST /login HTTP/1.1" 200 320 0.045588
Aug 03 15:44:54 witherspoon phosphor-gevent[1094]: ::80b9:6776:8e91:f402%1995619100 - - [2017-08-03 15:44:54] "GET /xyz/openbmc_project/state/chassis0//attr/CurrentPowerState HTTP/1.1" 200 216 0.064251
Aug 03 15:44:54 witherspoon phosphor-gevent[1094]: ::80b9:6776:8e91:f402%1995619100 - - [2017-08-03 15:44:54] "POST /login HTTP/1.1" 200 320 0.055768
Aug 03 15:44:54 witherspoon phosphor-gevent[1094]: ::80b9:6776:8e91:f402%1995619100 - - [2017-08-03 15:44:54] "GET /xyz/openbmc_project/state/chassis0//attr/CurrentPowerState HTTP/1.1" 200 216 0.049316
Aug 03 15:44:54 witherspoon phosphor-gevent[1094]: ::80b9:6776:8e91:f402%1995619100 - - [2017-08-03 15:44:54] "POST /login HTTP/1.1" 200 320 0.032502
Aug 03 15:44:54 witherspoon phosphor-gevent[1094]: ::80b9:6776:8e91:f402%1995619100 - - [2017-08-03 15:44:54] "GET /org/openbmc/sensors/host/BootProgress/attr/value HTTP/1.1" 200 170 0.053094
Aug 03 15:44:54 witherspoon phosphor-gevent[1094]: ::80b9:6776:8e91:f402%1995619100 - - [2017-08-03 15:44:54] "POST /login HTTP/1.1" 200 320 0.048995
Aug 03 15:44:54 witherspoon phosphor-gevent[1094]: ::80b9:6776:8e91:f402%1995619100 - - [2017-08-03 15:44:54] "GET /xyz/openbmc_project/state/host0//attr/CurrentHostState HTTP/1.1" 200 212 0.074818
Aug 03 15:44:55 witherspoon phosphor-gevent[1094]: ::80b9:6776:8e91:f402%1995619100 - - [2017-08-03 15:44:55] "POST /login HTTP/1.1" 200 320 0.045509
Aug 03 15:44:55 witherspoon phosphor-gevent[1094]: ::80b9:6776:8e91:f402%1995619100 - - [2017-08-03 15:44:55] "GET /xyz/openbmc_project/logging/entry//list HTTP/1.1" 404 311 0.037103
Aug 03 15:44:55 witherspoon systemd[1]: Started SSH Per-Connection Server (9.41.165.94:47838).
Aug 03 15:44:55 witherspoon dropbear[1191]: Failed loading /etc/dropbear/dropbear_dss_host_key
Aug 03 15:44:55 witherspoon dropbear[1191]: Failed loading /etc/dropbear/dropbear_ecdsa_host_key
Aug 03 15:44:55 witherspoon dropbear[1191]: Child connection from ::ffff:9.41.165.94:47838
Aug 03 15:44:55 witherspoon dropbear[1191]: pam_unix(dropbear:account): account root has password changed in future
Aug 03 15:44:55 witherspoon dropbear[1191]: PAM password auth succeeded for 'root' from ::ffff:9.41.165.94:47838
Aug 03 15:44:56 witherspoon dropbear[1192]: lastlog_perform_login: Couldn't stat /var/log/lastlog: No such file or directory
Aug 03 15:44:56 witherspoon dropbear[1192]: lastlog_openseek: /var/log/lastlog is not a file or directory!
Aug 03 15:44:57 witherspoon phosphor-gevent[1094]: ::80b9:6776:8e91:f402%1995619100 - - [2017-08-03 15:44:57] "POST /login HTTP/1.1" 200 320 0.033186
Aug 03 15:44:57 witherspoon phosphor-gevent[1094]: ::80b9:6776:8e91:f402%1995619100 - - [2017-08-03 15:44:57] "GET /xyz/openbmc_project/state/host0//attr/CurrentHostState HTTP/1.1" 200 212 0.076001
Aug 03 15:44:57 witherspoon dropbear[1043]: Exit (root): Exited normally
Aug 03 15:44:57 witherspoon dropbear[1191]: Exit (root): Exited normally
Aug 03 15:45:00 witherspoon phosphor-gevent[1094]: ::80b9:6776:8e91:f402%1995619100 - - [2017-08-03 15:45:00] "POST /login HTTP/1.1" 200 320 0.033629
Aug 03 15:45:00 witherspoon phosphor-gevent[1094]: ::80b9:6776:8e91:f402%1995619100 - - [2017-08-03 15:45:00] "GET /xyz/openbmc_project/software/enumerate HTTP/1.1" 200 543 0.142867
Aug 03 15:45:12 witherspoon phosphor-gevent[1094]: ::80b9:6776:8e91:f402%1995619100 - - [2017-08-03 15:45:12] "POST /login HTTP/1.1" 200 320 0.032850
Aug 03 15:45:12 witherspoon phosphor-version-software-manager[1022]: tar: short read
Aug 03 15:45:12 witherspoon phosphor-version-software-manager[1022]: Error No manifest file
Aug 03 15:45:12 witherspoon phosphor-version-software-manager[1022]: An error when reading the Manifest file.
Aug 03 15:45:12 witherspoon dbus[966]: [system] Activating via systemd: service name='org.freedesktop.journal1' unit='dbus-org.freedesktop.journal1.service'
Aug 03 15:45:12 witherspoon systemd[1]: Starting Journal Dbus Service...
Aug 03 15:45:12 witherspoon dbus[966]: [system] Successfully activated service 'org.freedesktop.journal1'
Aug 03 15:45:12 witherspoon systemd[1]: Started Journal Dbus Service.
Aug 03 15:45:13 witherspoon phosphor-fru-fault-monitor[1124]: /xyz/openbmc_project/logging/entry/1
Aug 03 15:45:13 witherspoon phosphor-version-software-manager[1022]: Error processing image
Aug 03 15:45:19 witherspoon phosphor-gevent[1094]: ::80b9:6776:8e91:f402%1995619100 - - [2017-08-03 15:45:19] "POST /upload/image HTTP/1.1" 200 169 7.192352
Aug 03 15:45:19 witherspoon systemd[1]: Started SSH Per-Connection Server (9.41.165.94:47846).
Aug 03 15:45:19 witherspoon phosphor-version-software-manager[1022]: Untaring
Aug 03 15:45:19 witherspoon dropbear[1207]: Failed loading /etc/dropbear/dropbear_dss_host_key
Aug 03 15:45:19 witherspoon dropbear[1207]: Failed loading /etc/dropbear/dropbear_ecdsa_host_key
Aug 03 15:45:19 witherspoon dropbear[1207]: Child connection from ::ffff:9.41.165.94:47846
Aug 03 15:45:20 witherspoon openpower-update-manager[1010]: Error in reading file
Aug 03 15:45:20 witherspoon dropbear[1207]: pam_unix(dropbear:account): account root has password changed in future
Aug 03 15:45:20 witherspoon dropbear[1207]: PAM password auth succeeded for 'root' from ::ffff:9.41.165.94:47846
Aug 03 15:45:20 witherspoon dropbear[1209]: lastlog_perform_login: Couldn't stat /var/log/lastlog: No such file or directory
Aug 03 15:45:20 witherspoon dropbear[1209]: lastlog_openseek: /var/log/lastlog is not a file or directory!
Aug 03 15:45:21 witherspoon dropbear[1213]: Failed loading /etc/dropbear/dropbear_dss_host_key
Aug 03 15:45:21 witherspoon dropbear[1213]: Failed loading /etc/dropbear/dropbear_ecdsa_host_key
Aug 03 15:45:21 witherspoon dropbear[1213]: Child connection from ::ffff:9.41.165.94:47848
Aug 03 15:45:21 witherspoon systemd[1]: Started SSH Per-Connection Server (9.41.165.94:47848).
Aug 03 15:45:22 witherspoon dropbear[1213]: pam_unix(dropbear:account): account root has password changed in future
Aug 03 15:45:22 witherspoon dropbear[1213]: PAM password auth succeeded for 'root' from ::ffff:9.41.165.94:47848
Aug 03 15:45:22 witherspoon dropbear[1214]: lastlog_perform_login: Couldn't stat /var/log/lastlog: No such file or directory
Aug 03 15:45:22 witherspoon dropbear[1214]: lastlog_openseek: /var/log/lastlog is not a file or directory!
Aug 03 15:45:23 witherspoon systemd[1]: Started SSH Per-Connection Server (9.41.165.94:47850).
Aug 03 15:45:23 witherspoon dropbear[1220]: Failed loading /etc/dropbear/dropbear_dss_host_key
Aug 03 15:45:23 witherspoon dropbear[1220]: Failed loading /etc/dropbear/dropbear_ecdsa_host_key
Aug 03 15:45:23 witherspoon dropbear[1220]: Child connection from ::ffff:9.41.165.94:47850
Aug 03 15:45:24 witherspoon dropbear[1220]: pam_unix(dropbear:account): account root has password changed in future
Aug 03 15:45:24 witherspoon dropbear[1220]: PAM password auth succeeded for 'root' from ::ffff:9.41.165.94:47850
Aug 03 15:45:24 witherspoon dropbear[1221]: lastlog_perform_login: Couldn't stat /var/log/lastlog: No such file or directory
Aug 03 15:45:24 witherspoon dropbear[1221]: lastlog_openseek: /var/log/lastlog is not a file or directory!
Aug 03 15:45:25 witherspoon systemd[1]: Started SSH Per-Connection Server (9.41.165.94:47852).
Aug 03 15:45:25 witherspoon dropbear[1224]: Failed loading /etc/dropbear/dropbear_dss_host_key
Aug 03 15:45:25 witherspoon dropbear[1224]: Failed loading /etc/dropbear/dropbear_ecdsa_host_key
Aug 03 15:45:25 witherspoon dropbear[1224]: Child connection from ::ffff:9.41.165.94:47852
Aug 03 15:45:26 witherspoon dropbear[1224]: pam_unix(dropbear:account): account root has password changed in future
Aug 03 15:45:26 witherspoon dropbear[1224]: PAM password auth succeeded for 'root' from ::ffff:9.41.165.94:47852
Aug 03 15:45:26 witherspoon dropbear[1225]: lastlog_perform_login: Couldn't stat /var/log/lastlog: No such file or directory
Aug 03 15:45:26 witherspoon dropbear[1225]: lastlog_openseek: /var/log/lastlog is not a file or directory!
Aug 03 15:45:27 witherspoon phosphor-gevent[1094]: ::80b9:6776:8e91:f402%1995619100 - - [2017-08-03 15:45:27] "POST /login HTTP/1.1" 200 320 0.035540
Aug 03 15:45:27 witherspoon phosphor-gevent[1094]: ::80b9:6776:8e91:f402%1995619100 - - [2017-08-03 15:45:27] "GET /xyz/openbmc_project/software/2b6dcac8/attr/Activation HTTP/1.1" 200 225 0.111239
Aug 03 15:45:27 witherspoon phosphor-gevent[1094]: ::80b9:6776:8e91:f402%1995619100 - - [2017-08-03 15:45:27] "POST /login HTTP/1.1" 200 320 0.034571
Aug 03 15:45:27 witherspoon phosphor-gevent[1094]: ::80b9:6776:8e91:f402%1995619100 - - [2017-08-03 15:45:27] "GET /xyz/openbmc_project/software/2b6dcac8 HTTP/1.1" 200 805 0.117648
Aug 03 15:45:28 witherspoon phosphor-gevent[1094]: ::80b9:6776:8e91:f402%1995619100 - - [2017-08-03 15:45:28] "POST /login HTTP/1.1" 200 320 0.033377
Aug 03 15:45:28 witherspoon phosphor-gevent[1094]: ::80b9:6776:8e91:f402%1995619100 - - [2017-08-03 15:45:28] "PUT /xyz/openbmc_project/software/2b6dcac8/attr/RequestedActivation HTTP/1.1" 200 169 0.520760
Aug 03 15:45:28 witherspoon systemd[1]: Created slice system-obmc\x2dflash\x2dbios\x2dubimount.slice.
Aug 03 15:45:28 witherspoon systemd[1]: Created slice system-obmc\x2dflash\x2dbios\x2dsquashfsmount.slice.
Aug 03 15:45:28 witherspoon systemd[1]: Starting Attach the PNOR mtd device to UBI...
Aug 03 15:45:29 witherspoon obmc-flash-bios[1231]: ubiattach: error!: cannot attach mtd7
Aug 03 15:45:29 witherspoon obmc-flash-bios[1231]:            error 22 (Invalid argument)
Aug 03 15:45:29 witherspoon kernel: UBIFS error (pid: 1037): cannot open "ubi7:pnor-patch", error -19
Aug 03 15:45:29 witherspoon kernel: ubi7: default fastmap pool size: 100
Aug 03 15:45:29 witherspoon kernel: ubi7: default fastmap WL pool size: 50
Aug 03 15:45:29 witherspoon kernel: ubi7: attaching mtd7
Aug 03 15:45:29 witherspoon kernel: ubi7: scanning is finished
Aug 03 15:45:29 witherspoon kernel: ubi7 error: ubi_read_volume_table: the layout volume was not found
Aug 03 15:45:29 witherspoon kernel: ubi7 error: ubi_attach_mtd_dev: failed to attach mtd7, error -22
Aug 03 15:45:29 witherspoon kernel[990]: [   40.350000] UBIFS error (pid: 1037): cannot open "ubi7:pnor-patch", error -19
Aug 03 15:45:29 witherspoon obmc-flash-bios[1231]: Starting ubiformat /dev/mtd7
Aug 03 15:45:29 witherspoon kernel[990]: [  162.190000] ubi7: default fastmap pool size: 100
Aug 03 15:45:29 witherspoon kernel[990]: [  162.190000] ubi7: default fastmap WL pool size: 50
Aug 03 15:45:29 witherspoon kernel[990]: [  162.190000] ubi7: attaching mtd7
Aug 03 15:45:29 witherspoon kernel[990]: [  162.190000] ubi7: scanning is finished
Aug 03 15:45:29 witherspoon kernel[990]: [  162.190000] ubi7 error: ubi_read_volume_table: the layout volume was not found
Aug 03 15:45:29 witherspoon kernel[990]: [  162.190000] ubi7 error: ubi_attach_mtd_dev: failed to attach mtd7, error -22
Aug 03 15:45:29 witherspoon phosphor-gevent[1094]: ::80b9:6776:8e91:f402%1995619100 - - [2017-08-03 15:45:29] "POST /login HTTP/1.1" 200 320 0.201351
Aug 03 15:45:29 witherspoon phosphor-gevent[1094]: ::80b9:6776:8e91:f402%1995619100 - - [2017-08-03 15:45:29] "GET /xyz/openbmc_project/software/2b6dcac8 HTTP/1.1" 200 833 0.261304
Aug 03 15:45:29 witherspoon systemd[1]: Started SSH Per-Connection Server (9.41.165.94:47862).
Aug 03 15:45:29 witherspoon dropbear[1238]: Failed loading /etc/dropbear/dropbear_dss_host_key
Aug 03 15:45:29 witherspoon dropbear[1238]: Failed loading /etc/dropbear/dropbear_ecdsa_host_key
Aug 03 15:45:29 witherspoon dropbear[1238]: Child connection from ::ffff:9.41.165.94:47862
Aug 03 15:45:30 witherspoon dropbear[1238]: pam_unix(dropbear:account): account root has password changed in future
Aug 03 15:45:30 witherspoon dropbear[1238]: PAM password auth succeeded for 'root' from ::ffff:9.41.165.94:47862
Aug 03 15:45:30 witherspoon dropbear[1239]: lastlog_perform_login: Couldn't stat /var/log/lastlog: No such file or directory
Aug 03 15:45:30 witherspoon dropbear[1239]: lastlog_openseek: /var/log/lastlog is not a file or directory!
Aug 03 15:45:32 witherspoon phosphor-gevent[1094]: ::80b9:6776:8e91:f402%1995619100 - - [2017-08-03 15:45:32] "POST /login HTTP/1.1" 200 320 0.052839
Aug 03 15:45:32 witherspoon phosphor-gevent[1094]: ::80b9:6776:8e91:f402%1995619100 - - [2017-08-03 15:45:32] "GET /xyz/openbmc_project/software/2b6dcac8 HTTP/1.1" 200 833 0.126913
Aug 03 15:46:32 witherspoon phosphor-gevent[1094]: ::80b9:6776:8e91:f402%1995619100 - - [2017-08-03 15:46:32] "POST /login HTTP/1.1" 200 320 0.044601
Aug 03 15:46:32 witherspoon phosphor-gevent[1094]: ::80b9:6776:8e91:f402%1995619100 - - [2017-08-03 15:46:32] "GET /xyz/openbmc_project/software/2b6dcac8 HTTP/1.1" 200 833 0.127031
Aug 03 15:47:15 witherspoon avahi-daemon[1003]: Withdrawing address record for fe80::72e2:84ff:fe14:2420 on eth0.
Aug 03 15:47:15 witherspoon avahi-daemon[1003]: Host name conflict, retrying with witherspoon-2
Aug 03 15:47:15 witherspoon avahi-daemon[1003]: Registering new address record for fe80::72e2:84ff:fe14:2420 on eth0.*.
Aug 03 15:47:15 witherspoon avahi-daemon[1003]: Registering new address record for 9.41.166.169 on eth0.IPv4.
Aug 03 15:47:17 witherspoon avahi-daemon[1003]: Server startup complete. Host name is witherspoon-2.local. Local service cookie is 1918455123.
Aug 03 15:47:17 witherspoon avahi-daemon[1003]: Service name conflict for "sftp" (/services/sftp.service), retrying with "sftp #2".
Aug 03 15:47:17 witherspoon avahi-daemon[1003]: Service name conflict for "phosphor_rest" (/services/phosphor_rest.service), retrying with "phosphor_rest #2".
Aug 03 15:47:17 witherspoon avahi-daemon[1003]: Service name conflict for "obmc_console" (/services/obmc_console.service), retrying with "obmc_console #2".
Aug 03 15:47:19 witherspoon avahi-daemon[1003]: Service "witherspoon-2" (/services/ssh.service) successfully established.
Aug 03 15:47:19 witherspoon avahi-daemon[1003]: Service "witherspoon-2" (/services/sftp-ssh.service) successfully established.
Aug 03 15:47:19 witherspoon avahi-daemon[1003]: Service name conflict for "sftp" (/services/sftp.service), retrying with "sftp #3".
Aug 03 15:47:19 witherspoon avahi-daemon[1003]: Service name conflict for "obmc_console" (/services/obmc_console.service), retrying with "obmc_console #3".
Aug 03 15:47:19 witherspoon avahi-daemon[1003]: Service name conflict for "phosphor_rest" (/services/phosphor_rest.service), retrying with "phosphor_rest #3".
Aug 03 15:47:21 witherspoon avahi-daemon[1003]: Service name conflict for "obmc_console" (/services/obmc_console.service), retrying with "obmc_console #4".
Aug 03 15:47:21 witherspoon avahi-daemon[1003]: Service name conflict for "sftp" (/services/sftp.service), retrying with "sftp #4".
Aug 03 15:47:21 witherspoon avahi-daemon[1003]: Service name conflict for "phosphor_rest" (/services/phosphor_rest.service), retrying with "phosphor_rest #4".
Aug 03 15:47:23 witherspoon avahi-daemon[1003]: Service name conflict for "phosphor_rest" (/services/phosphor_rest.service), retrying with "phosphor_rest #5".
Aug 03 15:47:23 witherspoon avahi-daemon[1003]: Service name conflict for "obmc_console" (/services/obmc_console.service), retrying with "obmc_console #5".
Aug 03 15:47:23 witherspoon avahi-daemon[1003]: Service name conflict for "sftp" (/services/sftp.service), retrying with "sftp #5".
Aug 03 15:47:25 witherspoon avahi-daemon[1003]: Service name conflict for "sftp" (/services/sftp.service), retrying with "sftp #6".
Aug 03 15:47:26 witherspoon avahi-daemon[1003]: Service name conflict for "obmc_console" (/services/obmc_console.service), retrying with "obmc_console #6".
Aug 03 15:47:26 witherspoon avahi-daemon[1003]: Service name conflict for "phosphor_rest" (/services/phosphor_rest.service), retrying with "phosphor_rest #6".
Aug 03 15:47:28 witherspoon avahi-daemon[1003]: Service name conflict for "phosphor_rest" (/services/phosphor_rest.service), retrying with "phosphor_rest #7".
Aug 03 15:47:28 witherspoon avahi-daemon[1003]: Service name conflict for "obmc_console" (/services/obmc_console.service), retrying with "obmc_console #7".
Aug 03 15:47:28 witherspoon avahi-daemon[1003]: Service name conflict for "sftp" (/services/sftp.service), retrying with "sftp #7".
Aug 03 15:47:30 witherspoon avahi-daemon[1003]: Service name conflict for "phosphor_rest" (/services/phosphor_rest.service), retrying with "phosphor_rest #8".
Aug 03 15:47:30 witherspoon avahi-daemon[1003]: Service name conflict for "obmc_console" (/services/obmc_console.service), retrying with "obmc_console #8".
Aug 03 15:47:30 witherspoon avahi-daemon[1003]: Service name conflict for "sftp" (/services/sftp.service), retrying with "sftp #8".
Aug 03 15:47:32 witherspoon avahi-daemon[1003]: Service name conflict for "obmc_console" (/services/obmc_console.service), retrying with "obmc_console #9".
Aug 03 15:47:32 witherspoon avahi-daemon[1003]: Service name conflict for "sftp" (/services/sftp.service), retrying with "sftp #9".
Aug 03 15:47:32 witherspoon avahi-daemon[1003]: Service name conflict for "phosphor_rest" (/services/phosphor_rest.service), retrying with "phosphor_rest #9".
Aug 03 15:47:33 witherspoon phosphor-gevent[1094]: ::80b9:6776:8e91:f402%1995619100 - - [2017-08-03 15:47:33] "POST /login HTTP/1.1" 200 320 0.032915
Aug 03 15:47:33 witherspoon phosphor-gevent[1094]: ::80b9:6776:8e91:f402%1995619100 - - [2017-08-03 15:47:33] "GET /xyz/openbmc_project/software/2b6dcac8 HTTP/1.1" 200 833 0.127439
Aug 03 15:47:34 witherspoon avahi-daemon[1003]: Service name conflict for "sftp" (/services/sftp.service), retrying with "sftp #10".
Aug 03 15:47:34 witherspoon avahi-daemon[1003]: Service name conflict for "obmc_console" (/services/obmc_console.service), retrying with "obmc_console #10".
Aug 03 15:47:34 witherspoon avahi-daemon[1003]: Service name conflict for "phosphor_rest" (/services/phosphor_rest.service), retrying with "phosphor_rest #10".
Aug 03 15:47:36 witherspoon avahi-daemon[1003]: Service name conflict for "sftp" (/services/sftp.service), retrying with "sftp #11".
Aug 03 15:47:36 witherspoon avahi-daemon[1003]: Service name conflict for "obmc_console" (/services/obmc_console.service), retrying with "obmc_console #11".
Aug 03 15:47:36 witherspoon avahi-daemon[1003]: Service name conflict for "phosphor_rest" (/services/phosphor_rest.service), retrying with "phosphor_rest #11".
