-- Logs begin at Wed 2017-10-25 18:03:18 UTC, end at Wed 2017-10-25 18:06:06 UTC. --
Oct 25 18:03:18 witherspoon kernel: Booting Linux on physical CPU 0x0
Oct 25 18:03:18 witherspoon kernel: Linux version 4.10.17-da78428ac543d6d9ac2493dfa77364eb300a47cb (jenkins@openbmc-builder1) (gcc version 6.2.0 (GCC) ) #1 Fri Oct 20 20:00:41 UTC 2017
Oct 25 18:03:18 witherspoon kernel: CPU: ARMv6-compatible processor [410fb767] revision 7 (ARMv7), cr=00c5387d
Oct 25 18:03:18 witherspoon kernel: CPU: PIPT / VIPT nonaliasing data cache, VIPT nonaliasing instruction cache
Oct 25 18:03:18 witherspoon kernel: OF: fdt:Machine model: Witherspoon BMC
Oct 25 18:03:18 witherspoon kernel: Memory policy: Data cache writeback
Oct 25 18:03:18 witherspoon kernel: SOC Rev: 04030303
Oct 25 18:03:18 witherspoon kernel: On node 0 totalpages: 110592
Oct 25 18:03:18 witherspoon kernel: free_area_init_node: node 0, pgdat 806018a4, node_mem_map 9ec1a000
Oct 25 18:03:18 witherspoon kernel:   Normal zone: 992 pages used for memmap
Oct 25 18:03:18 witherspoon kernel:   Normal zone: 0 pages reserved
Oct 25 18:03:18 witherspoon kernel:   Normal zone: 110592 pages, LIFO batch:31
Oct 25 18:03:18 witherspoon kernel: pcpu-alloc: s0 r0 d32768 u32768 alloc=1*32768
Oct 25 18:03:18 witherspoon kernel: pcpu-alloc: [0] 0 
Oct 25 18:03:18 witherspoon kernel: Built 1 zonelists in Zone order, mobility grouping on.  Total pages: 109600
Oct 25 18:03:18 witherspoon kernel: Kernel command line: console=ttyS4,115200n8 ubi.mtd=obmc-ubi,0,0,0 ubi.mtd=alt-obmc-ubi,0,0,4 ro rootfstype=squashfs ubi.block=0,0 root=/dev/ubiblock0_0
Oct 25 18:03:18 witherspoon kernel: PID hash table entries: 2048 (order: 1, 8192 bytes)
Oct 25 18:03:18 witherspoon kernel: Dentry cache hash table entries: 65536 (order: 6, 262144 bytes)
Oct 25 18:03:18 witherspoon kernel: Inode-cache hash table entries: 32768 (order: 5, 131072 bytes)
Oct 25 18:03:18 witherspoon kernel: Memory: 431968K/442368K available (4077K kernel code, 281K rwdata, 1188K rodata, 284K init, 111K bss, 10400K reserved, 0K cma-reserved)
Oct 25 18:03:18 witherspoon kernel: Virtual kernel memory layout:
                                        vector  : 0xffff0000 - 0xffff1000   (   4 kB)
                                        fixmap  : 0xffc00000 - 0xfff00000   (3072 kB)
                                        vmalloc : 0x9f800000 - 0xff800000   (1536 MB)
                                        lowmem  : 0x80000000 - 0x9f000000   ( 496 MB)
                                          .text : 0x80008000 - 0x804037e0   (4078 kB)
                                          .init : 0x80587000 - 0x805ce000   ( 284 kB)
                                          .data : 0x805ce000 - 0x806147a8   ( 282 kB)
                                           .bss : 0x806147a8 - 0x80630658   ( 112 kB)
Oct 25 18:03:18 witherspoon kernel: NR_IRQS:16 nr_irqs:16 16
Oct 25 18:03:18 witherspoon kernel: i2c controller registered, irq 16
Oct 25 18:03:18 witherspoon kernel: clocksource: moxart_timer: mask: 0xffffffff max_cycles: 0xffffffff, max_idle_ns: 77222644334 ns
Oct 25 18:03:18 witherspoon kernel: sched_clock: 32 bits at 100 Hz, resolution 10000000ns, wraps every 21474836475000000ns
Oct 25 18:03:18 witherspoon kernel: Calibrating delay loop... 789.70 BogoMIPS (lpj=3948544)
Oct 25 18:03:18 witherspoon kernel: pid_max: default: 32768 minimum: 301
Oct 25 18:03:18 witherspoon kernel: Mount-cache hash table entries: 1024 (order: 0, 4096 bytes)
Oct 25 18:03:18 witherspoon kernel: Mountpoint-cache hash table entries: 1024 (order: 0, 4096 bytes)
Oct 25 18:03:18 witherspoon kernel: CPU: Testing write buffer coherency: ok
Oct 25 18:03:18 witherspoon kernel: ftrace: allocating 14995 entries in 44 pages
Oct 25 18:03:18 witherspoon kernel: Setting up static identity map for 0x80008200 - 0x8000825c
Oct 25 18:03:18 witherspoon kernel: devtmpfs: initialized
Oct 25 18:03:18 witherspoon kernel: clocksource: jiffies: mask: 0xffffffff max_cycles: 0xffffffff, max_idle_ns: 19112604462750000 ns
Oct 25 18:03:18 witherspoon kernel: futex hash table entries: 256 (order: -1, 3072 bytes)
Oct 25 18:03:18 witherspoon kernel: pinctrl core: initialized pinctrl subsystem
Oct 25 18:03:18 witherspoon kernel: NET: Registered protocol family 16
Oct 25 18:03:18 witherspoon kernel: DMA: preallocated 256 KiB pool for atomic coherent allocations
Oct 25 18:03:18 witherspoon kernel: usbcore: registered new interface driver usbfs
Oct 25 18:03:18 witherspoon kernel: usbcore: registered new interface driver hub
Oct 25 18:03:18 witherspoon kernel: usbcore: registered new device driver usb
Oct 25 18:03:18 witherspoon kernel: clocksource: Switched to clocksource moxart_timer
Oct 25 18:03:18 witherspoon kernel: NET: Registered protocol family 2
Oct 25 18:03:18 witherspoon kernel: TCP established hash table entries: 4096 (order: 2, 16384 bytes)
Oct 25 18:03:18 witherspoon kernel: TCP bind hash table entries: 4096 (order: 2, 16384 bytes)
Oct 25 18:03:18 witherspoon kernel: TCP: Hash tables configured (established 4096 bind 4096)
Oct 25 18:03:18 witherspoon kernel: UDP hash table entries: 256 (order: 0, 4096 bytes)
Oct 25 18:03:18 witherspoon kernel: UDP-Lite hash table entries: 256 (order: 0, 4096 bytes)
Oct 25 18:03:18 witherspoon kernel: NET: Registered protocol family 1
Oct 25 18:03:18 witherspoon kernel: workingset: timestamp_bits=30 max_order=17 bucket_order=0
Oct 25 18:03:18 witherspoon kernel: squashfs: version 4.0 (2009/01/31) Phillip Lougher
Oct 25 18:03:18 witherspoon kernel: jffs2: version 2.2. (SUMMARY)  © 2001-2006 Red Hat, Inc.
Oct 25 18:03:18 witherspoon kernel: Block layer SCSI generic (bsg) driver version 0.4 loaded (major 250)
Oct 25 18:03:18 witherspoon kernel: io scheduler noop registered
Oct 25 18:03:18 witherspoon kernel: io scheduler deadline registered
Oct 25 18:03:18 witherspoon kernel: io scheduler cfq registered (default)
Oct 25 18:03:18 witherspoon kernel: ipmi-bt-host 1e789140.ibt: Found bt bmc device
Oct 25 18:03:18 witherspoon kernel: ipmi-bt-host 1e789140.ibt: Using IRQ 22
Oct 25 18:03:18 witherspoon kernel: Serial: 8250/16550 driver, 6 ports, IRQ sharing enabled
Oct 25 18:03:18 witherspoon kernel: 1e787000.vuart: ttyS5 at MMIO 0x1e787000 (irq = 22, base_baud = 1500000) is a 16550A
Oct 25 18:03:18 witherspoon kernel: 1e783000.serial: ttyS0 at MMIO 0x1e783000 (irq = 23, base_baud = 1500000) is a 16550A
Oct 25 18:03:18 witherspoon kernel: 1e78d000.serial: ttyS1 at MMIO 0x1e78d000 (irq = 24, base_baud = 1500000) is a 16550A
Oct 25 18:03:18 witherspoon kernel: 1e784000.serial: ttyS4 at MMIO 0x1e784000 (irq = 25, base_baud = 1500000) is a 16550A
Oct 25 18:03:18 witherspoon kernel: console [ttyS4] enabled
Oct 25 18:03:18 witherspoon kernel: timeriomem_rng 1e6e2078.hwrng: 32bits from 0xf00e2078 @ 1us
Oct 25 18:03:18 witherspoon kernel: random: fast init done
Oct 25 18:03:18 witherspoon kernel: brd: module loaded
Oct 25 18:03:18 witherspoon kernel: loop: module loaded
Oct 25 18:03:18 witherspoon kernel: aspeed-lpc-ctrl 1e789080.lpc-ctrl: Loaded at 0x98000000 (0x04000000)
Oct 25 18:03:18 witherspoon kernel: aspeed-smc 1e620000.flash-controller: Using IRQ 18
Oct 25 18:03:19 witherspoon kernel: aspeed-smc 1e620000.flash-controller: DMA support disabled.
Oct 25 18:03:19 witherspoon kernel: aspeed-smc 1e620000.flash-controller: mx25l25635e (32768 Kbytes)
Oct 25 18:03:19 witherspoon kernel: aspeed-smc 1e620000.flash-controller: CE0 window [ 0x20000000 - 0x22000000 ] 32MB
Oct 25 18:03:19 witherspoon kernel: aspeed-smc 1e620000.flash-controller: CE1 window [ 0x22000000 - 0x2a000000 ] 128MB
Oct 25 18:03:19 witherspoon kernel: 3 ofpart partitions found on MTD device bmc
Oct 25 18:03:19 witherspoon kernel: Creating 3 MTD partitions on "bmc":
Oct 25 18:03:19 witherspoon kernel: 0x000000000000-0x000000060000 : "u-boot"
Oct 25 18:03:19 witherspoon kernel: 0x000000060000-0x000000080000 : "u-boot-env"
Oct 25 18:03:19 witherspoon kernel: 0x000000080000-0x000002000000 : "obmc-ubi"
Oct 25 18:03:19 witherspoon kernel: aspeed-smc 1e620000.flash-controller: mx25l25635e (32768 Kbytes)
Oct 25 18:03:19 witherspoon kernel: aspeed-smc 1e620000.flash-controller: CE1 window [ 0x22000000 - 0x24000000 ] 32MB
Oct 25 18:03:19 witherspoon kernel: aspeed-smc 1e620000.flash-controller: CE2 window [ 0x24000000 - 0x2c000000 ] 128MB
Oct 25 18:03:19 witherspoon kernel: 3 ofpart partitions found on MTD device alt-bmc
Oct 25 18:03:19 witherspoon kernel: Creating 3 MTD partitions on "alt-bmc":
Oct 25 18:03:19 witherspoon kernel: 0x000000000000-0x000000060000 : "alt-u-boot"
Oct 25 18:03:19 witherspoon kernel: 0x000000060000-0x000000080000 : "alt-u-boot-env"
Oct 25 18:03:19 witherspoon kernel: 0x000000080000-0x000002000000 : "alt-obmc-ubi"
Oct 25 18:03:19 witherspoon kernel: random: crng init done
Oct 25 18:03:19 witherspoon kernel: aspeed-smc 1e630000.flash-controller: mx66l1g45g (131072 Kbytes)
Oct 25 18:03:19 witherspoon kernel: aspeed-smc 1e630000.flash-controller: CE0 window resized to 120MB (AST2500 HW quirk)
Oct 25 18:03:19 witherspoon kernel: aspeed-smc 1e630000.flash-controller: CE0 window [ 0x30000000 - 0x37800000 ] 120MB
Oct 25 18:03:19 witherspoon kernel: aspeed-smc 1e630000.flash-controller: CE0 window too small for chip 128MB
Oct 25 18:03:19 witherspoon kernel: aspeed-smc 1e630000.flash-controller: CE1 window [ 0x37800000 - 0x38000000 ] 8MB
Oct 25 18:03:19 witherspoon kernel: libphy: Fixed MDIO Bus: probed
Oct 25 18:03:19 witherspoon kernel: ftgmac100 1e660000.ethernet: Read MAC address 70:e2:84:14:23:e1 from chip
Oct 25 18:03:19 witherspoon kernel: ftgmac100 1e660000.ethernet: Using NCSI interface
Oct 25 18:03:19 witherspoon kernel: ftgmac100 1e660000.ethernet eth0: irq 20, mapped at f0060000
Oct 25 18:03:19 witherspoon kernel: ehci_hcd: USB 2.0 'Enhanced' Host Controller (EHCI) Driver
Oct 25 18:03:19 witherspoon kernel: ehci-platform: EHCI generic platform driver
Oct 25 18:03:19 witherspoon kernel: i2c /dev entries driver
Oct 25 18:03:19 witherspoon kernel: aspeed-i2c-bus 1e78a0c0.i2c-bus: i2c bus 2 registered, irq 26
Oct 25 18:03:19 witherspoon kernel: aspeed-i2c-bus 1e78a100.i2c-bus: i2c bus 3 registered, irq 27
Oct 25 18:03:19 witherspoon kernel: aspeed-i2c-bus 1e78a140.i2c-bus: i2c bus 4 registered, irq 28
Oct 25 18:03:19 witherspoon kernel: aspeed-i2c-bus 1e78a180.i2c-bus: i2c bus 5 registered, irq 29
Oct 25 18:03:19 witherspoon kernel: aspeed-i2c-bus 1e78a380.i2c-bus: i2c bus 9 registered, irq 30
Oct 25 18:03:19 witherspoon kernel: aspeed-i2c-bus 1e78a3c0.i2c-bus: i2c bus 10 registered, irq 31
Oct 25 18:03:19 witherspoon kernel: rtc-rv8803 11-0032: Voltage low, temperature compensation stopped.
Oct 25 18:03:19 witherspoon kernel: rtc-rv8803 11-0032: An alarm maybe have been missed.
Oct 25 18:03:19 witherspoon kernel: rtc-rv8803 11-0032: rtc core: registered rx8900 as rtc0
Oct 25 18:03:19 witherspoon kernel: at24 11-0051: 8192 byte 24c64 EEPROM, writable, 1 bytes/write
Oct 25 18:03:19 witherspoon kernel: aspeed-i2c-bus 1e78a400.i2c-bus: i2c bus 11 registered, irq 32
Oct 25 18:03:19 witherspoon kernel: aspeed-i2c-bus 1e78a440.i2c-bus: i2c bus 12 registered, irq 33
Oct 25 18:03:19 witherspoon kernel: aspeed-i2c-bus 1e78a480.i2c-bus: i2c bus 13 registered, irq 34
Oct 25 18:03:19 witherspoon kernel: Driver for 1-wire Dallas network protocol.
Oct 25 18:03:19 witherspoon kernel: lm75 9-004a: hwmon0: sensor 'tmp275'
Oct 25 18:03:19 witherspoon kernel: ucd9000 11-0064: Device ID UCD90160|2.3.4.0000|110603
Oct 25 18:03:19 witherspoon kernel: leds-pca955x 3-0060: leds-pca955x: Using pca9552 16-bit LED driver at slave address 0x60
Oct 25 18:03:19 witherspoon kernel: leds-pca955x 3-0060: gpios 238...253
Oct 25 18:03:19 witherspoon kernel: leds-pca955x 11-0060: leds-pca955x: Using pca9552 16-bit LED driver at slave address 0x60
Oct 25 18:03:19 witherspoon kernel: leds-pca955x 11-0060: gpios 222...237
Oct 25 18:03:19 witherspoon kernel: usbcore: registered new interface driver usbhid
Oct 25 18:03:19 witherspoon kernel: usbhid: USB HID core driver
Oct 25 18:03:19 witherspoon kernel: NET: Registered protocol family 10
Oct 25 18:03:19 witherspoon kernel: Segment Routing with IPv6
Oct 25 18:03:19 witherspoon kernel: NET: Registered protocol family 17
Oct 25 18:03:19 witherspoon kernel: 8021q: 802.1Q VLAN Support v1.8
Oct 25 18:03:19 witherspoon kernel: input: gpio-keys-polled as /devices/platform/gpio-keys-polled/input/input1
Oct 25 18:03:19 witherspoon kernel: ubi0: default fastmap pool size: 25
Oct 25 18:03:19 witherspoon kernel: ubi0: default fastmap WL pool size: 12
Oct 25 18:03:19 witherspoon kernel: ubi0: attaching mtd3
Oct 25 18:03:19 witherspoon kernel: ubi0: scanning is finished
Oct 25 18:03:19 witherspoon kernel: ubi0: attached mtd3 (name "obmc-ubi", size 31 MiB)
Oct 25 18:03:19 witherspoon kernel: ubi0: PEB size: 65536 bytes (64 KiB), LEB size: 65408 bytes
Oct 25 18:03:19 witherspoon kernel: ubi0: min./max. I/O unit sizes: 1/256, sub-page size 1
Oct 25 18:03:19 witherspoon kernel: ubi0: VID header offset: 64 (aligned 64), data offset: 128
Oct 25 18:03:19 witherspoon kernel: ubi0: good PEBs: 504, bad PEBs: 0, corrupted PEBs: 0
Oct 25 18:03:19 witherspoon kernel: ubi0: user volume: 4, internal volumes: 1, max. volumes count: 128
Oct 25 18:03:19 witherspoon kernel: ubi0: max/mean erase counter: 190/166, WL threshold: 4096, image sequence number: 1358235831
Oct 25 18:03:19 witherspoon kernel: ubi0: available PEBs: 46, total reserved PEBs: 458, PEBs reserved for bad PEB handling: 0
Oct 25 18:03:19 witherspoon kernel: ubi0: background thread "ubi_bgt0d" started, PID 508
Oct 25 18:03:19 witherspoon kernel: ubi4: default fastmap pool size: 25
Oct 25 18:03:19 witherspoon kernel: ubi4: default fastmap WL pool size: 12
Oct 25 18:03:19 witherspoon kernel: ubi4: attaching mtd7
Oct 25 18:03:19 witherspoon kernel: ubi4: scanning is finished
Oct 25 18:03:19 witherspoon kernel: ubi4: attached mtd7 (name "alt-obmc-ubi", size 31 MiB)
Oct 25 18:03:19 witherspoon kernel: ubi4: PEB size: 65536 bytes (64 KiB), LEB size: 65408 bytes
Oct 25 18:03:19 witherspoon kernel: ubi4: min./max. I/O unit sizes: 1/256, sub-page size 1
Oct 25 18:03:19 witherspoon kernel: ubi4: VID header offset: 64 (aligned 64), data offset: 128
Oct 25 18:03:19 witherspoon kernel: ubi4: good PEBs: 504, bad PEBs: 0, corrupted PEBs: 0
Oct 25 18:03:19 witherspoon kernel: ubi4: user volume: 4, internal volumes: 1, max. volumes count: 128
Oct 25 18:03:19 witherspoon kernel: ubi4: max/mean erase counter: 169/135, WL threshold: 4096, image sequence number: 1358235831
Oct 25 18:03:19 witherspoon kernel: ubi4: available PEBs: 46, total reserved PEBs: 458, PEBs reserved for bad PEB handling: 0
Oct 25 18:03:19 witherspoon kernel: ubi4: background thread "ubi_bgt4d" started, PID 514
Oct 25 18:03:19 witherspoon kernel: block ubiblock0_0: created from ubi0:0(rofs-c3c51dcf)
Oct 25 18:03:19 witherspoon kernel: console [netcon0] enabled
Oct 25 18:03:19 witherspoon kernel: netconsole: network logging started
Oct 25 18:03:19 witherspoon kernel: input: gpio-keys as /devices/platform/gpio-keys/input/input2
Oct 25 18:03:19 witherspoon kernel: rtc-rv8803 11-0032: setting system clock to 2017-10-25 18:03:12 UTC (1508954592)
Oct 25 18:03:19 witherspoon kernel: VFS: Mounted root (squashfs filesystem) readonly on device 254:0.
Oct 25 18:03:19 witherspoon kernel: devtmpfs: mounted
Oct 25 18:03:19 witherspoon kernel: Freeing unused kernel memory: 284K
Oct 25 18:03:19 witherspoon kernel: This architecture does not have kernel memory protection.
Oct 25 18:03:19 witherspoon systemd[1]: Failed to insert module 'autofs4': No such file or directory
Oct 25 18:03:19 witherspoon systemd[1]: systemd 232 running in system mode. (+PAM -AUDIT -SELINUX -IMA -APPARMOR -SMACK +SYSVINIT -UTMP -LIBCRYPTSETUP -GCRYPT -GNUTLS +ACL +XZ -LZ4 -SECCOMP +BLKID -ELFUTILS +KMOD -IDN)
Oct 25 18:03:19 witherspoon systemd[1]: Detected architecture arm.
Oct 25 18:03:19 witherspoon systemd[1]: Set hostname to <witherspoon>.
Oct 25 18:03:19 witherspoon systemd[1]: Initializing machine ID from random generator.
Oct 25 18:03:19 witherspoon systemd[1]: Installed transient /etc/machine-id file.
Oct 25 18:03:19 witherspoon systemd[1]: Listening on udev Control Socket.
Oct 25 18:03:19 witherspoon systemd[1]: Started Dispatch Password Requests to Console Directory Watch.
Oct 25 18:03:19 witherspoon systemd[1]: Listening on /dev/initctl Compatibility Named Pipe.
Oct 25 18:03:19 witherspoon systemd[1]: Listening on Journal Socket (/dev/log).
Oct 25 18:03:19 witherspoon systemd[1]: Listening on Network Service Netlink Socket.
Oct 25 18:03:19 witherspoon systemd[1]: Mounted /usr/local.
Oct 25 18:03:19 witherspoon systemd[1]: Mounted /media.
Oct 25 18:03:19 witherspoon systemd-journald[542]: Journal started
Oct 25 18:03:19 witherspoon systemd-journald[542]: Runtime journal (/run/log/journal/321c81b98794435d9d2b5ee2697ab9bc) is 0B, max 0B, 0B free.
Oct 25 18:03:19 witherspoon systemd-sysctl[539]: Couldn't write '16' to 'kernel/sysrq', ignoring: No such file or directory
Oct 25 18:03:20 witherspoon systemd[1]: Started Journal Service.
Oct 25 18:03:20 witherspoon systemd-sysctl[539]: Couldn't write 'fq_codel' to 'net/core/default_qdisc', ignoring: No such file or directory
Oct 25 18:03:20 witherspoon systemd[1]: Started udev Kernel Device Manager.
Oct 25 18:03:21 witherspoon systemd[1]: Started udev Coldplug all Devices.
Oct 25 18:03:22 witherspoon systemd[1]: Found device /dev/aspeed-lpc-ctrl.
Oct 25 18:03:22 witherspoon systemd[1]: Found device /dev/aspeed-mbox.
Oct 25 18:03:22 witherspoon systemd[1]: Found device /dev/ttyS4.
Oct 25 18:03:23 witherspoon systemd[1]: Found device /dev/ttyVUART0.
Oct 25 18:03:24 witherspoon systemd[1]: Created slice system-xyz.openbmc_project.led.controller.slice.
Oct 25 18:03:24 witherspoon systemd[1]: Created slice system-xyz.openbmc_project.Hwmon.slice.
Oct 25 18:03:24 witherspoon systemd[1]: dev-hugepages.mount: Couldn't determine result for ConditionVirtualization=!private-users, assuming failed: No such file or directory
Oct 25 18:03:24 witherspoon systemd[1]: Started Factory reset BMC if reset enabled.
Oct 25 18:03:24 witherspoon systemd[1]: var.mount: Directory /var to mount over is not empty, mounting anyway.
Oct 25 18:03:24 witherspoon systemd[1]: Mounting /var...
Oct 25 18:03:25 witherspoon kernel: UBIFS (ubi0:2): background thread "ubifs_bgt0_2" started, PID 937
Oct 25 18:03:25 witherspoon kernel: UBIFS (ubi0:2): UBIFS: mounted UBI device 0, volume 2, name "rwfs"
Oct 25 18:03:25 witherspoon kernel: UBIFS (ubi0:2): LEB size: 65408 bytes (63 KiB), min./max. I/O unit sizes: 8 bytes/256 bytes
Oct 25 18:03:25 witherspoon kernel: UBIFS (ubi0:2): FS size: 3597440 bytes (3 MiB, 55 LEBs), journal size 719488 bytes (0 MiB, 11 LEBs)
Oct 25 18:03:25 witherspoon kernel: UBIFS (ubi0:2): reserved for root: 0 bytes (0 KiB)
Oct 25 18:03:25 witherspoon kernel: UBIFS (ubi0:2): media format: w4/r0 (latest is w5/r0), UUID F6AF7850-1C6E-4E2A-94BB-A56899CAF080, small LPT model
Oct 25 18:03:25 witherspoon systemd[1]: Mounted /var.
Oct 25 18:03:25 witherspoon systemd[1]: Starting Prepare for overlay fs...
Oct 25 18:03:25 witherspoon systemd[1]: Starting Flush Journal to Persistent Storage...
Oct 25 18:03:25 witherspoon systemd[1]: Mounting /var/volatile...
Oct 25 18:03:25 witherspoon systemd[1]: Mounted /var/volatile.
Oct 25 18:03:25 witherspoon systemd[1]: Starting Load/Save Random Seed...
Oct 25 18:03:25 witherspoon sh[938]: /etc is not a mountpoint
Oct 25 18:03:25 witherspoon systemd[1]: Started Prepare for overlay fs.
Oct 25 18:03:25 witherspoon systemd[1]: Started Load/Save Random Seed.
Oct 25 18:03:25 witherspoon systemd[1]: home.mount: Directory /home to mount over is not empty, mounting anyway.
Oct 25 18:03:25 witherspoon systemd[1]: Mounting /home...
Oct 25 18:03:25 witherspoon systemd[1]: etc.mount: Directory /etc to mount over is not empty, mounting anyway.
Oct 25 18:03:25 witherspoon systemd[1]: Mounting /etc...
Oct 25 18:03:25 witherspoon systemd-journald[542]: Runtime journal (/run/log/journal/321c81b98794435d9d2b5ee2697ab9bc) is 0B, max 0B, 0B free.
Oct 25 18:03:25 witherspoon systemd[1]: Started Flush Journal to Persistent Storage.
Oct 25 18:03:25 witherspoon systemd[1]: Mounted /home.
Oct 25 18:03:25 witherspoon systemd[1]: Mounted /etc.
Oct 25 18:03:25 witherspoon systemd[1]: Reached target Local File Systems.
Oct 25 18:03:25 witherspoon systemd[1]: Starting Create Volatile Files and Directories...
Oct 25 18:03:25 witherspoon systemd[1]: Started Create Volatile Files and Directories.
Oct 25 18:03:26 witherspoon systemd[1]: Starting Network Time Synchronization...
Oct 25 18:03:26 witherspoon systemd[1]: Started Network Time Synchronization.
Oct 25 18:03:26 witherspoon systemd[1]: Reached target System Initialization.
Oct 25 18:03:26 witherspoon systemd[1]: Listening on Phosphor DBUS Browser socket.
Oct 25 18:03:26 witherspoon systemd[1]: Listening on Phosphor Webserver socket.
Oct 25 18:03:26 witherspoon systemd[1]: Listening on D-Bus System Message Bus Socket.
Oct 25 18:03:26 witherspoon systemd[1]: Listening on dropbear.socket.
Oct 25 18:03:26 witherspoon systemd[1]: Listening on Phosphor Host Console SSH Per-Connection socket.
Oct 25 18:03:26 witherspoon systemd[1]: Listening on phosphor-ipmi-net.socket.
Oct 25 18:03:26 witherspoon systemd[1]: Listening on Avahi mDNS/DNS-SD Stack Activation Socket.
Oct 25 18:03:26 witherspoon systemd[1]: Reached target Sockets.
Oct 25 18:03:26 witherspoon systemd[1]: Reached target Basic System.
Oct 25 18:03:26 witherspoon systemd[1]: Starting Phosphor Log Manager...
Oct 25 18:03:26 witherspoon systemd[1]: Started D-Bus System Message Bus.
Oct 25 18:03:27 witherspoon systemd[1]: Started Phosphor sysfs LED controller.
Oct 25 18:03:27 witherspoon systemd[1]: Started Phosphor Console Muxer listening on device /dev/ttyVUART0.
Oct 25 18:03:27 witherspoon systemd[1]: Started Phosphor sysfs LED controller.
Oct 25 18:03:27 witherspoon systemd[1]: Starting Phosphor IPMI BT DBus Bridge...
Oct 25 18:03:27 witherspoon systemd[1]: Starting Phosphor Inventory Manager...
Oct 25 18:03:28 witherspoon systemd[1]: Starting Check PNOR UBI format...
Oct 25 18:03:28 witherspoon systemd[1]: Started Phosphor Dump core monitor..
Oct 25 18:03:28 witherspoon systemd[1]: Started Phosphor sysfs LED controller.
Oct 25 18:03:28 witherspoon systemd[1]: Started Phosphor sysfs LED controller.
Oct 25 18:03:28 witherspoon systemd[1]: Started Kernel Logging Service.
Oct 25 18:03:28 witherspoon systemd[1]: Starting Phosphor BMC0 Control...
Oct 25 18:03:28 witherspoon systemd[1]: Reached target Containers.
Oct 25 18:03:29 witherspoon systemd[1]: Starting Phosphor Inventory Manager...
Oct 25 18:03:29 witherspoon systemd[1]: Starting Avahi mDNS/DNS-SD Stack...
Oct 25 18:03:29 witherspoon systemd[1]: Started Phosphor sysfs LED controller.
Oct 25 18:03:29 witherspoon systemd[1]: Starting Phosphor LED Group Management Daemon...
Oct 25 18:03:29 witherspoon systemd[1]: Starting Phosphor Sensor Manager...
Oct 25 18:03:29 witherspoon systemd[1]: Starting Phosphor DBus Service Discovery Manager...
Oct 25 18:03:29 witherspoon kernel[972]: klogd started: BusyBox v1.24.1 (2017-10-11 20:44:07 UTC)
Oct 25 18:03:29 witherspoon kernel[972]: [    0.000000] Booting Linux on physical CPU 0x0
Oct 25 18:03:29 witherspoon kernel[972]: [    0.000000] Linux version 4.10.17-da78428ac543d6d9ac2493dfa77364eb300a47cb (jenkins@openbmc-builder1) (gcc version 6.2.0 (GCC) ) #1 Fri Oct 20 20:00:41 UTC 2017
Oct 25 18:03:29 witherspoon kernel[972]: [    0.000000] CPU: ARMv6-compatible processor [410fb767] revision 7 (ARMv7), cr=00c5387d
Oct 25 18:03:29 witherspoon kernel[972]: [    0.000000] CPU: PIPT / VIPT nonaliasing data cache, VIPT nonaliasing instruction cache
Oct 25 18:03:29 witherspoon kernel[972]: [    0.000000] OF: fdt:Machine model: Witherspoon BMC
Oct 25 18:03:29 witherspoon kernel[972]: [    0.000000] Memory policy: Data cache writeback
Oct 25 18:03:29 witherspoon kernel[972]: [    0.000000] SOC Rev: 04030303
Oct 25 18:03:29 witherspoon kernel[972]: [    0.000000] On node 0 totalpages: 110592
Oct 25 18:03:29 witherspoon kernel[972]: [    0.000000] free_area_init_node: node 0, pgdat 806018a4, node_mem_map 9ec1a000
Oct 25 18:03:29 witherspoon systemd[1]: Started Phosphor sysfs LED controller.
Oct 25 18:03:29 witherspoon kernel[972]: [    0.000000]   Normal zone: 992 pages used for memmap
Oct 25 18:03:29 witherspoon systemd[1]: Started Phosphor sysfs LED controller.
Oct 25 18:03:29 witherspoon kernel[972]: [    0.000000]   Normal zone: 0 pages reserved
Oct 25 18:03:30 witherspoon systemd[1]: Starting Phosphor Download Manager...
Oct 25 18:03:29 witherspoon kernel[972]: [    0.000000]   Normal zone: 110592 pages, LIFO batch:31
Oct 25 18:03:30 witherspoon systemd[1]: Starting Phosphor Network Manager...
Oct 25 18:03:29 witherspoon kernel[972]: [    0.000000] pcpu-alloc: s0 r0 d32768 u32768 alloc=1*32768
Oct 25 18:03:30 witherspoon systemd[1]: Starting Phosphor Dump Manager...
Oct 25 18:03:29 witherspoon kernel[972]: [    0.000000] pcpu-alloc: [0] 0
Oct 25 18:03:30 witherspoon systemd[1]: Starting Phosphor Download Manager...
Oct 25 18:03:29 witherspoon kernel[972]: [    0.000000] Built 1 zonelists in Zone order, mobility grouping on.  Total pages: 109600
Oct 25 18:03:30 witherspoon systemd[1]: Starting Phosphor Chassis0 Control...
Oct 25 18:03:29 witherspoon kernel[972]: [    0.000000] Kernel command line: console=ttyS4,115200n8 ubi.mtd=obmc-ubi,0,0,0 ubi.mtd=alt-obmc-ubi,0,0,4 ro rootfstype=squashfs ubi.block=0,0 root=/dev/ubiblock0_0
Oct 25 18:03:30 witherspoon systemd[1]: Started Phosphor sysfs LED controller.
Oct 25 18:03:29 witherspoon kernel[972]: [    0.000000] PID hash table entries: 2048 (order: 1, 8192 bytes)
Oct 25 18:03:30 witherspoon systemd[1]: Started Hardware RNG Entropy Gatherer Daemon.
Oct 25 18:03:29 witherspoon kernel[972]: [    0.000000] Dentry cache hash table entries: 65536 (order: 6, 262144 bytes)
Oct 25 18:03:30 witherspoon systemd[1]: Starting Phosphor Settings Daemon...
Oct 25 18:03:29 witherspoon kernel[972]: [    0.000000] Inode-cache hash table entries: 32768 (order: 5, 131072 bytes)
Oct 25 18:03:30 witherspoon systemd[1]: Starting Phosphor User Manager...
Oct 25 18:03:33 witherspoon kernel: ubi8: default fastmap pool size: 100
Oct 25 18:03:33 witherspoon kernel: ubi8: default fastmap WL pool size: 50
Oct 25 18:03:33 witherspoon kernel: ubi8: attaching mtd8
Oct 25 18:03:29 witherspoon kernel[972]: [    0.000000] Memory: 431968K/442368K available (4077K kernel code, 281K rwdata, 1188K rodata, 284K init, 111K bss, 10400K reserved, 0K cma-reserved)
Oct 25 18:03:30 witherspoon systemd[1]: Starting Remount the squashfs and ubi volumes after a reboot...
Oct 25 18:03:29 witherspoon kernel[972]: [    0.000000] Virtual kernel memory layout:
Oct 25 18:03:31 witherspoon systemd[1]: Starting Clear one time boot overrides...
Oct 25 18:03:29 witherspoon kernel[972]: [    0.000000]     vector  : 0xffff0000 - 0xffff1000   (   4 kB)
Oct 25 18:03:31 witherspoon systemd[1]: Starting Network Service...
Oct 25 18:03:29 witherspoon kernel[972]: [    0.000000]     fixmap  : 0xffc00000 - 0xfff00000   (3072 kB)
Oct 25 18:03:31 witherspoon systemd[1]: Started Daily Cleanup of Temporary Directories.
Oct 25 18:03:29 witherspoon kernel[972]: [    0.000000]     vmalloc : 0x9f800000 - 0xff800000   (1536 MB)
Oct 25 18:03:31 witherspoon systemd[1]: Reached target Timers.
Oct 25 18:03:29 witherspoon kernel[972]: [    0.000000]     lowmem  : 0x80000000 - 0x9f000000   ( 496 MB)
Oct 25 18:03:31 witherspoon systemd[1]: Started System Logging Service.
Oct 25 18:03:29 witherspoon kernel[972]: [    0.000000]       .text : 0x80008000 - 0x804037e0   (4078 kB)
Oct 25 18:03:35 witherspoon kernel: 8021q: adding VLAN 0 to HW filter on device eth0
Oct 25 18:03:35 witherspoon kernel: ubi8: scanning is finished
Oct 25 18:03:35 witherspoon kernel: ubi8: attached mtd8 (name "pnor", size 128 MiB)
Oct 25 18:03:35 witherspoon kernel: ubi8: PEB size: 65536 bytes (64 KiB), LEB size: 65408 bytes
Oct 25 18:03:35 witherspoon kernel: ubi8: min./max. I/O unit sizes: 1/256, sub-page size 1
Oct 25 18:03:35 witherspoon kernel: ubi8: VID header offset: 64 (aligned 64), data offset: 128
Oct 25 18:03:35 witherspoon kernel: ubi8: good PEBs: 2048, bad PEBs: 0, corrupted PEBs: 0
Oct 25 18:03:35 witherspoon kernel: ubi8: user volume: 6, internal volumes: 1, max. volumes count: 128
Oct 25 18:03:35 witherspoon kernel: ubi8: max/mean erase counter: 42/29, WL threshold: 4096, image sequence number: 91395301
Oct 25 18:03:35 witherspoon kernel: ubi8: available PEBs: 468, total reserved PEBs: 1580, PEBs reserved for bad PEB handling: 0
Oct 25 18:03:35 witherspoon kernel: ubi8: background thread "ubi_bgt8d" started, PID 1029
Oct 25 18:03:31 witherspoon systemd[1]: Started Phosphor sysfs LED controller.
Oct 25 18:03:29 witherspoon kernel[972]: [    0.000000]       .init : 0x80587000 - 0x805ce000   ( 284 kB)
Oct 25 18:03:35 witherspoon obmc-flash-bios[996]: UBI device number 8, total 2048 LEBs (133955584 bytes, 127.8 MiB), available 468 LEBs (30610944 bytes, 29.2 MiB), LEB size 65408 bytes (63.9 KiB)
Oct 25 18:03:32 witherspoon systemd[1]: Started Phosphor sysfs LED controller.
Oct 25 18:03:29 witherspoon kernel[972]: [    0.000000]       .data : 0x805ce000 - 0x806147a8   ( 282 kB)
Oct 25 18:03:32 witherspoon systemd[1]: Starting Set U-Boot environment variable...
Oct 25 18:03:29 witherspoon kernel[972]: [    0.000000]        .bss : 0x806147a8 - 0x80630658   ( 112 kB)
Oct 25 18:03:32 witherspoon systemd[1]: Reached target System Time Synchronized.
Oct 25 18:03:29 witherspoon kernel[972]: [    0.000000] NR_IRQS:16 nr_irqs:16 16
Oct 25 18:03:32 witherspoon systemd[1]: Started Check PNOR UBI format.
Oct 25 18:03:37 witherspoon obmc-mtu-override[1015]: net.ipv6.conf.all.disable_ipv6 = 1
Oct 25 18:03:29 witherspoon kernel[972]: [    0.000000] i2c controller registered, irq 16
Oct 25 18:03:32 witherspoon systemd[1]: Started Phosphor IPMI BT DBus Bridge.
Oct 25 18:03:29 witherspoon kernel[972]: [    0.000000] clocksource: moxart_timer: mask: 0xffffffff max_cycles: 0xffffffff, max_idle_ns: 77222644334 ns
Oct 25 18:03:32 witherspoon systemd[1]: Started Phosphor Log Manager.
Oct 25 18:03:38 witherspoon kernel: ftgmac100 1e660000.ethernet eth0: ncsi: removed vlan tag 0 at index 1
Oct 25 18:03:38 witherspoon kernel: ftgmac100 1e660000.ethernet eth0: ncsi: removed vlan tag 0 at index 2
Oct 25 18:03:38 witherspoon kernel: ftgmac100 1e660000.ethernet eth0: no vlan ids left to set
Oct 25 18:03:38 witherspoon kernel: ftgmac100 1e660000.ethernet eth0: NCSI interface up
Oct 25 18:03:29 witherspoon kernel[972]: [    0.000000] sched_clock: 32 bits at 100 Hz, resolution 10000000ns, wraps every 21474836475000000ns
Oct 25 18:03:32 witherspoon systemd[1]: Started Phosphor Inventory Manager.
Oct 25 18:03:29 witherspoon kernel[972]: [    0.090000] Calibrating delay loop... 789.70 BogoMIPS (lpj=3948544)
Oct 25 18:03:32 witherspoon systemd[1]: Started Avahi mDNS/DNS-SD Stack.
Oct 25 18:03:29 witherspoon kernel[972]: [    0.090000] pid_max: default: 32768 minimum: 301
Oct 25 18:03:32 witherspoon systemd[1]: Started Phosphor Download Manager.
Oct 25 18:03:29 witherspoon kernel[972]: [    0.090000] Mount-cache hash table entries: 1024 (order: 0, 4096 bytes)
Oct 25 18:03:32 witherspoon systemd[1]: Started Phosphor User Manager.
Oct 25 18:03:29 witherspoon kernel[972]: [    0.090000] Mountpoint-cache hash table entries: 1024 (order: 0, 4096 bytes)
Oct 25 18:03:32 witherspoon systemd[1]: Started Phosphor Settings Daemon.
Oct 25 18:03:29 witherspoon kernel[972]: [    0.090000] CPU: Testing write buffer coherency: ok
Oct 25 18:03:32 witherspoon systemd[1]: Started Phosphor LED Group Management Daemon.
Oct 25 18:03:29 witherspoon kernel[972]: [    0.090000] ftrace: allocating 14995 entries in 44 pages
Oct 25 18:03:33 witherspoon systemd[1]: Started Phosphor Dump Manager.
Oct 25 18:03:29 witherspoon kernel[972]: [    0.120000] Setting up static identity map for 0x80008200 - 0x8000825c
Oct 25 18:03:34 witherspoon systemd-networkd[1000]: Enumeration completed
Oct 25 18:03:29 witherspoon kernel[972]: [    0.120000] devtmpfs: initialized
Oct 25 18:03:34 witherspoon systemd[1]: Started Network Service.
Oct 25 18:03:29 witherspoon kernel[972]: [    0.140000] clocksource: jiffies: mask: 0xffffffff max_cycles: 0xffffffff, max_idle_ns: 19112604462750000 ns
Oct 25 18:03:34 witherspoon systemd[1]: Starting Override eth0 MTU for ssh workaround...
Oct 25 18:03:29 witherspoon kernel[972]: [    0.140000] futex hash table entries: 256 (order: -1, 3072 bytes)
Oct 25 18:03:34 witherspoon systemd[1]: Reached target Network.
Oct 25 18:03:29 witherspoon kernel[972]: [    0.140000] pinctrl core: initialized pinctrl subsystem
Oct 25 18:03:34 witherspoon systemd[1]: Starting Permit User Sessions...
Oct 25 18:03:29 witherspoon kernel[972]: [    0.140000] NET: Registered protocol family 16
Oct 25 18:03:34 witherspoon systemd-networkd[1000]: eth0: IPv6 enabled for interface: Success
Oct 25 18:03:29 witherspoon kernel[972]: [    0.140000] DMA: preallocated 256 KiB pool for atomic coherent allocations
Oct 25 18:03:34 witherspoon systemd[1]: Started Lightweight SLP Server.
Oct 25 18:03:29 witherspoon kernel[972]: [    0.210000] usbcore: registered new interface driver usbfs
Oct 25 18:03:35 witherspoon systemd[1]: Started Override eth0 MTU for ssh workaround.
Oct 25 18:03:29 witherspoon kernel[972]: [    0.210000] usbcore: registered new interface driver hub
Oct 25 18:03:35 witherspoon systemd-networkd[1000]: eth0: Gained carrier
Oct 25 18:03:29 witherspoon kernel[972]: [    0.210000] usbcore: registered new device driver usb
Oct 25 18:03:35 witherspoon systemd-networkd[1000]: eth0: Removing non-existent address: fe80::72e2:84ff:fe14:23e1/64 (valid forever)
Oct 25 18:03:29 witherspoon kernel[972]: [    0.220000] clocksource: Switched to clocksource moxart_timer
Oct 25 18:03:35 witherspoon systemd-timesyncd[957]: Network configuration changed, trying to establish connection.
Oct 25 18:03:29 witherspoon kernel[972]: [    0.230000] NET: Registered protocol family 2
Oct 25 18:03:35 witherspoon systemd[1]: Started Permit User Sessions.
Oct 25 18:03:29 witherspoon kernel[972]: [    0.230000] TCP established hash table entries: 4096 (order: 2, 16384 bytes)
Oct 25 18:03:35 witherspoon systemd[1]: Started Serial Getty on ttyS4.
Oct 25 18:03:29 witherspoon kernel[972]: [    0.230000] TCP bind hash table entries: 4096 (order: 2, 16384 bytes)
Oct 25 18:03:35 witherspoon systemd[1]: Reached target Login Prompts.
Oct 25 18:03:29 witherspoon kernel[972]: [    0.230000] TCP: Hash tables configured (established 4096 bind 4096)
Oct 25 18:03:36 witherspoon systemd[1]: Started Set U-Boot environment variable.
Oct 25 18:03:29 witherspoon kernel[972]: [    0.230000] UDP hash table entries: 256 (order: 0, 4096 bytes)
Oct 25 18:03:37 witherspoon systemd[1]: Starting Remount the ubi volume after a reboot...
Oct 25 18:03:29 witherspoon kernel[972]: [    0.230000] UDP-Lite hash table entries: 256 (order: 0, 4096 bytes)
Oct 25 18:03:38 witherspoon systemd[1]: Started Phosphor BMC0 Control.
Oct 25 18:03:29 witherspoon kernel[972]: [    0.230000] NET: Registered protocol family 1
Oct 25 18:03:29 witherspoon kernel[972]: [    0.240000] workingset: timestamp_bits=30 max_order=17 bucket_order=0
Oct 25 18:03:29 witherspoon kernel[972]: [    0.240000] squashfs: version 4.0 (2009/01/31) Phillip Lougher
Oct 25 18:03:29 witherspoon kernel[972]: [    0.240000] jffs2: version 2.2. (SUMMARY)  © 2001-2006 Red Hat, Inc.
Oct 25 18:03:29 witherspoon kernel[972]: [    0.240000] Block layer SCSI generic (bsg) driver version 0.4 loaded (major 250)
Oct 25 18:03:29 witherspoon kernel[972]: [    0.240000] io scheduler noop registered
Oct 25 18:03:29 witherspoon kernel[972]: [    0.240000] io scheduler deadline registered
Oct 25 18:03:29 witherspoon kernel[972]: [    0.240000] io scheduler cfq registered (default)
Oct 25 18:03:29 witherspoon kernel[972]: [    0.260000] ipmi-bt-host 1e789140.ibt: Found bt bmc device
Oct 25 18:03:29 witherspoon kernel[972]: [    0.260000] ipmi-bt-host 1e789140.ibt: Using IRQ 22
Oct 25 18:03:29 witherspoon kernel[972]: [    0.260000] Serial: 8250/16550 driver, 6 ports, IRQ sharing enabled
Oct 25 18:03:29 witherspoon kernel[972]: [    0.290000] 1e787000.vuart: ttyS5 at MMIO 0x1e787000 (irq = 22, base_baud = 1500000) is a 16550A
Oct 25 18:03:29 witherspoon kernel[972]: [    0.290000] 1e783000.serial: ttyS0 at MMIO 0x1e783000 (irq = 23, base_baud = 1500000) is a 16550A
Oct 25 18:03:29 witherspoon kernel[972]: [    0.290000] 1e78d000.serial: ttyS1 at MMIO 0x1e78d000 (irq = 24, base_baud = 1500000) is a 16550A
Oct 25 18:03:29 witherspoon kernel[972]: [    0.290000] 1e784000.serial: ttyS4 at MMIO 0x1e784000 (irq = 25, base_baud = 1500000) is a 16550A
Oct 25 18:03:29 witherspoon kernel[972]: [    0.640000] console [ttyS4] enabled
Oct 25 18:03:29 witherspoon kernel[972]: [    0.780000] timeriomem_rng 1e6e2078.hwrng: 32bits from 0xf00e2078 @ 1us
Oct 25 18:03:29 witherspoon kernel[972]: [    0.800000] random: fast init done
Oct 25 18:03:29 witherspoon kernel[972]: [    0.830000] brd: module loaded
Oct 25 18:03:29 witherspoon kernel[972]: [    0.860000] loop: module loaded
Oct 25 18:03:29 witherspoon kernel[972]: [    0.860000] aspeed-lpc-ctrl 1e789080.lpc-ctrl: Loaded at 0x98000000 (0x04000000)
Oct 25 18:03:29 witherspoon kernel[972]: [    0.870000] aspeed-smc 1e620000.flash-controller: Using IRQ 18
Oct 25 18:03:29 witherspoon kernel[972]: [    0.870000] aspeed-smc 1e620000.flash-controller: DMA support disabled.
Oct 25 18:03:29 witherspoon kernel[972]: [    0.890000] aspeed-smc 1e620000.flash-controller: mx25l25635e (32768 Kbytes)
Oct 25 18:03:29 witherspoon kernel[972]: [    0.890000] aspeed-smc 1e620000.flash-controller: CE0 window [ 0x20000000 - 0x22000000 ] 32MB
Oct 25 18:03:29 witherspoon kernel[972]: [    0.890000] aspeed-smc 1e620000.flash-controller: CE1 window [ 0x22000000 - 0x2a000000 ] 128MB
Oct 25 18:03:29 witherspoon kernel[972]: [    0.910000] 3 ofpart partitions found on MTD device bmc
Oct 25 18:03:29 witherspoon kernel[972]: [    0.910000] Creating 3 MTD partitions on "bmc":
Oct 25 18:03:29 witherspoon kernel[972]: [    0.910000] 0x000000000000-0x000000060000 : "u-boot"
Oct 25 18:03:29 witherspoon kernel[972]: [    0.910000] 0x000000060000-0x000000080000 : "u-boot-env"
Oct 25 18:03:29 witherspoon kernel[972]: [    0.950000] 0x000000080000-0x000002000000 : "obmc-ubi"
Oct 25 18:03:29 witherspoon kernel[972]: [    0.950000] aspeed-smc 1e620000.flash-controller: mx25l25635e (32768 Kbytes)
Oct 25 18:03:29 witherspoon kernel[972]: [    0.960000] aspeed-smc 1e620000.flash-controller: CE1 window [ 0x22000000 - 0x24000000 ] 32MB
Oct 25 18:03:29 witherspoon kernel[972]: [    0.960000] aspeed-smc 1e620000.flash-controller: CE2 window [ 0x24000000 - 0x2c000000 ] 128MB
Oct 25 18:03:29 witherspoon kernel[972]: [    0.980000] 3 ofpart partitions found on MTD device alt-bmc
Oct 25 18:03:29 witherspoon kernel[972]: [    0.980000] Creating 3 MTD partitions on "alt-bmc":
Oct 25 18:03:29 witherspoon kernel[972]: [    0.980000] 0x000000000000-0x000000060000 : "alt-u-boot"
Oct 25 18:03:29 witherspoon kernel[972]: [    1.010000] 0x000000060000-0x000000080000 : "alt-u-boot-env"
Oct 25 18:03:29 witherspoon kernel[972]: [    1.010000] 0x000000080000-0x000002000000 : "alt-obmc-ubi"
Oct 25 18:03:29 witherspoon kernel[972]: [    1.020000] random: crng init done
Oct 25 18:03:29 witherspoon kernel[972]: [    1.030000] aspeed-smc 1e630000.flash-controller: mx66l1g45g (131072 Kbytes)
Oct 25 18:03:29 witherspoon kernel[972]: [    1.040000] aspeed-smc 1e630000.flash-controller: CE0 window resized to 120MB (AST2500 HW quirk)
Oct 25 18:03:29 witherspoon kernel[972]: [    1.040000] aspeed-smc 1e630000.flash-controller: CE0 window [ 0x30000000 - 0x37800000 ] 120MB
Oct 25 18:03:29 witherspoon kernel[972]: [    1.060000] aspeed-smc 1e630000.flash-controller: CE0 window too small for chip 128MB
Oct 25 18:03:29 witherspoon kernel[972]: [    1.060000] aspeed-smc 1e630000.flash-controller: CE1 window [ 0x37800000 - 0x38000000 ] 8MB
Oct 25 18:03:29 witherspoon kernel[972]: [    1.830000] libphy: Fixed MDIO Bus: probed
Oct 25 18:03:29 witherspoon kernel[972]: [    1.830000] ftgmac100 1e660000.ethernet: Read MAC address 70:e2:84:14:23:e1 from chip
Oct 25 18:03:29 witherspoon kernel[972]: [    1.830000] ftgmac100 1e660000.ethernet: Using NCSI interface
Oct 25 18:03:29 witherspoon kernel[972]: [    1.830000] ftgmac100 1e660000.ethernet eth0: irq 20, mapped at f0060000
Oct 25 18:03:29 witherspoon kernel[972]: [    1.830000] ehci_hcd: USB 2.0 'Enhanced' Host Controller (EHCI) Driver
Oct 25 18:03:29 witherspoon kernel[972]: [    1.830000] ehci-platform: EHCI generic platform driver
Oct 25 18:03:29 witherspoon kernel[972]: [    2.040000] i2c /dev entries driver
Oct 25 18:03:29 witherspoon kernel[972]: [    2.040000] aspeed-i2c-bus 1e78a0c0.i2c-bus: i2c bus 2 registered, irq 26
Oct 25 18:03:29 witherspoon kernel[972]: [    2.040000] aspeed-i2c-bus 1e78a100.i2c-bus: i2c bus 3 registered, irq 27
Oct 25 18:03:29 witherspoon kernel[972]: [    2.040000] aspeed-i2c-bus 1e78a140.i2c-bus: i2c bus 4 registered, irq 28
Oct 25 18:03:29 witherspoon kernel[972]: [    2.040000] aspeed-i2c-bus 1e78a180.i2c-bus: i2c bus 5 registered, irq 29
Oct 25 18:03:29 witherspoon kernel[972]: [    2.040000] aspeed-i2c-bus 1e78a380.i2c-bus: i2c bus 9 registered, irq 30
Oct 25 18:03:29 witherspoon kernel[972]: [    2.040000] aspeed-i2c-bus 1e78a3c0.i2c-bus: i2c bus 10 registered, irq 31
Oct 25 18:03:29 witherspoon kernel[972]: [    2.040000] rtc-rv8803 11-0032: Voltage low, temperature compensation stopped.
Oct 25 18:03:29 witherspoon kernel[972]: [    2.040000] rtc-rv8803 11-0032: An alarm maybe have been missed.
Oct 25 18:03:29 witherspoon kernel[972]: [    2.140000] rtc-rv8803 11-0032: rtc core: registered rx8900 as rtc0
Oct 25 18:03:29 witherspoon kernel[972]: [    2.150000] at24 11-0051: 8192 byte 24c64 EEPROM, writable, 1 bytes/write
Oct 25 18:03:29 witherspoon kernel[972]: [    2.150000] aspeed-i2c-bus 1e78a400.i2c-bus: i2c bus 11 registered, irq 32
Oct 25 18:03:29 witherspoon kernel[972]: [    2.150000] aspeed-i2c-bus 1e78a440.i2c-bus: i2c bus 12 registered, irq 33
Oct 25 18:03:29 witherspoon kernel[972]: [    2.150000] aspeed-i2c-bus 1e78a480.i2c-bus: i2c bus 13 registered, irq 34
Oct 25 18:03:29 witherspoon kernel[972]: [    2.150000] Driver for 1-wire Dallas network protocol.
Oct 25 18:03:29 witherspoon kernel[972]: [    2.150000] lm75 9-004a: hwmon0: sensor 'tmp275'
Oct 25 18:03:29 witherspoon kernel[972]: [    3.980000] ucd9000 11-0064: Device ID UCD90160|2.3.4.0000|110603
Oct 25 18:03:29 witherspoon kernel[972]: [    4.680000] leds-pca955x 3-0060: leds-pca955x: Using pca9552 16-bit LED driver at slave address 0x60
Oct 25 18:03:29 witherspoon kernel[972]: [    4.690000] leds-pca955x 3-0060: gpios 238...253
Oct 25 18:03:29 witherspoon kernel[972]: [    4.700000] leds-pca955x 11-0060: leds-pca955x: Using pca9552 16-bit LED driver at slave address 0x60
Oct 25 18:03:29 witherspoon kernel[972]: [    4.710000] leds-pca955x 11-0060: gpios 222...237
Oct 25 18:03:29 witherspoon kernel[972]: [    4.720000] usbcore: registered new interface driver usbhid
Oct 25 18:03:29 witherspoon kernel[972]: [    4.720000] usbhid: USB HID core driver
Oct 25 18:03:29 witherspoon kernel[972]: [    4.780000] NET: Registered protocol family 10
Oct 25 18:03:29 witherspoon kernel[972]: [    4.780000] Segment Routing with IPv6
Oct 25 18:03:29 witherspoon kernel[972]: [    4.790000] NET: Registered protocol family 17
Oct 25 18:03:29 witherspoon kernel[972]: [    4.790000] 8021q: 802.1Q VLAN Support v1.8
Oct 25 18:03:29 witherspoon kernel[972]: [    4.810000] input: gpio-keys-polled as /devices/platform/gpio-keys-polled/input/input1
Oct 25 18:03:29 witherspoon kernel[972]: [    4.830000] ubi0: default fastmap pool size: 25
Oct 25 18:03:29 witherspoon kernel[972]: [    4.840000] ubi0: default fastmap WL pool size: 12
Oct 25 18:03:29 witherspoon kernel[972]: [    4.840000] ubi0: attaching mtd3
Oct 25 18:03:29 witherspoon kernel[972]: [    4.850000] ubi0: scanning is finished
Oct 25 18:03:29 witherspoon kernel[972]: [    4.870000] ubi0: attached mtd3 (name "obmc-ubi", size 31 MiB)
Oct 25 18:03:29 witherspoon kernel[972]: [    4.870000] ubi0: PEB size: 65536 bytes (64 KiB), LEB size: 65408 bytes
Oct 25 18:03:29 witherspoon kernel[972]: [    4.890000] ubi0: min./max. I/O unit sizes: 1/256, sub-page size 1
Oct 25 18:03:29 witherspoon kernel[972]: [    4.890000] ubi0: VID header offset: 64 (aligned 64), data offset: 128
Oct 25 18:03:41 witherspoon kernel: ubi: ubi0 already exists
Oct 25 18:03:41 witherspoon systemd[1]: Started Clear one time boot overrides.
Oct 25 18:03:29 witherspoon kernel[972]: [    4.890000] ubi0: good PEBs: 504, bad PEBs: 0, corrupted PEBs: 0
Oct 25 18:03:29 witherspoon kernel[972]: [    4.890000] ubi0: user volume: 4, internal volumes: 1, max. volumes count: 128
Oct 25 18:03:29 witherspoon kernel[972]: [    4.920000] ubi0: max/mean erase counter: 190/166, WL threshold: 4096, image sequence number: 1358235831
Oct 25 18:03:29 witherspoon kernel[972]: [    4.920000] ubi0: available PEBs: 46, total reserved PEBs: 458, PEBs reserved for bad PEB handling: 0
Oct 25 18:03:29 witherspoon kernel[972]: [    4.920000] ubi0: background thread "ubi_bgt0d" started, PID 508
Oct 25 18:03:29 witherspoon kernel[972]: [    4.920000] ubi4: default fastmap pool size: 25
Oct 25 18:03:29 witherspoon kernel[972]: [    4.920000] ubi4: default fastmap WL pool size: 12
Oct 25 18:03:29 witherspoon kernel[972]: [    4.950000] ubi4: attaching mtd7
Oct 25 18:03:29 witherspoon kernel[972]: [    4.990000] ubi4: scanning is finished
Oct 25 18:03:29 witherspoon kernel[972]: [    5.030000] ubi4: attached mtd7 (name "alt-obmc-ubi", size 31 MiB)
Oct 25 18:03:29 witherspoon kernel[972]: [    5.030000] ubi4: PEB size: 65536 bytes (64 KiB), LEB size: 65408 bytes
Oct 25 18:03:29 witherspoon kernel[972]: [    5.030000] ubi4: min./max. I/O unit sizes: 1/256, sub-page size 1
Oct 25 18:03:29 witherspoon kernel[972]: [    5.030000] ubi4: VID header offset: 64 (aligned 64), data offset: 128
Oct 25 18:03:29 witherspoon kernel[972]: [    5.030000] ubi4: good PEBs: 504, bad PEBs: 0, corrupted PEBs: 0
Oct 25 18:03:29 witherspoon kernel[972]: [    5.080000] ubi4: user volume: 4, internal volumes: 1, max. volumes count: 128
Oct 25 18:03:29 witherspoon kernel[972]: [    5.080000] ubi4: max/mean erase counter: 169/135, WL threshold: 4096, image sequence number: 1358235831
Oct 25 18:03:29 witherspoon kernel[972]: [    5.080000] ubi4: available PEBs: 46, total reserved PEBs: 458, PEBs reserved for bad PEB handling: 0
Oct 25 18:03:29 witherspoon kernel[972]: [    5.080000] ubi4: background thread "ubi_bgt4d" started, PID 514
Oct 25 18:03:29 witherspoon kernel[972]: [    7.890000] block ubiblock0_0: created from ubi0:0(rofs-c3c51dcf)
Oct 25 18:03:29 witherspoon kernel[972]: [    7.890000] console [netcon0] enabled
Oct 25 18:03:29 witherspoon kernel[972]: [    7.890000] netconsole: network logging started
Oct 25 18:03:29 witherspoon kernel[972]: [    7.890000] input: gpio-keys as /devices/platform/gpio-keys/input/input2
Oct 25 18:03:29 witherspoon kernel[972]: [    7.890000] rtc-rv8803 11-0032: setting system clock to 2017-10-25 18:03:12 UTC (1508954592)
Oct 25 18:03:29 witherspoon kernel[972]: [    7.890000] VFS: Mounted root (squashfs filesystem) readonly on device 254:0.
Oct 25 18:03:29 witherspoon kernel[972]: [    7.890000] devtmpfs: mounted
Oct 25 18:03:29 witherspoon kernel[972]: [    7.890000] Freeing unused kernel memory: 284K
Oct 25 18:03:29 witherspoon kernel[972]: [    7.890000] This architecture does not have kernel memory protection.
Oct 25 18:03:29 witherspoon kernel[972]: [    9.690000] systemd[1]: Failed to insert module 'autofs4': No such file or directory
Oct 25 18:03:29 witherspoon kernel[972]: [    9.860000] systemd[1]: systemd 232 running in system mode. (+PAM -AUDIT -SELINUX -IMA -APPARMOR -SMACK +SYSVINIT -UTMP -LIBCRYPTSETUP -GCRYPT -GNUTLS +ACL +XZ -LZ4 -SECCOMP +BLKID -ELFUTILS +KMOD -IDN)
Oct 25 18:03:29 witherspoon kernel[972]: [    9.860000] systemd[1]: Detected architecture arm.
Oct 25 18:03:29 witherspoon kernel[972]: [   10.030000] systemd[1]: Set hostname to <witherspoon>.
Oct 25 18:03:29 witherspoon kernel[972]: [   10.060000] systemd[1]: Initializing machine ID from random generator.
Oct 25 18:03:29 witherspoon kernel[972]: [   10.090000] systemd[1]: Installed transient /etc/machine-id file.
Oct 25 18:03:29 witherspoon kernel[972]: [   11.680000] systemd[1]: Listening on udev Control Socket.
Oct 25 18:03:29 witherspoon kernel[972]: [   11.840000] systemd[1]: Started Dispatch Password Requests to Console Directory Watch.
Oct 25 18:03:29 witherspoon kernel[972]: [   11.880000] systemd[1]: Listening on /dev/initctl Compatibility Named Pipe.
Oct 25 18:03:29 witherspoon kernel[972]: [   11.920000] systemd[1]: Listening on Journal Socket (/dev/log).
Oct 25 18:03:29 witherspoon kernel[972]: [   11.960000] systemd[1]: Listening on Network Service Netlink Socket.
Oct 25 18:03:29 witherspoon kernel[972]: [   14.950000] systemd[1]: Mounted /usr/local.
Oct 25 18:03:29 witherspoon kernel[972]: [   14.950000] systemd[1]: Mounted /media.
Oct 25 18:03:29 witherspoon kernel[972]: [   15.380000] systemd[1]: Started Journal Service.
Oct 25 18:03:29 witherspoon kernel[972]: [   20.460000] UBIFS (ubi0:2): background thread "ubifs_bgt0_2" started, PID 937
Oct 25 18:03:29 witherspoon kernel[972]: [   20.460000] UBIFS (ubi0:2): UBIFS: mounted UBI device 0, volume 2, name "rwfs"
Oct 25 18:03:29 witherspoon kernel[972]: [   20.460000] UBIFS (ubi0:2): LEB size: 65408 bytes (63 KiB), min./max. I/O unit sizes: 8 bytes/256 bytes
Oct 25 18:03:29 witherspoon kernel[972]: [   20.460000] UBIFS (ubi0:2): FS size: 3597440 bytes (3 MiB, 55 LEBs), journal size 719488 bytes (0 MiB, 11 LEBs)
Oct 25 18:03:29 witherspoon kernel[972]: [   20.460000] UBIFS (ubi0:2): reserved for root: 0 bytes (0 KiB)
Oct 25 18:03:29 witherspoon kernel[972]: [   20.510000] UBIFS (ubi0:2): media format: w4/r0 (latest is w5/r0), UUID F6AF7850-1C6E-4E2A-94BB-A56899CAF080, small LPT model
Oct 25 18:03:29 witherspoon kernel[972]: [   21.100000] systemd-journald[542]: Received request to flush runtime journal from PID 1
Oct 25 18:03:30 witherspoon avahi-daemon[979]: Found user 'avahi' (UID 999) and group 'avahi' (GID 999).
Oct 25 18:03:30 witherspoon avahi-daemon[979]: Successfully dropped root privileges.
Oct 25 18:03:30 witherspoon avahi-daemon[979]: avahi-daemon 0.6.32 starting up.
Oct 25 18:03:30 witherspoon avahi-daemon[979]: Successfully called chroot().
Oct 25 18:03:30 witherspoon avahi-daemon[979]: Successfully dropped remaining capabilities.
Oct 25 18:03:31 witherspoon avahi-daemon[979]: Loading service file /services/obmc_console.service.
Oct 25 18:03:31 witherspoon avahi-daemon[979]: Loading service file /services/phosphor_rest.service.
Oct 25 18:03:31 witherspoon avahi-daemon[979]: Loading service file /services/sftp-ssh.service.
Oct 25 18:03:31 witherspoon avahi-daemon[979]: Loading service file /services/sftp.service.
Oct 25 18:03:31 witherspoon avahi-daemon[979]: Loading service file /services/ssh.service.
Oct 25 18:03:31 witherspoon avahi-daemon[979]: Network interface enumeration completed.
Oct 25 18:03:31 witherspoon avahi-daemon[979]: Server startup complete. Host name is witherspoon.local. Local service cookie is 3318529008.
Oct 25 18:03:31 witherspoon avahi-daemon[979]: Service "witherspoon" (/services/ssh.service) successfully established.
Oct 25 18:03:31 witherspoon avahi-daemon[979]: Service "sftp" (/services/sftp.service) successfully established.
Oct 25 18:03:31 witherspoon avahi-daemon[979]: Service "witherspoon" (/services/sftp-ssh.service) successfully established.
Oct 25 18:03:31 witherspoon avahi-daemon[979]: Service "phosphor_rest" (/services/phosphor_rest.service) successfully established.
Oct 25 18:03:31 witherspoon avahi-daemon[979]: Service "obmc_console" (/services/obmc_console.service) successfully established.
Oct 25 18:03:33 witherspoon kernel[972]: [   28.720000] ubi8: default fastmap pool size: 100
Oct 25 18:03:33 witherspoon kernel[972]: [   28.720000] ubi8: default fastmap WL pool size: 50
Oct 25 18:03:33 witherspoon kernel[972]: [   28.720000] ubi8: attaching mtd8
Oct 25 18:03:34 witherspoon kernel[972]: [   30.350000] 8021q: adding VLAN 0 to HW filter on device eth0
Oct 25 18:03:35 witherspoon kernel[972]: [   30.680000] ubi8: scanning is finished
Oct 25 18:03:35 witherspoon kernel[972]: [   30.750000] ubi8: attached mtd8 (name "pnor", size 128 MiB)
Oct 25 18:03:35 witherspoon kernel[972]: [   30.750000] ubi8: PEB size: 65536 bytes (64 KiB), LEB size: 65408 bytes
Oct 25 18:03:35 witherspoon kernel[972]: [   30.750000] ubi8: min./max. I/O unit sizes: 1/256, sub-page size 1
Oct 25 18:03:35 witherspoon kernel[972]: [   30.750000] ubi8: VID header offset: 64 (aligned 64), data offset: 128
Oct 25 18:03:35 witherspoon kernel[972]: [   30.750000] ubi8: good PEBs: 2048, bad PEBs: 0, corrupted PEBs: 0
Oct 25 18:03:35 witherspoon kernel[972]: [   30.750000] ubi8: user volume: 6, internal volumes: 1, max. volumes count: 128
Oct 25 18:03:35 witherspoon kernel[972]: [   30.750000] ubi8: max/mean erase counter: 42/29, WL threshold: 4096, image sequence number: 91395301
Oct 25 18:03:35 witherspoon kernel[972]: [   30.750000] ubi8: available PEBs: 468, total reserved PEBs: 1580, PEBs reserved for bad PEB handling: 0
Oct 25 18:03:35 witherspoon avahi-daemon[979]: Joining mDNS multicast group on interface eth0.IPv4 with address 9.3.86.161.
Oct 25 18:03:35 witherspoon avahi-daemon[979]: New relevant interface eth0.IPv4 for mDNS.
Oct 25 18:03:35 witherspoon avahi-daemon[979]: Registering new address record for 9.3.86.161 on eth0.IPv4.
Oct 25 18:03:35 witherspoon kernel[972]: [   30.820000] ubi8: background thread "ubi_bgt8d" started, PID 1029
Oct 25 18:03:38 witherspoon kernel[972]: [   33.880000] ftgmac100 1e660000.ethernet eth0: ncsi: removed vlan tag 0 at index 1
Oct 25 18:03:38 witherspoon kernel[972]: [   33.880000] ftgmac100 1e660000.ethernet eth0: ncsi: removed vlan tag 0 at index 2
Oct 25 18:03:38 witherspoon kernel[972]: [   33.880000] ftgmac100 1e660000.ethernet eth0: no vlan ids left to set
Oct 25 18:03:38 witherspoon kernel[972]: [   33.880000] ftgmac100 1e660000.ethernet eth0: NCSI interface up
Oct 25 18:03:41 witherspoon kernel[972]: [   34.230000] ubi: ubi0 already exists
Oct 25 18:03:45 witherspoon systemd[1]: Created slice system-dropbear.slice.
Oct 25 18:03:45 witherspoon systemd[1]: Started SSH Per-Connection Server (9.41.165.94:42432).
Oct 25 18:03:46 witherspoon dropbear[1093]: Failed loading /var/lib/dropbear/dropbear_rsa_host_key
Oct 25 18:03:46 witherspoon dropbear[1093]: Failed loading /etc/dropbear/dropbear_dss_host_key
Oct 25 18:03:46 witherspoon dropbear[1093]: Failed loading /etc/dropbear/dropbear_ecdsa_host_key
Oct 25 18:03:46 witherspoon dropbear[1093]: Child connection from ::ffff:9.41.165.94:42432
Oct 25 18:03:51 witherspoon kernel: ubi: ubi4 already exists
Oct 25 18:03:51 witherspoon kernel: block ubiblock8_0: created from ubi8:0(pnor-ro-7a9ef57c)
Oct 25 18:03:51 witherspoon kernel[972]: [   37.090000] ubi: ubi4 already exists
Oct 25 18:03:51 witherspoon kernel[972]: [   46.690000] block ubiblock8_0: created from ubi8:0(pnor-ro-7a9ef57c)
Oct 25 18:03:52 witherspoon dropbear[1093]: PAM password auth succeeded for 'root' from ::ffff:9.41.165.94:42432
Oct 25 18:03:56 witherspoon systemd[1]: Started Phosphor Download Manager.
Oct 25 18:03:56 witherspoon download_manager.py[986]: Running Download Manager
Oct 25 18:03:59 witherspoon sensor_manager2.py[982]: Setting boot count to 3
Oct 25 18:03:59 witherspoon sensor_manager2.py[982]: Starting sensor manager
Oct 25 18:03:59 witherspoon systemd[1]: Started Phosphor Sensor Manager.
Oct 25 18:03:59 witherspoon chassis_control.py[990]: Running ChassisControlService
Oct 25 18:03:59 witherspoon systemd[1]: Started Phosphor Chassis0 Control.
Oct 25 18:04:01 witherspoon inventory_items.py[965]: Loading from cache: /var/cache/obmc/org.openbmc.inventory.system.chassis.motherboard.bmc@org.openbmc.InventoryItem.props
Oct 25 18:04:01 witherspoon inventory_items.py[965]: Caching: /org/openbmc/inventory/system/chassis/motherboard/bmc
Oct 25 18:04:01 witherspoon systemd[1]: Started Phosphor Inventory Manager.
Oct 25 18:04:01 witherspoon inventory_items.py[965]: Running Inventory Manager
Oct 25 18:04:01 witherspoon kernel: block ubiblock8_1: created from ubi8:1(pnor-ro-8764baa3)
Oct 25 18:04:01 witherspoon kernel[972]: [   56.830000] block ubiblock8_1: created from ubi8:1(pnor-ro-8764baa3)
Oct 25 18:04:02 witherspoon systemd[1]: Started Phosphor Network Manager.
Oct 25 18:04:02 witherspoon netman.py[987]: Started
Oct 25 18:04:03 witherspoon kernel: UBIFS (ubi8:2): UBIFS: mounted UBI device 8, volume 2, name "pnor-prsv"
Oct 25 18:04:03 witherspoon kernel: UBIFS (ubi8:2): LEB size: 65408 bytes (63 KiB), min./max. I/O unit sizes: 8 bytes/256 bytes
Oct 25 18:04:03 witherspoon kernel: UBIFS (ubi8:2): FS size: 1504384 bytes (1 MiB, 23 LEBs), journal size 523265 bytes (0 MiB, 6 LEBs)
Oct 25 18:04:03 witherspoon kernel: UBIFS (ubi8:2): reserved for root: 71055 bytes (69 KiB)
Oct 25 18:04:03 witherspoon kernel: UBIFS (ubi8:2): media format: w5/r0 (latest is w5/r0), UUID 36B3B1E1-197C-4042-A5BB-1F5E6D63DF0B, small LPT model
Oct 25 18:04:03 witherspoon kernel: UBIFS (ubi8:4): UBIFS: mounted UBI device 8, volume 4, name "pnor-rw-8764baa3"
Oct 25 18:04:03 witherspoon kernel: UBIFS (ubi8:4): LEB size: 65408 bytes (63 KiB), min./max. I/O unit sizes: 8 bytes/256 bytes
Oct 25 18:04:03 witherspoon kernel: UBIFS (ubi8:4): FS size: 16155776 bytes (15 MiB, 247 LEBs), journal size 784896 bytes (0 MiB, 12 LEBs)
Oct 25 18:04:03 witherspoon kernel: UBIFS (ubi8:4): reserved for root: 763076 bytes (745 KiB)
Oct 25 18:04:03 witherspoon kernel: UBIFS (ubi8:4): media format: w5/r0 (latest is w5/r0), UUID F587F7F2-1BEE-4E77-9577-250237C0F0BC, small LPT model
Oct 25 18:04:03 witherspoon kernel[972]: [   58.220000] UBIFS (ubi8:2): UBIFS: mounted UBI device 8, volume 2, name "pnor-prsv"
Oct 25 18:04:03 witherspoon kernel[972]: [   58.220000] UBIFS (ubi8:2): LEB size: 65408 bytes (63 KiB), min./max. I/O unit sizes: 8 bytes/256 bytes
Oct 25 18:04:03 witherspoon kernel[972]: [   58.220000] UBIFS (ubi8:2): FS size: 1504384 bytes (1 MiB, 23 LEBs), journal size 523265 bytes (0 MiB, 6 LEBs)
Oct 25 18:04:03 witherspoon kernel[972]: [   58.220000] UBIFS (ubi8:2): reserved for root: 71055 bytes (69 KiB)
Oct 25 18:04:03 witherspoon kernel[972]: [   58.220000] UBIFS (ubi8:2): media format: w5/r0 (latest is w5/r0), UUID 36B3B1E1-197C-4042-A5BB-1F5E6D63DF0B, small LPT model
Oct 25 18:04:03 witherspoon kernel[972]: [   58.220000] UBIFS (ubi8:4): UBIFS: mounted UBI device 8, volume 4, name "pnor-rw-8764baa3"
Oct 25 18:04:03 witherspoon kernel[972]: [   58.220000] UBIFS (ubi8:4): LEB size: 65408 bytes (63 KiB), min./max. I/O unit sizes: 8 bytes/256 bytes
Oct 25 18:04:03 witherspoon kernel[972]: [   58.220000] UBIFS (ubi8:4): FS size: 16155776 bytes (15 MiB, 247 LEBs), journal size 784896 bytes (0 MiB, 12 LEBs)
Oct 25 18:04:03 witherspoon kernel[972]: [   58.220000] UBIFS (ubi8:4): reserved for root: 763076 bytes (745 KiB)
Oct 25 18:04:03 witherspoon kernel[972]: [   58.220000] UBIFS (ubi8:4): media format: w5/r0 (latest is w5/r0), UUID F587F7F2-1BEE-4E77-9577-250237C0F0BC, small LPT model
Oct 25 18:04:03 witherspoon phosphor-mapper[983]: ObjectMapper startup complete.  Discovery in progress...
Oct 25 18:04:03 witherspoon avahi-daemon[991]: ../../avahi-0.6.32/avahi-daemon/chroot.c: open() failed: No such file or directory
Oct 25 18:04:03 witherspoon avahi-daemon[979]: Failed to open /usr/share/dbus-1/interfaces/org.freedesktop.Avahi.Server.xml: Invalid argument
Oct 25 18:04:03 witherspoon avahi-daemon[979]: Failed to load introspection data.
Oct 25 18:04:03 witherspoon kernel: UBIFS (ubi8:4): background thread "ubifs_bgt8_4" started, PID 1137
Oct 25 18:04:03 witherspoon kernel: UBIFS (ubi8:2): background thread "ubifs_bgt8_2" started, PID 1124
Oct 25 18:04:03 witherspoon kernel[972]: [   58.690000] UBIFS (ubi8:4): background thread "ubifs_bgt8_4" started, PID 1137
Oct 25 18:04:03 witherspoon kernel[972]: [   58.690000] UBIFS (ubi8:2): background thread "ubifs_bgt8_2" started, PID 1124
Oct 25 18:04:04 witherspoon systemd[1]: Started Remount the squashfs and ubi volumes after a reboot.
Oct 25 18:04:05 witherspoon kernel: UBIFS (ubi8:5): UBIFS: mounted UBI device 8, volume 5, name "pnor-rw-7a9ef57c"
Oct 25 18:04:05 witherspoon kernel: UBIFS (ubi8:5): LEB size: 65408 bytes (63 KiB), min./max. I/O unit sizes: 8 bytes/256 bytes
Oct 25 18:04:05 witherspoon kernel: UBIFS (ubi8:5): FS size: 16155776 bytes (15 MiB, 247 LEBs), journal size 784896 bytes (0 MiB, 12 LEBs)
Oct 25 18:04:05 witherspoon kernel: UBIFS (ubi8:5): reserved for root: 763076 bytes (745 KiB)
Oct 25 18:04:05 witherspoon kernel: UBIFS (ubi8:5): media format: w5/r0 (latest is w5/r0), UUID 904AA0DA-EE42-403C-B44D-8FB80359592C, small LPT model
Oct 25 18:04:05 witherspoon kernel: UBIFS (ubi8:5): background thread "ubifs_bgt8_5" started, PID 1146
Oct 25 18:04:05 witherspoon kernel[972]: [   60.140000] UBIFS (ubi8:5): UBIFS: mounted UBI device 8, volume 5, name "pnor-rw-7a9ef57c"
Oct 25 18:04:05 witherspoon kernel[972]: [   60.140000] UBIFS (ubi8:5): LEB size: 65408 bytes (63 KiB), min./max. I/O unit sizes: 8 bytes/256 bytes
Oct 25 18:04:05 witherspoon kernel[972]: [   60.140000] UBIFS (ubi8:5): FS size: 16155776 bytes (15 MiB, 247 LEBs), journal size 784896 bytes (0 MiB, 12 LEBs)
Oct 25 18:04:05 witherspoon kernel[972]: [   60.140000] UBIFS (ubi8:5): reserved for root: 763076 bytes (745 KiB)
Oct 25 18:04:05 witherspoon kernel[972]: [   60.140000] UBIFS (ubi8:5): media format: w5/r0 (latest is w5/r0), UUID 904AA0DA-EE42-403C-B44D-8FB80359592C, small LPT model
Oct 25 18:04:05 witherspoon kernel[972]: [   60.140000] UBIFS (ubi8:5): background thread "ubifs_bgt8_5" started, PID 1146
Oct 25 18:04:18 witherspoon kernel: block ubiblock4_0: created from ubi4:0(rofs-96ad31f1)
Oct 25 18:04:18 witherspoon kernel[972]: [   73.340000] block ubiblock4_0: created from ubi4:0(rofs-96ad31f1)
Oct 25 18:04:19 witherspoon systemd[1]: Started Remount the ubi volume after a reboot.
Oct 25 18:04:19 witherspoon systemd[1]: Reached target Multi-User System.
Oct 25 18:04:22 witherspoon phosphor-mapper[983]: ObjectMapper discovery complete
Oct 25 18:04:22 witherspoon systemd[1]: Started Phosphor DBus Service Discovery Manager.
Oct 25 18:04:22 witherspoon systemd[1]: Started Phosphor Hwmon Poller.
Oct 25 18:04:22 witherspoon systemd[1]: Started Phosphor Hwmon Poller.
Oct 25 18:04:22 witherspoon systemd[1]: Reached target Phosphor Object Mapper.
Oct 25 18:04:22 witherspoon systemd[1]: Starting Wait for /xyz/openbmc_project/inventory/system/chassis/power_supply1...
Oct 25 18:04:22 witherspoon systemd[1]: Starting Wait for /xyz/openbmc_project/control/host0/boot...
Oct 25 18:04:22 witherspoon systemd[1]: Starting Wait for /xyz/openbmc_project/control/host0...
Oct 25 18:04:22 witherspoon systemd[1]: Reached target Webserver (pre).
Oct 25 18:04:22 witherspoon systemd[1]: Started Phosphor Webserver.
Oct 25 18:04:23 witherspoon systemd[1]: Starting Wait for /xyz/openbmc_project/state/chassis0...
Oct 25 18:04:23 witherspoon systemd[1]: Starting Wait for /org/openbmc/managers/System...
Oct 25 18:04:23 witherspoon systemd[1]: Starting Wait for /xyz/openbmc_project/control/host0/boot/one_time...
Oct 25 18:04:23 witherspoon systemd[1]: Starting Phosphor Network Manager...
Oct 25 18:04:23 witherspoon systemd[1]: Starting Phoshpor System Manager...
Oct 25 18:04:23 witherspoon systemd[1]: Starting Wait for /org/openbmc/control/bmc0...
Oct 25 18:04:23 witherspoon systemd[1]: Starting Wait for /xyz/openbmc_project/led/groups...
Oct 25 18:04:23 witherspoon systemd[1]: Started Phosphor DBus Monitor.
Oct 25 18:04:23 witherspoon systemd[1]: Starting Wait for /xyz/openbmc_project/time/owner...
Oct 25 18:04:23 witherspoon systemd[1]: Starting Wait for /xyz/openbmc_project/led/groups/bmc_booted...
Oct 25 18:04:23 witherspoon systemd[1]: Starting Wait for /xyz/openbmc_project/time/sync_method...
Oct 25 18:04:24 witherspoon systemd[1]: Starting OpenBMC Software Update Manager...
Oct 25 18:04:24 witherspoon systemd[1]: Starting OpenPower Software Update Manager...
Oct 25 18:04:24 witherspoon systemd[1]: Starting Wait for /xyz/openbmc_project/inventory/system/chassis/power_supply0...
Oct 25 18:04:24 witherspoon systemd[1]: Starting Wait for /xyz/openbmc_project/control/host0/restriction_mode...
Oct 25 18:04:24 witherspoon systemd[1]: Starting Phosphor Settings Manager...
Oct 25 18:04:25 witherspoon phosphor-network-manager[1178]: ConfigParser: Key not found
Oct 25 18:04:25 witherspoon phosphor-network-manager[1178]: The operation failed internally.
Oct 25 18:04:25 witherspoon phosphor-network-manager[1178]: Exception occured during getting of DHCP value
Oct 25 18:04:25 witherspoon phosphor-network-manager[1178]: ConfigParser: Key not found
Oct 25 18:04:25 witherspoon phosphor-network-manager[1178]: The operation failed internally.
Oct 25 18:04:25 witherspoon phosphor-network-manager[1178]: Unable to find the NTP server configuration.
Oct 25 18:04:25 witherspoon systemd[1]: Starting Wait for /xyz/openbmc_project/control/host0/auto_reboot...
Oct 25 18:04:25 witherspoon systemd[1]: Starting Wait for /org/openbmc/control/power0...
Oct 25 18:04:25 witherspoon systemd[1]: Starting Wait for /xyz/openbmc_project/control/host0/power_restore_policy...
Oct 25 18:04:25 witherspoon systemd[1]: Starting Wait for /xyz/openbmc_project/network/config...
Oct 25 18:04:25 witherspoon systemd[1]: Starting Wait for /org/openbmc/managers/Download...
Oct 25 18:04:25 witherspoon systemd[1]: Starting Wait for /xyz/openbmc_project/state/host0...
Oct 25 18:04:25 witherspoon systemd[1]: Starting Wait for /xyz/openbmc_project/inventory...
Oct 25 18:04:25 witherspoon systemd[1]: Started Phosphor Hwmon Poller.
Oct 25 18:04:25 witherspoon systemd[1]: Started Phosphor Hwmon Poller.
Oct 25 18:04:25 witherspoon systemd[1]: Started Phosphor Hwmon Poller.
Oct 25 18:04:25 witherspoon systemd[1]: Started Phosphor Hwmon Poller.
Oct 25 18:04:26 witherspoon systemd[1]: Started Phosphor Hwmon Poller.
Oct 25 18:04:26 witherspoon systemd[1]: Started Phosphor Hwmon Poller.
Oct 25 18:04:26 witherspoon systemd[1]: Started Wait for /xyz/openbmc_project/inventory/system/chassis/power_supply1.
Oct 25 18:04:26 witherspoon systemd[1]: Started Wait for /xyz/openbmc_project/control/host0/boot.
Oct 25 18:04:26 witherspoon systemd[1]: Started Wait for /xyz/openbmc_project/control/host0/boot/one_time.
Oct 25 18:04:26 witherspoon systemd[1]: Started Wait for /org/openbmc/control/bmc0.
Oct 25 18:04:26 witherspoon systemd[1]: Started Wait for /xyz/openbmc_project/led/groups.
Oct 25 18:04:26 witherspoon systemd[1]: Started Wait for /xyz/openbmc_project/time/owner.
Oct 25 18:04:26 witherspoon systemd[1]: Started Wait for /xyz/openbmc_project/led/groups/bmc_booted.
Oct 25 18:04:26 witherspoon systemd[1]: Started Phosphor Network Manager.
Oct 25 18:04:26 witherspoon systemd[1]: Started FRU Fault monitor service.
Oct 25 18:04:27 witherspoon dbus[960]: [system] Activating via systemd: service name='org.freedesktop.hostname1' unit='dbus-org.freedesktop.hostname1.service'
Oct 25 18:04:27 witherspoon systemd[1]: Starting Hostname Service...
Oct 25 18:04:27 witherspoon systemd[1]: Started Wait for /xyz/openbmc_project/inventory/system/chassis/power_supply0.
Oct 25 18:04:27 witherspoon systemd[1]: Started Wait for /xyz/openbmc_project/control/host0/restriction_mode.
Oct 25 18:04:27 witherspoon systemd[1]: Started Wait for /xyz/openbmc_project/time/sync_method.
Oct 25 18:04:30 witherspoon dbus[960]: [system] Successfully activated service 'org.freedesktop.hostname1'
Oct 25 18:04:30 witherspoon systemd[1]: Started Hostname Service.
Oct 25 18:04:30 witherspoon systemd[1]: Started OpenPower Software Update Manager.
Oct 25 18:04:30 witherspoon systemd[1]: Starting Updates symlinks for active PNOR version...
Oct 25 18:04:30 witherspoon systemd[1]: Starting Create a ubi volume for pnor patches...
Oct 25 18:04:31 witherspoon systemd[1]: Started Wait for /xyz/openbmc_project/control/host0/power_restore_policy.
Oct 25 18:04:31 witherspoon systemd[1]: Started Wait for /xyz/openbmc_project/inventory.
Oct 25 18:04:31 witherspoon systemd[1]: Started Phosphor GPIO 0 Presence.
Oct 25 18:04:31 witherspoon systemd[1]: Starting OpenPOWER OCC controller...
Oct 25 18:04:31 witherspoon systemd[1]: Starting Phosphor MAX31785 MSL...
Oct 25 18:04:31 witherspoon systemd[1]: Started Phosphor Cooling Type.
Oct 25 18:04:32 witherspoon systemd[1]: Started Phosphor GPIO 1 Presence.
Oct 25 18:04:32 witherspoon systemd[1]: Starting Read OpenPOWER-format VPD from EEPROM...
Oct 25 18:04:32 witherspoon phosphor-gpio-presence[1224]: Updating inventory present property
Oct 25 18:04:33 witherspoon kernel: UBIFS (ubi8:3): UBIFS: mounted UBI device 8, volume 3, name "pnor-patch"
Oct 25 18:04:33 witherspoon kernel: UBIFS (ubi8:3): LEB size: 65408 bytes (63 KiB), min./max. I/O unit sizes: 8 bytes/256 bytes
Oct 25 18:04:33 witherspoon kernel: UBIFS (ubi8:3): FS size: 16155776 bytes (15 MiB, 247 LEBs), journal size 784896 bytes (0 MiB, 12 LEBs)
Oct 25 18:04:33 witherspoon kernel: UBIFS (ubi8:3): reserved for root: 763076 bytes (745 KiB)
Oct 25 18:04:33 witherspoon kernel: UBIFS (ubi8:3): media format: w5/r0 (latest is w5/r0), UUID 4D589EF4-9175-4F76-B384-1965B1D7B962, small LPT model
Oct 25 18:04:33 witherspoon kernel[972]: [   89.250000] UBIFS (ubi8:3): UBIFS: mounted UBI device 8, volume 3, name "pnor-patch"
Oct 25 18:04:33 witherspoon kernel[972]: [   89.250000] UBIFS (ubi8:3): LEB size: 65408 bytes (63 KiB), min./max. I/O unit sizes: 8 bytes/256 bytes
Oct 25 18:04:33 witherspoon kernel[972]: [   89.250000] UBIFS (ubi8:3): FS size: 16155776 bytes (15 MiB, 247 LEBs), journal size 784896 bytes (0 MiB, 12 LEBs)
Oct 25 18:04:33 witherspoon kernel[972]: [   89.250000] UBIFS (ubi8:3): reserved for root: 763076 bytes (745 KiB)
Oct 25 18:04:33 witherspoon kernel[972]: [   89.250000] UBIFS (ubi8:3): media format: w5/r0 (latest is w5/r0), UUID 4D589EF4-9175-4F76-B384-1965B1D7B962, small LPT model
Oct 25 18:04:33 witherspoon kernel: UBIFS (ubi8:3): background thread "ubifs_bgt8_3" started, PID 1241
Oct 25 18:04:33 witherspoon kernel[972]: [   89.360000] UBIFS (ubi8:3): background thread "ubifs_bgt8_3" started, PID 1241
Oct 25 18:04:34 witherspoon systemd[1]: Started Updates symlinks for active PNOR version.
Oct 25 18:04:34 witherspoon phosphor-gpio-presence[1228]: Updating inventory present property
Oct 25 18:04:34 witherspoon systemd[1]: Started Create a ubi volume for pnor patches.
Oct 25 18:04:34 witherspoon systemd[1]: Started Phosphor MBOX Daemon.
Oct 25 18:04:40 witherspoon system_manager.py[1179]: Running System State: BASE_APPS
Oct 25 18:04:40 witherspoon systemd[1]: Started Wait for /xyz/openbmc_project/control/host0/auto_reboot.
Oct 25 18:04:40 witherspoon systemd[1]: Started Wait for /org/openbmc/managers/Download.
Oct 25 18:04:41 witherspoon system_manager.py[1179]: SystemManager Init Done
Oct 25 18:04:41 witherspoon system_manager.py[1179]: Running SystemManager
Oct 25 18:04:40 witherspoon systemd[1]: Starting Phosphor BMC Code Update...
Oct 25 18:04:40 witherspoon systemd[1]: Started Phoshpor System Manager.
Oct 25 18:04:44 witherspoon systemd[1]: Starting Set U-Boot environment variable...
Oct 25 18:04:44 witherspoon systemd[1]: Created slice system-obmc\x2dflash\x2dbmc\x2dupdateubootvars.slice.
Oct 25 18:04:44 witherspoon systemd[1]: Starting Updates the u-boot variable to point BMC version to 96ad31f1...
Oct 25 18:04:45 witherspoon systemd[1]: Starting Set U-Boot environment variable...
Oct 25 18:04:45 witherspoon systemd[1]: Started OpenBMC Software Update Manager.
Oct 25 18:04:45 witherspoon systemd[1]: Starting Phosphor Version Software Manager...
Oct 25 18:04:46 witherspoon systemd[1]: Started Phosphor Version Software Manager.
Oct 25 18:04:46 witherspoon systemd[1]: Started Set U-Boot environment variable.
Oct 25 18:04:48 witherspoon systemd[1]: Started Set U-Boot environment variable.
Oct 25 18:04:51 witherspoon systemd[1]: Started Updates the u-boot variable to point BMC version to 96ad31f1.
Oct 25 18:04:51 witherspoon systemd[1]: Started OpenPOWER OCC controller.
Oct 25 18:04:52 witherspoon systemd[1]: Started Phosphor MAX31785 MSL.
Oct 25 18:04:53 witherspoon systemd[1]: Started Phosphor BMC Code Update.
Oct 25 18:04:53 witherspoon bmc_update.py[1248]: Running Bmc Flash Control
Oct 25 18:04:53 witherspoon system_manager.py[1179]: SystemManager Goto System State: BMC_STARTING
Oct 25 18:04:53 witherspoon system_manager.py[1179]: Running System State: BMC_STARTING
Oct 25 18:04:53 witherspoon settings_manager.py[1195]: Running HostSettingsService
Oct 25 18:04:53 witherspoon systemd[1]: Started Phosphor Settings Manager.
Oct 25 18:04:53 witherspoon systemd[1]: Starting Wait for /org/openbmc/settings/host0...
Oct 25 18:04:57 witherspoon systemd[1]: Started Read OpenPOWER-format VPD from EEPROM.
Oct 25 18:04:57 witherspoon systemd[1]: Starting Sync system/chassis/motherboard/uuid...
Oct 25 18:05:02 witherspoon systemd[1]: Started Sync system/chassis/motherboard/uuid.
Oct 25 18:05:03 witherspoon systemd[1]: Started Wait for /xyz/openbmc_project/network/config.
Oct 25 18:05:03 witherspoon systemd[1]: Starting Sync system/chassis/motherboard/bmc/ethernet...
Oct 25 18:05:04 witherspoon phosphor-gevent[1172]: Traceback (most recent call last):
Oct 25 18:05:04 witherspoon phosphor-gevent[1172]:   File "/usr/lib/python2.7/site-packages/gevent/greenlet.py", line 327, in run
Oct 25 18:05:04 witherspoon phosphor-gevent[1172]:     result = self._run(*self.args, **self.kwargs)
Oct 25 18:05:04 witherspoon phosphor-gevent[1172]:   File "/usr/lib/python2.7/site-packages/gevent/server.py", line 102, in wrap_socket_and_handle
Oct 25 18:05:04 witherspoon phosphor-gevent[1172]:     ssl_socket = self.wrap_socket(client_socket, **self.ssl_args)
Oct 25 18:05:04 witherspoon phosphor-gevent[1172]:   File "/usr/lib/python2.7/site-packages/gevent/ssl.py", line 404, in wrap_socket
Oct 25 18:05:04 witherspoon phosphor-gevent[1172]:     ciphers=ciphers)
Oct 25 18:05:04 witherspoon phosphor-gevent[1172]:   File "/usr/lib/python2.7/site-packages/gevent/ssl.py", line 113, in __init__
Oct 25 18:05:04 witherspoon phosphor-gevent[1172]:     self.do_handshake()
Oct 25 18:05:04 witherspoon phosphor-gevent[1172]:   File "/usr/lib/python2.7/site-packages/gevent/ssl.py", line 324, in do_handshake
Oct 25 18:05:04 witherspoon phosphor-gevent[1172]:     return self._sslobj.do_handshake()
Oct 25 18:05:04 witherspoon phosphor-gevent[1172]: SSLEOFError: EOF occurred in violation of protocol (_ssl.c:590)
Oct 25 18:05:04 witherspoon phosphor-gevent[1172]: <Greenlet at 0x76072e40: <bound method WSGIServer.wrap_socket_and_handle of <WSGIServer at 0x75bd3e90 fileno=6 address=('::3412:f576:fe:6a76%1986723312', 443, 0, 1986723312)>>(<socket at 0x75b13c50 fileno=10>, ('::c0f9:6876:8e91:f402%1995701020', 53820, 0, 199)> failed with SSLEOFError
Oct 25 18:05:04 witherspoon phosphor-gevent[1172]: Traceback (most recent call last):
Oct 25 18:05:04 witherspoon phosphor-gevent[1172]:   File "/usr/lib/python2.7/site-packages/gevent/greenlet.py", line 327, in run
Oct 25 18:05:05 witherspoon phosphor-gevent[1172]:     result = self._run(*self.args, **self.kwargs)
Oct 25 18:05:05 witherspoon phosphor-gevent[1172]:   File "/usr/lib/python2.7/site-packages/gevent/server.py", line 102, in wrap_socket_and_handle
Oct 25 18:05:05 witherspoon phosphor-gevent[1172]:     ssl_socket = self.wrap_socket(client_socket, **self.ssl_args)
Oct 25 18:05:05 witherspoon phosphor-gevent[1172]:   File "/usr/lib/python2.7/site-packages/gevent/ssl.py", line 404, in wrap_socket
Oct 25 18:05:05 witherspoon phosphor-gevent[1172]:     ciphers=ciphers)
Oct 25 18:05:05 witherspoon phosphor-gevent[1172]:   File "/usr/lib/python2.7/site-packages/gevent/ssl.py", line 113, in __init__
Oct 25 18:05:05 witherspoon phosphor-gevent[1172]:     self.do_handshake()
Oct 25 18:05:05 witherspoon phosphor-gevent[1172]:   File "/usr/lib/python2.7/site-packages/gevent/ssl.py", line 324, in do_handshake
Oct 25 18:05:05 witherspoon phosphor-gevent[1172]:     return self._sslobj.do_handshake()
Oct 25 18:05:05 witherspoon phosphor-gevent[1172]: SSLEOFError: EOF occurred in violation of protocol (_ssl.c:590)
Oct 25 18:05:05 witherspoon phosphor-gevent[1172]: <Greenlet at 0x76072e90: <bound method WSGIServer.wrap_socket_and_handle of <WSGIServer at 0x75bd3e90 fileno=6 address=('::3412:f576:fe:6a76%1986723312', 443, 0, 1986723312)>>(<socket at 0x75b13bf0 fileno=11>, ('::c0f9:6876:8e91:f402%1995701020', 53822, 0, 199)> failed with SSLEOFError
Oct 25 18:05:05 witherspoon phosphor-gevent[1172]: Traceback (most recent call last):
Oct 25 18:05:05 witherspoon phosphor-gevent[1172]:   File "/usr/lib/python2.7/site-packages/gevent/greenlet.py", line 327, in run
Oct 25 18:05:05 witherspoon phosphor-gevent[1172]:     result = self._run(*self.args, **self.kwargs)
Oct 25 18:05:05 witherspoon phosphor-gevent[1172]:   File "/usr/lib/python2.7/site-packages/gevent/server.py", line 102, in wrap_socket_and_handle
Oct 25 18:05:05 witherspoon phosphor-gevent[1172]:     ssl_socket = self.wrap_socket(client_socket, **self.ssl_args)
Oct 25 18:05:05 witherspoon phosphor-gevent[1172]:   File "/usr/lib/python2.7/site-packages/gevent/ssl.py", line 404, in wrap_socket
Oct 25 18:05:05 witherspoon phosphor-gevent[1172]:     ciphers=ciphers)
Oct 25 18:05:05 witherspoon phosphor-gevent[1172]:   File "/usr/lib/python2.7/site-packages/gevent/ssl.py", line 113, in __init__
Oct 25 18:05:05 witherspoon phosphor-gevent[1172]:     self.do_handshake()
Oct 25 18:05:05 witherspoon phosphor-gevent[1172]:   File "/usr/lib/python2.7/site-packages/gevent/ssl.py", line 324, in do_handshake
Oct 25 18:05:05 witherspoon phosphor-gevent[1172]:     return self._sslobj.do_handshake()
Oct 25 18:05:05 witherspoon phosphor-gevent[1172]: SSLEOFError: EOF occurred in violation of protocol (_ssl.c:590)
Oct 25 18:05:05 witherspoon phosphor-gevent[1172]: <Greenlet at 0x76072ee0: <bound method WSGIServer.wrap_socket_and_handle of <WSGIServer at 0x75bd3e90 fileno=6 address=('::3412:f576:fe:6a76%1986723312', 443, 0, 1986723312)>>(<socket at 0x75b13c90 fileno=12>, ('::c0f9:6876:8e91:f402%1995701020', 53824, 0, 199)> failed with SSLEOFError
Oct 25 18:05:10 witherspoon systemd[1]: Started Wait for /org/openbmc/managers/System.
Oct 25 18:05:10 witherspoon systemd[1]: Starting Phosphor Power Button0...
Oct 25 18:05:10 witherspoon systemd[1]: Starting Phosphor Reset Button0...
Oct 25 18:05:10 witherspoon systemd[1]: Starting Phosphor Power0 Control...
Oct 25 18:05:10 witherspoon systemd[1]: Starting Phosphor BMC State Manager...
Oct 25 18:05:10 witherspoon systemd[1]: Starting Phosphor Chassis State Manager...
Oct 25 18:05:11 witherspoon button_reset.exe[1291]: GPIO Lookup:  RESET_BUTTON = 353,both
Oct 25 18:05:11 witherspoon phosphor-chassis-state-manager[1294]: Initial Chassis State will be Off
Oct 25 18:05:11 witherspoon systemd[1]: Started Phosphor Reset Button0.
Oct 25 18:05:11 witherspoon phosphor-bmc-state-manager[1293]: Setting the BMCState field
Oct 25 18:05:11 witherspoon phosphor-bmc-state-manager[1293]: Setting the BMCState field
Oct 25 18:05:11 witherspoon systemd[1]: Started Phosphor Chassis State Manager.
Oct 25 18:05:11 witherspoon systemd[1]: Started Phosphor BMC State Manager.
Oct 25 18:05:11 witherspoon system_manager.py[1179]: New object: /org/openbmc/control/power0 (:1.90)
Oct 25 18:05:11 witherspoon system_manager.py[1179]: Power GPIO config: ['SYS_PWROK_BUFF', '', [('SOFTWARE_PGOOD', True), ('BMC_POWER_UP', True)], [('BMC_CP0_RESET_N', False)], [], 'FSI_DATA', 'FSI_CLK', 'FSI_ENABLE', 'CRONUS_SEL', []]
Oct 25 18:05:11 witherspoon power_control.exe[1292]: Power GPIO latch output:
Oct 25 18:05:11 witherspoon power_control.exe[1292]: Power GPIO power good input: SYS_PWROK_BUFF
Oct 25 18:05:11 witherspoon power_control.exe[1292]: Power GPIO 2 power_up outputs
Oct 25 18:05:11 witherspoon power_control.exe[1292]: Power GPIO power_up[0] = SOFTWARE_PGOOD active HIGH
Oct 25 18:05:11 witherspoon power_control.exe[1292]: Power GPIO power_up[1] = BMC_POWER_UP active HIGH
Oct 25 18:05:11 witherspoon power_control.exe[1292]: Power GPIO 1 reset outputs
Oct 25 18:05:11 witherspoon power_control.exe[1292]: Power GPIO reset[0] = BMC_CP0_RESET_N active LOW
Oct 25 18:05:11 witherspoon power_control.exe[1292]: Power GPIO 0 pci reset outputs
Oct 25 18:05:11 witherspoon power_control.exe[1292]: FSI DATA GPIO: FSI_DATA
Oct 25 18:05:11 witherspoon power_control.exe[1292]: FSI CLK GPIO: FSI_CLK
Oct 25 18:05:11 witherspoon power_control.exe[1292]: FSI ENABLE GPIO: FSI_ENABLE
Oct 25 18:05:11 witherspoon power_control.exe[1292]: CRONUS SEL GPIO: CRONUS_SEL
Oct 25 18:05:11 witherspoon power_control.exe[1292]: Hostctl GPIO optionals: 0
Oct 25 18:05:12 witherspoon power_control.exe[1292]: GPIO Lookup:  SYS_PWROK_BUFF = 306,in
Oct 25 18:05:12 witherspoon power_control.exe[1292]: GPIO Lookup:  SOFTWARE_PGOOD = 417,out
Oct 25 18:05:12 witherspoon power_control.exe[1292]: GPIO Lookup:  BMC_POWER_UP = 305,out
Oct 25 18:05:13 witherspoon power_control.exe[1292]: GPIO Lookup:  BMC_CP0_RESET_N = 281,out
Oct 25 18:05:13 witherspoon power_control.exe[1292]: Pgood state: 0
Oct 25 18:05:13 witherspoon systemd[1]: Started Phosphor Power0 Control.
Oct 25 18:05:13 witherspoon button_power.exe[1290]: GPIO Lookup:  POWER_BUTTON = 347,both
Oct 25 18:05:13 witherspoon systemd[1]: Started Phosphor Power Button0.
Oct 25 18:05:13 witherspoon sync_inventory_items.py[1288]: Inventory MAC=70:e2:84:14:23:e1,System MAC=70:e2:84:14:23:e1
Oct 25 18:05:13 witherspoon systemd[1]: Started Wait for /org/openbmc/settings/host0.
Oct 25 18:05:13 witherspoon systemd[1]: Started Phosphor Inband IPMI.
Oct 25 18:05:16 witherspoon avahi-daemon[979]: Interface eth0.IPv4 no longer relevant for mDNS.
Oct 25 18:05:16 witherspoon systemd-networkd[1000]: eth0: Lost carrier
Oct 25 18:05:16 witherspoon avahi-daemon[979]: Leaving mDNS multicast group on interface eth0.IPv4 with address 9.3.86.161.
Oct 25 18:05:16 witherspoon avahi-daemon[979]: Withdrawing address record for 9.3.86.161 on eth0.
Oct 25 18:05:16 witherspoon kernel: ftgmac100 1e660000.ethernet eth0: NCSI interface down
Oct 25 18:05:16 witherspoon kernel[972]: [  131.810000] ftgmac100 1e660000.ethernet eth0: NCSI interface down
Oct 25 18:05:16 witherspoon systemd[1]: Started Sync system/chassis/motherboard/bmc/ethernet.
Oct 25 18:05:16 witherspoon systemd-networkd[1000]: eth0: Gained carrier
Oct 25 18:05:16 witherspoon avahi-daemon[979]: Joining mDNS multicast group on interface eth0.IPv4 with address 9.3.86.161.
Oct 25 18:05:16 witherspoon avahi-daemon[979]: New relevant interface eth0.IPv4 for mDNS.
Oct 25 18:05:16 witherspoon avahi-daemon[979]: Registering new address record for 9.3.86.161 on eth0.IPv4.
Oct 25 18:05:16 witherspoon kernel: 8021q: adding VLAN 0 to HW filter on device eth0
Oct 25 18:05:16 witherspoon systemd-timesyncd[957]: Network configuration changed, trying to establish connection.
Oct 25 18:05:16 witherspoon kernel[972]: [  132.090000] 8021q: adding VLAN 0 to HW filter on device eth0
Oct 25 18:05:17 witherspoon kernel: ftgmac100 1e660000.ethernet eth0: no vlan ids left to set
Oct 25 18:05:17 witherspoon kernel: ftgmac100 1e660000.ethernet eth0: NCSI interface up
Oct 25 18:05:17 witherspoon kernel[972]: [  133.140000] ftgmac100 1e660000.ethernet eth0: no vlan ids left to set
Oct 25 18:05:17 witherspoon kernel[972]: [  133.140000] ftgmac100 1e660000.ethernet eth0: NCSI interface up
Oct 25 18:05:20 witherspoon systemd[1]: Started Wait for /org/openbmc/control/power0.
Oct 25 18:05:20 witherspoon systemd[1]: Starting Check Chassis0 pgood and create a file to indicate it...
Oct 25 18:05:20 witherspoon systemd[1]: Started Witherspoon Power Supply 0 Monitor.
Oct 25 18:05:20 witherspoon systemd[1]: Started Witherspoon Power Supply 1 Monitor.
Oct 25 18:05:20 witherspoon systemd[1]: Started Wait for /xyz/openbmc_project/state/chassis0.
Oct 25 18:05:21 witherspoon systemd[1]: Started Check Chassis0 pgood and create a file to indicate it.
Oct 25 18:05:21 witherspoon systemd[1]: Reached target Chassis0 power on after reset.
Oct 25 18:05:21 witherspoon systemd[1]: Reached target Chassis0 (Reset Check).
Oct 25 18:05:22 witherspoon systemd[1]: Started Wait for /xyz/openbmc_project/control/host0.
Oct 25 18:05:22 witherspoon systemd[1]: Reached target Host0 running after reset.
Oct 25 18:05:22 witherspoon systemd[1]: Starting Phosphor Host State Manager...
Oct 25 18:05:22 witherspoon systemd[1]: Reached target Host0 (Reset Check).
Oct 25 18:05:22 witherspoon witherspoon-psu-monitor[1336]: The power supply has indicated an input fault or warn condition.
Oct 25 18:05:23 witherspoon phosphor-host-state-manager[1340]: Initial Host State will be Off
Oct 25 18:05:23 witherspoon phosphor-host-state-manager[1340]: External request to reset reboot count
Oct 25 18:05:23 witherspoon systemd[1]: Started Phosphor Host State Manager.
Oct 25 18:05:23 witherspoon dbus[960]: [system] Activating via systemd: service name='org.freedesktop.journal1' unit='dbus-org.freedesktop.journal1.service'
Oct 25 18:05:23 witherspoon systemd[1]: Starting Journal Dbus Service...
Oct 25 18:05:23 witherspoon dbus[960]: [system] Successfully activated service 'org.freedesktop.journal1'
Oct 25 18:05:23 witherspoon systemd[1]: Started Journal Dbus Service.
Oct 25 18:05:24 witherspoon phosphor-fru-fault-monitor[1209]: /xyz/openbmc_project/logging/entry/1
Oct 25 18:05:24 witherspoon phosphor-network-manager[1178]: ConfigParser: Key not found
Oct 25 18:05:24 witherspoon phosphor-network-manager[1178]: The operation failed internally.
Oct 25 18:05:24 witherspoon phosphor-network-manager[1178]: Exception occured during getting of DHCP value
Oct 25 18:05:24 witherspoon phosphor-network-manager[1178]: ConfigParser: Key not found
Oct 25 18:05:24 witherspoon phosphor-network-manager[1178]: The operation failed internally.
Oct 25 18:05:24 witherspoon phosphor-network-manager[1178]: Unable to find the NTP server configuration.
Oct 25 18:05:24 witherspoon dbus[960]: [system] Activating via systemd: service name='org.freedesktop.hostname1' unit='dbus-org.freedesktop.hostname1.service'
Oct 25 18:05:24 witherspoon systemd[1]: Starting Hostname Service...
Oct 25 18:05:25 witherspoon dbus[960]: [system] Successfully activated service 'org.freedesktop.hostname1'
Oct 25 18:05:25 witherspoon systemd[1]: Started Hostname Service.
Oct 25 18:05:25 witherspoon phosphor-network-manager[1178]: Timer expired
Oct 25 18:05:27 witherspoon systemd[1]: Started Wait for /xyz/openbmc_project/state/host0.
Oct 25 18:05:27 witherspoon systemd[1]: Starting Phosphor Time Manager daemon...
Oct 25 18:05:27 witherspoon systemd[1]: Starting Reboot If Enabled...
Oct 25 18:05:29 witherspoon phosphor-discover-system-state[1350]: Host power is off, checking power policy
Oct 25 18:05:29 witherspoon phosphor-discover-system-state[1350]: power_policy=RESTORE, restoring last state
Oct 25 18:05:29 witherspoon dbus[960]: [system] Activating via systemd: service name='org.freedesktop.timedate1' unit='dbus-org.freedesktop.timedate1.service'
Oct 25 18:05:29 witherspoon systemd[1]: Starting Time & Date Service...
Oct 25 18:05:29 witherspoon phosphor-host-state-manager[1340]: Host State transaction request
Oct 25 18:05:30 witherspoon dbus[960]: [system] Successfully activated service 'org.freedesktop.timedate1'
Oct 25 18:05:30 witherspoon systemd-timedated[1351]: /etc/localtime should be a symbolic link to a time zone data file in /usr/share/zoneinfo/.
Oct 25 18:05:30 witherspoon systemd[1]: Started Time & Date Service.
Oct 25 18:05:30 witherspoon systemd[1]: Started Reboot If Enabled.
Oct 25 18:05:30 witherspoon systemd[1]: Starting Phosphor MAX31785 MSL...
Oct 25 18:05:30 witherspoon systemd[1]: Starting Wait for /org/openbmc/control/chassis0...
Oct 25 18:05:30 witherspoon systemd[1]: Created slice system-op\x2docc\x2ddisable.slice.
Oct 25 18:05:30 witherspoon systemd[1]: Stopped target Chassis0 (Reset Check).
Oct 25 18:05:30 witherspoon systemd[1]: Started Phosphor Cooling Type.
Oct 25 18:05:30 witherspoon systemd[1]: Starting Wait for /xyz/openbmc_project/led/groups/power_on...
Oct 25 18:05:30 witherspoon systemd[1]: Created slice system-op\x2dwait\x2dpower\x2doff.slice.
Oct 25 18:05:30 witherspoon systemd[1]: Created slice system-ir35221\x2doff\x2dbind.slice.
Oct 25 18:05:30 witherspoon systemd[1]: Created slice system-op\x2dpower\x2dstop.slice.
Oct 25 18:05:30 witherspoon systemd[1]: Starting OpenPOWER OCC Active Disable...
Oct 25 18:05:30 witherspoon systemd[1]: Starting Wait for /org/openbmc/HostIpmi/1...
Oct 25 18:05:30 witherspoon systemd[1]: Created slice system-obmc\x2dled\x2dgroup\x2dstop.slice.
Oct 25 18:05:31 witherspoon systemd[1]: Stopped target Chassis0 power on after reset.
Oct 25 18:05:31 witherspoon systemd[1]: Created slice system-vcs_off_poweroff.slice.
Oct 25 18:05:31 witherspoon systemd[1]: Created slice system-ir35221\x2doff\x2dunbind.slice.
Oct 25 18:05:31 witherspoon systemd[1]: Starting Read OpenPOWER-format VPD from EEPROM...
Oct 25 18:05:31 witherspoon systemd[1]: Started Phosphor Time Manager daemon.
Oct 25 18:05:32 witherspoon systemd[1]: Started Wait for /org/openbmc/HostIpmi/1.
Oct 25 18:05:32 witherspoon systemd[1]: Starting Soft power off of the host...
Oct 25 18:05:32 witherspoon systemd[1]: Started Wait for /org/openbmc/control/chassis0.
Oct 25 18:05:32 witherspoon systemd[1]: Started Wait for /xyz/openbmc_project/led/groups/power_on.
Oct 25 18:05:32 witherspoon systemd[1]: Starting Assert power_on LED...
Oct 25 18:05:33 witherspoon systemd[1]: Started OpenPOWER OCC Active Disable.
Oct 25 18:05:33 witherspoon systemd[1]: Started Phosphor MAX31785 MSL.
Oct 25 18:05:34 witherspoon ipmid[1318]: Pushing cmd on to queue
Oct 25 18:05:34 witherspoon ipmid[1318]: Pushing cmd on to queue
Oct 25 18:05:34 witherspoon ipmid[1318]: Asserting SMS Attention
Oct 25 18:05:34 witherspoon systemd[1]: Started Assert power_on LED.
Oct 25 18:05:34 witherspoon ipmid[1318]: SMS Attention asserted
Oct 25 18:05:34 witherspoon systemd[1]: Started Read OpenPOWER-format VPD from EEPROM.
Oct 25 18:05:34 witherspoon systemd[1]: Starting Sync system/chassis/motherboard/uuid...
Oct 25 18:05:34 witherspoon systemd[1]: Starting Sync system/chassis/motherboard/bmc/ethernet...
Oct 25 18:05:37 witherspoon ipmid[1318]: Host control timeout hit!
Oct 25 18:05:37 witherspoon ipmid[1318]: Timer expired
Oct 25 18:05:37 witherspoon phosphor-softpoweroff[1366]: Host control signal values
Oct 25 18:05:37 witherspoon phosphor-softpoweroff[1366]: Timeout on host attention, continue with power down
Oct 25 18:05:37 witherspoon systemd[1]: Started Soft power off of the host.
Oct 25 18:05:38 witherspoon systemd[1]: Started SSH Per-Connection Server (9.41.165.94:42452).
Oct 25 18:05:38 witherspoon dropbear[1390]: Failed loading /var/lib/dropbear/dropbear_rsa_host_key
Oct 25 18:05:38 witherspoon dropbear[1390]: Failed loading /etc/dropbear/dropbear_dss_host_key
Oct 25 18:05:38 witherspoon dropbear[1390]: Failed loading /etc/dropbear/dropbear_ecdsa_host_key
Oct 25 18:05:38 witherspoon dropbear[1390]: Child connection from ::ffff:9.41.165.94:42452
Oct 25 18:05:39 witherspoon dropbear[1390]: PAM password auth succeeded for 'root' from ::ffff:9.41.165.94:42452
Oct 25 18:05:41 witherspoon systemd[1]: Started Sync system/chassis/motherboard/uuid.
Oct 25 18:05:41 witherspoon sync_inventory_items.py[1387]: Inventory MAC=70:e2:84:14:23:e1,System MAC=70:e2:84:14:23:e1
Oct 25 18:05:42 witherspoon kernel: ftgmac100 1e660000.ethernet eth0: NCSI interface down
Oct 25 18:05:42 witherspoon systemd-networkd[1000]: eth0: Lost carrier
Oct 25 18:05:42 witherspoon avahi-daemon[979]: Interface eth0.IPv4 no longer relevant for mDNS.
Oct 25 18:05:42 witherspoon avahi-daemon[979]: Leaving mDNS multicast group on interface eth0.IPv4 with address 9.3.86.161.
Oct 25 18:05:42 witherspoon kernel[972]: [  157.900000] ftgmac100 1e660000.ethernet eth0: NCSI interface down
Oct 25 18:05:42 witherspoon avahi-daemon[979]: Withdrawing address record for 9.3.86.161 on eth0.
Oct 25 18:05:42 witherspoon kernel: 8021q: adding VLAN 0 to HW filter on device eth0
Oct 25 18:05:42 witherspoon kernel[972]: [  158.110000] 8021q: adding VLAN 0 to HW filter on device eth0
Oct 25 18:05:42 witherspoon systemd-networkd[1000]: eth0: Gained carrier
Oct 25 18:05:42 witherspoon avahi-daemon[979]: Joining mDNS multicast group on interface eth0.IPv4 with address 9.3.86.161.
Oct 25 18:05:42 witherspoon avahi-daemon[979]: New relevant interface eth0.IPv4 for mDNS.
Oct 25 18:05:42 witherspoon avahi-daemon[979]: Registering new address record for 9.3.86.161 on eth0.IPv4.
Oct 25 18:05:42 witherspoon systemd-timesyncd[957]: Network configuration changed, trying to establish connection.
Oct 25 18:05:42 witherspoon systemd[1]: Started Sync system/chassis/motherboard/bmc/ethernet.
Oct 25 18:05:42 witherspoon systemd[1]: Reached target Phosphor System - Standby.
Oct 25 18:05:42 witherspoon systemd[1]: Reached target Stop Host0 (Pre).
Oct 25 18:05:42 witherspoon systemd[1]: Starting Power off mode unbind ir35221 device driver devs...
Oct 25 18:05:42 witherspoon systemd[1]: Reached target Stop Hosti (Pre).
Oct 25 18:05:42 witherspoon systemd[1]: Starting Assert bmc_booted LED...
Oct 25 18:05:42 witherspoon systemd[1]: Reached target Host0 (Stopping).
Oct 25 18:05:42 witherspoon systemd[1]: Reached target Host0 (Stopped).
Oct 25 18:05:42 witherspoon systemd[1]: Reached target Power0 Off (Pre).
Oct 25 18:05:42 witherspoon systemd[1]: Starting Wait for Power0 to turn off...
Oct 25 18:05:42 witherspoon systemd[1]: Started Stop Power0.
Oct 25 18:05:42 witherspoon systemd[1]: Reached target Hosti (Stopping).
Oct 25 18:05:42 witherspoon systemd[1]: Reached target Hosti (Stopped).
Oct 25 18:05:42 witherspoon systemd[1]: Reached target Poweri Off (Pre).
Oct 25 18:05:42 witherspoon systemd[1]: Reached target Poweri Off.
Oct 25 18:05:43 witherspoon phosphor-bmc-state-manager[1293]: BMC_READY
Oct 25 18:05:43 witherspoon phosphor-bmc-state-manager[1293]: Setting the BMCState field
Oct 25 18:05:43 witherspoon kernel: ftgmac100 1e660000.ethernet eth0: no vlan ids left to set
Oct 25 18:05:43 witherspoon kernel: ftgmac100 1e660000.ethernet eth0: NCSI interface up
Oct 25 18:05:43 witherspoon kernel[972]: [  159.120000] ftgmac100 1e660000.ethernet eth0: no vlan ids left to set
Oct 25 18:05:43 witherspoon kernel[972]: [  159.120000] ftgmac100 1e660000.ethernet eth0: NCSI interface up
Oct 25 18:05:43 witherspoon systemd[1]: Started Power off mode unbind ir35221 device driver devs.
Oct 25 18:05:43 witherspoon systemd[1]: xyz.openbmc_project.Hwmon@ahb-apb-i2c\x401e78a000-i2c\x2dbus\x40180-ir35221\x4070.service: Unit not needed anymore. Stopping.
Oct 25 18:05:43 witherspoon systemd[1]: xyz.openbmc_project.Hwmon@ahb-apb-i2c\x401e78a000-i2c\x2dbus\x40140-ir35221\x4071.service: Unit not needed anymore. Stopping.
Oct 25 18:05:43 witherspoon systemd[1]: xyz.openbmc_project.Hwmon@ahb-apb-i2c\x401e78a000-i2c\x2dbus\x40180-ir35221\x4071.service: Unit not needed anymore. Stopping.
Oct 25 18:05:43 witherspoon systemd[1]: xyz.openbmc_project.Hwmon@ahb-apb-i2c\x401e78a000-i2c\x2dbus\x40140-ir35221\x4070.service: Unit not needed anymore. Stopping.
Oct 25 18:05:43 witherspoon systemd[1]: Stopped Phosphor Hwmon Poller.
Oct 25 18:05:43 witherspoon systemd[1]: Stopping Phosphor Hwmon Poller...
Oct 25 18:05:43 witherspoon systemd[1]: Stopping Phosphor Hwmon Poller...
Oct 25 18:05:43 witherspoon systemd[1]: Stopped Phosphor Hwmon Poller.
Oct 25 18:05:43 witherspoon systemd[1]: Stopped Phosphor Hwmon Poller.
Oct 25 18:05:43 witherspoon systemd[1]: Stopped Phosphor Hwmon Poller.
Oct 25 18:05:48 witherspoon power_control.exe[1292]: Power already at requested state: 0
Oct 25 18:05:49 witherspoon systemd[1]: Started Wait for Power0 to turn off.
Oct 25 18:05:49 witherspoon systemd[1]: Reached target Power0 Off.
Oct 25 18:05:49 witherspoon systemd[1]: Starting Disable VCS on a power off...
Oct 25 18:05:49 witherspoon systemd[1]: Started Disable VCS on a power off.
Oct 25 18:05:49 witherspoon systemd[1]: Starting Power off mode bind ir35221 device driver devs...
Oct 25 18:05:50 witherspoon systemd[1]: Started Phosphor Hwmon Poller.
Oct 25 18:05:50 witherspoon systemd[1]: Started Power off mode bind ir35221 device driver devs.
Oct 25 18:05:50 witherspoon systemd[1]: Reached target Chassis0 (Power Off).
Oct 25 18:05:50 witherspoon systemd[1]: Reached target Stop Host0.
Oct 25 18:05:50 witherspoon systemd[1]: Reached target Power0 Host Off.
Oct 25 18:05:50 witherspoon phosphor-host-state-manager[1340]: Received signal that host is off
Oct 25 18:05:50 witherspoon phosphor-host-state-manager[1340]: Change to Host State
Oct 25 18:05:50 witherspoon phosphor-chassis-state-manager[1294]: Received signal that power OFF is complete
Oct 25 18:05:50 witherspoon phosphor-chassis-state-manager[1294]: Change to Chassis Power State
Oct 25 18:05:50 witherspoon phosphor-network-manager[1178]: ConfigParser: Key not found
Oct 25 18:05:50 witherspoon phosphor-network-manager[1178]: The operation failed internally.
Oct 25 18:05:50 witherspoon phosphor-network-manager[1178]: Exception occured during getting of DHCP value
Oct 25 18:05:50 witherspoon phosphor-network-manager[1178]: ConfigParser: Key not found
Oct 25 18:05:50 witherspoon phosphor-network-manager[1178]: The operation failed internally.
Oct 25 18:05:50 witherspoon phosphor-network-manager[1178]: Unable to find the NTP server configuration.
Oct 25 18:05:51 witherspoon phosphor-network-manager[1178]: Timer expired
Oct 25 18:05:51 witherspoon systemd[1]: Started Phosphor Hwmon Poller.
Oct 25 18:05:51 witherspoon systemd[1]: Started Phosphor Hwmon Poller.
Oct 25 18:05:51 witherspoon systemd[1]: Started Phosphor Hwmon Poller.
Oct 25 18:05:54 witherspoon phosphor-ledmanager[981]: Asserting LEDs
Oct 25 18:05:54 witherspoon systemd[1]: Started Assert bmc_booted LED.
Oct 25 18:05:54 witherspoon systemd[1]: Startup finished in 9.499s (kernel) + 2min 40.210s (userspace) = 2min 49.709s.
Oct 25 18:06:06 witherspoon systemd[1]: Started SSH Per-Connection Server (9.41.165.94:42468).
Oct 25 18:06:06 witherspoon dropbear[1475]: Failed loading /var/lib/dropbear/dropbear_rsa_host_key
Oct 25 18:06:06 witherspoon dropbear[1475]: Failed loading /etc/dropbear/dropbear_dss_host_key
Oct 25 18:06:06 witherspoon dropbear[1475]: Failed loading /etc/dropbear/dropbear_ecdsa_host_key
Oct 25 18:06:06 witherspoon dropbear[1475]: Child connection from ::ffff:9.41.165.94:42468
Oct 25 18:06:06 witherspoon dropbear[1475]: PAM password auth succeeded for 'root' from ::ffff:9.41.165.94:42468
