-- Logs begin at Tue 2017-08-01 01:45:06 UTC, end at Tue 2017-08-01 02:10:07 UTC. --
Aug 01 01:45:06 witherspoon kernel: Booting Linux on physical CPU 0x0
Aug 01 01:45:06 witherspoon kernel: Linux version 4.10.17-44f0dc8ac43162c4f7082884d6cd79400341bf5b (jenkins@openbmc-builder1) (gcc version 6.2.0 (GCC) ) #1 Mon Jul 31 22:47:51 UTC 2017
Aug 01 01:45:06 witherspoon kernel: CPU: ARMv6-compatible processor [410fb767] revision 7 (ARMv7), cr=00c5387d
Aug 01 01:45:06 witherspoon kernel: CPU: PIPT / VIPT nonaliasing data cache, VIPT nonaliasing instruction cache
Aug 01 01:45:06 witherspoon kernel: OF: fdt:Machine model: Witherspoon BMC
Aug 01 01:45:06 witherspoon kernel: Memory policy: Data cache writeback
Aug 01 01:45:06 witherspoon kernel: SOC Rev: 04030303
Aug 01 01:45:06 witherspoon kernel: On node 0 totalpages: 110592
Aug 01 01:45:06 witherspoon kernel: free_area_init_node: node 0, pgdat 805ff5e4, node_mem_map 9ec1a000
Aug 01 01:45:06 witherspoon kernel:   Normal zone: 992 pages used for memmap
Aug 01 01:45:06 witherspoon kernel:   Normal zone: 0 pages reserved
Aug 01 01:45:06 witherspoon kernel:   Normal zone: 110592 pages, LIFO batch:31
Aug 01 01:45:06 witherspoon kernel: pcpu-alloc: s0 r0 d32768 u32768 alloc=1*32768
Aug 01 01:45:06 witherspoon kernel: pcpu-alloc: [0] 0 
Aug 01 01:45:06 witherspoon kernel: Built 1 zonelists in Zone order, mobility grouping on.  Total pages: 109600
Aug 01 01:45:06 witherspoon kernel: Kernel command line: console=ttyS4,115200n8 root=/dev/ram rw
Aug 01 01:45:06 witherspoon kernel: PID hash table entries: 2048 (order: 1, 8192 bytes)
Aug 01 01:45:06 witherspoon kernel: Dentry cache hash table entries: 65536 (order: 6, 262144 bytes)
Aug 01 01:45:06 witherspoon kernel: Inode-cache hash table entries: 32768 (order: 5, 131072 bytes)
Aug 01 01:45:06 witherspoon kernel: Memory: 430436K/442368K available (4065K kernel code, 280K rwdata, 1192K rodata, 284K init, 111K bss, 11932K reserved, 0K cma-reserved)
Aug 01 01:45:06 witherspoon kernel: Virtual kernel memory layout:
                                        vector  : 0xffff0000 - 0xffff1000   (   4 kB)
                                        fixmap  : 0xffc00000 - 0xfff00000   (3072 kB)
                                        vmalloc : 0x9f800000 - 0xff800000   (1536 MB)
                                        lowmem  : 0x80000000 - 0x9f000000   ( 496 MB)
                                          .text : 0x80008000 - 0x804007a0   (4066 kB)
                                          .init : 0x80585000 - 0x805cc000   ( 284 kB)
                                          .data : 0x805cc000 - 0x80612358   ( 281 kB)
                                           .bss : 0x80612358 - 0x8062e1f8   ( 112 kB)
Aug 01 01:45:06 witherspoon kernel: NR_IRQS:16 nr_irqs:16 16
Aug 01 01:45:06 witherspoon kernel: i2c controller registered, irq 16
Aug 01 01:45:06 witherspoon kernel: clocksource: moxart_timer: mask: 0xffffffff max_cycles: 0xffffffff, max_idle_ns: 77222644334 ns
Aug 01 01:45:06 witherspoon kernel: sched_clock: 32 bits at 100 Hz, resolution 10000000ns, wraps every 21474836475000000ns
Aug 01 01:45:06 witherspoon kernel: Calibrating delay loop... 789.70 BogoMIPS (lpj=3948544)
Aug 01 01:45:06 witherspoon kernel: pid_max: default: 32768 minimum: 301
Aug 01 01:45:06 witherspoon kernel: Mount-cache hash table entries: 1024 (order: 0, 4096 bytes)
Aug 01 01:45:06 witherspoon kernel: Mountpoint-cache hash table entries: 1024 (order: 0, 4096 bytes)
Aug 01 01:45:06 witherspoon kernel: CPU: Testing write buffer coherency: ok
Aug 01 01:45:06 witherspoon kernel: ftrace: allocating 14932 entries in 44 pages
Aug 01 01:45:06 witherspoon kernel: Setting up static identity map for 0x80008200 - 0x8000825c
Aug 01 01:45:06 witherspoon kernel: devtmpfs: initialized
Aug 01 01:45:06 witherspoon kernel: clocksource: jiffies: mask: 0xffffffff max_cycles: 0xffffffff, max_idle_ns: 19112604462750000 ns
Aug 01 01:45:06 witherspoon kernel: futex hash table entries: 256 (order: -1, 3072 bytes)
Aug 01 01:45:06 witherspoon kernel: pinctrl core: initialized pinctrl subsystem
Aug 01 01:45:06 witherspoon kernel: NET: Registered protocol family 16
Aug 01 01:45:06 witherspoon kernel: DMA: preallocated 256 KiB pool for atomic coherent allocations
Aug 01 01:45:06 witherspoon kernel: usbcore: registered new interface driver usbfs
Aug 01 01:45:06 witherspoon kernel: usbcore: registered new interface driver hub
Aug 01 01:45:06 witherspoon kernel: usbcore: registered new device driver usb
Aug 01 01:45:06 witherspoon kernel: clocksource: Switched to clocksource moxart_timer
Aug 01 01:45:06 witherspoon kernel: NET: Registered protocol family 2
Aug 01 01:45:06 witherspoon kernel: TCP established hash table entries: 4096 (order: 2, 16384 bytes)
Aug 01 01:45:06 witherspoon kernel: TCP bind hash table entries: 4096 (order: 2, 16384 bytes)
Aug 01 01:45:06 witherspoon kernel: TCP: Hash tables configured (established 4096 bind 4096)
Aug 01 01:45:06 witherspoon kernel: UDP hash table entries: 256 (order: 0, 4096 bytes)
Aug 01 01:45:06 witherspoon kernel: UDP-Lite hash table entries: 256 (order: 0, 4096 bytes)
Aug 01 01:45:06 witherspoon kernel: NET: Registered protocol family 1
Aug 01 01:45:06 witherspoon kernel: Trying to unpack rootfs image as initramfs...
Aug 01 01:45:06 witherspoon kernel: Freeing initrd memory: 1548K
Aug 01 01:45:06 witherspoon kernel: workingset: timestamp_bits=30 max_order=17 bucket_order=0
Aug 01 01:45:06 witherspoon kernel: squashfs: version 4.0 (2009/01/31) Phillip Lougher
Aug 01 01:45:06 witherspoon kernel: jffs2: version 2.2. (SUMMARY)  © 2001-2006 Red Hat, Inc.
Aug 01 01:45:06 witherspoon kernel: Block layer SCSI generic (bsg) driver version 0.4 loaded (major 250)
Aug 01 01:45:06 witherspoon kernel: io scheduler noop registered
Aug 01 01:45:06 witherspoon kernel: io scheduler deadline registered
Aug 01 01:45:06 witherspoon kernel: io scheduler cfq registered (default)
Aug 01 01:45:06 witherspoon kernel: ipmi-bt-host 1e789140.ibt: Found bt bmc device
Aug 01 01:45:06 witherspoon kernel: ipmi-bt-host 1e789140.ibt: Using IRQ 22
Aug 01 01:45:06 witherspoon kernel: Serial: 8250/16550 driver, 6 ports, IRQ sharing enabled
Aug 01 01:45:06 witherspoon kernel: 1e783000.serial: ttyS0 at MMIO 0x1e783000 (irq = 23, base_baud = 1500000) is a 16550A
Aug 01 01:45:06 witherspoon kernel: 1e78d000.serial: ttyS1 at MMIO 0x1e78d000 (irq = 24, base_baud = 1500000) is a 16550A
Aug 01 01:45:06 witherspoon kernel: 1e784000.serial: ttyS4 at MMIO 0x1e784000 (irq = 25, base_baud = 1500000) is a 16550A
Aug 01 01:45:06 witherspoon kernel: console [ttyS4] enabled
Aug 01 01:45:06 witherspoon kernel: 1e787000.vuart: ttyS2 at MMIO 0x1e787000 (irq = 22, base_baud = 1500000) is a 16550A
Aug 01 01:45:06 witherspoon kernel: timeriomem_rng 1e6e2078.hwrng: 32bits from 0xf00e2078 @ 1us
Aug 01 01:45:06 witherspoon kernel: random: fast init done
Aug 01 01:45:06 witherspoon kernel: brd: module loaded
Aug 01 01:45:06 witherspoon kernel: loop: module loaded
Aug 01 01:45:06 witherspoon kernel: aspeed-lpc-ctrl 1e789080.lpc-ctrl: Loaded at 0x98000000 (0x04000000)
Aug 01 01:45:06 witherspoon kernel: aspeed-smc 1e620000.flash-controller: Using IRQ 18
Aug 01 01:45:06 witherspoon kernel: aspeed-smc 1e620000.flash-controller: DMA support disabled.
Aug 01 01:45:06 witherspoon kernel: aspeed-smc 1e620000.flash-controller: mx25l25635e (32768 Kbytes)
Aug 01 01:45:06 witherspoon kernel: aspeed-smc 1e620000.flash-controller: CE0 window [ 0x20000000 - 0x22000000 ] 32MB
Aug 01 01:45:06 witherspoon kernel: aspeed-smc 1e620000.flash-controller: CE1 window [ 0x22000000 - 0x2a000000 ] 128MB
Aug 01 01:45:06 witherspoon kernel: 5 ofpart partitions found on MTD device bmc
Aug 01 01:45:06 witherspoon kernel: Creating 5 MTD partitions on "bmc":
Aug 01 01:45:06 witherspoon kernel: 0x000000000000-0x000000060000 : "u-boot"
Aug 01 01:45:06 witherspoon kernel: 0x000000060000-0x000000080000 : "u-boot-env"
Aug 01 01:45:06 witherspoon kernel: 0x000000080000-0x0000004c0000 : "kernel"
Aug 01 01:45:06 witherspoon kernel: 0x0000004c0000-0x000001c00000 : "rofs"
Aug 01 01:45:06 witherspoon kernel: random: crng init done
Aug 01 01:45:06 witherspoon kernel: 0x000001c00000-0x000002000000 : "rwfs"
Aug 01 01:45:06 witherspoon kernel: aspeed-smc 1e620000.flash-controller: mx25l25635e (32768 Kbytes)
Aug 01 01:45:06 witherspoon kernel: aspeed-smc 1e620000.flash-controller: CE1 window [ 0x22000000 - 0x24000000 ] 32MB
Aug 01 01:45:06 witherspoon kernel: aspeed-smc 1e620000.flash-controller: CE2 window [ 0x24000000 - 0x2c000000 ] 128MB
Aug 01 01:45:06 witherspoon kernel: aspeed-smc 1e630000.flash-controller: mx66l1g45g (131072 Kbytes)
Aug 01 01:45:06 witherspoon kernel: aspeed-smc 1e630000.flash-controller: CE0 window resized to 120MB (AST2500 HW quirk)
Aug 01 01:45:06 witherspoon kernel: aspeed-smc 1e630000.flash-controller: CE0 window [ 0x30000000 - 0x37800000 ] 120MB
Aug 01 01:45:06 witherspoon kernel: aspeed-smc 1e630000.flash-controller: CE0 window too small for chip 128MB
Aug 01 01:45:06 witherspoon kernel: aspeed-smc 1e630000.flash-controller: CE1 window [ 0x37800000 - 0x38000000 ] 8MB
Aug 01 01:45:06 witherspoon kernel: libphy: Fixed MDIO Bus: probed
Aug 01 01:45:06 witherspoon kernel: ftgmac100 1e660000.ethernet: Read MAC address 70:e2:84:14:28:a9 from chip
Aug 01 01:45:06 witherspoon kernel: ftgmac100 1e660000.ethernet: Using NCSI interface
Aug 01 01:45:06 witherspoon kernel: ftgmac100 1e660000.ethernet eth0: irq 20, mapped at f0060000
Aug 01 01:45:06 witherspoon kernel: ehci_hcd: USB 2.0 'Enhanced' Host Controller (EHCI) Driver
Aug 01 01:45:06 witherspoon kernel: ehci-platform: EHCI generic platform driver
Aug 01 01:45:06 witherspoon kernel:  fsi0: can't read slave 00:00 -5
Aug 01 01:45:06 witherspoon kernel: i2c /dev entries driver
Aug 01 01:45:06 witherspoon kernel: aspeed-i2c-bus 1e78a0c0.i2c-bus: i2c bus 2 registered, irq 26
Aug 01 01:45:06 witherspoon kernel: aspeed-i2c-bus 1e78a100.i2c-bus: i2c bus 3 registered, irq 27
Aug 01 01:45:06 witherspoon kernel: aspeed-i2c-bus 1e78a140.i2c-bus: i2c bus 4 registered, irq 28
Aug 01 01:45:06 witherspoon kernel: aspeed-i2c-bus 1e78a180.i2c-bus: i2c bus 5 registered, irq 29
Aug 01 01:45:06 witherspoon kernel: aspeed-i2c-bus 1e78a380.i2c-bus: i2c bus 9 registered, irq 30
Aug 01 01:45:06 witherspoon kernel: aspeed-i2c-bus 1e78a3c0.i2c-bus: i2c bus 10 registered, irq 31
Aug 01 01:45:06 witherspoon kernel: rtc-rv8803 11-0032: Voltage low, temperature compensation stopped.
Aug 01 01:45:06 witherspoon kernel: rtc-rv8803 11-0032: rtc core: registered rx8900 as rtc0
Aug 01 01:45:06 witherspoon kernel: at24 11-0051: 8192 byte 24c64 EEPROM, writable, 1 bytes/write
Aug 01 01:45:06 witherspoon kernel: aspeed-i2c-bus 1e78a400.i2c-bus: i2c bus 11 registered, irq 32
Aug 01 01:45:06 witherspoon kernel: aspeed-i2c-bus 1e78a440.i2c-bus: i2c bus 12 registered, irq 33
Aug 01 01:45:06 witherspoon kernel: aspeed-i2c-bus 1e78a480.i2c-bus: i2c bus 13 registered, irq 34
Aug 01 01:45:06 witherspoon kernel: Driver for 1-wire Dallas network protocol.
Aug 01 01:45:06 witherspoon kernel: lm75 9-004a: hwmon0: sensor 'tmp275'
Aug 01 01:45:06 witherspoon kernel: ucd9000 11-0064: Device ID UCD90160|2.3.4.0000|110603
Aug 01 01:45:06 witherspoon kernel: leds-pca955x 3-0060: leds-pca955x: Using pca9552 16-bit LED driver at slave address 0x60
Aug 01 01:45:06 witherspoon kernel: leds-pca955x 11-0060: leds-pca955x: Using pca9552 16-bit LED driver at slave address 0x60
Aug 01 01:45:06 witherspoon kernel: leds-pca955x 11-0060: gpios 264...279
Aug 01 01:45:06 witherspoon kernel: usbcore: registered new interface driver usbhid
Aug 01 01:45:06 witherspoon kernel: usbhid: USB HID core driver
Aug 01 01:45:06 witherspoon kernel: dps310 3-0076: iio:device1: sensor 'dps310'
Aug 01 01:45:06 witherspoon kernel: NET: Registered protocol family 10
Aug 01 01:45:06 witherspoon kernel: Segment Routing with IPv6
Aug 01 01:45:06 witherspoon kernel: NET: Registered protocol family 17
Aug 01 01:45:06 witherspoon kernel: 8021q: 802.1Q VLAN Support v1.8
Aug 01 01:45:06 witherspoon kernel: console [netcon0] enabled
Aug 01 01:45:06 witherspoon kernel: netconsole: network logging started
Aug 01 01:45:06 witherspoon kernel: input: gpio-keys as /devices/platform/gpio-keys/input/input0
Aug 01 01:45:06 witherspoon kernel: rtc-rv8803 11-0032: setting system clock to 2017-08-01 01:44:57 UTC (1501551897)
Aug 01 01:45:06 witherspoon kernel: Freeing unused kernel memory: 284K
Aug 01 01:45:06 witherspoon kernel: This architecture does not have kernel memory protection.
Aug 01 01:45:06 witherspoon kernel: jffs2: notice: (526) jffs2_build_xattr_subsystem: complete building xattr subsystem, 0 of xdatum (0 unchecked, 0 orphan) and 0 of xref (0 dead, 0 orphan) found.
Aug 01 01:45:06 witherspoon systemd[1]: Failed to insert module 'autofs4': No such file or directory
Aug 01 01:45:06 witherspoon systemd[1]: systemd 232 running in system mode. (+PAM -AUDIT -SELINUX -IMA -APPARMOR -SMACK +SYSVINIT -UTMP -LIBCRYPTSETUP -GCRYPT -GNUTLS +ACL +XZ -LZ4 -SECCOMP +BLKID -ELFUTILS +KMOD -IDN)
Aug 01 01:45:06 witherspoon systemd[1]: Detected architecture arm.
Aug 01 01:45:06 witherspoon systemd[1]: Set hostname to <witherspoon>.
Aug 01 01:45:06 witherspoon systemd[1]: Listening on Network Service Netlink Socket.
Aug 01 01:45:06 witherspoon systemd[1]: Listening on Syslog Socket.
Aug 01 01:45:06 witherspoon systemd[1]: Started Forward Password Requests to Wall Directory Watch.
Aug 01 01:45:06 witherspoon systemd[1]: Listening on Journal Socket.
Aug 01 01:45:06 witherspoon systemd[1]: Listening on Journal Socket (/dev/log).
Aug 01 01:45:06 witherspoon systemd[1]: Started Dispatch Password Requests to Console Directory Watch.
Aug 01 01:45:06 witherspoon systemd[1]: Reached target Paths.
Aug 01 01:45:06 witherspoon systemd[1]: Created slice system-phosphor\x2ddiscover\x2dsystem\x2dstate.slice.
Aug 01 01:45:06 witherspoon systemd[1]: Created slice system-org.openbmc.control.Chassis.slice.
Aug 01 01:45:06 witherspoon systemd[1]: Starting udev Coldplug all Devices...
Aug 01 01:45:06 witherspoon systemd-journald[544]: Journal started
Aug 01 01:45:06 witherspoon systemd-journald[544]: Runtime journal (/run/log/journal/12c6a00ebfdd479284cf09f39d1bc042) is 0B, max 0B, 0B free.
Aug 01 01:45:07 witherspoon systemd[1]: Created slice system-obmc\x2dled\x2dgroup\x2dstart.slice.
Aug 01 01:45:07 witherspoon systemd[1]: Created slice system-org.openbmc.control.Power.slice.
Aug 01 01:45:07 witherspoon systemd[1]: Reached target Slices.
Aug 01 01:45:08 witherspoon systemd[1]: Created slice system-phosphor\x2dcooling\x2dtype.slice.
Aug 01 01:45:08 witherspoon systemd[1]: Starting Remount Root and Kernel File Systems...
Aug 01 01:45:08 witherspoon systemd[1]: dev-hugepages.mount: Couldn't determine result for ConditionVirtualization=!private-users, assuming failed: No such file or directory
Aug 01 01:45:08 witherspoon systemd[1]: Created slice system-getty.slice.
Aug 01 01:45:09 witherspoon systemd-sysctl[656]: Couldn't write '16' to 'kernel/sysrq', ignoring: No such file or directory
Aug 01 01:45:09 witherspoon systemd-sysctl[656]: Couldn't write 'fq_codel' to 'net/core/default_qdisc', ignoring: No such file or directory
Aug 01 01:45:11 witherspoon systemd[1]: Mounted Debug File System.
Aug 01 01:45:12 witherspoon systemd[1]: Mounted Temporary Directory.
Aug 01 01:45:12 witherspoon systemd[1]: Started Journal Service.
Aug 01 01:45:12 witherspoon systemd[1]: Started Remount Root and Kernel File Systems.
Aug 01 01:45:12 witherspoon systemd[1]: Started Apply Kernel Variables.
Aug 01 01:45:12 witherspoon systemd[1]: Starting Create System Users...
Aug 01 01:45:12 witherspoon systemd[1]: Starting Flush Journal to Persistent Storage...
Aug 01 01:45:13 witherspoon systemd[1]: Started udev Coldplug all Devices.
Aug 01 01:45:13 witherspoon systemd[1]: Started Create System Users.
Aug 01 01:45:13 witherspoon systemd-journald[544]: Runtime journal (/run/log/journal/12c6a00ebfdd479284cf09f39d1bc042) is 0B, max 0B, 0B free.
Aug 01 01:45:13 witherspoon systemd[1]: Started Flush Journal to Persistent Storage.
Aug 01 01:45:13 witherspoon systemd[1]: Starting Create Static Device Nodes in /dev...
Aug 01 01:45:13 witherspoon systemd[1]: Started Create Static Device Nodes in /dev.
Aug 01 01:45:13 witherspoon systemd[1]: Starting udev Kernel Device Manager...
Aug 01 01:45:13 witherspoon systemd[1]: Reached target Local File Systems (Pre).
Aug 01 01:45:13 witherspoon systemd[1]: Mounting /var/volatile...
Aug 01 01:45:13 witherspoon systemd[1]: Mounted /var/volatile.
Aug 01 01:45:13 witherspoon systemd[1]: Reached target Local File Systems.
Aug 01 01:45:13 witherspoon systemd[1]: Starting Create Volatile Files and Directories...
Aug 01 01:45:13 witherspoon systemd[1]: Starting Rebuild Journal Catalog...
Aug 01 01:45:13 witherspoon systemd[1]: Starting Load/Save Random Seed...
Aug 01 01:45:14 witherspoon systemd-tmpfiles[896]: "/var/tmp" already exists and is not a directory.
Aug 01 01:45:14 witherspoon systemd-tmpfiles[896]: "/var/log" already exists and is not a directory.
Aug 01 01:45:14 witherspoon systemd[1]: Started Load/Save Random Seed.
Aug 01 01:45:14 witherspoon systemd[1]: Started Rebuild Journal Catalog.
Aug 01 01:45:14 witherspoon systemd[1]: Started Create Volatile Files and Directories.
Aug 01 01:45:14 witherspoon systemd[1]: Started udev Kernel Device Manager.
Aug 01 01:45:14 witherspoon systemd[1]: Starting Network Time Synchronization...
Aug 01 01:45:15 witherspoon systemd[1]: Starting Run pending postinsts...
Aug 01 01:45:15 witherspoon systemd[1]: Starting Update is Completed...
Aug 01 01:45:16 witherspoon systemd[1]: Started Update is Completed.
Aug 01 01:45:17 witherspoon systemd[1]: Found device /dev/aspeed-lpc-ctrl.
Aug 01 01:45:17 witherspoon systemd[1]: Found device /dev/aspeed-mbox.
Aug 01 01:45:17 witherspoon systemd[1]: Found device /dev/ttyS4.
Aug 01 01:45:17 witherspoon systemd[1]: Found device /dev/ttyVUART0.
Aug 01 01:45:17 witherspoon systemd[1]: dev-hugepages.mount: Couldn't determine result for ConditionVirtualization=!private-users, assuming failed: No such file or directory
Aug 01 01:45:17 witherspoon systemd[1]: Created slice system-xyz.openbmc_project.Hwmon.slice.
Aug 01 01:45:17 witherspoon systemd[1]: dev-hugepages.mount: Couldn't determine result for ConditionVirtualization=!private-users, assuming failed: No such file or directory
Aug 01 01:45:17 witherspoon systemd[1]: dev-hugepages.mount: Couldn't determine result for ConditionVirtualization=!private-users, assuming failed: No such file or directory
Aug 01 01:45:17 witherspoon systemd[1]: Created slice system-xyz.openbmc_project.led.controller.slice.
Aug 01 01:45:17 witherspoon systemd[1]: dev-hugepages.mount: Couldn't determine result for ConditionVirtualization=!private-users, assuming failed: No such file or directory
Aug 01 01:45:17 witherspoon systemd[1]: dev-hugepages.mount: Couldn't determine result for ConditionVirtualization=!private-users, assuming failed: No such file or directory
Aug 01 01:45:17 witherspoon systemd[1]: dev-hugepages.mount: Couldn't determine result for ConditionVirtualization=!private-users, assuming failed: No such file or directory
Aug 01 01:45:17 witherspoon systemd[1]: dev-hugepages.mount: Couldn't determine result for ConditionVirtualization=!private-users, assuming failed: No such file or directory
Aug 01 01:45:17 witherspoon systemd[1]: dev-hugepages.mount: Couldn't determine result for ConditionVirtualization=!private-users, assuming failed: No such file or directory
Aug 01 01:45:17 witherspoon systemd[1]: dev-hugepages.mount: Couldn't determine result for ConditionVirtualization=!private-users, assuming failed: No such file or directory
Aug 01 01:45:18 witherspoon systemd[1]: dev-hugepages.mount: Couldn't determine result for ConditionVirtualization=!private-users, assuming failed: No such file or directory
Aug 01 01:45:19 witherspoon systemd[1]: Started Network Time Synchronization.
Aug 01 01:45:19 witherspoon systemd[1]: Reached target System Time Synchronized.
Aug 01 01:45:19 witherspoon run-postinsts[911]: Running postinst /etc/rpm-postinsts/libglib-2.0-0...
Aug 01 01:45:19 witherspoon run-postinsts[911]: rm: can't remove '/etc/rpm-postinsts': Invalid argument
Aug 01 01:45:19 witherspoon run-postinsts[911]:  Removing any system startup links for run-postinsts ...
Aug 01 01:45:20 witherspoon systemctl[936]: Removed /etc/systemd/system/sysinit.target.wants/run-postinsts.service.
Aug 01 01:45:20 witherspoon systemd[1]: Reloading.
Aug 01 01:45:23 witherspoon systemd[1]: Started Run pending postinsts.
Aug 01 01:45:23 witherspoon systemd[1]: Reached target System Initialization.
Aug 01 01:45:23 witherspoon systemd[1]: Listening on Avahi mDNS/DNS-SD Stack Activation Socket.
Aug 01 01:45:23 witherspoon systemd[1]: Listening on Phosphor Webserver socket.
Aug 01 01:45:23 witherspoon systemd[1]: Listening on Phosphor Host Console SSH Per-Connection socket.
Aug 01 01:45:23 witherspoon systemd[1]: Listening on D-Bus System Message Bus Socket.
Aug 01 01:45:23 witherspoon systemd[1]: Listening on dropbear.socket.
Aug 01 01:45:23 witherspoon systemd[1]: Listening on phosphor-ipmi-net.socket.
Aug 01 01:45:23 witherspoon systemd[1]: Started Daily Cleanup of Temporary Directories.
Aug 01 01:45:23 witherspoon systemd[1]: Reached target Timers.
Aug 01 01:45:23 witherspoon systemd[1]: Listening on Phosphor DBUS Browser socket.
Aug 01 01:45:23 witherspoon systemd[1]: Reached target Sockets.
Aug 01 01:45:23 witherspoon systemd[1]: Reached target Basic System.
Aug 01 01:45:23 witherspoon systemd[1]: Starting Phosphor Dump Manager...
Aug 01 01:45:23 witherspoon systemd[1]: Starting Clear one time boot overrides...
Aug 01 01:45:23 witherspoon systemd[1]: Starting Attach the PNOR mtd device to UBI...
Aug 01 01:45:24 witherspoon systemd[1]: Started Phosphor sysfs LED controller.
Aug 01 01:45:24 witherspoon systemd[1]: Started Phosphor Dump core monitor..
Aug 01 01:45:24 witherspoon systemd[1]: Starting Phosphor Inventory Manager...
Aug 01 01:45:24 witherspoon systemd[1]: Starting Phosphor IPMI BT DBus Bridge...
Aug 01 01:45:24 witherspoon systemd[1]: Started Phosphor sysfs LED controller.
Aug 01 01:45:24 witherspoon systemd[1]: Started System Logging Service.
Aug 01 01:45:24 witherspoon systemd[1]: Started Hardware RNG Entropy Gatherer Daemon.
Aug 01 01:45:24 witherspoon systemd[1]: Started Phosphor sysfs LED controller.
Aug 01 01:45:24 witherspoon systemd[1]: Started Phosphor Console Muxer listening on device /dev/ttyVUART0.
Aug 01 01:45:24 witherspoon systemd[1]: Started Kernel Logging Service.
Aug 01 01:45:24 witherspoon systemd[1]: Started Phosphor sysfs LED controller.
Aug 01 01:45:24 witherspoon kernel[963]: klogd started: BusyBox v1.24.1 (2017-06-16 19:29:08 UTC)
Aug 01 01:45:24 witherspoon kernel[963]: [    0.000000] Booting Linux on physical CPU 0x0
Aug 01 01:45:24 witherspoon kernel[963]: [    0.000000] Linux version 4.10.17-44f0dc8ac43162c4f7082884d6cd79400341bf5b (jenkins@openbmc-builder1) (gcc version 6.2.0 (GCC) ) #1 Mon Jul 31 22:47:51 UTC 2017
Aug 01 01:45:24 witherspoon kernel[963]: [    0.000000] CPU: ARMv6-compatible processor [410fb767] revision 7 (ARMv7), cr=00c5387d
Aug 01 01:45:24 witherspoon kernel[963]: [    0.000000] CPU: PIPT / VIPT nonaliasing data cache, VIPT nonaliasing instruction cache
Aug 01 01:45:24 witherspoon kernel[963]: [    0.000000] OF: fdt:Machine model: Witherspoon BMC
Aug 01 01:45:24 witherspoon kernel[963]: [    0.000000] Memory policy: Data cache writeback
Aug 01 01:45:24 witherspoon kernel[963]: [    0.000000] SOC Rev: 04030303
Aug 01 01:45:25 witherspoon systemd[1]: Started Phosphor sysfs LED controller.
Aug 01 01:45:25 witherspoon kernel[963]: [    0.000000] On node 0 totalpages: 110592
Aug 01 01:45:25 witherspoon kernel[963]: [    0.000000] free_area_init_node: node 0, pgdat 805ff5e4, node_mem_map 9ec1a000
Aug 01 01:45:25 witherspoon kernel[963]: [    0.000000]   Normal zone: 992 pages used for memmap
Aug 01 01:45:25 witherspoon kernel[963]: [    0.000000]   Normal zone: 0 pages reserved
Aug 01 01:45:25 witherspoon kernel[963]: [    0.000000]   Normal zone: 110592 pages, LIFO batch:31
Aug 01 01:45:25 witherspoon kernel[963]: [    0.000000] pcpu-alloc: s0 r0 d32768 u32768 alloc=1*32768
Aug 01 01:45:25 witherspoon kernel[963]: [    0.000000] pcpu-alloc: [0] 0
Aug 01 01:45:25 witherspoon kernel[963]: [    0.000000] Built 1 zonelists in Zone order, mobility grouping on.  Total pages: 109600
Aug 01 01:45:25 witherspoon kernel[963]: [    0.000000] Kernel command line: console=ttyS4,115200n8 root=/dev/ram rw
Aug 01 01:45:25 witherspoon kernel[963]: [    0.000000] PID hash table entries: 2048 (order: 1, 8192 bytes)
Aug 01 01:45:25 witherspoon kernel[963]: [    0.000000] Dentry cache hash table entries: 65536 (order: 6, 262144 bytes)
Aug 01 01:45:25 witherspoon kernel[963]: [    0.000000] Inode-cache hash table entries: 32768 (order: 5, 131072 bytes)
Aug 01 01:45:25 witherspoon kernel[963]: [    0.000000] Memory: 430436K/442368K available (4065K kernel code, 280K rwdata, 1192K rodata, 284K init, 111K bss, 11932K reserved, 0K cma-reserved)
Aug 01 01:45:25 witherspoon kernel[963]: [    0.000000] Virtual kernel memory layout:
Aug 01 01:45:25 witherspoon kernel[963]: [    0.000000]     vector  : 0xffff0000 - 0xffff1000   (   4 kB)
Aug 01 01:45:25 witherspoon kernel[963]: [    0.000000]     fixmap  : 0xffc00000 - 0xfff00000   (3072 kB)
Aug 01 01:45:25 witherspoon kernel[963]: [    0.000000]     vmalloc : 0x9f800000 - 0xff800000   (1536 MB)
Aug 01 01:45:25 witherspoon kernel[963]: [    0.000000]     lowmem  : 0x80000000 - 0x9f000000   ( 496 MB)
Aug 01 01:45:25 witherspoon kernel[963]: [    0.000000]       .text : 0x80008000 - 0x804007a0   (4066 kB)
Aug 01 01:45:25 witherspoon kernel[963]: [    0.000000]       .init : 0x80585000 - 0x805cc000   ( 284 kB)
Aug 01 01:45:25 witherspoon kernel[963]: [    0.000000]       .data : 0x805cc000 - 0x80612358   ( 281 kB)
Aug 01 01:45:25 witherspoon kernel[963]: [    0.000000]        .bss : 0x80612358 - 0x8062e1f8   ( 112 kB)
Aug 01 01:45:25 witherspoon kernel[963]: [    0.000000] NR_IRQS:16 nr_irqs:16 16
Aug 01 01:45:25 witherspoon kernel[963]: [    0.000000] i2c controller registered, irq 16
Aug 01 01:45:25 witherspoon kernel[963]: [    0.000000] clocksource: moxart_timer: mask: 0xffffffff max_cycles: 0xffffffff, max_idle_ns: 77222644334 ns
Aug 01 01:45:25 witherspoon kernel[963]: [    0.000000] sched_clock: 32 bits at 100 Hz, resolution 10000000ns, wraps every 21474836475000000ns
Aug 01 01:45:25 witherspoon kernel[963]: [    0.090000] Calibrating delay loop... 789.70 BogoMIPS (lpj=3948544)
Aug 01 01:45:25 witherspoon kernel[963]: [    0.090000] pid_max: default: 32768 minimum: 301
Aug 01 01:45:25 witherspoon kernel[963]: [    0.090000] Mount-cache hash table entries: 1024 (order: 0, 4096 bytes)
Aug 01 01:45:25 witherspoon kernel[963]: [    0.090000] Mountpoint-cache hash table entries: 1024 (order: 0, 4096 bytes)
Aug 01 01:45:25 witherspoon kernel[963]: [    0.090000] CPU: Testing write buffer coherency: ok
Aug 01 01:45:25 witherspoon kernel[963]: [    0.090000] ftrace: allocating 14932 entries in 44 pages
Aug 01 01:45:25 witherspoon kernel[963]: [    0.120000] Setting up static identity map for 0x80008200 - 0x8000825c
Aug 01 01:45:26 witherspoon kernel: ubi7: default fastmap pool size: 100
Aug 01 01:45:26 witherspoon kernel: ubi7: default fastmap WL pool size: 50
Aug 01 01:45:26 witherspoon kernel: ubi7: attaching mtd7
Aug 01 01:45:25 witherspoon systemd[1]: Starting Phosphor Chassis0 Control...
Aug 01 01:45:25 witherspoon kernel[963]: [    0.120000] devtmpfs: initialized
Aug 01 01:45:25 witherspoon systemd[1]: Starting Phosphor User Manager...
Aug 01 01:45:25 witherspoon kernel[963]: [    0.140000] clocksource: jiffies: mask: 0xffffffff max_cycles: 0xffffffff, max_idle_ns: 19112604462750000 ns
Aug 01 01:45:25 witherspoon systemd[1]: Starting Phosphor LED Group Management Daemon...
Aug 01 01:45:25 witherspoon kernel[963]: [    0.140000] futex hash table entries: 256 (order: -1, 3072 bytes)
Aug 01 01:45:25 witherspoon systemd[1]: Started Phosphor sysfs LED controller.
Aug 01 01:45:25 witherspoon kernel[963]: [    0.140000] pinctrl core: initialized pinctrl subsystem
Aug 01 01:45:25 witherspoon systemd[1]: Started Phosphor sysfs LED controller.
Aug 01 01:45:25 witherspoon kernel[963]: [    0.140000] NET: Registered protocol family 16
Aug 01 01:45:25 witherspoon systemd[1]: Started Phosphor sysfs LED controller.
Aug 01 01:45:25 witherspoon kernel[963]: [    0.140000] DMA: preallocated 256 KiB pool for atomic coherent allocations
Aug 01 01:45:25 witherspoon systemd[1]: Started Phosphor MBOX Daemon.
Aug 01 01:45:25 witherspoon kernel[963]: [    0.210000] usbcore: registered new interface driver usbfs
Aug 01 01:45:25 witherspoon kernel[963]: [    0.210000] usbcore: registered new interface driver hub
Aug 01 01:45:26 witherspoon kernel: ubi7: scanning is finished
Aug 01 01:45:26 witherspoon kernel: ubi7 error: ubi_read_volume_table: the layout volume was not found
Aug 01 01:45:26 witherspoon kernel: ubi7 error: ubi_attach_mtd_dev: failed to attach mtd7, error -22
Aug 01 01:45:26 witherspoon obmc-flash-bios[950]: ubiattach: error!: cannot attach mtd7
Aug 01 01:45:26 witherspoon obmc-flash-bios[950]:            error 22 (Invalid argument)
Aug 01 01:45:25 witherspoon kernel[963]: [    0.210000] usbcore: registered new device driver usb
Aug 01 01:45:26 witherspoon obmc-flash-bios[950]: Starting ubiformat /dev/mtd7
Aug 01 01:45:25 witherspoon kernel[963]: [    0.220000] clocksource: Switched to clocksource moxart_timer
Aug 01 01:45:25 witherspoon kernel[963]: [    0.240000] NET: Registered protocol family 2
Aug 01 01:45:25 witherspoon kernel[963]: [    0.240000] TCP established hash table entries: 4096 (order: 2, 16384 bytes)
Aug 01 01:45:25 witherspoon kernel[963]: [    0.240000] TCP bind hash table entries: 4096 (order: 2, 16384 bytes)
Aug 01 01:45:25 witherspoon kernel[963]: [    0.240000] TCP: Hash tables configured (established 4096 bind 4096)
Aug 01 01:45:25 witherspoon kernel[963]: [    0.240000] UDP hash table entries: 256 (order: 0, 4096 bytes)
Aug 01 01:45:25 witherspoon kernel[963]: [    0.240000] UDP-Lite hash table entries: 256 (order: 0, 4096 bytes)
Aug 01 01:45:25 witherspoon kernel[963]: [    0.240000] NET: Registered protocol family 1
Aug 01 01:45:25 witherspoon kernel[963]: [    0.240000] Trying to unpack rootfs image as initramfs...
Aug 01 01:45:25 witherspoon kernel[963]: [    1.910000] Freeing initrd memory: 1548K
Aug 01 01:45:25 witherspoon kernel[963]: [    1.910000] workingset: timestamp_bits=30 max_order=17 bucket_order=0
Aug 01 01:45:25 witherspoon kernel[963]: [    1.910000] squashfs: version 4.0 (2009/01/31) Phillip Lougher
Aug 01 01:45:26 witherspoon systemd[1]: Started D-Bus System Message Bus.
Aug 01 01:45:25 witherspoon kernel[963]: [    1.910000] jffs2: version 2.2. (SUMMARY)  © 2001-2006 Red Hat, Inc.
Aug 01 01:45:25 witherspoon kernel[963]: [    1.910000] Block layer SCSI generic (bsg) driver version 0.4 loaded (major 250)
Aug 01 01:45:25 witherspoon kernel[963]: [    1.910000] io scheduler noop registered
Aug 01 01:45:25 witherspoon kernel[963]: [    1.910000] io scheduler deadline registered
Aug 01 01:45:25 witherspoon kernel[963]: [    1.910000] io scheduler cfq registered (default)
Aug 01 01:45:25 witherspoon kernel[963]: [    2.060000] ipmi-bt-host 1e789140.ibt: Found bt bmc device
Aug 01 01:45:25 witherspoon kernel[963]: [    2.060000] ipmi-bt-host 1e789140.ibt: Using IRQ 22
Aug 01 01:45:25 witherspoon kernel[963]: [    2.060000] Serial: 8250/16550 driver, 6 ports, IRQ sharing enabled
Aug 01 01:45:25 witherspoon kernel[963]: [    2.060000] 1e783000.serial: ttyS0 at MMIO 0x1e783000 (irq = 23, base_baud = 1500000) is a 16550A
Aug 01 01:45:25 witherspoon kernel[963]: [    2.060000] 1e78d000.serial: ttyS1 at MMIO 0x1e78d000 (irq = 24, base_baud = 1500000) is a 16550A
Aug 01 01:45:25 witherspoon kernel[963]: [    2.060000] 1e784000.serial: ttyS4 at MMIO 0x1e784000 (irq = 25, base_baud = 1500000) is a 16550A
Aug 01 01:45:25 witherspoon kernel[963]: [    2.410000] console [ttyS4] enabled
Aug 01 01:45:25 witherspoon kernel[963]: [    2.410000] 1e787000.vuart: ttyS2 at MMIO 0x1e787000 (irq = 22, base_baud = 1500000) is a 16550A
Aug 01 01:45:25 witherspoon kernel[963]: [    2.600000] timeriomem_rng 1e6e2078.hwrng: 32bits from 0xf00e2078 @ 1us
Aug 01 01:45:25 witherspoon kernel[963]: [    2.610000] random: fast init done
Aug 01 01:45:25 witherspoon kernel[963]: [    2.640000] brd: module loaded
Aug 01 01:45:25 witherspoon kernel[963]: [    2.680000] loop: module loaded
Aug 01 01:45:25 witherspoon kernel[963]: [    2.680000] aspeed-lpc-ctrl 1e789080.lpc-ctrl: Loaded at 0x98000000 (0x04000000)
Aug 01 01:45:25 witherspoon kernel[963]: [    2.690000] aspeed-smc 1e620000.flash-controller: Using IRQ 18
Aug 01 01:45:25 witherspoon kernel[963]: [    2.690000] aspeed-smc 1e620000.flash-controller: DMA support disabled.
Aug 01 01:45:25 witherspoon kernel[963]: [    2.710000] aspeed-smc 1e620000.flash-controller: mx25l25635e (32768 Kbytes)
Aug 01 01:45:25 witherspoon kernel[963]: [    2.710000] aspeed-smc 1e620000.flash-controller: CE0 window [ 0x20000000 - 0x22000000 ] 32MB
Aug 01 01:45:25 witherspoon kernel[963]: [    2.710000] aspeed-smc 1e620000.flash-controller: CE1 window [ 0x22000000 - 0x2a000000 ] 128MB
Aug 01 01:45:25 witherspoon kernel[963]: [    2.710000] 5 ofpart partitions found on MTD device bmc
Aug 01 01:45:25 witherspoon kernel[963]: [    2.740000] Creating 5 MTD partitions on "bmc":
Aug 01 01:45:25 witherspoon kernel[963]: [    2.750000] 0x000000000000-0x000000060000 : "u-boot"
Aug 01 01:45:25 witherspoon kernel[963]: [    2.750000] 0x000000060000-0x000000080000 : "u-boot-env"
Aug 01 01:45:25 witherspoon kernel[963]: [    2.770000] 0x000000080000-0x0000004c0000 : "kernel"
Aug 01 01:45:25 witherspoon kernel[963]: [    2.770000] 0x0000004c0000-0x000001c00000 : "rofs"
Aug 01 01:45:25 witherspoon kernel[963]: [    2.780000] random: crng init done
Aug 01 01:45:25 witherspoon kernel[963]: [    2.790000] 0x000001c00000-0x000002000000 : "rwfs"
Aug 01 01:45:25 witherspoon kernel[963]: [    2.790000] aspeed-smc 1e620000.flash-controller: mx25l25635e (32768 Kbytes)
Aug 01 01:45:25 witherspoon kernel[963]: [    2.810000] aspeed-smc 1e620000.flash-controller: CE1 window [ 0x22000000 - 0x24000000 ] 32MB
Aug 01 01:45:25 witherspoon kernel[963]: [    2.810000] aspeed-smc 1e620000.flash-controller: CE2 window [ 0x24000000 - 0x2c000000 ] 128MB
Aug 01 01:45:25 witherspoon kernel[963]: [    2.830000] aspeed-smc 1e630000.flash-controller: mx66l1g45g (131072 Kbytes)
Aug 01 01:45:25 witherspoon kernel[963]: [    2.840000] aspeed-smc 1e630000.flash-controller: CE0 window resized to 120MB (AST2500 HW quirk)
Aug 01 01:45:25 witherspoon kernel[963]: [    2.840000] aspeed-smc 1e630000.flash-controller: CE0 window [ 0x30000000 - 0x37800000 ] 120MB
Aug 01 01:45:25 witherspoon kernel[963]: [    2.840000] aspeed-smc 1e630000.flash-controller: CE0 window too small for chip 128MB
Aug 01 01:45:25 witherspoon kernel[963]: [    2.860000] aspeed-smc 1e630000.flash-controller: CE1 window [ 0x37800000 - 0x38000000 ] 8MB
Aug 01 01:45:25 witherspoon kernel[963]: [    3.610000] libphy: Fixed MDIO Bus: probed
Aug 01 01:45:25 witherspoon kernel[963]: [    3.610000] ftgmac100 1e660000.ethernet: Read MAC address 70:e2:84:14:28:a9 from chip
Aug 01 01:45:25 witherspoon kernel[963]: [    3.610000] ftgmac100 1e660000.ethernet: Using NCSI interface
Aug 01 01:45:25 witherspoon kernel[963]: [    3.610000] ftgmac100 1e660000.ethernet eth0: irq 20, mapped at f0060000
Aug 01 01:45:25 witherspoon kernel[963]: [    3.610000] ehci_hcd: USB 2.0 'Enhanced' Host Controller (EHCI) Driver
Aug 01 01:45:25 witherspoon kernel[963]: [    3.610000] ehci-platform: EHCI generic platform driver
Aug 01 01:45:25 witherspoon kernel[963]: [    3.840000]  fsi0: can't read slave 00:00 -5
Aug 01 01:45:25 witherspoon kernel[963]: [    3.840000] i2c /dev entries driver
Aug 01 01:45:25 witherspoon kernel[963]: [    3.840000] aspeed-i2c-bus 1e78a0c0.i2c-bus: i2c bus 2 registered, irq 26
Aug 01 01:45:25 witherspoon kernel[963]: [    3.840000] aspeed-i2c-bus 1e78a100.i2c-bus: i2c bus 3 registered, irq 27
Aug 01 01:45:25 witherspoon kernel[963]: [    3.840000] aspeed-i2c-bus 1e78a140.i2c-bus: i2c bus 4 registered, irq 28
Aug 01 01:45:25 witherspoon kernel[963]: [    3.840000] aspeed-i2c-bus 1e78a180.i2c-bus: i2c bus 5 registered, irq 29
Aug 01 01:45:25 witherspoon kernel[963]: [    3.840000] aspeed-i2c-bus 1e78a380.i2c-bus: i2c bus 9 registered, irq 30
Aug 01 01:45:25 witherspoon kernel[963]: [    3.840000] aspeed-i2c-bus 1e78a3c0.i2c-bus: i2c bus 10 registered, irq 31
Aug 01 01:45:25 witherspoon kernel[963]: [    3.840000] rtc-rv8803 11-0032: Voltage low, temperature compensation stopped.
Aug 01 01:45:25 witherspoon kernel[963]: [    3.940000] rtc-rv8803 11-0032: rtc core: registered rx8900 as rtc0
Aug 01 01:45:25 witherspoon kernel[963]: [    3.950000] at24 11-0051: 8192 byte 24c64 EEPROM, writable, 1 bytes/write
Aug 01 01:45:25 witherspoon kernel[963]: [    3.950000] aspeed-i2c-bus 1e78a400.i2c-bus: i2c bus 11 registered, irq 32
Aug 01 01:45:25 witherspoon kernel[963]: [    3.950000] aspeed-i2c-bus 1e78a440.i2c-bus: i2c bus 12 registered, irq 33
Aug 01 01:45:25 witherspoon kernel[963]: [    3.950000] aspeed-i2c-bus 1e78a480.i2c-bus: i2c bus 13 registered, irq 34
Aug 01 01:45:25 witherspoon kernel[963]: [    3.950000] Driver for 1-wire Dallas network protocol.
Aug 01 01:45:25 witherspoon kernel[963]: [    3.950000] lm75 9-004a: hwmon0: sensor 'tmp275'
Aug 01 01:45:25 witherspoon kernel[963]: [    4.770000] ucd9000 11-0064: Device ID UCD90160|2.3.4.0000|110603
Aug 01 01:45:25 witherspoon kernel[963]: [    5.090000] leds-pca955x 3-0060: leds-pca955x: Using pca9552 16-bit LED driver at slave address 0x60
Aug 01 01:45:25 witherspoon kernel[963]: [    5.120000] leds-pca955x 11-0060: leds-pca955x: Using pca9552 16-bit LED driver at slave address 0x60
Aug 01 01:45:25 witherspoon kernel[963]: [    5.130000] leds-pca955x 11-0060: gpios 264...279
Aug 01 01:45:25 witherspoon kernel[963]: [    5.130000] usbcore: registered new interface driver usbhid
Aug 01 01:45:25 witherspoon kernel[963]: [    5.140000] usbhid: USB HID core driver
Aug 01 01:45:25 witherspoon kernel[963]: [    5.170000] dps310 3-0076: iio:device1: sensor 'dps310'
Aug 01 01:45:25 witherspoon kernel[963]: [    5.170000] NET: Registered protocol family 10
Aug 01 01:45:25 witherspoon kernel[963]: [    5.180000] Segment Routing with IPv6
Aug 01 01:45:25 witherspoon kernel[963]: [    5.180000] NET: Registered protocol family 17
Aug 01 01:45:25 witherspoon kernel[963]: [    5.180000] 8021q: 802.1Q VLAN Support v1.8
Aug 01 01:45:25 witherspoon kernel[963]: [    5.200000] console [netcon0] enabled
Aug 01 01:45:25 witherspoon kernel[963]: [    5.200000] netconsole: network logging started
Aug 01 01:45:25 witherspoon kernel[963]: [    5.200000] input: gpio-keys as /devices/platform/gpio-keys/input/input0
Aug 01 01:45:25 witherspoon kernel[963]: [    5.220000] rtc-rv8803 11-0032: setting system clock to 2017-08-01 01:44:57 UTC (1501551897)
Aug 01 01:45:25 witherspoon kernel[963]: [    5.230000] Freeing unused kernel memory: 284K
Aug 01 01:45:25 witherspoon kernel[963]: [    5.230000] This architecture does not have kernel memory protection.
Aug 01 01:45:25 witherspoon kernel[963]: [    6.780000] jffs2: notice: (526) jffs2_build_xattr_subsystem: complete building xattr subsystem, 0 of xdatum (0 unchecked, 0 orphan) and 0 of xref (0 dead, 0 orphan) found.
Aug 01 01:45:25 witherspoon kernel[963]: [    9.020000] systemd[1]: Failed to insert module 'autofs4': No such file or directory
Aug 01 01:45:25 witherspoon kernel[963]: [    9.020000] systemd[1]: systemd 232 running in system mode. (+PAM -AUDIT -SELINUX -IMA -APPARMOR -SMACK +SYSVINIT -UTMP -LIBCRYPTSETUP -GCRYPT -GNUTLS +ACL +XZ -LZ4 -SECCOMP +BLKID -ELFUTILS +KMOD -IDN)
Aug 01 01:45:25 witherspoon kernel[963]: [    9.020000] systemd[1]: Detected architecture arm.
Aug 01 01:45:25 witherspoon kernel[963]: [    9.260000] systemd[1]: Set hostname to <witherspoon>.
Aug 01 01:45:25 witherspoon kernel[963]: [   11.060000] systemd[1]: Listening on Network Service Netlink Socket.
Aug 01 01:45:25 witherspoon kernel[963]: [   11.200000] systemd[1]: Listening on Syslog Socket.
Aug 01 01:45:25 witherspoon kernel[963]: [   11.340000] systemd[1]: Started Forward Password Requests to Wall Directory Watch.
Aug 01 01:45:25 witherspoon kernel[963]: [   11.490000] systemd[1]: Listening on Journal Socket.
Aug 01 01:45:25 witherspoon kernel[963]: [   11.640000] systemd[1]: Listening on Journal Socket (/dev/log).
Aug 01 01:45:25 witherspoon kernel[963]: [   11.800000] systemd[1]: Started Dispatch Password Requests to Console Directory Watch.
Aug 01 01:45:25 witherspoon kernel[963]: [   11.960000] systemd[1]: Reached target Paths.
Aug 01 01:45:25 witherspoon kernel[963]: [   14.080000] systemd[1]: Created slice system-phosphor\x2ddiscover\x2dsystem\x2dstate.slice.
Aug 01 01:45:25 witherspoon kernel[963]: [   14.300000] systemd[1]: Created slice system-org.openbmc.control.Chassis.slice.
Aug 01 01:45:25 witherspoon kernel[963]: [   14.530000] systemd[1]: Starting udev Coldplug all Devices...
Aug 01 01:45:25 witherspoon kernel[963]: [   14.760000] systemd[1]: Created slice system-obmc\x2dled\x2dgroup\x2dstart.slice.
Aug 01 01:45:25 witherspoon kernel[963]: [   15.000000] systemd[1]: Created slice system-org.openbmc.control.Power.slice.
Aug 01 01:45:25 witherspoon kernel[963]: [   15.240000] systemd[1]: Reached target Slices.
Aug 01 01:45:25 witherspoon kernel[963]: [   15.490000] systemd[1]: Created slice system-phosphor\x2dcooling\x2dtype.slice.
Aug 01 01:45:25 witherspoon kernel[963]: [   15.740000] systemd[1]: Starting Remount Root and Kernel File Systems...
Aug 01 01:45:25 witherspoon kernel[963]: [   16.000000] systemd[1]: dev-hugepages.mount: Couldn't determine result for ConditionVirtualization=!private-users, assuming failed: No such file or directory
Aug 01 01:45:25 witherspoon kernel[963]: [   16.000000] systemd[1]: Created slice system-getty.slice.
Aug 01 01:45:25 witherspoon kernel[963]: [   19.160000] systemd[1]: Mounted Debug File System.
Aug 01 01:45:25 witherspoon kernel[963]: [   19.480000] systemd[1]: Mounted Temporary Directory.
Aug 01 01:45:25 witherspoon kernel[963]: [   19.480000] systemd[1]: Started Journal Service.
Aug 01 01:45:25 witherspoon kernel[963]: [   20.800000] systemd-journald[544]: Received request to flush runtime journal from PID 1
Aug 01 01:45:26 witherspoon kernel[963]: [   33.940000] ubi7: default fastmap pool size: 100
Aug 01 01:45:26 witherspoon kernel[963]: [   33.940000] ubi7: default fastmap WL pool size: 50
Aug 01 01:45:26 witherspoon kernel[963]: [   33.940000] ubi7: attaching mtd7
Aug 01 01:45:26 witherspoon kernel[963]: [   34.450000] ubi7: scanning is finished
Aug 01 01:45:26 witherspoon kernel[963]: [   34.450000] ubi7 error: ubi_read_volume_table: the layout volume was not found
Aug 01 01:45:26 witherspoon kernel[963]: [   34.450000] ubi7 error: ubi_attach_mtd_dev: failed to attach mtd7, error -22
Aug 01 01:45:30 witherspoon systemd[1]: Started Phosphor IPMI BT DBus Bridge.
Aug 01 01:45:30 witherspoon systemd[1]: Starting Network Service...
Aug 01 01:45:30 witherspoon systemd[1]: Starting OpenBMC Software Update Manager...
Aug 01 01:45:30 witherspoon systemd[1]: Reached target Containers.
Aug 01 01:45:30 witherspoon systemd[1]: Starting Phosphor Inventory Manager...
Aug 01 01:45:30 witherspoon systemd[1]: Starting Phosphor Download Manager...
Aug 01 01:45:30 witherspoon systemd[1]: Starting Phosphor Settings Daemon...
Aug 01 01:45:30 witherspoon systemd[1]: Starting Phosphor Log Manager...
Aug 01 01:45:31 witherspoon systemd[1]: Starting Phosphor Download Manager...
Aug 01 01:45:32 witherspoon systemd[1]: Started Phosphor sysfs LED controller.
Aug 01 01:45:32 witherspoon systemd[1]: Starting Phosphor Sensor Manager...
Aug 01 01:45:32 witherspoon systemd[1]: Starting Phosphor DBus Service Discovery Manager...
Aug 01 01:45:32 witherspoon systemd[1]: Started Phosphor sysfs LED controller.
Aug 01 01:45:32 witherspoon systemd-networkd[979]: Could not create runtime directory: File exists
Aug 01 01:45:32 witherspoon systemd-networkd[979]: Could not create runtime directory 'links': File exists
Aug 01 01:45:32 witherspoon systemd-networkd[979]: Could not create runtime directory 'leases': File exists
Aug 01 01:45:32 witherspoon systemd[1]: Starting Phosphor BMC0 Control...
Aug 01 01:45:32 witherspoon systemd[1]: Starting Phosphor Network Manager...
Aug 01 01:45:32 witherspoon systemd[1]: Starting Avahi mDNS/DNS-SD Stack...
Aug 01 01:45:33 witherspoon systemd[1]: Started Clear one time boot overrides.
Aug 01 01:45:33 witherspoon systemd[1]: Started Phosphor LED Group Management Daemon.
Aug 01 01:45:33 witherspoon systemd[1]: Started OpenBMC Software Update Manager.
Aug 01 01:45:34 witherspoon systemd[1]: Started Phosphor Download Manager.
Aug 01 01:45:35 witherspoon systemd[1]: Started Phosphor Inventory Manager.
Aug 01 01:45:35 witherspoon avahi-daemon[992]: Found user 'avahi' (UID 998) and group 'avahi' (GID 999).
Aug 01 01:45:35 witherspoon avahi-daemon[992]: Successfully dropped root privileges.
Aug 01 01:45:35 witherspoon avahi-daemon[992]: avahi-daemon 0.6.32 starting up.
Aug 01 01:45:35 witherspoon avahi-daemon[992]: Successfully called chroot().
Aug 01 01:45:35 witherspoon avahi-daemon[992]: Successfully dropped remaining capabilities.
Aug 01 01:45:35 witherspoon avahi-daemon[992]: Loading service file /services/obmc_console.service.
Aug 01 01:45:35 witherspoon avahi-daemon[992]: Loading service file /services/phosphor_rest.service.
Aug 01 01:45:35 witherspoon avahi-daemon[992]: Loading service file /services/sftp-ssh.service.
Aug 01 01:45:35 witherspoon systemd[1]: Started Avahi mDNS/DNS-SD Stack.
Aug 01 01:45:35 witherspoon avahi-daemon[992]: Loading service file /services/sftp.service.
Aug 01 01:45:35 witherspoon avahi-daemon[992]: Loading service file /services/ssh.service.
Aug 01 01:45:35 witherspoon avahi-daemon[992]: Network interface enumeration completed.
Aug 01 01:45:35 witherspoon avahi-daemon[992]: Server startup complete. Host name is witherspoon.local. Local service cookie is 946920244.
Aug 01 01:45:35 witherspoon avahi-daemon[992]: Service "witherspoon" (/services/ssh.service) successfully established.
Aug 01 01:45:35 witherspoon avahi-daemon[992]: Service "sftp" (/services/sftp.service) successfully established.
Aug 01 01:45:35 witherspoon avahi-daemon[992]: Service "witherspoon" (/services/sftp-ssh.service) successfully established.
Aug 01 01:45:35 witherspoon avahi-daemon[992]: Service "phosphor_rest" (/services/phosphor_rest.service) successfully established.
Aug 01 01:45:35 witherspoon avahi-daemon[992]: Service "obmc_console" (/services/obmc_console.service) successfully established.
Aug 01 01:45:36 witherspoon systemd-networkd[979]: Enumeration completed
Aug 01 01:45:36 witherspoon systemd[1]: Started Network Service.
Aug 01 01:45:37 witherspoon systemd[1]: Reached target Network.
Aug 01 01:45:37 witherspoon systemd-networkd[979]: eth0: IPv6 enabled for interface: Success
Aug 01 01:45:37 witherspoon systemd[1]: Started Lightweight SLP Server.
Aug 01 01:45:37 witherspoon systemd[1]: Starting Permit User Sessions...
Aug 01 01:45:37 witherspoon avahi-daemon[992]: Joining mDNS multicast group on interface eth0.IPv4 with address 9.3.21.61.
Aug 01 01:45:37 witherspoon avahi-daemon[992]: New relevant interface eth0.IPv4 for mDNS.
Aug 01 01:45:37 witherspoon avahi-daemon[992]: Registering new address record for 9.3.21.61 on eth0.IPv4.
Aug 01 01:45:37 witherspoon systemd-networkd[979]: eth0: Gained carrier
Aug 01 01:45:37 witherspoon systemd-timesyncd[910]: Network configuration changed, trying to establish connection.
Aug 01 01:45:37 witherspoon systemd[1]: Started Permit User Sessions.
Aug 01 01:45:38 witherspoon systemd[1]: Started Serial Getty on ttyS4.
Aug 01 01:45:38 witherspoon systemd[1]: Reached target Login Prompts.
Aug 01 01:45:38 witherspoon systemd[1]: Started Phosphor Log Manager.
Aug 01 01:45:39 witherspoon systemd[1]: Started Phosphor Settings Daemon.
Aug 01 01:45:39 witherspoon avahi-daemon[992]: Joining mDNS multicast group on interface eth0.IPv6 with address fe80::72e2:84ff:fe14:28a9.
Aug 01 01:45:39 witherspoon systemd-networkd[979]: eth0: Gained IPv6LL
Aug 01 01:45:39 witherspoon avahi-daemon[992]: New relevant interface eth0.IPv6 for mDNS.
Aug 01 01:45:39 witherspoon avahi-daemon[992]: Registering new address record for fe80::72e2:84ff:fe14:28a9 on eth0.*.
Aug 01 01:45:40 witherspoon systemd[1]: Started Phosphor Dump Manager.
Aug 01 01:45:41 witherspoon kernel: ftgmac100 1e660000.ethernet eth0: NCSI interface up
Aug 01 01:45:41 witherspoon kernel[963]: [   48.840000] ftgmac100 1e660000.ethernet eth0: NCSI interface up
Aug 01 01:45:49 witherspoon systemd[1]: Created slice system-dropbear.slice.
Aug 01 01:45:49 witherspoon systemd[1]: Started SSH Per-Connection Server (9.41.165.94:46906).
Aug 01 01:45:52 witherspoon systemd-networkd[979]: eth0: Configured
Aug 01 01:45:52 witherspoon systemd-timesyncd[910]: Network configuration changed, trying to establish connection.
Aug 01 01:45:56 witherspoon download_manager.py[982]: Running Download Manager
Aug 01 01:45:56 witherspoon systemd[1]: Started Phosphor Download Manager.
Aug 01 01:45:56 witherspoon systemd[1]: Started Phosphor BMC0 Control.
Aug 01 01:45:56 witherspoon systemd[1]: Started Phosphor Chassis0 Control.
Aug 01 01:45:56 witherspoon chassis_control.py[966]: Running ChassisControlService
Aug 01 01:45:56 witherspoon sensor_manager2.py[987]: Setting boot count to 3
Aug 01 01:45:56 witherspoon systemd[1]: Started Phosphor Sensor Manager.
Aug 01 01:45:56 witherspoon sensor_manager2.py[987]: Starting sensor manager
Aug 01 01:45:57 witherspoon phosphor-mapper[988]: ObjectMapper startup complete.  Discovery in progress...
Aug 01 01:45:57 witherspoon avahi-daemon[995]: ../../avahi-0.6.32/avahi-daemon/chroot.c: open() failed: No such file or directory
Aug 01 01:45:57 witherspoon avahi-daemon[992]: Failed to open /usr/share/dbus-1/interfaces/org.freedesktop.Avahi.Server.xml: Invalid argument
Aug 01 01:45:57 witherspoon avahi-daemon[992]: Failed to load introspection data.
Aug 01 01:46:01 witherspoon dropbear[1003]: Failed loading /etc/dropbear/dropbear_dss_host_key
Aug 01 01:46:01 witherspoon dropbear[1003]: Failed loading /etc/dropbear/dropbear_ecdsa_host_key
Aug 01 01:46:01 witherspoon dropbear[1003]: Child connection from ::ffff:9.41.165.94:46906
Aug 01 01:46:03 witherspoon dropbear[1003]: PAM password auth succeeded for 'root' from ::ffff:9.41.165.94:46906
Aug 01 01:46:04 witherspoon dropbear[1005]: lastlog_perform_login: Couldn't stat /var/log/lastlog: No such file or directory
Aug 01 01:46:04 witherspoon dropbear[1005]: lastlog_openseek: /var/log/lastlog is not a file or directory!
Aug 01 01:46:08 witherspoon obmc-phosphor-userd[967]: Started
Aug 01 01:46:08 witherspoon systemd[1]: Started Phosphor User Manager.
Aug 01 01:46:08 witherspoon inventory_items.py[954]: Loading from cache: /var/cache/obmc/org.openbmc.inventory.system.chassis.motherboard.apss@org.openbmc.InventoryItem.props
Aug 01 01:46:08 witherspoon inventory_items.py[954]: Loading from cache: /var/cache/obmc/org.openbmc.inventory.system.chassis.motherboard@org.openbmc.InventoryItem.props
Aug 01 01:46:08 witherspoon inventory_items.py[954]: Loading from cache: /var/cache/obmc/org.openbmc.inventory.system.chassis.motherboard.refclock@org.openbmc.InventoryItem.props
Aug 01 01:46:08 witherspoon inventory_items.py[954]: Loading from cache: /var/cache/obmc/org.openbmc.inventory.system.chassis.motherboard.todclock@org.openbmc.InventoryItem.props
Aug 01 01:46:08 witherspoon inventory_items.py[954]: Loading from cache: /var/cache/obmc/org.openbmc.inventory.system.chassis.motherboard.bmc@org.openbmc.InventoryItem.props
Aug 01 01:46:08 witherspoon inventory_items.py[954]: Caching: /org/openbmc/inventory/system/chassis/motherboard/bmc
Aug 01 01:46:08 witherspoon inventory_items.py[954]: Loading from cache: /var/cache/obmc/org.openbmc.inventory.system.chassis.motherboard.pcieclock@org.openbmc.InventoryItem.props
Aug 01 01:46:08 witherspoon systemd[1]: Started Phosphor Inventory Manager.
Aug 01 01:46:09 witherspoon netman.py[991]: Started
Aug 01 01:46:09 witherspoon inventory_items.py[954]: Running Inventory Manager
Aug 01 01:46:08 witherspoon systemd[1]: Started Phosphor Network Manager.
Aug 01 01:46:17 witherspoon phosphor-mapper[988]: ObjectMapper discovery complete
Aug 01 01:46:17 witherspoon systemd[1]: Started Phosphor DBus Service Discovery Manager.
Aug 01 01:46:17 witherspoon systemd[1]: Started Phosphor Hwmon Poller.
Aug 01 01:46:17 witherspoon systemd[1]: Started Phosphor Hwmon Poller.
Aug 01 01:46:17 witherspoon systemd[1]: Started Phosphor Hwmon Poller.
Aug 01 01:46:17 witherspoon systemd[1]: Started Phosphor Hwmon Poller.
Aug 01 01:46:17 witherspoon systemd[1]: Started Phosphor Hwmon Poller.
Aug 01 01:46:17 witherspoon systemd[1]: Started Phosphor Hwmon Poller.
Aug 01 01:46:17 witherspoon systemd[1]: Reached target Phosphor Object Mapper.
Aug 01 01:46:17 witherspoon systemd[1]: Starting Wait for /xyz/openbmc_project/state/chassis0...
Aug 01 01:46:17 witherspoon systemd[1]: Starting Wait for /org/openbmc/NetworkManager/Interface...
Aug 01 01:46:17 witherspoon systemd[1]: Starting Wait for /org/openbmc/control/bmc0...
Aug 01 01:46:17 witherspoon systemd[1]: Starting Wait for /org/openbmc/managers/Download...
Aug 01 01:46:17 witherspoon systemd[1]: Starting Wait for /xyz/openbmc_project/led/groups...
Aug 01 01:46:18 witherspoon systemd[1]: Starting Phosphor Network Manager...
Aug 01 01:46:18 witherspoon systemd[1]: Reached target Webserver (pre).
Aug 01 01:46:18 witherspoon systemd[1]: Started Phosphor Webserver.
Aug 01 01:46:18 witherspoon systemd[1]: Starting Wait for /xyz/openbmc_project/led/groups/bmc_booted...
Aug 01 01:46:18 witherspoon systemd[1]: Started Phosphor DBus Monitor.
Aug 01 01:46:18 witherspoon systemd[1]: Starting Wait for /xyz/openbmc_project/control/host0...
Aug 01 01:46:18 witherspoon systemd[1]: Starting Wait for /xyz/openbmc_project/inventory...
Aug 01 01:46:18 witherspoon systemd[1]: Starting Phoshpor System Manager...
Aug 01 01:46:18 witherspoon systemd[1]: Starting Wait for /xyz/openbmc_project/state/host0...
Aug 01 01:46:18 witherspoon systemd[1]: Starting Wait for /org/openbmc/managers/System...
Aug 01 01:46:18 witherspoon systemd[1]: Starting Phosphor Settings Manager...
Aug 01 01:46:18 witherspoon systemd[1]: Starting Wait for /org/openbmc/control/flash/bios...
Aug 01 01:46:18 witherspoon systemd[1]: Starting Wait for /org/openbmc/control/power0...
Aug 01 01:46:24 witherspoon systemd[1]: Started Wait for /org/openbmc/NetworkManager/Interface.
Aug 01 01:46:24 witherspoon systemd[1]: Started Phosphor DNS Settings Cache Manager.
Aug 01 01:46:24 witherspoon systemd[1]: Started Wait for /org/openbmc/control/bmc0.
Aug 01 01:46:24 witherspoon systemd[1]: Started Wait for /org/openbmc/managers/Download.
Aug 01 01:46:24 witherspoon systemd[1]: Starting Phosphor BMC Code Update...
Aug 01 01:46:24 witherspoon systemd[1]: Starting Phosphor BIOS Code Update...
Aug 01 01:46:24 witherspoon systemd[1]: Started Wait for /xyz/openbmc_project/led/groups.
Aug 01 01:46:24 witherspoon systemd[1]: Started FRU Fault monitor service.
Aug 01 01:46:24 witherspoon systemd[1]: Started Wait for /xyz/openbmc_project/led/groups/bmc_booted.
Aug 01 01:46:24 witherspoon systemd[1]: Starting Assert bmc_booted LED...
Aug 01 01:46:24 witherspoon systemd[1]: Started Wait for /xyz/openbmc_project/inventory.
Aug 01 01:46:24 witherspoon systemd[1]: Started Phosphor Cooling Type.
Aug 01 01:46:25 witherspoon phosphor-network-manager[1022]: ConfigParser: Section not found
Aug 01 01:46:25 witherspoon phosphor-network-manager[1022]: The operation failed internally.
Aug 01 01:46:25 witherspoon systemd[1]: Started Phosphor GPIO 0 Presence.
Aug 01 01:46:26 witherspoon systemd[1]: Starting Read OpenPOWER-format VPD from EEPROM...
Aug 01 01:46:26 witherspoon systemd[1]: Starting OpenPOWER OCC controller...
Aug 01 01:46:26 witherspoon systemd[1]: Started Phosphor GPIO 1 Presence.
Aug 01 01:46:26 witherspoon systemd[1]: Started Phosphor BIOS Code Update.
Aug 01 01:46:32 witherspoon phosphor-network-manager[1022]: ConfigParser: Section not found
Aug 01 01:46:32 witherspoon phosphor-network-manager[1022]: The operation failed internally.
Aug 01 01:46:32 witherspoon phosphor-network-manager[1022]: ConfigParser: Key not found
Aug 01 01:46:32 witherspoon phosphor-network-manager[1022]: The operation failed internally.
Aug 01 01:46:32 witherspoon phosphor-gpio-presence[1044]: Updating inventory present property
Aug 01 01:46:32 witherspoon phosphor-gpio-presence[1053]: Updating inventory present property
Aug 01 01:46:33 witherspoon systemd[1]: Started OpenPOWER OCC controller.
Aug 01 01:46:35 witherspoon systemd[1]: Started Assert bmc_booted LED.
Aug 01 01:46:35 witherspoon phosphor-log-manager[984]: Failed to find metadata
Aug 01 01:46:35 witherspoon phosphor-fru-fault-monitor[1040]: /xyz/openbmc_project/logging/entry/1
Aug 01 01:46:38 witherspoon system_manager.py[1028]: Running System State: BASE_APPS
Aug 01 01:46:38 witherspoon settings_manager.py[1031]: Running HostSettingsService
Aug 01 01:46:38 witherspoon systemd[1]: Started Phosphor Settings Manager.
Aug 01 01:46:38 witherspoon systemd[1]: Starting Wait for /org/openbmc/settings/host0...
Aug 01 01:46:38 witherspoon system_manager.py[1028]: SystemManager Init Done
Aug 01 01:46:38 witherspoon system_manager.py[1028]: Running SystemManager
Aug 01 01:46:38 witherspoon systemd[1]: Started Phoshpor System Manager.
Aug 01 01:46:38 witherspoon bmc_update.py[1037]: Running Bmc Flash Control
Aug 01 01:46:38 witherspoon systemd[1]: Started Phosphor BMC Code Update.
Aug 01 01:46:39 witherspoon dbus[978]: [system] Activating via systemd: service name='org.freedesktop.hostname1' unit='dbus-org.freedesktop.hostname1.service'
Aug 01 01:46:39 witherspoon systemd[1]: Starting Hostname Service...
Aug 01 01:46:39 witherspoon systemd[1]: Started Read OpenPOWER-format VPD from EEPROM.
Aug 01 01:46:41 witherspoon system_manager.py[1028]: SystemManager Goto System State: BMC_STARTING
Aug 01 01:46:41 witherspoon system_manager.py[1028]: Running System State: BMC_STARTING
Aug 01 01:46:43 witherspoon dbus[978]: [system] Successfully activated service 'org.freedesktop.hostname1'
Aug 01 01:46:43 witherspoon systemd[1]: Started Hostname Service.
Aug 01 01:46:43 witherspoon systemd[1]: Started Phosphor Network Manager.
Aug 01 01:46:46 witherspoon systemd[1]: Started Wait for /org/openbmc/control/flash/bios.
Aug 01 01:46:46 witherspoon systemd[1]: Started Initialize BIOS Flash.
Aug 01 01:46:50 witherspoon systemd[1]: Started Wait for /org/openbmc/settings/host0.
Aug 01 01:46:50 witherspoon systemd[1]: Started Phosphor Inband IPMI.
Aug 01 01:46:50 witherspoon systemd[1]: Started Wait for /org/openbmc/managers/System.
Aug 01 01:46:51 witherspoon flash_bios.exe[1038]: Starting flasher: bios,,/org/openbmc/control/flash/bios,
Aug 01 01:46:51 witherspoon flash_bios.exe[1038]: flasher: , BMC = 1, address = 0x0
Aug 01 01:46:51 witherspoon flash_bios.exe[1038]: Setting up flash
Aug 01 01:46:50 witherspoon systemd[1]: Starting Phosphor BMC State Manager...
Aug 01 01:46:50 witherspoon systemd[1]: Starting Phosphor Host State Manager...
Aug 01 01:46:51 witherspoon systemd[1]: Starting Phosphor Power Button0...
Aug 01 01:46:51 witherspoon systemd[1]: Starting Phosphor Chassis State Manager...
Aug 01 01:46:51 witherspoon flash_bios.exe[1038]: Starting flasher: bios,,/org/openbmc/control/flash/bios,
Aug 01 01:46:51 witherspoon flash_bios.exe[1038]: flasher: , BMC = 1, address = 0x0
Aug 01 01:46:51 witherspoon flash_bios.exe[1038]: Setting up flash
Aug 01 01:46:52 witherspoon systemd[1]: Starting Phosphor Power0 Control...
Aug 01 01:46:52 witherspoon systemd[1]: Starting Phosphor Reset Button0...
Aug 01 01:46:52 witherspoon phosphor-bmc-state-manager[1070]: Setting the BMCState field
Aug 01 01:46:52 witherspoon phosphor-bmc-state-manager[1070]: Setting the BMCState field
Aug 01 01:46:52 witherspoon systemd[1]: Started Phosphor BMC State Manager.
Aug 01 01:46:52 witherspoon phosphor-chassis-state-manager[1078]: Initial Chassis State will be Off
Aug 01 01:46:52 witherspoon systemd[1]: Started Phosphor Chassis State Manager.
Aug 01 01:46:55 witherspoon system_manager.py[1028]: New object: /org/openbmc/control/power0 (:1.77)
Aug 01 01:46:56 witherspoon phosphor-host-state-manager[1071]: Initial Host State will be Off
Aug 01 01:46:56 witherspoon system_manager.py[1028]: Power GPIO config: ['SYS_PWROK_BUFF', '', [('SOFTWARE_PGOOD', True), ('BMC_POWER_UP', True)], [('BMC_CP0_RESET_N', False)], [], 'FSI_DATA', 'FSI_CLK', 'FSI_ENABLE', 'CRONUS_SEL', []]
Aug 01 01:46:59 witherspoon button_power.exe[1077]: GPIO Lookup:  POWER_BUTTON = 347,both
Aug 01 01:46:59 witherspoon power_control.exe[1079]: Power GPIO latch output:
Aug 01 01:46:59 witherspoon power_control.exe[1079]: Power GPIO power good input: SYS_PWROK_BUFF
Aug 01 01:46:59 witherspoon power_control.exe[1079]: Power GPIO 2 power_up outputs
Aug 01 01:46:59 witherspoon power_control.exe[1079]: Power GPIO power_up[0] = SOFTWARE_PGOOD active HIGH
Aug 01 01:46:59 witherspoon power_control.exe[1079]: Power GPIO power_up[1] = BMC_POWER_UP active HIGH
Aug 01 01:46:59 witherspoon power_control.exe[1079]: Power GPIO 1 reset outputs
Aug 01 01:46:59 witherspoon power_control.exe[1079]: Power GPIO reset[0] = BMC_CP0_RESET_N active LOW
Aug 01 01:46:59 witherspoon power_control.exe[1079]: Power GPIO 0 pci reset outputs
Aug 01 01:46:59 witherspoon power_control.exe[1079]: FSI DATA GPIO: FSI_DATA
Aug 01 01:46:59 witherspoon power_control.exe[1079]: FSI CLK GPIO: FSI_CLK
Aug 01 01:46:59 witherspoon power_control.exe[1079]: FSI ENABLE GPIO: FSI_ENABLE
Aug 01 01:46:59 witherspoon power_control.exe[1079]: CRONUS SEL GPIO: CRONUS_SEL
Aug 01 01:46:59 witherspoon power_control.exe[1079]: Hostctl GPIO optionals: 0
Aug 01 01:46:59 witherspoon systemd[1]: Started Phosphor Host State Manager.
Aug 01 01:46:59 witherspoon button_reset.exe[1080]: GPIO Lookup:  RESET_BUTTON = 353,both
Aug 01 01:46:59 witherspoon power_control.exe[1079]: GPIO Lookup:  SYS_PWROK_BUFF = 306,in
Aug 01 01:46:59 witherspoon systemd[1]: Started Phosphor Power Button0.
Aug 01 01:46:59 witherspoon systemd[1]: Started Phosphor Reset Button0.
Aug 01 01:47:00 witherspoon power_control.exe[1079]: GPIO Lookup:  SOFTWARE_PGOOD = 417,out
Aug 01 01:47:00 witherspoon power_control.exe[1079]: GPIO Lookup:  BMC_POWER_UP = 305,out
Aug 01 01:47:00 witherspoon power_control.exe[1079]: GPIO Lookup:  BMC_CP0_RESET_N = 281,out
Aug 01 01:47:00 witherspoon power_control.exe[1079]: Pgood state: 0
Aug 01 01:47:00 witherspoon systemd[1]: Started Phosphor Power0 Control.
Aug 01 01:47:01 witherspoon systemd[1]: Started Wait for /xyz/openbmc_project/state/chassis0.
Aug 01 01:47:06 witherspoon systemd[1]: Started Wait for /xyz/openbmc_project/state/host0.
Aug 01 01:47:06 witherspoon systemd[1]: Starting Reboot If Enabled...
Aug 01 01:47:06 witherspoon system_manager.py[1028]: SystemManager Goto System State: BMC_READY
Aug 01 01:47:06 witherspoon system_manager.py[1028]: Running System State: BMC_READY
Aug 01 01:47:07 witherspoon systemd[1]: Started Wait for /xyz/openbmc_project/control/host0.
Aug 01 01:47:07 witherspoon systemd[1]: Started Wait for /org/openbmc/control/power0.
Aug 01 01:47:07 witherspoon systemd[1]: Starting Check Chassis0 pgood and create a file to indicate it...
Aug 01 01:47:07 witherspoon systemd[1]: Starting Phosphor Time Manager daemon...
Aug 01 01:47:07 witherspoon timemanager[1107]: Registering dbus methods
Aug 01 01:47:07 witherspoon timemanager[1107]: Last known time_mode: MANUAL
Aug 01 01:47:07 witherspoon timemanager[1107]: Last known time_owner: BMC
Aug 01 01:47:07 witherspoon timemanager[1107]: Empty DhcpNtp string
Aug 01 01:47:07 witherspoon timemanager[1107]: Reading Power Control key: pgood
Aug 01 01:47:08 witherspoon timemanager[1107]: Changing settings *allowed* now
Aug 01 01:47:08 witherspoon timemanager[1107]: Getting System Settings: time_mode
Aug 01 01:47:08 witherspoon systemd[1]: Started Check Chassis0 pgood and create a file to indicate it.
Aug 01 01:47:08 witherspoon systemd[1]: Reached target Chassis0 power on after reset.
Aug 01 01:47:08 witherspoon systemd[1]: Reached target Host0 running after reset.
Aug 01 01:47:08 witherspoon systemd[1]: Reached target Host0 (Reset Check).
Aug 01 01:47:08 witherspoon systemd[1]: Reached target Chassis0 (Reset Check).
Aug 01 01:47:08 witherspoon phosphor-discover-system-state[1103]: Host power is off, checking power policy
Aug 01 01:47:08 witherspoon systemd[1]: Started Reboot If Enabled.
Aug 01 01:47:08 witherspoon timemanager[1107]: Requested_Mode: MANUAL Current_Mode: MANUAL
Aug 01 01:47:08 witherspoon timemanager[1107]: Mode is already set to : MANUAL
Aug 01 01:47:08 witherspoon timemanager[1107]: Getting System Settings: time_owner
Aug 01 01:47:09 witherspoon timemanager[1107]: Owner is already set to : BMC
Aug 01 01:47:09 witherspoon timemanager[1107]: Getting System Settings: use_dhcp_ntp
Aug 01 01:47:09 witherspoon timemanager[1107]: use_dhcp_ntp = yes
Aug 01 01:47:09 witherspoon timemanager[1107]: Last known host_offset:0
Aug 01 01:47:09 witherspoon timemanager[1107]: Initial Uptime Usec: 1501551892274144
Aug 01 01:47:09 witherspoon systemd[1]: Started Phosphor Time Manager daemon.
Aug 01 01:47:18 witherspoon phosphor-gevent[1023]: Traceback (most recent call last):
Aug 01 01:47:18 witherspoon phosphor-gevent[1023]:   File "/usr/lib/python2.7/site-packages/gevent/greenlet.py", line 327, in run
Aug 01 01:47:18 witherspoon phosphor-gevent[1023]:     result = self._run(*self.args, **self.kwargs)
Aug 01 01:47:18 witherspoon phosphor-gevent[1023]:   File "/usr/lib/python2.7/site-packages/gevent/server.py", line 102, in wrap_socket_and_handle
Aug 01 01:47:18 witherspoon phosphor-gevent[1023]:     ssl_socket = self.wrap_socket(client_socket, **self.ssl_args)
Aug 01 01:47:18 witherspoon phosphor-gevent[1023]:   File "/usr/lib/python2.7/site-packages/gevent/ssl.py", line 404, in wrap_socket
Aug 01 01:47:18 witherspoon phosphor-gevent[1023]:     ciphers=ciphers)
Aug 01 01:47:18 witherspoon phosphor-gevent[1023]:   File "/usr/lib/python2.7/site-packages/gevent/ssl.py", line 113, in __init__
Aug 01 01:47:18 witherspoon phosphor-gevent[1023]:     self.do_handshake()
Aug 01 01:47:18 witherspoon phosphor-gevent[1023]:   File "/usr/lib/python2.7/site-packages/gevent/ssl.py", line 324, in do_handshake
Aug 01 01:47:18 witherspoon phosphor-gevent[1023]:     return self._sslobj.do_handshake()
Aug 01 01:47:18 witherspoon phosphor-gevent[1023]: SSLEOFError: EOF occurred in violation of protocol (_ssl.c:590)
Aug 01 01:47:18 witherspoon phosphor-gevent[1023]: <Greenlet at 0x760593f0: <bound method WSGIServer.wrap_socket_and_handle of <WSGIServer at 0x7602fb50 fileno=5 address=('::3432:f476:b00d:6a76%1986661792', 443, 0, 1986661792)>>(<socket at 0x75f06830 fileno=9>, ('::8019:6876:8e91:f402%1995643676', 47930, 0, 199)> failed with SSLEOFError
Aug 01 01:47:18 witherspoon phosphor-gevent[1023]: Traceback (most recent call last):
Aug 01 01:47:18 witherspoon phosphor-gevent[1023]:   File "/usr/lib/python2.7/site-packages/gevent/greenlet.py", line 327, in run
Aug 01 01:47:18 witherspoon phosphor-gevent[1023]:     result = self._run(*self.args, **self.kwargs)
Aug 01 01:47:18 witherspoon phosphor-gevent[1023]:   File "/usr/lib/python2.7/site-packages/gevent/server.py", line 102, in wrap_socket_and_handle
Aug 01 01:47:18 witherspoon phosphor-gevent[1023]:     ssl_socket = self.wrap_socket(client_socket, **self.ssl_args)
Aug 01 01:47:18 witherspoon phosphor-gevent[1023]:   File "/usr/lib/python2.7/site-packages/gevent/ssl.py", line 404, in wrap_socket
Aug 01 01:47:18 witherspoon phosphor-gevent[1023]:     ciphers=ciphers)
Aug 01 01:47:18 witherspoon phosphor-gevent[1023]:   File "/usr/lib/python2.7/site-packages/gevent/ssl.py", line 113, in __init__
Aug 01 01:47:18 witherspoon phosphor-gevent[1023]:     self.do_handshake()
Aug 01 01:47:18 witherspoon phosphor-gevent[1023]:   File "/usr/lib/python2.7/site-packages/gevent/ssl.py", line 324, in do_handshake
Aug 01 01:47:18 witherspoon phosphor-gevent[1023]:     return self._sslobj.do_handshake()
Aug 01 01:47:18 witherspoon phosphor-gevent[1023]: SSLEOFError: EOF occurred in violation of protocol (_ssl.c:590)
Aug 01 01:47:18 witherspoon phosphor-gevent[1023]: <Greenlet at 0x760596c0: <bound method WSGIServer.wrap_socket_and_handle of <WSGIServer at 0x7602fb50 fileno=5 address=('::3432:f476:b00d:6a76%1986661792', 443, 0, 1986661792)>>(<socket at 0x75f067d0 fileno=10>, ('::8019:6876:8e91:f402%1995643676', 47932, 0, 199)> failed with SSLEOFError
Aug 01 01:47:19 witherspoon phosphor-gevent[1023]: Traceback (most recent call last):
Aug 01 01:47:19 witherspoon phosphor-gevent[1023]:   File "/usr/lib/python2.7/site-packages/gevent/greenlet.py", line 327, in run
Aug 01 01:47:19 witherspoon phosphor-gevent[1023]:     result = self._run(*self.args, **self.kwargs)
Aug 01 01:47:19 witherspoon phosphor-gevent[1023]:   File "/usr/lib/python2.7/site-packages/gevent/server.py", line 102, in wrap_socket_and_handle
Aug 01 01:47:19 witherspoon phosphor-gevent[1023]:     ssl_socket = self.wrap_socket(client_socket, **self.ssl_args)
Aug 01 01:47:19 witherspoon phosphor-gevent[1023]:   File "/usr/lib/python2.7/site-packages/gevent/ssl.py", line 404, in wrap_socket
Aug 01 01:47:19 witherspoon phosphor-gevent[1023]:     ciphers=ciphers)
Aug 01 01:47:19 witherspoon phosphor-gevent[1023]:   File "/usr/lib/python2.7/site-packages/gevent/ssl.py", line 113, in __init__
Aug 01 01:47:19 witherspoon phosphor-gevent[1023]:     self.do_handshake()
Aug 01 01:47:19 witherspoon phosphor-gevent[1023]:   File "/usr/lib/python2.7/site-packages/gevent/ssl.py", line 324, in do_handshake
Aug 01 01:47:19 witherspoon phosphor-gevent[1023]:     return self._sslobj.do_handshake()
Aug 01 01:47:19 witherspoon phosphor-gevent[1023]: SSLEOFError: EOF occurred in violation of protocol (_ssl.c:590)
Aug 01 01:47:19 witherspoon phosphor-gevent[1023]: <Greenlet at 0x760593a0: <bound method WSGIServer.wrap_socket_and_handle of <WSGIServer at 0x7602fb50 fileno=5 address=('::3432:f476:b00d:6a76%1986661792', 443, 0, 1986661792)>>(<socket at 0x75f06870 fileno=11>, ('::8019:6876:8e91:f402%1995643676', 47934, 0, 199)> failed with SSLEOFError
Aug 01 01:47:19 witherspoon phosphor-gevent[1023]: ::8019:6876:8e91:f402%1995643676 - - [2017-08-01 01:47:19] "POST /login HTTP/1.1" 200 320 0.216995
Aug 01 01:47:20 witherspoon phosphor-gevent[1023]: ::8019:6876:8e91:f402%1995643676 - - [2017-08-01 01:47:20] "GET /xyz/openbmc_project/state/chassis0//attr/CurrentPowerState HTTP/1.1" 200 216 0.338117
Aug 01 01:47:20 witherspoon phosphor-gevent[1023]: ::8019:6876:8e91:f402%1995643676 - - [2017-08-01 01:47:20] "POST /login HTTP/1.1" 200 320 0.048897
Aug 01 01:47:20 witherspoon phosphor-gevent[1023]: ::8019:6876:8e91:f402%1995643676 - - [2017-08-01 01:47:20] "GET /xyz/openbmc_project/state/chassis0//attr/CurrentPowerState HTTP/1.1" 200 216 0.049619
Aug 01 01:47:21 witherspoon phosphor-gevent[1023]: ::8019:6876:8e91:f402%1995643676 - - [2017-08-01 01:47:21] "POST /login HTTP/1.1" 200 320 0.033682
Aug 01 01:47:21 witherspoon phosphor-gevent[1023]: ::8019:6876:8e91:f402%1995643676 - - [2017-08-01 01:47:21] "GET /org/openbmc/sensors/host/BootProgress/attr/value HTTP/1.1" 200 170 0.210848
Aug 01 01:47:21 witherspoon phosphor-gevent[1023]: ::8019:6876:8e91:f402%1995643676 - - [2017-08-01 01:47:21] "POST /login HTTP/1.1" 200 320 0.033011
Aug 01 01:47:21 witherspoon phosphor-gevent[1023]: ::8019:6876:8e91:f402%1995643676 - - [2017-08-01 01:47:21] "GET /xyz/openbmc_project/state/host0//attr/CurrentHostState HTTP/1.1" 200 212 0.049352
Aug 01 01:47:22 witherspoon phosphor-gevent[1023]: ::8019:6876:8e91:f402%1995643676 - - [2017-08-01 01:47:22] "POST /login HTTP/1.1" 200 320 0.226945
Aug 01 01:47:22 witherspoon phosphor-gevent[1023]: ::8019:6876:8e91:f402%1995643676 - - [2017-08-01 01:47:22] "GET /xyz/openbmc_project/logging/entry//list HTTP/1.1" 200 214 0.046567
Aug 01 01:47:22 witherspoon phosphor-gevent[1023]: ::8019:6876:8e91:f402%1995643676 - - [2017-08-01 01:47:22] "POST /login HTTP/1.1" 200 320 0.033411
Aug 01 01:47:22 witherspoon phosphor-gevent[1023]: ::8019:6876:8e91:f402%1995643676 - - [2017-08-01 01:47:22] "GET /xyz/openbmc_project/logging/entry//list HTTP/1.1" 200 214 0.039348
Aug 01 01:47:23 witherspoon phosphor-gevent[1023]: ::8019:6876:8e91:f402%1995643676 - - [2017-08-01 01:47:23] "POST /login HTTP/1.1" 200 320 0.033311
Aug 01 01:47:23 witherspoon phosphor-gevent[1023]: ::8019:6876:8e91:f402%1995643676 - - [2017-08-01 01:47:23] "DELETE /xyz/openbmc_project/logging/entry/1 HTTP/1.1" 200 169 0.300868
Aug 01 01:47:23 witherspoon systemd[1]: Started SSH Per-Connection Server (9.41.165.94:46932).
Aug 01 01:47:24 witherspoon dropbear[1125]: Failed loading /etc/dropbear/dropbear_dss_host_key
Aug 01 01:47:24 witherspoon dropbear[1125]: Failed loading /etc/dropbear/dropbear_ecdsa_host_key
Aug 01 01:47:24 witherspoon dropbear[1125]: Child connection from ::ffff:9.41.165.94:46932
Aug 01 01:47:25 witherspoon dropbear[1125]: PAM password auth succeeded for 'root' from ::ffff:9.41.165.94:46932
Aug 01 01:47:25 witherspoon dropbear[1126]: lastlog_perform_login: Couldn't stat /var/log/lastlog: No such file or directory
Aug 01 01:47:25 witherspoon dropbear[1126]: lastlog_openseek: /var/log/lastlog is not a file or directory!
Aug 01 01:47:26 witherspoon phosphor-gevent[1023]: ::8019:6876:8e91:f402%1995643676 - - [2017-08-01 01:47:26] "POST /login HTTP/1.1" 200 320 0.042088
Aug 01 01:47:26 witherspoon phosphor-gevent[1023]: ::8019:6876:8e91:f402%1995643676 - - [2017-08-01 01:47:26] "GET /xyz/openbmc_project/state/host0//attr/CurrentHostState HTTP/1.1" 200 212 0.049717
Aug 01 01:47:27 witherspoon dropbear[1003]: Exit (root): Exited normally
Aug 01 01:47:27 witherspoon dropbear[1125]: Exit (root): Exited normally
Aug 01 01:47:29 witherspoon systemd[1]: Started SSH Per-Connection Server (9.41.165.94:46936).
Aug 01 01:47:29 witherspoon dropbear[1137]: Failed loading /etc/dropbear/dropbear_dss_host_key
Aug 01 01:47:29 witherspoon dropbear[1137]: Failed loading /etc/dropbear/dropbear_ecdsa_host_key
Aug 01 01:47:29 witherspoon dropbear[1137]: Child connection from ::ffff:9.41.165.94:46936
Aug 01 01:47:30 witherspoon dropbear[1137]: PAM password auth succeeded for 'root' from ::ffff:9.41.165.94:46936
Aug 01 01:47:30 witherspoon dropbear[1138]: lastlog_perform_login: Couldn't stat /var/log/lastlog: No such file or directory
Aug 01 01:47:30 witherspoon dropbear[1138]: lastlog_openseek: /var/log/lastlog is not a file or directory!
Aug 01 01:47:31 witherspoon phosphor-gevent[1023]: ::8019:6876:8e91:f402%1995643676 - - [2017-08-01 01:47:31] "POST /login HTTP/1.1" 200 320 0.032771
Aug 01 01:47:32 witherspoon phosphor-gevent[1023]: ::8019:6876:8e91:f402%1995643676 - - [2017-08-01 01:47:32] "PUT /org/openbmc/settings/host0/attr/power_policy HTTP/1.1" 200 169 0.558518
Aug 01 01:47:32 witherspoon phosphor-gevent[1023]: ::8019:6876:8e91:f402%1995643676 - - [2017-08-01 01:47:32] "POST /login HTTP/1.1" 200 320 0.032979
Aug 01 01:47:32 witherspoon phosphor-gevent[1023]: ::8019:6876:8e91:f402%1995643676 - - [2017-08-01 01:47:32] "GET /org/openbmc/settings/host0/attr/power_policy HTTP/1.1" 200 185 0.446613
Aug 01 01:47:33 witherspoon phosphor-gevent[1023]: ::8019:6876:8e91:f402%1995643676 - - [2017-08-01 01:47:33] "POST /login HTTP/1.1" 200 320 0.032885
Aug 01 01:47:33 witherspoon phosphor-gevent[1023]: ::8019:6876:8e91:f402%1995643676 - - [2017-08-01 01:47:33] "GET /xyz/openbmc_project/state/chassis0//attr/CurrentPowerState HTTP/1.1" 200 216 0.049595
Aug 01 01:47:33 witherspoon phosphor-gevent[1023]: ::8019:6876:8e91:f402%1995643676 - - [2017-08-01 01:47:33] "POST /login HTTP/1.1" 200 320 0.033070
Aug 01 01:47:33 witherspoon phosphor-gevent[1023]: ::8019:6876:8e91:f402%1995643676 - - [2017-08-01 01:47:33] "GET /xyz/openbmc_project/state/bmc0//attr/CurrentBMCState HTTP/1.1" 200 215 0.050128
Aug 01 01:47:34 witherspoon phosphor-gevent[1023]: ::8019:6876:8e91:f402%1995643676 - - [2017-08-01 01:47:34] "POST /login HTTP/1.1" 200 320 0.033927
Aug 01 01:47:34 witherspoon phosphor-gevent[1023]: ::8019:6876:8e91:f402%1995643676 - - [2017-08-01 01:47:34] "GET /org/openbmc/sensors/host/BootProgress/attr/value HTTP/1.1" 200 170 0.052255
Aug 01 01:47:34 witherspoon phosphor-gevent[1023]: ::8019:6876:8e91:f402%1995643676 - - [2017-08-01 01:47:34] "POST /login HTTP/1.1" 200 320 0.042224
Aug 01 01:47:35 witherspoon phosphor-gevent[1023]: ::8019:6876:8e91:f402%1995643676 - - [2017-08-01 01:47:35] "GET /xyz/openbmc_project/state/host0//attr/CurrentHostState HTTP/1.1" 200 212 0.465382
Aug 01 01:47:35 witherspoon phosphor-gevent[1023]: ::8019:6876:8e91:f402%1995643676 - - [2017-08-01 01:47:35] "POST /login HTTP/1.1" 200 320 0.032819
Aug 01 01:47:35 witherspoon phosphor-gevent[1023]: ::8019:6876:8e91:f402%1995643676 - - [2017-08-01 01:47:35] "GET /xyz/openbmc_project/logging/entry//list HTTP/1.1" 404 311 0.029375
Aug 01 01:47:35 witherspoon systemd[1]: Started SSH Per-Connection Server (9.41.165.94:46952).
Aug 01 01:47:35 witherspoon dropbear[1144]: Failed loading /etc/dropbear/dropbear_dss_host_key
Aug 01 01:47:35 witherspoon dropbear[1144]: Failed loading /etc/dropbear/dropbear_ecdsa_host_key
Aug 01 01:47:35 witherspoon dropbear[1144]: Child connection from ::ffff:9.41.165.94:46952
Aug 01 01:47:36 witherspoon dropbear[1144]: PAM password auth succeeded for 'root' from ::ffff:9.41.165.94:46952
Aug 01 01:48:31 witherspoon phosphor-gevent[1023]: ::8019:6876:8e91:f402%1995643676 - - [2017-08-01 01:48:31] "POST /login HTTP/1.1" 200 320 0.033577
Aug 01 01:48:32 witherspoon phosphor-gevent[1023]: ::8019:6876:8e91:f402%1995643676 - - [2017-08-01 01:48:32] "POST /org/openbmc/control/flash/bios//action/update HTTP/1.1" 200 169 0.215436
Aug 01 01:48:32 witherspoon phosphor-gevent[1023]: ::8019:6876:8e91:f402%1995643676 - - [2017-08-01 01:48:32] "POST /login HTTP/1.1" 200 320 0.033453
Aug 01 01:48:32 witherspoon phosphor-gevent[1023]: ::8019:6876:8e91:f402%1995643676 - - [2017-08-01 01:48:32] "GET /org/openbmc/control/flash/bios HTTP/1.1" 200 397 0.078225
Aug 01 01:48:33 witherspoon flash_bios.exe[1038]: Starting flasher: bios,/tmp/witherspoon_910_golden.pnor,/org/openbmc/control/flash/bios,
Aug 01 01:48:33 witherspoon flash_bios.exe[1038]: flasher: /tmp/witherspoon_910_golden.pnor, BMC = 1, address = 0x0
Aug 01 01:48:33 witherspoon flash_bios.exe[1038]: Setting up flash
Aug 01 01:48:34 witherspoon phosphor-gevent[1023]: ::8019:6876:8e91:f402%1995643676 - - [2017-08-01 01:48:34] "POST /login HTTP/1.1" 200 320 0.048767
Aug 01 01:48:34 witherspoon phosphor-gevent[1023]: ::8019:6876:8e91:f402%1995643676 - - [2017-08-01 01:48:34] "GET /org/openbmc/control/flash/bios HTTP/1.1" 200 397 0.085057
Aug 01 01:48:44 witherspoon phosphor-gevent[1023]: ::8019:6876:8e91:f402%1995643676 - - [2017-08-01 01:48:44] "POST /login HTTP/1.1" 200 320 0.043780
Aug 01 01:48:44 witherspoon phosphor-gevent[1023]: ::8019:6876:8e91:f402%1995643676 - - [2017-08-01 01:48:44] "GET /org/openbmc/control/flash/bios HTTP/1.1" 200 397 0.067860
Aug 01 01:48:54 witherspoon phosphor-gevent[1023]: ::8019:6876:8e91:f402%1995643676 - - [2017-08-01 01:48:54] "POST /login HTTP/1.1" 200 320 0.033647
Aug 01 01:48:54 witherspoon phosphor-gevent[1023]: ::8019:6876:8e91:f402%1995643676 - - [2017-08-01 01:48:54] "GET /org/openbmc/control/flash/bios HTTP/1.1" 200 397 0.068289
Aug 01 01:49:05 witherspoon phosphor-gevent[1023]: ::8019:6876:8e91:f402%1995643676 - - [2017-08-01 01:49:05] "POST /login HTTP/1.1" 200 320 0.033072
Aug 01 01:49:05 witherspoon phosphor-gevent[1023]: ::8019:6876:8e91:f402%1995643676 - - [2017-08-01 01:49:05] "GET /org/openbmc/control/flash/bios HTTP/1.1" 200 397 0.067837
Aug 01 01:49:15 witherspoon phosphor-gevent[1023]: ::8019:6876:8e91:f402%1995643676 - - [2017-08-01 01:49:15] "POST /login HTTP/1.1" 200 320 0.033161
Aug 01 01:49:15 witherspoon phosphor-gevent[1023]: ::8019:6876:8e91:f402%1995643676 - - [2017-08-01 01:49:15] "GET /org/openbmc/control/flash/bios HTTP/1.1" 200 397 0.067392
Aug 01 01:49:26 witherspoon phosphor-gevent[1023]: ::8019:6876:8e91:f402%1995643676 - - [2017-08-01 01:49:26] "POST /login HTTP/1.1" 200 320 0.033722
Aug 01 01:49:26 witherspoon phosphor-gevent[1023]: ::8019:6876:8e91:f402%1995643676 - - [2017-08-01 01:49:26] "GET /org/openbmc/control/flash/bios HTTP/1.1" 200 397 0.068414
Aug 01 01:49:37 witherspoon phosphor-gevent[1023]: ::8019:6876:8e91:f402%1995643676 - - [2017-08-01 01:49:37] "POST /login HTTP/1.1" 200 320 0.032988
Aug 01 01:49:37 witherspoon phosphor-gevent[1023]: ::8019:6876:8e91:f402%1995643676 - - [2017-08-01 01:49:37] "GET /org/openbmc/control/flash/bios HTTP/1.1" 200 397 0.351185
Aug 01 01:49:48 witherspoon phosphor-gevent[1023]: ::8019:6876:8e91:f402%1995643676 - - [2017-08-01 01:49:48] "POST /login HTTP/1.1" 200 320 0.033323
Aug 01 01:49:48 witherspoon phosphor-gevent[1023]: ::8019:6876:8e91:f402%1995643676 - - [2017-08-01 01:49:48] "GET /org/openbmc/control/flash/bios HTTP/1.1" 200 397 0.067812
Aug 01 01:49:58 witherspoon phosphor-gevent[1023]: ::8019:6876:8e91:f402%1995643676 - - [2017-08-01 01:49:58] "POST /login HTTP/1.1" 200 320 0.033178
Aug 01 01:49:58 witherspoon phosphor-gevent[1023]: ::8019:6876:8e91:f402%1995643676 - - [2017-08-01 01:49:58] "GET /org/openbmc/control/flash/bios HTTP/1.1" 200 397 0.070031
Aug 01 01:50:08 witherspoon phosphor-gevent[1023]: ::8019:6876:8e91:f402%1995643676 - - [2017-08-01 01:50:08] "POST /login HTTP/1.1" 200 320 0.033312
Aug 01 01:50:09 witherspoon phosphor-gevent[1023]: ::8019:6876:8e91:f402%1995643676 - - [2017-08-01 01:50:09] "GET /org/openbmc/control/flash/bios HTTP/1.1" 200 397 0.724776
Aug 01 01:50:20 witherspoon phosphor-gevent[1023]: ::8019:6876:8e91:f402%1995643676 - - [2017-08-01 01:50:20] "POST /login HTTP/1.1" 200 320 0.033025
Aug 01 01:50:20 witherspoon phosphor-gevent[1023]: ::8019:6876:8e91:f402%1995643676 - - [2017-08-01 01:50:20] "GET /org/openbmc/control/flash/bios HTTP/1.1" 200 397 0.068044
Aug 01 01:50:31 witherspoon phosphor-gevent[1023]: ::8019:6876:8e91:f402%1995643676 - - [2017-08-01 01:50:31] "POST /login HTTP/1.1" 200 320 0.832920
Aug 01 01:50:31 witherspoon phosphor-gevent[1023]: ::8019:6876:8e91:f402%1995643676 - - [2017-08-01 01:50:31] "GET /org/openbmc/control/flash/bios HTTP/1.1" 200 397 0.089546
Aug 01 01:50:41 witherspoon phosphor-gevent[1023]: ::8019:6876:8e91:f402%1995643676 - - [2017-08-01 01:50:41] "POST /login HTTP/1.1" 200 320 0.033048
Aug 01 01:50:41 witherspoon phosphor-gevent[1023]: ::8019:6876:8e91:f402%1995643676 - - [2017-08-01 01:50:41] "GET /org/openbmc/control/flash/bios HTTP/1.1" 200 401 0.068745
Aug 01 01:50:52 witherspoon phosphor-gevent[1023]: ::8019:6876:8e91:f402%1995643676 - - [2017-08-01 01:50:52] "POST /login HTTP/1.1" 200 320 0.032675
Aug 01 01:50:52 witherspoon phosphor-gevent[1023]: ::8019:6876:8e91:f402%1995643676 - - [2017-08-01 01:50:52] "GET /org/openbmc/control/flash/bios HTTP/1.1" 200 402 0.070240
Aug 01 01:51:02 witherspoon phosphor-gevent[1023]: ::8019:6876:8e91:f402%1995643676 - - [2017-08-01 01:51:02] "POST /login HTTP/1.1" 200 320 0.046282
Aug 01 01:51:02 witherspoon phosphor-gevent[1023]: ::8019:6876:8e91:f402%1995643676 - - [2017-08-01 01:51:02] "GET /org/openbmc/control/flash/bios HTTP/1.1" 200 402 0.071447
Aug 01 01:51:12 witherspoon phosphor-gevent[1023]: ::8019:6876:8e91:f402%1995643676 - - [2017-08-01 01:51:12] "POST /login HTTP/1.1" 200 320 0.033287
Aug 01 01:51:12 witherspoon phosphor-gevent[1023]: ::8019:6876:8e91:f402%1995643676 - - [2017-08-01 01:51:12] "GET /org/openbmc/control/flash/bios HTTP/1.1" 200 402 0.069193
Aug 01 01:51:22 witherspoon phosphor-gevent[1023]: ::8019:6876:8e91:f402%1995643676 - - [2017-08-01 01:51:22] "POST /login HTTP/1.1" 200 320 0.034415
Aug 01 01:51:23 witherspoon phosphor-gevent[1023]: ::8019:6876:8e91:f402%1995643676 - - [2017-08-01 01:51:23] "GET /org/openbmc/control/flash/bios HTTP/1.1" 200 402 0.068389
Aug 01 01:51:34 witherspoon phosphor-gevent[1023]: ::8019:6876:8e91:f402%1995643676 - - [2017-08-01 01:51:34] "POST /login HTTP/1.1" 200 320 0.051747
Aug 01 01:51:34 witherspoon phosphor-gevent[1023]: ::8019:6876:8e91:f402%1995643676 - - [2017-08-01 01:51:34] "GET /org/openbmc/control/flash/bios HTTP/1.1" 200 402 0.067863
Aug 01 01:51:44 witherspoon phosphor-gevent[1023]: ::8019:6876:8e91:f402%1995643676 - - [2017-08-01 01:51:44] "POST /login HTTP/1.1" 200 320 0.033124
Aug 01 01:51:44 witherspoon phosphor-gevent[1023]: ::8019:6876:8e91:f402%1995643676 - - [2017-08-01 01:51:44] "GET /org/openbmc/control/flash/bios HTTP/1.1" 200 402 0.068473
Aug 01 01:51:56 witherspoon phosphor-gevent[1023]: ::8019:6876:8e91:f402%1995643676 - - [2017-08-01 01:51:56] "POST /login HTTP/1.1" 200 320 0.033200
Aug 01 01:51:56 witherspoon phosphor-gevent[1023]: ::8019:6876:8e91:f402%1995643676 - - [2017-08-01 01:51:56] "GET /org/openbmc/control/flash/bios HTTP/1.1" 200 402 0.067739
Aug 01 01:52:06 witherspoon phosphor-gevent[1023]: ::8019:6876:8e91:f402%1995643676 - - [2017-08-01 01:52:06] "POST /login HTTP/1.1" 200 320 0.033124
Aug 01 01:52:06 witherspoon phosphor-gevent[1023]: ::8019:6876:8e91:f402%1995643676 - - [2017-08-01 01:52:06] "GET /org/openbmc/control/flash/bios HTTP/1.1" 200 401 0.076968
Aug 01 01:52:16 witherspoon phosphor-gevent[1023]: ::8019:6876:8e91:f402%1995643676 - - [2017-08-01 01:52:16] "POST /login HTTP/1.1" 200 320 0.033380
Aug 01 01:52:16 witherspoon phosphor-gevent[1023]: ::8019:6876:8e91:f402%1995643676 - - [2017-08-01 01:52:16] "GET /org/openbmc/control/flash/bios HTTP/1.1" 200 402 0.068699
Aug 01 01:52:27 witherspoon phosphor-gevent[1023]: ::8019:6876:8e91:f402%1995643676 - - [2017-08-01 01:52:27] "POST /login HTTP/1.1" 200 320 0.033690
Aug 01 01:52:27 witherspoon phosphor-gevent[1023]: ::8019:6876:8e91:f402%1995643676 - - [2017-08-01 01:52:27] "GET /org/openbmc/control/flash/bios HTTP/1.1" 200 402 0.069289
Aug 01 01:52:31 witherspoon flash_bios.exe[1038]: Erasing... (may take a while !) done !
Aug 01 01:52:31 witherspoon flash_bios.exe[1038]: About to program "/tmp/witherspoon_910_golden.pnor" at 0x00000000..0x04000000 !
Aug 01 01:52:31 witherspoon flash_bios.exe[1038]: Programming & Verifying...
Aug 01 01:52:31 witherspoon flash_bios.exe[1038]: Flash done
Aug 01 01:52:37 witherspoon phosphor-gevent[1023]: ::8019:6876:8e91:f402%1995643676 - - [2017-08-01 01:52:37] "POST /login HTTP/1.1" 200 320 0.033357
Aug 01 01:52:37 witherspoon phosphor-gevent[1023]: ::8019:6876:8e91:f402%1995643676 - - [2017-08-01 01:52:37] "GET /org/openbmc/control/flash/bios HTTP/1.1" 200 399 0.068739
Aug 01 01:52:37 witherspoon systemd[1]: Started SSH Per-Connection Server (9.41.165.94:47016).
Aug 01 01:52:38 witherspoon dropbear[1150]: Failed loading /etc/dropbear/dropbear_dss_host_key
Aug 01 01:52:38 witherspoon dropbear[1150]: Failed loading /etc/dropbear/dropbear_ecdsa_host_key
Aug 01 01:52:38 witherspoon dropbear[1150]: Child connection from ::ffff:9.41.165.94:47016
Aug 01 01:52:38 witherspoon dropbear[1150]: PAM password auth succeeded for 'root' from ::ffff:9.41.165.94:47016
Aug 01 01:52:39 witherspoon dropbear[1151]: lastlog_perform_login: Couldn't stat /var/log/lastlog: No such file or directory
Aug 01 01:52:39 witherspoon dropbear[1151]: lastlog_openseek: /var/log/lastlog is not a file or directory!
Aug 01 01:52:41 witherspoon phosphor-gevent[1023]: ::8019:6876:8e91:f402%1995643676 - - [2017-08-01 01:52:41] "POST /login HTTP/1.1" 200 320 0.033131
Aug 01 01:52:41 witherspoon phosphor-gevent[1023]: ::8019:6876:8e91:f402%1995643676 - - [2017-08-01 01:52:41] "GET /xyz/openbmc_project/state/host0//attr/CurrentHostState HTTP/1.1" 200 212 0.051673
Aug 01 01:52:41 witherspoon systemd[1]: Created slice system-obmc\x2dconsole\x2dssh.slice.
Aug 01 01:52:41 witherspoon systemd[1]: Started Phosphor Host Console SSH Per-Connection (9.41.165.94:35570).
Aug 01 01:52:41 witherspoon dropbear[1155]: Failed loading /etc/dropbear/dropbear_dss_host_key
Aug 01 01:52:41 witherspoon dropbear[1155]: Failed loading /etc/dropbear/dropbear_ecdsa_host_key
Aug 01 01:52:41 witherspoon dropbear[1155]: Child connection from ::ffff:9.41.165.94:35570
Aug 01 01:52:41 witherspoon phosphor-gevent[1023]: ::8019:6876:8e91:f402%1995643676 - - [2017-08-01 01:52:41] "POST /login HTTP/1.1" 200 320 0.033457
Aug 01 01:52:42 witherspoon phosphor-gevent[1023]: ::8019:6876:8e91:f402%1995643676 - - [2017-08-01 01:52:42] "PUT /org/openbmc/settings/host0/attr/power_policy HTTP/1.1" 200 169 0.164316
Aug 01 01:52:42 witherspoon phosphor-gevent[1023]: ::8019:6876:8e91:f402%1995643676 - - [2017-08-01 01:52:42] "POST /login HTTP/1.1" 200 320 0.034049
Aug 01 01:52:42 witherspoon phosphor-gevent[1023]: ::8019:6876:8e91:f402%1995643676 - - [2017-08-01 01:52:42] "GET /org/openbmc/settings/host0/attr/power_policy HTTP/1.1" 200 185 0.069657
Aug 01 01:52:42 witherspoon dropbear[1155]: PAM password auth succeeded for 'root' from ::ffff:9.41.165.94:35570
Aug 01 01:52:42 witherspoon dropbear[1156]: lastlog_perform_login: Couldn't stat /var/log/lastlog: No such file or directory
Aug 01 01:52:42 witherspoon dropbear[1156]: lastlog_openseek: /var/log/lastlog is not a file or directory!
Aug 01 01:52:43 witherspoon phosphor-gevent[1023]: ::8019:6876:8e91:f402%1995643676 - - [2017-08-01 01:52:43] "POST /login HTTP/1.1" 200 320 0.033707
Aug 01 01:52:43 witherspoon phosphor-gevent[1023]: ::8019:6876:8e91:f402%1995643676 - - [2017-08-01 01:52:43] "GET /xyz/openbmc_project/state/chassis0//attr/CurrentPowerState HTTP/1.1" 200 216 0.049759
Aug 01 01:52:43 witherspoon phosphor-gevent[1023]: ::8019:6876:8e91:f402%1995643676 - - [2017-08-01 01:52:43] "POST /login HTTP/1.1" 200 320 0.044203
Aug 01 01:52:43 witherspoon phosphor-gevent[1023]: ::8019:6876:8e91:f402%1995643676 - - [2017-08-01 01:52:43] "GET /xyz/openbmc_project/state/bmc0//attr/CurrentBMCState HTTP/1.1" 200 215 0.049993
Aug 01 01:52:45 witherspoon phosphor-gevent[1023]: ::8019:6876:8e91:f402%1995643676 - - [2017-08-01 01:52:45] "POST /login HTTP/1.1" 200 320 0.085363
Aug 01 01:52:45 witherspoon phosphor-gevent[1023]: ::8019:6876:8e91:f402%1995643676 - - [2017-08-01 01:52:45] "GET /org/openbmc/sensors/host/BootProgress/attr/value HTTP/1.1" 200 170 0.063336
Aug 01 01:52:45 witherspoon phosphor-gevent[1023]: ::8019:6876:8e91:f402%1995643676 - - [2017-08-01 01:52:45] "POST /login HTTP/1.1" 200 320 0.033420
Aug 01 01:52:45 witherspoon phosphor-gevent[1023]: ::8019:6876:8e91:f402%1995643676 - - [2017-08-01 01:52:45] "GET /xyz/openbmc_project/state/host0//attr/CurrentHostState HTTP/1.1" 200 212 0.050147
Aug 01 01:52:45 witherspoon phosphor-gevent[1023]: ::8019:6876:8e91:f402%1995643676 - - [2017-08-01 01:52:45] "POST /login HTTP/1.1" 200 320 0.033612
Aug 01 01:52:45 witherspoon phosphor-host-state-manager[1071]: Host State transaction request
Aug 01 01:52:45 witherspoon systemd[1]: Created slice system-vcs_workaround.slice.
Aug 01 01:52:45 witherspoon systemd[1]: Created slice system-phosphor\x2dgpio\x2dmonitor.slice.
Aug 01 01:52:45 witherspoon systemd[1]: Started Phosphor GPIO checkstop monitor.
Aug 01 01:52:45 witherspoon systemd[1]: Starting Wait for /org/openbmc/control/chassis0...
Aug 01 01:52:45 witherspoon systemd[1]: Created slice system-avsbus\x2dworkaround.slice.
Aug 01 01:52:45 witherspoon systemd[1]: Created slice system-pcie\x2dslot\x2ddetect.slice.
Aug 01 01:52:46 witherspoon systemd[1]: Starting Reboot If Enabled...
Aug 01 01:52:46 witherspoon systemd[1]: Created slice system-ucd_disable_vcs.slice.
Aug 01 01:52:46 witherspoon systemd[1]: Created slice system-phosphor\x2dfan\x2dpresence\x2dtach.slice.
Aug 01 01:52:46 witherspoon systemd[1]: Created slice system-ir35221\x2don\x2dunbind.slice.
Aug 01 01:52:46 witherspoon systemd[1]: Created slice system-avsbus\x2ddisable.slice.
Aug 01 01:52:46 witherspoon systemd[1]: Created slice system-mapper\x2dsubtree\x2dremove.slice.
Aug 01 01:52:46 witherspoon systemd[1]: Starting mapper subtree-remove /xyz/openbmc_project/software:xyz.openbmc_project.Software.ActivationBlocksTransition...
Aug 01 01:52:46 witherspoon systemd[1]: Created slice system-vcs_on.slice.
Aug 01 01:52:46 witherspoon systemd[1]: Created slice system-fsi\x2dbind.slice.
Aug 01 01:52:46 witherspoon systemd[1]: Created slice system-start_host.slice.
Aug 01 01:52:46 witherspoon systemd[1]: Created slice system-op\x2dpower\x2dstart.slice.
Aug 01 01:52:46 witherspoon systemd[1]: Started Witherspoon Fan Watchdog Daemon.
Aug 01 01:52:46 witherspoon systemd[1]: Created slice system-ir35221\x2don\x2dbind.slice.
Aug 01 01:52:46 witherspoon systemd[1]: Reached target Start Host checkstop monitor.
Aug 01 01:52:46 witherspoon systemd[1]: Created slice system-fsi\x2dscan.slice.
Aug 01 01:52:46 witherspoon systemd[1]: Started Phosphor Cooling Type.
Aug 01 01:52:46 witherspoon systemd[1]: Starting Disable UCD VCS rails...
Aug 01 01:52:46 witherspoon systemd[1]: Starting power on mode unbind ir35221 device driver devs...
Aug 01 01:52:46 witherspoon systemd[1]: Created slice system-op\x2dwait\x2dpower\x2don.slice.
Aug 01 01:52:46 witherspoon systemd[1]: Starting Wait for /xyz/openbmc_project/led/groups/power_on...
Aug 01 01:52:46 witherspoon systemd[1]: Created slice system-phosphor\x2dwatchdog.slice.
Aug 01 01:52:46 witherspoon systemd[1]: Started Phosphor poweron watchdog.
Aug 01 01:52:46 witherspoon systemd[1]: Started Initialize BIOS Flash.
Aug 01 01:52:46 witherspoon systemd[1]: Created slice system-phosphor\x2dfan\x2dcontrol\x2dinit.slice.
Aug 01 01:52:46 witherspoon systemd[1]: Created slice system-mboxd\x2dreload.slice.
Aug 01 01:52:46 witherspoon systemd[1]: Starting Reload mboxd during power on...
Aug 01 01:52:46 witherspoon systemd[1]: Starting Witherspoon Fan Watchdog Reset...
Aug 01 01:52:46 witherspoon systemd[1]: Created slice system-cfam_override.slice.
Aug 01 01:52:46 witherspoon systemd[1]: Created slice system-obmc\x2denable\x2dhost\x2dwatchdog.slice.
Aug 01 01:52:46 witherspoon systemd[1]: Created slice system-vcs_off.slice.
Aug 01 01:52:46 witherspoon systemd[1]: Starting Wait for Power0 to turn on...
Aug 01 01:52:46 witherspoon systemd[1]: Created slice system-vrm\x2dcontrol.slice.
Aug 01 01:52:46 witherspoon systemd[1]: Starting Wait for /xyz/openbmc_project/watchdog/host0...
Aug 01 01:52:46 witherspoon systemd[1]: Created slice system-avsbus\x2denable.slice.
Aug 01 01:52:47 witherspoon systemd[1]: Started power on mode unbind ir35221 device driver devs.
Aug 01 01:52:47 witherspoon systemd[1]: xyz.openbmc_project.Hwmon@ahb-apb-i2c\x401e78a000-i2c\x2dbus\x40140-ir35221\x4070.service: Unit not needed anymore. Stopping.
Aug 01 01:52:47 witherspoon systemd[1]: Stopping Phosphor Hwmon Poller...
Aug 01 01:52:47 witherspoon systemd[1]: Stopped Phosphor Hwmon Poller.
Aug 01 01:52:47 witherspoon systemd[1]: xyz.openbmc_project.Hwmon@ahb-apb-i2c\x401e78a000-i2c\x2dbus\x40140-ir35221\x4071.service: Unit not needed anymore. Stopping.
Aug 01 01:52:47 witherspoon systemd[1]: Stopping Phosphor Hwmon Poller...
Aug 01 01:52:47 witherspoon systemd[1]: Stopped Phosphor Hwmon Poller.
Aug 01 01:52:47 witherspoon systemd[1]: xyz.openbmc_project.Hwmon@ahb-apb-i2c\x401e78a000-i2c\x2dbus\x40180-ir35221\x4070.service: Unit not needed anymore. Stopping.
Aug 01 01:52:47 witherspoon systemd[1]: Stopping Phosphor Hwmon Poller...
Aug 01 01:52:47 witherspoon systemd[1]: Stopped Phosphor Hwmon Poller.
Aug 01 01:52:47 witherspoon systemd[1]: xyz.openbmc_project.Hwmon@ahb-apb-i2c\x401e78a000-i2c\x2dbus\x40180-ir35221\x4071.service: Unit not needed anymore. Stopping.
Aug 01 01:52:47 witherspoon systemd[1]: Stopping Phosphor Hwmon Poller...
Aug 01 01:52:47 witherspoon systemd[1]: Stopped Phosphor Hwmon Poller.
Aug 01 01:52:49 witherspoon phosphor-gevent[1023]: ::8019:6876:8e91:f402%1995643676 - - [2017-08-01 01:52:49] "PUT /xyz/openbmc_project/state/host0//attr/RequestedHostTransition HTTP/1.1" 200 169 3.656033
Aug 01 01:52:49 witherspoon systemd[1]: Started Witherspoon Fan Watchdog Reset.
Aug 01 01:52:49 witherspoon phosphor-gevent[1023]: ::8019:6876:8e91:f402%1995643676 - - [2017-08-01 01:52:49] "POST /login HTTP/1.1" 200 320 0.033276
Aug 01 01:52:50 witherspoon kernel: ucd9000 11-0064: Device ID UCD90160|2.3.4.0000|110603
Aug 01 01:52:50 witherspoon kernel[963]: [  476.930000] ucd9000 11-0064: Device ID UCD90160|2.3.4.0000|110603
Aug 01 01:52:50 witherspoon systemd[1]: Started Disable UCD VCS rails.
Aug 01 01:52:50 witherspoon systemd[1]: Starting Perform AVS bus workaround on VRMs...
Aug 01 01:52:51 witherspoon systemd[1]: Started Perform AVS bus workaround on VRMs.
Aug 01 01:52:51 witherspoon systemd[1]: Starting Disable the AVS bus on the VRMs...
Aug 01 01:52:51 witherspoon mboxctl[1168]: Reset: Success
Aug 01 01:52:51 witherspoon systemd[1]: Started Reload mboxd during power on.
Aug 01 01:52:51 witherspoon systemd[1]: Started Disable the AVS bus on the VRMs.
Aug 01 01:52:51 witherspoon systemd[1]: Starting Apply voltage overrides to VRMs...
Aug 01 01:52:51 witherspoon vrm-control.sh[1233]: rail        set        read        current
Aug 01 01:52:51 witherspoon vrm-control.sh[1233]: -------        ------- ------- -------
Aug 01 01:52:52 witherspoon vrm-control.sh[1233]: vdna        0.898V        0.004V        0.000A
Aug 01 01:52:53 witherspoon vrm-control.sh[1233]: vdnb        0.898V        0.004V        0.000A
Aug 01 01:52:53 witherspoon systemd[1]: Started Apply voltage overrides to VRMs.
Aug 01 01:52:53 witherspoon systemd[1]: Starting Enable the AVS bus on VRMs...
Aug 01 01:52:54 witherspoon systemd[1]: Started Enable the AVS bus on VRMs.
Aug 01 01:52:54 witherspoon systemd[1]: Starting Disable VCS before Witherspoon power on...
Aug 01 01:52:54 witherspoon systemd[1]: Started Disable VCS before Witherspoon power on.
Aug 01 01:52:58 witherspoon phosphor-gevent[1023]: ::8019:6876:8e91:f402%1995643676 - - [2017-08-01 01:52:58] "GET /xyz/openbmc_project/state/chassis0//attr/CurrentPowerState HTTP/1.1" 200 216 8.817559
Aug 01 01:52:59 witherspoon systemd[1]: Started mapper subtree-remove /xyz/openbmc_project/software:xyz.openbmc_project.Software.ActivationBlocksTransition.
Aug 01 01:52:59 witherspoon systemd[1]: Started Wait for /xyz/openbmc_project/led/groups/power_on.
Aug 01 01:52:59 witherspoon systemd[1]: Starting Assert power_on LED...
Aug 01 01:52:59 witherspoon systemd[1]: Started Wait for /org/openbmc/control/chassis0.
Aug 01 01:52:59 witherspoon phosphor-gevent[1023]: ::8019:6876:8e91:f402%1995643676 - - [2017-08-01 01:52:59] "POST /login HTTP/1.1" 200 320 0.034001
Aug 01 01:53:00 witherspoon phosphor-discover-system-state[1159]: Host power is off, checking power policy
Aug 01 01:53:00 witherspoon systemd[1]: Started Reboot If Enabled.
Aug 01 01:53:00 witherspoon phosphor-gevent[1023]: ::8019:6876:8e91:f402%1995643676 - - [2017-08-01 01:53:00] "GET /xyz/openbmc_project/state/bmc0//attr/CurrentBMCState HTTP/1.1" 200 215 0.704837
Aug 01 01:53:00 witherspoon phosphor-ledmanager[970]: Asserting LEDs
Aug 01 01:53:00 witherspoon phosphor-ledmanager[970]: No service providers for physical LED
Aug 01 01:53:00 witherspoon systemd[1]: Started Assert power_on LED.
Aug 01 01:53:01 witherspoon phosphor-gevent[1023]: ::8019:6876:8e91:f402%1995643676 - - [2017-08-01 01:53:01] "POST /login HTTP/1.1" 200 320 0.033349
Aug 01 01:53:01 witherspoon flash_bios.exe[1038]: Starting flasher: bios,,/org/openbmc/control/flash/bios,
Aug 01 01:53:01 witherspoon flash_bios.exe[1038]: flasher: , BMC = 1, address = 0x0
Aug 01 01:53:01 witherspoon flash_bios.exe[1038]: Setting up flash
