Booting Linux on physical CPU 0x0
Linux version 4.7.10-6786cab8778ba96d84d89c7aec34374b5f4f1968 (jenkins@openbmc-builder2) (gcc version 6.2.0 (GCC) ) #1 Fri Apr 14 15:56:05 UTC 2017
CPU: ARMv6-compatible processor [410fb767] revision 7 (ARMv7), cr=00c5387d
CPU: PIPT / VIPT nonaliasing data cache, VIPT nonaliasing instruction cache
Machine model: Zaius BMC
Memory policy: Data cache writeback
SOC Rev: 04030303
On node 0 totalpages: 241664
free_area_init_node: node 0, pgdat 8071d85c, node_mem_map be21e000
  Normal zone: 2016 pages used for memmap
  Normal zone: 0 pages reserved
  Normal zone: 241664 pages, LIFO batch:31
pcpu-alloc: s0 r0 d32768 u32768 alloc=1*32768
pcpu-alloc: [0] 0 
Built 1 zonelists in Zone order, mobility grouping on.  Total pages: 239648
Kernel command line: console=ttyS4,115200n8 root=/dev/ram rw
PID hash table entries: 4096 (order: 2, 16384 bytes)
Dentry cache hash table entries: 131072 (order: 7, 524288 bytes)
Inode-cache hash table entries: 65536 (order: 6, 262144 bytes)
Memory: 950152K/966656K available (4204K kernel code, 151K rwdata, 896K rodata, 1024K init, 110K bss, 16504K reserved, 0K cma-reserved)
Virtual kernel memory layout:
    vector  : 0xffff0000 - 0xffff1000   (   4 kB)
    fixmap  : 0xffc00000 - 0xfff00000   (3072 kB)
    vmalloc : 0xbf800000 - 0xff800000   (1024 MB)
    lowmem  : 0x80000000 - 0xbf000000   (1008 MB)
      .text : 0x80008000 - 0x805fb2f8   (6093 kB)
      .init : 0x80600000 - 0x80700000   (1024 kB)
      .data : 0x80700000 - 0x80725f60   ( 152 kB)
       .bss : 0x80725f60 - 0x80741aa8   ( 111 kB)
NR_IRQS:16 nr_irqs:16 16
clocksource: moxart_timer: mask: 0xffffffff max_cycles: 0xffffffff, max_idle_ns: 77222644334 ns
sched_clock: 32 bits at 100 Hz, resolution 10000000ns, wraps every 21474836475000000ns
Calibrating delay loop... 789.70 BogoMIPS (lpj=3948544)
pid_max: default: 32768 minimum: 301
Mount-cache hash table entries: 2048 (order: 1, 8192 bytes)
Mountpoint-cache hash table entries: 2048 (order: 1, 8192 bytes)
CPU: Testing write buffer coherency: ok
Setting up static identity map for 0x80100000 - 0x80100038
devtmpfs: initialized
clocksource: jiffies: mask: 0xffffffff max_cycles: 0xffffffff, max_idle_ns: 19112604462750000 ns
pinctrl core: initialized pinctrl subsystem
NET: Registered protocol family 16
DMA: preallocated 256 KiB pool for atomic coherent allocations
hw-breakpoint: found 6 breakpoint and 1 watchpoint registers.
hw-breakpoint: maximum watchpoint size is 4 bytes.
clocksource: Switched to clocksource moxart_timer
NET: Registered protocol family 2
TCP established hash table entries: 8192 (order: 3, 32768 bytes)
TCP bind hash table entries: 8192 (order: 3, 32768 bytes)
TCP: Hash tables configured (established 8192 bind 8192)
UDP hash table entries: 512 (order: 1, 8192 bytes)
UDP-Lite hash table entries: 512 (order: 1, 8192 bytes)
NET: Registered protocol family 1
RPC: Registered named UNIX socket transport module.
RPC: Registered udp transport module.
RPC: Registered tcp transport module.
RPC: Registered tcp NFSv4.1 backchannel transport module.
Trying to unpack rootfs image as initramfs...
Freeing initrd memory: 1548K (bea07000 - beb8a000)
futex hash table entries: 256 (order: -1, 3072 bytes)
workingset: timestamp_bits=29 max_order=18 bucket_order=0
squashfs: version 4.0 (2009/01/31) Phillip Lougher
jffs2: version 2.2. (NAND) (SUMMARY)  Â© 2001-2006 Red Hat, Inc.
io scheduler noop registered (default)
GPIO line 396 (iso_u164_en) hogged as output/high
GPIO line 400 (ncsi_mux_en_n) hogged as output/low
GPIO line 401 (bmc_i2c2_sw_rst_n) hogged as output/high
GPIO line 403 (bmc_i2c5_sw_rst_n) hogged as output/high
ipmi-bt-host 1e789140.ibt: Found bt bmc device
ipmi-bt-host 1e789140.ibt: Using IRQ 22
Serial: 8250/16550 driver, 6 ports, IRQ sharing enabled
1e783000.serial: ttyS0 at MMIO 0x1e783000 (irq = 23, base_baud = 1500000) is a 16550A
1e784000.serial: ttyS4 at MMIO 0x1e784000 (irq = 24, base_baud = 1500000) is a 16550A
console [ttyS4] enabled
1e787000.vuart: ttyS1 at MMIO 0x1e787000 (irq = 22, base_baud = 1500000) is a 16550A
brd: module loaded
loop: module loaded
aspeed-lpc-ctrl 1e789080.lpc-ctrl: Loaded at 0x98000000 (0x04000000)
aspeed-smc 1e620000.flash-controller: Using IRQ 17
aspeed-smc 1e620000.flash-controller: DMA support deactivated.
aspeed-smc 1e620000.flash-controller: control register changed to: 00000640
platform 1e620000.flash-controller:flash@0: mx66l51235l (65536 Kbytes)
5 ofpart partitions found on MTD device bmc
Creating 5 MTD partitions on "bmc":
0x000000000000-0x000000060000 : "u-boot"
0x000000060000-0x000000080000 : "u-boot-env"
0x000000080000-0x0000004c0000 : "kernel"
0x0000004c0000-0x000001c00000 : "rofs"
0x000001c00000-0x000002000000 : "rwfs"
aspeed-smc 1e630000.flash-controller: no DMA support.
aspeed-smc 1e630000.flash-controller: control register changed to: 00000440
platform 1e630000.flash-controller:flash@0: mx66l51235l (65536 Kbytes)
aspeed-smc 1e631000.flash-controller: no DMA support.
platform 1e631000.flash-controller:flash@0: mx25l6405d (8192 Kbytes)
ftgmac100 1e660000.ethernet: Read MAC address 92:4a:1d:49:46:4a from chip
ftgmac100 1e660000.ethernet: Using NCSI interface
ftgmac100 1e660000.ethernet eth0: irq 19, mapped at f0060000
ftgmac100 1e680000.ethernet: Read MAC address 4e:44:be:b0:ce:27 from chip
libphy: ftgmac100_mdio: probed
ftgmac100 1e680000.ethernet eth1: irq 20, mapped at f0080000
i2c /dev entries driver
i2c_aspeed 1e78a000.i2c: i2c controller registered, irq 25
at24 0-0050: 8192 byte 24c64 EEPROM, writable, 32 bytes/write
rtc-pcf8523 0-0068: rtc core: registered rtc-pcf8523 as rtc0
i2c_aspeed i2c-0: i2c bus 0 registered, irq 258
i2c_aspeed i2c-1: i2c bus 1 registered, irq 259
i2c_aspeed i2c-4: i2c bus 4 registered, irq 262
i2c_aspeed i2c-7: i2c bus 7 registered, irq 265
i2c_aspeed i2c-8: i2c bus 8 registered, irq 266
i2c i2c-7: Added multiplexed i2c bus 2
pca9541 7-0070: registered master selector for I2C pca9541
i2c i2c-1: Added multiplexed i2c bus 3
i2c i2c-1: Added multiplexed i2c bus 5
i2c i2c-1: Added multiplexed i2c bus 6
i2c i2c-1: Added multiplexed i2c bus 9
pca954x 1-0071: registered 4 multiplexed busses for I2C switch pca9546
i2c i2c-4: Added multiplexed i2c bus 10
i2c i2c-4: Added multiplexed i2c bus 11
i2c i2c-4: Added multiplexed i2c bus 12
i2c i2c-4: Added multiplexed i2c bus 13
pca954x 4-0071: registered 4 multiplexed busses for I2C switch pca9546
Driver for 1-wire Dallas network protocol.
w1_master_driver w1_bus_master2: Family 28 for 28.000008190d70.e4 is not registered.
ucd9000 0-0064: Device ID UCD90160|2.3.4.0000|110603
IIC FSI support loaded, ver. 3.2
IIC BOE engine support loaded. ver. 3.0
ip_tables: (C) 2000-2006 Netfilter Core Team
NET: Registered protocol family 10
NET: Registered protocol family 17
rtc-pcf8523 0-0068: hctosys: unable to read the hardware clock
Freeing unused kernel memory: 1024K (80600000 - 80700000)
jffs2: notice: (452) jffs2_build_xattr_subsystem: complete building xattr subsystem, 1 of xdatum (0 unchecked, 1 orphan) and 1 of xref (0 dead, 1 orphan) found.
systemd[1]: System time before build time, advancing clock.
random: systemd: uninitialized urandom read (16 bytes read, 32 bits of entropy available)
systemd[1]: systemd 232 running in system mode. (+PAM -AUDIT -SELINUX -IMA -APPARMOR -SMACK +SYSVINIT -UTMP -LIBCRYPTSETUP -GCRYPT -GNUTLS +ACL +XZ -LZ4 -SECCOMP +BLKID -ELFUTILS +KMOD -IDN)
systemd[1]: Detected architecture arm.
systemd[1]: Set hostname to <zaius>.
random: systemd: uninitialized urandom read (16 bytes read, 33 bits of entropy available)
random: systemd-sysv-ge: uninitialized urandom read (16 bytes read, 33 bits of entropy available)
random: systemd: uninitialized urandom read (16 bytes read, 33 bits of entropy available)
random: systemd: uninitialized urandom read (16 bytes read, 33 bits of entropy available)
random: systemd: uninitialized urandom read (16 bytes read, 33 bits of entropy available)
random: systemd: uninitialized urandom read (16 bytes read, 33 bits of entropy available)
random: systemd: uninitialized urandom read (16 bytes read, 33 bits of entropy available)
random: systemd: uninitialized urandom read (16 bytes read, 33 bits of entropy available)
random: systemd: uninitialized urandom read (16 bytes read, 33 bits of entropy available)
systemd[1]: Listening on /dev/initctl Compatibility Named Pipe.
systemd[1]: Listening on Syslog Socket.
systemd[1]: Created slice System Slice.
systemd[1]: Created slice system-obmc\x2dled\x2dgroup\x2dstart.slice.
systemd[1]: Created slice system-op\x2dreset\x2dpgood\x2dcheck.slice.
systemd[1]: dev-hugepages.mount: Couldn't determine result for ConditionVirtualization=!private-users, assuming failed: No such file or directory
systemd[1]: Listening on Network Service Netlink Socket.
systemd[1]: Listening on Journal Socket.
systemd[1]: Starting Remount Root and Kernel File Systems...
systemd[1]: Listening on udev Kernel Socket.
systemd[1]: Created slice system-org.openbmc.buttons.reset.slice.
systemd[1]: Created slice system-obmc\x2dconsole.slice.
systemd[1]: Created slice system-org.openbmc.control.Chassis.slice.
systemd[1]: Created slice system-serial\x2dgetty.slice.
systemd[1]: Listening on Journal Socket (/dev/log).
systemd[1]: Started Forward Password Requests to Wall Directory Watch.
systemd[1]: Created slice system-org.openbmc.control.Checkstop.slice.
systemd[1]: Reached target Swap.
systemd[1]: Mounting Temporary Directory...
systemd[1]: Created slice system-op\x2dreset\x2dset\x2dpower\x2don.slice.
systemd[1]: Listening on udev Control Socket.
systemd[1]: Starting udev Coldplug all Devices...
systemd[1]: Created slice system-op\x2dreset\x2dchassis\x2don.slice.
systemd[1]: Starting Apply Kernel Variables...
systemd[1]: Starting Journal Service...
systemd[1]: Created slice system-mapper\x2dwait.slice.
systemd[1]: Created slice system-org.openbmc.control.Bmc.slice.
systemd[1]: Created slice system-org.openbmc.buttons.Power.slice.
systemd[1]: Created slice system-getty.slice.
systemd[1]: Reached target Remote File Systems.
systemd[1]: Started Dispatch Password Requests to Console Directory Watch.
systemd[1]: Reached target Paths.
systemd[1]: Mounting Debug File System...
systemd[1]: Created slice system-org.openbmc.control.Power.slice.
systemd[1]: Created slice system-org.openbmc.watchdog.Host.slice.
systemd[1]: Reached target Slices.
systemd[1]: Mounted Debug File System.
systemd[1]: Mounted Temporary Directory.
systemd[1]: Started Journal Service.
systemd-journald[520]: Received request to flush runtime journal from PID 1
IPv6: ADDRCONF(NETDEV_UP): eth1: link is not ready
ftgmac100 1e660000.ethernet eth0: NCSI interface down
IPv6: ADDRCONF(NETDEV_CHANGE): eth1: link becomes ready
random: nonblocking pool is initialized
