-- Logs begin at Mon 2017-07-31 11:37:15 UTC, end at Mon 2017-07-31 11:45:59 UTC. --
Jul 31 11:37:15 witherspoon kernel: Booting Linux on physical CPU 0x0
Jul 31 11:37:15 witherspoon kernel: Linux version 4.10.17-44f0dc8ac43162c4f7082884d6cd79400341bf5b (jenkins@openbmc-builder1) (gcc version 6.2.0 (GCC) ) #1 Mon Jul 31 11:23:26 UTC 2017
Jul 31 11:37:15 witherspoon kernel: CPU: ARMv6-compatible processor [410fb767] revision 7 (ARMv7), cr=00c5387d
Jul 31 11:37:15 witherspoon kernel: CPU: PIPT / VIPT nonaliasing data cache, VIPT nonaliasing instruction cache
Jul 31 11:37:15 witherspoon kernel: OF: fdt:Machine model: Witherspoon BMC
Jul 31 11:37:15 witherspoon kernel: Memory policy: Data cache writeback
Jul 31 11:37:15 witherspoon kernel: SOC Rev: 04030303
Jul 31 11:37:15 witherspoon kernel: On node 0 totalpages: 110592
Jul 31 11:37:15 witherspoon kernel: free_area_init_node: node 0, pgdat 805ff5e4, node_mem_map 9ec1a000
Jul 31 11:37:15 witherspoon kernel:   Normal zone: 992 pages used for memmap
Jul 31 11:37:15 witherspoon kernel:   Normal zone: 0 pages reserved
Jul 31 11:37:15 witherspoon kernel:   Normal zone: 110592 pages, LIFO batch:31
Jul 31 11:37:15 witherspoon kernel: pcpu-alloc: s0 r0 d32768 u32768 alloc=1*32768
Jul 31 11:37:15 witherspoon kernel: pcpu-alloc: [0] 0 
Jul 31 11:37:15 witherspoon kernel: Built 1 zonelists in Zone order, mobility grouping on.  Total pages: 109600
Jul 31 11:37:15 witherspoon kernel: Kernel command line: console=ttyS4,115200n8 root=/dev/ram rw
Jul 31 11:37:15 witherspoon kernel: PID hash table entries: 2048 (order: 1, 8192 bytes)
Jul 31 11:37:15 witherspoon kernel: Dentry cache hash table entries: 65536 (order: 6, 262144 bytes)
Jul 31 11:37:15 witherspoon kernel: Inode-cache hash table entries: 32768 (order: 5, 131072 bytes)
Jul 31 11:37:15 witherspoon kernel: Memory: 430440K/442368K available (4065K kernel code, 280K rwdata, 1192K rodata, 284K init, 111K bss, 11928K reserved, 0K cma-reserved)
Jul 31 11:37:15 witherspoon kernel: Virtual kernel memory layout:
                                        vector  : 0xffff0000 - 0xffff1000   (   4 kB)
                                        fixmap  : 0xffc00000 - 0xfff00000   (3072 kB)
                                        vmalloc : 0x9f800000 - 0xff800000   (1536 MB)
                                        lowmem  : 0x80000000 - 0x9f000000   ( 496 MB)
                                          .text : 0x80008000 - 0x804007a0   (4066 kB)
                                          .init : 0x80585000 - 0x805cc000   ( 284 kB)
                                          .data : 0x805cc000 - 0x80612358   ( 281 kB)
                                           .bss : 0x80612358 - 0x8062e1f8   ( 112 kB)
Jul 31 11:37:15 witherspoon kernel: NR_IRQS:16 nr_irqs:16 16
Jul 31 11:37:15 witherspoon kernel: i2c controller registered, irq 16
Jul 31 11:37:15 witherspoon kernel: clocksource: moxart_timer: mask: 0xffffffff max_cycles: 0xffffffff, max_idle_ns: 77222644334 ns
Jul 31 11:37:15 witherspoon kernel: sched_clock: 32 bits at 100 Hz, resolution 10000000ns, wraps every 21474836475000000ns
Jul 31 11:37:15 witherspoon kernel: Calibrating delay loop... 789.70 BogoMIPS (lpj=3948544)
Jul 31 11:37:15 witherspoon kernel: pid_max: default: 32768 minimum: 301
Jul 31 11:37:15 witherspoon kernel: Mount-cache hash table entries: 1024 (order: 0, 4096 bytes)
Jul 31 11:37:15 witherspoon kernel: Mountpoint-cache hash table entries: 1024 (order: 0, 4096 bytes)
Jul 31 11:37:15 witherspoon kernel: CPU: Testing write buffer coherency: ok
Jul 31 11:37:15 witherspoon kernel: ftrace: allocating 14932 entries in 44 pages
Jul 31 11:37:15 witherspoon kernel: Setting up static identity map for 0x80008200 - 0x8000825c
Jul 31 11:37:15 witherspoon kernel: devtmpfs: initialized
Jul 31 11:37:15 witherspoon kernel: clocksource: jiffies: mask: 0xffffffff max_cycles: 0xffffffff, max_idle_ns: 19112604462750000 ns
Jul 31 11:37:15 witherspoon kernel: futex hash table entries: 256 (order: -1, 3072 bytes)
Jul 31 11:37:15 witherspoon kernel: pinctrl core: initialized pinctrl subsystem
Jul 31 11:37:15 witherspoon kernel: NET: Registered protocol family 16
Jul 31 11:37:15 witherspoon kernel: DMA: preallocated 256 KiB pool for atomic coherent allocations
Jul 31 11:37:15 witherspoon kernel: usbcore: registered new interface driver usbfs
Jul 31 11:37:15 witherspoon kernel: usbcore: registered new interface driver hub
Jul 31 11:37:15 witherspoon kernel: usbcore: registered new device driver usb
Jul 31 11:37:15 witherspoon kernel: clocksource: Switched to clocksource moxart_timer
Jul 31 11:37:15 witherspoon kernel: NET: Registered protocol family 2
Jul 31 11:37:15 witherspoon kernel: TCP established hash table entries: 4096 (order: 2, 16384 bytes)
Jul 31 11:37:15 witherspoon kernel: TCP bind hash table entries: 4096 (order: 2, 16384 bytes)
Jul 31 11:37:15 witherspoon kernel: TCP: Hash tables configured (established 4096 bind 4096)
Jul 31 11:37:15 witherspoon kernel: UDP hash table entries: 256 (order: 0, 4096 bytes)
Jul 31 11:37:15 witherspoon kernel: UDP-Lite hash table entries: 256 (order: 0, 4096 bytes)
Jul 31 11:37:15 witherspoon kernel: NET: Registered protocol family 1
Jul 31 11:37:15 witherspoon kernel: Trying to unpack rootfs image as initramfs...
Jul 31 11:37:15 witherspoon kernel: Freeing initrd memory: 1544K
Jul 31 11:37:15 witherspoon kernel: workingset: timestamp_bits=30 max_order=17 bucket_order=0
Jul 31 11:37:15 witherspoon kernel: squashfs: version 4.0 (2009/01/31) Phillip Lougher
Jul 31 11:37:15 witherspoon kernel: jffs2: version 2.2. (SUMMARY)  © 2001-2006 Red Hat, Inc.
Jul 31 11:37:15 witherspoon kernel: Block layer SCSI generic (bsg) driver version 0.4 loaded (major 250)
Jul 31 11:37:15 witherspoon kernel: io scheduler noop registered
Jul 31 11:37:15 witherspoon kernel: io scheduler deadline registered
Jul 31 11:37:15 witherspoon kernel: io scheduler cfq registered (default)
Jul 31 11:37:15 witherspoon kernel: ipmi-bt-host 1e789140.ibt: Found bt bmc device
Jul 31 11:37:15 witherspoon kernel: ipmi-bt-host 1e789140.ibt: Using IRQ 22
Jul 31 11:37:15 witherspoon kernel: Serial: 8250/16550 driver, 6 ports, IRQ sharing enabled
Jul 31 11:37:15 witherspoon kernel: 1e783000.serial: ttyS0 at MMIO 0x1e783000 (irq = 23, base_baud = 1500000) is a 16550A
Jul 31 11:37:15 witherspoon kernel: 1e78d000.serial: ttyS1 at MMIO 0x1e78d000 (irq = 24, base_baud = 1500000) is a 16550A
Jul 31 11:37:15 witherspoon kernel: 1e784000.serial: ttyS4 at MMIO 0x1e784000 (irq = 25, base_baud = 1500000) is a 16550A
Jul 31 11:37:15 witherspoon kernel: console [ttyS4] enabled
Jul 31 11:37:15 witherspoon kernel: 1e787000.vuart: ttyS2 at MMIO 0x1e787000 (irq = 22, base_baud = 1500000) is a 16550A
Jul 31 11:37:15 witherspoon kernel: timeriomem_rng 1e6e2078.hwrng: 32bits from 0xf00e2078 @ 1us
Jul 31 11:37:15 witherspoon kernel: random: fast init done
Jul 31 11:37:15 witherspoon kernel: brd: module loaded
Jul 31 11:37:15 witherspoon kernel: random: crng init done
Jul 31 11:37:15 witherspoon kernel: loop: module loaded
Jul 31 11:37:15 witherspoon kernel: aspeed-lpc-ctrl 1e789080.lpc-ctrl: Loaded at 0x98000000 (0x04000000)
Jul 31 11:37:15 witherspoon kernel: aspeed-smc 1e620000.flash-controller: Using IRQ 18
Jul 31 11:37:15 witherspoon kernel: aspeed-smc 1e620000.flash-controller: DMA support disabled.
Jul 31 11:37:15 witherspoon kernel: aspeed-smc 1e620000.flash-controller: mx25l25635e (32768 Kbytes)
Jul 31 11:37:15 witherspoon kernel: aspeed-smc 1e620000.flash-controller: CE0 window [ 0x20000000 - 0x22000000 ] 32MB
Jul 31 11:37:15 witherspoon kernel: aspeed-smc 1e620000.flash-controller: CE1 window [ 0x22000000 - 0x2a000000 ] 128MB
Jul 31 11:37:15 witherspoon kernel: 5 ofpart partitions found on MTD device bmc
Jul 31 11:37:15 witherspoon kernel: Creating 5 MTD partitions on "bmc":
Jul 31 11:37:15 witherspoon kernel: 0x000000000000-0x000000060000 : "u-boot"
Jul 31 11:37:15 witherspoon kernel: 0x000000060000-0x000000080000 : "u-boot-env"
Jul 31 11:37:15 witherspoon kernel: 0x000000080000-0x0000004c0000 : "kernel"
Jul 31 11:37:15 witherspoon kernel: 0x0000004c0000-0x000001c00000 : "rofs"
Jul 31 11:37:15 witherspoon kernel: 0x000001c00000-0x000002000000 : "rwfs"
Jul 31 11:37:15 witherspoon kernel: aspeed-smc 1e620000.flash-controller: mx25l25635e (32768 Kbytes)
Jul 31 11:37:15 witherspoon kernel: aspeed-smc 1e620000.flash-controller: CE1 window [ 0x22000000 - 0x24000000 ] 32MB
Jul 31 11:37:15 witherspoon kernel: aspeed-smc 1e620000.flash-controller: CE2 window [ 0x24000000 - 0x2c000000 ] 128MB
Jul 31 11:37:15 witherspoon kernel: aspeed-smc 1e630000.flash-controller: mx66l1g45g (131072 Kbytes)
Jul 31 11:37:15 witherspoon kernel: aspeed-smc 1e630000.flash-controller: CE0 window resized to 120MB (AST2500 HW quirk)
Jul 31 11:37:15 witherspoon kernel: aspeed-smc 1e630000.flash-controller: CE0 window [ 0x30000000 - 0x37800000 ] 120MB
Jul 31 11:37:15 witherspoon kernel: aspeed-smc 1e630000.flash-controller: CE0 window too small for chip 128MB
Jul 31 11:37:15 witherspoon kernel: aspeed-smc 1e630000.flash-controller: CE1 window [ 0x37800000 - 0x38000000 ] 8MB
Jul 31 11:37:15 witherspoon kernel: libphy: Fixed MDIO Bus: probed
Jul 31 11:37:15 witherspoon kernel: ftgmac100 1e660000.ethernet: Read MAC address 70:e2:84:14:28:a9 from chip
Jul 31 11:37:15 witherspoon kernel: ftgmac100 1e660000.ethernet: Using NCSI interface
Jul 31 11:37:15 witherspoon kernel: ftgmac100 1e660000.ethernet eth0: irq 20, mapped at f0060000
Jul 31 11:37:15 witherspoon kernel: ehci_hcd: USB 2.0 'Enhanced' Host Controller (EHCI) Driver
Jul 31 11:37:15 witherspoon kernel: ehci-platform: EHCI generic platform driver
Jul 31 11:37:15 witherspoon kernel:  fsi0: can't read slave 00:00 -5
Jul 31 11:37:15 witherspoon kernel: i2c /dev entries driver
Jul 31 11:37:15 witherspoon kernel: aspeed-i2c-bus 1e78a0c0.i2c-bus: i2c bus 2 registered, irq 26
Jul 31 11:37:15 witherspoon kernel: aspeed-i2c-bus 1e78a100.i2c-bus: i2c bus 3 registered, irq 27
Jul 31 11:37:15 witherspoon kernel: aspeed-i2c-bus 1e78a140.i2c-bus: i2c bus 4 registered, irq 28
Jul 31 11:37:15 witherspoon kernel: aspeed-i2c-bus 1e78a180.i2c-bus: i2c bus 5 registered, irq 29
Jul 31 11:37:15 witherspoon kernel: aspeed-i2c-bus 1e78a380.i2c-bus: i2c bus 9 registered, irq 30
Jul 31 11:37:15 witherspoon kernel: aspeed-i2c-bus 1e78a3c0.i2c-bus: i2c bus 10 registered, irq 31
Jul 31 11:37:15 witherspoon kernel: rtc-rv8803 11-0032: Voltage low, temperature compensation stopped.
Jul 31 11:37:15 witherspoon kernel: rtc-rv8803 11-0032: rtc core: registered rx8900 as rtc0
Jul 31 11:37:15 witherspoon kernel: at24 11-0051: 8192 byte 24c64 EEPROM, writable, 1 bytes/write
Jul 31 11:37:15 witherspoon kernel: aspeed-i2c-bus 1e78a400.i2c-bus: i2c bus 11 registered, irq 32
Jul 31 11:37:15 witherspoon kernel: aspeed-i2c-bus 1e78a440.i2c-bus: i2c bus 12 registered, irq 33
Jul 31 11:37:15 witherspoon kernel: aspeed-i2c-bus 1e78a480.i2c-bus: i2c bus 13 registered, irq 34
Jul 31 11:37:15 witherspoon kernel: Driver for 1-wire Dallas network protocol.
Jul 31 11:37:15 witherspoon kernel: lm75 9-004a: hwmon0: sensor 'tmp275'
Jul 31 11:37:15 witherspoon kernel: max31785 3-0052: Fan 2 is configured but not installed
Jul 31 11:37:15 witherspoon kernel: max31785 3-0052: Fan 3 is configured but not installed
Jul 31 11:37:15 witherspoon kernel: ucd9000 11-0064: Device ID UCD90160|2.3.4.0000|110603
Jul 31 11:37:15 witherspoon kernel: leds-pca955x 3-0060: leds-pca955x: Using pca9552 16-bit LED driver at slave address 0x60
Jul 31 11:37:15 witherspoon kernel: leds-pca955x 11-0060: leds-pca955x: Using pca9552 16-bit LED driver at slave address 0x60
Jul 31 11:37:15 witherspoon kernel: leds-pca955x 11-0060: gpios 264...279
Jul 31 11:37:15 witherspoon kernel: usbcore: registered new interface driver usbhid
Jul 31 11:37:15 witherspoon kernel: usbhid: USB HID core driver
Jul 31 11:37:15 witherspoon kernel: dps310 3-0076: iio:device1: sensor 'dps310'
Jul 31 11:37:15 witherspoon kernel: NET: Registered protocol family 10
Jul 31 11:37:15 witherspoon kernel: Segment Routing with IPv6
Jul 31 11:37:15 witherspoon kernel: NET: Registered protocol family 17
Jul 31 11:37:15 witherspoon kernel: 8021q: 802.1Q VLAN Support v1.8
Jul 31 11:37:15 witherspoon kernel: console [netcon0] enabled
Jul 31 11:37:15 witherspoon kernel: netconsole: network logging started
Jul 31 11:37:15 witherspoon kernel: input: gpio-keys as /devices/platform/gpio-keys/input/input0
Jul 31 11:37:15 witherspoon kernel: rtc-rv8803 11-0032: setting system clock to 2017-07-31 11:37:01 UTC (1501501021)
Jul 31 11:37:15 witherspoon kernel: Freeing unused kernel memory: 284K
Jul 31 11:37:15 witherspoon kernel: This architecture does not have kernel memory protection.
Jul 31 11:37:15 witherspoon kernel: jffs2: notice: (525) jffs2_build_xattr_subsystem: complete building xattr subsystem, 0 of xdatum (0 unchecked, 0 orphan) and 0 of xref (0 dead, 0 orphan) found.
Jul 31 11:37:15 witherspoon systemd[1]: Failed to insert module 'autofs4': No such file or directory
Jul 31 11:37:15 witherspoon systemd[1]: systemd 232 running in system mode. (+PAM -AUDIT -SELINUX -IMA -APPARMOR -SMACK +SYSVINIT -UTMP -LIBCRYPTSETUP -GCRYPT -GNUTLS +ACL +XZ -LZ4 -SECCOMP +BLKID -ELFUTILS +KMOD -IDN)
Jul 31 11:37:15 witherspoon systemd[1]: Detected architecture arm.
Jul 31 11:37:15 witherspoon systemd[1]: Set hostname to <witherspoon>.
Jul 31 11:37:15 witherspoon systemd[1]: Listening on Journal Socket.
Jul 31 11:37:15 witherspoon systemd[1]: Listening on udev Kernel Socket.
Jul 31 11:37:15 witherspoon systemd[1]: Reached target Remote File Systems.
Jul 31 11:37:15 witherspoon systemd[1]: Listening on Syslog Socket.
Jul 31 11:37:15 witherspoon systemd[1]: Reached target Swap.
Jul 31 11:37:15 witherspoon systemd[1]: Listening on /dev/initctl Compatibility Named Pipe.
Jul 31 11:37:15 witherspoon systemd[1]: Listening on Journal Socket (/dev/log).
Jul 31 11:37:15 witherspoon systemd[1]: Created slice system-obmc\x2dconsole.slice.
Jul 31 11:37:15 witherspoon systemd[1]: Mounting Temporary Directory...
Jul 31 11:37:15 witherspoon systemd[1]: Created slice system-phosphor\x2dreset\x2dhost\x2dcheck.slice.
Jul 31 11:37:15 witherspoon systemd[1]: Created slice system-org.openbmc.control.Power.slice.
Jul 31 11:37:15 witherspoon systemd[1]: Created slice system-phosphor\x2ddiscover\x2dsystem\x2dstate.slice.
Jul 31 11:37:15 witherspoon systemd[1]: Created slice system-org.openbmc.control.Bmc.slice.
Jul 31 11:37:15 witherspoon systemd[1]: Created slice system-obmc\x2dled\x2dgroup\x2dstart.slice.
Jul 31 11:37:15 witherspoon systemd[1]: Created slice system-phosphor\x2dreset\x2dhost\x2drunning.slice.
Jul 31 11:37:15 witherspoon systemd[1]: Starting Remount Root and Kernel File Systems...
Jul 31 11:37:15 witherspoon systemd[1]: Mounting Debug File System...
Jul 31 11:37:15 witherspoon systemd-journald[658]: Journal started
Jul 31 11:37:15 witherspoon systemd-journald[658]: Runtime journal (/run/log/journal/12c6a00ebfdd479284cf09f39d1bc042) is 0B, max 0B, 0B free.
Jul 31 11:37:15 witherspoon systemd-sysctl[656]: Couldn't write '16' to 'kernel/sysrq', ignoring: No such file or directory
Jul 31 11:37:15 witherspoon systemd-sysctl[656]: Couldn't write 'fq_codel' to 'net/core/default_qdisc', ignoring: No such file or directory
Jul 31 11:37:15 witherspoon systemd[1]: Created slice system-mapper\x2dwait.slice.
Jul 31 11:37:16 witherspoon systemd[1]: Created slice system-serial\x2dgetty.slice.
Jul 31 11:37:16 witherspoon systemd[1]: Mounted Debug File System.
Jul 31 11:37:17 witherspoon systemd[1]: Mounted Temporary Directory.
Jul 31 11:37:17 witherspoon systemd[1]: Started Journal Service.
Jul 31 11:37:17 witherspoon systemd[1]: Started Remount Root and Kernel File Systems.
Jul 31 11:37:17 witherspoon systemd[1]: Started Apply Kernel Variables.
Jul 31 11:37:18 witherspoon systemd[1]: Starting Create System Users...
Jul 31 11:37:18 witherspoon systemd[1]: Starting Flush Journal to Persistent Storage...
Jul 31 11:37:18 witherspoon systemd[1]: Started udev Coldplug all Devices.
Jul 31 11:37:19 witherspoon systemd[1]: Started Create System Users.
Jul 31 11:37:19 witherspoon systemd[1]: Starting Create Static Device Nodes in /dev...
Jul 31 11:37:19 witherspoon systemd-journald[658]: Runtime journal (/run/log/journal/12c6a00ebfdd479284cf09f39d1bc042) is 0B, max 0B, 0B free.
Jul 31 11:37:19 witherspoon systemd[1]: Started Flush Journal to Persistent Storage.
Jul 31 11:37:20 witherspoon systemd[1]: Started Create Static Device Nodes in /dev.
Jul 31 11:37:20 witherspoon systemd[1]: Starting udev Kernel Device Manager...
Jul 31 11:37:20 witherspoon systemd[1]: Reached target Local File Systems (Pre).
Jul 31 11:37:20 witherspoon systemd[1]: Mounting /var/volatile...
Jul 31 11:37:21 witherspoon systemd[1]: Mounted /var/volatile.
Jul 31 11:37:21 witherspoon systemd[1]: Starting Load/Save Random Seed...
Jul 31 11:37:21 witherspoon systemd[1]: Reached target Local File Systems.
Jul 31 11:37:21 witherspoon systemd[1]: Starting Create Volatile Files and Directories...
Jul 31 11:37:21 witherspoon systemd[1]: Starting Rebuild Journal Catalog...
Jul 31 11:37:21 witherspoon systemd[1]: Started Load/Save Random Seed.
Jul 31 11:37:21 witherspoon systemd[1]: Started Rebuild Journal Catalog.
Jul 31 11:37:21 witherspoon systemd[1]: Starting Update is Completed...
Jul 31 11:37:21 witherspoon systemd-tmpfiles[896]: "/var/tmp" already exists and is not a directory.
Jul 31 11:37:21 witherspoon systemd-tmpfiles[896]: "/var/log" already exists and is not a directory.
Jul 31 11:37:21 witherspoon systemd[1]: Started Update is Completed.
Jul 31 11:37:21 witherspoon systemd[1]: Started udev Kernel Device Manager.
Jul 31 11:37:22 witherspoon systemd[1]: Started Create Volatile Files and Directories.
Jul 31 11:37:22 witherspoon systemd[1]: Starting Network Time Synchronization...
Jul 31 11:37:22 witherspoon systemd[1]: Starting Run pending postinsts...
Jul 31 11:37:23 witherspoon systemd[1]: Found device /dev/aspeed-lpc-ctrl.
Jul 31 11:37:23 witherspoon systemd[1]: Found device /dev/aspeed-mbox.
Jul 31 11:37:23 witherspoon systemd[1]: dev-hugepages.mount: Couldn't determine result for ConditionVirtualization=!private-users, assuming failed: No such file or directory
Jul 31 11:37:23 witherspoon systemd[1]: Created slice system-xyz.openbmc_project.Hwmon.slice.
Jul 31 11:37:23 witherspoon systemd[1]: Found device /dev/ttyS4.
Jul 31 11:37:23 witherspoon systemd[1]: Found device /dev/ttyVUART0.
Jul 31 11:37:25 witherspoon systemd[1]: Created slice system-xyz.openbmc_project.led.controller.slice.
Jul 31 11:37:25 witherspoon systemd[1]: dev-hugepages.mount: Couldn't determine result for ConditionVirtualization=!private-users, assuming failed: No such file or directory
Jul 31 11:37:25 witherspoon systemd[1]: Started Network Time Synchronization.
Jul 31 11:37:25 witherspoon run-postinsts[915]: Running postinst /etc/rpm-postinsts/libglib-2.0-0...
Jul 31 11:37:25 witherspoon systemd[1]: Reached target System Time Synchronized.
Jul 31 11:37:26 witherspoon run-postinsts[915]: rm: can't remove '/etc/rpm-postinsts': Invalid argument
Jul 31 11:37:26 witherspoon run-postinsts[915]:  Removing any system startup links for run-postinsts ...
Jul 31 11:37:26 witherspoon systemctl[934]: Removed /etc/systemd/system/sysinit.target.wants/run-postinsts.service.
Jul 31 11:37:26 witherspoon systemd[1]: Reloading.
Jul 31 11:37:29 witherspoon systemd[1]: Started Run pending postinsts.
Jul 31 11:37:29 witherspoon systemd[1]: Reached target System Initialization.
Jul 31 11:37:29 witherspoon systemd[1]: Listening on Phosphor Webserver socket.
Jul 31 11:37:29 witherspoon systemd[1]: Started Daily Cleanup of Temporary Directories.
Jul 31 11:37:29 witherspoon systemd[1]: Reached target Timers.
Jul 31 11:37:29 witherspoon systemd[1]: Listening on Phosphor Host Console SSH Per-Connection socket.
Jul 31 11:37:29 witherspoon systemd[1]: Listening on Phosphor DBUS Browser socket.
Jul 31 11:37:29 witherspoon systemd[1]: Listening on phosphor-ipmi-net.socket.
Jul 31 11:37:29 witherspoon systemd[1]: Listening on Avahi mDNS/DNS-SD Stack Activation Socket.
Jul 31 11:37:29 witherspoon systemd[1]: Listening on dropbear.socket.
Jul 31 11:37:29 witherspoon systemd[1]: Listening on D-Bus System Message Bus Socket.
Jul 31 11:37:29 witherspoon systemd[1]: Reached target Sockets.
Jul 31 11:37:29 witherspoon systemd[1]: Reached target Basic System.
Jul 31 11:37:30 witherspoon systemd[1]: Starting Phosphor Inventory Manager...
Jul 31 11:37:30 witherspoon systemd[1]: Started D-Bus System Message Bus.
Jul 31 11:37:32 witherspoon systemd[1]: Starting Network Service...
Jul 31 11:37:32 witherspoon systemd[1]: Starting Phosphor Dump Manager...
Jul 31 11:37:32 witherspoon systemd[1]: Starting OpenBMC Software Update Manager...
Jul 31 11:37:32 witherspoon systemd[1]: Started Hardware RNG Entropy Gatherer Daemon.
Jul 31 11:37:32 witherspoon systemd[1]: Started Phosphor sysfs LED controller.
Jul 31 11:37:33 witherspoon systemd[1]: Started Phosphor sysfs LED controller.
Jul 31 11:37:33 witherspoon systemd[1]: Started Phosphor Dump core monitor..
Jul 31 11:37:33 witherspoon systemd[1]: Starting Phosphor BMC0 Control...
Jul 31 11:37:33 witherspoon systemd[1]: Starting Phosphor Inventory Manager...
Jul 31 11:37:33 witherspoon systemd[1]: Started Kernel Logging Service.
Jul 31 11:37:33 witherspoon systemd[1]: Starting Phosphor Chassis0 Control...
Jul 31 11:37:33 witherspoon systemd[1]: Reached target Containers.
Jul 31 11:37:33 witherspoon systemd[1]: Started System Logging Service.
Jul 31 11:37:33 witherspoon systemd[1]: Starting OpenPower Software Update Manager...
Jul 31 11:37:33 witherspoon systemd[1]: Started Phosphor sysfs LED controller.
Jul 31 11:37:33 witherspoon systemd[1]: Starting Phosphor LED Group Management Daemon...
Jul 31 11:37:33 witherspoon systemd[1]: Started Phosphor MBOX Daemon.
Jul 31 11:37:33 witherspoon systemd[1]: Starting Clear one time boot overrides...
Jul 31 11:37:33 witherspoon systemd[1]: Starting Phosphor User Manager...
Jul 31 11:37:33 witherspoon systemd[1]: Started Phosphor sysfs LED controller.
Jul 31 11:37:33 witherspoon systemd-networkd[948]: Could not create runtime directory: File exists
Jul 31 11:37:33 witherspoon systemd-networkd[948]: Could not create runtime directory 'links': File exists
Jul 31 11:37:33 witherspoon systemd-networkd[948]: Could not create runtime directory 'leases': File exists
Jul 31 11:37:33 witherspoon systemd[1]: Starting Phosphor Network Manager...
Jul 31 11:37:33 witherspoon systemd[1]: Started Phosphor sysfs LED controller.
Jul 31 11:37:34 witherspoon systemd[1]: Starting Phosphor Log Manager...
Jul 31 11:37:34 witherspoon systemd[1]: Starting Phosphor Settings Daemon...
Jul 31 11:37:34 witherspoon systemd[1]: Started Phosphor sysfs LED controller.
Jul 31 11:37:34 witherspoon systemd[1]: Starting Phosphor Download Manager...
Jul 31 11:37:34 witherspoon systemd[1]: Started Phosphor sysfs LED controller.
Jul 31 11:37:34 witherspoon systemd[1]: Started Phosphor sysfs LED controller.
Jul 31 11:37:34 witherspoon systemd[1]: Started Phosphor sysfs LED controller.
Jul 31 11:37:34 witherspoon systemd[1]: Started Phosphor Console Muxer listening on device /dev/ttyVUART0.
Jul 31 11:37:34 witherspoon systemd[1]: Starting Phosphor Sensor Manager...
Jul 31 11:37:34 witherspoon systemd[1]: Starting Avahi mDNS/DNS-SD Stack...
Jul 31 11:37:36 witherspoon systemd[1]: Starting Phosphor Download Manager...
Jul 31 11:37:36 witherspoon kernel[958]: klogd started: BusyBox v1.24.1 (2017-06-16 19:29:08 UTC)
Jul 31 11:37:36 witherspoon kernel[958]: [    0.000000] Booting Linux on physical CPU 0x0
Jul 31 11:37:36 witherspoon kernel[958]: [    0.000000] Linux version 4.10.17-44f0dc8ac43162c4f7082884d6cd79400341bf5b (jenkins@openbmc-builder1) (gcc version 6.2.0 (GCC) ) #1 Mon Jul 31 11:23:26 UTC 2017
Jul 31 11:37:36 witherspoon kernel[958]: [    0.000000] CPU: ARMv6-compatible processor [410fb767] revision 7 (ARMv7), cr=00c5387d
Jul 31 11:37:36 witherspoon kernel[958]: [    0.000000] CPU: PIPT / VIPT nonaliasing data cache, VIPT nonaliasing instruction cache
Jul 31 11:37:36 witherspoon kernel[958]: [    0.000000] OF: fdt:Machine model: Witherspoon BMC
Jul 31 11:37:36 witherspoon kernel[958]: [    0.000000] Memory policy: Data cache writeback
Jul 31 11:37:36 witherspoon kernel[958]: [    0.000000] SOC Rev: 04030303
Jul 31 11:37:36 witherspoon kernel[958]: [    0.000000] On node 0 totalpages: 110592
Jul 31 11:37:36 witherspoon kernel[958]: [    0.000000] free_area_init_node: node 0, pgdat 805ff5e4, node_mem_map 9ec1a000
Jul 31 11:37:36 witherspoon kernel[958]: [    0.000000]   Normal zone: 992 pages used for memmap
Jul 31 11:37:36 witherspoon kernel[958]: [    0.000000]   Normal zone: 0 pages reserved
Jul 31 11:37:36 witherspoon kernel[958]: [    0.000000]   Normal zone: 110592 pages, LIFO batch:31
Jul 31 11:37:36 witherspoon kernel[958]: [    0.000000] pcpu-alloc: s0 r0 d32768 u32768 alloc=1*32768
Jul 31 11:37:36 witherspoon kernel[958]: [    0.000000] pcpu-alloc: [0] 0
Jul 31 11:37:36 witherspoon kernel[958]: [    0.000000] Built 1 zonelists in Zone order, mobility grouping on.  Total pages: 109600
Jul 31 11:37:36 witherspoon kernel[958]: [    0.000000] Kernel command line: console=ttyS4,115200n8 root=/dev/ram rw
Jul 31 11:37:36 witherspoon kernel[958]: [    0.000000] PID hash table entries: 2048 (order: 1, 8192 bytes)
Jul 31 11:37:36 witherspoon kernel[958]: [    0.000000] Dentry cache hash table entries: 65536 (order: 6, 262144 bytes)
Jul 31 11:37:36 witherspoon kernel[958]: [    0.000000] Inode-cache hash table entries: 32768 (order: 5, 131072 bytes)
Jul 31 11:37:36 witherspoon kernel[958]: [    0.000000] Memory: 430440K/442368K available (4065K kernel code, 280K rwdata, 1192K rodata, 284K init, 111K bss, 11928K reserved, 0K cma-reserved)
Jul 31 11:37:36 witherspoon kernel[958]: [    0.000000] Virtual kernel memory layout:
Jul 31 11:37:36 witherspoon kernel[958]: [    0.000000]     vector  : 0xffff0000 - 0xffff1000   (   4 kB)
Jul 31 11:37:36 witherspoon kernel[958]: [    0.000000]     fixmap  : 0xffc00000 - 0xfff00000   (3072 kB)
Jul 31 11:37:36 witherspoon kernel[958]: [    0.000000]     vmalloc : 0x9f800000 - 0xff800000   (1536 MB)
Jul 31 11:37:36 witherspoon kernel[958]: [    0.000000]     lowmem  : 0x80000000 - 0x9f000000   ( 496 MB)
Jul 31 11:37:36 witherspoon kernel[958]: [    0.000000]       .text : 0x80008000 - 0x804007a0   (4066 kB)
Jul 31 11:37:36 witherspoon kernel[958]: [    0.000000]       .init : 0x80585000 - 0x805cc000   ( 284 kB)
Jul 31 11:37:36 witherspoon kernel[958]: [    0.000000]       .data : 0x805cc000 - 0x80612358   ( 281 kB)
Jul 31 11:37:36 witherspoon kernel[958]: [    0.000000]        .bss : 0x80612358 - 0x8062e1f8   ( 112 kB)
Jul 31 11:37:36 witherspoon kernel[958]: [    0.000000] NR_IRQS:16 nr_irqs:16 16
Jul 31 11:37:36 witherspoon systemd[1]: Started Phosphor sysfs LED controller.
Jul 31 11:37:36 witherspoon kernel[958]: [    0.000000] i2c controller registered, irq 16
Jul 31 11:37:37 witherspoon systemd-networkd[948]: Enumeration completed
Jul 31 11:37:36 witherspoon kernel[958]: [    0.000000] clocksource: moxart_timer: mask: 0xffffffff max_cycles: 0xffffffff, max_idle_ns: 77222644334 ns
Jul 31 11:37:37 witherspoon systemd-networkd[948]: eth0: IPv6 enabled for interface: Success
Jul 31 11:37:36 witherspoon kernel[958]: [    0.000000] sched_clock: 32 bits at 100 Hz, resolution 10000000ns, wraps every 21474836475000000ns
Jul 31 11:37:38 witherspoon systemd-networkd[948]: eth0: Gained carrier
Jul 31 11:37:36 witherspoon kernel[958]: [    0.090000] Calibrating delay loop... 789.70 BogoMIPS (lpj=3948544)
Jul 31 11:37:38 witherspoon systemd-timesyncd[914]: Network configuration changed, trying to establish connection.
Jul 31 11:37:36 witherspoon kernel[958]: [    0.090000] pid_max: default: 32768 minimum: 301
Jul 31 11:37:36 witherspoon kernel[958]: [    0.090000] Mount-cache hash table entries: 1024 (order: 0, 4096 bytes)
Jul 31 11:37:36 witherspoon kernel[958]: [    0.090000] Mountpoint-cache hash table entries: 1024 (order: 0, 4096 bytes)
Jul 31 11:37:36 witherspoon kernel[958]: [    0.090000] CPU: Testing write buffer coherency: ok
Jul 31 11:37:36 witherspoon kernel[958]: [    0.090000] ftrace: allocating 14932 entries in 44 pages
Jul 31 11:37:36 witherspoon kernel[958]: [    0.120000] Setting up static identity map for 0x80008200 - 0x8000825c
Jul 31 11:37:38 witherspoon systemd[1]: Starting Phosphor DBus Service Discovery Manager...
Jul 31 11:37:36 witherspoon kernel[958]: [    0.120000] devtmpfs: initialized
Jul 31 11:37:39 witherspoon systemd[1]: Starting Phosphor IPMI BT DBus Bridge...
Jul 31 11:37:36 witherspoon kernel[958]: [    0.140000] clocksource: jiffies: mask: 0xffffffff max_cycles: 0xffffffff, max_idle_ns: 19112604462750000 ns
Jul 31 11:37:39 witherspoon systemd[1]: Started Network Service.
Jul 31 11:37:36 witherspoon kernel[958]: [    0.140000] futex hash table entries: 256 (order: -1, 3072 bytes)
Jul 31 11:37:36 witherspoon kernel[958]: [    0.140000] pinctrl core: initialized pinctrl subsystem
Jul 31 11:37:39 witherspoon systemd[1]: Started Clear one time boot overrides.
Jul 31 11:37:36 witherspoon kernel[958]: [    0.140000] NET: Registered protocol family 16
Jul 31 11:37:39 witherspoon systemd[1]: Started Phosphor Inventory Manager.
Jul 31 11:37:36 witherspoon kernel[958]: [    0.140000] DMA: preallocated 256 KiB pool for atomic coherent allocations
Jul 31 11:37:36 witherspoon kernel[958]: [    0.210000] usbcore: registered new interface driver usbfs
Jul 31 11:37:36 witherspoon kernel[958]: [    0.210000] usbcore: registered new interface driver hub
Jul 31 11:37:36 witherspoon kernel[958]: [    0.210000] usbcore: registered new device driver usb
Jul 31 11:37:39 witherspoon systemd[1]: Started Phosphor LED Group Management Daemon.
Jul 31 11:37:36 witherspoon kernel[958]: [    0.220000] clocksource: Switched to clocksource moxart_timer
Jul 31 11:37:39 witherspoon systemd[1]: Started OpenBMC Software Update Manager.
Jul 31 11:37:36 witherspoon kernel[958]: [    0.240000] NET: Registered protocol family 2
Jul 31 11:37:39 witherspoon systemd[1]: Started Phosphor Download Manager.
Jul 31 11:37:36 witherspoon kernel[958]: [    0.240000] TCP established hash table entries: 4096 (order: 2, 16384 bytes)
Jul 31 11:37:39 witherspoon systemd[1]: Started Phosphor Log Manager.
Jul 31 11:37:36 witherspoon kernel[958]: [    0.240000] TCP bind hash table entries: 4096 (order: 2, 16384 bytes)
Jul 31 11:37:39 witherspoon systemd[1]: Started Phosphor Settings Daemon.
Jul 31 11:37:36 witherspoon kernel[958]: [    0.240000] TCP: Hash tables configured (established 4096 bind 4096)
Jul 31 11:37:39 witherspoon systemd[1]: Reached target Network.
Jul 31 11:37:36 witherspoon kernel[958]: [    0.240000] UDP hash table entries: 256 (order: 0, 4096 bytes)
Jul 31 11:37:39 witherspoon systemd[1]: Starting Permit User Sessions...
Jul 31 11:37:36 witherspoon kernel[958]: [    0.240000] UDP-Lite hash table entries: 256 (order: 0, 4096 bytes)
Jul 31 11:37:39 witherspoon systemd[1]: Started Lightweight SLP Server.
Jul 31 11:37:36 witherspoon kernel[958]: [    0.240000] NET: Registered protocol family 1
Jul 31 11:37:39 witherspoon systemd[1]: Started Permit User Sessions.
Jul 31 11:37:36 witherspoon kernel[958]: [    0.240000] Trying to unpack rootfs image as initramfs...
Jul 31 11:37:39 witherspoon systemd-networkd[948]: eth0: Gained IPv6LL
Jul 31 11:37:36 witherspoon kernel[958]: [    1.910000] Freeing initrd memory: 1544K
Jul 31 11:37:40 witherspoon systemd[1]: Started Serial Getty on ttyS4.
Jul 31 11:37:36 witherspoon kernel[958]: [    1.910000] workingset: timestamp_bits=30 max_order=17 bucket_order=0
Jul 31 11:37:40 witherspoon systemd[1]: Reached target Login Prompts.
Jul 31 11:37:36 witherspoon kernel[958]: [    1.910000] squashfs: version 4.0 (2009/01/31) Phillip Lougher
Jul 31 11:37:36 witherspoon kernel[958]: [    1.910000] jffs2: version 2.2. (SUMMARY)  © 2001-2006 Red Hat, Inc.
Jul 31 11:37:36 witherspoon kernel[958]: [    1.910000] Block layer SCSI generic (bsg) driver version 0.4 loaded (major 250)
Jul 31 11:37:36 witherspoon kernel[958]: [    1.910000] io scheduler noop registered
Jul 31 11:37:36 witherspoon kernel[958]: [    1.910000] io scheduler deadline registered
Jul 31 11:37:41 witherspoon systemd[1]: Started Phosphor BMC0 Control.
Jul 31 11:37:41 witherspoon kernel: ftgmac100 1e660000.ethernet eth0: NCSI interface up
Jul 31 11:37:36 witherspoon kernel[958]: [    1.910000] io scheduler cfq registered (default)
Jul 31 11:37:41 witherspoon openpower-update-manager[961]: Error PNOR current version is empty
Jul 31 11:37:36 witherspoon kernel[958]: [    2.060000] ipmi-bt-host 1e789140.ibt: Found bt bmc device
Jul 31 11:37:41 witherspoon systemd[1]: Started Phosphor IPMI BT DBus Bridge.
Jul 31 11:37:36 witherspoon kernel[958]: [    2.060000] ipmi-bt-host 1e789140.ibt: Using IRQ 22
Jul 31 11:37:41 witherspoon systemd[1]: Started Phosphor Dump Manager.
Jul 31 11:37:36 witherspoon kernel[958]: [    2.060000] Serial: 8250/16550 driver, 6 ports, IRQ sharing enabled
Jul 31 11:37:41 witherspoon systemd[1]: Started OpenPower Software Update Manager.
Jul 31 11:37:36 witherspoon kernel[958]: [    2.060000] 1e783000.serial: ttyS0 at MMIO 0x1e783000 (irq = 23, base_baud = 1500000) is a 16550A
Jul 31 11:37:41 witherspoon systemd[1]: Started Avahi mDNS/DNS-SD Stack.
Jul 31 11:37:36 witherspoon kernel[958]: [    2.060000] 1e78d000.serial: ttyS1 at MMIO 0x1e78d000 (irq = 24, base_baud = 1500000) is a 16550A
Jul 31 11:37:41 witherspoon systemd[1]: Reached target Multi-User System.
Jul 31 11:37:36 witherspoon kernel[958]: [    2.060000] 1e784000.serial: ttyS4 at MMIO 0x1e784000 (irq = 25, base_baud = 1500000) is a 16550A
Jul 31 11:37:41 witherspoon systemd[1]: Starting Phosphor Version Software Manager...
Jul 31 11:37:36 witherspoon kernel[958]: [    2.410000] console [ttyS4] enabled
Jul 31 11:37:36 witherspoon kernel[958]: [    2.410000] 1e787000.vuart: ttyS2 at MMIO 0x1e787000 (irq = 22, base_baud = 1500000) is a 16550A
Jul 31 11:37:36 witherspoon kernel[958]: [    2.600000] timeriomem_rng 1e6e2078.hwrng: 32bits from 0xf00e2078 @ 1us
Jul 31 11:37:36 witherspoon kernel[958]: [    2.610000] random: fast init done
Jul 31 11:37:36 witherspoon kernel[958]: [    2.650000] brd: module loaded
Jul 31 11:37:36 witherspoon kernel[958]: [    2.670000] random: crng init done
Jul 31 11:37:36 witherspoon kernel[958]: [    2.680000] loop: module loaded
Jul 31 11:37:36 witherspoon kernel[958]: [    2.690000] aspeed-lpc-ctrl 1e789080.lpc-ctrl: Loaded at 0x98000000 (0x04000000)
Jul 31 11:37:36 witherspoon kernel[958]: [    2.700000] aspeed-smc 1e620000.flash-controller: Using IRQ 18
Jul 31 11:37:36 witherspoon kernel[958]: [    2.700000] aspeed-smc 1e620000.flash-controller: DMA support disabled.
Jul 31 11:37:36 witherspoon kernel[958]: [    2.700000] aspeed-smc 1e620000.flash-controller: mx25l25635e (32768 Kbytes)
Jul 31 11:37:36 witherspoon kernel[958]: [    2.720000] aspeed-smc 1e620000.flash-controller: CE0 window [ 0x20000000 - 0x22000000 ] 32MB
Jul 31 11:37:36 witherspoon kernel[958]: [    2.720000] aspeed-smc 1e620000.flash-controller: CE1 window [ 0x22000000 - 0x2a000000 ] 128MB
Jul 31 11:37:36 witherspoon kernel[958]: [    2.720000] 5 ofpart partitions found on MTD device bmc
Jul 31 11:37:36 witherspoon kernel[958]: [    2.720000] Creating 5 MTD partitions on "bmc":
Jul 31 11:37:36 witherspoon kernel[958]: [    2.750000] 0x000000000000-0x000000060000 : "u-boot"
Jul 31 11:37:36 witherspoon kernel[958]: [    2.750000] 0x000000060000-0x000000080000 : "u-boot-env"
Jul 31 11:37:36 witherspoon kernel[958]: [    2.750000] 0x000000080000-0x0000004c0000 : "kernel"
Jul 31 11:37:36 witherspoon kernel[958]: [    2.750000] 0x0000004c0000-0x000001c00000 : "rofs"
Jul 31 11:37:36 witherspoon kernel[958]: [    2.790000] 0x000001c00000-0x000002000000 : "rwfs"
Jul 31 11:37:36 witherspoon kernel[958]: [    2.790000] aspeed-smc 1e620000.flash-controller: mx25l25635e (32768 Kbytes)
Jul 31 11:37:36 witherspoon kernel[958]: [    2.810000] aspeed-smc 1e620000.flash-controller: CE1 window [ 0x22000000 - 0x24000000 ] 32MB
Jul 31 11:37:36 witherspoon kernel[958]: [    2.810000] aspeed-smc 1e620000.flash-controller: CE2 window [ 0x24000000 - 0x2c000000 ] 128MB
Jul 31 11:37:36 witherspoon kernel[958]: [    2.830000] aspeed-smc 1e630000.flash-controller: mx66l1g45g (131072 Kbytes)
Jul 31 11:37:36 witherspoon kernel[958]: [    2.830000] aspeed-smc 1e630000.flash-controller: CE0 window resized to 120MB (AST2500 HW quirk)
Jul 31 11:37:36 witherspoon kernel[958]: [    2.830000] aspeed-smc 1e630000.flash-controller: CE0 window [ 0x30000000 - 0x37800000 ] 120MB
Jul 31 11:37:36 witherspoon kernel[958]: [    2.830000] aspeed-smc 1e630000.flash-controller: CE0 window too small for chip 128MB
Jul 31 11:37:36 witherspoon kernel[958]: [    2.860000] aspeed-smc 1e630000.flash-controller: CE1 window [ 0x37800000 - 0x38000000 ] 8MB
Jul 31 11:37:36 witherspoon kernel[958]: [    3.650000] libphy: Fixed MDIO Bus: probed
Jul 31 11:37:36 witherspoon kernel[958]: [    3.650000] ftgmac100 1e660000.ethernet: Read MAC address 70:e2:84:14:28:a9 from chip
Jul 31 11:37:36 witherspoon kernel[958]: [    3.660000] ftgmac100 1e660000.ethernet: Using NCSI interface
Jul 31 11:37:36 witherspoon kernel[958]: [    3.660000] ftgmac100 1e660000.ethernet eth0: irq 20, mapped at f0060000
Jul 31 11:37:36 witherspoon kernel[958]: [    3.660000] ehci_hcd: USB 2.0 'Enhanced' Host Controller (EHCI) Driver
Jul 31 11:37:36 witherspoon kernel[958]: [    3.680000] ehci-platform: EHCI generic platform driver
Jul 31 11:37:36 witherspoon kernel[958]: [    3.840000]  fsi0: can't read slave 00:00 -5
Jul 31 11:37:36 witherspoon kernel[958]: [    3.840000] i2c /dev entries driver
Jul 31 11:37:36 witherspoon kernel[958]: [    3.840000] aspeed-i2c-bus 1e78a0c0.i2c-bus: i2c bus 2 registered, irq 26
Jul 31 11:37:36 witherspoon kernel[958]: [    3.840000] aspeed-i2c-bus 1e78a100.i2c-bus: i2c bus 3 registered, irq 27
Jul 31 11:37:36 witherspoon kernel[958]: [    3.840000] aspeed-i2c-bus 1e78a140.i2c-bus: i2c bus 4 registered, irq 28
Jul 31 11:37:36 witherspoon kernel[958]: [    3.840000] aspeed-i2c-bus 1e78a180.i2c-bus: i2c bus 5 registered, irq 29
Jul 31 11:37:36 witherspoon kernel[958]: [    3.840000] aspeed-i2c-bus 1e78a380.i2c-bus: i2c bus 9 registered, irq 30
Jul 31 11:37:36 witherspoon kernel[958]: [    3.840000] aspeed-i2c-bus 1e78a3c0.i2c-bus: i2c bus 10 registered, irq 31
Jul 31 11:37:36 witherspoon kernel[958]: [    3.840000] rtc-rv8803 11-0032: Voltage low, temperature compensation stopped.
Jul 31 11:37:36 witherspoon kernel[958]: [    3.940000] rtc-rv8803 11-0032: rtc core: registered rx8900 as rtc0
Jul 31 11:37:36 witherspoon kernel[958]: [    3.950000] at24 11-0051: 8192 byte 24c64 EEPROM, writable, 1 bytes/write
Jul 31 11:37:36 witherspoon kernel[958]: [    3.950000] aspeed-i2c-bus 1e78a400.i2c-bus: i2c bus 11 registered, irq 32
Jul 31 11:37:36 witherspoon kernel[958]: [    3.950000] aspeed-i2c-bus 1e78a440.i2c-bus: i2c bus 12 registered, irq 33
Jul 31 11:37:36 witherspoon kernel[958]: [    3.950000] aspeed-i2c-bus 1e78a480.i2c-bus: i2c bus 13 registered, irq 34
Jul 31 11:37:36 witherspoon kernel[958]: [    3.950000] Driver for 1-wire Dallas network protocol.
Jul 31 11:37:36 witherspoon kernel[958]: [    3.950000] lm75 9-004a: hwmon0: sensor 'tmp275'
Jul 31 11:37:36 witherspoon kernel[958]: [    4.390000] max31785 3-0052: Fan 2 is configured but not installed
Jul 31 11:37:36 witherspoon kernel[958]: [    4.400000] max31785 3-0052: Fan 3 is configured but not installed
Jul 31 11:37:36 witherspoon kernel[958]: [    4.760000] ucd9000 11-0064: Device ID UCD90160|2.3.4.0000|110603
Jul 31 11:37:36 witherspoon kernel[958]: [    5.090000] leds-pca955x 3-0060: leds-pca955x: Using pca9552 16-bit LED driver at slave address 0x60
Jul 31 11:37:36 witherspoon kernel[958]: [    5.110000] leds-pca955x 11-0060: leds-pca955x: Using pca9552 16-bit LED driver at slave address 0x60
Jul 31 11:37:36 witherspoon kernel[958]: [    5.120000] leds-pca955x 11-0060: gpios 264...279
Jul 31 11:37:36 witherspoon kernel[958]: [    5.130000] usbcore: registered new interface driver usbhid
Jul 31 11:37:36 witherspoon kernel[958]: [    5.130000] usbhid: USB HID core driver
Jul 31 11:37:36 witherspoon kernel[958]: [    5.170000] dps310 3-0076: iio:device1: sensor 'dps310'
Jul 31 11:37:36 witherspoon kernel[958]: [    5.170000] NET: Registered protocol family 10
Jul 31 11:37:36 witherspoon kernel[958]: [    5.180000] Segment Routing with IPv6
Jul 31 11:37:36 witherspoon kernel[958]: [    5.180000] NET: Registered protocol family 17
Jul 31 11:37:36 witherspoon kernel[958]: [    5.180000] 8021q: 802.1Q VLAN Support v1.8
Jul 31 11:37:36 witherspoon kernel[958]: [    5.200000] console [netcon0] enabled
Jul 31 11:37:36 witherspoon kernel[958]: [    5.200000] netconsole: network logging started
Jul 31 11:37:36 witherspoon kernel[958]: [    5.200000] input: gpio-keys as /devices/platform/gpio-keys/input/input0
Jul 31 11:37:36 witherspoon kernel[958]: [    5.200000] rtc-rv8803 11-0032: setting system clock to 2017-07-31 11:37:01 UTC (1501501021)
Jul 31 11:37:36 witherspoon kernel[958]: [    5.200000] Freeing unused kernel memory: 284K
Jul 31 11:37:36 witherspoon kernel[958]: [    5.200000] This architecture does not have kernel memory protection.
Jul 31 11:37:36 witherspoon kernel[958]: [    6.620000] jffs2: notice: (525) jffs2_build_xattr_subsystem: complete building xattr subsystem, 0 of xdatum (0 unchecked, 0 orphan) and 0 of xref (0 dead, 0 orphan) found.
Jul 31 11:37:36 witherspoon kernel[958]: [    8.930000] systemd[1]: Failed to insert module 'autofs4': No such file or directory
Jul 31 11:37:36 witherspoon kernel[958]: [    8.930000] systemd[1]: systemd 232 running in system mode. (+PAM -AUDIT -SELINUX -IMA -APPARMOR -SMACK +SYSVINIT -UTMP -LIBCRYPTSETUP -GCRYPT -GNUTLS +ACL +XZ -LZ4 -SECCOMP +BLKID -ELFUTILS +KMOD -IDN)
Jul 31 11:37:36 witherspoon kernel[958]: [    8.930000] systemd[1]: Detected architecture arm.
Jul 31 11:37:36 witherspoon kernel[958]: [    9.160000] systemd[1]: Set hostname to <witherspoon>.
Jul 31 11:37:36 witherspoon kernel[958]: [   10.740000] systemd[1]: Listening on Journal Socket.
Jul 31 11:37:36 witherspoon kernel[958]: [   10.740000] systemd[1]: Listening on udev Kernel Socket.
Jul 31 11:37:36 witherspoon kernel[958]: [   10.890000] systemd[1]: Reached target Remote File Systems.
Jul 31 11:37:36 witherspoon kernel[958]: [   11.050000] systemd[1]: Listening on Syslog Socket.
Jul 31 11:37:36 witherspoon kernel[958]: [   11.210000] systemd[1]: Reached target Swap.
Jul 31 11:37:36 witherspoon kernel[958]: [   11.380000] systemd[1]: Listening on /dev/initctl Compatibility Named Pipe.
Jul 31 11:37:36 witherspoon kernel[958]: [   11.560000] systemd[1]: Listening on Journal Socket (/dev/log).
Jul 31 11:37:36 witherspoon kernel[958]: [   13.940000] systemd[1]: Created slice system-obmc\x2dconsole.slice.
Jul 31 11:37:36 witherspoon kernel[958]: [   14.200000] systemd[1]: Mounting Temporary Directory...
Jul 31 11:37:36 witherspoon kernel[958]: [   14.460000] systemd[1]: Created slice system-phosphor\x2dreset\x2dhost\x2dcheck.slice.
Jul 31 11:37:36 witherspoon kernel[958]: [   14.730000] systemd[1]: Created slice system-org.openbmc.control.Power.slice.
Jul 31 11:37:36 witherspoon kernel[958]: [   15.010000] systemd[1]: Created slice system-phosphor\x2ddiscover\x2dsystem\x2dstate.slice.
Jul 31 11:37:36 witherspoon kernel[958]: [   15.290000] systemd[1]: Created slice system-org.openbmc.control.Bmc.slice.
Jul 31 11:37:36 witherspoon kernel[958]: [   15.580000] systemd[1]: Created slice system-obmc\x2dled\x2dgroup\x2dstart.slice.
Jul 31 11:37:36 witherspoon kernel[958]: [   15.880000] systemd[1]: Created slice system-phosphor\x2dreset\x2dhost\x2drunning.slice.
Jul 31 11:37:36 witherspoon kernel[958]: [   16.180000] systemd[1]: Starting Remount Root and Kernel File Systems...
Jul 31 11:37:36 witherspoon kernel[958]: [   16.490000] systemd[1]: Mounting Debug File System...
Jul 31 11:37:36 witherspoon kernel[958]: [   19.210000] systemd[1]: Created slice system-mapper\x2dwait.slice.
Jul 31 11:37:36 witherspoon kernel[958]: [   19.580000] systemd[1]: Created slice system-serial\x2dgetty.slice.
Jul 31 11:37:36 witherspoon kernel[958]: [   19.960000] systemd[1]: Mounted Debug File System.
Jul 31 11:37:36 witherspoon kernel[958]: [   20.340000] systemd[1]: Mounted Temporary Directory.
Jul 31 11:37:36 witherspoon kernel[958]: [   20.730000] systemd[1]: Started Journal Service.
Jul 31 11:37:36 witherspoon kernel[958]: [   23.650000] systemd-journald[658]: Received request to flush runtime journal from PID 1
Jul 31 11:37:38 witherspoon avahi-daemon[979]: Found user 'avahi' (UID 998) and group 'avahi' (GID 999).
Jul 31 11:37:39 witherspoon avahi-daemon[979]: Successfully dropped root privileges.
Jul 31 11:37:39 witherspoon avahi-daemon[979]: avahi-daemon 0.6.32 starting up.
Jul 31 11:37:41 witherspoon avahi-daemon[979]: Successfully called chroot().
Jul 31 11:37:41 witherspoon avahi-daemon[979]: Successfully dropped remaining capabilities.
Jul 31 11:37:41 witherspoon avahi-daemon[979]: Loading service file /services/obmc_console.service.
Jul 31 11:37:41 witherspoon avahi-daemon[979]: Loading service file /services/phosphor_rest.service.
Jul 31 11:37:41 witherspoon avahi-daemon[979]: Loading service file /services/sftp-ssh.service.
Jul 31 11:37:41 witherspoon avahi-daemon[979]: Loading service file /services/sftp.service.
Jul 31 11:37:41 witherspoon avahi-daemon[979]: Loading service file /services/ssh.service.
Jul 31 11:37:41 witherspoon avahi-daemon[979]: Joining mDNS multicast group on interface eth0.IPv6 with address fe80::72e2:84ff:fe14:28a9.
Jul 31 11:37:41 witherspoon avahi-daemon[979]: New relevant interface eth0.IPv6 for mDNS.
Jul 31 11:37:41 witherspoon avahi-daemon[979]: Joining mDNS multicast group on interface eth0.IPv4 with address 9.3.21.61.
Jul 31 11:37:41 witherspoon avahi-daemon[979]: New relevant interface eth0.IPv4 for mDNS.
Jul 31 11:37:41 witherspoon avahi-daemon[979]: Network interface enumeration completed.
Jul 31 11:37:41 witherspoon avahi-daemon[979]: Registering new address record for fe80::72e2:84ff:fe14:28a9 on eth0.*.
Jul 31 11:37:41 witherspoon avahi-daemon[979]: Registering new address record for 9.3.21.61 on eth0.IPv4.
Jul 31 11:37:41 witherspoon kernel[958]: [   45.010000] ftgmac100 1e660000.ethernet eth0: NCSI interface up
Jul 31 11:37:42 witherspoon avahi-daemon[979]: Server startup complete. Host name is witherspoon.local. Local service cookie is 1522330091.
Jul 31 11:37:42 witherspoon avahi-daemon[979]: Service name conflict for "sftp" (/services/sftp.service), retrying with "sftp #2".
Jul 31 11:37:42 witherspoon avahi-daemon[979]: Service name conflict for "obmc_console" (/services/obmc_console.service), retrying with "obmc_console #2".
Jul 31 11:37:42 witherspoon avahi-daemon[979]: Service name conflict for "phosphor_rest" (/services/phosphor_rest.service), retrying with "phosphor_rest #2".
Jul 31 11:37:43 witherspoon avahi-daemon[979]: Service "witherspoon" (/services/ssh.service) successfully established.
Jul 31 11:37:43 witherspoon systemd[1]: Started Phosphor Version Software Manager.
Jul 31 11:37:43 witherspoon avahi-daemon[979]: Service "witherspoon" (/services/sftp-ssh.service) successfully established.
Jul 31 11:37:43 witherspoon avahi-daemon[979]: Service name conflict for "phosphor_rest" (/services/phosphor_rest.service), retrying with "phosphor_rest #3".
Jul 31 11:37:43 witherspoon avahi-daemon[979]: Service name conflict for "sftp" (/services/sftp.service), retrying with "sftp #3".
Jul 31 11:37:43 witherspoon avahi-daemon[979]: Service name conflict for "obmc_console" (/services/obmc_console.service), retrying with "obmc_console #3".
Jul 31 11:37:44 witherspoon avahi-daemon[979]: Service name conflict for "phosphor_rest" (/services/phosphor_rest.service), retrying with "phosphor_rest #4".
Jul 31 11:37:44 witherspoon avahi-daemon[979]: Service name conflict for "sftp" (/services/sftp.service), retrying with "sftp #4".
Jul 31 11:37:44 witherspoon avahi-daemon[979]: Service name conflict for "obmc_console" (/services/obmc_console.service), retrying with "obmc_console #4".
Jul 31 11:37:45 witherspoon avahi-daemon[979]: Service name conflict for "phosphor_rest" (/services/phosphor_rest.service), retrying with "phosphor_rest #5".
Jul 31 11:37:45 witherspoon avahi-daemon[979]: Service name conflict for "sftp" (/services/sftp.service), retrying with "sftp #5".
Jul 31 11:37:45 witherspoon avahi-daemon[979]: Service name conflict for "obmc_console" (/services/obmc_console.service), retrying with "obmc_console #5".
Jul 31 11:37:45 witherspoon systemd[1]: Created slice system-dropbear.slice.
Jul 31 11:37:46 witherspoon systemd[1]: Started SSH Per-Connection Server (9.41.165.94:38968).
Jul 31 11:37:46 witherspoon dropbear[1001]: Failed loading /etc/dropbear/dropbear_dss_host_key
Jul 31 11:37:46 witherspoon dropbear[1001]: Failed loading /etc/dropbear/dropbear_ecdsa_host_key
Jul 31 11:37:46 witherspoon dropbear[1001]: Child connection from ::ffff:9.41.165.94:38968
Jul 31 11:37:46 witherspoon avahi-daemon[979]: Service name conflict for "phosphor_rest" (/services/phosphor_rest.service), retrying with "phosphor_rest #6".
Jul 31 11:37:48 witherspoon avahi-daemon[979]: Service name conflict for "sftp" (/services/sftp.service), retrying with "sftp #6".
Jul 31 11:37:48 witherspoon avahi-daemon[979]: Service name conflict for "obmc_console" (/services/obmc_console.service), retrying with "obmc_console #6".
Jul 31 11:37:48 witherspoon avahi-daemon[979]: Service name conflict for "obmc_console" (/services/obmc_console.service), retrying with "obmc_console #7".
Jul 31 11:37:48 witherspoon avahi-daemon[979]: Service name conflict for "sftp" (/services/sftp.service), retrying with "sftp #7".
Jul 31 11:37:48 witherspoon avahi-daemon[979]: Service name conflict for "phosphor_rest" (/services/phosphor_rest.service), retrying with "phosphor_rest #7".
Jul 31 11:37:51 witherspoon avahi-daemon[979]: Service "sftp #7" (/services/sftp.service) successfully established.
Jul 31 11:37:51 witherspoon avahi-daemon[979]: Service "obmc_console #7" (/services/obmc_console.service) successfully established.
Jul 31 11:37:51 witherspoon avahi-daemon[979]: Service "phosphor_rest #7" (/services/phosphor_rest.service) successfully established.
Jul 31 11:37:52 witherspoon dropbear[1001]: PAM password auth succeeded for 'root' from ::ffff:9.41.165.94:38968
Jul 31 11:37:52 witherspoon dropbear[1002]: lastlog_perform_login: Couldn't stat /var/log/lastlog: No such file or directory
Jul 31 11:37:52 witherspoon dropbear[1002]: lastlog_openseek: /var/log/lastlog is not a file or directory!
Jul 31 11:37:52 witherspoon systemd-networkd[948]: eth0: Configured
Jul 31 11:37:52 witherspoon systemd-timesyncd[914]: Network configuration changed, trying to establish connection.
Jul 31 11:37:58 witherspoon chassis_control.py[959]: Running ChassisControlService
Jul 31 11:37:58 witherspoon systemd[1]: Started Phosphor Chassis0 Control.
Jul 31 11:37:59 witherspoon systemd[1]: Started Phosphor Download Manager.
Jul 31 11:37:59 witherspoon download_manager.py[980]: Running Download Manager
Jul 31 11:37:59 witherspoon systemd[1]: Started Phosphor Network Manager.
Jul 31 11:37:59 witherspoon netman.py[968]: Started
Jul 31 11:37:59 witherspoon systemd[1]: Started Phosphor User Manager.
Jul 31 11:37:59 witherspoon obmc-phosphor-userd[966]: Started
Jul 31 11:37:59 witherspoon sensor_manager2.py[978]: Setting boot count to 3
Jul 31 11:37:59 witherspoon systemd[1]: Started Phosphor Sensor Manager.
Jul 31 11:37:59 witherspoon sensor_manager2.py[978]: Starting sensor manager
Jul 31 11:38:00 witherspoon inventory_items.py[946]: Loading from cache: /var/cache/obmc/org.openbmc.inventory.system.chassis.motherboard.apss@org.openbmc.InventoryItem.props
Jul 31 11:38:00 witherspoon inventory_items.py[946]: Loading from cache: /var/cache/obmc/org.openbmc.inventory.system.chassis.motherboard@org.openbmc.InventoryItem.props
Jul 31 11:38:00 witherspoon inventory_items.py[946]: Loading from cache: /var/cache/obmc/org.openbmc.inventory.system.chassis.motherboard.refclock@org.openbmc.InventoryItem.props
Jul 31 11:38:00 witherspoon inventory_items.py[946]: Loading from cache: /var/cache/obmc/org.openbmc.inventory.system.chassis.motherboard.todclock@org.openbmc.InventoryItem.props
Jul 31 11:38:00 witherspoon phosphor-mapper[986]: ObjectMapper startup complete.  Discovery in progress...
Jul 31 11:38:00 witherspoon inventory_items.py[946]: Loading from cache: /var/cache/obmc/org.openbmc.inventory.system.chassis.motherboard.bmc@org.openbmc.InventoryItem.props
Jul 31 11:38:00 witherspoon inventory_items.py[946]: Caching: /org/openbmc/inventory/system/chassis/motherboard/bmc
Jul 31 11:38:00 witherspoon inventory_items.py[946]: Loading from cache: /var/cache/obmc/org.openbmc.inventory.system.chassis.motherboard.pcieclock@org.openbmc.InventoryItem.props
Jul 31 11:38:00 witherspoon inventory_items.py[946]: Running Inventory Manager
Jul 31 11:38:00 witherspoon systemd[1]: Started Phosphor Inventory Manager.
Jul 31 11:38:00 witherspoon avahi-daemon[988]: ../../avahi-0.6.32/avahi-daemon/chroot.c: open() failed: No such file or directory
Jul 31 11:38:00 witherspoon avahi-daemon[979]: Failed to open /usr/share/dbus-1/interfaces/org.freedesktop.Avahi.Server.xml: Invalid argument
Jul 31 11:38:00 witherspoon avahi-daemon[979]: Failed to load introspection data.
Jul 31 11:38:09 witherspoon phosphor-mapper[986]: ObjectMapper discovery complete
Jul 31 11:38:09 witherspoon systemd[1]: Started Phosphor DBus Service Discovery Manager.
Jul 31 11:38:09 witherspoon systemd[1]: Started Phosphor Hwmon Poller.
Jul 31 11:38:09 witherspoon systemd[1]: Reached target Phosphor Object Mapper.
Jul 31 11:38:09 witherspoon systemd[1]: Starting Wait for /org/openbmc/NetworkManager/Interface...
Jul 31 11:38:09 witherspoon systemd[1]: Starting Wait for /xyz/openbmc_project/state/chassis0...
Jul 31 11:38:09 witherspoon systemd[1]: Started Phosphor DBus Monitor.
Jul 31 11:38:09 witherspoon systemd[1]: Starting Wait for /org/openbmc/control/bmc0...
Jul 31 11:38:09 witherspoon systemd[1]: Starting Phoshpor System Manager...
Jul 31 11:38:09 witherspoon systemd[1]: Starting Phosphor Settings Manager...
Jul 31 11:38:09 witherspoon systemd[1]: Starting Phosphor Network Manager...
Jul 31 11:38:09 witherspoon systemd[1]: Starting Wait for /xyz/openbmc_project/inventory...
Jul 31 11:38:09 witherspoon systemd[1]: Starting Wait for /org/openbmc/managers/Download...
Jul 31 11:38:09 witherspoon systemd[1]: Starting Wait for /xyz/openbmc_project/control/host0...
Jul 31 11:38:09 witherspoon systemd[1]: Starting Wait for /xyz/openbmc_project/led/groups/bmc_booted...
Jul 31 11:38:09 witherspoon systemd[1]: Starting Wait for /xyz/openbmc_project/state/host0...
Jul 31 11:38:09 witherspoon systemd[1]: Starting Wait for /org/openbmc/managers/System...
Jul 31 11:38:09 witherspoon systemd[1]: Starting Wait for /org/openbmc/control/power0...
Jul 31 11:38:09 witherspoon systemd[1]: Starting Wait for /org/openbmc/control/flash/bios...
Jul 31 11:38:09 witherspoon systemd[1]: Reached target Webserver (pre).
Jul 31 11:38:09 witherspoon systemd[1]: Started Phosphor Webserver.
Jul 31 11:38:09 witherspoon systemd[1]: Starting Wait for /xyz/openbmc_project/led/groups...
Jul 31 11:38:09 witherspoon systemd[1]: Started Phosphor Hwmon Poller.
Jul 31 11:38:09 witherspoon systemd[1]: Started Phosphor Hwmon Poller.
Jul 31 11:38:09 witherspoon systemd[1]: Started Phosphor Hwmon Poller.
Jul 31 11:38:09 witherspoon systemd[1]: Started Phosphor Hwmon Poller.
Jul 31 11:38:09 witherspoon systemd[1]: Started Phosphor Hwmon Poller.
Jul 31 11:38:12 witherspoon phosphor-network-manager[1015]: ConfigParser: Section not found
Jul 31 11:38:12 witherspoon phosphor-network-manager[1015]: The operation failed internally.
Jul 31 11:38:12 witherspoon phosphor-network-manager[1015]: ConfigParser: Section not found
Jul 31 11:38:12 witherspoon phosphor-network-manager[1015]: The operation failed internally.
Jul 31 11:38:12 witherspoon phosphor-network-manager[1015]: ConfigParser: Key not found
Jul 31 11:38:12 witherspoon phosphor-network-manager[1015]: The operation failed internally.
Jul 31 11:38:14 witherspoon systemd[1]: Started Wait for /xyz/openbmc_project/led/groups.
Jul 31 11:38:14 witherspoon systemd[1]: Started FRU Fault monitor service.
Jul 31 11:38:15 witherspoon systemd[1]: Started Wait for /org/openbmc/control/bmc0.
Jul 31 11:38:15 witherspoon systemd[1]: Started Wait for /org/openbmc/managers/Download.
Jul 31 11:38:15 witherspoon systemd[1]: Starting Phosphor BMC Code Update...
Jul 31 11:38:15 witherspoon systemd[1]: Starting Phosphor BIOS Code Update...
Jul 31 11:38:15 witherspoon systemd[1]: Started Wait for /xyz/openbmc_project/led/groups/bmc_booted.
Jul 31 11:38:15 witherspoon systemd[1]: Starting Assert bmc_booted LED...
Jul 31 11:38:15 witherspoon systemd[1]: Started Wait for /org/openbmc/NetworkManager/Interface.
Jul 31 11:38:15 witherspoon systemd[1]: Started Phosphor DNS Settings Cache Manager.
Jul 31 11:38:15 witherspoon systemd[1]: Started Wait for /xyz/openbmc_project/inventory.
Jul 31 11:38:16 witherspoon systemd[1]: Starting Read OpenPOWER-format VPD from EEPROM...
Jul 31 11:38:16 witherspoon systemd[1]: Started Phosphor Cooling Type.
Jul 31 11:38:16 witherspoon systemd[1]: Starting OpenPOWER OCC controller...
Jul 31 11:38:18 witherspoon systemd[1]: Started Phosphor BIOS Code Update.
Jul 31 11:38:18 witherspoon systemd[1]: Started OpenPOWER OCC controller.
Jul 31 11:38:22 witherspoon phosphor-log-manager[970]: Failed to find metadata
Jul 31 11:38:22 witherspoon phosphor-fru-fault-monitor[1031]: /xyz/openbmc_project/logging/entry/1
Jul 31 11:38:22 witherspoon dbus[947]: [system] Activating via systemd: service name='org.freedesktop.hostname1' unit='dbus-org.freedesktop.hostname1.service'
Jul 31 11:38:22 witherspoon systemd[1]: Starting Hostname Service...
Jul 31 11:38:24 witherspoon dbus[947]: [system] Successfully activated service 'org.freedesktop.hostname1'
Jul 31 11:38:24 witherspoon systemd[1]: Started Hostname Service.
Jul 31 11:38:24 witherspoon systemd[1]: Started Phosphor Network Manager.
Jul 31 11:38:26 witherspoon systemd[1]: Started Assert bmc_booted LED.
Jul 31 11:38:26 witherspoon system_manager.py[1013]: Running System State: BASE_APPS
Jul 31 11:38:27 witherspoon system_manager.py[1013]: SystemManager Init Done
Jul 31 11:38:27 witherspoon system_manager.py[1013]: Running SystemManager
Jul 31 11:38:27 witherspoon systemd[1]: Started Phoshpor System Manager.
Jul 31 11:38:28 witherspoon systemd[1]: Started Read OpenPOWER-format VPD from EEPROM.
Jul 31 11:38:30 witherspoon bmc_update.py[1034]: Running Bmc Flash Control
Jul 31 11:38:30 witherspoon systemd[1]: Started Phosphor BMC Code Update.
Jul 31 11:38:30 witherspoon settings_manager.py[1014]: Running HostSettingsService
Jul 31 11:38:30 witherspoon systemd[1]: Started Phosphor Settings Manager.
Jul 31 11:38:30 witherspoon system_manager.py[1013]: SystemManager Goto System State: BMC_STARTING
Jul 31 11:38:30 witherspoon system_manager.py[1013]: Running System State: BMC_STARTING
Jul 31 11:38:30 witherspoon systemd[1]: Starting Wait for /org/openbmc/settings/host0...
Jul 31 11:38:37 witherspoon systemd[1]: Started Wait for /org/openbmc/control/flash/bios.
Jul 31 11:38:37 witherspoon systemd[1]: Started Initialize BIOS Flash.
Jul 31 11:38:38 witherspoon systemd[1]: Started Wait for /org/openbmc/managers/System.
Jul 31 11:38:38 witherspoon systemd[1]: Starting Phosphor Chassis State Manager...
Jul 31 11:38:38 witherspoon systemd[1]: Starting Phosphor Reset Button0...
Jul 31 11:38:38 witherspoon systemd[1]: Starting Phosphor Host State Manager...
Jul 31 11:38:38 witherspoon systemd[1]: Starting Phosphor Power Button0...
Jul 31 11:38:38 witherspoon systemd[1]: Starting Phosphor BMC State Manager...
Jul 31 11:38:38 witherspoon systemd[1]: Starting Phosphor Power0 Control...
Jul 31 11:38:39 witherspoon phosphor-bmc-state-manager[1069]: Setting the BMCState field
Jul 31 11:38:39 witherspoon phosphor-bmc-state-manager[1069]: Setting the BMCState field
Jul 31 11:38:39 witherspoon systemd[1]: Started Phosphor BMC State Manager.
Jul 31 11:38:40 witherspoon phosphor-host-state-manager[1067]: Initial Host State will be Off
Jul 31 11:38:40 witherspoon system_manager.py[1013]: New object: /org/openbmc/control/power0 (:1.73)
Jul 31 11:38:40 witherspoon system_manager.py[1013]: Power GPIO config: ['SYS_PWROK_BUFF', '', [('SOFTWARE_PGOOD', True), ('BMC_POWER_UP', True)], [('BMC_CP0_RESET_N', False)], [], 'FSI_DATA', 'FSI_CLK', 'FSI_ENABLE', 'CRONUS_SEL', []]
Jul 31 11:38:40 witherspoon button_power.exe[1068]: GPIO Lookup:  POWER_BUTTON = 347,both
Jul 31 11:38:40 witherspoon systemd[1]: Started Phosphor Power Button0.
Jul 31 11:38:40 witherspoon systemd[1]: Started Wait for /org/openbmc/settings/host0.
Jul 31 11:38:40 witherspoon systemd[1]: Started Phosphor Inband IPMI.
Jul 31 11:38:40 witherspoon phosphor-chassis-state-manager[1065]: Initial Chassis State will be Off
Jul 31 11:38:40 witherspoon systemd[1]: Started Phosphor Chassis State Manager.
Jul 31 11:38:40 witherspoon power_control.exe[1070]: Power GPIO latch output:
Jul 31 11:38:40 witherspoon power_control.exe[1070]: Power GPIO power good input: SYS_PWROK_BUFF
Jul 31 11:38:40 witherspoon power_control.exe[1070]: Power GPIO 2 power_up outputs
Jul 31 11:38:40 witherspoon power_control.exe[1070]: Power GPIO power_up[0] = SOFTWARE_PGOOD active HIGH
Jul 31 11:38:40 witherspoon power_control.exe[1070]: Power GPIO power_up[1] = BMC_POWER_UP active HIGH
Jul 31 11:38:40 witherspoon power_control.exe[1070]: Power GPIO 1 reset outputs
Jul 31 11:38:40 witherspoon power_control.exe[1070]: Power GPIO reset[0] = BMC_CP0_RESET_N active LOW
Jul 31 11:38:40 witherspoon power_control.exe[1070]: Power GPIO 0 pci reset outputs
Jul 31 11:38:40 witherspoon power_control.exe[1070]: FSI DATA GPIO: FSI_DATA
Jul 31 11:38:40 witherspoon power_control.exe[1070]: FSI CLK GPIO: FSI_CLK
Jul 31 11:38:40 witherspoon power_control.exe[1070]: FSI ENABLE GPIO: FSI_ENABLE
Jul 31 11:38:40 witherspoon power_control.exe[1070]: CRONUS SEL GPIO: CRONUS_SEL
Jul 31 11:38:40 witherspoon power_control.exe[1070]: Hostctl GPIO optionals: 0
Jul 31 11:38:40 witherspoon button_reset.exe[1066]: GPIO Lookup:  RESET_BUTTON = 353,both
Jul 31 11:38:40 witherspoon systemd[1]: Started Phosphor Reset Button0.
Jul 31 11:38:41 witherspoon power_control.exe[1070]: GPIO Lookup:  SYS_PWROK_BUFF = 306,in
Jul 31 11:38:41 witherspoon power_control.exe[1070]: GPIO Lookup:  SOFTWARE_PGOOD = 417,out
Jul 31 11:38:41 witherspoon flash_bios.exe[1035]: Starting flasher: bios,,/org/openbmc/control/flash/bios,
Jul 31 11:38:41 witherspoon flash_bios.exe[1035]: flasher: , BMC = 1, address = 0x0
Jul 31 11:38:41 witherspoon flash_bios.exe[1035]: Setting up flash
Jul 31 11:38:41 witherspoon power_control.exe[1070]: GPIO Lookup:  BMC_POWER_UP = 305,out
Jul 31 11:38:41 witherspoon power_control.exe[1070]: GPIO Lookup:  BMC_CP0_RESET_N = 281,out
Jul 31 11:38:41 witherspoon power_control.exe[1070]: Pgood state: 0
Jul 31 11:38:41 witherspoon systemd[1]: Started Phosphor Power0 Control.
Jul 31 11:38:42 witherspoon flash_bios.exe[1035]: Starting flasher: bios,,/org/openbmc/control/flash/bios,
Jul 31 11:38:42 witherspoon flash_bios.exe[1035]: flasher: , BMC = 1, address = 0x0
Jul 31 11:38:42 witherspoon flash_bios.exe[1035]: Setting up flash
Jul 31 11:38:42 witherspoon phosphor-gevent[1024]: Traceback (most recent call last):
Jul 31 11:38:42 witherspoon phosphor-gevent[1024]:   File "/usr/lib/python2.7/site-packages/gevent/greenlet.py", line 327, in run
Jul 31 11:38:42 witherspoon phosphor-gevent[1024]:     result = self._run(*self.args, **self.kwargs)
Jul 31 11:38:42 witherspoon phosphor-gevent[1024]:   File "/usr/lib/python2.7/site-packages/gevent/server.py", line 102, in wrap_socket_and_handle
Jul 31 11:38:42 witherspoon systemd[1]: Started Phosphor Host State Manager.
Jul 31 11:38:43 witherspoon phosphor-gevent[1024]:     ssl_socket = self.wrap_socket(client_socket, **self.ssl_args)
Jul 31 11:38:43 witherspoon phosphor-gevent[1024]:   File "/usr/lib/python2.7/site-packages/gevent/ssl.py", line 404, in wrap_socket
Jul 31 11:38:43 witherspoon phosphor-gevent[1024]:     ciphers=ciphers)
Jul 31 11:38:43 witherspoon phosphor-gevent[1024]:   File "/usr/lib/python2.7/site-packages/gevent/ssl.py", line 113, in __init__
Jul 31 11:38:43 witherspoon phosphor-gevent[1024]:     self.do_handshake()
Jul 31 11:38:43 witherspoon phosphor-gevent[1024]:   File "/usr/lib/python2.7/site-packages/gevent/ssl.py", line 324, in do_handshake
Jul 31 11:38:43 witherspoon phosphor-gevent[1024]:     return self._sslobj.do_handshake()
Jul 31 11:38:43 witherspoon phosphor-gevent[1024]: SSLEOFError: EOF occurred in violation of protocol (_ssl.c:590)
Jul 31 11:38:43 witherspoon phosphor-gevent[1024]: <Greenlet at 0x760773f0: <bound method WSGIServer.wrap_socket_and_handle of <WSGIServer at 0x7604db50 fileno=5 address=('::3412:f676:b0ed:6b76%1986784672', 443, 0, 1986784672)>>(<socket at 0x75f24830 fileno=9>, ('::80f9:6976:8e91:f402%1995766556', 39990, 0, 199)> failed with SSLEOFError
Jul 31 11:38:43 witherspoon phosphor-gevent[1024]: Traceback (most recent call last):
Jul 31 11:38:43 witherspoon phosphor-gevent[1024]:   File "/usr/lib/python2.7/site-packages/gevent/greenlet.py", line 327, in run
Jul 31 11:38:43 witherspoon phosphor-gevent[1024]:     result = self._run(*self.args, **self.kwargs)
Jul 31 11:38:43 witherspoon phosphor-gevent[1024]:   File "/usr/lib/python2.7/site-packages/gevent/server.py", line 102, in wrap_socket_and_handle
Jul 31 11:38:43 witherspoon phosphor-gevent[1024]:     ssl_socket = self.wrap_socket(client_socket, **self.ssl_args)
Jul 31 11:38:43 witherspoon phosphor-gevent[1024]:   File "/usr/lib/python2.7/site-packages/gevent/ssl.py", line 404, in wrap_socket
Jul 31 11:38:43 witherspoon phosphor-gevent[1024]:     ciphers=ciphers)
Jul 31 11:38:43 witherspoon phosphor-gevent[1024]:   File "/usr/lib/python2.7/site-packages/gevent/ssl.py", line 113, in __init__
Jul 31 11:38:43 witherspoon phosphor-gevent[1024]:     self.do_handshake()
Jul 31 11:38:43 witherspoon phosphor-gevent[1024]:   File "/usr/lib/python2.7/site-packages/gevent/ssl.py", line 324, in do_handshake
Jul 31 11:38:43 witherspoon phosphor-gevent[1024]:     return self._sslobj.do_handshake()
Jul 31 11:38:43 witherspoon phosphor-gevent[1024]: SSLEOFError: EOF occurred in violation of protocol (_ssl.c:590)
Jul 31 11:38:43 witherspoon phosphor-gevent[1024]: <Greenlet at 0x760776c0: <bound method WSGIServer.wrap_socket_and_handle of <WSGIServer at 0x7604db50 fileno=5 address=('::3412:f676:b0ed:6b76%1986784672', 443, 0, 1986784672)>>(<socket at 0x75f247d0 fileno=10>, ('::80f9:6976:8e91:f402%1995766556', 39992, 0, 199)> failed with SSLEOFError
Jul 31 11:38:43 witherspoon phosphor-gevent[1024]: ::80f9:6976:8e91:f402%1995766556 - - [2017-07-31 11:38:43] "POST /login HTTP/1.1" 200 320 0.045658
Jul 31 11:38:44 witherspoon phosphor-gevent[1024]: ::80f9:6976:8e91:f402%1995766556 - - [2017-07-31 11:38:44] "GET /xyz/openbmc_project/state/chassis0//attr/CurrentPowerState HTTP/1.1" 404 312 0.554380
Jul 31 11:38:46 witherspoon phosphor-gevent[1024]: ::80f9:6976:8e91:f402%1995766556 - - [2017-07-31 11:38:46] "POST /login HTTP/1.1" 200 320 0.033104
Jul 31 11:38:46 witherspoon system_manager.py[1013]: SystemManager Goto System State: BMC_READY
Jul 31 11:38:46 witherspoon system_manager.py[1013]: Running System State: BMC_READY
Jul 31 11:38:46 witherspoon systemd[1]: Started Wait for /xyz/openbmc_project/control/host0.
Jul 31 11:38:46 witherspoon systemd[1]: Started Wait for /org/openbmc/control/power0.
Jul 31 11:38:46 witherspoon systemd[1]: Starting Check Chassis0 pgood and create a file to indicate it...
Jul 31 11:38:46 witherspoon systemd[1]: Starting Phosphor Time Manager daemon...
Jul 31 11:38:47 witherspoon timemanager[1101]: Registering dbus methods
Jul 31 11:38:47 witherspoon systemd[1]: Started Wait for /xyz/openbmc_project/state/chassis0.
Jul 31 11:38:47 witherspoon phosphor-gevent[1024]: ::80f9:6976:8e91:f402%1995766556 - - [2017-07-31 11:38:47] "GET /xyz/openbmc_project/state/chassis0//attr/CurrentPowerState HTTP/1.1" 200 216 0.985123
Jul 31 11:38:47 witherspoon timemanager[1101]: Last known time_mode: MANUAL
Jul 31 11:38:47 witherspoon timemanager[1101]: Last known time_owner: BMC
Jul 31 11:38:47 witherspoon timemanager[1101]: Empty DhcpNtp string
Jul 31 11:38:47 witherspoon timemanager[1101]: Reading Power Control key: pgood
Jul 31 11:38:47 witherspoon systemd[1]: Started Wait for /xyz/openbmc_project/state/host0.
Jul 31 11:38:48 witherspoon systemd[1]: Starting Reboot If Enabled...
Jul 31 11:38:48 witherspoon systemd[1]: Started Check Chassis0 pgood and create a file to indicate it.
Jul 31 11:38:48 witherspoon systemd[1]: Reached target Chassis0 power on after reset.
Jul 31 11:38:48 witherspoon systemd[1]: Reached target Chassis0 (Reset Check).
Jul 31 11:38:48 witherspoon systemd[1]: Reached target Host0 running after reset.
Jul 31 11:38:48 witherspoon systemd[1]: Reached target Host0 (Reset Check).
Jul 31 11:38:48 witherspoon timemanager[1101]: Changing settings *allowed* now
Jul 31 11:38:48 witherspoon timemanager[1101]: Getting System Settings: time_mode
Jul 31 11:38:48 witherspoon timemanager[1101]: Requested_Mode: MANUAL Current_Mode: MANUAL
Jul 31 11:38:48 witherspoon timemanager[1101]: Mode is already set to : MANUAL
Jul 31 11:38:48 witherspoon timemanager[1101]: Getting System Settings: time_owner
Jul 31 11:38:48 witherspoon timemanager[1101]: Owner is already set to : BMC
Jul 31 11:38:48 witherspoon timemanager[1101]: Getting System Settings: use_dhcp_ntp
Jul 31 11:38:48 witherspoon timemanager[1101]: use_dhcp_ntp = yes
Jul 31 11:38:48 witherspoon timemanager[1101]: Last known host_offset:0
Jul 31 11:38:48 witherspoon timemanager[1101]: Initial Uptime Usec: 1501501016276951
Jul 31 11:38:48 witherspoon systemd[1]: Started Phosphor Time Manager daemon.
Jul 31 11:38:48 witherspoon phosphor-gevent[1024]: ::80f9:6976:8e91:f402%1995766556 - - [2017-07-31 11:38:48] "POST /login HTTP/1.1" 200 320 0.367902
Jul 31 11:38:49 witherspoon phosphor-gevent[1024]: ::80f9:6976:8e91:f402%1995766556 - - [2017-07-31 11:38:49] "GET /xyz/openbmc_project/state/chassis0//attr/CurrentPowerState HTTP/1.1" 200 216 0.148565
Jul 31 11:38:49 witherspoon phosphor-discover-system-state[1113]: Host power is off, checking power policy
Jul 31 11:38:49 witherspoon systemd[1]: Started Reboot If Enabled.
Jul 31 11:38:49 witherspoon systemd[1]: Reached target Phosphor System - Standby.
Jul 31 11:38:49 witherspoon systemd[1]: Startup finished in 8.679s (kernel) + 1min 44.263s (userspace) = 1min 52.942s.
Jul 31 11:38:49 witherspoon phosphor-bmc-state-manager[1069]: BMC_READY
Jul 31 11:38:49 witherspoon phosphor-bmc-state-manager[1069]: Setting the BMCState field
Jul 31 11:38:49 witherspoon phosphor-gevent[1024]: ::80f9:6976:8e91:f402%1995766556 - - [2017-07-31 11:38:49] "POST /login HTTP/1.1" 200 320 0.049291
Jul 31 11:38:50 witherspoon phosphor-gevent[1024]: ::80f9:6976:8e91:f402%1995766556 - - [2017-07-31 11:38:50] "GET /org/openbmc/sensors/host/BootProgress/attr/value HTTP/1.1" 200 170 0.248489
Jul 31 11:38:50 witherspoon phosphor-gevent[1024]: ::80f9:6976:8e91:f402%1995766556 - - [2017-07-31 11:38:50] "POST /login HTTP/1.1" 200 320 0.229954
Jul 31 11:38:50 witherspoon phosphor-gevent[1024]: ::80f9:6976:8e91:f402%1995766556 - - [2017-07-31 11:38:50] "GET /xyz/openbmc_project/state/host0//attr/CurrentHostState HTTP/1.1" 200 212 0.062484
Jul 31 11:38:50 witherspoon phosphor-gevent[1024]: ::80f9:6976:8e91:f402%1995766556 - - [2017-07-31 11:38:50] "POST /login HTTP/1.1" 200 320 0.082471
Jul 31 11:38:51 witherspoon phosphor-gevent[1024]: ::80f9:6976:8e91:f402%1995766556 - - [2017-07-31 11:38:51] "GET /xyz/openbmc_project/logging/entry//list HTTP/1.1" 200 214 0.068154
Jul 31 11:38:51 witherspoon phosphor-gevent[1024]: ::80f9:6976:8e91:f402%1995766556 - - [2017-07-31 11:38:51] "POST /login HTTP/1.1" 200 320 0.033488
Jul 31 11:38:51 witherspoon phosphor-gevent[1024]: ::80f9:6976:8e91:f402%1995766556 - - [2017-07-31 11:38:51] "GET /xyz/openbmc_project/logging/entry//list HTTP/1.1" 200 214 0.039064
Jul 31 11:38:51 witherspoon phosphor-gevent[1024]: ::80f9:6976:8e91:f402%1995766556 - - [2017-07-31 11:38:51] "POST /login HTTP/1.1" 200 320 0.034850
Jul 31 11:38:51 witherspoon phosphor-gevent[1024]: ::80f9:6976:8e91:f402%1995766556 - - [2017-07-31 11:38:51] "DELETE /xyz/openbmc_project/logging/entry/1 HTTP/1.1" 200 169 0.091197
Jul 31 11:38:51 witherspoon systemd[1]: Started SSH Per-Connection Server (9.41.165.94:38990).
Jul 31 11:38:51 witherspoon dropbear[1117]: Failed loading /etc/dropbear/dropbear_dss_host_key
Jul 31 11:38:51 witherspoon dropbear[1117]: Failed loading /etc/dropbear/dropbear_ecdsa_host_key
Jul 31 11:38:51 witherspoon dropbear[1117]: Child connection from ::ffff:9.41.165.94:38990
Jul 31 11:38:52 witherspoon dropbear[1117]: PAM password auth succeeded for 'root' from ::ffff:9.41.165.94:38990
Jul 31 11:38:52 witherspoon dropbear[1118]: lastlog_perform_login: Couldn't stat /var/log/lastlog: No such file or directory
Jul 31 11:38:52 witherspoon dropbear[1118]: lastlog_openseek: /var/log/lastlog is not a file or directory!
Jul 31 11:38:53 witherspoon phosphor-gevent[1024]: ::80f9:6976:8e91:f402%1995766556 - - [2017-07-31 11:38:53] "POST /login HTTP/1.1" 200 320 0.033125
Jul 31 11:38:53 witherspoon phosphor-gevent[1024]: ::80f9:6976:8e91:f402%1995766556 - - [2017-07-31 11:38:53] "GET /xyz/openbmc_project/state/host0//attr/CurrentHostState HTTP/1.1" 200 212 0.051522
Jul 31 11:38:54 witherspoon dropbear[1001]: Exit (root): Exited normally
Jul 31 11:38:54 witherspoon dropbear[1117]: Exit (root): Exited normally
Jul 31 11:38:56 witherspoon systemd[1]: Started SSH Per-Connection Server (9.41.165.94:38994).
Jul 31 11:38:56 witherspoon dropbear[1128]: Failed loading /etc/dropbear/dropbear_dss_host_key
Jul 31 11:38:56 witherspoon dropbear[1128]: Failed loading /etc/dropbear/dropbear_ecdsa_host_key
Jul 31 11:38:56 witherspoon dropbear[1128]: Child connection from ::ffff:9.41.165.94:38994
Jul 31 11:38:57 witherspoon dropbear[1128]: PAM password auth succeeded for 'root' from ::ffff:9.41.165.94:38994
Jul 31 11:38:57 witherspoon dropbear[1129]: lastlog_perform_login: Couldn't stat /var/log/lastlog: No such file or directory
Jul 31 11:38:57 witherspoon dropbear[1129]: lastlog_openseek: /var/log/lastlog is not a file or directory!
Jul 31 11:38:58 witherspoon phosphor-gevent[1024]: ::80f9:6976:8e91:f402%1995766556 - - [2017-07-31 11:38:58] "POST /login HTTP/1.1" 200 320 0.033746
Jul 31 11:38:58 witherspoon phosphor-gevent[1024]: ::80f9:6976:8e91:f402%1995766556 - - [2017-07-31 11:38:58] "PUT /org/openbmc/settings/host0/attr/power_policy HTTP/1.1" 200 169 0.179639
Jul 31 11:38:58 witherspoon phosphor-gevent[1024]: ::80f9:6976:8e91:f402%1995766556 - - [2017-07-31 11:38:58] "POST /login HTTP/1.1" 200 320 0.034424
Jul 31 11:38:58 witherspoon phosphor-gevent[1024]: ::80f9:6976:8e91:f402%1995766556 - - [2017-07-31 11:38:58] "GET /org/openbmc/settings/host0/attr/power_policy HTTP/1.1" 200 185 0.079965
Jul 31 11:38:58 witherspoon phosphor-gevent[1024]: ::80f9:6976:8e91:f402%1995766556 - - [2017-07-31 11:38:58] "POST /login HTTP/1.1" 200 320 0.050335
Jul 31 11:38:59 witherspoon phosphor-gevent[1024]: ::80f9:6976:8e91:f402%1995766556 - - [2017-07-31 11:38:59] "GET /xyz/openbmc_project/state/chassis0//attr/CurrentPowerState HTTP/1.1" 200 216 0.070955
Jul 31 11:38:59 witherspoon phosphor-gevent[1024]: ::80f9:6976:8e91:f402%1995766556 - - [2017-07-31 11:38:59] "POST /login HTTP/1.1" 200 320 0.034170
Jul 31 11:38:59 witherspoon phosphor-gevent[1024]: ::80f9:6976:8e91:f402%1995766556 - - [2017-07-31 11:38:59] "GET /xyz/openbmc_project/state/bmc0//attr/CurrentBMCState HTTP/1.1" 200 212 0.052433
Jul 31 11:38:59 witherspoon phosphor-gevent[1024]: ::80f9:6976:8e91:f402%1995766556 - - [2017-07-31 11:38:59] "POST /login HTTP/1.1" 200 320 0.046587
Jul 31 11:38:59 witherspoon phosphor-gevent[1024]: ::80f9:6976:8e91:f402%1995766556 - - [2017-07-31 11:38:59] "GET /org/openbmc/sensors/host/BootProgress/attr/value HTTP/1.1" 200 170 0.070192
Jul 31 11:38:59 witherspoon phosphor-gevent[1024]: ::80f9:6976:8e91:f402%1995766556 - - [2017-07-31 11:38:59] "POST /login HTTP/1.1" 200 320 0.033571
Jul 31 11:38:59 witherspoon phosphor-gevent[1024]: ::80f9:6976:8e91:f402%1995766556 - - [2017-07-31 11:38:59] "GET /xyz/openbmc_project/state/host0//attr/CurrentHostState HTTP/1.1" 200 212 0.053115
Jul 31 11:39:00 witherspoon phosphor-gevent[1024]: ::80f9:6976:8e91:f402%1995766556 - - [2017-07-31 11:39:00] "POST /login HTTP/1.1" 200 320 0.049677
Jul 31 11:39:00 witherspoon phosphor-gevent[1024]: ::80f9:6976:8e91:f402%1995766556 - - [2017-07-31 11:39:00] "GET /xyz/openbmc_project/logging/entry//list HTTP/1.1" 404 311 0.041982
Jul 31 11:39:00 witherspoon systemd[1]: Started SSH Per-Connection Server (9.41.165.94:39010).
Jul 31 11:39:00 witherspoon dropbear[1135]: Failed loading /etc/dropbear/dropbear_dss_host_key
Jul 31 11:39:00 witherspoon dropbear[1135]: Failed loading /etc/dropbear/dropbear_ecdsa_host_key
Jul 31 11:39:00 witherspoon dropbear[1135]: Child connection from ::ffff:9.41.165.94:39010
Jul 31 11:39:00 witherspoon dropbear[1135]: PAM password auth succeeded for 'root' from ::ffff:9.41.165.94:39010
Jul 31 11:39:30 witherspoon phosphor-gevent[1024]: ::80f9:6976:8e91:f402%1995766556 - - [2017-07-31 11:39:30] "POST /login HTTP/1.1" 200 320 0.035235
Jul 31 11:39:31 witherspoon phosphor-gevent[1024]: ::80f9:6976:8e91:f402%1995766556 - - [2017-07-31 11:39:31] "POST /org/openbmc/control/flash/bios//action/update HTTP/1.1" 200 169 0.222302
Jul 31 11:39:31 witherspoon phosphor-gevent[1024]: ::80f9:6976:8e91:f402%1995766556 - - [2017-07-31 11:39:31] "POST /login HTTP/1.1" 200 320 0.033311
Jul 31 11:39:31 witherspoon flash_bios.exe[1035]: Starting flasher: bios,/tmp/witherspoon_910_golden.pnor,/org/openbmc/control/flash/bios,
Jul 31 11:39:31 witherspoon flash_bios.exe[1035]: flasher: /tmp/witherspoon_910_golden.pnor, BMC = 1, address = 0x0
Jul 31 11:39:31 witherspoon flash_bios.exe[1035]: Setting up flash
Jul 31 11:39:31 witherspoon phosphor-gevent[1024]: ::80f9:6976:8e91:f402%1995766556 - - [2017-07-31 11:39:31] "GET /org/openbmc/control/flash/bios HTTP/1.1" 200 397 0.200912
Jul 31 11:39:32 witherspoon phosphor-gevent[1024]: ::80f9:6976:8e91:f402%1995766556 - - [2017-07-31 11:39:32] "POST /login HTTP/1.1" 200 320 0.160938
Jul 31 11:39:32 witherspoon phosphor-gevent[1024]: ::80f9:6976:8e91:f402%1995766556 - - [2017-07-31 11:39:32] "GET /org/openbmc/control/flash/bios HTTP/1.1" 200 397 0.078255
Jul 31 11:39:42 witherspoon phosphor-gevent[1024]: ::80f9:6976:8e91:f402%1995766556 - - [2017-07-31 11:39:42] "POST /login HTTP/1.1" 200 320 0.033205
Jul 31 11:39:42 witherspoon phosphor-gevent[1024]: ::80f9:6976:8e91:f402%1995766556 - - [2017-07-31 11:39:42] "GET /org/openbmc/control/flash/bios HTTP/1.1" 200 397 0.075138
Jul 31 11:39:52 witherspoon phosphor-gevent[1024]: ::80f9:6976:8e91:f402%1995766556 - - [2017-07-31 11:39:52] "POST /login HTTP/1.1" 200 320 0.033435
Jul 31 11:39:52 witherspoon phosphor-gevent[1024]: ::80f9:6976:8e91:f402%1995766556 - - [2017-07-31 11:39:52] "GET /org/openbmc/control/flash/bios HTTP/1.1" 200 397 0.070595
Jul 31 11:40:03 witherspoon phosphor-gevent[1024]: ::80f9:6976:8e91:f402%1995766556 - - [2017-07-31 11:40:03] "POST /login HTTP/1.1" 200 320 0.033368
Jul 31 11:40:03 witherspoon phosphor-gevent[1024]: ::80f9:6976:8e91:f402%1995766556 - - [2017-07-31 11:40:03] "GET /org/openbmc/control/flash/bios HTTP/1.1" 200 397 0.067793
Jul 31 11:40:13 witherspoon phosphor-gevent[1024]: ::80f9:6976:8e91:f402%1995766556 - - [2017-07-31 11:40:13] "POST /login HTTP/1.1" 200 320 0.033804
Jul 31 11:40:14 witherspoon phosphor-gevent[1024]: ::80f9:6976:8e91:f402%1995766556 - - [2017-07-31 11:40:14] "GET /org/openbmc/control/flash/bios HTTP/1.1" 200 397 0.068059
Jul 31 11:40:24 witherspoon phosphor-gevent[1024]: ::80f9:6976:8e91:f402%1995766556 - - [2017-07-31 11:40:24] "POST /login HTTP/1.1" 200 320 0.033355
Jul 31 11:40:24 witherspoon phosphor-gevent[1024]: ::80f9:6976:8e91:f402%1995766556 - - [2017-07-31 11:40:24] "GET /org/openbmc/control/flash/bios HTTP/1.1" 200 397 0.068019
Jul 31 11:40:34 witherspoon phosphor-gevent[1024]: ::80f9:6976:8e91:f402%1995766556 - - [2017-07-31 11:40:34] "POST /login HTTP/1.1" 200 320 0.040838
Jul 31 11:40:34 witherspoon phosphor-gevent[1024]: ::80f9:6976:8e91:f402%1995766556 - - [2017-07-31 11:40:34] "GET /org/openbmc/control/flash/bios HTTP/1.1" 200 397 0.068015
Jul 31 11:40:44 witherspoon phosphor-gevent[1024]: ::80f9:6976:8e91:f402%1995766556 - - [2017-07-31 11:40:44] "POST /login HTTP/1.1" 200 320 0.034035
Jul 31 11:40:44 witherspoon phosphor-gevent[1024]: ::80f9:6976:8e91:f402%1995766556 - - [2017-07-31 11:40:44] "GET /org/openbmc/control/flash/bios HTTP/1.1" 200 397 0.070093
Jul 31 11:40:55 witherspoon phosphor-gevent[1024]: ::80f9:6976:8e91:f402%1995766556 - - [2017-07-31 11:40:55] "POST /login HTTP/1.1" 200 320 0.033423
Jul 31 11:40:56 witherspoon phosphor-gevent[1024]: ::80f9:6976:8e91:f402%1995766556 - - [2017-07-31 11:40:56] "GET /org/openbmc/control/flash/bios HTTP/1.1" 200 397 1.028032
Jul 31 11:41:06 witherspoon phosphor-gevent[1024]: ::80f9:6976:8e91:f402%1995766556 - - [2017-07-31 11:41:06] "POST /login HTTP/1.1" 200 320 0.033470
Jul 31 11:41:07 witherspoon phosphor-gevent[1024]: ::80f9:6976:8e91:f402%1995766556 - - [2017-07-31 11:41:07] "GET /org/openbmc/control/flash/bios HTTP/1.1" 200 397 0.127049
Jul 31 11:41:17 witherspoon phosphor-gevent[1024]: ::80f9:6976:8e91:f402%1995766556 - - [2017-07-31 11:41:17] "POST /login HTTP/1.1" 200 320 0.033479
Jul 31 11:41:17 witherspoon phosphor-gevent[1024]: ::80f9:6976:8e91:f402%1995766556 - - [2017-07-31 11:41:17] "GET /org/openbmc/control/flash/bios HTTP/1.1" 200 397 0.068872
Jul 31 11:41:27 witherspoon phosphor-gevent[1024]: ::80f9:6976:8e91:f402%1995766556 - - [2017-07-31 11:41:27] "POST /login HTTP/1.1" 200 320 0.033383
Jul 31 11:41:28 witherspoon phosphor-gevent[1024]: ::80f9:6976:8e91:f402%1995766556 - - [2017-07-31 11:41:27] "GET /org/openbmc/control/flash/bios HTTP/1.1" 200 397 0.070961
Jul 31 11:41:38 witherspoon phosphor-gevent[1024]: ::80f9:6976:8e91:f402%1995766556 - - [2017-07-31 11:41:38] "POST /login HTTP/1.1" 200 320 0.033745
Jul 31 11:41:38 witherspoon phosphor-gevent[1024]: ::80f9:6976:8e91:f402%1995766556 - - [2017-07-31 11:41:38] "GET /org/openbmc/control/flash/bios HTTP/1.1" 200 402 0.067831
Jul 31 11:41:48 witherspoon phosphor-gevent[1024]: ::80f9:6976:8e91:f402%1995766556 - - [2017-07-31 11:41:48] "POST /login HTTP/1.1" 200 320 0.033716
Jul 31 11:41:48 witherspoon phosphor-gevent[1024]: ::80f9:6976:8e91:f402%1995766556 - - [2017-07-31 11:41:48] "GET /org/openbmc/control/flash/bios HTTP/1.1" 200 402 0.082462
Jul 31 11:41:58 witherspoon phosphor-gevent[1024]: ::80f9:6976:8e91:f402%1995766556 - - [2017-07-31 11:41:58] "POST /login HTTP/1.1" 200 320 0.033542
Jul 31 11:41:58 witherspoon phosphor-gevent[1024]: ::80f9:6976:8e91:f402%1995766556 - - [2017-07-31 11:41:58] "GET /org/openbmc/control/flash/bios HTTP/1.1" 200 402 0.068584
Jul 31 11:42:09 witherspoon phosphor-gevent[1024]: ::80f9:6976:8e91:f402%1995766556 - - [2017-07-31 11:42:09] "POST /login HTTP/1.1" 200 320 0.033308
Jul 31 11:42:09 witherspoon phosphor-gevent[1024]: ::80f9:6976:8e91:f402%1995766556 - - [2017-07-31 11:42:09] "GET /org/openbmc/control/flash/bios HTTP/1.1" 200 402 0.068768
Jul 31 11:42:20 witherspoon phosphor-gevent[1024]: ::80f9:6976:8e91:f402%1995766556 - - [2017-07-31 11:42:20] "POST /login HTTP/1.1" 200 320 1.366311
Jul 31 11:42:20 witherspoon phosphor-gevent[1024]: ::80f9:6976:8e91:f402%1995766556 - - [2017-07-31 11:42:20] "GET /org/openbmc/control/flash/bios HTTP/1.1" 200 402 0.108061
Jul 31 11:42:28 witherspoon flash_bios.exe[1035]: Erasing... (may take a while !) done !
Jul 31 11:42:28 witherspoon flash_bios.exe[1035]: About to program "/tmp/witherspoon_910_golden.pnor" at 0x00000000..0x04000000 !
Jul 31 11:42:28 witherspoon flash_bios.exe[1035]: Programming & Verifying...
Jul 31 11:42:28 witherspoon flash_bios.exe[1035]: Flash done
Jul 31 11:42:30 witherspoon phosphor-gevent[1024]: ::80f9:6976:8e91:f402%1995766556 - - [2017-07-31 11:42:30] "POST /login HTTP/1.1" 200 320 0.033748
Jul 31 11:42:31 witherspoon phosphor-gevent[1024]: ::80f9:6976:8e91:f402%1995766556 - - [2017-07-31 11:42:31] "GET /org/openbmc/control/flash/bios HTTP/1.1" 200 399 0.071580
Jul 31 11:42:31 witherspoon systemd[1]: Started SSH Per-Connection Server (9.41.165.94:39052).
Jul 31 11:42:31 witherspoon dropbear[1144]: Failed loading /etc/dropbear/dropbear_dss_host_key
Jul 31 11:42:31 witherspoon dropbear[1144]: Failed loading /etc/dropbear/dropbear_ecdsa_host_key
Jul 31 11:42:31 witherspoon dropbear[1144]: Child connection from ::ffff:9.41.165.94:39052
Jul 31 11:42:31 witherspoon dropbear[1144]: PAM password auth succeeded for 'root' from ::ffff:9.41.165.94:39052
Jul 31 11:42:31 witherspoon dropbear[1145]: lastlog_perform_login: Couldn't stat /var/log/lastlog: No such file or directory
Jul 31 11:42:31 witherspoon dropbear[1145]: lastlog_openseek: /var/log/lastlog is not a file or directory!
Jul 31 11:42:33 witherspoon phosphor-gevent[1024]: ::80f9:6976:8e91:f402%1995766556 - - [2017-07-31 11:42:33] "POST /login HTTP/1.1" 200 320 0.033712
Jul 31 11:42:33 witherspoon phosphor-gevent[1024]: ::80f9:6976:8e91:f402%1995766556 - - [2017-07-31 11:42:33] "GET /xyz/openbmc_project/state/host0//attr/CurrentHostState HTTP/1.1" 200 212 0.049725
Jul 31 11:42:33 witherspoon systemd[1]: Created slice system-obmc\x2dconsole\x2dssh.slice.
Jul 31 11:42:33 witherspoon systemd[1]: Started Phosphor Host Console SSH Per-Connection (9.41.165.94:55838).
Jul 31 11:42:33 witherspoon dropbear[1149]: Failed loading /etc/dropbear/dropbear_dss_host_key
Jul 31 11:42:33 witherspoon dropbear[1149]: Failed loading /etc/dropbear/dropbear_ecdsa_host_key
Jul 31 11:42:33 witherspoon dropbear[1149]: Child connection from ::ffff:9.41.165.94:55838
Jul 31 11:42:33 witherspoon phosphor-gevent[1024]: ::80f9:6976:8e91:f402%1995766556 - - [2017-07-31 11:42:33] "POST /login HTTP/1.1" 200 320 0.033333
Jul 31 11:42:34 witherspoon phosphor-gevent[1024]: ::80f9:6976:8e91:f402%1995766556 - - [2017-07-31 11:42:34] "PUT /org/openbmc/settings/host0/attr/power_policy HTTP/1.1" 200 169 0.350754
Jul 31 11:42:34 witherspoon dropbear[1149]: PAM password auth succeeded for 'root' from ::ffff:9.41.165.94:55838
Jul 31 11:42:34 witherspoon dropbear[1150]: lastlog_perform_login: Couldn't stat /var/log/lastlog: No such file or directory
Jul 31 11:42:34 witherspoon dropbear[1150]: lastlog_openseek: /var/log/lastlog is not a file or directory!
Jul 31 11:42:34 witherspoon phosphor-gevent[1024]: ::80f9:6976:8e91:f402%1995766556 - - [2017-07-31 11:42:34] "POST /login HTTP/1.1" 200 320 0.055150
Jul 31 11:42:34 witherspoon phosphor-gevent[1024]: ::80f9:6976:8e91:f402%1995766556 - - [2017-07-31 11:42:34] "GET /org/openbmc/settings/host0/attr/power_policy HTTP/1.1" 200 185 0.073393
Jul 31 11:42:35 witherspoon phosphor-gevent[1024]: ::80f9:6976:8e91:f402%1995766556 - - [2017-07-31 11:42:35] "POST /login HTTP/1.1" 200 320 0.034021
Jul 31 11:42:35 witherspoon phosphor-gevent[1024]: ::80f9:6976:8e91:f402%1995766556 - - [2017-07-31 11:42:35] "GET /xyz/openbmc_project/state/chassis0//attr/CurrentPowerState HTTP/1.1" 200 216 0.050184
Jul 31 11:42:35 witherspoon phosphor-gevent[1024]: ::80f9:6976:8e91:f402%1995766556 - - [2017-07-31 11:42:35] "POST /login HTTP/1.1" 200 320 0.033409
Jul 31 11:42:35 witherspoon phosphor-gevent[1024]: ::80f9:6976:8e91:f402%1995766556 - - [2017-07-31 11:42:35] "GET /xyz/openbmc_project/state/bmc0//attr/CurrentBMCState HTTP/1.1" 200 212 0.053122
Jul 31 11:42:35 witherspoon phosphor-gevent[1024]: ::80f9:6976:8e91:f402%1995766556 - - [2017-07-31 11:42:35] "POST /login HTTP/1.1" 200 320 0.036954
Jul 31 11:42:35 witherspoon phosphor-gevent[1024]: ::80f9:6976:8e91:f402%1995766556 - - [2017-07-31 11:42:35] "GET /org/openbmc/sensors/host/BootProgress/attr/value HTTP/1.1" 200 170 0.090354
Jul 31 11:42:35 witherspoon phosphor-gevent[1024]: ::80f9:6976:8e91:f402%1995766556 - - [2017-07-31 11:42:35] "POST /login HTTP/1.1" 200 320 0.033701
Jul 31 11:42:35 witherspoon phosphor-gevent[1024]: ::80f9:6976:8e91:f402%1995766556 - - [2017-07-31 11:42:35] "GET /xyz/openbmc_project/state/host0//attr/CurrentHostState HTTP/1.1" 200 212 0.052665
Jul 31 11:42:36 witherspoon phosphor-gevent[1024]: ::80f9:6976:8e91:f402%1995766556 - - [2017-07-31 11:42:36] "POST /login HTTP/1.1" 200 320 0.056587
Jul 31 11:42:36 witherspoon phosphor-host-state-manager[1067]: Host State transaction request
Jul 31 11:42:36 witherspoon phosphor-gevent[1024]: ::80f9:6976:8e91:f402%1995766556 - - [2017-07-31 11:42:36] "PUT /xyz/openbmc_project/state/host0//attr/RequestedHostTransition HTTP/1.1" 200 169 0.195571
Jul 31 11:42:36 witherspoon systemd[1]: Created slice system-phosphor\x2dfan\x2dpresence\x2dtach.slice.
Jul 31 11:42:36 witherspoon systemd[1]: Created slice system-phosphor\x2dfan\x2dcontrol\x2dinit.slice.
Jul 31 11:42:36 witherspoon systemd[1]: Created slice system-ucd_disable_vcs.slice.
Jul 31 11:42:36 witherspoon systemd[1]: Starting Disable UCD VCS rails...
Jul 31 11:42:36 witherspoon systemd[1]: Created slice system-mapper\x2dsubtree\x2dremove.slice.
Jul 31 11:42:36 witherspoon systemd[1]: Created slice system-fsi\x2dbind.slice.
Jul 31 11:42:36 witherspoon systemd[1]: Created slice system-fsi\x2dscan.slice.
Jul 31 11:42:36 witherspoon systemd[1]: Starting Wait for /xyz/openbmc_project/watchdog/host0...
Jul 31 11:42:36 witherspoon systemd[1]: Created slice system-obmc\x2denable\x2dhost\x2dwatchdog.slice.
Jul 31 11:42:36 witherspoon systemd[1]: Starting mapper subtree-remove /xyz/openbmc_project/software:xyz.openbmc_project.Software.ActivationBlocksTransition...
Jul 31 11:42:36 witherspoon systemd[1]: Starting Wait for /org/openbmc/control/chassis0...
Jul 31 11:42:36 witherspoon systemd[1]: Created slice system-ir35221\x2don\x2dunbind.slice.
Jul 31 11:42:36 witherspoon systemd[1]: Created slice system-avsbus\x2denable.slice.
Jul 31 11:42:36 witherspoon systemd[1]: Created slice system-mboxd\x2dreload.slice.
Jul 31 11:42:36 witherspoon systemd[1]: Created slice system-phosphor\x2dgpio\x2dmonitor.slice.
Jul 31 11:42:37 witherspoon phosphor-gevent[1024]: ::80f9:6976:8e91:f402%1995766556 - - [2017-07-31 11:42:37] "POST /login HTTP/1.1" 200 320 0.033599
Jul 31 11:42:37 witherspoon systemd[1]: Started Phosphor GPIO checkstop monitor.
Jul 31 11:42:37 witherspoon systemd[1]: Reached target Start Host checkstop monitor.
Jul 31 11:42:37 witherspoon systemd[1]: Created slice system-avsbus\x2dworkaround.slice.
Jul 31 11:42:37 witherspoon systemd[1]: Created slice system-op\x2dpower\x2dstart.slice.
Jul 31 11:42:37 witherspoon systemd[1]: Created slice system-vcs_workaround.slice.
Jul 31 11:42:37 witherspoon systemd[1]: Starting Witherspoon Fan Watchdog Reset...
Jul 31 11:42:37 witherspoon systemd[1]: Created slice system-op\x2dwait\x2dpower\x2don.slice.
Jul 31 11:42:37 witherspoon systemd[1]: Created slice system-phosphor\x2dwatchdog.slice.
Jul 31 11:42:37 witherspoon systemd[1]: Started Phosphor poweron watchdog.
Jul 31 11:42:37 witherspoon systemd[1]: Created slice system-vcs_on.slice.
Jul 31 11:42:37 witherspoon systemd[1]: Reached target Powerwitherspoon-fan-watchdog (On).
Jul 31 11:42:37 witherspoon systemd[1]: Starting Reload mboxd during power on...
Jul 31 11:42:38 witherspoon mboxctl[1166]: Reset: Success
Jul 31 11:42:38 witherspoon systemd[1]: Starting Wait for Power0 to turn on...
Jul 31 11:42:38 witherspoon systemd[1]: Created slice system-avsbus\x2ddisable.slice.
Jul 31 11:42:38 witherspoon systemd[1]: Created slice system-cfam_override.slice.
Jul 31 11:42:38 witherspoon systemd[1]: Created slice system-vrm\x2dcontrol.slice.
Jul 31 11:42:38 witherspoon systemd[1]: Created slice system-ir35221\x2don\x2dbind.slice.
Jul 31 11:42:38 witherspoon phosphor-gevent[1024]: ::80f9:6976:8e91:f402%1995766556 - - [2017-07-31 11:42:38] "GET /xyz/openbmc_project/state/chassis0//attr/CurrentPowerState HTTP/1.1" 200 216 0.575846
Jul 31 11:42:38 witherspoon systemd[1]: Created slice system-vcs_off.slice.
Jul 31 11:42:38 witherspoon systemd[1]: Created slice system-start_host.slice.
Jul 31 11:42:38 witherspoon systemd[1]: Starting power on mode unbind ir35221 device driver devs...
Jul 31 11:42:38 witherspoon systemd[1]: Created slice system-pcie\x2dslot\x2ddetect.slice.
Jul 31 11:42:38 witherspoon systemd[1]: Starting Wait for /xyz/openbmc_project/led/groups/power_on...
Jul 31 11:42:38 witherspoon systemd[1]: Started Witherspoon Fan Watchdog Daemon.
Jul 31 11:42:38 witherspoon systemd[1]: Started Phosphor Fan Control Initialization.
Jul 31 11:42:39 witherspoon kernel: ucd9000 11-0064: Device ID UCD90160|2.3.4.0000|110603
Jul 31 11:42:39 witherspoon kernel[958]: [  342.610000] ucd9000 11-0064: Device ID UCD90160|2.3.4.0000|110603
Jul 31 11:42:39 witherspoon phosphor-gevent[1024]: ::80f9:6976:8e91:f402%1995766556 - - [2017-07-31 11:42:39] "POST /login HTTP/1.1" 200 320 0.049611
Jul 31 11:42:39 witherspoon systemd[1]: Started Disable UCD VCS rails.
Jul 31 11:42:39 witherspoon systemd[1]: Started mapper subtree-remove /xyz/openbmc_project/software:xyz.openbmc_project.Software.ActivationBlocksTransition.
Jul 31 11:42:39 witherspoon systemd[1]: Started Wait for /org/openbmc/control/chassis0.
Jul 31 11:42:39 witherspoon systemd[1]: Started Witherspoon Fan Watchdog Reset.
Jul 31 11:42:39 witherspoon systemd[1]: Started Reload mboxd during power on.
Jul 31 11:42:40 witherspoon systemd[1]: Started power on mode unbind ir35221 device driver devs.
Jul 31 11:42:40 witherspoon phosphor-hwmon-readd[1029]: Failed to read from device.
Jul 31 11:42:40 witherspoon systemd[1]: xyz.openbmc_project.Hwmon@ahb-apb-i2c\x401e78a000-i2c\x2dbus\x40140-ir35221\x4071.service: Service hold-off time over, scheduling restart.
Jul 31 11:42:40 witherspoon systemd[1]: xyz.openbmc_project.Hwmon@ahb-apb-i2c\x401e78a000-i2c\x2dbus\x40180-ir35221\x4071.service: Service hold-off time over, scheduling restart.
Jul 31 11:42:40 witherspoon systemd[1]: xyz.openbmc_project.Hwmon@ahb-apb-i2c\x401e78a000-i2c\x2dbus\x40140-ir35221\x4070.service: Unit not needed anymore. Stopping.
Jul 31 11:42:40 witherspoon systemd[1]: xyz.openbmc_project.Hwmon@ahb-apb-i2c\x401e78a000-i2c\x2dbus\x40180-ir35221\x4070.service: Service hold-off time over, scheduling restart.
Jul 31 11:42:40 witherspoon systemd[1]: xyz.openbmc_project.Hwmon@ahb-apb-i2c\x401e78a000-i2c\x2dbus\x40180-ir35221\x4070.service: Unit not needed anymore. Stopping.
Jul 31 11:42:40 witherspoon systemd[1]: Requested transaction contradicts existing jobs: Transaction is destructive.
Jul 31 11:42:40 witherspoon systemd[1]: xyz.openbmc_project.Hwmon@ahb-apb-i2c\x401e78a000-i2c\x2dbus\x40180-ir35221\x4070.service: Failed to enqueue stop job, ignoring: Transaction is destructive.
Jul 31 11:42:40 witherspoon systemd[1]: xyz.openbmc_project.Hwmon@ahb-apb-i2c\x401e78a000-i2c\x2dbus\x40140-ir35221\x4071.service: Unit not needed anymore. Stopping.
Jul 31 11:42:40 witherspoon systemd[1]: Requested transaction contradicts existing jobs: Transaction is destructive.
Jul 31 11:42:40 witherspoon systemd[1]: xyz.openbmc_project.Hwmon@ahb-apb-i2c\x401e78a000-i2c\x2dbus\x40140-ir35221\x4071.service: Failed to enqueue stop job, ignoring: Transaction is destructive.
Jul 31 11:42:41 witherspoon systemd[1]: xyz.openbmc_project.Hwmon@ahb-apb-i2c\x401e78a000-i2c\x2dbus\x40180-ir35221\x4071.service: Unit not needed anymore. Stopping.
Jul 31 11:42:41 witherspoon systemd[1]: Requested transaction contradicts existing jobs: Transaction is destructive.
Jul 31 11:42:41 witherspoon systemd[1]: xyz.openbmc_project.Hwmon@ahb-apb-i2c\x401e78a000-i2c\x2dbus\x40180-ir35221\x4071.service: Failed to enqueue stop job, ignoring: Transaction is destructive.
Jul 31 11:42:41 witherspoon systemd[1]: Started Wait for /xyz/openbmc_project/led/groups/power_on.
Jul 31 11:42:41 witherspoon systemd[1]: Starting Assert power_on LED...
Jul 31 11:42:41 witherspoon systemd[1]: Stopped Phosphor Hwmon Poller.
Jul 31 11:42:41 witherspoon systemd[1]: Started Phosphor Hwmon Poller.
Jul 31 11:42:41 witherspoon systemd[1]: xyz.openbmc_project.Hwmon@ahb-apb-i2c\x401e78a000-i2c\x2dbus\x40180-ir35221\x4070.service: Unit not needed anymore. Stopping.
Jul 31 11:42:41 witherspoon systemd[1]: Stopping Phosphor Hwmon Poller...
Jul 31 11:42:41 witherspoon systemd[1]: Stopping Phosphor Hwmon Poller...
Jul 31 11:42:41 witherspoon systemd[1]: Stopped Phosphor Hwmon Poller.
Jul 31 11:42:41 witherspoon systemd[1]: Started Phosphor Hwmon Poller.
Jul 31 11:42:41 witherspoon systemd[1]: xyz.openbmc_project.Hwmon@ahb-apb-i2c\x401e78a000-i2c\x2dbus\x40180-ir35221\x4071.service: Unit not needed anymore. Stopping.
Jul 31 11:42:41 witherspoon systemd[1]: Stopping Phosphor Hwmon Poller...
Jul 31 11:42:41 witherspoon systemd[1]: Stopped Phosphor Hwmon Poller.
Jul 31 11:42:41 witherspoon systemd[1]: Started Phosphor Hwmon Poller.
Jul 31 11:42:41 witherspoon systemd[1]: xyz.openbmc_project.Hwmon@ahb-apb-i2c\x401e78a000-i2c\x2dbus\x40140-ir35221\x4071.service: Unit not needed anymore. Stopping.
Jul 31 11:42:41 witherspoon systemd[1]: Stopping Phosphor Hwmon Poller...
Jul 31 11:42:41 witherspoon systemd[1]: Starting Perform AVS bus workaround on VRMs...
Jul 31 11:42:41 witherspoon systemd[1]: Stopped Phosphor Hwmon Poller.
Jul 31 11:42:41 witherspoon systemd[1]: Stopped Phosphor Hwmon Poller.
Jul 31 11:42:41 witherspoon systemd[1]: Stopped Phosphor Hwmon Poller.
Jul 31 11:42:41 witherspoon systemd[1]: Stopped Phosphor Hwmon Poller.
Jul 31 11:42:41 witherspoon systemd[1]: Started Perform AVS bus workaround on VRMs.
Jul 31 11:42:41 witherspoon systemd[1]: Starting Disable the AVS bus on the VRMs...
Jul 31 11:42:42 witherspoon systemd[1]: Started Disable the AVS bus on the VRMs.
Jul 31 11:42:42 witherspoon systemd[1]: Starting Apply voltage overrides to VRMs...
Jul 31 11:42:42 witherspoon vrm-control.sh[1233]: rail        set        read        current
Jul 31 11:42:42 witherspoon vrm-control.sh[1233]: -------        ------- ------- -------
Jul 31 11:42:43 witherspoon vrm-control.sh[1233]: vdna        0.898V        0.004V        0.000A
Jul 31 11:42:44 witherspoon vrm-control.sh[1233]: vdnb        0.898V        0.004V        0.000A
Jul 31 11:42:44 witherspoon systemd[1]: Started Apply voltage overrides to VRMs.
Jul 31 11:42:44 witherspoon systemd[1]: Starting Enable the AVS bus on VRMs...
Jul 31 11:42:44 witherspoon systemd[1]: Started Enable the AVS bus on VRMs.
Jul 31 11:42:44 witherspoon systemd[1]: Starting Disable VCS before Witherspoon power on...
Jul 31 11:42:44 witherspoon systemd[1]: Started Disable VCS before Witherspoon power on.
Jul 31 11:42:44 witherspoon systemd[1]: Reached target Power0 On (Pre).
Jul 31 11:42:44 witherspoon systemd[1]: Starting Start Power0...
Jul 31 11:42:45 witherspoon phosphor-gevent[1024]: ::80f9:6976:8e91:f402%1995766556 - - [2017-07-31 11:42:45] "GET /xyz/openbmc_project/state/bmc0//attr/CurrentBMCState HTTP/1.1" 200 212 5.561398
Jul 31 11:42:46 witherspoon phosphor-gevent[1024]: ::80f9:6976:8e91:f402%1995766556 - - [2017-07-31 11:42:46] "POST /login HTTP/1.1" 200 320 0.033285
Jul 31 11:42:47 witherspoon power_control.exe[1070]: PowerControl: setting power up SOFTWARE_PGOOD to 1
Jul 31 11:42:47 witherspoon power_control.exe[1070]: PowerControl: setting power up BMC_POWER_UP to 1
Jul 31 11:42:47 witherspoon systemd[1]: Started Start Power0.
