-- Logs begin at Tue 2017-07-11 06:04:35 UTC, end at Tue 2017-07-11 06:25:56 UTC. --
Jul 11 06:04:35 palmetto kernel: Booting Linux on physical CPU 0x0
Jul 11 06:04:35 palmetto kernel: Linux version 4.10.17-7858cdff46b6d8aa4a4f88884a0623ff50fb78c9 (jenkins@openbmc-builder1) (gcc version 6.2.0 (GCC) ) #1 Tue Jul 11 04:23:17 UTC 2017
Jul 11 06:04:35 palmetto kernel: CPU: ARM926EJ-S [41069265] revision 5 (ARMv5TEJ), cr=0005317f
Jul 11 06:04:35 palmetto kernel: CPU: VIVT data cache, VIVT instruction cache
Jul 11 06:04:35 palmetto kernel: OF: fdt:Machine model: Palmetto BMC
Jul 11 06:04:35 palmetto kernel: Memory policy: Data cache writeback
Jul 11 06:04:35 palmetto kernel: SOC Rev: 02010303
Jul 11 06:04:35 palmetto kernel: On node 0 totalpages: 126976
Jul 11 06:04:35 palmetto kernel: free_area_init_node: node 0, pgdat 80833a5c, node_mem_map 9ec1a000
Jul 11 06:04:35 palmetto kernel:   Normal zone: 992 pages used for memmap
Jul 11 06:04:35 palmetto kernel:   Normal zone: 0 pages reserved
Jul 11 06:04:35 palmetto kernel:   Normal zone: 126976 pages, LIFO batch:31
Jul 11 06:04:35 palmetto kernel: pcpu-alloc: s0 r0 d32768 u32768 alloc=1*32768
Jul 11 06:04:35 palmetto kernel: pcpu-alloc: [0] 0 
Jul 11 06:04:35 palmetto kernel: Built 1 zonelists in Zone order, mobility grouping on.  Total pages: 125984
Jul 11 06:04:35 palmetto kernel: Kernel command line: console=ttyS4,115200n8 root=/dev/ram rw
Jul 11 06:04:35 palmetto kernel: PID hash table entries: 2048 (order: 1, 8192 bytes)
Jul 11 06:04:35 palmetto kernel: Dentry cache hash table entries: 65536 (order: 6, 262144 bytes)
Jul 11 06:04:35 palmetto kernel: Inode-cache hash table entries: 32768 (order: 5, 131072 bytes)
Jul 11 06:04:35 palmetto kernel: Memory: 494240K/507904K available (4096K kernel code, 276K rwdata, 1084K rodata, 1024K init, 111K bss, 13664K reserved, 0K cma-reserved)
Jul 11 06:04:35 palmetto kernel: Virtual kernel memory layout:
                                     vector  : 0xffff0000 - 0xffff1000   (   4 kB)
                                     fixmap  : 0xffc00000 - 0xfff00000   (3072 kB)
                                     vmalloc : 0x9f800000 - 0xff800000   (1536 MB)
                                     lowmem  : 0x80000000 - 0x9f000000   ( 496 MB)
                                       .text : 0x80008000 - 0x80500000   (5088 kB)
                                       .init : 0x80700000 - 0x80800000   (1024 kB)
                                       .data : 0x80800000 - 0x80845210   ( 277 kB)
                                        .bss : 0x80845210 - 0x808611a0   ( 112 kB)
Jul 11 06:04:35 palmetto kernel: NR_IRQS:16 nr_irqs:16 16
Jul 11 06:04:35 palmetto kernel: i2c controller registered, irq 16
Jul 11 06:04:35 palmetto kernel: clocksource: moxart_timer: mask: 0xffffffff max_cycles: 0xffffffff, max_idle_ns: 39817925974 ns
Jul 11 06:04:35 palmetto kernel: sched_clock: 32 bits at 100 Hz, resolution 10000000ns, wraps every 21474836475000000ns
Jul 11 06:04:35 palmetto kernel: Calibrating delay loop... 190.87 BogoMIPS (lpj=954368)
Jul 11 06:04:35 palmetto kernel: pid_max: default: 32768 minimum: 301
Jul 11 06:04:35 palmetto kernel: Mount-cache hash table entries: 1024 (order: 0, 4096 bytes)
Jul 11 06:04:35 palmetto kernel: Mountpoint-cache hash table entries: 1024 (order: 0, 4096 bytes)
Jul 11 06:04:35 palmetto kernel: CPU: Testing write buffer coherency: ok
Jul 11 06:04:35 palmetto kernel: ftrace: allocating 14712 entries in 44 pages
Jul 11 06:04:35 palmetto kernel: Setting up static identity map for 0x40100000 - 0x40100058
Jul 11 06:04:35 palmetto kernel: devtmpfs: initialized
Jul 11 06:04:35 palmetto kernel: clocksource: jiffies: mask: 0xffffffff max_cycles: 0xffffffff, max_idle_ns: 19112604462750000 ns
Jul 11 06:04:35 palmetto kernel: futex hash table entries: 256 (order: -1, 3072 bytes)
Jul 11 06:04:35 palmetto kernel: pinctrl core: initialized pinctrl subsystem
Jul 11 06:04:35 palmetto kernel: NET: Registered protocol family 16
Jul 11 06:04:35 palmetto kernel: DMA: preallocated 256 KiB pool for atomic coherent allocations
Jul 11 06:04:35 palmetto kernel: clocksource: Switched to clocksource moxart_timer
Jul 11 06:04:35 palmetto kernel: NET: Registered protocol family 2
Jul 11 06:04:35 palmetto kernel: TCP established hash table entries: 4096 (order: 2, 16384 bytes)
Jul 11 06:04:35 palmetto kernel: TCP bind hash table entries: 4096 (order: 2, 16384 bytes)
Jul 11 06:04:35 palmetto kernel: TCP: Hash tables configured (established 4096 bind 4096)
Jul 11 06:04:35 palmetto kernel: UDP hash table entries: 256 (order: 0, 4096 bytes)
Jul 11 06:04:35 palmetto kernel: UDP-Lite hash table entries: 256 (order: 0, 4096 bytes)
Jul 11 06:04:35 palmetto kernel: NET: Registered protocol family 1
Jul 11 06:04:35 palmetto kernel: Trying to unpack rootfs image as initramfs...
Jul 11 06:04:35 palmetto kernel: Freeing initrd memory: 1548K
Jul 11 06:04:35 palmetto kernel: workingset: timestamp_bits=30 max_order=17 bucket_order=0
Jul 11 06:04:35 palmetto kernel: squashfs: version 4.0 (2009/01/31) Phillip Lougher
Jul 11 06:04:35 palmetto kernel: jffs2: version 2.2. (NAND) (SUMMARY)  © 2001-2006 Red Hat, Inc.
Jul 11 06:04:35 palmetto kernel: io scheduler noop registered (default)
Jul 11 06:04:35 palmetto kernel: GPIO line 312 (func_mode0) hogged as output/low
Jul 11 06:04:35 palmetto kernel: GPIO line 313 (func_mode1) hogged as output/low
Jul 11 06:04:35 palmetto kernel: GPIO line 314 (func_mode2) hogged as output/low
Jul 11 06:04:35 palmetto kernel: GPIO line 292 (BMC_FAN_RESERVED_N) hogged as input
Jul 11 06:04:35 palmetto kernel: GPIO line 293 (APSS_WDT_N) hogged as output/high
Jul 11 06:04:35 palmetto kernel: GPIO line 301 (APSS_BOOT_MODE) hogged as output/high
Jul 11 06:04:35 palmetto kernel: GPIO line 302 (APSS_RESET_N) hogged as output/high
Jul 11 06:04:35 palmetto kernel: GPIO line 307 (SPIVID_STBY_RESET_N) hogged as output/high
Jul 11 06:04:35 palmetto kernel: GPIO line 317 (BMC_POWER_UP) hogged as output/high
Jul 11 06:04:35 palmetto kernel: GPIO line 333 (BMC_BATTERY_TEST) hogged as input
Jul 11 06:04:35 palmetto kernel: GPIO line 336 (AST_HW_FAULT_N) hogged as input
Jul 11 06:04:35 palmetto kernel: GPIO line 337 (AST_SYS_FAULT_N) hogged as input
Jul 11 06:04:35 palmetto kernel: GPIO line 339 (BMC_FULL_SPEED_N) hogged as output/high
Jul 11 06:04:35 palmetto kernel: GPIO line 343 (BMC_FAN_ERROR_N) hogged as output/high
Jul 11 06:04:35 palmetto kernel: GPIO line 344 (BMC_WDT_RST1_P) hogged as input
Jul 11 06:04:35 palmetto kernel: GPIO line 345 (BMC_WDT_RST2_P) hogged as input
Jul 11 06:04:35 palmetto kernel: GPIO line 348 (PE_SLOT_TEST_EN_N) hogged as input
Jul 11 06:04:35 palmetto kernel: GPIO line 349 (BMC_RTCRST_N) hogged as input
Jul 11 06:04:35 palmetto kernel: GPIO line 350 (SYS_PWROK_BMC) hogged as output/high
Jul 11 06:04:35 palmetto kernel: GPIO line 355 (BMC_TPM_INT_N) hogged as output/high
Jul 11 06:04:35 palmetto kernel: ipmi-bt-host 1e789140.ibt: Found bt bmc device
Jul 11 06:04:35 palmetto kernel: ipmi-bt-host 1e789140.ibt: Using IRQ 22
Jul 11 06:04:35 palmetto kernel: Serial: 8250/16550 driver, 6 ports, IRQ sharing enabled
Jul 11 06:04:35 palmetto kernel: console [ttyS4] disabled
Jul 11 06:04:35 palmetto kernel: 1e784000.serial: ttyS4 at MMIO 0x1e784000 (irq = 23, base_baud = 1500000) is a 16550A
Jul 11 06:04:35 palmetto kernel: console [ttyS4] enabled
Jul 11 06:04:35 palmetto kernel: 1e787000.vuart: ttyS0 at MMIO 0x1e787000 (irq = 22, base_baud = 1500000) is a 16550A
Jul 11 06:04:35 palmetto kernel: timeriomem_rng 1e6e2000.syscon:hwrng@1e6e2078: timeriomem_rng: resource is missing
Jul 11 06:04:35 palmetto kernel: brd: module loaded
Jul 11 06:04:35 palmetto kernel: loop: module loaded
Jul 11 06:04:35 palmetto kernel: aspeed-lpc-ctrl 1e789080.lpc-ctrl: Loaded at 0x98000000 (0x01000000)
Jul 11 06:04:35 palmetto kernel: aspeed-smc 1e620000.fmc: Using IRQ 18
Jul 11 06:04:35 palmetto kernel: aspeed-smc 1e620000.fmc: DMA support disabled.
Jul 11 06:04:35 palmetto kernel: aspeed-smc 1e620000.fmc: mx25l25635e (32768 Kbytes)
Jul 11 06:04:35 palmetto kernel: aspeed-smc 1e620000.fmc: CE0 window [ 0x20000000 - 0x22000000 ] 32MB
Jul 11 06:04:35 palmetto kernel: aspeed-smc 1e620000.fmc: CE1 window [ 0x22000000 - 0x26000000 ] 64MB
Jul 11 06:04:35 palmetto kernel: 5 ofpart partitions found on MTD device bmc
Jul 11 06:04:35 palmetto kernel: Creating 5 MTD partitions on "bmc":
Jul 11 06:04:35 palmetto kernel: 0x000000000000-0x000000060000 : "u-boot"
Jul 11 06:04:35 palmetto kernel: 0x000000060000-0x000000080000 : "u-boot-env"
Jul 11 06:04:35 palmetto kernel: 0x000000080000-0x0000004c0000 : "kernel"
Jul 11 06:04:35 palmetto kernel: 0x0000004c0000-0x000001c00000 : "rofs"
Jul 11 06:04:35 palmetto kernel: 0x000001c00000-0x000002000000 : "rwfs"
Jul 11 06:04:35 palmetto kernel: aspeed-smc 1e630000.spi: Error applying setting, reverse things back
Jul 11 06:04:35 palmetto kernel: aspeed-smc 1e630000.spi: mx25l25635e (32768 Kbytes)
Jul 11 06:04:35 palmetto kernel: libphy: Fixed MDIO Bus: probed
Jul 11 06:04:35 palmetto kernel: ftgmac100 1e660000.ethernet: Read MAC address a0:42:3f:25:16:fe from chip
Jul 11 06:04:35 palmetto kernel: ftgmac100 1e660000.ethernet: Using NCSI interface
Jul 11 06:04:35 palmetto kernel: ftgmac100 1e660000.ethernet eth0: irq 20, mapped at f0060000
Jul 11 06:04:35 palmetto kernel:  fsi0: can't read slave 00:00 -5
Jul 11 06:04:35 palmetto kernel: i2c /dev entries driver
Jul 11 06:04:35 palmetto kernel: at24 0-0050: 32768 byte 24c256 EEPROM, writable, 64 bytes/write
Jul 11 06:04:35 palmetto kernel: rtc-ds1307 0-0068: rtc core: registered ds3231 as rtc0
Jul 11 06:04:35 palmetto kernel: aspeed-i2c-bus 1e78a040.i2c-bus: i2c bus 0 registered, irq 24
Jul 11 06:04:35 palmetto kernel: aspeed-i2c-bus 1e78a080.i2c-bus: i2c bus 1 registered, irq 25
Jul 11 06:04:35 palmetto kernel: aspeed-i2c-bus 1e78a0c0.i2c-bus: i2c bus 2 registered, irq 26
Jul 11 06:04:35 palmetto kernel: aspeed-i2c-bus 1e78a100.i2c-bus: i2c bus 3 registered, irq 27
Jul 11 06:04:35 palmetto kernel: aspeed-i2c-bus 1e78a140.i2c-bus: i2c bus 4 registered, irq 28
Jul 11 06:04:35 palmetto kernel: aspeed-i2c-bus 1e78a180.i2c-bus: i2c bus 5 registered, irq 29
Jul 11 06:04:35 palmetto kernel: aspeed-i2c-bus 1e78a1c0.i2c-bus: i2c bus 6 registered, irq 30
Jul 11 06:04:35 palmetto kernel: aspeed-i2c-bus 1e78a300.i2c-bus: i2c bus 7 registered, irq 31
Jul 11 06:04:36 palmetto kernel: Driver for 1-wire Dallas network protocol.
Jul 11 06:04:36 palmetto kernel: ip_tables: (C) 2000-2006 Netfilter Core Team
Jul 11 06:04:36 palmetto kernel: NET: Registered protocol family 10
Jul 11 06:04:36 palmetto kernel: Segment Routing with IPv6
Jul 11 06:04:36 palmetto kernel: NET: Registered protocol family 17
Jul 11 06:04:36 palmetto kernel: 8021q: 802.1Q VLAN Support v1.8
Jul 11 06:04:36 palmetto kernel: rtc-ds1307 0-0068: setting system clock to 2017-07-11 06:04:19 UTC (1499753059)
Jul 11 06:04:36 palmetto kernel: Freeing unused kernel memory: 1024K
Jul 11 06:04:36 palmetto kernel: jffs2: notice: (442) jffs2_build_xattr_subsystem: complete building xattr subsystem, 0 of xdatum (0 unchecked, 0 orphan) and 0 of xref (0 dead, 0 orphan) found.
Jul 11 06:04:36 palmetto kernel: random: systemd: uninitialized urandom read (16 bytes read)
Jul 11 06:04:36 palmetto systemd[1]: systemd 232 running in system mode. (+PAM -AUDIT -SELINUX -IMA -APPARMOR -SMACK +SYSVINIT -UTMP -LIBCRYPTSETUP -GCRYPT -GNUTLS +ACL +XZ -LZ4 -SECCOMP +BLKID -ELFUTILS +KMOD -IDN)
Jul 11 06:04:36 palmetto systemd[1]: Detected architecture arm.
Jul 11 06:04:36 palmetto systemd[1]: Set hostname to <palmetto>.
Jul 11 06:04:36 palmetto kernel: random: systemd: uninitialized urandom read (16 bytes read)
Jul 11 06:04:36 palmetto kernel: random: systemd-sysv-ge: uninitialized urandom read (16 bytes read)
Jul 11 06:04:36 palmetto kernel: random: systemd: uninitialized urandom read (16 bytes read)
Jul 11 06:04:36 palmetto kernel: random: systemd: uninitialized urandom read (16 bytes read)
Jul 11 06:04:36 palmetto kernel: random: systemd: uninitialized urandom read (16 bytes read)
Jul 11 06:04:36 palmetto kernel: random: systemd: uninitialized urandom read (16 bytes read)
Jul 11 06:04:36 palmetto kernel: random: systemd: uninitialized urandom read (16 bytes read)
Jul 11 06:04:36 palmetto kernel: random: systemd: uninitialized urandom read (16 bytes read)
Jul 11 06:04:36 palmetto kernel: random: systemd: uninitialized urandom read (16 bytes read)
Jul 11 06:04:36 palmetto systemd[1]: Reached target Remote File Systems.
Jul 11 06:04:36 palmetto systemd[1]: Started Dispatch Password Requests to Console Directory Watch.
Jul 11 06:04:36 palmetto systemd[1]: Listening on /dev/initctl Compatibility Named Pipe.
Jul 11 06:04:36 palmetto systemd[1]: Listening on Syslog Socket.
Jul 11 06:04:36 palmetto systemd[1]: Reached target Swap.
Jul 11 06:04:36 palmetto systemd[1]: Listening on Journal Socket (/dev/log).
Jul 11 06:04:36 palmetto systemd[1]: Listening on Journal Socket.
Jul 11 06:04:36 palmetto systemd[1]: Listening on udev Kernel Socket.
Jul 11 06:04:36 palmetto systemd[1]: Listening on Network Service Netlink Socket.
Jul 11 06:04:36 palmetto systemd[1]: Listening on udev Control Socket.
Jul 11 06:04:36 palmetto systemd[1]: Started Forward Password Requests to Wall Directory Watch.
Jul 11 06:04:36 palmetto systemd[1]: Reached target Paths.
Jul 11 06:04:36 palmetto systemd[1]: Created slice System Slice.
Jul 11 06:04:36 palmetto systemd[1]: Starting Journal Service...
Jul 11 06:04:36 palmetto systemd[1]: Starting udev Coldplug all Devices...
Jul 11 06:04:36 palmetto systemd[1]: Created slice system-op\x2dreset\x2dchassis\x2don.slice.
Jul 11 06:04:36 palmetto systemd-journald[462]: Journal started
Jul 11 06:04:36 palmetto systemd-journald[462]: Runtime journal (/run/log/journal/dda9bd67873c4cff9410a04dbbd102e1) is 0B, max 0B, 0B free.
Jul 11 06:04:36 palmetto systemd-sysctl[555]: Couldn't write '16' to 'kernel/sysrq', ignoring: No such file or directory
Jul 11 06:04:36 palmetto systemd-sysctl[555]: Couldn't write 'fq_codel' to 'net/core/default_qdisc', ignoring: No such file or directory
Jul 11 06:04:36 palmetto systemd[1]: Created slice system-org.openbmc.control.Chassis.slice.
Jul 11 06:04:36 palmetto systemd[1]: Created slice system-org.openbmc.control.Power.slice.
Jul 11 06:04:36 palmetto kernel: random: fast init done
Jul 11 06:04:36 palmetto systemd[1]: Mounting Temporary Directory...
Jul 11 06:04:36 palmetto systemd[1]: Created slice system-obmc\x2dconsole.slice.
Jul 11 06:04:36 palmetto systemd[1]: Created slice system-org.openbmc.control.Host.slice.
Jul 11 06:04:36 palmetto systemd[1]: Created slice system-mapper\x2dwait.slice.
Jul 11 06:04:36 palmetto systemd[1]: Created slice system-phosphor\x2dreset\x2dhost\x2dcheck.slice.
Jul 11 06:04:36 palmetto systemd[1]: Mounted Debug File System.
Jul 11 06:04:36 palmetto systemd[1]: Mounted Temporary Directory.
Jul 11 06:04:37 palmetto systemd[1]: Started Journal Service.
Jul 11 06:04:37 palmetto systemd[1]: Started Remount Root and Kernel File Systems.
Jul 11 06:04:37 palmetto systemd[1]: Started Apply Kernel Variables.
Jul 11 06:04:37 palmetto systemd[1]: Starting Create System Users...
Jul 11 06:04:37 palmetto systemd[1]: Starting Flush Journal to Persistent Storage...
Jul 11 06:04:38 palmetto systemd[1]: Started udev Coldplug all Devices.
Jul 11 06:04:38 palmetto systemd-journald[462]: Runtime journal (/run/log/journal/dda9bd67873c4cff9410a04dbbd102e1) is 0B, max 0B, 0B free.
Jul 11 06:04:38 palmetto systemd[1]: Started Flush Journal to Persistent Storage.
Jul 11 06:04:38 palmetto systemd[1]: Started Create System Users.
Jul 11 06:04:38 palmetto systemd[1]: Starting Create Static Device Nodes in /dev...
Jul 11 06:04:38 palmetto systemd[1]: Started Create Static Device Nodes in /dev.
Jul 11 06:04:38 palmetto systemd[1]: Reached target Local File Systems (Pre).
Jul 11 06:04:38 palmetto systemd[1]: Mounting /var/volatile...
Jul 11 06:04:38 palmetto systemd[1]: Starting udev Kernel Device Manager...
Jul 11 06:04:39 palmetto systemd[1]: Mounted /var/volatile.
Jul 11 06:04:39 palmetto systemd[1]: Reached target Local File Systems.
Jul 11 06:04:39 palmetto systemd[1]: Starting Create Volatile Files and Directories...
Jul 11 06:04:39 palmetto systemd[1]: Starting Rebuild Journal Catalog...
Jul 11 06:04:39 palmetto systemd[1]: Starting Load/Save Random Seed...
Jul 11 06:04:39 palmetto systemd[1]: Started Load/Save Random Seed.
Jul 11 06:04:39 palmetto systemd-tmpfiles[765]: "/var/tmp" already exists and is not a directory.
Jul 11 06:04:39 palmetto systemd-tmpfiles[765]: "/var/log" already exists and is not a directory.
Jul 11 06:04:39 palmetto systemd[1]: Started Rebuild Journal Catalog.
Jul 11 06:04:39 palmetto systemd[1]: Starting Update is Completed...
Jul 11 06:04:39 palmetto systemd[1]: Started Update is Completed.
Jul 11 06:04:40 palmetto systemd[1]: Started Create Volatile Files and Directories.
Jul 11 06:04:40 palmetto systemd[1]: Starting Network Time Synchronization...
Jul 11 06:04:40 palmetto systemd[1]: Starting Run pending postinsts...
Jul 11 06:04:40 palmetto systemd[1]: Started Network Time Synchronization.
Jul 11 06:04:40 palmetto systemd[1]: Reached target System Time Synchronized.
Jul 11 06:04:41 palmetto systemd[1]: Started udev Kernel Device Manager.
Jul 11 06:04:44 palmetto run-postinsts[775]: Running postinst /etc/rpm-postinsts/libglib-2.0-0...
Jul 11 06:04:44 palmetto systemd[1]: Found device /dev/ttyS4.
Jul 11 06:04:44 palmetto systemd[1]: Found device /dev/ttyVUART0.
Jul 11 06:04:45 palmetto systemd[1]: Created slice system-xyz.openbmc_project.led.controller.slice.
Jul 11 06:04:45 palmetto systemd[1]: dev-hugepages.mount: Couldn't determine result for ConditionVirtualization=!private-users, assuming failed: No such file or directory
Jul 11 06:04:45 palmetto systemd[1]: Created slice system-xyz.openbmc_project.Hwmon.slice.
Jul 11 06:04:46 palmetto run-postinsts[775]: rm: can't remove '/etc/rpm-postinsts': Invalid argument
Jul 11 06:04:46 palmetto run-postinsts[775]:  Removing any system startup links for run-postinsts ...
Jul 11 06:04:46 palmetto systemctl[803]: Removed /etc/systemd/system/sysinit.target.wants/run-postinsts.service.
Jul 11 06:04:46 palmetto systemd[1]: Reloading.
Jul 11 06:04:49 palmetto systemd[1]: Started Run pending postinsts.
Jul 11 06:04:50 palmetto systemd[1]: Reached target System Initialization.
Jul 11 06:04:50 palmetto systemd[1]: Listening on Phosphor Webserver socket.
Jul 11 06:04:50 palmetto systemd[1]: Listening on Phosphor Host Console SSH Per-Connection socket.
Jul 11 06:04:50 palmetto systemd[1]: Listening on dropbear.socket.
Jul 11 06:04:50 palmetto systemd[1]: Listening on phosphor-ipmi-net.socket.
Jul 11 06:04:50 palmetto systemd[1]: Listening on D-Bus System Message Bus Socket.
Jul 11 06:04:50 palmetto systemd[1]: Listening on Phosphor DBUS Browser socket.
Jul 11 06:04:50 palmetto systemd[1]: Listening on Avahi mDNS/DNS-SD Stack Activation Socket.
Jul 11 06:04:50 palmetto systemd[1]: Reached target Sockets.
Jul 11 06:04:50 palmetto systemd[1]: Reached target Basic System.
Jul 11 06:04:50 palmetto systemd[1]: Started Phosphor sysfs LED controller.
Jul 11 06:04:50 palmetto systemd[1]: Starting Phosphor User Manager...
Jul 11 06:04:50 palmetto systemd[1]: Started D-Bus System Message Bus.
Jul 11 06:04:54 palmetto systemd[1]: Starting Network Service...
Jul 11 06:04:54 palmetto systemd[1]: Started Phosphor Hwmon Poller.
Jul 11 06:04:54 palmetto systemd[1]: Started Phosphor Dump core monitor..
Jul 11 06:04:54 palmetto systemd[1]: Starting Phosphor Download Manager...
Jul 11 06:04:54 palmetto systemd[1]: Started Phosphor sysfs LED controller.
Jul 11 06:04:55 palmetto systemd[1]: Starting Phosphor Inventory Manager...
Jul 11 06:04:56 palmetto systemd[1]: Started Phosphor Hwmon Poller.
Jul 11 06:04:56 palmetto systemd[1]: Starting Phosphor Download Manager...
Jul 11 06:04:56 palmetto systemd[1]: Starting Phosphor Chassis0 Control...
Jul 11 06:04:56 palmetto systemd[1]: Starting Phosphor Log Manager...
Jul 11 06:04:56 palmetto systemd[1]: Starting Phosphor DBus Service Discovery Manager...
Jul 11 06:04:56 palmetto systemd[1]: Started System Logging Service.
Jul 11 06:04:56 palmetto systemd[1]: Starting Phosphor Sensor Manager...
Jul 11 06:04:56 palmetto systemd[1]: Starting OpenBMC Software Update Manager...
Jul 11 06:04:56 palmetto systemd[1]: Started Hardware RNG Entropy Gatherer Daemon.
Jul 11 06:04:56 palmetto systemd[1]: Starting Avahi mDNS/DNS-SD Stack...
Jul 11 06:04:56 palmetto systemd[1]: Starting Phosphor IPMI BT DBus Bridge...
Jul 11 06:04:56 palmetto systemd[1]: Starting Phosphor BMC0 Control...
Jul 11 06:04:56 palmetto systemd[1]: Starting Clear one time boot overrides...
Jul 11 06:04:56 palmetto systemd[1]: Starting Phosphor Dump Manager...
Jul 11 06:04:56 palmetto systemd[1]: Starting Phosphor LED Group Management Daemon...
Jul 11 06:04:56 palmetto systemd[1]: Starting Phosphor Inventory Manager...
Jul 11 06:04:56 palmetto systemd[1]: Started Daily Cleanup of Temporary Directories.
Jul 11 06:04:57 palmetto systemd[1]: Reached target Timers.
Jul 11 06:04:57 palmetto systemd[1]: Reached target Containers.
Jul 11 06:04:57 palmetto systemd[1]: Started Phosphor Console Muxer listening on device /dev/ttyVUART0.
Jul 11 06:04:57 palmetto systemd[1]: Starting OpenPower Software Update Manager...
Jul 11 06:04:57 palmetto systemd[1]: Started Kernel Logging Service.
Jul 11 06:04:57 palmetto systemd[1]: Starting Phosphor Network Manager...
Jul 11 06:04:57 palmetto systemd[1]: Started Phosphor sysfs LED controller.
Jul 11 06:04:58 palmetto systemd[1]: Started OpenBMC Software Update Manager.
Jul 11 06:04:58 palmetto rngd[832]: read error
Jul 11 06:04:58 palmetto rngd[832]: read error
Jul 11 06:04:58 palmetto rngd[832]: read error
Jul 11 06:04:58 palmetto rngd[832]: read error
Jul 11 06:04:58 palmetto rngd[832]: read error
Jul 11 06:04:58 palmetto rngd[832]: read error
Jul 11 06:04:58 palmetto rngd[832]: read error
Jul 11 06:04:59 palmetto systemd[1]: Started Clear one time boot overrides.
Jul 11 06:04:59 palmetto rngd[832]: read error
Jul 11 06:04:59 palmetto rngd[832]: No entropy sources working, exiting rngd
Jul 11 06:05:00 palmetto systemd[1]: Started Phosphor Download Manager.
Jul 11 06:04:59 palmetto kernel[842]: klogd started: BusyBox v1.24.1 (2017-06-16 19:29:18 UTC)
Jul 11 06:05:00 palmetto systemd[1]: Started Phosphor IPMI BT DBus Bridge.
Jul 11 06:04:59 palmetto kernel[842]: [    0.000000] Booting Linux on physical CPU 0x0
Jul 11 06:05:00 palmetto systemd[1]: Started Phosphor Log Manager.
Jul 11 06:04:59 palmetto kernel[842]: [    0.000000] Linux version 4.10.17-7858cdff46b6d8aa4a4f88884a0623ff50fb78c9 (jenkins@openbmc-builder1) (gcc version 6.2.0 (GCC) ) #1 Tue Jul 11 04:23:17 UTC 2017
Jul 11 06:05:00 palmetto systemd-networkd[818]: Enumeration completed
Jul 11 06:04:59 palmetto kernel[842]: [    0.000000] CPU: ARM926EJ-S [41069265] revision 5 (ARMv5TEJ), cr=0005317f
Jul 11 06:05:00 palmetto systemd[1]: Started Network Service.
Jul 11 06:05:06 palmetto kernel: ftgmac100 1e660000.ethernet eth0: NCSI interface up
Jul 11 06:04:59 palmetto kernel[842]: [    0.000000] CPU: VIVT data cache, VIVT instruction cache
Jul 11 06:05:00 palmetto systemd[1]: Reached target Network.
Jul 11 06:04:59 palmetto kernel[842]: [    0.000000] OF: fdt:Machine model: Palmetto BMC
Jul 11 06:05:00 palmetto systemd-networkd[818]: eth0: IPv6 enabled for interface: Success
Jul 11 06:04:59 palmetto kernel[842]: [    0.000000] Memory policy: Data cache writeback
Jul 11 06:05:00 palmetto systemd-networkd[818]: eth0: Gained carrier
Jul 11 06:04:59 palmetto kernel[842]: [    0.000000] SOC Rev: 02010303
Jul 11 06:05:00 palmetto systemd-timesyncd[774]: Network configuration changed, trying to establish connection.
Jul 11 06:04:59 palmetto kernel[842]: [    0.000000] On node 0 totalpages: 126976
Jul 11 06:05:00 palmetto systemd[1]: Started Lightweight SLP Server.
Jul 11 06:04:59 palmetto kernel[842]: [    0.000000] free_area_init_node: node 0, pgdat 80833a5c, node_mem_map 9ec1a000
Jul 11 06:05:00 palmetto systemd[1]: Starting Permit User Sessions...
Jul 11 06:04:59 palmetto kernel[842]: [    0.000000]   Normal zone: 992 pages used for memmap
Jul 11 06:05:00 palmetto systemd[1]: Started Phosphor Inventory Manager.
Jul 11 06:04:59 palmetto kernel[842]: [    0.000000]   Normal zone: 0 pages reserved
Jul 11 06:05:01 palmetto systemd[1]: Started OpenPower Software Update Manager.
Jul 11 06:04:59 palmetto kernel[842]: [    0.000000]   Normal zone: 126976 pages, LIFO batch:31
Jul 11 06:05:01 palmetto systemd[1]: Starting Phosphor Version Software Manager...
Jul 11 06:04:59 palmetto kernel[842]: [    0.000000] pcpu-alloc: s0 r0 d32768 u32768 alloc=1*32768
Jul 11 06:05:01 palmetto systemd-networkd[818]: eth0: Gained IPv6LL
Jul 11 06:04:59 palmetto kernel[842]: [    0.000000] pcpu-alloc: [0] 0
Jul 11 06:05:02 palmetto systemd[1]: Started Permit User Sessions.
Jul 11 06:04:59 palmetto kernel[842]: [    0.000000] Built 1 zonelists in Zone order, mobility grouping on.  Total pages: 125984
Jul 11 06:05:02 palmetto systemd[1]: Started Serial Getty on ttyS4.
Jul 11 06:04:59 palmetto kernel[842]: [    0.000000] Kernel command line: console=ttyS4,115200n8 root=/dev/ram rw
Jul 11 06:05:02 palmetto systemd[1]: Reached target Login Prompts.
Jul 11 06:04:59 palmetto kernel[842]: [    0.000000] PID hash table entries: 2048 (order: 1, 8192 bytes)
Jul 11 06:05:02 palmetto systemd[1]: Started Avahi mDNS/DNS-SD Stack.
Jul 11 06:04:59 palmetto kernel[842]: [    0.000000] Dentry cache hash table entries: 65536 (order: 6, 262144 bytes)
Jul 11 06:05:02 palmetto systemd[1]: Reached target Multi-User System.
Jul 11 06:04:59 palmetto kernel[842]: [    0.000000] Inode-cache hash table entries: 32768 (order: 5, 131072 bytes)
Jul 11 06:05:03 palmetto systemd[1]: Started Phosphor Dump Manager.
Jul 11 06:04:59 palmetto kernel[842]: [    0.000000] Memory: 494240K/507904K available (4096K kernel code, 276K rwdata, 1084K rodata, 1024K init, 111K bss, 13664K reserved, 0K cma-reserved)
Jul 11 06:05:04 palmetto systemd[1]: Started Phosphor LED Group Management Daemon.
Jul 11 06:04:59 palmetto kernel[842]: [    0.000000] Virtual kernel memory layout:
Jul 11 06:05:05 palmetto systemd[1]: Started Phosphor Version Software Manager.
Jul 11 06:04:59 palmetto kernel[842]: [    0.000000]     vector  : 0xffff0000 - 0xffff1000   (   4 kB)
Jul 11 06:05:07 palmetto systemd[1]: Started Phosphor BMC0 Control.
Jul 11 06:04:59 palmetto kernel[842]: [    0.000000]     fixmap  : 0xffc00000 - 0xfff00000   (3072 kB)
Jul 11 06:04:59 palmetto kernel[842]: [    0.000000]     vmalloc : 0x9f800000 - 0xff800000   (1536 MB)
Jul 11 06:04:59 palmetto kernel[842]: [    0.000000]     lowmem  : 0x80000000 - 0x9f000000   ( 496 MB)
Jul 11 06:04:59 palmetto kernel[842]: [    0.000000]       .text : 0x80008000 - 0x80500000   (5088 kB)
Jul 11 06:04:59 palmetto kernel[842]: [    0.000000]       .init : 0x80700000 - 0x80800000   (1024 kB)
Jul 11 06:04:59 palmetto kernel[842]: [    0.000000]       .data : 0x80800000 - 0x80845210   ( 277 kB)
Jul 11 06:04:59 palmetto kernel[842]: [    0.000000]        .bss : 0x80845210 - 0x808611a0   ( 112 kB)
Jul 11 06:04:59 palmetto kernel[842]: [    0.000000] NR_IRQS:16 nr_irqs:16 16
Jul 11 06:04:59 palmetto kernel[842]: [    0.000000] i2c controller registered, irq 16
Jul 11 06:04:59 palmetto kernel[842]: [    0.000000] clocksource: moxart_timer: mask: 0xffffffff max_cycles: 0xffffffff, max_idle_ns: 39817925974 ns
Jul 11 06:04:59 palmetto kernel[842]: [    0.000000] sched_clock: 32 bits at 100 Hz, resolution 10000000ns, wraps every 21474836475000000ns
Jul 11 06:04:59 palmetto kernel[842]: [    0.070000] Calibrating delay loop... 190.87 BogoMIPS (lpj=954368)
Jul 11 06:04:59 palmetto kernel[842]: [    0.070000] pid_max: default: 32768 minimum: 301
Jul 11 06:04:59 palmetto kernel[842]: [    0.070000] Mount-cache hash table entries: 1024 (order: 0, 4096 bytes)
Jul 11 06:04:59 palmetto kernel[842]: [    0.070000] Mountpoint-cache hash table entries: 1024 (order: 0, 4096 bytes)
Jul 11 06:04:59 palmetto kernel[842]: [    0.070000] CPU: Testing write buffer coherency: ok
Jul 11 06:04:59 palmetto kernel[842]: [    0.070000] ftrace: allocating 14712 entries in 44 pages
Jul 11 06:04:59 palmetto kernel[842]: [    0.130000] Setting up static identity map for 0x40100000 - 0x40100058
Jul 11 06:04:59 palmetto kernel[842]: [    0.140000] devtmpfs: initialized
Jul 11 06:04:59 palmetto kernel[842]: [    0.180000] clocksource: jiffies: mask: 0xffffffff max_cycles: 0xffffffff, max_idle_ns: 19112604462750000 ns
Jul 11 06:04:59 palmetto kernel[842]: [    0.180000] futex hash table entries: 256 (order: -1, 3072 bytes)
Jul 11 06:04:59 palmetto kernel[842]: [    0.180000] pinctrl core: initialized pinctrl subsystem
Jul 11 06:04:59 palmetto kernel[842]: [    0.180000] NET: Registered protocol family 16
Jul 11 06:04:59 palmetto kernel[842]: [    0.180000] DMA: preallocated 256 KiB pool for atomic coherent allocations
Jul 11 06:04:59 palmetto kernel[842]: [    0.280000] clocksource: Switched to clocksource moxart_timer
Jul 11 06:04:59 palmetto kernel[842]: [    0.320000] NET: Registered protocol family 2
Jul 11 06:04:59 palmetto kernel[842]: [    0.320000] TCP established hash table entries: 4096 (order: 2, 16384 bytes)
Jul 11 06:04:59 palmetto kernel[842]: [    0.320000] TCP bind hash table entries: 4096 (order: 2, 16384 bytes)
Jul 11 06:04:59 palmetto kernel[842]: [    0.320000] TCP: Hash tables configured (established 4096 bind 4096)
Jul 11 06:04:59 palmetto kernel[842]: [    0.320000] UDP hash table entries: 256 (order: 0, 4096 bytes)
Jul 11 06:04:59 palmetto kernel[842]: [    0.320000] UDP-Lite hash table entries: 256 (order: 0, 4096 bytes)
Jul 11 06:04:59 palmetto kernel[842]: [    0.320000] NET: Registered protocol family 1
Jul 11 06:04:59 palmetto kernel[842]: [    0.320000] Trying to unpack rootfs image as initramfs...
Jul 11 06:05:09 palmetto systemd[1]: Created slice system-dropbear.slice.
Jul 11 06:04:59 palmetto kernel[842]: [    4.880000] Freeing initrd memory: 1548K
Jul 11 06:05:09 palmetto systemd[1]: Started SSH Per-Connection Server (9.41.165.94:40992).
Jul 11 06:04:59 palmetto kernel[842]: [    4.880000] workingset: timestamp_bits=30 max_order=17 bucket_order=0
Jul 11 06:04:59 palmetto kernel[842]: [    4.880000] squashfs: version 4.0 (2009/01/31) Phillip Lougher
Jul 11 06:04:59 palmetto kernel[842]: [    4.880000] jffs2: version 2.2. (NAND) (SUMMARY)  © 2001-2006 Red Hat, Inc.
Jul 11 06:04:59 palmetto kernel[842]: [    4.880000] io scheduler noop registered (default)
Jul 11 06:04:59 palmetto kernel[842]: [    4.880000] GPIO line 312 (func_mode0) hogged as output/low
Jul 11 06:04:59 palmetto kernel[842]: [    4.880000] GPIO line 313 (func_mode1) hogged as output/low
Jul 11 06:04:59 palmetto kernel[842]: [    4.880000] GPIO line 314 (func_mode2) hogged as output/low
Jul 11 06:04:59 palmetto kernel[842]: [    4.880000] GPIO line 292 (BMC_FAN_RESERVED_N) hogged as input
Jul 11 06:04:59 palmetto kernel[842]: [    4.880000] GPIO line 293 (APSS_WDT_N) hogged as output/high
Jul 11 06:04:59 palmetto kernel[842]: [    4.880000] GPIO line 301 (APSS_BOOT_MODE) hogged as output/high
Jul 11 06:04:59 palmetto kernel[842]: [    4.880000] GPIO line 302 (APSS_RESET_N) hogged as output/high
Jul 11 06:04:59 palmetto kernel[842]: [    4.880000] GPIO line 307 (SPIVID_STBY_RESET_N) hogged as output/high
Jul 11 06:04:59 palmetto kernel[842]: [    4.880000] GPIO line 317 (BMC_POWER_UP) hogged as output/high
Jul 11 06:04:59 palmetto kernel[842]: [    4.880000] GPIO line 333 (BMC_BATTERY_TEST) hogged as input
Jul 11 06:04:59 palmetto kernel[842]: [    4.880000] GPIO line 336 (AST_HW_FAULT_N) hogged as input
Jul 11 06:04:59 palmetto kernel[842]: [    4.880000] GPIO line 337 (AST_SYS_FAULT_N) hogged as input
Jul 11 06:04:59 palmetto kernel[842]: [    4.880000] GPIO line 339 (BMC_FULL_SPEED_N) hogged as output/high
Jul 11 06:04:59 palmetto kernel[842]: [    4.880000] GPIO line 343 (BMC_FAN_ERROR_N) hogged as output/high
Jul 11 06:04:59 palmetto kernel[842]: [    4.880000] GPIO line 344 (BMC_WDT_RST1_P) hogged as input
Jul 11 06:04:59 palmetto kernel[842]: [    4.880000] GPIO line 345 (BMC_WDT_RST2_P) hogged as input
Jul 11 06:04:59 palmetto kernel[842]: [    4.880000] GPIO line 348 (PE_SLOT_TEST_EN_N) hogged as input
Jul 11 06:04:59 palmetto kernel[842]: [    4.880000] GPIO line 349 (BMC_RTCRST_N) hogged as input
Jul 11 06:04:59 palmetto kernel[842]: [    4.880000] GPIO line 350 (SYS_PWROK_BMC) hogged as output/high
Jul 11 06:04:59 palmetto kernel[842]: [    4.880000] GPIO line 355 (BMC_TPM_INT_N) hogged as output/high
Jul 11 06:04:59 palmetto kernel[842]: [    4.880000] ipmi-bt-host 1e789140.ibt: Found bt bmc device
Jul 11 06:04:59 palmetto kernel[842]: [    4.880000] ipmi-bt-host 1e789140.ibt: Using IRQ 22
Jul 11 06:04:59 palmetto kernel[842]: [    4.880000] Serial: 8250/16550 driver, 6 ports, IRQ sharing enabled
Jul 11 06:04:59 palmetto kernel[842]: [    4.880000] console [ttyS4] disabled
Jul 11 06:04:59 palmetto kernel[842]: [    4.880000] 1e784000.serial: ttyS4 at MMIO 0x1e784000 (irq = 23, base_baud = 1500000) is a 16550A
Jul 11 06:04:59 palmetto kernel[842]: [    5.340000] console [ttyS4] enabled
Jul 11 06:04:59 palmetto kernel[842]: [    5.340000] 1e787000.vuart: ttyS0 at MMIO 0x1e787000 (irq = 22, base_baud = 1500000) is a 16550A
Jul 11 06:04:59 palmetto kernel[842]: [    5.340000] timeriomem_rng 1e6e2000.syscon:hwrng@1e6e2078: timeriomem_rng: resource is missing
Jul 11 06:04:59 palmetto kernel[842]: [    5.580000] brd: module loaded
Jul 11 06:04:59 palmetto kernel[842]: [    5.580000] loop: module loaded
Jul 11 06:04:59 palmetto kernel[842]: [    5.580000] aspeed-lpc-ctrl 1e789080.lpc-ctrl: Loaded at 0x98000000 (0x01000000)
Jul 11 06:04:59 palmetto kernel[842]: [    5.580000] aspeed-smc 1e620000.fmc: Using IRQ 18
Jul 11 06:04:59 palmetto kernel[842]: [    5.580000] aspeed-smc 1e620000.fmc: DMA support disabled.
Jul 11 06:04:59 palmetto kernel[842]: [    5.580000] aspeed-smc 1e620000.fmc: mx25l25635e (32768 Kbytes)
Jul 11 06:04:59 palmetto kernel[842]: [    5.580000] aspeed-smc 1e620000.fmc: CE0 window [ 0x20000000 - 0x22000000 ] 32MB
Jul 11 06:04:59 palmetto kernel[842]: [    5.580000] aspeed-smc 1e620000.fmc: CE1 window [ 0x22000000 - 0x26000000 ] 64MB
Jul 11 06:04:59 palmetto kernel[842]: [    5.580000] 5 ofpart partitions found on MTD device bmc
Jul 11 06:04:59 palmetto kernel[842]: [    5.580000] Creating 5 MTD partitions on "bmc":
Jul 11 06:04:59 palmetto kernel[842]: [    5.580000] 0x000000000000-0x000000060000 : "u-boot"
Jul 11 06:04:59 palmetto kernel[842]: [    5.580000] 0x000000060000-0x000000080000 : "u-boot-env"
Jul 11 06:04:59 palmetto kernel[842]: [    5.580000] 0x000000080000-0x0000004c0000 : "kernel"
Jul 11 06:04:59 palmetto kernel[842]: [    5.580000] 0x0000004c0000-0x000001c00000 : "rofs"
Jul 11 06:04:59 palmetto kernel[842]: [    5.580000] 0x000001c00000-0x000002000000 : "rwfs"
Jul 11 06:04:59 palmetto kernel[842]: [    5.580000] aspeed-smc 1e630000.spi: Error applying setting, reverse things back
Jul 11 06:04:59 palmetto kernel[842]: [    5.580000] aspeed-smc 1e630000.spi: mx25l25635e (32768 Kbytes)
Jul 11 06:04:59 palmetto kernel[842]: [    6.580000] libphy: Fixed MDIO Bus: probed
Jul 11 06:04:59 palmetto kernel[842]: [    6.580000] ftgmac100 1e660000.ethernet: Read MAC address a0:42:3f:25:16:fe from chip
Jul 11 06:04:59 palmetto kernel[842]: [    6.580000] ftgmac100 1e660000.ethernet: Using NCSI interface
Jul 11 06:04:59 palmetto kernel[842]: [    6.580000] ftgmac100 1e660000.ethernet eth0: irq 20, mapped at f0060000
Jul 11 06:04:59 palmetto kernel[842]: [    6.870000]  fsi0: can't read slave 00:00 -5
Jul 11 06:04:59 palmetto kernel[842]: [    6.870000] i2c /dev entries driver
Jul 11 06:04:59 palmetto kernel[842]: [    6.870000] at24 0-0050: 32768 byte 24c256 EEPROM, writable, 64 bytes/write
Jul 11 06:04:59 palmetto kernel[842]: [    6.920000] rtc-ds1307 0-0068: rtc core: registered ds3231 as rtc0
Jul 11 06:04:59 palmetto kernel[842]: [    6.930000] aspeed-i2c-bus 1e78a040.i2c-bus: i2c bus 0 registered, irq 24
Jul 11 06:04:59 palmetto kernel[842]: [    6.940000] aspeed-i2c-bus 1e78a080.i2c-bus: i2c bus 1 registered, irq 25
Jul 11 06:04:59 palmetto kernel[842]: [    6.940000] aspeed-i2c-bus 1e78a0c0.i2c-bus: i2c bus 2 registered, irq 26
Jul 11 06:04:59 palmetto kernel[842]: [    6.960000] aspeed-i2c-bus 1e78a100.i2c-bus: i2c bus 3 registered, irq 27
Jul 11 06:04:59 palmetto kernel[842]: [    6.960000] aspeed-i2c-bus 1e78a140.i2c-bus: i2c bus 4 registered, irq 28
Jul 11 06:04:59 palmetto kernel[842]: [    6.980000] aspeed-i2c-bus 1e78a180.i2c-bus: i2c bus 5 registered, irq 29
Jul 11 06:04:59 palmetto kernel[842]: [    6.980000] aspeed-i2c-bus 1e78a1c0.i2c-bus: i2c bus 6 registered, irq 30
Jul 11 06:04:59 palmetto kernel[842]: [    6.980000] aspeed-i2c-bus 1e78a300.i2c-bus: i2c bus 7 registered, irq 31
Jul 11 06:04:59 palmetto kernel[842]: [    7.010000] Driver for 1-wire Dallas network protocol.
Jul 11 06:04:59 palmetto kernel[842]: [    7.040000] ip_tables: (C) 2000-2006 Netfilter Core Team
Jul 11 06:04:59 palmetto kernel[842]: [    7.040000] NET: Registered protocol family 10
Jul 11 06:04:59 palmetto kernel[842]: [    7.060000] Segment Routing with IPv6
Jul 11 06:04:59 palmetto kernel[842]: [    7.060000] NET: Registered protocol family 17
Jul 11 06:04:59 palmetto kernel[842]: [    7.060000] 8021q: 802.1Q VLAN Support v1.8
Jul 11 06:04:59 palmetto kernel[842]: [    7.060000] rtc-ds1307 0-0068: setting system clock to 2017-07-11 06:04:19 UTC (1499753059)
Jul 11 06:04:59 palmetto kernel[842]: [    7.060000] Freeing unused kernel memory: 1024K
Jul 11 06:04:59 palmetto kernel[842]: [    8.230000] jffs2: notice: (442) jffs2_build_xattr_subsystem: complete building xattr subsystem, 0 of xdatum (0 unchecked, 0 orphan) and 0 of xref (0 dead, 0 orphan) found.
Jul 11 06:04:59 palmetto kernel[842]: [   13.780000] random: systemd: uninitialized urandom read (16 bytes read)
Jul 11 06:04:59 palmetto kernel[842]: [   13.780000] systemd[1]: systemd 232 running in system mode. (+PAM -AUDIT -SELINUX -IMA -APPARMOR -SMACK +SYSVINIT -UTMP -LIBCRYPTSETUP -GCRYPT -GNUTLS +ACL +XZ -LZ4 -SECCOMP +BLKID -ELFUTILS +KMOD -IDN)
Jul 11 06:04:59 palmetto kernel[842]: [   13.780000] systemd[1]: Detected architecture arm.
Jul 11 06:04:59 palmetto kernel[842]: [   14.040000] systemd[1]: Set hostname to <palmetto>.
Jul 11 06:04:59 palmetto kernel[842]: [   14.580000] random: systemd: uninitialized urandom read (16 bytes read)
Jul 11 06:04:59 palmetto kernel[842]: [   14.860000] random: systemd-sysv-ge: uninitialized urandom read (16 bytes read)
Jul 11 06:04:59 palmetto kernel[842]: [   15.720000] random: systemd: uninitialized urandom read (16 bytes read)
Jul 11 06:04:59 palmetto kernel[842]: [   15.720000] random: systemd: uninitialized urandom read (16 bytes read)
Jul 11 06:04:59 palmetto kernel[842]: [   15.720000] random: systemd: uninitialized urandom read (16 bytes read)
Jul 11 06:04:59 palmetto kernel[842]: [   15.720000] random: systemd: uninitialized urandom read (16 bytes read)
Jul 11 06:04:59 palmetto kernel[842]: [   15.720000] random: systemd: uninitialized urandom read (16 bytes read)
Jul 11 06:04:59 palmetto kernel[842]: [   15.720000] random: systemd: uninitialized urandom read (16 bytes read)
Jul 11 06:04:59 palmetto kernel[842]: [   15.720000] random: systemd: uninitialized urandom read (16 bytes read)
Jul 11 06:04:59 palmetto kernel[842]: [   16.940000] systemd[1]: Reached target Remote File Systems.
Jul 11 06:04:59 palmetto kernel[842]: [   17.260000] systemd[1]: Started Dispatch Password Requests to Console Directory Watch.
Jul 11 06:04:59 palmetto kernel[842]: [   17.580000] systemd[1]: Listening on /dev/initctl Compatibility Named Pipe.
Jul 11 06:04:59 palmetto kernel[842]: [   17.910000] systemd[1]: Listening on Syslog Socket.
Jul 11 06:04:59 palmetto kernel[842]: [   18.240000] systemd[1]: Reached target Swap.
Jul 11 06:04:59 palmetto kernel[842]: [   18.580000] systemd[1]: Listening on Journal Socket (/dev/log).
Jul 11 06:04:59 palmetto kernel[842]: [   18.920000] systemd[1]: Listening on Journal Socket.
Jul 11 06:04:59 palmetto kernel[842]: [   19.270000] systemd[1]: Listening on udev Kernel Socket.
Jul 11 06:04:59 palmetto kernel[842]: [   19.620000] systemd[1]: Listening on Network Service Netlink Socket.
Jul 11 06:04:59 palmetto kernel[842]: [   19.980000] systemd[1]: Listening on udev Control Socket.
Jul 11 06:04:59 palmetto kernel[842]: [   20.340000] systemd[1]: Started Forward Password Requests to Wall Directory Watch.
Jul 11 06:04:59 palmetto kernel[842]: [   20.710000] systemd[1]: Reached target Paths.
Jul 11 06:04:59 palmetto kernel[842]: [   21.080000] systemd[1]: Created slice System Slice.
Jul 11 06:04:59 palmetto kernel[842]: [   21.460000] systemd[1]: Starting Journal Service...
Jul 11 06:04:59 palmetto kernel[842]: [   21.840000] systemd[1]: Starting udev Coldplug all Devices...
Jul 11 06:04:59 palmetto kernel[842]: [   22.230000] systemd[1]: Created slice system-op\x2dreset\x2dchassis\x2don.slice.
Jul 11 06:04:59 palmetto kernel[842]: [   23.950000] systemd[1]: Created slice system-org.openbmc.control.Chassis.slice.
Jul 11 06:04:59 palmetto kernel[842]: [   23.950000] systemd[1]: Created slice system-org.openbmc.control.Power.slice.
Jul 11 06:05:14 palmetto systemd-networkd[818]: eth0: Configured
Jul 11 06:04:59 palmetto kernel[842]: [   23.950000] random: fast init done
Jul 11 06:05:14 palmetto systemd-timesyncd[774]: Network configuration changed, trying to establish connection.
Jul 11 06:04:59 palmetto kernel[842]: [   24.010000] systemd[1]: Mounting Temporary Directory...
Jul 11 06:04:59 palmetto kernel[842]: [   24.070000] systemd[1]: Created slice system-obmc\x2dconsole.slice.
Jul 11 06:04:59 palmetto kernel[842]: [   24.140000] systemd[1]: Created slice system-org.openbmc.control.Host.slice.
Jul 11 06:04:59 palmetto kernel[842]: [   24.210000] systemd[1]: Created slice system-mapper\x2dwait.slice.
Jul 11 06:04:59 palmetto kernel[842]: [   24.290000] systemd[1]: Created slice system-phosphor\x2dreset\x2dhost\x2dcheck.slice.
Jul 11 06:04:59 palmetto kernel[842]: [   24.370000] systemd[1]: Mounted Debug File System.
Jul 11 06:04:59 palmetto kernel[842]: [   24.460000] systemd[1]: Mounted Temporary Directory.
Jul 11 06:04:59 palmetto kernel[842]: [   24.550000] systemd[1]: Started Journal Service.
Jul 11 06:04:59 palmetto kernel[842]: [   25.900000] systemd-journald[462]: Received request to flush runtime journal from PID 1
Jul 11 06:05:02 palmetto avahi-daemon[833]: Found user 'avahi' (UID 998) and group 'avahi' (GID 999).
Jul 11 06:05:02 palmetto avahi-daemon[833]: Successfully dropped root privileges.
Jul 11 06:05:02 palmetto avahi-daemon[833]: avahi-daemon 0.6.32 starting up.
Jul 11 06:05:02 palmetto avahi-daemon[833]: Successfully called chroot().
Jul 11 06:05:02 palmetto avahi-daemon[833]: Successfully dropped remaining capabilities.
Jul 11 06:05:02 palmetto avahi-daemon[833]: Loading service file /services/obmc_console.service.
Jul 11 06:05:02 palmetto avahi-daemon[833]: Loading service file /services/phosphor_rest.service.
Jul 11 06:05:02 palmetto avahi-daemon[833]: Loading service file /services/sftp-ssh.service.
Jul 11 06:05:02 palmetto avahi-daemon[833]: Loading service file /services/sftp.service.
Jul 11 06:05:02 palmetto avahi-daemon[833]: Loading service file /services/ssh.service.
Jul 11 06:05:02 palmetto avahi-daemon[833]: Joining mDNS multicast group on interface eth0.IPv6 with address fe80::a242:3fff:fe25:16fe.
Jul 11 06:05:02 palmetto avahi-daemon[833]: New relevant interface eth0.IPv6 for mDNS.
Jul 11 06:05:02 palmetto avahi-daemon[833]: Joining mDNS multicast group on interface eth0.IPv4 with address 9.3.164.147.
Jul 11 06:05:02 palmetto avahi-daemon[833]: New relevant interface eth0.IPv4 for mDNS.
Jul 11 06:05:02 palmetto avahi-daemon[833]: Network interface enumeration completed.
Jul 11 06:05:02 palmetto avahi-daemon[833]: Registering new address record for fe80::a242:3fff:fe25:16fe on eth0.*.
Jul 11 06:05:02 palmetto avahi-daemon[833]: Registering new address record for 9.3.164.147 on eth0.IPv4.
Jul 11 06:05:03 palmetto avahi-daemon[833]: Server startup complete. Host name is palmetto.local. Local service cookie is 2060110197.
Jul 11 06:05:04 palmetto kernel[842]: [   51.810000] ftgmac100 1e660000.ethernet eth0: NCSI interface up
Jul 11 06:05:05 palmetto avahi-daemon[833]: Service "palmetto" (/services/ssh.service) successfully established.
Jul 11 06:05:05 palmetto avahi-daemon[833]: Service "sftp" (/services/sftp.service) successfully established.
Jul 11 06:05:05 palmetto avahi-daemon[833]: Service "palmetto" (/services/sftp-ssh.service) successfully established.
Jul 11 06:05:05 palmetto avahi-daemon[833]: Service "phosphor_rest" (/services/phosphor_rest.service) successfully established.
Jul 11 06:05:05 palmetto avahi-daemon[833]: Service "obmc_console" (/services/obmc_console.service) successfully established.
Jul 11 06:05:11 palmetto dropbear[863]: Failed loading /etc/dropbear/dropbear_dss_host_key
Jul 11 06:05:11 palmetto dropbear[863]: Failed loading /etc/dropbear/dropbear_ecdsa_host_key
Jul 11 06:05:11 palmetto dropbear[863]: Child connection from ::ffff:9.41.165.94:40992
Jul 11 06:05:20 palmetto dropbear[863]: PAM password auth succeeded for 'root' from ::ffff:9.41.165.94:40992
Jul 11 06:05:20 palmetto dropbear[864]: lastlog_perform_login: Couldn't stat /var/log/lastlog: No such file or directory
Jul 11 06:05:20 palmetto dropbear[864]: lastlog_openseek: /var/log/lastlog is not a file or directory!
Jul 11 06:05:31 palmetto chassis_control.py[826]: Running ChassisControlService
Jul 11 06:05:31 palmetto systemd[1]: Started Phosphor Chassis0 Control.
Jul 11 06:05:31 palmetto systemd[1]: Started Phosphor Download Manager.
Jul 11 06:05:31 palmetto download_manager.py[821]: Running Download Manager
Jul 11 06:05:33 palmetto phosphor-mapper[828]: ObjectMapper startup complete.  Discovery in progress...
Jul 11 06:05:34 palmetto sensor_manager2.py[830]: Deleting OCC device
Jul 11 06:05:34 palmetto sensor_manager2.py[830]: sh: /sys/class/i2c-adapter/i2c-3/3-0050/online: Permission denied
Jul 11 06:05:34 palmetto sensor_manager2.py[830]: Setting boot count to 3
Jul 11 06:05:34 palmetto inventory_items.py[823]: Loading from cache: /var/cache/obmc/org.openbmc.inventory.system.chassis.motherboard.bmc@org.openbmc.InventoryItem.props
Jul 11 06:05:34 palmetto inventory_items.py[823]: Caching: /org/openbmc/inventory/system/chassis/motherboard/bmc
Jul 11 06:05:34 palmetto systemd[1]: Started Phosphor Inventory Manager.
Jul 11 06:05:34 palmetto inventory_items.py[823]: Running Inventory Manager
Jul 11 06:05:35 palmetto avahi-daemon[858]: ../../avahi-0.6.32/avahi-daemon/chroot.c: open() failed: No such file or directory
Jul 11 06:05:35 palmetto avahi-daemon[833]: Failed to open /usr/share/dbus-1/interfaces/org.freedesktop.Avahi.Server.xml: Invalid argument
Jul 11 06:05:35 palmetto avahi-daemon[833]: Failed to load introspection data.
Jul 11 06:05:36 palmetto systemd[1]: Started Phosphor Sensor Manager.
Jul 11 06:05:36 palmetto sensor_manager2.py[830]: Starting sensor manager
Jul 11 06:05:38 palmetto systemd[1]: Started Phosphor User Manager.
Jul 11 06:05:38 palmetto obmc-phosphor-userd[816]: Started
Jul 11 06:05:45 palmetto netman.py[843]: Started
Jul 11 06:05:45 palmetto systemd[1]: Started Phosphor Network Manager.
Jul 11 06:05:48 palmetto phosphor-mapper[828]: ObjectMapper discovery complete
Jul 11 06:05:48 palmetto systemd[1]: Started Phosphor DBus Service Discovery Manager.
Jul 11 06:05:48 palmetto systemd[1]: Reached target Phosphor Object Mapper.
Jul 11 06:05:48 palmetto systemd[1]: Starting Wait for /xyz/openbmc_project/led/groups...
Jul 11 06:05:48 palmetto systemd[1]: Reached target Webserver (pre).
Jul 11 06:05:49 palmetto systemd[1]: Started Phosphor Webserver.
Jul 11 06:05:49 palmetto systemd[1]: Starting Wait for /xyz/openbmc_project/control/host0...
Jul 11 06:05:49 palmetto systemd[1]: Starting Wait for /xyz/openbmc_project/state/host0...
Jul 11 06:05:49 palmetto systemd[1]: Starting Phoshpor System Manager...
Jul 11 06:05:49 palmetto systemd[1]: Starting Wait for /org/openbmc/managers/System...
Jul 11 06:05:49 palmetto systemd[1]: Started Phosphor DBus Monitor.
Jul 11 06:05:49 palmetto systemd[1]: Starting Wait for /org/openbmc/managers/Download...
Jul 11 06:05:49 palmetto systemd[1]: Starting Wait for /org/openbmc/NetworkManager/Interface...
Jul 11 06:05:49 palmetto systemd[1]: Starting Wait for /org/openbmc/control/bmc0...
Jul 11 06:05:49 palmetto systemd[1]: Starting Wait for /xyz/openbmc_project/state/chassis0...
Jul 11 06:05:49 palmetto systemd[1]: Starting Phosphor Settings Manager...
Jul 11 06:05:49 palmetto systemd[1]: Starting Wait for /xyz/openbmc_project/led/groups/bmc_booted...
Jul 11 06:05:49 palmetto systemd[1]: Starting Wait for /org/openbmc/control/power0...
Jul 11 06:05:49 palmetto systemd[1]: Starting Wait for /org/openbmc/sensors...
Jul 11 06:05:49 palmetto systemd[1]: Starting Wait for /org/openbmc/control/flash/bios...
Jul 11 06:05:56 palmetto systemd[1]: Started Wait for /xyz/openbmc_project/led/groups.
Jul 11 06:05:56 palmetto systemd[1]: Started Wait for /org/openbmc/managers/Download.
Jul 11 06:05:56 palmetto systemd[1]: Started Wait for /org/openbmc/NetworkManager/Interface.
Jul 11 06:05:56 palmetto systemd[1]: Started Wait for /org/openbmc/control/bmc0.
Jul 11 06:05:56 palmetto systemd[1]: Started Wait for /xyz/openbmc_project/led/groups/bmc_booted.
Jul 11 06:05:56 palmetto systemd[1]: Started Wait for /org/openbmc/sensors.
Jul 11 06:05:56 palmetto systemd[1]: Started Phosphor Hwmon Poller.
Jul 11 06:05:56 palmetto systemd[1]: Starting Assert bmc_booted LED...
Jul 11 06:05:56 palmetto systemd[1]: Started Phosphor DNS Settings Cache Manager.
Jul 11 06:05:56 palmetto systemd[1]: Starting Phosphor BMC Code Update...
Jul 11 06:05:56 palmetto systemd[1]: Starting Phosphor BIOS Code Update...
Jul 11 06:05:56 palmetto systemd[1]: Started FRU Fault monitor service.
Jul 11 06:05:58 palmetto phosphor-ledmanager[838]: Asserting LEDs
Jul 11 06:05:58 palmetto systemd[1]: Started Assert bmc_booted LED.
Jul 11 06:05:58 palmetto systemd[1]: Started Phosphor BIOS Code Update.
Jul 11 06:06:01 palmetto systemd[1]: Started Wait for /org/openbmc/control/flash/bios.
Jul 11 06:06:01 palmetto systemd[1]: Started Initialize BIOS Flash.
Jul 11 06:06:04 palmetto system_manager.py[875]: Running System State: BASE_APPS
Jul 11 06:06:04 palmetto settings_manager.py[882]: Running HostSettingsService
Jul 11 06:06:04 palmetto systemd[1]: Started Phosphor Settings Manager.
Jul 11 06:06:04 palmetto systemd[1]: Starting Wait for /org/openbmc/settings/host0...
Jul 11 06:06:04 palmetto system_manager.py[875]: SystemManager Init Done
Jul 11 06:06:05 palmetto system_manager.py[875]: Running SystemManager
Jul 11 06:06:05 palmetto systemd[1]: Started Phoshpor System Manager.
Jul 11 06:06:05 palmetto system_manager.py[875]: SystemManager Goto System State: BMC_STARTING
Jul 11 06:06:05 palmetto system_manager.py[875]: Running System State: BMC_STARTING
Jul 11 06:06:06 palmetto systemd[1]: Started Phosphor BMC Code Update.
Jul 11 06:06:06 palmetto bmc_update.py[890]: Running Bmc Flash Control
Jul 11 06:06:06 palmetto flash_bios.exe[891]: Starting flasher: bios,,/org/openbmc/control/flash/bios,
Jul 11 06:06:06 palmetto flash_bios.exe[891]: flasher: , BMC = 1, address = 0x0
Jul 11 06:06:06 palmetto flash_bios.exe[891]: Setting up flash
Jul 11 06:06:06 palmetto flash_bios.exe[891]: Starting flasher: bios,,/org/openbmc/control/flash/bios,
Jul 11 06:06:06 palmetto flash_bios.exe[891]: flasher: , BMC = 1, address = 0x0
Jul 11 06:06:06 palmetto flash_bios.exe[891]: Setting up flash
Jul 11 06:06:08 palmetto systemd[1]: Started Wait for /org/openbmc/settings/host0.
Jul 11 06:06:08 palmetto systemd[1]: Started Phosphor Inband IPMI.
Jul 11 06:06:09 palmetto systemd[1]: Started Wait for /org/openbmc/managers/System.
Jul 11 06:06:09 palmetto systemd[1]: Starting Phosphor BMC State Manager...
Jul 11 06:06:09 palmetto systemd[1]: Starting Phosphor Power0 Control...
Jul 11 06:06:09 palmetto systemd[1]: Starting Phosphor Chassis State Manager...
Jul 11 06:06:09 palmetto systemd[1]: Starting OpenPOWER Host0 Control...
Jul 11 06:06:10 palmetto system_manager.py[875]: New object: /org/openbmc/control/host0 (:1.51)
Jul 11 06:06:11 palmetto system_manager.py[875]: New object: /org/openbmc/control/power0 (:1.52)
Jul 11 06:06:11 palmetto system_manager.py[875]: Power GPIO config: ['PGOOD', '', [('POWER_PIN', False)], [('USB_RESET', False)], [], 'FSI_DATA', 'FSI_CLK', 'FSI_ENABLE', 'CRONUS_SEL', [('BMC_THROTTLE', True), ('IDBTN', False)]]
Jul 11 06:06:11 palmetto system_manager.py[875]: Power GPIO config: ['PGOOD', '', [('POWER_PIN', False)], [('USB_RESET', False)], [], 'FSI_DATA', 'FSI_CLK', 'FSI_ENABLE', 'CRONUS_SEL', [('BMC_THROTTLE', True), ('IDBTN', False)]]
Jul 11 06:06:11 palmetto control_host.exe[922]: Power GPIO latch output:
Jul 11 06:06:11 palmetto control_host.exe[922]: Power GPIO power good input: PGOOD
Jul 11 06:06:11 palmetto control_host.exe[922]: Power GPIO 1 power_up outputs
Jul 11 06:06:11 palmetto control_host.exe[922]: Power GPIO power_up[0] = POWER_PIN active LOW
Jul 11 06:06:11 palmetto control_host.exe[922]: Power GPIO 1 reset outputs
Jul 11 06:06:11 palmetto control_host.exe[922]: Power GPIO reset[0] = USB_RESET active LOW
Jul 11 06:06:11 palmetto control_host.exe[922]: Power GPIO 0 pci reset outputs
Jul 11 06:06:11 palmetto control_host.exe[922]: FSI DATA GPIO: FSI_DATA
Jul 11 06:06:11 palmetto control_host.exe[922]: FSI CLK GPIO: FSI_CLK
Jul 11 06:06:11 palmetto control_host.exe[922]: FSI ENABLE GPIO: FSI_ENABLE
Jul 11 06:06:11 palmetto control_host.exe[922]: CRONUS SEL GPIO: CRONUS_SEL
Jul 11 06:06:11 palmetto control_host.exe[922]: Hostctl GPIO optionals: 2
Jul 11 06:06:11 palmetto control_host.exe[922]: Hostctl optional GPIO[0] = BMC_THROTTLE active HIGH
Jul 11 06:06:11 palmetto control_host.exe[922]: Hostctl optional GPIO[1] = IDBTN active LOW
Jul 11 06:06:11 palmetto control_host.exe[922]: GPIO Lookup:  FSI_DATA = 297,out
Jul 11 06:06:11 palmetto control_host.exe[922]: GPIO Lookup:  FSI_CLK = 296,out
Jul 11 06:06:11 palmetto power_control.exe[920]: Power GPIO latch output:
Jul 11 06:06:11 palmetto power_control.exe[920]: Power GPIO power good input: PGOOD
Jul 11 06:06:11 palmetto power_control.exe[920]: Power GPIO 1 power_up outputs
Jul 11 06:06:11 palmetto power_control.exe[920]: Power GPIO power_up[0] = POWER_PIN active LOW
Jul 11 06:06:11 palmetto power_control.exe[920]: Power GPIO 1 reset outputs
Jul 11 06:06:11 palmetto power_control.exe[920]: Power GPIO reset[0] = USB_RESET active LOW
Jul 11 06:06:11 palmetto power_control.exe[920]: Power GPIO 0 pci reset outputs
Jul 11 06:06:11 palmetto power_control.exe[920]: FSI DATA GPIO: FSI_DATA
Jul 11 06:06:11 palmetto power_control.exe[920]: FSI CLK GPIO: FSI_CLK
Jul 11 06:06:11 palmetto power_control.exe[920]: FSI ENABLE GPIO: FSI_ENABLE
Jul 11 06:06:11 palmetto power_control.exe[920]: CRONUS SEL GPIO: CRONUS_SEL
Jul 11 06:06:11 palmetto power_control.exe[920]: Hostctl GPIO optionals: 2
Jul 11 06:06:11 palmetto power_control.exe[920]: Hostctl optional GPIO[0] = BMC_THROTTLE active HIGH
Jul 11 06:06:11 palmetto power_control.exe[920]: Hostctl optional GPIO[1] = IDBTN active LOW
Jul 11 06:06:11 palmetto power_control.exe[920]: GPIO Lookup:  PGOOD = 315,in
Jul 11 06:06:12 palmetto power_control.exe[920]: GPIO Lookup:  POWER_PIN = 325,out
Jul 11 06:06:12 palmetto power_control.exe[920]: GPIO Lookup:  USB_RESET = 306,out
Jul 11 06:06:12 palmetto power_control.exe[920]: Pgood state: 0
Jul 11 06:06:12 palmetto control_host.exe[922]: GPIO Lookup:  FSI_ENABLE = 316,out
Jul 11 06:06:12 palmetto control_host.exe[922]: GPIO Lookup:  CRONUS_SEL = 298,out
Jul 11 06:06:12 palmetto control_host.exe[922]: GPIO Lookup:  BMC_THROTTLE = 367,out
Jul 11 06:06:12 palmetto control_host.exe[922]: GPIO Lookup:  IDBTN = 427,out
Jul 11 06:06:12 palmetto systemd[1]: Starting Phosphor Host State Manager...
Jul 11 06:06:12 palmetto systemd[1]: Starting Phosphor Power Button0...
Jul 11 06:06:13 palmetto systemd[1]: Started Phosphor Power0 Control.
Jul 11 06:06:13 palmetto systemd[1]: Started OpenPOWER Host0 Control.
Jul 11 06:06:13 palmetto phosphor-bmc-state-manager[919]: Setting the BMCState field
Jul 11 06:06:13 palmetto phosphor-bmc-state-manager[919]: Setting the BMCState field
Jul 11 06:06:13 palmetto phosphor-chassis-state-manager[921]: Initial Chassis State will be Off
Jul 11 06:06:13 palmetto systemd[1]: Started Phosphor Chassis State Manager.
Jul 11 06:06:13 palmetto systemd[1]: Started Phosphor BMC State Manager.
Jul 11 06:06:13 palmetto phosphor-host-state-manager[939]: Initial Host State will be Off
Jul 11 06:06:13 palmetto systemd[1]: Started Phosphor Host State Manager.
Jul 11 06:06:14 palmetto button_power.exe[940]: GPIO Lookup:  POWER_BUTTON = 324,both
Jul 11 06:06:14 palmetto systemd[1]: Started Phosphor Power Button0.
Jul 11 06:06:20 palmetto systemd[1]: Started Wait for /xyz/openbmc_project/control/host0.
Jul 11 06:06:22 palmetto hwmon.py[887]: HWMON add: /org/openbmc/sensors/temperature/rtc : /sys/class/hwmon/hwmon0/temp1_input
Jul 11 06:06:22 palmetto sensor_manager2.py[830]: Register: HwmonSensor : /org/openbmc/sensors/temperature/rtc
Jul 11 06:06:23 palmetto systemd[1]: Started Wait for /org/openbmc/control/power0.
Jul 11 06:06:23 palmetto systemd[1]: Starting Phosphor Time Manager daemon...
Jul 11 06:06:23 palmetto systemd[1]: Starting Check Chassis0 pgood and create a file to indicate it...
Jul 11 06:06:23 palmetto systemd[1]: Started Wait for /xyz/openbmc_project/state/chassis0.
Jul 11 06:06:23 palmetto systemd[1]: Started Wait for /xyz/openbmc_project/state/host0.
Jul 11 06:06:23 palmetto systemd[1]: Starting Reboot If Enabled...
Jul 11 06:06:23 palmetto hwmon.py[887]: Setting: units = C
Jul 11 06:06:23 palmetto hwmon.py[887]: Setting: scale = -3
Jul 11 06:06:23 palmetto hwmon.py[887]: HWMON add: /org/openbmc/sensors/temperature/ambient : /sys/class/hwmon/hwmon1/temp1_input
Jul 11 06:06:24 palmetto sensor_manager2.py[830]: Register: HwmonSensor : /org/openbmc/sensors/temperature/ambient
Jul 11 06:06:24 palmetto hwmon.py[887]: Setting: units = C
Jul 11 06:06:24 palmetto hwmon.py[887]: Setting: scale = -3
Jul 11 06:06:24 palmetto hwmon.py[887]: Starting HWMON sensors
Jul 11 06:06:24 palmetto timemanager[947]: Registering dbus methods
Jul 11 06:06:24 palmetto timemanager[947]: Last known time_mode: NTP
Jul 11 06:06:24 palmetto timemanager[947]: Last known time_owner: BMC
Jul 11 06:06:24 palmetto timemanager[947]: Empty DhcpNtp string
Jul 11 06:06:24 palmetto timemanager[947]: Reading Power Control key: pgood
Jul 11 06:06:25 palmetto systemd[1]: Started Check Chassis0 pgood and create a file to indicate it.
Jul 11 06:06:25 palmetto systemd[1]: Reached target Chassis0 power on after reset.
Jul 11 06:06:25 palmetto systemd[1]: Reached target Chassis0 (Reset Check).
Jul 11 06:06:25 palmetto systemd[1]: Reached target Host0 running after reset.
Jul 11 06:06:25 palmetto systemd[1]: Reached target Host0 (Reset Check).
Jul 11 06:06:25 palmetto phosphor-discover-system-state[951]: Host power is off, checking power policy
Jul 11 06:06:25 palmetto timemanager[947]: Changing settings *allowed* now
Jul 11 06:06:25 palmetto timemanager[947]: Getting System Settings: time_mode
Jul 11 06:06:25 palmetto timemanager[947]: Requested_Mode: NTP Current_Mode: NTP
Jul 11 06:06:25 palmetto timemanager[947]: Mode is already set to : NTP
Jul 11 06:06:25 palmetto timemanager[947]: Getting System Settings: time_owner
Jul 11 06:06:25 palmetto timemanager[947]: Owner is already set to : BMC
Jul 11 06:06:25 palmetto timemanager[947]: Getting System Settings: use_dhcp_ntp
Jul 11 06:06:25 palmetto timemanager[947]: use_dhcp_ntp = yes
Jul 11 06:06:25 palmetto timemanager[947]: Last known host_offset:0
Jul 11 06:06:25 palmetto timemanager[947]: Initial Uptime Usec: 1499753052410741
Jul 11 06:06:25 palmetto systemd[1]: Started Phosphor Time Manager daemon.
Jul 11 06:06:26 palmetto systemd[1]: Started Reboot If Enabled.
Jul 11 06:06:26 palmetto systemd[1]: Reached target Phosphor System - Standby.
Jul 11 06:06:26 palmetto systemd[1]: Startup finished in 13.248s (kernel) + 2min 583ms (userspace) = 2min 13.831s.
Jul 11 06:06:26 palmetto phosphor-bmc-state-manager[919]: BMC_READY
Jul 11 06:06:26 palmetto phosphor-bmc-state-manager[919]: Setting the BMCState field
Jul 11 06:06:37 palmetto phosphor-gevent[872]: Traceback (most recent call last):
Jul 11 06:06:37 palmetto phosphor-gevent[872]:   File "/usr/lib/python2.7/site-packages/gevent/greenlet.py", line 327, in run
Jul 11 06:06:37 palmetto phosphor-gevent[872]:     result = self._run(*self.args, **self.kwargs)
Jul 11 06:06:37 palmetto phosphor-gevent[872]:   File "/usr/lib/python2.7/site-packages/gevent/server.py", line 102, in wrap_socket_and_handle
Jul 11 06:06:37 palmetto phosphor-gevent[872]:     ssl_socket = self.wrap_socket(client_socket, **self.ssl_args)
Jul 11 06:06:37 palmetto phosphor-gevent[872]:   File "/usr/lib/python2.7/site-packages/gevent/ssl.py", line 404, in wrap_socket
Jul 11 06:06:37 palmetto phosphor-gevent[872]:     ciphers=ciphers)
Jul 11 06:06:37 palmetto phosphor-gevent[872]:   File "/usr/lib/python2.7/site-packages/gevent/ssl.py", line 113, in __init__
Jul 11 06:06:37 palmetto phosphor-gevent[872]:     self.do_handshake()
Jul 11 06:06:37 palmetto phosphor-gevent[872]:   File "/usr/lib/python2.7/site-packages/gevent/ssl.py", line 324, in do_handshake
Jul 11 06:06:37 palmetto phosphor-gevent[872]:     return self._sslobj.do_handshake()
Jul 11 06:06:37 palmetto phosphor-gevent[872]: SSLEOFError: EOF occurred in violation of protocol (_ssl.c:590)
Jul 11 06:06:37 palmetto phosphor-gevent[872]: <Greenlet at 0x75fc33a0: <bound method WSGIServer.wrap_socket_and_handle of <WSGIServer at 0x75f9ab30 fileno=5 address=('::146b:eb76:b0ed:6076%1986063776', 443, 0, 1986063776)>>(<socket at 0x75e6f810 fileno=9>, ('::60f9:5e76:8e91:f402%1995068412', 59328, 0, 199)> failed with SSLEOFError
Jul 11 06:06:37 palmetto phosphor-gevent[872]: Traceback (most recent call last):
Jul 11 06:06:37 palmetto phosphor-gevent[872]:   File "/usr/lib/python2.7/site-packages/gevent/greenlet.py", line 327, in run
Jul 11 06:06:37 palmetto phosphor-gevent[872]:     result = self._run(*self.args, **self.kwargs)
Jul 11 06:06:37 palmetto phosphor-gevent[872]:   File "/usr/lib/python2.7/site-packages/gevent/server.py", line 102, in wrap_socket_and_handle
Jul 11 06:06:37 palmetto phosphor-gevent[872]:     ssl_socket = self.wrap_socket(client_socket, **self.ssl_args)
Jul 11 06:06:37 palmetto phosphor-gevent[872]:   File "/usr/lib/python2.7/site-packages/gevent/ssl.py", line 404, in wrap_socket
Jul 11 06:06:37 palmetto phosphor-gevent[872]:     ciphers=ciphers)
Jul 11 06:06:37 palmetto phosphor-gevent[872]:   File "/usr/lib/python2.7/site-packages/gevent/ssl.py", line 113, in __init__
Jul 11 06:06:37 palmetto phosphor-gevent[872]:     self.do_handshake()
Jul 11 06:06:37 palmetto phosphor-gevent[872]:   File "/usr/lib/python2.7/site-packages/gevent/ssl.py", line 324, in do_handshake
Jul 11 06:06:37 palmetto phosphor-gevent[872]:     return self._sslobj.do_handshake()
Jul 11 06:06:37 palmetto phosphor-gevent[872]: SSLEOFError: EOF occurred in violation of protocol (_ssl.c:590)
Jul 11 06:06:37 palmetto phosphor-gevent[872]: <Greenlet at 0x75fc3670: <bound method WSGIServer.wrap_socket_and_handle of <WSGIServer at 0x75f9ab30 fileno=5 address=('::146b:eb76:b0ed:6076%1986063776', 443, 0, 1986063776)>>(<socket at 0x75e6f7b0 fileno=10>, ('::60f9:5e76:8e91:f402%1995068412', 59330, 0, 199)> failed with SSLEOFError
Jul 11 06:06:38 palmetto phosphor-gevent[872]: Traceback (most recent call last):
Jul 11 06:06:38 palmetto phosphor-gevent[872]:   File "/usr/lib/python2.7/site-packages/gevent/greenlet.py", line 327, in run
Jul 11 06:06:38 palmetto phosphor-gevent[872]:     result = self._run(*self.args, **self.kwargs)
Jul 11 06:06:38 palmetto phosphor-gevent[872]:   File "/usr/lib/python2.7/site-packages/gevent/server.py", line 102, in wrap_socket_and_handle
Jul 11 06:06:38 palmetto phosphor-gevent[872]:     ssl_socket = self.wrap_socket(client_socket, **self.ssl_args)
Jul 11 06:06:38 palmetto phosphor-gevent[872]:   File "/usr/lib/python2.7/site-packages/gevent/ssl.py", line 404, in wrap_socket
Jul 11 06:06:38 palmetto phosphor-gevent[872]:     ciphers=ciphers)
Jul 11 06:06:38 palmetto phosphor-gevent[872]:   File "/usr/lib/python2.7/site-packages/gevent/ssl.py", line 113, in __init__
Jul 11 06:06:38 palmetto phosphor-gevent[872]:     self.do_handshake()
Jul 11 06:06:38 palmetto phosphor-gevent[872]:   File "/usr/lib/python2.7/site-packages/gevent/ssl.py", line 324, in do_handshake
Jul 11 06:06:38 palmetto phosphor-gevent[872]:     return self._sslobj.do_handshake()
Jul 11 06:06:38 palmetto phosphor-gevent[872]: SSLEOFError: EOF occurred in violation of protocol (_ssl.c:590)
Jul 11 06:06:38 palmetto phosphor-gevent[872]: <Greenlet at 0x75fc3350: <bound method WSGIServer.wrap_socket_and_handle of <WSGIServer at 0x75f9ab30 fileno=5 address=('::146b:eb76:b0ed:6076%1986063776', 443, 0, 1986063776)>>(<socket at 0x75e6f850 fileno=11>, ('::60f9:5e76:8e91:f402%1995068412', 59332, 0, 199)> failed with SSLEOFError
Jul 11 06:06:38 palmetto phosphor-gevent[872]: ::60f9:5e76:8e91:f402%1995068412 - - [2017-07-11 06:06:38] "POST /login HTTP/1.1" 200 320 0.057549
Jul 11 06:06:38 palmetto phosphor-gevent[872]: ::60f9:5e76:8e91:f402%1995068412 - - [2017-07-11 06:06:38] "GET /xyz/openbmc_project/state/chassis0//attr/CurrentPowerState HTTP/1.1" 200 216 0.074525
Jul 11 06:06:39 palmetto phosphor-gevent[872]: ::60f9:5e76:8e91:f402%1995068412 - - [2017-07-11 06:06:39] "POST /login HTTP/1.1" 200 320 0.043571
Jul 11 06:06:39 palmetto phosphor-gevent[872]: ::60f9:5e76:8e91:f402%1995068412 - - [2017-07-11 06:06:39] "GET /xyz/openbmc_project/state/chassis0//attr/CurrentPowerState HTTP/1.1" 200 216 0.062980
Jul 11 06:06:39 palmetto phosphor-gevent[872]: ::60f9:5e76:8e91:f402%1995068412 - - [2017-07-11 06:06:39] "POST /login HTTP/1.1" 200 320 0.041893
Jul 11 06:06:39 palmetto phosphor-gevent[872]: ::60f9:5e76:8e91:f402%1995068412 - - [2017-07-11 06:06:39] "GET /org/openbmc/sensors/host/BootProgress/attr/value HTTP/1.1" 200 170 0.065610
Jul 11 06:06:40 palmetto phosphor-gevent[872]: ::60f9:5e76:8e91:f402%1995068412 - - [2017-07-11 06:06:40] "POST /login HTTP/1.1" 200 320 0.042058
Jul 11 06:06:40 palmetto phosphor-gevent[872]: ::60f9:5e76:8e91:f402%1995068412 - - [2017-07-11 06:06:40] "GET /xyz/openbmc_project/state/host0//attr/CurrentHostState HTTP/1.1" 200 212 0.061592
Jul 11 06:06:40 palmetto phosphor-gevent[872]: ::60f9:5e76:8e91:f402%1995068412 - - [2017-07-11 06:06:40] "POST /login HTTP/1.1" 200 320 0.057227
Jul 11 06:06:40 palmetto phosphor-gevent[872]: ::60f9:5e76:8e91:f402%1995068412 - - [2017-07-11 06:06:40] "GET /xyz/openbmc_project/logging/entry//list HTTP/1.1" 404 311 0.037697
Jul 11 06:06:40 palmetto dropbear[863]: Exit (root): Exited normally
Jul 11 06:06:40 palmetto systemd[1]: Started SSH Per-Connection Server (9.41.165.94:41010).
Jul 11 06:06:40 palmetto dropbear[968]: Failed loading /etc/dropbear/dropbear_dss_host_key
Jul 11 06:06:40 palmetto dropbear[968]: Failed loading /etc/dropbear/dropbear_ecdsa_host_key
Jul 11 06:06:40 palmetto dropbear[968]: Child connection from ::ffff:9.41.165.94:41010
Jul 11 06:06:42 palmetto dropbear[968]: PAM password auth succeeded for 'root' from ::ffff:9.41.165.94:41010
Jul 11 06:06:42 palmetto dropbear[969]: lastlog_perform_login: Couldn't stat /var/log/lastlog: No such file or directory
Jul 11 06:06:42 palmetto dropbear[969]: lastlog_openseek: /var/log/lastlog is not a file or directory!
Jul 11 06:06:43 palmetto phosphor-gevent[872]: ::60f9:5e76:8e91:f402%1995068412 - - [2017-07-11 06:06:43] "POST /login HTTP/1.1" 200 320 0.042731
Jul 11 06:06:43 palmetto phosphor-gevent[872]: ::60f9:5e76:8e91:f402%1995068412 - - [2017-07-11 06:06:43] "GET /xyz/openbmc_project/state/host0//attr/CurrentHostState HTTP/1.1" 200 212 0.061825
Jul 11 06:06:44 palmetto dropbear[968]: Exit (root): Exited normally
Jul 11 06:07:08 palmetto systemd[1]: Started SSH Per-Connection Server (9.41.165.94:41016).
Jul 11 06:07:08 palmetto dropbear[978]: Failed loading /etc/dropbear/dropbear_dss_host_key
Jul 11 06:07:08 palmetto dropbear[978]: Failed loading /etc/dropbear/dropbear_ecdsa_host_key
Jul 11 06:07:08 palmetto dropbear[978]: Child connection from ::ffff:9.41.165.94:41016
Jul 11 06:07:09 palmetto dropbear[978]: PAM password auth succeeded for 'root' from ::ffff:9.41.165.94:41016
Jul 11 06:07:09 palmetto dropbear[979]: lastlog_perform_login: Couldn't stat /var/log/lastlog: No such file or directory
Jul 11 06:07:09 palmetto dropbear[979]: lastlog_openseek: /var/log/lastlog is not a file or directory!
Jul 11 06:07:11 palmetto phosphor-gevent[872]: ::60f9:5e76:8e91:f402%1995068412 - - [2017-07-11 06:07:11] "POST /login HTTP/1.1" 200 320 0.042362
Jul 11 06:07:11 palmetto phosphor-gevent[872]: ::60f9:5e76:8e91:f402%1995068412 - - [2017-07-11 06:07:11] "PUT /org/openbmc/settings/host0/attr/power_policy HTTP/1.1" 200 169 0.219929
Jul 11 06:07:12 palmetto phosphor-gevent[872]: ::60f9:5e76:8e91:f402%1995068412 - - [2017-07-11 06:07:12] "POST /login HTTP/1.1" 200 320 0.057379
Jul 11 06:07:12 palmetto phosphor-gevent[872]: ::60f9:5e76:8e91:f402%1995068412 - - [2017-07-11 06:07:12] "GET /org/openbmc/settings/host0/attr/power_policy HTTP/1.1" 200 185 0.088217
Jul 11 06:07:12 palmetto systemd[1]: Started SSH Per-Connection Server (9.41.165.94:41022).
Jul 11 06:07:12 palmetto dropbear[985]: Failed loading /etc/dropbear/dropbear_dss_host_key
Jul 11 06:07:12 palmetto dropbear[985]: Failed loading /etc/dropbear/dropbear_ecdsa_host_key
Jul 11 06:07:12 palmetto dropbear[985]: Child connection from ::ffff:9.41.165.94:41022
Jul 11 06:07:13 palmetto kernel: random: crng init done
Jul 11 06:07:13 palmetto kernel[842]: [  180.850000] random: crng init done
Jul 11 06:07:13 palmetto dropbear[985]: PAM password auth succeeded for 'root' from ::ffff:9.41.165.94:41022
Jul 11 06:07:13 palmetto dropbear[986]: lastlog_perform_login: Couldn't stat /var/log/lastlog: No such file or directory
Jul 11 06:07:13 palmetto dropbear[986]: lastlog_openseek: /var/log/lastlog is not a file or directory!
Jul 11 06:07:15 palmetto phosphor-gevent[872]: ::60f9:5e76:8e91:f402%1995068412 - - [2017-07-11 06:07:15] "POST /login HTTP/1.1" 200 320 0.043513
Jul 11 06:07:15 palmetto phosphor-gevent[872]: ::60f9:5e76:8e91:f402%1995068412 - - [2017-07-11 06:07:15] "GET /xyz/openbmc_project/state/chassis0//attr/CurrentPowerState HTTP/1.1" 200 216 0.062468
Jul 11 06:07:15 palmetto phosphor-gevent[872]: ::60f9:5e76:8e91:f402%1995068412 - - [2017-07-11 06:07:15] "POST /login HTTP/1.1" 200 320 0.042621
Jul 11 06:07:15 palmetto phosphor-gevent[872]: ::60f9:5e76:8e91:f402%1995068412 - - [2017-07-11 06:07:15] "GET /xyz/openbmc_project/state/bmc0//attr/CurrentBMCState HTTP/1.1" 200 212 0.133157
Jul 11 06:07:16 palmetto phosphor-gevent[872]: ::60f9:5e76:8e91:f402%1995068412 - - [2017-07-11 06:07:16] "POST /login HTTP/1.1" 200 320 0.047535
Jul 11 06:07:16 palmetto phosphor-gevent[872]: ::60f9:5e76:8e91:f402%1995068412 - - [2017-07-11 06:07:16] "GET /org/openbmc/sensors/host/BootProgress/attr/value HTTP/1.1" 200 170 0.066093
Jul 11 06:07:16 palmetto phosphor-gevent[872]: ::60f9:5e76:8e91:f402%1995068412 - - [2017-07-11 06:07:16] "POST /login HTTP/1.1" 200 320 0.042895
Jul 11 06:07:16 palmetto phosphor-gevent[872]: ::60f9:5e76:8e91:f402%1995068412 - - [2017-07-11 06:07:16] "GET /xyz/openbmc_project/state/host0//attr/CurrentHostState HTTP/1.1" 200 212 0.063459
Jul 11 06:07:17 palmetto phosphor-gevent[872]: ::60f9:5e76:8e91:f402%1995068412 - - [2017-07-11 06:07:17] "POST /login HTTP/1.1" 200 320 0.043969
Jul 11 06:07:17 palmetto phosphor-gevent[872]: ::60f9:5e76:8e91:f402%1995068412 - - [2017-07-11 06:07:17] "GET /xyz/openbmc_project/logging/entry//list HTTP/1.1" 404 311 0.039815
Jul 11 06:07:17 palmetto systemd[1]: Started SSH Per-Connection Server (9.41.165.94:41034).
Jul 11 06:07:17 palmetto dropbear[989]: Failed loading /etc/dropbear/dropbear_dss_host_key
Jul 11 06:07:17 palmetto dropbear[989]: Failed loading /etc/dropbear/dropbear_ecdsa_host_key
Jul 11 06:07:17 palmetto dropbear[989]: Child connection from ::ffff:9.41.165.94:41034
Jul 11 06:07:18 palmetto dropbear[989]: PAM password auth succeeded for 'root' from ::ffff:9.41.165.94:41034
Jul 11 06:07:44 palmetto phosphor-gevent[872]: ::60f9:5e76:8e91:f402%1995068412 - - [2017-07-11 06:07:44] "POST /login HTTP/1.1" 200 320 0.050865
Jul 11 06:07:44 palmetto phosphor-gevent[872]: ::60f9:5e76:8e91:f402%1995068412 - - [2017-07-11 06:07:44] "POST /org/openbmc/control/flash/bios//action/update HTTP/1.1" 200 169 0.329448
Jul 11 06:07:44 palmetto flash_bios.exe[891]: Starting flasher: bios,/tmp/palmetto.pnor,/org/openbmc/control/flash/bios,
Jul 11 06:07:44 palmetto flash_bios.exe[891]: flasher: /tmp/palmetto.pnor, BMC = 1, address = 0x0
Jul 11 06:07:44 palmetto flash_bios.exe[891]: Setting up flash
Jul 11 06:07:45 palmetto phosphor-gevent[872]: ::60f9:5e76:8e91:f402%1995068412 - - [2017-07-11 06:07:45] "POST /login HTTP/1.1" 200 320 0.042315
Jul 11 06:07:45 palmetto phosphor-gevent[872]: ::60f9:5e76:8e91:f402%1995068412 - - [2017-07-11 06:07:45] "GET /org/openbmc/control/flash/bios HTTP/1.1" 200 383 0.098811
Jul 11 06:07:45 palmetto phosphor-gevent[872]: ::60f9:5e76:8e91:f402%1995068412 - - [2017-07-11 06:07:45] "POST /login HTTP/1.1" 200 320 0.041783
Jul 11 06:07:46 palmetto phosphor-gevent[872]: ::60f9:5e76:8e91:f402%1995068412 - - [2017-07-11 06:07:46] "GET /org/openbmc/control/flash/bios HTTP/1.1" 200 383 0.252969
Jul 11 06:07:57 palmetto phosphor-gevent[872]: ::60f9:5e76:8e91:f402%1995068412 - - [2017-07-11 06:07:57] "POST /login HTTP/1.1" 200 320 0.049618
Jul 11 06:07:57 palmetto phosphor-gevent[872]: ::60f9:5e76:8e91:f402%1995068412 - - [2017-07-11 06:07:57] "GET /org/openbmc/control/flash/bios HTTP/1.1" 200 383 0.464652
Jul 11 06:08:07 palmetto phosphor-gevent[872]: ::60f9:5e76:8e91:f402%1995068412 - - [2017-07-11 06:08:07] "POST /login HTTP/1.1" 200 320 0.042773
Jul 11 06:08:07 palmetto phosphor-gevent[872]: ::60f9:5e76:8e91:f402%1995068412 - - [2017-07-11 06:08:07] "GET /org/openbmc/control/flash/bios HTTP/1.1" 200 383 0.087739
Jul 11 06:08:18 palmetto phosphor-gevent[872]: ::60f9:5e76:8e91:f402%1995068412 - - [2017-07-11 06:08:18] "POST /login HTTP/1.1" 200 320 0.042592
Jul 11 06:08:19 palmetto phosphor-gevent[872]: ::60f9:5e76:8e91:f402%1995068412 - - [2017-07-11 06:08:19] "GET /org/openbmc/control/flash/bios HTTP/1.1" 200 383 0.701061
Jul 11 06:08:30 palmetto phosphor-gevent[872]: ::60f9:5e76:8e91:f402%1995068412 - - [2017-07-11 06:08:30] "POST /login HTTP/1.1" 200 320 0.042544
Jul 11 06:08:30 palmetto phosphor-gevent[872]: ::60f9:5e76:8e91:f402%1995068412 - - [2017-07-11 06:08:30] "GET /org/openbmc/control/flash/bios HTTP/1.1" 200 383 0.088101
Jul 11 06:08:41 palmetto phosphor-gevent[872]: ::60f9:5e76:8e91:f402%1995068412 - - [2017-07-11 06:08:41] "POST /login HTTP/1.1" 200 320 0.042628
Jul 11 06:08:41 palmetto phosphor-gevent[872]: ::60f9:5e76:8e91:f402%1995068412 - - [2017-07-11 06:08:41] "GET /org/openbmc/control/flash/bios HTTP/1.1" 200 383 0.088357
Jul 11 06:08:51 palmetto phosphor-gevent[872]: ::60f9:5e76:8e91:f402%1995068412 - - [2017-07-11 06:08:51] "POST /login HTTP/1.1" 200 320 0.049470
Jul 11 06:08:51 palmetto phosphor-gevent[872]: ::60f9:5e76:8e91:f402%1995068412 - - [2017-07-11 06:08:51] "GET /org/openbmc/control/flash/bios HTTP/1.1" 200 383 0.087966
Jul 11 06:09:02 palmetto phosphor-gevent[872]: ::60f9:5e76:8e91:f402%1995068412 - - [2017-07-11 06:09:02] "POST /login HTTP/1.1" 200 320 0.043103
Jul 11 06:09:03 palmetto phosphor-gevent[872]: ::60f9:5e76:8e91:f402%1995068412 - - [2017-07-11 06:09:03] "GET /org/openbmc/control/flash/bios HTTP/1.1" 200 383 0.087113
Jul 11 06:09:14 palmetto phosphor-gevent[872]: ::60f9:5e76:8e91:f402%1995068412 - - [2017-07-11 06:09:14] "POST /login HTTP/1.1" 200 320 0.042166
Jul 11 06:09:14 palmetto phosphor-gevent[872]: ::60f9:5e76:8e91:f402%1995068412 - - [2017-07-11 06:09:14] "GET /org/openbmc/control/flash/bios HTTP/1.1" 200 383 0.088790
Jul 11 06:09:24 palmetto phosphor-gevent[872]: ::60f9:5e76:8e91:f402%1995068412 - - [2017-07-11 06:09:24] "POST /login HTTP/1.1" 200 320 0.042776
Jul 11 06:09:26 palmetto phosphor-gevent[872]: ::60f9:5e76:8e91:f402%1995068412 - - [2017-07-11 06:09:26] "GET /org/openbmc/control/flash/bios HTTP/1.1" 200 383 1.151433
Jul 11 06:09:37 palmetto phosphor-gevent[872]: ::60f9:5e76:8e91:f402%1995068412 - - [2017-07-11 06:09:37] "POST /login HTTP/1.1" 200 320 0.042355
Jul 11 06:09:37 palmetto phosphor-gevent[872]: ::60f9:5e76:8e91:f402%1995068412 - - [2017-07-11 06:09:37] "GET /org/openbmc/control/flash/bios HTTP/1.1" 200 388 0.087142
Jul 11 06:09:48 palmetto phosphor-gevent[872]: ::60f9:5e76:8e91:f402%1995068412 - - [2017-07-11 06:09:48] "POST /login HTTP/1.1" 200 320 0.042142
Jul 11 06:09:48 palmetto phosphor-gevent[872]: ::60f9:5e76:8e91:f402%1995068412 - - [2017-07-11 06:09:48] "GET /org/openbmc/control/flash/bios HTTP/1.1" 200 388 0.095437
Jul 11 06:09:58 palmetto phosphor-gevent[872]: ::60f9:5e76:8e91:f402%1995068412 - - [2017-07-11 06:09:58] "POST /login HTTP/1.1" 200 320 0.041797
Jul 11 06:09:58 palmetto phosphor-gevent[872]: ::60f9:5e76:8e91:f402%1995068412 - - [2017-07-11 06:09:58] "GET /org/openbmc/control/flash/bios HTTP/1.1" 200 388 0.319136
Jul 11 06:10:09 palmetto phosphor-gevent[872]: ::60f9:5e76:8e91:f402%1995068412 - - [2017-07-11 06:10:09] "POST /login HTTP/1.1" 200 320 0.041578
Jul 11 06:10:09 palmetto phosphor-gevent[872]: ::60f9:5e76:8e91:f402%1995068412 - - [2017-07-11 06:10:09] "GET /org/openbmc/control/flash/bios HTTP/1.1" 200 388 0.088082
Jul 11 06:10:19 palmetto phosphor-gevent[872]: ::60f9:5e76:8e91:f402%1995068412 - - [2017-07-11 06:10:19] "POST /login HTTP/1.1" 200 320 0.042043
Jul 11 06:10:19 palmetto phosphor-gevent[872]: ::60f9:5e76:8e91:f402%1995068412 - - [2017-07-11 06:10:19] "GET /org/openbmc/control/flash/bios HTTP/1.1" 200 388 0.113825
Jul 11 06:10:29 palmetto flash_bios.exe[891]: Erasing... (may take a while !) done !
Jul 11 06:10:29 palmetto flash_bios.exe[891]: About to program "/tmp/palmetto.pnor" at 0x00000000..0x02000000 !
Jul 11 06:10:29 palmetto flash_bios.exe[891]: Programming & Verifying...
Jul 11 06:10:29 palmetto flash_bios.exe[891]: Flash done
Jul 11 06:10:30 palmetto phosphor-gevent[872]: ::60f9:5e76:8e91:f402%1995068412 - - [2017-07-11 06:10:30] "POST /login HTTP/1.1" 200 320 0.043428
Jul 11 06:10:30 palmetto phosphor-gevent[872]: ::60f9:5e76:8e91:f402%1995068412 - - [2017-07-11 06:10:30] "GET /org/openbmc/control/flash/bios HTTP/1.1" 200 385 0.139120
Jul 11 06:10:30 palmetto systemd[1]: Started SSH Per-Connection Server (9.41.165.94:41072).
Jul 11 06:10:30 palmetto dropbear[995]: Failed loading /etc/dropbear/dropbear_dss_host_key
Jul 11 06:10:30 palmetto dropbear[995]: Failed loading /etc/dropbear/dropbear_ecdsa_host_key
Jul 11 06:10:30 palmetto dropbear[995]: Child connection from ::ffff:9.41.165.94:41072
Jul 11 06:10:31 palmetto dropbear[995]: PAM password auth succeeded for 'root' from ::ffff:9.41.165.94:41072
Jul 11 06:10:31 palmetto dropbear[996]: lastlog_perform_login: Couldn't stat /var/log/lastlog: No such file or directory
Jul 11 06:10:31 palmetto dropbear[996]: lastlog_openseek: /var/log/lastlog is not a file or directory!
Jul 11 06:10:33 palmetto phosphor-gevent[872]: ::60f9:5e76:8e91:f402%1995068412 - - [2017-07-11 06:10:33] "POST /login HTTP/1.1" 200 320 0.043092
Jul 11 06:10:33 palmetto phosphor-gevent[872]: ::60f9:5e76:8e91:f402%1995068412 - - [2017-07-11 06:10:33] "GET /xyz/openbmc_project/state/host0//attr/CurrentHostState HTTP/1.1" 200 212 0.068185
Jul 11 06:10:33 palmetto systemd[1]: Created slice system-obmc\x2dconsole\x2dssh.slice.
Jul 11 06:10:33 palmetto systemd[1]: Started Phosphor Host Console SSH Per-Connection (9.41.165.94:55934).
Jul 11 06:10:33 palmetto dropbear[1000]: Failed loading /etc/dropbear/dropbear_dss_host_key
Jul 11 06:10:33 palmetto dropbear[1000]: Failed loading /etc/dropbear/dropbear_ecdsa_host_key
Jul 11 06:10:33 palmetto dropbear[1000]: Child connection from ::ffff:9.41.165.94:55934
Jul 11 06:10:34 palmetto phosphor-gevent[872]: ::60f9:5e76:8e91:f402%1995068412 - - [2017-07-11 06:10:34] "POST /login HTTP/1.1" 200 320 0.042746
Jul 11 06:10:34 palmetto phosphor-gevent[872]: ::60f9:5e76:8e91:f402%1995068412 - - [2017-07-11 06:10:34] "PUT /org/openbmc/settings/host0/attr/power_policy HTTP/1.1" 200 169 0.431967
Jul 11 06:10:35 palmetto dropbear[1000]: PAM password auth succeeded for 'root' from ::ffff:9.41.165.94:55934
Jul 11 06:10:35 palmetto dropbear[1001]: lastlog_perform_login: Couldn't stat /var/log/lastlog: No such file or directory
Jul 11 06:10:35 palmetto dropbear[1001]: lastlog_openseek: /var/log/lastlog is not a file or directory!
Jul 11 06:10:35 palmetto phosphor-gevent[872]: ::60f9:5e76:8e91:f402%1995068412 - - [2017-07-11 06:10:35] "POST /login HTTP/1.1" 200 320 0.042520
Jul 11 06:10:35 palmetto phosphor-gevent[872]: ::60f9:5e76:8e91:f402%1995068412 - - [2017-07-11 06:10:35] "GET /org/openbmc/settings/host0/attr/power_policy HTTP/1.1" 200 185 0.104223
Jul 11 06:10:35 palmetto dropbear[1002]: Failed loading /etc/dropbear/dropbear_dss_host_key
Jul 11 06:10:35 palmetto dropbear[1002]: Failed loading /etc/dropbear/dropbear_ecdsa_host_key
Jul 11 06:10:35 palmetto systemd[1]: Started SSH Per-Connection Server (9.41.165.94:41082).
Jul 11 06:10:35 palmetto dropbear[1002]: Child connection from ::ffff:9.41.165.94:41082
Jul 11 06:10:37 palmetto dropbear[1002]: PAM password auth succeeded for 'root' from ::ffff:9.41.165.94:41082
Jul 11 06:10:37 palmetto dropbear[1003]: lastlog_perform_login: Couldn't stat /var/log/lastlog: No such file or directory
Jul 11 06:10:37 palmetto dropbear[1003]: lastlog_openseek: /var/log/lastlog is not a file or directory!
Jul 11 06:10:38 palmetto phosphor-gevent[872]: ::60f9:5e76:8e91:f402%1995068412 - - [2017-07-11 06:10:38] "POST /login HTTP/1.1" 200 320 0.042771
Jul 11 06:10:38 palmetto phosphor-gevent[872]: ::60f9:5e76:8e91:f402%1995068412 - - [2017-07-11 06:10:38] "GET /xyz/openbmc_project/state/chassis0//attr/CurrentPowerState HTTP/1.1" 200 216 0.061722
Jul 11 06:10:38 palmetto phosphor-gevent[872]: ::60f9:5e76:8e91:f402%1995068412 - - [2017-07-11 06:10:38] "POST /login HTTP/1.1" 200 320 0.043494
Jul 11 06:10:39 palmetto phosphor-gevent[872]: ::60f9:5e76:8e91:f402%1995068412 - - [2017-07-11 06:10:39] "GET /xyz/openbmc_project/state/bmc0//attr/CurrentBMCState HTTP/1.1" 200 212 0.062525
Jul 11 06:10:39 palmetto phosphor-gevent[872]: ::60f9:5e76:8e91:f402%1995068412 - - [2017-07-11 06:10:39] "POST /login HTTP/1.1" 200 320 0.043128
Jul 11 06:10:39 palmetto phosphor-gevent[872]: ::60f9:5e76:8e91:f402%1995068412 - - [2017-07-11 06:10:39] "GET /org/openbmc/sensors/host/BootProgress/attr/value HTTP/1.1" 200 170 0.066494
Jul 11 06:10:39 palmetto phosphor-gevent[872]: ::60f9:5e76:8e91:f402%1995068412 - - [2017-07-11 06:10:39] "POST /login HTTP/1.1" 200 320 0.066375
Jul 11 06:10:39 palmetto phosphor-gevent[872]: ::60f9:5e76:8e91:f402%1995068412 - - [2017-07-11 06:10:39] "GET /xyz/openbmc_project/state/host0//attr/CurrentHostState HTTP/1.1" 200 212 0.061464
Jul 11 06:10:40 palmetto phosphor-gevent[872]: ::60f9:5e76:8e91:f402%1995068412 - - [2017-07-11 06:10:40] "POST /login HTTP/1.1" 200 320 0.042613
Jul 11 06:10:40 palmetto phosphor-host-state-manager[939]: Host State transaction request
Jul 11 06:10:40 palmetto phosphor-gevent[872]: ::60f9:5e76:8e91:f402%1995068412 - - [2017-07-11 06:10:40] "PUT /xyz/openbmc_project/state/host0//attr/RequestedHostTransition HTTP/1.1" 200 169 0.223720
Jul 11 06:10:40 palmetto systemd[1]: Created slice system-phosphor\x2dgpio\x2dmonitor.slice.
Jul 11 06:10:40 palmetto systemd[1]: Created slice system-obmc\x2denable\x2dhost\x2dwatchdog.slice.
Jul 11 06:10:40 palmetto systemd[1]: Created slice system-phosphor\x2dfan\x2dpresence\x2dtach.slice.
Jul 11 06:10:40 palmetto systemd[1]: Starting Wait for /xyz/openbmc_project/led/groups/power_on...
Jul 11 06:10:40 palmetto systemd[1]: Starting Wait for /org/openbmc/control/host0...
Jul 11 06:10:40 palmetto systemd[1]: Created slice system-op\x2dpower\x2dstart.slice.
Jul 11 06:10:41 palmetto systemd[1]: Started Phosphor GPIO checkstop monitor.
Jul 11 06:10:41 palmetto systemd[1]: Created slice system-op\x2dinit\x2dpnor.slice.
Jul 11 06:10:41 palmetto systemd[1]: Created slice system-mapper\x2dsubtree\x2dremove.slice.
Jul 11 06:10:41 palmetto systemd[1]: Starting mapper subtree-remove /xyz/openbmc_project/software:xyz.openbmc_project.Software.ActivationBlocksTransition...
Jul 11 06:10:41 palmetto systemd[1]: Starting Wait for /xyz/openbmc_project/watchdog/host0...
Jul 11 06:10:41 palmetto systemd[1]: Created slice system-phosphor\x2dfan\x2dcontrol\x2dinit.slice.
Jul 11 06:10:41 palmetto systemd[1]: Created slice system-pcie\x2dslot\x2ddetect.slice.
Jul 11 06:10:41 palmetto systemd[1]: Created slice system-op\x2dstart\x2dhost.slice.
Jul 11 06:10:41 palmetto systemd[1]: Starting Start Power0...
Jul 11 06:10:41 palmetto systemd[1]: Reached target Start Host checkstop monitor.
Jul 11 06:10:41 palmetto systemd[1]: Starting Wait for /org/openbmc/control/chassis0...
Jul 11 06:10:41 palmetto systemd[1]: Created slice system-op\x2dwait\x2dpower\x2don.slice.
Jul 11 06:10:41 palmetto systemd[1]: Starting Wait for Power0 to turn on...
Jul 11 06:10:41 palmetto systemd[1]: Created slice system-phosphor\x2dwatchdog.slice.
Jul 11 06:10:42 palmetto kernel: ftgmac100 1e660000.ethernet eth0: NCSI interface down
Jul 11 06:10:41 palmetto kernel[842]: [  389.440000] ftgmac100 1e660000.ethernet eth0: NCSI interface down
Jul 11 06:10:42 palmetto timemanager[947]:  PGOOD has changed..
Jul 11 06:10:42 palmetto system_manager.py[875]: Running System State: HOST_POWERING_ON
Jul 11 06:10:42 palmetto power_control.exe[920]: PowerControl: setting power up POWER_PIN to 0
Jul 11 06:10:42 palmetto systemd[1]: Started Phosphor poweron watchdog.
Jul 11 06:10:42 palmetto systemd[1]: Started Wait for /xyz/openbmc_project/led/groups/power_on.
Jul 11 06:10:42 palmetto phosphor-gpio-monitor[1009]: Failed to open device
Jul 11 06:10:42 palmetto phosphor-gpio-monitor[1009]: terminate called after throwing an instance of 'std::runtime_error'
Jul 11 06:10:42 palmetto phosphor-gpio-monitor[1009]:   what():  Failed to open device
Jul 11 06:10:42 palmetto systemd[1]: Started mapper subtree-remove /xyz/openbmc_project/software:xyz.openbmc_project.Software.ActivationBlocksTransition.
Jul 11 06:10:42 palmetto systemd[1]: phosphor-gpio-monitor@checkstop.service: Main process exited, code=dumped, status=6/ABRT
Jul 11 06:10:43 palmetto systemd[1]: phosphor-gpio-monitor@checkstop.service: Unit entered failed state.
Jul 11 06:10:43 palmetto systemd[1]: phosphor-gpio-monitor@checkstop.service: Failed with result 'core-dump'.
Jul 11 06:10:43 palmetto systemd[1]: Started Start Power0.
Jul 11 06:10:43 palmetto systemd[1]: Starting Assert power_on LED...
Jul 11 06:10:43 palmetto power_control.exe[920]: PowerControl: pgood: 1, setting reset USB_RESET to 1
Jul 11 06:10:43 palmetto system_manager.py[875]: Running System State: HOST_POWERED_ON
Jul 11 06:10:43 palmetto timemanager[947]:  PGOOD has changed..
Jul 11 06:10:43 palmetto timemanager[947]: Changing time settings is *deferred* now
Jul 11 06:10:43 palmetto timemanager[947]:  User Settings have changed..
Jul 11 06:10:43 palmetto systemd[1]: Started Wait for /org/openbmc/control/chassis0.
Jul 11 06:10:43 palmetto systemd[1]: Started Wait for Power0 to turn on.
Jul 11 06:10:44 palmetto systemd[1]: Started Wait for /org/openbmc/control/host0.
Jul 11 06:10:44 palmetto kernel: ftgmac100 1e660000.ethernet eth0: NCSI interface up
Jul 11 06:10:44 palmetto kernel[842]: [  391.830000] ftgmac100 1e660000.ethernet eth0: NCSI interface up
Jul 11 06:10:44 palmetto phosphor-ledmanager[838]: Asserting LEDs
Jul 11 06:10:44 palmetto phosphor-gevent[872]: ::60f9:5e76:8e91:f402%1995068412 - - [2017-07-11 06:10:44] "POST /login HTTP/1.1" 200 320 0.042606
Jul 11 06:10:44 palmetto systemd[1]: Started Assert power_on LED.
Jul 11 06:10:44 palmetto systemd[1]: Reached target Power0 On.
Jul 11 06:10:44 palmetto systemd[1]: Reached target Power0 (On).
Jul 11 06:10:45 palmetto systemd[1]: Starting PCIE Slot Presence Detection For Chassis0...
Jul 11 06:10:45 palmetto systemd[1]: Starting Start Host0...
Jul 11 06:10:45 palmetto systemd[1]: Starting Init PNOR for Host0...
Jul 11 06:10:45 palmetto pflash[1030]: Flash info:
Jul 11 06:10:45 palmetto pflash[1030]: -----------
Jul 11 06:10:45 palmetto pflash[1030]: Name          = /dev/mtd6
Jul 11 06:10:45 palmetto pflash[1030]: Total size    = 32MB
Jul 11 06:10:45 palmetto pflash[1030]: Erase granule = 64KB
Jul 11 06:10:45 palmetto pflash[1030]: TOC@0x00000000 Partitions:
Jul 11 06:10:45 palmetto pflash[1030]: -----------
Jul 11 06:10:45 palmetto pflash[1030]: ID=00            part 00000000..00001000 (actual=00001000)
Jul 11 06:10:45 palmetto pflash[1030]: ID=01             HBI 00010000..005b0000 (actual=005a0000) [ECC]
Jul 11 06:10:45 palmetto pflash[1030]: ID=02            MVPD 005b0000..00640000 (actual=00090000) [ECC]
Jul 11 06:10:45 palmetto pflash[1030]: ID=03            CVPD 00640000..00688000 (actual=00048000) [ECC]
Jul 11 06:10:45 palmetto pflash[1030]: ID=04           DJVPD 00688000..006d0000 (actual=00048000) [ECC]
Jul 11 06:10:45 palmetto pflash[1030]: ID=05             HBD 006d0000..00730000 (actual=00060000) [ECC]
Jul 11 06:10:45 palmetto pflash[1030]: ID=06            SBEC 00730000..007c0000 (actual=00090000) [ECC]
Jul 11 06:10:45 palmetto pflash[1030]: ID=07             SBE 007c0000..00808000 (actual=00048000) [ECC]
Jul 11 06:10:45 palmetto pflash[1030]: ID=08        ATTR_TMP 00808000..00810000 (actual=00008000)
Jul 11 06:10:45 palmetto pflash[1030]: ID=09       ATTR_PERM 00810000..00818000 (actual=00008000) [ECC]
Jul 11 06:10:45 palmetto pflash[1030]: ID=10            WINK 00818000..00938000 (actual=00120000) [ECC]
Jul 11 06:10:45 palmetto pflash[1030]: ID=11           GUARD 00938000..0093d000 (actual=00005000) [ECC]
Jul 11 06:10:45 palmetto pflash[1030]: ID=12            HBEL 0093d000..00961000 (actual=00024000) [ECC]
Jul 11 06:10:45 palmetto pflash[1030]: ID=13         PAYLOAD 00961000..00a61000 (actual=00100000)
Jul 11 06:10:45 palmetto pflash[1030]: ID=14      BOOTKERNEL 00a61000..01961000 (actual=00f00000)
Jul 11 06:10:45 palmetto pflash[1030]: ID=15           NVRAM 01961000..019f1000 (actual=00090000)
Jul 11 06:10:45 palmetto pflash[1030]: ID=16            HBRT 019f1000..01d51000 (actual=00360000) [ECC]
Jul 11 06:10:45 palmetto pflash[1030]: ID=17             OCC 01d51000..01e71000 (actual=00120000) [ECC]
Jul 11 06:10:45 palmetto pflash[1030]: ID=18         FIRDATA 01e71000..01e74000 (actual=00003000) [ECC]
Jul 11 06:10:45 palmetto pflash[1030]: ID=19            CAPP 01e74000..01e98000 (actual=00024000) [ECC]
Jul 11 06:10:45 palmetto pflash[1030]: ID=20         SECBOOT 01e98000..01ebc000 (actual=00024000) [ECC]
Jul 11 06:10:45 palmetto pflash[1030]: ID=21         BMC_INV 01ebc000..01ec5000 (actual=00009000)
Jul 11 06:10:45 palmetto pflash[1030]: ID=22     IMA_CATALOG 01ec5000..01ece000 (actual=00009000) [ECC]
Jul 11 06:10:45 palmetto pflash[1030]: ID=23             HBB 01f67000..01ff7000 (actual=00090000) [ECC]
Jul 11 06:10:45 palmetto pflash[1030]: ID=24         VERSION 01ff7000..01ff8000 (actual=00001000)
Jul 11 06:10:45 palmetto pflash[1030]: ID=25     BACKUP_PART 01ff8000..02000000 (actual=00000000)
Jul 11 06:10:45 palmetto systemd[1]: Started Phosphor Fan Control Initialization.
Jul 11 06:10:47 palmetto control_host.exe[922]: Booting host
Jul 11 06:10:47 palmetto control_host.exe[922]: ERROR HostControl: GPIO sequence failed (rc=2)
Jul 11 06:10:45 palmetto systemd[1]: Started Phosphor Fan Presence Tach Daemon.
Jul 11 06:10:47 palmetto phosphor-gevent[872]: ::60f9:5e76:8e91:f402%1995068412 - - [2017-07-11 06:10:47] "GET /xyz/openbmc_project/state/chassis0//attr/CurrentPowerState HTTP/1.1" 200 215 2.092361
Jul 11 06:10:45 palmetto systemd[1]: Reached target Chassis0 (Power On).
Jul 11 06:10:45 palmetto phosphor-chassis-state-manager[921]: Received signal that power ON is complete
Jul 11 06:10:45 palmetto phosphor-chassis-state-manager[921]: Change to Chassis Power State
Jul 11 06:10:45 palmetto systemd[1]: Started Init PNOR for Host0.
Jul 11 06:10:46 palmetto systemd[1]: Started Start Host0.
Jul 11 06:10:46 palmetto systemd[1]: Reached target Host0 (Starting).
Jul 11 06:10:46 palmetto systemd[1]: Reached target Host0 (Started).
Jul 11 06:10:46 palmetto systemd[1]: Created slice system-phosphor\x2dfan\x2dcontrol.slice.
Jul 11 06:10:46 palmetto systemd[1]: Created slice system-phosphor\x2dfan\x2dmonitor.slice.
Jul 11 06:10:46 palmetto systemd[1]: Starting Phosphor Fan Monitor Daemon...
Jul 11 06:10:47 palmetto systemd[1]: Started Phosphor Fan Monitor Daemon.
Jul 11 06:10:47 palmetto systemd[1]: Started Phosphor Fan Control Daemon.
Jul 11 06:10:47 palmetto systemd[1]: Reached target Fan Control Ready.
Jul 11 06:10:48 palmetto systemd[1]: Started PCIE Slot Presence Detection For Chassis0.
Jul 11 06:10:48 palmetto phosphor-gevent[872]: ::60f9:5e76:8e91:f402%1995068412 - - [2017-07-11 06:10:48] "POST /login HTTP/1.1" 200 320 0.203754
Jul 11 06:10:48 palmetto systemd[1]: Started Wait for /xyz/openbmc_project/watchdog/host0.
Jul 11 06:10:48 palmetto systemd[1]: Starting Start Watchdog0...
Jul 11 06:10:49 palmetto phosphor-watchdog[1015]: watchdog: enabled and started
Jul 11 06:10:49 palmetto systemd[1]: Started Start Watchdog0.
Jul 11 06:10:49 palmetto systemd[1]: Reached target Start Host0.
Jul 11 06:10:49 palmetto phosphor-host-state-manager[939]: Received signal that host is running
Jul 11 06:10:49 palmetto phosphor-host-state-manager[939]: Change to Host State
Jul 11 06:10:49 palmetto phosphor-gevent[872]: ::60f9:5e76:8e91:f402%1995068412 - - [2017-07-11 06:10:49] "GET /xyz/openbmc_project/state/bmc0//attr/CurrentBMCState HTTP/1.1" 200 212 0.325073
Jul 11 06:10:49 palmetto phosphor-gevent[872]: ::60f9:5e76:8e91:f402%1995068412 - - [2017-07-11 06:10:49] "POST /login HTTP/1.1" 200 320 0.042765
Jul 11 06:10:49 palmetto phosphor-gevent[872]: ::60f9:5e76:8e91:f402%1995068412 - - [2017-07-11 06:10:49] "GET /org/openbmc/sensors/host/BootProgress/attr/value HTTP/1.1" 200 170 0.066510
Jul 11 06:10:50 palmetto phosphor-gevent[872]: ::60f9:5e76:8e91:f402%1995068412 - - [2017-07-11 06:10:50] "POST /login HTTP/1.1" 200 320 0.050216
Jul 11 06:10:50 palmetto phosphor-gevent[872]: ::60f9:5e76:8e91:f402%1995068412 - - [2017-07-11 06:10:50] "GET /xyz/openbmc_project/state/host0//attr/CurrentHostState HTTP/1.1" 200 216 0.062212
Jul 11 06:10:50 palmetto phosphor-gevent[872]: ::60f9:5e76:8e91:f402%1995068412 - - [2017-07-11 06:10:50] "POST /login HTTP/1.1" 200 320 0.044249
Jul 11 06:10:50 palmetto phosphor-gevent[872]: ::60f9:5e76:8e91:f402%1995068412 - - [2017-07-11 06:10:50] "GET /xyz/openbmc_project/state/chassis0//attr/CurrentPowerState HTTP/1.1" 200 215 0.061801
Jul 11 06:10:51 palmetto phosphor-gevent[872]: ::60f9:5e76:8e91:f402%1995068412 - - [2017-07-11 06:10:51] "POST /login HTTP/1.1" 200 320 0.047056
Jul 11 06:10:51 palmetto phosphor-gevent[872]: ::60f9:5e76:8e91:f402%1995068412 - - [2017-07-11 06:10:51] "GET /org/openbmc/sensors/host/BootProgress/attr/value HTTP/1.1" 200 170 0.065761
Jul 11 06:10:51 palmetto phosphor-gevent[872]: ::60f9:5e76:8e91:f402%1995068412 - - [2017-07-11 06:10:51] "POST /login HTTP/1.1" 200 320 0.042697
Jul 11 06:10:51 palmetto phosphor-gevent[872]: ::60f9:5e76:8e91:f402%1995068412 - - [2017-07-11 06:10:51] "GET /xyz/openbmc_project/state/host0//attr/CurrentHostState HTTP/1.1" 200 216 0.061699
Jul 11 06:11:02 palmetto phosphor-gevent[872]: ::60f9:5e76:8e91:f402%1995068412 - - [2017-07-11 06:11:02] "POST /login HTTP/1.1" 200 320 0.042431
Jul 11 06:11:02 palmetto phosphor-gevent[872]: ::60f9:5e76:8e91:f402%1995068412 - - [2017-07-11 06:11:02] "GET /xyz/openbmc_project/state/chassis0//attr/CurrentPowerState HTTP/1.1" 200 215 0.061875
Jul 11 06:11:02 palmetto phosphor-gevent[872]: ::60f9:5e76:8e91:f402%1995068412 - - [2017-07-11 06:11:02] "POST /login HTTP/1.1" 200 320 0.050437
Jul 11 06:11:02 palmetto phosphor-gevent[872]: ::60f9:5e76:8e91:f402%1995068412 - - [2017-07-11 06:11:02] "GET /org/openbmc/sensors/host/BootProgress/attr/value HTTP/1.1" 200 170 0.066252
Jul 11 06:11:02 palmetto phosphor-gevent[872]: ::60f9:5e76:8e91:f402%1995068412 - - [2017-07-11 06:11:02] "POST /login HTTP/1.1" 200 320 0.043328
Jul 11 06:11:03 palmetto phosphor-gevent[872]: ::60f9:5e76:8e91:f402%1995068412 - - [2017-07-11 06:11:03] "GET /xyz/openbmc_project/state/host0//attr/CurrentHostState HTTP/1.1" 200 216 0.062711
Jul 11 06:11:13 palmetto phosphor-gevent[872]: ::60f9:5e76:8e91:f402%1995068412 - - [2017-07-11 06:11:13] "POST /login HTTP/1.1" 200 320 0.044364
Jul 11 06:11:13 palmetto phosphor-gevent[872]: ::60f9:5e76:8e91:f402%1995068412 - - [2017-07-11 06:11:13] "GET /xyz/openbmc_project/state/chassis0//attr/CurrentPowerState HTTP/1.1" 200 215 0.062570
Jul 11 06:11:13 palmetto phosphor-gevent[872]: ::60f9:5e76:8e91:f402%1995068412 - - [2017-07-11 06:11:13] "POST /login HTTP/1.1" 200 320 0.043025
Jul 11 06:11:13 palmetto phosphor-gevent[872]: ::60f9:5e76:8e91:f402%1995068412 - - [2017-07-11 06:11:13] "GET /org/openbmc/sensors/host/BootProgress/attr/value HTTP/1.1" 200 170 0.066312
Jul 11 06:11:14 palmetto phosphor-gevent[872]: ::60f9:5e76:8e91:f402%1995068412 - - [2017-07-11 06:11:14] "POST /login HTTP/1.1" 200 320 0.044801
Jul 11 06:11:14 palmetto phosphor-gevent[872]: ::60f9:5e76:8e91:f402%1995068412 - - [2017-07-11 06:11:14] "GET /xyz/openbmc_project/state/host0//attr/CurrentHostState HTTP/1.1" 200 216 0.076198
Jul 11 06:11:19 palmetto phosphor-watchdog[1015]: Timer Expired
Jul 11 06:11:19 palmetto systemd[1]: Created slice system-openpower\x2ddebug\x2dcollector\x2dwatchdog.slice.
Jul 11 06:11:19 palmetto systemd[1]: Starting OpenPOWER debug data collector for host watchdog timeout...
Jul 11 06:11:19 palmetto watchdog_timeout[1050]: Host watchdog timed out
Jul 11 06:11:20 palmetto systemd[1]: Started OpenPOWER debug data collector for host watchdog timeout.
Jul 11 06:11:20 palmetto systemd[1]: Reached target Quiesce Target.
Jul 11 06:11:20 palmetto systemd[1]: Reached target Host instance 0 timed out refreshing Watchdog.
Jul 11 06:11:20 palmetto phosphor-host-state-manager[939]: Auto reboot enabled. Reducing HOST BOOTCOUNT by 1.
Jul 11 06:11:20 palmetto sensor_manager2.py[830]: Setting boot count to 2
Jul 11 06:11:20 palmetto phosphor-host-state-manager[939]: Beginning reboot...
Jul 11 06:11:20 palmetto phosphor-host-state-manager[939]: Host State transaction request
Jul 11 06:11:21 palmetto systemd[1]: Reached target Stop Host0 (Pre).
Jul 11 06:11:21 palmetto systemd[1]: Created slice system-op\x2dwait\x2dpower\x2doff.slice.
Jul 11 06:11:21 palmetto systemd[1]: Stopped target Host instance 0 timed out refreshing Watchdog.
Jul 11 06:11:21 palmetto systemd[1]: Stopped target Start Host0.
Jul 11 06:11:21 palmetto systemd[1]: Stopped target Quiesce Target.
Jul 11 06:11:21 palmetto systemd[1]: Stopped PCIE Slot Presence Detection For Chassis0.
Jul 11 06:11:21 palmetto systemd[1]: Stopped Init PNOR for Host0.
Jul 11 06:11:21 palmetto systemd[1]: Stopped target Host0 (Started).
Jul 11 06:11:21 palmetto systemd[1]: Starting Wait for /org/openbmc/HostIpmi/1...
Jul 11 06:11:21 palmetto systemd[1]: Stopped target Fan Control Ready.
Jul 11 06:11:21 palmetto systemd[1]: Stopped target Host0 running after reset.
Jul 11 06:11:21 palmetto systemd[1]: Reached target Stop Host checkstop monitor.
