-- Logs begin at Tue 2017-07-25 03:43:30 UTC, end at Tue 2017-07-25 04:04:45 UTC. --
Jul 25 03:43:30 witherspoon kernel: Booting Linux on physical CPU 0x0
Jul 25 03:43:30 witherspoon kernel: Linux version 4.10.17-d6ae40dc4c4dff3265cc254d404ed6b03fcc2206 (jenkins@openbmc-builder1) (gcc version 6.2.0 (GCC) ) #1 Tue Jul 25 03:24:38 UTC 2017
Jul 25 03:43:30 witherspoon kernel: CPU: ARMv6-compatible processor [410fb767] revision 7 (ARMv7), cr=00c5387d
Jul 25 03:43:30 witherspoon kernel: CPU: PIPT / VIPT nonaliasing data cache, VIPT nonaliasing instruction cache
Jul 25 03:43:30 witherspoon kernel: OF: fdt:Machine model: Witherspoon BMC
Jul 25 03:43:30 witherspoon kernel: Memory policy: Data cache writeback
Jul 25 03:43:30 witherspoon kernel: SOC Rev: 04030303
Jul 25 03:43:30 witherspoon kernel: On node 0 totalpages: 110592
Jul 25 03:43:30 witherspoon kernel: free_area_init_node: node 0, pgdat 805fd514, node_mem_map 9ec1a000
Jul 25 03:43:30 witherspoon kernel:   Normal zone: 992 pages used for memmap
Jul 25 03:43:30 witherspoon kernel:   Normal zone: 0 pages reserved
Jul 25 03:43:30 witherspoon kernel:   Normal zone: 110592 pages, LIFO batch:31
Jul 25 03:43:30 witherspoon kernel: pcpu-alloc: s0 r0 d32768 u32768 alloc=1*32768
Jul 25 03:43:30 witherspoon kernel: pcpu-alloc: [0] 0 
Jul 25 03:43:30 witherspoon kernel: Built 1 zonelists in Zone order, mobility grouping on.  Total pages: 109600
Jul 25 03:43:30 witherspoon kernel: Kernel command line: console=ttyS4,115200n8 root=/dev/ram rw
Jul 25 03:43:30 witherspoon kernel: PID hash table entries: 2048 (order: 1, 8192 bytes)
Jul 25 03:43:30 witherspoon kernel: Dentry cache hash table entries: 65536 (order: 6, 262144 bytes)
Jul 25 03:43:30 witherspoon kernel: Inode-cache hash table entries: 32768 (order: 5, 131072 bytes)
Jul 25 03:43:30 witherspoon kernel: Memory: 430448K/442368K available (4063K kernel code, 280K rwdata, 1188K rodata, 284K init, 111K bss, 11920K reserved, 0K cma-reserved)
Jul 25 03:43:30 witherspoon kernel: Virtual kernel memory layout:
                                        vector  : 0xffff0000 - 0xffff1000   (   4 kB)
                                        fixmap  : 0xffc00000 - 0xfff00000   (3072 kB)
                                        vmalloc : 0x9f800000 - 0xff800000   (1536 MB)
                                        lowmem  : 0x80000000 - 0x9f000000   ( 496 MB)
                                          .text : 0x80008000 - 0x803fff60   (4064 kB)
                                          .init : 0x80583000 - 0x805ca000   ( 284 kB)
                                          .data : 0x805ca000 - 0x806102a8   ( 281 kB)
                                           .bss : 0x806102a8 - 0x8062c158   ( 112 kB)
Jul 25 03:43:30 witherspoon kernel: NR_IRQS:16 nr_irqs:16 16
Jul 25 03:43:30 witherspoon kernel: i2c controller registered, irq 16
Jul 25 03:43:30 witherspoon kernel: clocksource: moxart_timer: mask: 0xffffffff max_cycles: 0xffffffff, max_idle_ns: 77222644334 ns
Jul 25 03:43:30 witherspoon kernel: sched_clock: 32 bits at 100 Hz, resolution 10000000ns, wraps every 21474836475000000ns
Jul 25 03:43:30 witherspoon kernel: Calibrating delay loop... 789.70 BogoMIPS (lpj=3948544)
Jul 25 03:43:30 witherspoon kernel: pid_max: default: 32768 minimum: 301
Jul 25 03:43:30 witherspoon kernel: Mount-cache hash table entries: 1024 (order: 0, 4096 bytes)
Jul 25 03:43:30 witherspoon kernel: Mountpoint-cache hash table entries: 1024 (order: 0, 4096 bytes)
Jul 25 03:43:30 witherspoon kernel: CPU: Testing write buffer coherency: ok
Jul 25 03:43:30 witherspoon kernel: ftrace: allocating 14933 entries in 44 pages
Jul 25 03:43:30 witherspoon kernel: Setting up static identity map for 0x80008200 - 0x8000825c
Jul 25 03:43:30 witherspoon kernel: devtmpfs: initialized
Jul 25 03:43:30 witherspoon kernel: clocksource: jiffies: mask: 0xffffffff max_cycles: 0xffffffff, max_idle_ns: 19112604462750000 ns
Jul 25 03:43:30 witherspoon kernel: futex hash table entries: 256 (order: -1, 3072 bytes)
Jul 25 03:43:30 witherspoon kernel: pinctrl core: initialized pinctrl subsystem
Jul 25 03:43:30 witherspoon kernel: NET: Registered protocol family 16
Jul 25 03:43:30 witherspoon kernel: DMA: preallocated 256 KiB pool for atomic coherent allocations
Jul 25 03:43:30 witherspoon kernel: usbcore: registered new interface driver usbfs
Jul 25 03:43:31 witherspoon kernel: usbcore: registered new interface driver hub
Jul 25 03:43:31 witherspoon kernel: usbcore: registered new device driver usb
Jul 25 03:43:31 witherspoon kernel: clocksource: Switched to clocksource moxart_timer
Jul 25 03:43:31 witherspoon kernel: NET: Registered protocol family 2
Jul 25 03:43:31 witherspoon kernel: TCP established hash table entries: 4096 (order: 2, 16384 bytes)
Jul 25 03:43:31 witherspoon kernel: TCP bind hash table entries: 4096 (order: 2, 16384 bytes)
Jul 25 03:43:31 witherspoon kernel: TCP: Hash tables configured (established 4096 bind 4096)
Jul 25 03:43:31 witherspoon kernel: UDP hash table entries: 256 (order: 0, 4096 bytes)
Jul 25 03:43:31 witherspoon kernel: UDP-Lite hash table entries: 256 (order: 0, 4096 bytes)
Jul 25 03:43:31 witherspoon kernel: NET: Registered protocol family 1
Jul 25 03:43:31 witherspoon kernel: Trying to unpack rootfs image as initramfs...
Jul 25 03:43:31 witherspoon kernel: Freeing initrd memory: 1548K
Jul 25 03:43:31 witherspoon kernel: workingset: timestamp_bits=30 max_order=17 bucket_order=0
Jul 25 03:43:31 witherspoon kernel: squashfs: version 4.0 (2009/01/31) Phillip Lougher
Jul 25 03:43:31 witherspoon kernel: jffs2: version 2.2. (SUMMARY)  © 2001-2006 Red Hat, Inc.
Jul 25 03:43:31 witherspoon kernel: Block layer SCSI generic (bsg) driver version 0.4 loaded (major 250)
Jul 25 03:43:31 witherspoon kernel: io scheduler noop registered
Jul 25 03:43:31 witherspoon kernel: io scheduler deadline registered
Jul 25 03:43:31 witherspoon kernel: io scheduler cfq registered (default)
Jul 25 03:43:31 witherspoon kernel: ipmi-bt-host 1e789140.ibt: Found bt bmc device
Jul 25 03:43:31 witherspoon kernel: ipmi-bt-host 1e789140.ibt: Using IRQ 22
Jul 25 03:43:31 witherspoon kernel: Serial: 8250/16550 driver, 6 ports, IRQ sharing enabled
Jul 25 03:43:31 witherspoon kernel: 1e783000.serial: ttyS0 at MMIO 0x1e783000 (irq = 23, base_baud = 1500000) is a 16550A
Jul 25 03:43:31 witherspoon kernel: 1e78d000.serial: ttyS1 at MMIO 0x1e78d000 (irq = 24, base_baud = 1500000) is a 16550A
Jul 25 03:43:31 witherspoon kernel: 1e784000.serial: ttyS4 at MMIO 0x1e784000 (irq = 25, base_baud = 1500000) is a 16550A
Jul 25 03:43:31 witherspoon kernel: console [ttyS4] enabled
Jul 25 03:43:31 witherspoon kernel: 1e787000.vuart: ttyS2 at MMIO 0x1e787000 (irq = 22, base_baud = 1500000) is a 16550A
Jul 25 03:43:31 witherspoon kernel: timeriomem_rng 1e6e2078.hwrng: 32bits from 0xf00e2078 @ 1us
Jul 25 03:43:31 witherspoon kernel: random: fast init done
Jul 25 03:43:31 witherspoon kernel: brd: module loaded
Jul 25 03:43:31 witherspoon kernel: random: crng init done
Jul 25 03:43:31 witherspoon kernel: loop: module loaded
Jul 25 03:43:31 witherspoon kernel: aspeed-lpc-ctrl 1e789080.lpc-ctrl: Loaded at 0x98000000 (0x04000000)
Jul 25 03:43:31 witherspoon kernel: aspeed-smc 1e620000.flash-controller: Using IRQ 18
Jul 25 03:43:31 witherspoon kernel: aspeed-smc 1e620000.flash-controller: DMA support disabled.
Jul 25 03:43:31 witherspoon kernel: aspeed-smc 1e620000.flash-controller: mx25l25635e (32768 Kbytes)
Jul 25 03:43:31 witherspoon kernel: aspeed-smc 1e620000.flash-controller: CE0 window [ 0x20000000 - 0x22000000 ] 32MB
Jul 25 03:43:31 witherspoon kernel: aspeed-smc 1e620000.flash-controller: CE1 window [ 0x22000000 - 0x2a000000 ] 128MB
Jul 25 03:43:31 witherspoon kernel: 5 ofpart partitions found on MTD device bmc
Jul 25 03:43:31 witherspoon kernel: Creating 5 MTD partitions on "bmc":
Jul 25 03:43:31 witherspoon kernel: 0x000000000000-0x000000060000 : "u-boot"
Jul 25 03:43:31 witherspoon kernel: 0x000000060000-0x000000080000 : "u-boot-env"
Jul 25 03:43:31 witherspoon kernel: 0x000000080000-0x0000004c0000 : "kernel"
Jul 25 03:43:31 witherspoon kernel: 0x0000004c0000-0x000001c00000 : "rofs"
Jul 25 03:43:31 witherspoon kernel: 0x000001c00000-0x000002000000 : "rwfs"
Jul 25 03:43:31 witherspoon kernel: aspeed-smc 1e620000.flash-controller: mx25l25635e (32768 Kbytes)
Jul 25 03:43:31 witherspoon kernel: aspeed-smc 1e620000.flash-controller: CE1 window [ 0x22000000 - 0x24000000 ] 32MB
Jul 25 03:43:31 witherspoon kernel: aspeed-smc 1e620000.flash-controller: CE2 window [ 0x24000000 - 0x2c000000 ] 128MB
Jul 25 03:43:31 witherspoon kernel: aspeed-smc 1e630000.flash-controller: mx66l1g45g (131072 Kbytes)
Jul 25 03:43:31 witherspoon kernel: aspeed-smc 1e630000.flash-controller: CE0 window resized to 120MB (AST2500 HW quirk)
Jul 25 03:43:31 witherspoon kernel: aspeed-smc 1e630000.flash-controller: CE0 window [ 0x30000000 - 0x37800000 ] 120MB
Jul 25 03:43:31 witherspoon kernel: aspeed-smc 1e630000.flash-controller: CE0 window too small for chip 128MB
Jul 25 03:43:31 witherspoon kernel: aspeed-smc 1e630000.flash-controller: CE1 window [ 0x37800000 - 0x38000000 ] 8MB
Jul 25 03:43:31 witherspoon kernel: libphy: Fixed MDIO Bus: probed
Jul 25 03:43:31 witherspoon kernel: ftgmac100 1e660000.ethernet: Read MAC address 70:e2:84:14:23:e1 from chip
Jul 25 03:43:31 witherspoon kernel: ftgmac100 1e660000.ethernet: Using NCSI interface
Jul 25 03:43:31 witherspoon kernel: ftgmac100 1e660000.ethernet eth0: irq 20, mapped at f0060000
Jul 25 03:43:31 witherspoon kernel: ehci_hcd: USB 2.0 'Enhanced' Host Controller (EHCI) Driver
Jul 25 03:43:31 witherspoon kernel: ehci-platform: EHCI generic platform driver
Jul 25 03:43:31 witherspoon kernel:  fsi0: can't read slave 00:00 -5
Jul 25 03:43:31 witherspoon kernel: i2c /dev entries driver
Jul 25 03:43:31 witherspoon kernel: aspeed-i2c-bus 1e78a0c0.i2c-bus: i2c bus 2 registered, irq 26
Jul 25 03:43:31 witherspoon kernel: aspeed-i2c-bus 1e78a100.i2c-bus: i2c bus 3 registered, irq 27
Jul 25 03:43:31 witherspoon kernel: aspeed-i2c-bus 1e78a140.i2c-bus: i2c bus 4 registered, irq 28
Jul 25 03:43:31 witherspoon kernel: aspeed-i2c-bus 1e78a180.i2c-bus: i2c bus 5 registered, irq 29
Jul 25 03:43:31 witherspoon kernel: aspeed-i2c-bus 1e78a380.i2c-bus: i2c bus 9 registered, irq 30
Jul 25 03:43:31 witherspoon kernel: aspeed-i2c-bus 1e78a3c0.i2c-bus: i2c bus 10 registered, irq 31
Jul 25 03:43:31 witherspoon kernel: rtc-rv8803 11-0032: Voltage low, temperature compensation stopped.
Jul 25 03:43:31 witherspoon kernel: rtc-rv8803 11-0032: An alarm maybe have been missed.
Jul 25 03:43:31 witherspoon kernel: rtc-rv8803 11-0032: rtc core: registered rx8900 as rtc0
Jul 25 03:43:31 witherspoon kernel: at24 11-0051: 8192 byte 24c64 EEPROM, writable, 1 bytes/write
Jul 25 03:43:31 witherspoon kernel: aspeed-i2c-bus 1e78a400.i2c-bus: i2c bus 11 registered, irq 32
Jul 25 03:43:31 witherspoon kernel: aspeed-i2c-bus 1e78a440.i2c-bus: i2c bus 12 registered, irq 33
Jul 25 03:43:31 witherspoon kernel: aspeed-i2c-bus 1e78a480.i2c-bus: i2c bus 13 registered, irq 34
Jul 25 03:43:31 witherspoon kernel: Driver for 1-wire Dallas network protocol.
Jul 25 03:43:31 witherspoon kernel: lm75 9-004a: hwmon0: sensor 'tmp275'
Jul 25 03:43:31 witherspoon kernel: ucd9000 11-0064: Device ID UCD90160|2.3.4.0000|110603
Jul 25 03:43:31 witherspoon kernel: leds-pca955x 3-0060: leds-pca955x: Using pca9552 16-bit LED driver at slave address 0x60
Jul 25 03:43:31 witherspoon kernel: leds-pca955x 11-0060: leds-pca955x: Using pca9552 16-bit LED driver at slave address 0x60
Jul 25 03:43:31 witherspoon kernel: leds-pca955x 11-0060: gpios 264...279
Jul 25 03:43:31 witherspoon kernel: usbcore: registered new interface driver usbhid
Jul 25 03:43:31 witherspoon kernel: usbhid: USB HID core driver
Jul 25 03:43:31 witherspoon kernel: dps310: probe of 3-0076 failed with error -5
Jul 25 03:43:31 witherspoon kernel: NET: Registered protocol family 10
Jul 25 03:43:31 witherspoon kernel: Segment Routing with IPv6
Jul 25 03:43:31 witherspoon kernel: NET: Registered protocol family 17
Jul 25 03:43:31 witherspoon kernel: 8021q: 802.1Q VLAN Support v1.8
Jul 25 03:43:31 witherspoon kernel: console [netcon0] enabled
Jul 25 03:43:31 witherspoon kernel: netconsole: network logging started
Jul 25 03:43:31 witherspoon kernel: input: gpio-keys as /devices/platform/gpio-keys/input/input0
Jul 25 03:43:31 witherspoon kernel: rtc-rv8803 11-0032: setting system clock to 2017-07-25 03:43:23 UTC (1500954203)
Jul 25 03:43:31 witherspoon kernel: Freeing unused kernel memory: 284K
Jul 25 03:43:31 witherspoon kernel: This architecture does not have kernel memory protection.
Jul 25 03:43:31 witherspoon kernel: jffs2: notice: (526) jffs2_build_xattr_subsystem: complete building xattr subsystem, 0 of xdatum (0 unchecked, 0 orphan) and 0 of xref (0 dead, 0 orphan) found.
Jul 25 03:43:31 witherspoon systemd[1]: Failed to insert module 'autofs4': No such file or directory
Jul 25 03:43:31 witherspoon systemd[1]: systemd 232 running in system mode. (+PAM -AUDIT -SELINUX -IMA -APPARMOR -SMACK +SYSVINIT -UTMP -LIBCRYPTSETUP -GCRYPT -GNUTLS +ACL +XZ -LZ4 -SECCOMP +BLKID -ELFUTILS +KMOD -IDN)
Jul 25 03:43:31 witherspoon systemd[1]: Detected architecture arm.
Jul 25 03:43:31 witherspoon systemd[1]: Set hostname to <witherspoon>.
Jul 25 03:43:31 witherspoon systemd[1]: Started Forward Password Requests to Wall Directory Watch.
Jul 25 03:43:31 witherspoon systemd[1]: Listening on Syslog Socket.
Jul 25 03:43:31 witherspoon systemd[1]: Listening on udev Control Socket.
Jul 25 03:43:31 witherspoon systemd[1]: Listening on udev Kernel Socket.
Jul 25 03:43:31 witherspoon systemd[1]: Listening on /dev/initctl Compatibility Named Pipe.
Jul 25 03:43:31 witherspoon systemd[1]: Started Dispatch Password Requests to Console Directory Watch.
Jul 25 03:43:31 witherspoon systemd[1]: Reached target Paths.
Jul 25 03:43:31 witherspoon systemd-journald[547]: Journal started
Jul 25 03:43:31 witherspoon systemd-journald[547]: Runtime journal (/run/log/journal/cc6e1404d87444e8a089dfdb00a18f7d) is 0B, max 0B, 0B free.
Jul 25 03:43:30 witherspoon systemd-sysctl[649]: Couldn't write '16' to 'kernel/sysrq', ignoring: No such file or directory
Jul 25 03:43:30 witherspoon systemd-sysctl[649]: Couldn't write 'fq_codel' to 'net/core/default_qdisc', ignoring: No such file or directory
Jul 25 03:43:32 witherspoon systemd[1]: Mounting Debug File System...
Jul 25 03:43:33 witherspoon systemd[1]: dev-hugepages.mount: Couldn't determine result for ConditionVirtualization=!private-users, assuming failed: No such file or directory
Jul 25 03:43:33 witherspoon systemd[1]: Starting Remount Root and Kernel File Systems...
Jul 25 03:43:33 witherspoon systemd[1]: Created slice system-getty.slice.
Jul 25 03:43:33 witherspoon systemd[1]: Created slice system-org.openbmc.buttons.reset.slice.
Jul 25 03:43:33 witherspoon systemd[1]: Mounted Debug File System.
Jul 25 03:43:34 witherspoon systemd[1]: Mounted Temporary Directory.
Jul 25 03:43:34 witherspoon systemd[1]: Started Journal Service.
Jul 25 03:43:34 witherspoon systemd[1]: Started Apply Kernel Variables.
Jul 25 03:43:34 witherspoon systemd[1]: Started Remount Root and Kernel File Systems.
Jul 25 03:43:34 witherspoon systemd[1]: Starting Create System Users...
Jul 25 03:43:34 witherspoon systemd[1]: Starting Flush Journal to Persistent Storage...
Jul 25 03:43:35 witherspoon systemd[1]: Started udev Coldplug all Devices.
Jul 25 03:43:35 witherspoon systemd[1]: Started Create System Users.
Jul 25 03:43:35 witherspoon systemd[1]: Starting Create Static Device Nodes in /dev...
Jul 25 03:43:35 witherspoon systemd-journald[547]: Runtime journal (/run/log/journal/cc6e1404d87444e8a089dfdb00a18f7d) is 0B, max 0B, 0B free.
Jul 25 03:43:35 witherspoon systemd[1]: Started Flush Journal to Persistent Storage.
Jul 25 03:43:36 witherspoon systemd[1]: Started Create Static Device Nodes in /dev.
Jul 25 03:43:36 witherspoon systemd[1]: Reached target Local File Systems (Pre).
Jul 25 03:43:36 witherspoon systemd[1]: Mounting /var/volatile...
Jul 25 03:43:36 witherspoon systemd[1]: Starting udev Kernel Device Manager...
Jul 25 03:43:37 witherspoon systemd[1]: Mounted /var/volatile.
Jul 25 03:43:37 witherspoon systemd[1]: Reached target Local File Systems.
Jul 25 03:43:37 witherspoon systemd[1]: Starting Rebuild Journal Catalog...
Jul 25 03:43:37 witherspoon systemd[1]: Starting Create Volatile Files and Directories...
Jul 25 03:43:37 witherspoon systemd[1]: Starting Load/Save Random Seed...
Jul 25 03:43:37 witherspoon systemd[1]: Started Rebuild Journal Catalog.
Jul 25 03:43:37 witherspoon systemd[1]: Started Load/Save Random Seed.
Jul 25 03:43:37 witherspoon systemd[1]: Starting Update is Completed...
Jul 25 03:43:37 witherspoon systemd-tmpfiles[897]: "/var/tmp" already exists and is not a directory.
Jul 25 03:43:37 witherspoon systemd-tmpfiles[897]: "/var/log" already exists and is not a directory.
Jul 25 03:43:37 witherspoon systemd[1]: Started Create Volatile Files and Directories.
Jul 25 03:43:37 witherspoon systemd[1]: Started udev Kernel Device Manager.
Jul 25 03:43:37 witherspoon systemd[1]: Starting Network Time Synchronization...
Jul 25 03:43:37 witherspoon systemd[1]: Starting Run pending postinsts...
Jul 25 03:43:39 witherspoon systemd[1]: Started Update is Completed.
Jul 25 03:43:40 witherspoon systemd[1]: Found device /dev/aspeed-lpc-ctrl.
Jul 25 03:43:40 witherspoon systemd[1]: Found device /dev/aspeed-mbox.
Jul 25 03:43:40 witherspoon systemd[1]: Found device /dev/ttyS4.
Jul 25 03:43:40 witherspoon systemd[1]: Found device /dev/ttyVUART0.
Jul 25 03:43:41 witherspoon systemd[1]: Created slice system-xyz.openbmc_project.led.controller.slice.
Jul 25 03:43:41 witherspoon systemd[1]: Created slice system-xyz.openbmc_project.Hwmon.slice.
Jul 25 03:43:41 witherspoon systemd[1]: dev-hugepages.mount: Couldn't determine result for ConditionVirtualization=!private-users, assuming failed: No such file or directory
Jul 25 03:43:41 witherspoon systemd[1]: Started Network Time Synchronization.
Jul 25 03:43:41 witherspoon systemd[1]: Reached target System Time Synchronized.
Jul 25 03:43:41 witherspoon run-postinsts[912]: Running postinst /etc/rpm-postinsts/libglib-2.0-0...
Jul 25 03:43:42 witherspoon run-postinsts[912]: rm: can't remove '/etc/rpm-postinsts': Invalid argument
Jul 25 03:43:42 witherspoon run-postinsts[912]:  Removing any system startup links for run-postinsts ...
Jul 25 03:43:43 witherspoon systemctl[935]: Removed /etc/systemd/system/sysinit.target.wants/run-postinsts.service.
Jul 25 03:43:43 witherspoon systemd[1]: Reloading.
Jul 25 03:43:45 witherspoon systemd[1]: Started Run pending postinsts.
Jul 25 03:43:45 witherspoon systemd[1]: Reached target System Initialization.
Jul 25 03:43:45 witherspoon systemd[1]: Started Daily Cleanup of Temporary Directories.
Jul 25 03:43:45 witherspoon systemd[1]: Reached target Timers.
Jul 25 03:43:45 witherspoon systemd[1]: Listening on Phosphor DBUS Browser socket.
Jul 25 03:43:45 witherspoon systemd[1]: Listening on Avahi mDNS/DNS-SD Stack Activation Socket.
Jul 25 03:43:45 witherspoon systemd[1]: Listening on Phosphor Webserver socket.
Jul 25 03:43:45 witherspoon systemd[1]: Listening on dropbear.socket.
Jul 25 03:43:46 witherspoon systemd[1]: Listening on Phosphor Host Console SSH Per-Connection socket.
Jul 25 03:43:46 witherspoon systemd[1]: Listening on D-Bus System Message Bus Socket.
Jul 25 03:43:46 witherspoon systemd[1]: Listening on phosphor-ipmi-net.socket.
Jul 25 03:43:46 witherspoon systemd[1]: Reached target Sockets.
Jul 25 03:43:46 witherspoon systemd[1]: Reached target Basic System.
Jul 25 03:43:46 witherspoon systemd[1]: Started Phosphor Hwmon Poller.
Jul 25 03:43:46 witherspoon systemd[1]: Started Phosphor Dump core monitor..
Jul 25 03:43:46 witherspoon systemd[1]: Started Phosphor sysfs LED controller.
Jul 25 03:43:46 witherspoon systemd[1]: Starting Phosphor User Manager...
Jul 25 03:43:46 witherspoon systemd[1]: Started Phosphor MBOX Daemon.
Jul 25 03:43:46 witherspoon systemd[1]: Started D-Bus System Message Bus.
Jul 25 03:43:48 witherspoon systemd[1]: Starting Network Service...
Jul 25 03:43:48 witherspoon systemd[1]: Started Phosphor Hwmon Poller.
Jul 25 03:43:49 witherspoon systemd[1]: Starting Clear one time boot overrides...
Jul 25 03:43:49 witherspoon systemd[1]: Starting Phosphor DBus Service Discovery Manager...
Jul 25 03:43:49 witherspoon systemd[1]: Started Phosphor Hwmon Poller.
Jul 25 03:43:49 witherspoon systemd[1]: Starting Phosphor Download Manager...
Jul 25 03:43:49 witherspoon systemd[1]: Started Phosphor sysfs LED controller.
Jul 25 03:43:49 witherspoon systemd[1]: Started Phosphor sysfs LED controller.
Jul 25 03:43:49 witherspoon systemd[1]: Started Phosphor sysfs LED controller.
Jul 25 03:43:49 witherspoon systemd[1]: Started Phosphor sysfs LED controller.
Jul 25 03:43:50 witherspoon systemd[1]: Starting OpenPower Software Update Manager...
Jul 25 03:43:50 witherspoon systemd[1]: Starting Phosphor Network Manager...
Jul 25 03:43:50 witherspoon systemd[1]: Starting Phosphor IPMI BT DBus Bridge...
Jul 25 03:43:50 witherspoon systemd[1]: Started Hardware RNG Entropy Gatherer Daemon.
Jul 25 03:43:50 witherspoon openpower-update-manager[963]: Error PNOR current version is empty
Jul 25 03:43:50 witherspoon systemd[1]: Started Phosphor sysfs LED controller.
Jul 25 03:43:51 witherspoon systemd[1]: Starting Phosphor Inventory Manager...
Jul 25 03:43:51 witherspoon systemd[1]: Starting Phosphor Log Manager...
Jul 25 03:43:51 witherspoon systemd-networkd[953]: Enumeration completed
Jul 25 03:43:51 witherspoon systemd[1]: Started Phosphor Hwmon Poller.
Jul 25 03:43:51 witherspoon systemd-networkd[953]: eth0: IPv6 enabled for interface: Success
Jul 25 03:43:51 witherspoon systemd-networkd[953]: eth0: Gained carrier
Jul 25 03:43:51 witherspoon systemd-timesyncd[911]: Network configuration changed, trying to establish connection.
Jul 25 03:43:51 witherspoon systemd[1]: Starting Phosphor BMC0 Control...
Jul 25 03:43:51 witherspoon systemd[1]: Starting Phosphor LED Group Management Daemon...
Jul 25 03:43:51 witherspoon systemd[1]: Started Phosphor sysfs LED controller.
Jul 25 03:43:51 witherspoon systemd[1]: Started Phosphor sysfs LED controller.
Jul 25 03:43:52 witherspoon systemd[1]: Started System Logging Service.
Jul 25 03:43:52 witherspoon systemd[1]: Started Phosphor Console Muxer listening on device /dev/ttyVUART0.
Jul 25 03:43:52 witherspoon systemd[1]: Reached target Containers.
Jul 25 03:43:52 witherspoon systemd[1]: Starting Avahi mDNS/DNS-SD Stack...
Jul 25 03:43:52 witherspoon systemd[1]: Started Kernel Logging Service.
Jul 25 03:43:52 witherspoon systemd[1]: Starting Phosphor Inventory Manager...
Jul 25 03:43:52 witherspoon kernel[979]: klogd started: BusyBox v1.24.1 (2017-06-16 19:29:08 UTC)
Jul 25 03:43:52 witherspoon kernel[979]: [    0.000000] Booting Linux on physical CPU 0x0
Jul 25 03:43:52 witherspoon kernel[979]: [    0.000000] Linux version 4.10.17-d6ae40dc4c4dff3265cc254d404ed6b03fcc2206 (jenkins@openbmc-builder1) (gcc version 6.2.0 (GCC) ) #1 Tue Jul 25 03:24:38 UTC 2017
Jul 25 03:43:52 witherspoon kernel[979]: [    0.000000] CPU: ARMv6-compatible processor [410fb767] revision 7 (ARMv7), cr=00c5387d
Jul 25 03:43:52 witherspoon kernel[979]: [    0.000000] CPU: PIPT / VIPT nonaliasing data cache, VIPT nonaliasing instruction cache
Jul 25 03:43:52 witherspoon kernel[979]: [    0.000000] OF: fdt:Machine model: Witherspoon BMC
Jul 25 03:43:52 witherspoon kernel[979]: [    0.000000] Memory policy: Data cache writeback
Jul 25 03:43:52 witherspoon kernel[979]: [    0.000000] SOC Rev: 04030303
Jul 25 03:43:52 witherspoon kernel[979]: [    0.000000] On node 0 totalpages: 110592
Jul 25 03:43:53 witherspoon systemd[1]: Started Phosphor Hwmon Poller.
Jul 25 03:43:52 witherspoon kernel[979]: [    0.000000] free_area_init_node: node 0, pgdat 805fd514, node_mem_map 9ec1a000
Jul 25 03:43:53 witherspoon systemd[1]: Starting Phosphor Chassis0 Control...
Jul 25 03:43:52 witherspoon kernel[979]: [    0.000000]   Normal zone: 992 pages used for memmap
Jul 25 03:43:53 witherspoon systemd[1]: Starting Phosphor Settings Daemon...
Jul 25 03:43:52 witherspoon kernel[979]: [    0.000000]   Normal zone: 0 pages reserved
Jul 25 03:43:53 witherspoon systemd-networkd[953]: eth0: Gained IPv6LL
Jul 25 03:43:52 witherspoon kernel[979]: [    0.000000]   Normal zone: 110592 pages, LIFO batch:31
Jul 25 03:43:52 witherspoon kernel[979]: [    0.000000] pcpu-alloc: s0 r0 d32768 u32768 alloc=1*32768
Jul 25 03:43:52 witherspoon kernel[979]: [    0.000000] pcpu-alloc: [0] 0
Jul 25 03:43:53 witherspoon systemd[1]: Started Phosphor Hwmon Poller.
Jul 25 03:43:52 witherspoon kernel[979]: [    0.000000] Built 1 zonelists in Zone order, mobility grouping on.  Total pages: 109600
Jul 25 03:43:53 witherspoon systemd[1]: Starting Phosphor Download Manager...
Jul 25 03:43:52 witherspoon kernel[979]: [    0.000000] Kernel command line: console=ttyS4,115200n8 root=/dev/ram rw
Jul 25 03:43:54 witherspoon systemd[1]: Starting Phosphor Dump Manager...
Jul 25 03:43:52 witherspoon kernel[979]: [    0.000000] PID hash table entries: 2048 (order: 1, 8192 bytes)
Jul 25 03:43:54 witherspoon systemd[1]: Starting Phosphor Sensor Manager...
Jul 25 03:43:52 witherspoon kernel[979]: [    0.000000] Dentry cache hash table entries: 65536 (order: 6, 262144 bytes)
Jul 25 03:43:54 witherspoon systemd[1]: Started Phosphor sysfs LED controller.
Jul 25 03:43:52 witherspoon kernel[979]: [    0.000000] Inode-cache hash table entries: 32768 (order: 5, 131072 bytes)
Jul 25 03:43:54 witherspoon systemd[1]: Starting OpenBMC Software Update Manager...
Jul 25 03:43:52 witherspoon kernel[979]: [    0.000000] Memory: 430448K/442368K available (4063K kernel code, 280K rwdata, 1188K rodata, 284K init, 111K bss, 11920K reserved, 0K cma-reserved)
Jul 25 03:43:52 witherspoon kernel[979]: [    0.000000] Virtual kernel memory layout:
Jul 25 03:43:52 witherspoon kernel[979]: [    0.000000]     vector  : 0xffff0000 - 0xffff1000   (   4 kB)
Jul 25 03:43:52 witherspoon kernel[979]: [    0.000000]     fixmap  : 0xffc00000 - 0xfff00000   (3072 kB)
Jul 25 03:43:52 witherspoon kernel[979]: [    0.000000]     vmalloc : 0x9f800000 - 0xff800000   (1536 MB)
Jul 25 03:43:52 witherspoon kernel[979]: [    0.000000]     lowmem  : 0x80000000 - 0x9f000000   ( 496 MB)
Jul 25 03:43:52 witherspoon kernel[979]: [    0.000000]       .text : 0x80008000 - 0x803fff60   (4064 kB)
Jul 25 03:43:52 witherspoon kernel[979]: [    0.000000]       .init : 0x80583000 - 0x805ca000   ( 284 kB)
Jul 25 03:43:55 witherspoon systemd[1]: Started Phosphor sysfs LED controller.
Jul 25 03:43:52 witherspoon kernel[979]: [    0.000000]       .data : 0x805ca000 - 0x806102a8   ( 281 kB)
Jul 25 03:43:55 witherspoon systemd[1]: Started Network Service.
Jul 25 03:43:52 witherspoon kernel[979]: [    0.000000]        .bss : 0x806102a8 - 0x8062c158   ( 112 kB)
Jul 25 03:43:52 witherspoon kernel[979]: [    0.000000] NR_IRQS:16 nr_irqs:16 16
Jul 25 03:43:52 witherspoon kernel[979]: [    0.000000] i2c controller registered, irq 16
Jul 25 03:43:52 witherspoon kernel[979]: [    0.000000] clocksource: moxart_timer: mask: 0xffffffff max_cycles: 0xffffffff, max_idle_ns: 77222644334 ns
Jul 25 03:43:52 witherspoon kernel[979]: [    0.000000] sched_clock: 32 bits at 100 Hz, resolution 10000000ns, wraps every 21474836475000000ns
Jul 25 03:43:56 witherspoon kernel: ftgmac100 1e660000.ethernet eth0: NCSI interface up
Jul 25 03:43:52 witherspoon kernel[979]: [    0.090000] Calibrating delay loop... 789.70 BogoMIPS (lpj=3948544)
Jul 25 03:43:56 witherspoon systemd[1]: Started Clear one time boot overrides.
Jul 25 03:43:52 witherspoon kernel[979]: [    0.090000] pid_max: default: 32768 minimum: 301
Jul 25 03:43:56 witherspoon systemd[1]: Started Phosphor IPMI BT DBus Bridge.
Jul 25 03:43:52 witherspoon kernel[979]: [    0.090000] Mount-cache hash table entries: 1024 (order: 0, 4096 bytes)
Jul 25 03:43:56 witherspoon systemd[1]: Started OpenPower Software Update Manager.
Jul 25 03:43:52 witherspoon kernel[979]: [    0.090000] Mountpoint-cache hash table entries: 1024 (order: 0, 4096 bytes)
Jul 25 03:43:56 witherspoon systemd[1]: Started Phosphor Inventory Manager.
Jul 25 03:43:52 witherspoon kernel[979]: [    0.090000] CPU: Testing write buffer coherency: ok
Jul 25 03:43:56 witherspoon systemd[1]: Started Phosphor LED Group Management Daemon.
Jul 25 03:43:52 witherspoon kernel[979]: [    0.090000] ftrace: allocating 14933 entries in 44 pages
Jul 25 03:43:56 witherspoon systemd[1]: Started Phosphor Log Manager.
Jul 25 03:43:52 witherspoon kernel[979]: [    0.120000] Setting up static identity map for 0x80008200 - 0x8000825c
Jul 25 03:43:56 witherspoon systemd[1]: Started Phosphor Settings Daemon.
Jul 25 03:43:52 witherspoon kernel[979]: [    0.120000] devtmpfs: initialized
Jul 25 03:43:56 witherspoon systemd[1]: Started Phosphor Download Manager.
Jul 25 03:43:52 witherspoon kernel[979]: [    0.140000] clocksource: jiffies: mask: 0xffffffff max_cycles: 0xffffffff, max_idle_ns: 19112604462750000 ns
Jul 25 03:43:56 witherspoon systemd[1]: Started OpenBMC Software Update Manager.
Jul 25 03:43:52 witherspoon kernel[979]: [    0.140000] futex hash table entries: 256 (order: -1, 3072 bytes)
Jul 25 03:43:56 witherspoon systemd[1]: Starting Phosphor Version Software Manager...
Jul 25 03:43:52 witherspoon kernel[979]: [    0.140000] pinctrl core: initialized pinctrl subsystem
Jul 25 03:43:56 witherspoon systemd[1]: Reached target Network.
Jul 25 03:43:52 witherspoon kernel[979]: [    0.140000] NET: Registered protocol family 16
Jul 25 03:43:56 witherspoon systemd[1]: Started Lightweight SLP Server.
Jul 25 03:43:52 witherspoon kernel[979]: [    0.140000] DMA: preallocated 256 KiB pool for atomic coherent allocations
Jul 25 03:43:56 witherspoon systemd[1]: Starting Permit User Sessions...
Jul 25 03:43:52 witherspoon kernel[979]: [    0.210000] usbcore: registered new interface driver usbfs
Jul 25 03:43:56 witherspoon systemd[1]: Started Avahi mDNS/DNS-SD Stack.
Jul 25 03:43:52 witherspoon kernel[979]: [    0.210000] usbcore: registered new interface driver hub
Jul 25 03:43:56 witherspoon systemd[1]: Started Phosphor BMC0 Control.
Jul 25 03:43:52 witherspoon kernel[979]: [    0.210000] usbcore: registered new device driver usb
Jul 25 03:43:57 witherspoon systemd[1]: Started Permit User Sessions.
Jul 25 03:43:52 witherspoon kernel[979]: [    0.220000] clocksource: Switched to clocksource moxart_timer
Jul 25 03:43:57 witherspoon systemd[1]: Started Serial Getty on ttyS4.
Jul 25 03:43:52 witherspoon kernel[979]: [    0.230000] NET: Registered protocol family 2
Jul 25 03:43:57 witherspoon systemd[1]: Reached target Login Prompts.
Jul 25 03:43:52 witherspoon kernel[979]: [    0.240000] TCP established hash table entries: 4096 (order: 2, 16384 bytes)
Jul 25 03:43:52 witherspoon kernel[979]: [    0.240000] TCP bind hash table entries: 4096 (order: 2, 16384 bytes)
Jul 25 03:43:52 witherspoon kernel[979]: [    0.240000] TCP: Hash tables configured (established 4096 bind 4096)
Jul 25 03:43:52 witherspoon kernel[979]: [    0.240000] UDP hash table entries: 256 (order: 0, 4096 bytes)
Jul 25 03:43:52 witherspoon kernel[979]: [    0.240000] UDP-Lite hash table entries: 256 (order: 0, 4096 bytes)
Jul 25 03:43:52 witherspoon kernel[979]: [    0.240000] NET: Registered protocol family 1
Jul 25 03:43:52 witherspoon kernel[979]: [    0.240000] Trying to unpack rootfs image as initramfs...
Jul 25 03:43:57 witherspoon systemd[1]: Reached target Multi-User System.
Jul 25 03:43:52 witherspoon kernel[979]: [    1.910000] Freeing initrd memory: 1548K
Jul 25 03:43:52 witherspoon kernel[979]: [    1.910000] workingset: timestamp_bits=30 max_order=17 bucket_order=0
Jul 25 03:43:52 witherspoon kernel[979]: [    1.910000] squashfs: version 4.0 (2009/01/31) Phillip Lougher
Jul 25 03:43:52 witherspoon kernel[979]: [    1.910000] jffs2: version 2.2. (SUMMARY)  © 2001-2006 Red Hat, Inc.
Jul 25 03:43:52 witherspoon kernel[979]: [    1.910000] Block layer SCSI generic (bsg) driver version 0.4 loaded (major 250)
Jul 25 03:43:52 witherspoon kernel[979]: [    1.910000] io scheduler noop registered
Jul 25 03:43:52 witherspoon kernel[979]: [    1.910000] io scheduler deadline registered
Jul 25 03:43:52 witherspoon kernel[979]: [    1.910000] io scheduler cfq registered (default)
Jul 25 03:43:52 witherspoon kernel[979]: [    2.060000] ipmi-bt-host 1e789140.ibt: Found bt bmc device
Jul 25 03:43:52 witherspoon kernel[979]: [    2.060000] ipmi-bt-host 1e789140.ibt: Using IRQ 22
Jul 25 03:43:52 witherspoon kernel[979]: [    2.060000] Serial: 8250/16550 driver, 6 ports, IRQ sharing enabled
Jul 25 03:43:52 witherspoon kernel[979]: [    2.060000] 1e783000.serial: ttyS0 at MMIO 0x1e783000 (irq = 23, base_baud = 1500000) is a 16550A
Jul 25 03:43:52 witherspoon kernel[979]: [    2.060000] 1e78d000.serial: ttyS1 at MMIO 0x1e78d000 (irq = 24, base_baud = 1500000) is a 16550A
Jul 25 03:43:52 witherspoon kernel[979]: [    2.060000] 1e784000.serial: ttyS4 at MMIO 0x1e784000 (irq = 25, base_baud = 1500000) is a 16550A
Jul 25 03:43:52 witherspoon kernel[979]: [    2.410000] console [ttyS4] enabled
Jul 25 03:43:52 witherspoon kernel[979]: [    2.410000] 1e787000.vuart: ttyS2 at MMIO 0x1e787000 (irq = 22, base_baud = 1500000) is a 16550A
Jul 25 03:43:52 witherspoon kernel[979]: [    2.600000] timeriomem_rng 1e6e2078.hwrng: 32bits from 0xf00e2078 @ 1us
Jul 25 03:43:52 witherspoon kernel[979]: [    2.610000] random: fast init done
Jul 25 03:43:52 witherspoon kernel[979]: [    2.650000] brd: module loaded
Jul 25 03:43:52 witherspoon kernel[979]: [    2.670000] random: crng init done
Jul 25 03:43:52 witherspoon kernel[979]: [    2.680000] loop: module loaded
Jul 25 03:43:52 witherspoon kernel[979]: [    2.680000] aspeed-lpc-ctrl 1e789080.lpc-ctrl: Loaded at 0x98000000 (0x04000000)
Jul 25 03:43:52 witherspoon kernel[979]: [    2.690000] aspeed-smc 1e620000.flash-controller: Using IRQ 18
Jul 25 03:43:52 witherspoon kernel[979]: [    2.690000] aspeed-smc 1e620000.flash-controller: DMA support disabled.
Jul 25 03:43:52 witherspoon kernel[979]: [    2.690000] aspeed-smc 1e620000.flash-controller: mx25l25635e (32768 Kbytes)
Jul 25 03:43:52 witherspoon kernel[979]: [    2.720000] aspeed-smc 1e620000.flash-controller: CE0 window [ 0x20000000 - 0x22000000 ] 32MB
Jul 25 03:43:52 witherspoon kernel[979]: [    2.720000] aspeed-smc 1e620000.flash-controller: CE1 window [ 0x22000000 - 0x2a000000 ] 128MB
Jul 25 03:43:52 witherspoon kernel[979]: [    2.720000] 5 ofpart partitions found on MTD device bmc
Jul 25 03:43:52 witherspoon kernel[979]: [    2.720000] Creating 5 MTD partitions on "bmc":
Jul 25 03:43:52 witherspoon kernel[979]: [    2.750000] 0x000000000000-0x000000060000 : "u-boot"
Jul 25 03:43:52 witherspoon kernel[979]: [    2.750000] 0x000000060000-0x000000080000 : "u-boot-env"
Jul 25 03:43:52 witherspoon kernel[979]: [    2.770000] 0x000000080000-0x0000004c0000 : "kernel"
Jul 25 03:43:52 witherspoon kernel[979]: [    2.780000] 0x0000004c0000-0x000001c00000 : "rofs"
Jul 25 03:43:52 witherspoon kernel[979]: [    2.790000] 0x000001c00000-0x000002000000 : "rwfs"
Jul 25 03:43:52 witherspoon kernel[979]: [    2.790000] aspeed-smc 1e620000.flash-controller: mx25l25635e (32768 Kbytes)
Jul 25 03:43:52 witherspoon kernel[979]: [    2.800000] aspeed-smc 1e620000.flash-controller: CE1 window [ 0x22000000 - 0x24000000 ] 32MB
Jul 25 03:43:52 witherspoon kernel[979]: [    2.800000] aspeed-smc 1e620000.flash-controller: CE2 window [ 0x24000000 - 0x2c000000 ] 128MB
Jul 25 03:43:52 witherspoon kernel[979]: [    2.830000] aspeed-smc 1e630000.flash-controller: mx66l1g45g (131072 Kbytes)
Jul 25 03:43:52 witherspoon kernel[979]: [    2.830000] aspeed-smc 1e630000.flash-controller: CE0 window resized to 120MB (AST2500 HW quirk)
Jul 25 03:43:52 witherspoon kernel[979]: [    2.840000] aspeed-smc 1e630000.flash-controller: CE0 window [ 0x30000000 - 0x37800000 ] 120MB
Jul 25 03:43:52 witherspoon kernel[979]: [    2.840000] aspeed-smc 1e630000.flash-controller: CE0 window too small for chip 128MB
Jul 25 03:43:52 witherspoon kernel[979]: [    2.840000] aspeed-smc 1e630000.flash-controller: CE1 window [ 0x37800000 - 0x38000000 ] 8MB
Jul 25 03:43:52 witherspoon kernel[979]: [    3.590000] libphy: Fixed MDIO Bus: probed
Jul 25 03:43:52 witherspoon kernel[979]: [    3.590000] ftgmac100 1e660000.ethernet: Read MAC address 70:e2:84:14:23:e1 from chip
Jul 25 03:43:52 witherspoon kernel[979]: [    3.590000] ftgmac100 1e660000.ethernet: Using NCSI interface
Jul 25 03:43:52 witherspoon kernel[979]: [    3.590000] ftgmac100 1e660000.ethernet eth0: irq 20, mapped at f0060000
Jul 25 03:43:52 witherspoon kernel[979]: [    3.590000] ehci_hcd: USB 2.0 'Enhanced' Host Controller (EHCI) Driver
Jul 25 03:43:52 witherspoon kernel[979]: [    3.590000] ehci-platform: EHCI generic platform driver
Jul 25 03:43:52 witherspoon kernel[979]: [    3.830000]  fsi0: can't read slave 00:00 -5
Jul 25 03:43:52 witherspoon kernel[979]: [    3.830000] i2c /dev entries driver
Jul 25 03:43:52 witherspoon kernel[979]: [    3.830000] aspeed-i2c-bus 1e78a0c0.i2c-bus: i2c bus 2 registered, irq 26
Jul 25 03:43:52 witherspoon kernel[979]: [    3.830000] aspeed-i2c-bus 1e78a100.i2c-bus: i2c bus 3 registered, irq 27
Jul 25 03:43:52 witherspoon kernel[979]: [    3.830000] aspeed-i2c-bus 1e78a140.i2c-bus: i2c bus 4 registered, irq 28
Jul 25 03:43:52 witherspoon kernel[979]: [    3.830000] aspeed-i2c-bus 1e78a180.i2c-bus: i2c bus 5 registered, irq 29
Jul 25 03:43:52 witherspoon kernel[979]: [    3.830000] aspeed-i2c-bus 1e78a380.i2c-bus: i2c bus 9 registered, irq 30
Jul 25 03:43:52 witherspoon kernel[979]: [    3.830000] aspeed-i2c-bus 1e78a3c0.i2c-bus: i2c bus 10 registered, irq 31
Jul 25 03:43:52 witherspoon kernel[979]: [    3.830000] rtc-rv8803 11-0032: Voltage low, temperature compensation stopped.
Jul 25 03:43:52 witherspoon kernel[979]: [    3.830000] rtc-rv8803 11-0032: An alarm maybe have been missed.
Jul 25 03:43:52 witherspoon kernel[979]: [    3.940000] rtc-rv8803 11-0032: rtc core: registered rx8900 as rtc0
Jul 25 03:43:52 witherspoon kernel[979]: [    3.950000] at24 11-0051: 8192 byte 24c64 EEPROM, writable, 1 bytes/write
Jul 25 03:43:52 witherspoon kernel[979]: [    3.950000] aspeed-i2c-bus 1e78a400.i2c-bus: i2c bus 11 registered, irq 32
Jul 25 03:43:52 witherspoon kernel[979]: [    3.950000] aspeed-i2c-bus 1e78a440.i2c-bus: i2c bus 12 registered, irq 33
Jul 25 03:43:52 witherspoon kernel[979]: [    3.950000] aspeed-i2c-bus 1e78a480.i2c-bus: i2c bus 13 registered, irq 34
Jul 25 03:43:52 witherspoon kernel[979]: [    3.950000] Driver for 1-wire Dallas network protocol.
Jul 25 03:43:52 witherspoon kernel[979]: [    3.950000] lm75 9-004a: hwmon0: sensor 'tmp275'
Jul 25 03:43:52 witherspoon kernel[979]: [    4.430000] ucd9000 11-0064: Device ID UCD90160|2.3.4.0000|110603
Jul 25 03:43:52 witherspoon kernel[979]: [    4.760000] leds-pca955x 3-0060: leds-pca955x: Using pca9552 16-bit LED driver at slave address 0x60
Jul 25 03:43:52 witherspoon kernel[979]: [    4.780000] leds-pca955x 11-0060: leds-pca955x: Using pca9552 16-bit LED driver at slave address 0x60
Jul 25 03:43:52 witherspoon kernel[979]: [    4.790000] leds-pca955x 11-0060: gpios 264...279
Jul 25 03:43:52 witherspoon kernel[979]: [    4.800000] usbcore: registered new interface driver usbhid
Jul 25 03:43:52 witherspoon kernel[979]: [    4.800000] usbhid: USB HID core driver
Jul 25 03:43:52 witherspoon kernel[979]: [    4.850000] dps310: probe of 3-0076 failed with error -5
Jul 25 03:43:52 witherspoon kernel[979]: [    4.850000] NET: Registered protocol family 10
Jul 25 03:43:52 witherspoon kernel[979]: [    4.860000] Segment Routing with IPv6
Jul 25 03:43:52 witherspoon kernel[979]: [    4.860000] NET: Registered protocol family 17
Jul 25 03:43:52 witherspoon kernel[979]: [    4.860000] 8021q: 802.1Q VLAN Support v1.8
Jul 25 03:43:52 witherspoon kernel[979]: [    4.880000] console [netcon0] enabled
Jul 25 03:43:52 witherspoon kernel[979]: [    4.880000] netconsole: network logging started
Jul 25 03:43:52 witherspoon kernel[979]: [    4.880000] input: gpio-keys as /devices/platform/gpio-keys/input/input0
Jul 25 03:43:52 witherspoon kernel[979]: [    4.880000] rtc-rv8803 11-0032: setting system clock to 2017-07-25 03:43:23 UTC (1500954203)
Jul 25 03:43:52 witherspoon kernel[979]: [    4.880000] Freeing unused kernel memory: 284K
Jul 25 03:43:52 witherspoon kernel[979]: [    4.880000] This architecture does not have kernel memory protection.
Jul 25 03:43:52 witherspoon kernel[979]: [    6.300000] jffs2: notice: (526) jffs2_build_xattr_subsystem: complete building xattr subsystem, 0 of xdatum (0 unchecked, 0 orphan) and 0 of xref (0 dead, 0 orphan) found.
Jul 25 03:43:52 witherspoon kernel[979]: [    8.480000] systemd[1]: Failed to insert module 'autofs4': No such file or directory
Jul 25 03:43:52 witherspoon kernel[979]: [    8.680000] systemd[1]: systemd 232 running in system mode. (+PAM -AUDIT -SELINUX -IMA -APPARMOR -SMACK +SYSVINIT -UTMP -LIBCRYPTSETUP -GCRYPT -GNUTLS +ACL +XZ -LZ4 -SECCOMP +BLKID -ELFUTILS +KMOD -IDN)
Jul 25 03:43:52 witherspoon kernel[979]: [    8.680000] systemd[1]: Detected architecture arm.
Jul 25 03:43:52 witherspoon kernel[979]: [    8.840000] systemd[1]: Set hostname to <witherspoon>.
Jul 25 03:43:52 witherspoon kernel[979]: [   10.280000] systemd[1]: Started Forward Password Requests to Wall Directory Watch.
Jul 25 03:43:52 witherspoon kernel[979]: [   10.450000] systemd[1]: Listening on Syslog Socket.
Jul 25 03:43:52 witherspoon kernel[979]: [   10.480000] systemd[1]: Listening on udev Control Socket.
Jul 25 03:43:52 witherspoon kernel[979]: [   10.520000] systemd[1]: Listening on udev Kernel Socket.
Jul 25 03:43:52 witherspoon kernel[979]: [   10.560000] systemd[1]: Listening on /dev/initctl Compatibility Named Pipe.
Jul 25 03:43:52 witherspoon kernel[979]: [   10.600000] systemd[1]: Started Dispatch Password Requests to Console Directory Watch.
Jul 25 03:43:52 witherspoon kernel[979]: [   10.640000] systemd[1]: Reached target Paths.
Jul 25 03:43:52 witherspoon kernel[979]: [   13.910000] systemd[1]: Mounting Debug File System...
Jul 25 03:43:52 witherspoon kernel[979]: [   14.170000] systemd[1]: dev-hugepages.mount: Couldn't determine result for ConditionVirtualization=!private-users, assuming failed: No such file or directory
Jul 25 03:43:52 witherspoon kernel[979]: [   14.170000] systemd[1]: Starting Remount Root and Kernel File Systems...
Jul 25 03:43:52 witherspoon kernel[979]: [   14.440000] systemd[1]: Created slice system-getty.slice.
Jul 25 03:43:52 witherspoon kernel[979]: [   14.720000] systemd[1]: Created slice system-org.openbmc.buttons.reset.slice.
Jul 25 03:43:52 witherspoon kernel[979]: [   15.010000] systemd[1]: Mounted Debug File System.
Jul 25 03:43:52 witherspoon kernel[979]: [   15.310000] systemd[1]: Mounted Temporary Directory.
Jul 25 03:43:52 witherspoon kernel[979]: [   15.620000] systemd[1]: Started Journal Service.
Jul 25 03:43:52 witherspoon kernel[979]: [   17.320000] systemd-journald[547]: Received request to flush runtime journal from PID 1
Jul 25 03:43:56 witherspoon kernel[979]: [   37.340000] ftgmac100 1e660000.ethernet eth0: NCSI interface up
Jul 25 03:43:56 witherspoon avahi-daemon[978]: Found user 'avahi' (UID 999) and group 'avahi' (GID 999).
Jul 25 03:43:56 witherspoon avahi-daemon[978]: Successfully dropped root privileges.
Jul 25 03:43:56 witherspoon avahi-daemon[978]: avahi-daemon 0.6.32 starting up.
Jul 25 03:43:56 witherspoon avahi-daemon[978]: Successfully called chroot().
Jul 25 03:43:56 witherspoon avahi-daemon[978]: Successfully dropped remaining capabilities.
Jul 25 03:43:56 witherspoon avahi-daemon[978]: Loading service file /services/obmc_console.service.
Jul 25 03:43:56 witherspoon avahi-daemon[978]: Loading service file /services/phosphor_rest.service.
Jul 25 03:43:56 witherspoon avahi-daemon[978]: Loading service file /services/sftp-ssh.service.
Jul 25 03:43:56 witherspoon avahi-daemon[978]: Loading service file /services/sftp.service.
Jul 25 03:43:56 witherspoon avahi-daemon[978]: Loading service file /services/ssh.service.
Jul 25 03:43:56 witherspoon avahi-daemon[978]: Joining mDNS multicast group on interface eth0.IPv6 with address fe80::72e2:84ff:fe14:23e1.
Jul 25 03:43:56 witherspoon avahi-daemon[978]: New relevant interface eth0.IPv6 for mDNS.
Jul 25 03:43:56 witherspoon avahi-daemon[978]: Joining mDNS multicast group on interface eth0.IPv4 with address 9.3.86.161.
Jul 25 03:43:56 witherspoon avahi-daemon[978]: New relevant interface eth0.IPv4 for mDNS.
Jul 25 03:43:56 witherspoon avahi-daemon[978]: Network interface enumeration completed.
Jul 25 03:43:56 witherspoon avahi-daemon[978]: Registering new address record for fe80::72e2:84ff:fe14:23e1 on eth0.*.
Jul 25 03:43:56 witherspoon avahi-daemon[978]: Registering new address record for 9.3.86.161 on eth0.IPv4.
Jul 25 03:43:56 witherspoon avahi-daemon[978]: Withdrawing address record for 9.3.86.161 on eth0.
Jul 25 03:43:56 witherspoon avahi-daemon[978]: Host name conflict, retrying with witherspoon-2
Jul 25 03:43:56 witherspoon avahi-daemon[978]: Registering new address record for fe80::72e2:84ff:fe14:23e1 on eth0.*.
Jul 25 03:43:56 witherspoon avahi-daemon[978]: Registering new address record for 9.3.86.161 on eth0.IPv4.
Jul 25 03:43:57 witherspoon avahi-daemon[978]: Withdrawing address record for 9.3.86.161 on eth0.
Jul 25 03:43:57 witherspoon avahi-daemon[978]: Host name conflict, retrying with witherspoon-3
Jul 25 03:43:57 witherspoon avahi-daemon[978]: Registering new address record for fe80::72e2:84ff:fe14:23e1 on eth0.*.
Jul 25 03:43:57 witherspoon avahi-daemon[978]: Registering new address record for 9.3.86.161 on eth0.IPv4.
Jul 25 03:43:59 witherspoon avahi-daemon[978]: Withdrawing address record for 9.3.86.161 on eth0.
Jul 25 03:43:59 witherspoon avahi-daemon[978]: Host name conflict, retrying with witherspoon-4
Jul 25 03:43:59 witherspoon avahi-daemon[978]: Registering new address record for fe80::72e2:84ff:fe14:23e1 on eth0.*.
Jul 25 03:43:59 witherspoon avahi-daemon[978]: Registering new address record for 9.3.86.161 on eth0.IPv4.
Jul 25 03:43:59 witherspoon systemd[1]: Started Phosphor Dump Manager.
Jul 25 03:43:59 witherspoon avahi-daemon[978]: Withdrawing address record for 9.3.86.161 on eth0.
Jul 25 03:43:59 witherspoon avahi-daemon[978]: Host name conflict, retrying with witherspoon-5
Jul 25 03:43:59 witherspoon avahi-daemon[978]: Registering new address record for fe80::72e2:84ff:fe14:23e1 on eth0.*.
Jul 25 03:43:59 witherspoon avahi-daemon[978]: Registering new address record for 9.3.86.161 on eth0.IPv4.
Jul 25 03:44:00 witherspoon systemd[1]: Started Phosphor Version Software Manager.
Jul 25 03:44:00 witherspoon avahi-daemon[978]: Withdrawing address record for 9.3.86.161 on eth0.
Jul 25 03:44:00 witherspoon avahi-daemon[978]: Host name conflict, retrying with witherspoon-6
Jul 25 03:44:00 witherspoon avahi-daemon[978]: Registering new address record for fe80::72e2:84ff:fe14:23e1 on eth0.*.
Jul 25 03:44:00 witherspoon avahi-daemon[978]: Registering new address record for 9.3.86.161 on eth0.IPv4.
Jul 25 03:44:02 witherspoon avahi-daemon[978]: Withdrawing address record for 9.3.86.161 on eth0.
Jul 25 03:44:02 witherspoon avahi-daemon[978]: Host name conflict, retrying with witherspoon-7
Jul 25 03:44:02 witherspoon avahi-daemon[978]: Registering new address record for fe80::72e2:84ff:fe14:23e1 on eth0.*.
Jul 25 03:44:02 witherspoon avahi-daemon[978]: Registering new address record for 9.3.86.161 on eth0.IPv4.
Jul 25 03:44:03 witherspoon avahi-daemon[978]: Withdrawing address record for 9.3.86.161 on eth0.
Jul 25 03:44:03 witherspoon avahi-daemon[978]: Host name conflict, retrying with witherspoon-8
Jul 25 03:44:03 witherspoon avahi-daemon[978]: Registering new address record for fe80::72e2:84ff:fe14:23e1 on eth0.*.
Jul 25 03:44:03 witherspoon avahi-daemon[978]: Registering new address record for 9.3.86.161 on eth0.IPv4.
Jul 25 03:44:04 witherspoon avahi-daemon[978]: Withdrawing address record for 9.3.86.161 on eth0.
Jul 25 03:44:04 witherspoon avahi-daemon[978]: Host name conflict, retrying with witherspoon-9
Jul 25 03:44:04 witherspoon avahi-daemon[978]: Registering new address record for fe80::72e2:84ff:fe14:23e1 on eth0.*.
Jul 25 03:44:04 witherspoon avahi-daemon[978]: Registering new address record for 9.3.86.161 on eth0.IPv4.
Jul 25 03:44:04 witherspoon systemd[1]: Created slice system-dropbear.slice.
Jul 25 03:44:04 witherspoon systemd[1]: Started SSH Per-Connection Server (9.41.165.94:44346).
Jul 25 03:44:05 witherspoon avahi-daemon[978]: Withdrawing address record for 9.3.86.161 on eth0.
Jul 25 03:44:05 witherspoon avahi-daemon[978]: Host name conflict, retrying with witherspoon-10
Jul 25 03:44:05 witherspoon avahi-daemon[978]: Registering new address record for fe80::72e2:84ff:fe14:23e1 on eth0.*.
Jul 25 03:44:05 witherspoon avahi-daemon[978]: Registering new address record for 9.3.86.161 on eth0.IPv4.
Jul 25 03:44:05 witherspoon dropbear[1008]: Failed loading /etc/dropbear/dropbear_dss_host_key
Jul 25 03:44:05 witherspoon dropbear[1008]: Failed loading /etc/dropbear/dropbear_ecdsa_host_key
Jul 25 03:44:05 witherspoon dropbear[1008]: Child connection from ::ffff:9.41.165.94:44346
Jul 25 03:44:06 witherspoon systemd-networkd[953]: eth0: Configured
Jul 25 03:44:06 witherspoon systemd-timesyncd[911]: Network configuration changed, trying to establish connection.
Jul 25 03:44:08 witherspoon avahi-daemon[978]: Withdrawing address record for 9.3.86.161 on eth0.
Jul 25 03:44:08 witherspoon avahi-daemon[978]: Host name conflict, retrying with witherspoon-11
Jul 25 03:44:08 witherspoon avahi-daemon[978]: Registering new address record for fe80::72e2:84ff:fe14:23e1 on eth0.*.
Jul 25 03:44:08 witherspoon avahi-daemon[978]: Registering new address record for 9.3.86.161 on eth0.IPv4.
Jul 25 03:44:09 witherspoon avahi-daemon[978]: Server startup complete. Host name is witherspoon-11.local. Local service cookie is 1677458500.
Jul 25 03:44:11 witherspoon avahi-daemon[978]: Service name conflict for "sftp" (/services/sftp.service), retrying with "sftp #2".
Jul 25 03:44:11 witherspoon avahi-daemon[978]: Service name conflict for "obmc_console" (/services/obmc_console.service), retrying with "obmc_console #2".
Jul 25 03:44:11 witherspoon avahi-daemon[978]: Service name conflict for "phosphor_rest" (/services/phosphor_rest.service), retrying with "phosphor_rest #2".
Jul 25 03:44:11 witherspoon avahi-daemon[978]: Service "witherspoon-11" (/services/ssh.service) successfully established.
Jul 25 03:44:11 witherspoon avahi-daemon[978]: Service "witherspoon-11" (/services/sftp-ssh.service) successfully established.
Jul 25 03:44:12 witherspoon avahi-daemon[978]: Service "sftp #2" (/services/sftp.service) successfully established.
Jul 25 03:44:12 witherspoon avahi-daemon[978]: Service "obmc_console #2" (/services/obmc_console.service) successfully established.
Jul 25 03:44:12 witherspoon avahi-daemon[978]: Service "phosphor_rest #2" (/services/phosphor_rest.service) successfully established.
Jul 25 03:44:13 witherspoon chassis_control.py[982]: Running ChassisControlService
Jul 25 03:44:13 witherspoon systemd[1]: Started Phosphor Chassis0 Control.
Jul 25 03:44:14 witherspoon dropbear[1008]: PAM password auth succeeded for 'root' from ::ffff:9.41.165.94:44346
Jul 25 03:44:15 witherspoon dropbear[1009]: lastlog_perform_login: Couldn't stat /var/log/lastlog: No such file or directory
Jul 25 03:44:15 witherspoon dropbear[1009]: lastlog_openseek: /var/log/lastlog is not a file or directory!
Jul 25 03:44:15 witherspoon sensor_manager2.py[987]: Setting boot count to 3
Jul 25 03:44:15 witherspoon sensor_manager2.py[987]: Starting sensor manager
Jul 25 03:44:15 witherspoon systemd[1]: Started Phosphor Sensor Manager.
Jul 25 03:44:15 witherspoon download_manager.py[958]: Running Download Manager
Jul 25 03:44:15 witherspoon systemd[1]: Started Phosphor Download Manager.
Jul 25 03:44:15 witherspoon inventory_items.py[980]: Loading from cache: /var/cache/obmc/org.openbmc.inventory.system.chassis.motherboard.apss@org.openbmc.InventoryItem.props
Jul 25 03:44:15 witherspoon inventory_items.py[980]: Loading from cache: /var/cache/obmc/org.openbmc.inventory.system.chassis.motherboard@org.openbmc.InventoryItem.props
Jul 25 03:44:15 witherspoon inventory_items.py[980]: Loading from cache: /var/cache/obmc/org.openbmc.inventory.system.chassis.motherboard.refclock@org.openbmc.InventoryItem.props
Jul 25 03:44:16 witherspoon phosphor-mapper[956]: ObjectMapper startup complete.  Discovery in progress...
Jul 25 03:44:16 witherspoon inventory_items.py[980]: Loading from cache: /var/cache/obmc/org.openbmc.inventory.system.chassis.motherboard.cpu1.core7@org.openbmc.InventoryItem.props
Jul 25 03:44:16 witherspoon inventory_items.py[980]: Loading from cache: /var/cache/obmc/org.openbmc.inventory.system.chassis.motherboard.cpu1.core4@org.openbmc.InventoryItem.props
Jul 25 03:44:16 witherspoon inventory_items.py[980]: Loading from cache: /var/cache/obmc/org.openbmc.inventory.system.chassis.motherboard.cpu1.core1@org.openbmc.InventoryItem.props
Jul 25 03:44:16 witherspoon inventory_items.py[980]: Loading from cache: /var/cache/obmc/org.openbmc.inventory.system.chassis.motherboard.cpu1.core10@org.openbmc.InventoryItem.props
Jul 25 03:44:16 witherspoon inventory_items.py[980]: Loading from cache: /var/cache/obmc/org.openbmc.inventory.system.chassis.motherboard.todclock@org.openbmc.InventoryItem.props
Jul 25 03:44:16 witherspoon inventory_items.py[980]: Loading from cache: /var/cache/obmc/org.openbmc.inventory.system.chassis.motherboard.cpu1@org.openbmc.InventoryItem.props
Jul 25 03:44:16 witherspoon inventory_items.py[980]: Loading from cache: /var/cache/obmc/org.openbmc.inventory.system.chassis.motherboard.bmc@org.openbmc.InventoryItem.props
Jul 25 03:44:16 witherspoon inventory_items.py[980]: Caching: /org/openbmc/inventory/system/chassis/motherboard/bmc
Jul 25 03:44:16 witherspoon inventory_items.py[980]: Loading from cache: /var/cache/obmc/org.openbmc.inventory.system.chassis.motherboard.cpu0.core1@org.openbmc.InventoryItem.props
Jul 25 03:44:16 witherspoon inventory_items.py[980]: Loading from cache: /var/cache/obmc/org.openbmc.inventory.system.chassis.motherboard.cpu0.core7@org.openbmc.InventoryItem.props
Jul 25 03:44:16 witherspoon inventory_items.py[980]: Loading from cache: /var/cache/obmc/org.openbmc.inventory.system.chassis.motherboard.cpu0.core4@org.openbmc.InventoryItem.props
Jul 25 03:44:16 witherspoon inventory_items.py[980]: Loading from cache: /var/cache/obmc/org.openbmc.inventory.system.chassis.motherboard.pcieclock@org.openbmc.InventoryItem.props
Jul 25 03:44:16 witherspoon inventory_items.py[980]: Loading from cache: /var/cache/obmc/org.openbmc.inventory.system.chassis.motherboard.cpu0.core10@org.openbmc.InventoryItem.props
Jul 25 03:44:16 witherspoon systemd[1]: Started Phosphor Inventory Manager.
Jul 25 03:44:16 witherspoon inventory_items.py[980]: Running Inventory Manager
Jul 25 03:44:17 witherspoon avahi-daemon[997]: ../../avahi-0.6.32/avahi-daemon/chroot.c: open() failed: No such file or directory
Jul 25 03:44:17 witherspoon avahi-daemon[978]: Failed to open /usr/share/dbus-1/interfaces/org.freedesktop.Avahi.Server.xml: Invalid argument
Jul 25 03:44:17 witherspoon avahi-daemon[978]: Failed to load introspection data.
Jul 25 03:44:20 witherspoon systemd[1]: Started Phosphor User Manager.
Jul 25 03:44:20 witherspoon obmc-phosphor-userd[950]: Started
Jul 25 03:44:21 witherspoon netman.py[964]: Started
Jul 25 03:44:21 witherspoon systemd[1]: Started Phosphor Network Manager.
Jul 25 03:44:31 witherspoon phosphor-mapper[956]: ObjectMapper discovery complete
Jul 25 03:44:31 witherspoon systemd[1]: Started Phosphor DBus Service Discovery Manager.
Jul 25 03:44:31 witherspoon systemd[1]: Reached target Phosphor Object Mapper.
Jul 25 03:44:31 witherspoon systemd[1]: Starting Wait for /org/openbmc/control/flash/bios...
Jul 25 03:44:31 witherspoon systemd[1]: Starting Wait for /xyz/openbmc_project/inventory...
Jul 25 03:44:31 witherspoon systemd[1]: Starting Wait for /xyz/openbmc_project/control/host0...
Jul 25 03:44:31 witherspoon systemd[1]: Starting Wait for /xyz/openbmc_project/led/groups/bmc_booted...
Jul 25 03:44:31 witherspoon systemd[1]: Starting Wait for /xyz/openbmc_project/led/groups...
Jul 25 03:44:31 witherspoon systemd[1]: Starting Wait for /xyz/openbmc_project/state/chassis0...
Jul 25 03:44:31 witherspoon systemd[1]: Reached target Webserver (pre).
Jul 25 03:44:31 witherspoon systemd[1]: Started Phosphor Webserver.
Jul 25 03:44:31 witherspoon systemd[1]: Starting Wait for /xyz/openbmc_project/state/host0...
Jul 25 03:44:31 witherspoon systemd[1]: Starting Wait for /org/openbmc/NetworkManager/Interface...
Jul 25 03:44:31 witherspoon systemd[1]: Started Phosphor DBus Monitor.
Jul 25 03:44:31 witherspoon systemd[1]: Starting Phosphor Network Manager...
Jul 25 03:44:31 witherspoon systemd[1]: Starting Wait for /org/openbmc/managers/Download...
Jul 25 03:44:31 witherspoon systemd[1]: Starting Wait for /org/openbmc/control/bmc0...
Jul 25 03:44:31 witherspoon systemd[1]: Starting Wait for /org/openbmc/managers/System...
Jul 25 03:44:32 witherspoon systemd[1]: Starting Phoshpor System Manager...
Jul 25 03:44:32 witherspoon systemd[1]: Starting Wait for /org/openbmc/control/power0...
Jul 25 03:44:32 witherspoon systemd[1]: Starting Phosphor Settings Manager...
Jul 25 03:44:33 witherspoon systemd[1]: Started Wait for /org/openbmc/NetworkManager/Interface.
Jul 25 03:44:33 witherspoon systemd[1]: Started Phosphor DNS Settings Cache Manager.
Jul 25 03:44:33 witherspoon systemd[1]: Started Wait for /org/openbmc/control/bmc0.
Jul 25 03:44:33 witherspoon systemd[1]: Started Wait for /org/openbmc/managers/Download.
Jul 25 03:44:33 witherspoon systemd[1]: Starting Phosphor BMC Code Update...
Jul 25 03:44:33 witherspoon systemd[1]: Starting Phosphor BIOS Code Update...
Jul 25 03:44:33 witherspoon systemd[1]: Started Phosphor BIOS Code Update.
Jul 25 03:44:33 witherspoon systemd[1]: Started Wait for /xyz/openbmc_project/inventory.
Jul 25 03:44:33 witherspoon systemd[1]: Starting OpenPOWER OCC controller...
Jul 25 03:44:33 witherspoon systemd[1]: Started Phosphor Cooling Type.
Jul 25 03:44:33 witherspoon systemd[1]: Starting Read OpenPOWER-format VPD from EEPROM...
Jul 25 03:44:34 witherspoon systemd[1]: Started Wait for /xyz/openbmc_project/led/groups.
Jul 25 03:44:34 witherspoon systemd[1]: Started FRU Fault monitor service.
Jul 25 03:44:34 witherspoon systemd[1]: Started Wait for /xyz/openbmc_project/led/groups/bmc_booted.
Jul 25 03:44:34 witherspoon systemd[1]: Starting Assert bmc_booted LED...
Jul 25 03:44:34 witherspoon systemd[1]: Started OpenPOWER OCC controller.
Jul 25 03:44:36 witherspoon phosphor-network-manager[1025]: ConfigParser: Section not found
Jul 25 03:44:36 witherspoon phosphor-network-manager[1025]: The operation failed internally.
Jul 25 03:44:36 witherspoon phosphor-network-manager[1025]: ConfigParser: Section not found
Jul 25 03:44:36 witherspoon phosphor-network-manager[1025]: The operation failed internally.
Jul 25 03:44:36 witherspoon phosphor-network-manager[1025]: ConfigParser: Key not found
Jul 25 03:44:36 witherspoon phosphor-network-manager[1025]: The operation failed internally.
Jul 25 03:44:37 witherspoon phosphor-log-manager[970]: Failed to find metadata
Jul 25 03:44:38 witherspoon systemd[1]: Started Assert bmc_booted LED.
Jul 25 03:44:38 witherspoon systemd[1]: Started Read OpenPOWER-format VPD from EEPROM.
Jul 25 03:44:41 witherspoon dbus[952]: [system] Activating via systemd: service name='org.freedesktop.hostname1' unit='dbus-org.freedesktop.hostname1.service'
Jul 25 03:44:41 witherspoon systemd[1]: Starting Hostname Service...
Jul 25 03:44:41 witherspoon systemd[1054]: systemd-hostnamed.service: Failed at step NETWORK spawning /lib/systemd/systemd-hostnamed: Invalid argument
Jul 25 03:44:41 witherspoon systemd[1]: systemd-hostnamed.service: Main process exited, code=exited, status=225/NETWORK
Jul 25 03:44:41 witherspoon systemd[1]: Failed to start Hostname Service.
Jul 25 03:44:41 witherspoon systemd[1]: systemd-hostnamed.service: Unit entered failed state.
Jul 25 03:44:41 witherspoon systemd[1]: systemd-hostnamed.service: Failed with result 'exit-code'.
Jul 25 03:44:43 witherspoon systemd[1]: Started Wait for /org/openbmc/control/flash/bios.
Jul 25 03:44:43 witherspoon systemd[1]: Started Initialize BIOS Flash.
Jul 25 03:44:47 witherspoon flash_bios.exe[1036]: Starting flasher: bios,,/org/openbmc/control/flash/bios,
Jul 25 03:44:47 witherspoon flash_bios.exe[1036]: flasher: , BMC = 1, address = 0x0
Jul 25 03:44:47 witherspoon flash_bios.exe[1036]: Setting up flash
Jul 25 03:44:47 witherspoon systemd[1]: Started Phosphor Settings Manager.
Jul 25 03:44:47 witherspoon system_manager.py[1029]: Running System State: BASE_APPS
Jul 25 03:44:47 witherspoon system_manager.py[1029]: SystemManager Init Done
Jul 25 03:44:47 witherspoon system_manager.py[1029]: Running SystemManager
Jul 25 03:44:47 witherspoon settings_manager.py[1031]: Running HostSettingsService
Jul 25 03:44:47 witherspoon flash_bios.exe[1036]: Starting flasher: bios,,/org/openbmc/control/flash/bios,
Jul 25 03:44:47 witherspoon flash_bios.exe[1036]: flasher: , BMC = 1, address = 0x0
Jul 25 03:44:47 witherspoon flash_bios.exe[1036]: Setting up flash
Jul 25 03:44:47 witherspoon systemd[1]: Starting Wait for /org/openbmc/settings/host0...
Jul 25 03:44:47 witherspoon systemd[1]: Started Phoshpor System Manager.
Jul 25 03:44:47 witherspoon system_manager.py[1029]: SystemManager Goto System State: BMC_STARTING
Jul 25 03:44:47 witherspoon system_manager.py[1029]: Running System State: BMC_STARTING
Jul 25 03:44:47 witherspoon systemd[1]: Started Wait for /org/openbmc/settings/host0.
Jul 25 03:44:47 witherspoon systemd[1]: Started Phosphor Inband IPMI.
Jul 25 03:44:49 witherspoon systemd[1]: Started Wait for /org/openbmc/managers/System.
Jul 25 03:44:49 witherspoon systemd[1]: Starting Phosphor Power Button0...
Jul 25 03:44:49 witherspoon systemd[1]: Starting Phosphor Host State Manager...
Jul 25 03:44:50 witherspoon bmc_update.py[1035]: Running Bmc Flash Control
Jul 25 03:44:49 witherspoon systemd[1]: Starting Phosphor Power0 Control...
Jul 25 03:44:49 witherspoon systemd[1]: Starting Phosphor BMC State Manager...
Jul 25 03:44:49 witherspoon systemd[1]: Starting Phosphor Reset Button0...
Jul 25 03:44:49 witherspoon systemd[1]: Starting Phosphor Chassis State Manager...
Jul 25 03:44:49 witherspoon systemd[1]: Started Phosphor BMC Code Update.
Jul 25 03:44:49 witherspoon phosphor-chassis-state-manager[1078]: Initial Chassis State will be Off
Jul 25 03:44:49 witherspoon systemd[1]: Started Phosphor Chassis State Manager.
Jul 25 03:44:51 witherspoon phosphor-host-state-manager[1073]: Initial Host State will be Off
Jul 25 03:44:51 witherspoon system_manager.py[1029]: New object: /org/openbmc/control/power0 (:1.74)
Jul 25 03:44:51 witherspoon systemd[1]: Started Phosphor Host State Manager.
Jul 25 03:44:51 witherspoon phosphor-bmc-state-manager[1076]: Setting the BMCState field
Jul 25 03:44:51 witherspoon phosphor-bmc-state-manager[1076]: Setting the BMCState field
Jul 25 03:44:52 witherspoon systemd[1]: Started Phosphor BMC State Manager.
Jul 25 03:44:52 witherspoon system_manager.py[1029]: Power GPIO config: ['SYS_PWROK_BUFF', '', [('SOFTWARE_PGOOD', True), ('BMC_POWER_UP', True)], [('BMC_CP0_RESET_N', False)], [], 'FSI_DATA', 'FSI_CLK', 'FSI_ENABLE', 'CRONUS_SEL', []]
Jul 25 03:44:54 witherspoon power_control.exe[1075]: Power GPIO latch output:
Jul 25 03:44:54 witherspoon power_control.exe[1075]: Power GPIO power good input: SYS_PWROK_BUFF
Jul 25 03:44:54 witherspoon power_control.exe[1075]: Power GPIO 2 power_up outputs
Jul 25 03:44:54 witherspoon power_control.exe[1075]: Power GPIO power_up[0] = SOFTWARE_PGOOD active HIGH
Jul 25 03:44:54 witherspoon power_control.exe[1075]: Power GPIO power_up[1] = BMC_POWER_UP active HIGH
Jul 25 03:44:54 witherspoon power_control.exe[1075]: Power GPIO 1 reset outputs
Jul 25 03:44:54 witherspoon power_control.exe[1075]: Power GPIO reset[0] = BMC_CP0_RESET_N active LOW
Jul 25 03:44:54 witherspoon power_control.exe[1075]: Power GPIO 0 pci reset outputs
Jul 25 03:44:54 witherspoon power_control.exe[1075]: FSI DATA GPIO: FSI_DATA
Jul 25 03:44:54 witherspoon power_control.exe[1075]: FSI CLK GPIO: FSI_CLK
Jul 25 03:44:54 witherspoon power_control.exe[1075]: FSI ENABLE GPIO: FSI_ENABLE
Jul 25 03:44:54 witherspoon power_control.exe[1075]: CRONUS SEL GPIO: CRONUS_SEL
Jul 25 03:44:54 witherspoon power_control.exe[1075]: Hostctl GPIO optionals: 0
Jul 25 03:44:54 witherspoon button_power.exe[1072]: GPIO Lookup:  POWER_BUTTON = 347,both
Jul 25 03:44:54 witherspoon button_reset.exe[1077]: GPIO Lookup:  RESET_BUTTON = 353,both
Jul 25 03:44:54 witherspoon systemd[1]: Started Wait for /xyz/openbmc_project/state/chassis0.
Jul 25 03:44:54 witherspoon systemd[1]: Started Phosphor Reset Button0.
Jul 25 03:44:55 witherspoon systemd[1]: Started Phosphor Power Button0.
Jul 25 03:44:55 witherspoon power_control.exe[1075]: GPIO Lookup:  SYS_PWROK_BUFF = 306,in
Jul 25 03:44:55 witherspoon power_control.exe[1075]: GPIO Lookup:  SOFTWARE_PGOOD = 417,out
Jul 25 03:44:55 witherspoon power_control.exe[1075]: GPIO Lookup:  BMC_POWER_UP = 305,out
Jul 25 03:44:55 witherspoon power_control.exe[1075]: GPIO Lookup:  BMC_CP0_RESET_N = 281,out
Jul 25 03:44:55 witherspoon power_control.exe[1075]: Pgood state: 0
Jul 25 03:44:55 witherspoon systemd[1]: Started Phosphor Power0 Control.
Jul 25 03:44:56 witherspoon systemd[1]: Started Wait for /xyz/openbmc_project/control/host0.
Jul 25 03:44:56 witherspoon systemd[1]: Started Wait for /xyz/openbmc_project/state/host0.
Jul 25 03:44:56 witherspoon systemd[1]: Starting Reboot If Enabled...
Jul 25 03:44:58 witherspoon system_manager.py[1029]: SystemManager Goto System State: BMC_READY
Jul 25 03:44:58 witherspoon system_manager.py[1029]: Running System State: BMC_READY
Jul 25 03:44:58 witherspoon systemd[1]: Started Wait for /org/openbmc/control/power0.
Jul 25 03:44:58 witherspoon systemd[1]: Starting Phosphor Time Manager daemon...
Jul 25 03:44:58 witherspoon systemd[1]: Starting Check Chassis0 pgood and create a file to indicate it...
Jul 25 03:44:58 witherspoon phosphor-discover-system-state[1102]: Host power is off, checking power policy
Jul 25 03:44:58 witherspoon systemd[1]: Started Reboot If Enabled.
Jul 25 03:44:59 witherspoon timemanager[1104]: Registering dbus methods
Jul 25 03:44:59 witherspoon timemanager[1104]: Last known time_mode: NTP
Jul 25 03:44:59 witherspoon timemanager[1104]: Last known time_owner: BMC
Jul 25 03:44:59 witherspoon timemanager[1104]: Empty DhcpNtp string
Jul 25 03:44:59 witherspoon timemanager[1104]: Reading Power Control key: pgood
Jul 25 03:44:59 witherspoon systemd[1]: Started Check Chassis0 pgood and create a file to indicate it.
Jul 25 03:44:59 witherspoon systemd[1]: Reached target Chassis0 power on after reset.
Jul 25 03:44:59 witherspoon systemd[1]: Reached target Host0 running after reset.
Jul 25 03:44:59 witherspoon systemd[1]: Reached target Host0 (Reset Check).
Jul 25 03:44:59 witherspoon systemd[1]: Reached target Chassis0 (Reset Check).
Jul 25 03:44:59 witherspoon timemanager[1104]: Changing settings *allowed* now
Jul 25 03:44:59 witherspoon timemanager[1104]: Getting System Settings: time_mode
Jul 25 03:44:59 witherspoon timemanager[1104]: Requested_Mode: NTP Current_Mode: NTP
Jul 25 03:44:59 witherspoon timemanager[1104]: Mode is already set to : NTP
Jul 25 03:44:59 witherspoon timemanager[1104]: Getting System Settings: time_owner
Jul 25 03:44:59 witherspoon timemanager[1104]: Owner is already set to : BMC
Jul 25 03:44:59 witherspoon timemanager[1104]: Getting System Settings: use_dhcp_ntp
Jul 25 03:44:59 witherspoon timemanager[1104]: use_dhcp_ntp = yes
Jul 25 03:44:59 witherspoon timemanager[1104]: Last known host_offset:0
Jul 25 03:44:59 witherspoon timemanager[1104]: Initial Uptime Usec: 1500954198596366
Jul 25 03:44:59 witherspoon systemd[1]: Started Phosphor Time Manager daemon.
Jul 25 03:45:04 witherspoon phosphor-network-manager[1025]: Failed to get hostname
Jul 25 03:45:04 witherspoon phosphor-network-manager[1025]: The operation failed internally.
Jul 25 03:45:05 witherspoon phosphor-log-manager[970]: Failed to find metadata
Jul 25 03:45:05 witherspoon systemd[1]: Started Phosphor Network Manager.
Jul 25 03:45:05 witherspoon systemd[1]: Reached target Phosphor System - Standby.
Jul 25 03:45:05 witherspoon systemd[1]: Startup finished in 8.361s (kernel) + 1min 38.276s (userspace) = 1min 46.638s.
Jul 25 03:45:05 witherspoon phosphor-bmc-state-manager[1076]: BMC_READY
Jul 25 03:45:05 witherspoon phosphor-bmc-state-manager[1076]: Setting the BMCState field
Jul 25 03:45:06 witherspoon dbus[952]: [system] Failed to activate service 'org.freedesktop.hostname1': timed out
Jul 25 03:45:08 witherspoon phosphor-gevent[1021]: Traceback (most recent call last):
Jul 25 03:45:08 witherspoon phosphor-gevent[1021]:   File "/usr/lib/python2.7/site-packages/gevent/greenlet.py", line 327, in run
Jul 25 03:45:08 witherspoon phosphor-gevent[1021]:     result = self._run(*self.args, **self.kwargs)
Jul 25 03:45:08 witherspoon phosphor-gevent[1021]:   File "/usr/lib/python2.7/site-packages/gevent/server.py", line 102, in wrap_socket_and_handle
Jul 25 03:45:08 witherspoon phosphor-gevent[1021]:     ssl_socket = self.wrap_socket(client_socket, **self.ssl_args)
Jul 25 03:45:08 witherspoon phosphor-gevent[1021]:   File "/usr/lib/python2.7/site-packages/gevent/ssl.py", line 404, in wrap_socket
Jul 25 03:45:08 witherspoon phosphor-gevent[1021]:     ciphers=ciphers)
Jul 25 03:45:08 witherspoon phosphor-gevent[1021]:   File "/usr/lib/python2.7/site-packages/gevent/ssl.py", line 113, in __init__
Jul 25 03:45:08 witherspoon phosphor-gevent[1021]:     self.do_handshake()
Jul 25 03:45:08 witherspoon phosphor-gevent[1021]:   File "/usr/lib/python2.7/site-packages/gevent/ssl.py", line 324, in do_handshake
Jul 25 03:45:08 witherspoon phosphor-gevent[1021]:     return self._sslobj.do_handshake()
Jul 25 03:45:08 witherspoon phosphor-gevent[1021]: SSLEOFError: EOF occurred in violation of protocol (_ssl.c:590)
Jul 25 03:45:08 witherspoon phosphor-gevent[1021]: <Greenlet at 0x7604e3f0: <bound method WSGIServer.wrap_socket_and_handle of <WSGIServer at 0x76024b50 fileno=5 address=('::3482:f376:b05d:6976%1986616736', 443, 0, 1986616736)>>(<socket at 0x75efb830 fileno=9>, ('::8069:6776:8e91:f402%1995598620', 58162, 0, 199)> failed with SSLEOFError
Jul 25 03:45:08 witherspoon phosphor-gevent[1021]: Traceback (most recent call last):
Jul 25 03:45:08 witherspoon phosphor-gevent[1021]:   File "/usr/lib/python2.7/site-packages/gevent/greenlet.py", line 327, in run
Jul 25 03:45:08 witherspoon phosphor-gevent[1021]:     result = self._run(*self.args, **self.kwargs)
Jul 25 03:45:08 witherspoon phosphor-gevent[1021]:   File "/usr/lib/python2.7/site-packages/gevent/server.py", line 102, in wrap_socket_and_handle
Jul 25 03:45:08 witherspoon phosphor-gevent[1021]:     ssl_socket = self.wrap_socket(client_socket, **self.ssl_args)
Jul 25 03:45:08 witherspoon phosphor-gevent[1021]:   File "/usr/lib/python2.7/site-packages/gevent/ssl.py", line 404, in wrap_socket
Jul 25 03:45:08 witherspoon phosphor-gevent[1021]:     ciphers=ciphers)
Jul 25 03:45:08 witherspoon phosphor-gevent[1021]:   File "/usr/lib/python2.7/site-packages/gevent/ssl.py", line 113, in __init__
Jul 25 03:45:08 witherspoon phosphor-gevent[1021]:     self.do_handshake()
Jul 25 03:45:08 witherspoon phosphor-gevent[1021]:   File "/usr/lib/python2.7/site-packages/gevent/ssl.py", line 324, in do_handshake
Jul 25 03:45:08 witherspoon phosphor-gevent[1021]:     return self._sslobj.do_handshake()
Jul 25 03:45:08 witherspoon phosphor-gevent[1021]: SSLEOFError: EOF occurred in violation of protocol (_ssl.c:590)
Jul 25 03:45:08 witherspoon phosphor-gevent[1021]: <Greenlet at 0x7604e6c0: <bound method WSGIServer.wrap_socket_and_handle of <WSGIServer at 0x76024b50 fileno=5 address=('::3482:f376:b05d:6976%1986616736', 443, 0, 1986616736)>>(<socket at 0x75efb7d0 fileno=10>, ('::8069:6776:8e91:f402%1995598620', 58180, 0, 199)> failed with SSLEOFError
Jul 25 03:45:08 witherspoon phosphor-gevent[1021]: Traceback (most recent call last):
Jul 25 03:45:08 witherspoon phosphor-gevent[1021]:   File "/usr/lib/python2.7/site-packages/gevent/greenlet.py", line 327, in run
Jul 25 03:45:08 witherspoon phosphor-gevent[1021]:     result = self._run(*self.args, **self.kwargs)
Jul 25 03:45:08 witherspoon phosphor-gevent[1021]:   File "/usr/lib/python2.7/site-packages/gevent/server.py", line 102, in wrap_socket_and_handle
Jul 25 03:45:08 witherspoon phosphor-gevent[1021]:     ssl_socket = self.wrap_socket(client_socket, **self.ssl_args)
Jul 25 03:45:08 witherspoon phosphor-gevent[1021]:   File "/usr/lib/python2.7/site-packages/gevent/ssl.py", line 404, in wrap_socket
Jul 25 03:45:08 witherspoon phosphor-gevent[1021]:     ciphers=ciphers)
Jul 25 03:45:08 witherspoon phosphor-gevent[1021]:   File "/usr/lib/python2.7/site-packages/gevent/ssl.py", line 113, in __init__
Jul 25 03:45:08 witherspoon phosphor-gevent[1021]:     self.do_handshake()
Jul 25 03:45:08 witherspoon phosphor-gevent[1021]:   File "/usr/lib/python2.7/site-packages/gevent/ssl.py", line 324, in do_handshake
Jul 25 03:45:08 witherspoon phosphor-gevent[1021]:     return self._sslobj.do_handshake()
Jul 25 03:45:08 witherspoon phosphor-gevent[1021]: SSLEOFError: EOF occurred in violation of protocol (_ssl.c:590)
Jul 25 03:45:08 witherspoon phosphor-gevent[1021]: <Greenlet at 0x7604e3a0: <bound method WSGIServer.wrap_socket_and_handle of <WSGIServer at 0x76024b50 fileno=5 address=('::3482:f376:b05d:6976%1986616736', 443, 0, 1986616736)>>(<socket at 0x75efb870 fileno=11>, ('::8069:6776:8e91:f402%1995598620', 58188, 0, 199)> failed with SSLEOFError
Jul 25 03:45:28 witherspoon phosphor-gevent[1021]: ::8069:6776:8e91:f402%1995598620 - - [2017-07-25 03:45:28] "POST /login HTTP/1.1" 200 320 0.058304
Jul 25 03:45:28 witherspoon phosphor-gevent[1021]: ::8069:6776:8e91:f402%1995598620 - - [2017-07-25 03:45:28] "GET /xyz/openbmc_project/state/chassis0//attr/CurrentPowerState HTTP/1.1" 200 216 0.058429
Jul 25 03:45:28 witherspoon phosphor-gevent[1021]: ::8069:6776:8e91:f402%1995598620 - - [2017-07-25 03:45:28] "POST /login HTTP/1.1" 200 320 0.032359
Jul 25 03:45:28 witherspoon phosphor-gevent[1021]: ::8069:6776:8e91:f402%1995598620 - - [2017-07-25 03:45:28] "GET /xyz/openbmc_project/state/chassis0//attr/CurrentPowerState HTTP/1.1" 200 216 0.048887
Jul 25 03:45:29 witherspoon phosphor-gevent[1021]: ::8069:6776:8e91:f402%1995598620 - - [2017-07-25 03:45:29] "POST /login HTTP/1.1" 200 320 0.032618
Jul 25 03:45:29 witherspoon phosphor-gevent[1021]: ::8069:6776:8e91:f402%1995598620 - - [2017-07-25 03:45:29] "GET /org/openbmc/sensors/host/BootProgress/attr/value HTTP/1.1" 200 170 0.052183
Jul 25 03:45:29 witherspoon phosphor-gevent[1021]: ::8069:6776:8e91:f402%1995598620 - - [2017-07-25 03:45:29] "POST /login HTTP/1.1" 200 320 0.032418
Jul 25 03:45:29 witherspoon phosphor-gevent[1021]: ::8069:6776:8e91:f402%1995598620 - - [2017-07-25 03:45:29] "GET /xyz/openbmc_project/state/host0//attr/CurrentHostState HTTP/1.1" 200 212 0.072410
Jul 25 03:45:29 witherspoon phosphor-gevent[1021]: ::8069:6776:8e91:f402%1995598620 - - [2017-07-25 03:45:29] "POST /login HTTP/1.1" 200 320 0.032805
Jul 25 03:45:29 witherspoon phosphor-gevent[1021]: ::8069:6776:8e91:f402%1995598620 - - [2017-07-25 03:45:29] "GET /xyz/openbmc_project/logging/entry//list HTTP/1.1" 200 259 0.059640
Jul 25 03:45:29 witherspoon phosphor-gevent[1021]: ::8069:6776:8e91:f402%1995598620 - - [2017-07-25 03:45:29] "POST /login HTTP/1.1" 200 320 0.032793
Jul 25 03:45:29 witherspoon phosphor-gevent[1021]: ::8069:6776:8e91:f402%1995598620 - - [2017-07-25 03:45:29] "GET /xyz/openbmc_project/logging/entry//list HTTP/1.1" 200 259 0.040890
Jul 25 03:45:30 witherspoon phosphor-gevent[1021]: ::8069:6776:8e91:f402%1995598620 - - [2017-07-25 03:45:30] "POST /login HTTP/1.1" 200 320 0.032742
Jul 25 03:45:30 witherspoon phosphor-gevent[1021]: ::8069:6776:8e91:f402%1995598620 - - [2017-07-25 03:45:30] "DELETE /xyz/openbmc_project/logging/entry/1 HTTP/1.1" 200 169 0.084506
Jul 25 03:45:30 witherspoon phosphor-gevent[1021]: ::8069:6776:8e91:f402%1995598620 - - [2017-07-25 03:45:30] "POST /login HTTP/1.1" 200 320 0.055168
Jul 25 03:45:30 witherspoon phosphor-gevent[1021]: ::8069:6776:8e91:f402%1995598620 - - [2017-07-25 03:45:30] "DELETE /xyz/openbmc_project/logging/entry/2 HTTP/1.1" 200 169 0.093814
Jul 25 03:45:30 witherspoon systemd[1]: Started SSH Per-Connection Server (9.41.165.94:44454).
Jul 25 03:45:30 witherspoon dropbear[1119]: Failed loading /etc/dropbear/dropbear_dss_host_key
Jul 25 03:45:30 witherspoon dropbear[1119]: Failed loading /etc/dropbear/dropbear_ecdsa_host_key
Jul 25 03:45:30 witherspoon dropbear[1119]: Child connection from ::ffff:9.41.165.94:44454
Jul 25 03:45:31 witherspoon dropbear[1119]: PAM password auth succeeded for 'root' from ::ffff:9.41.165.94:44454
Jul 25 03:45:31 witherspoon dropbear[1120]: lastlog_perform_login: Couldn't stat /var/log/lastlog: No such file or directory
Jul 25 03:45:31 witherspoon dropbear[1120]: lastlog_openseek: /var/log/lastlog is not a file or directory!
Jul 25 03:45:32 witherspoon phosphor-gevent[1021]: ::8069:6776:8e91:f402%1995598620 - - [2017-07-25 03:45:32] "POST /login HTTP/1.1" 200 320 0.033114
Jul 25 03:45:32 witherspoon phosphor-gevent[1021]: ::8069:6776:8e91:f402%1995598620 - - [2017-07-25 03:45:32] "GET /xyz/openbmc_project/state/host0//attr/CurrentHostState HTTP/1.1" 200 212 0.057239
Jul 25 03:45:33 witherspoon dropbear[1008]: Exit (root): Exited normally
Jul 25 03:45:33 witherspoon dropbear[1119]: Exit (root): Exited normally
Jul 25 03:45:35 witherspoon systemd[1]: Started SSH Per-Connection Server (9.41.165.94:44464).
Jul 25 03:45:35 witherspoon dropbear[1131]: Failed loading /etc/dropbear/dropbear_dss_host_key
Jul 25 03:45:35 witherspoon dropbear[1131]: Failed loading /etc/dropbear/dropbear_ecdsa_host_key
Jul 25 03:45:35 witherspoon dropbear[1131]: Child connection from ::ffff:9.41.165.94:44464
Jul 25 03:45:36 witherspoon dropbear[1131]: PAM password auth succeeded for 'root' from ::ffff:9.41.165.94:44464
Jul 25 03:45:36 witherspoon dropbear[1132]: lastlog_perform_login: Couldn't stat /var/log/lastlog: No such file or directory
Jul 25 03:45:36 witherspoon dropbear[1132]: lastlog_openseek: /var/log/lastlog is not a file or directory!
Jul 25 03:45:37 witherspoon phosphor-gevent[1021]: ::8069:6776:8e91:f402%1995598620 - - [2017-07-25 03:45:37] "POST /login HTTP/1.1" 200 320 0.032297
Jul 25 03:45:37 witherspoon phosphor-gevent[1021]: ::8069:6776:8e91:f402%1995598620 - - [2017-07-25 03:45:37] "PUT /org/openbmc/settings/host0/attr/power_policy HTTP/1.1" 200 169 0.263718
Jul 25 03:45:37 witherspoon phosphor-gevent[1021]: ::8069:6776:8e91:f402%1995598620 - - [2017-07-25 03:45:37] "POST /login HTTP/1.1" 200 320 0.032445
Jul 25 03:45:37 witherspoon phosphor-gevent[1021]: ::8069:6776:8e91:f402%1995598620 - - [2017-07-25 03:45:37] "GET /org/openbmc/settings/host0/attr/power_policy HTTP/1.1" 200 185 0.077829
Jul 25 03:45:38 witherspoon phosphor-gevent[1021]: ::8069:6776:8e91:f402%1995598620 - - [2017-07-25 03:45:38] "POST /login HTTP/1.1" 200 320 0.032410
Jul 25 03:45:38 witherspoon phosphor-gevent[1021]: ::8069:6776:8e91:f402%1995598620 - - [2017-07-25 03:45:38] "GET /xyz/openbmc_project/state/chassis0//attr/CurrentPowerState HTTP/1.1" 200 216 0.049518
Jul 25 03:45:38 witherspoon phosphor-gevent[1021]: ::8069:6776:8e91:f402%1995598620 - - [2017-07-25 03:45:38] "POST /login HTTP/1.1" 200 320 0.033060
Jul 25 03:45:38 witherspoon phosphor-gevent[1021]: ::8069:6776:8e91:f402%1995598620 - - [2017-07-25 03:45:38] "GET /xyz/openbmc_project/state/bmc0//attr/CurrentBMCState HTTP/1.1" 200 212 0.050700
Jul 25 03:45:38 witherspoon phosphor-gevent[1021]: ::8069:6776:8e91:f402%1995598620 - - [2017-07-25 03:45:38] "POST /login HTTP/1.1" 200 320 0.041503
Jul 25 03:45:38 witherspoon phosphor-gevent[1021]: ::8069:6776:8e91:f402%1995598620 - - [2017-07-25 03:45:38] "GET /org/openbmc/sensors/host/BootProgress/attr/value HTTP/1.1" 200 170 0.061961
Jul 25 03:45:39 witherspoon phosphor-gevent[1021]: ::8069:6776:8e91:f402%1995598620 - - [2017-07-25 03:45:39] "POST /login HTTP/1.1" 200 320 0.044184
Jul 25 03:45:39 witherspoon phosphor-gevent[1021]: ::8069:6776:8e91:f402%1995598620 - - [2017-07-25 03:45:39] "GET /xyz/openbmc_project/state/host0//attr/CurrentHostState HTTP/1.1" 200 212 0.075828
Jul 25 03:45:39 witherspoon phosphor-gevent[1021]: ::8069:6776:8e91:f402%1995598620 - - [2017-07-25 03:45:39] "POST /login HTTP/1.1" 200 320 0.032566
Jul 25 03:45:39 witherspoon phosphor-gevent[1021]: ::8069:6776:8e91:f402%1995598620 - - [2017-07-25 03:45:39] "GET /xyz/openbmc_project/logging/entry//list HTTP/1.1" 404 311 0.029353
Jul 25 03:45:39 witherspoon systemd[1]: Started SSH Per-Connection Server (9.41.165.94:44480).
Jul 25 03:45:39 witherspoon dropbear[1138]: Failed loading /etc/dropbear/dropbear_dss_host_key
Jul 25 03:45:39 witherspoon dropbear[1138]: Failed loading /etc/dropbear/dropbear_ecdsa_host_key
Jul 25 03:45:39 witherspoon dropbear[1138]: Child connection from ::ffff:9.41.165.94:44480
Jul 25 03:45:40 witherspoon dropbear[1138]: PAM password auth succeeded for 'root' from ::ffff:9.41.165.94:44480
Jul 25 03:46:08 witherspoon phosphor-gevent[1021]: ::8069:6776:8e91:f402%1995598620 - - [2017-07-25 03:46:08] "POST /login HTTP/1.1" 200 320 0.032621
Jul 25 03:46:08 witherspoon phosphor-gevent[1021]: ::8069:6776:8e91:f402%1995598620 - - [2017-07-25 03:46:08] "POST /org/openbmc/control/flash/bios//action/update HTTP/1.1" 200 169 0.293815
Jul 25 03:46:09 witherspoon flash_bios.exe[1036]: Starting flasher: bios,/tmp/witherspoon_910_golden.pnor,/org/openbmc/control/flash/bios,
Jul 25 03:46:09 witherspoon flash_bios.exe[1036]: flasher: /tmp/witherspoon_910_golden.pnor, BMC = 1, address = 0x0
Jul 25 03:46:09 witherspoon flash_bios.exe[1036]: Setting up flash
Jul 25 03:46:09 witherspoon phosphor-gevent[1021]: ::8069:6776:8e91:f402%1995598620 - - [2017-07-25 03:46:09] "POST /login HTTP/1.1" 200 320 0.080688
Jul 25 03:46:09 witherspoon phosphor-gevent[1021]: ::8069:6776:8e91:f402%1995598620 - - [2017-07-25 03:46:09] "GET /org/openbmc/control/flash/bios HTTP/1.1" 200 397 0.132833
Jul 25 03:46:09 witherspoon phosphor-gevent[1021]: ::8069:6776:8e91:f402%1995598620 - - [2017-07-25 03:46:09] "POST /login HTTP/1.1" 200 320 0.032718
Jul 25 03:46:10 witherspoon phosphor-gevent[1021]: ::8069:6776:8e91:f402%1995598620 - - [2017-07-25 03:46:10] "GET /org/openbmc/control/flash/bios HTTP/1.1" 200 397 0.184224
Jul 25 03:46:20 witherspoon phosphor-gevent[1021]: ::8069:6776:8e91:f402%1995598620 - - [2017-07-25 03:46:20] "POST /login HTTP/1.1" 200 320 0.032403
Jul 25 03:46:20 witherspoon phosphor-gevent[1021]: ::8069:6776:8e91:f402%1995598620 - - [2017-07-25 03:46:20] "GET /org/openbmc/control/flash/bios HTTP/1.1" 200 397 0.066920
Jul 25 03:46:31 witherspoon phosphor-gevent[1021]: ::8069:6776:8e91:f402%1995598620 - - [2017-07-25 03:46:31] "POST /login HTTP/1.1" 200 320 0.032425
Jul 25 03:46:31 witherspoon phosphor-gevent[1021]: ::8069:6776:8e91:f402%1995598620 - - [2017-07-25 03:46:31] "GET /org/openbmc/control/flash/bios HTTP/1.1" 200 397 0.067268
Jul 25 03:46:41 witherspoon phosphor-gevent[1021]: ::8069:6776:8e91:f402%1995598620 - - [2017-07-25 03:46:41] "POST /login HTTP/1.1" 200 320 0.032726
Jul 25 03:46:41 witherspoon phosphor-gevent[1021]: ::8069:6776:8e91:f402%1995598620 - - [2017-07-25 03:46:41] "GET /org/openbmc/control/flash/bios HTTP/1.1" 200 397 0.067537
Jul 25 03:46:51 witherspoon phosphor-gevent[1021]: ::8069:6776:8e91:f402%1995598620 - - [2017-07-25 03:46:51] "POST /login HTTP/1.1" 200 320 0.032554
Jul 25 03:46:52 witherspoon phosphor-gevent[1021]: ::8069:6776:8e91:f402%1995598620 - - [2017-07-25 03:46:51] "GET /org/openbmc/control/flash/bios HTTP/1.1" 200 397 0.066611
Jul 25 03:47:02 witherspoon phosphor-gevent[1021]: ::8069:6776:8e91:f402%1995598620 - - [2017-07-25 03:47:02] "POST /login HTTP/1.1" 200 320 0.032778
Jul 25 03:47:02 witherspoon phosphor-gevent[1021]: ::8069:6776:8e91:f402%1995598620 - - [2017-07-25 03:47:02] "GET /org/openbmc/control/flash/bios HTTP/1.1" 200 397 0.067326
Jul 25 03:47:12 witherspoon phosphor-gevent[1021]: ::8069:6776:8e91:f402%1995598620 - - [2017-07-25 03:47:12] "POST /login HTTP/1.1" 200 320 0.039577
Jul 25 03:47:12 witherspoon phosphor-gevent[1021]: ::8069:6776:8e91:f402%1995598620 - - [2017-07-25 03:47:12] "GET /org/openbmc/control/flash/bios HTTP/1.1" 200 397 0.068738
Jul 25 03:47:23 witherspoon phosphor-gevent[1021]: ::8069:6776:8e91:f402%1995598620 - - [2017-07-25 03:47:23] "POST /login HTTP/1.1" 200 320 0.032400
Jul 25 03:47:23 witherspoon phosphor-gevent[1021]: ::8069:6776:8e91:f402%1995598620 - - [2017-07-25 03:47:23] "GET /org/openbmc/control/flash/bios HTTP/1.1" 200 397 0.067014
Jul 25 03:47:33 witherspoon phosphor-gevent[1021]: ::8069:6776:8e91:f402%1995598620 - - [2017-07-25 03:47:33] "POST /login HTTP/1.1" 200 320 0.032604
Jul 25 03:47:34 witherspoon phosphor-gevent[1021]: ::8069:6776:8e91:f402%1995598620 - - [2017-07-25 03:47:34] "GET /org/openbmc/control/flash/bios HTTP/1.1" 200 397 0.233955
Jul 25 03:47:44 witherspoon phosphor-gevent[1021]: ::8069:6776:8e91:f402%1995598620 - - [2017-07-25 03:47:44] "POST /login HTTP/1.1" 200 320 0.032461
Jul 25 03:47:45 witherspoon phosphor-gevent[1021]: ::8069:6776:8e91:f402%1995598620 - - [2017-07-25 03:47:45] "GET /org/openbmc/control/flash/bios HTTP/1.1" 200 397 0.504807
Jul 25 03:47:55 witherspoon phosphor-gevent[1021]: ::8069:6776:8e91:f402%1995598620 - - [2017-07-25 03:47:55] "POST /login HTTP/1.1" 200 320 0.032426
Jul 25 03:47:55 witherspoon phosphor-gevent[1021]: ::8069:6776:8e91:f402%1995598620 - - [2017-07-25 03:47:55] "GET /org/openbmc/control/flash/bios HTTP/1.1" 200 397 0.067002
Jul 25 03:48:05 witherspoon phosphor-gevent[1021]: ::8069:6776:8e91:f402%1995598620 - - [2017-07-25 03:48:05] "POST /login HTTP/1.1" 200 320 0.032833
Jul 25 03:48:05 witherspoon phosphor-gevent[1021]: ::8069:6776:8e91:f402%1995598620 - - [2017-07-25 03:48:05] "GET /org/openbmc/control/flash/bios HTTP/1.1" 200 397 0.066740
Jul 25 03:48:15 witherspoon phosphor-gevent[1021]: ::8069:6776:8e91:f402%1995598620 - - [2017-07-25 03:48:15] "POST /login HTTP/1.1" 200 320 0.032847
Jul 25 03:48:16 witherspoon phosphor-gevent[1021]: ::8069:6776:8e91:f402%1995598620 - - [2017-07-25 03:48:16] "GET /org/openbmc/control/flash/bios HTTP/1.1" 200 397 0.066870
Jul 25 03:48:26 witherspoon phosphor-gevent[1021]: ::8069:6776:8e91:f402%1995598620 - - [2017-07-25 03:48:26] "POST /login HTTP/1.1" 200 320 0.033136
Jul 25 03:48:26 witherspoon phosphor-gevent[1021]: ::8069:6776:8e91:f402%1995598620 - - [2017-07-25 03:48:26] "GET /org/openbmc/control/flash/bios HTTP/1.1" 200 397 0.080500
Jul 25 03:48:36 witherspoon phosphor-gevent[1021]: ::8069:6776:8e91:f402%1995598620 - - [2017-07-25 03:48:36] "POST /login HTTP/1.1" 200 320 0.032933
Jul 25 03:48:37 witherspoon phosphor-gevent[1021]: ::8069:6776:8e91:f402%1995598620 - - [2017-07-25 03:48:37] "GET /org/openbmc/control/flash/bios HTTP/1.1" 200 401 0.824545
Jul 25 03:48:48 witherspoon phosphor-gevent[1021]: ::8069:6776:8e91:f402%1995598620 - - [2017-07-25 03:48:48] "POST /login HTTP/1.1" 200 320 0.856595
Jul 25 03:48:48 witherspoon phosphor-gevent[1021]: ::8069:6776:8e91:f402%1995598620 - - [2017-07-25 03:48:48] "GET /org/openbmc/control/flash/bios HTTP/1.1" 200 402 0.066696
Jul 25 03:48:59 witherspoon phosphor-gevent[1021]: ::8069:6776:8e91:f402%1995598620 - - [2017-07-25 03:48:59] "POST /login HTTP/1.1" 200 320 0.076838
Jul 25 03:48:59 witherspoon phosphor-gevent[1021]: ::8069:6776:8e91:f402%1995598620 - - [2017-07-25 03:48:59] "GET /org/openbmc/control/flash/bios HTTP/1.1" 200 402 0.066956
Jul 25 03:49:09 witherspoon phosphor-gevent[1021]: ::8069:6776:8e91:f402%1995598620 - - [2017-07-25 03:49:09] "POST /login HTTP/1.1" 200 320 0.032620
Jul 25 03:49:09 witherspoon phosphor-gevent[1021]: ::8069:6776:8e91:f402%1995598620 - - [2017-07-25 03:49:09] "GET /org/openbmc/control/flash/bios HTTP/1.1" 200 402 0.066783
Jul 25 03:49:20 witherspoon phosphor-gevent[1021]: ::8069:6776:8e91:f402%1995598620 - - [2017-07-25 03:49:20] "POST /login HTTP/1.1" 200 320 0.032775
Jul 25 03:49:20 witherspoon phosphor-gevent[1021]: ::8069:6776:8e91:f402%1995598620 - - [2017-07-25 03:49:20] "GET /org/openbmc/control/flash/bios HTTP/1.1" 200 401 0.067026
Jul 25 03:49:30 witherspoon phosphor-gevent[1021]: ::8069:6776:8e91:f402%1995598620 - - [2017-07-25 03:49:30] "POST /login HTTP/1.1" 200 320 0.032691
Jul 25 03:49:31 witherspoon phosphor-gevent[1021]: ::8069:6776:8e91:f402%1995598620 - - [2017-07-25 03:49:31] "GET /org/openbmc/control/flash/bios HTTP/1.1" 200 402 1.123262
Jul 25 03:49:32 witherspoon flash_bios.exe[1036]: Erasing... (may take a while !) done !
Jul 25 03:49:32 witherspoon flash_bios.exe[1036]: About to program "/tmp/witherspoon_910_golden.pnor" at 0x00000000..0x04000000 !
Jul 25 03:49:32 witherspoon flash_bios.exe[1036]: Programming & Verifying...
Jul 25 03:49:32 witherspoon flash_bios.exe[1036]: Flash done
Jul 25 03:49:41 witherspoon phosphor-gevent[1021]: ::8069:6776:8e91:f402%1995598620 - - [2017-07-25 03:49:41] "POST /login HTTP/1.1" 200 320 0.032815
Jul 25 03:49:41 witherspoon phosphor-gevent[1021]: ::8069:6776:8e91:f402%1995598620 - - [2017-07-25 03:49:41] "GET /org/openbmc/control/flash/bios HTTP/1.1" 200 399 0.067875
Jul 25 03:49:41 witherspoon systemd[1]: Started SSH Per-Connection Server (9.41.165.94:44728).
Jul 25 03:49:41 witherspoon dropbear[1144]: Failed loading /etc/dropbear/dropbear_dss_host_key
Jul 25 03:49:41 witherspoon dropbear[1144]: Failed loading /etc/dropbear/dropbear_ecdsa_host_key
Jul 25 03:49:41 witherspoon dropbear[1144]: Child connection from ::ffff:9.41.165.94:44728
Jul 25 03:49:42 witherspoon dropbear[1144]: PAM password auth succeeded for 'root' from ::ffff:9.41.165.94:44728
Jul 25 03:49:42 witherspoon dropbear[1145]: lastlog_perform_login: Couldn't stat /var/log/lastlog: No such file or directory
Jul 25 03:49:42 witherspoon dropbear[1145]: lastlog_openseek: /var/log/lastlog is not a file or directory!
Jul 25 03:49:43 witherspoon phosphor-gevent[1021]: ::8069:6776:8e91:f402%1995598620 - - [2017-07-25 03:49:43] "POST /login HTTP/1.1" 200 320 0.032850
Jul 25 03:49:43 witherspoon phosphor-gevent[1021]: ::8069:6776:8e91:f402%1995598620 - - [2017-07-25 03:49:43] "GET /xyz/openbmc_project/state/host0//attr/CurrentHostState HTTP/1.1" 200 212 0.049934
Jul 25 03:49:44 witherspoon systemd[1]: Created slice system-obmc\x2dconsole\x2dssh.slice.
Jul 25 03:49:44 witherspoon systemd[1]: Started Phosphor Host Console SSH Per-Connection (9.41.165.94:37738).
Jul 25 03:49:44 witherspoon dropbear[1149]: Failed loading /etc/dropbear/dropbear_dss_host_key
Jul 25 03:49:44 witherspoon dropbear[1149]: Failed loading /etc/dropbear/dropbear_ecdsa_host_key
Jul 25 03:49:44 witherspoon dropbear[1149]: Child connection from ::ffff:9.41.165.94:37738
Jul 25 03:49:44 witherspoon dropbear[1149]: PAM password auth succeeded for 'root' from ::ffff:9.41.165.94:37738
Jul 25 03:49:44 witherspoon phosphor-gevent[1021]: ::8069:6776:8e91:f402%1995598620 - - [2017-07-25 03:49:44] "POST /login HTTP/1.1" 200 320 0.074204
Jul 25 03:49:44 witherspoon dropbear[1150]: lastlog_perform_login: Couldn't stat /var/log/lastlog: No such file or directory
Jul 25 03:49:44 witherspoon dropbear[1150]: lastlog_openseek: /var/log/lastlog is not a file or directory!
Jul 25 03:49:45 witherspoon phosphor-gevent[1021]: ::8069:6776:8e91:f402%1995598620 - - [2017-07-25 03:49:45] "PUT /org/openbmc/settings/host0/attr/power_policy HTTP/1.1" 200 169 0.226505
Jul 25 03:49:45 witherspoon phosphor-gevent[1021]: ::8069:6776:8e91:f402%1995598620 - - [2017-07-25 03:49:45] "POST /login HTTP/1.1" 200 320 0.046846
Jul 25 03:49:45 witherspoon phosphor-gevent[1021]: ::8069:6776:8e91:f402%1995598620 - - [2017-07-25 03:49:45] "GET /org/openbmc/settings/host0/attr/power_policy HTTP/1.1" 200 185 0.098979
Jul 25 03:49:45 witherspoon phosphor-gevent[1021]: ::8069:6776:8e91:f402%1995598620 - - [2017-07-25 03:49:45] "POST /login HTTP/1.1" 200 320 0.033153
Jul 25 03:49:45 witherspoon phosphor-gevent[1021]: ::8069:6776:8e91:f402%1995598620 - - [2017-07-25 03:49:45] "GET /xyz/openbmc_project/state/chassis0//attr/CurrentPowerState HTTP/1.1" 200 216 0.049950
Jul 25 03:49:45 witherspoon phosphor-gevent[1021]: ::8069:6776:8e91:f402%1995598620 - - [2017-07-25 03:49:45] "POST /login HTTP/1.1" 200 320 0.032482
Jul 25 03:49:45 witherspoon phosphor-gevent[1021]: ::8069:6776:8e91:f402%1995598620 - - [2017-07-25 03:49:45] "GET /xyz/openbmc_project/state/bmc0//attr/CurrentBMCState HTTP/1.1" 200 212 0.051006
Jul 25 03:49:46 witherspoon phosphor-gevent[1021]: ::8069:6776:8e91:f402%1995598620 - - [2017-07-25 03:49:46] "POST /login HTTP/1.1" 200 320 0.032805
Jul 25 03:49:46 witherspoon phosphor-gevent[1021]: ::8069:6776:8e91:f402%1995598620 - - [2017-07-25 03:49:46] "GET /org/openbmc/sensors/host/BootProgress/attr/value HTTP/1.1" 200 170 0.053411
Jul 25 03:49:46 witherspoon phosphor-gevent[1021]: ::8069:6776:8e91:f402%1995598620 - - [2017-07-25 03:49:46] "POST /login HTTP/1.1" 200 320 0.043758
Jul 25 03:49:46 witherspoon phosphor-gevent[1021]: ::8069:6776:8e91:f402%1995598620 - - [2017-07-25 03:49:46] "GET /xyz/openbmc_project/state/host0//attr/CurrentHostState HTTP/1.1" 200 212 0.075676
Jul 25 03:49:46 witherspoon phosphor-gevent[1021]: ::8069:6776:8e91:f402%1995598620 - - [2017-07-25 03:49:46] "POST /login HTTP/1.1" 200 320 0.032881
Jul 25 03:49:46 witherspoon phosphor-host-state-manager[1073]: Host State transaction request
Jul 25 03:49:47 witherspoon systemd[1]: Created slice system-vcs_on.slice.
Jul 25 03:49:47 witherspoon systemd[1]: Reached target Powerwitherspoon-fan-watchdog (On).
Jul 25 03:49:47 witherspoon systemd[1]: Created slice system-ir35221\x2don\x2dbind.slice.
Jul 25 03:49:47 witherspoon systemd[1]: Created slice system-phosphor\x2dwatchdog.slice.
Jul 25 03:49:47 witherspoon phosphor-gevent[1021]: ::8069:6776:8e91:f402%1995598620 - - [2017-07-25 03:49:47] "PUT /xyz/openbmc_project/state/host0//attr/RequestedHostTransition HTTP/1.1" 200 169 0.257820
Jul 25 03:49:47 witherspoon systemd[1]: Started Witherspoon Fan Watchdog Daemon.
Jul 25 03:49:47 witherspoon systemd[1]: Started Phosphor poweron watchdog.
Jul 25 03:49:47 witherspoon systemd[1]: Created slice system-phosphor\x2dgpio\x2dmonitor.slice.
Jul 25 03:49:47 witherspoon systemd[1]: Created slice system-avsbus\x2denable.slice.
Jul 25 03:49:47 witherspoon systemd[1]: Created slice system-ucd_disable_vcs.slice.
Jul 25 03:49:47 witherspoon systemd[1]: Created slice system-vcs_workaround.slice.
Jul 25 03:49:47 witherspoon systemd[1]: Created slice system-avsbus\x2dworkaround.slice.
Jul 25 03:49:47 witherspoon systemd[1]: Starting Wait for /xyz/openbmc_project/watchdog/host0...
Jul 25 03:49:47 witherspoon systemd[1]: Created slice system-mapper\x2dsubtree\x2dremove.slice.
Jul 25 03:49:47 witherspoon systemd[1]: Created slice system-op\x2dwait\x2dpower\x2don.slice.
Jul 25 03:49:47 witherspoon systemd[1]: Starting Wait for Power0 to turn on...
Jul 25 03:49:47 witherspoon systemd[1]: Created slice system-cfam_override.slice.
Jul 25 03:49:47 witherspoon systemd[1]: Created slice system-start_host.slice.
Jul 25 03:49:47 witherspoon systemd[1]: Created slice system-obmc\x2denable\x2dhost\x2dwatchdog.slice.
Jul 25 03:49:47 witherspoon systemd[1]: Created slice system-ir35221\x2don\x2dunbind.slice.
Jul 25 03:49:47 witherspoon systemd[1]: Starting power on mode unbind ir35221 device driver devs...
Jul 25 03:49:47 witherspoon systemd[1]: Started Phosphor GPIO checkstop monitor.
Jul 25 03:49:47 witherspoon systemd[1]: Reached target Start Host checkstop monitor.
Jul 25 03:49:47 witherspoon systemd[1]: Created slice system-vcs_off.slice.
Jul 25 03:49:47 witherspoon systemd[1]: Created slice system-phosphor\x2dfan\x2dcontrol\x2dinit.slice.
Jul 25 03:49:47 witherspoon systemd[1]: Started Phosphor Fan Control Initialization.
Jul 25 03:49:47 witherspoon systemd[1]: Starting Wait for /org/openbmc/control/chassis0...
Jul 25 03:49:47 witherspoon systemd[1]: Created slice system-fsi\x2dbind.slice.
Jul 25 03:49:47 witherspoon systemd[1]: Created slice system-fsi\x2dscan.slice.
Jul 25 03:49:47 witherspoon systemd[1]: Starting mapper subtree-remove /xyz/openbmc_project/software:xyz.openbmc_project.Software.ActivationBlocksTransition...
Jul 25 03:49:47 witherspoon systemd[1]: Created slice system-op\x2dpower\x2dstart.slice.
Jul 25 03:49:47 witherspoon systemd[1]: Created slice system-vrm\x2dcontrol.slice.
Jul 25 03:49:47 witherspoon systemd[1]: Created slice system-avsbus\x2ddisable.slice.
Jul 25 03:49:47 witherspoon systemd[1]: Starting Disable UCD VCS rails...
Jul 25 03:49:47 witherspoon systemd[1]: Created slice system-phosphor\x2dfan\x2dpresence\x2dtach.slice.
Jul 25 03:49:47 witherspoon systemd[1]: Starting Wait for /xyz/openbmc_project/led/groups/power_on...
Jul 25 03:49:47 witherspoon systemd[1]: Created slice system-pcie\x2dslot\x2ddetect.slice.
Jul 25 03:49:48 witherspoon systemd[1]: Starting Witherspoon Fan Watchdog Reset...
Jul 25 03:49:49 witherspoon phosphor-gevent[1021]: ::8069:6776:8e91:f402%1995598620 - - [2017-07-25 03:49:49] "POST /login HTTP/1.1" 200 320 0.032612
Jul 25 03:49:49 witherspoon systemd[1]: Started power on mode unbind ir35221 device driver devs.
Jul 25 03:49:49 witherspoon systemd[1]: Started mapper subtree-remove /xyz/openbmc_project/software:xyz.openbmc_project.Software.ActivationBlocksTransition.
Jul 25 03:49:49 witherspoon systemd[1]: Started Witherspoon Fan Watchdog Reset.
Jul 25 03:49:49 witherspoon kernel: ucd9000 11-0064: Device ID UCD90160|2.3.4.0000|110603
Jul 25 03:49:49 witherspoon kernel[979]: [  391.050000] ucd9000 11-0064: Device ID UCD90160|2.3.4.0000|110603
Jul 25 03:49:49 witherspoon systemd[1]: xyz.openbmc_project.Hwmon@ahb-apb-i2c\x401e78a000-i2c\x2dbus\x40140-ir35221\x4070.service: Unit not needed anymore. Stopping.
Jul 25 03:49:49 witherspoon systemd[1]: xyz.openbmc_project.Hwmon@ahb-apb-i2c\x401e78a000-i2c\x2dbus\x40180-ir35221\x4070.service: Service hold-off time over, scheduling restart.
Jul 25 03:49:49 witherspoon systemd[1]: xyz.openbmc_project.Hwmon@ahb-apb-i2c\x401e78a000-i2c\x2dbus\x40180-ir35221\x4071.service: Service hold-off time over, scheduling restart.
Jul 25 03:49:49 witherspoon systemd[1]: xyz.openbmc_project.Hwmon@ahb-apb-i2c\x401e78a000-i2c\x2dbus\x40140-ir35221\x4071.service: Service hold-off time over, scheduling restart.
Jul 25 03:49:49 witherspoon systemd[1]: xyz.openbmc_project.Hwmon@ahb-apb-i2c\x401e78a000-i2c\x2dbus\x40140-ir35221\x4070.service: Service hold-off time over, scheduling restart.
Jul 25 03:49:49 witherspoon systemd[1]: xyz.openbmc_project.Hwmon@ahb-apb-i2c\x401e78a000-i2c\x2dbus\x40140-ir35221\x4070.service: Stop job pending for unit, delaying automatic restart.
Jul 25 03:49:49 witherspoon systemd[1]: xyz.openbmc_project.Hwmon@ahb-apb-i2c\x401e78a000-i2c\x2dbus\x40180-ir35221\x4071.service: Unit not needed anymore. Stopping.
Jul 25 03:49:49 witherspoon systemd[1]: Requested transaction contradicts existing jobs: Transaction is destructive.
Jul 25 03:49:49 witherspoon systemd[1]: xyz.openbmc_project.Hwmon@ahb-apb-i2c\x401e78a000-i2c\x2dbus\x40180-ir35221\x4071.service: Failed to enqueue stop job, ignoring: Transaction is destructive.
Jul 25 03:49:49 witherspoon systemd[1]: xyz.openbmc_project.Hwmon@ahb-apb-i2c\x401e78a000-i2c\x2dbus\x40140-ir35221\x4071.service: Unit not needed anymore. Stopping.
Jul 25 03:49:49 witherspoon systemd[1]: Requested transaction contradicts existing jobs: Transaction is destructive.
