-- Logs begin at Fri 2017-04-28 02:20:16 UTC, end at Fri 2017-04-28 02:22:07 UTC. --
Apr 28 02:20:16 witherspoon kernel: Booting Linux on physical CPU 0x0
Apr 28 02:20:16 witherspoon kernel: Linux version 4.10.17-b2cd8101eec3c200940405f12582473617a520f7 (jenkins@hudson) (gcc version 6.2.0 (GCC) ) #1 Fri Jul 14 17:45:14 UTC 2017
Apr 28 02:20:16 witherspoon kernel: CPU: ARMv6-compatible processor [410fb767] revision 7 (ARMv7), cr=00c5387d
Apr 28 02:20:16 witherspoon kernel: CPU: PIPT / VIPT nonaliasing data cache, VIPT nonaliasing instruction cache
Apr 28 02:20:16 witherspoon kernel: OF: fdt:Machine model: Witherspoon BMC
Apr 28 02:20:16 witherspoon kernel: Memory policy: Data cache writeback
Apr 28 02:20:16 witherspoon kernel: SOC Rev: 04030303
Apr 28 02:20:16 witherspoon kernel: On node 0 totalpages: 110592
Apr 28 02:20:16 witherspoon kernel: free_area_init_node: node 0, pgdat 805fd514, node_mem_map 9ec1a000
Apr 28 02:20:16 witherspoon kernel:   Normal zone: 992 pages used for memmap
Apr 28 02:20:16 witherspoon kernel:   Normal zone: 0 pages reserved
Apr 28 02:20:16 witherspoon kernel:   Normal zone: 110592 pages, LIFO batch:31
Apr 28 02:20:16 witherspoon kernel: pcpu-alloc: s0 r0 d32768 u32768 alloc=1*32768
Apr 28 02:20:16 witherspoon kernel: pcpu-alloc: [0] 0 
Apr 28 02:20:16 witherspoon kernel: Built 1 zonelists in Zone order, mobility grouping on.  Total pages: 109600
Apr 28 02:20:16 witherspoon kernel: Kernel command line: console=ttyS4,115200n8 root=/dev/ram rw
Apr 28 02:20:16 witherspoon kernel: PID hash table entries: 2048 (order: 1, 8192 bytes)
Apr 28 02:20:16 witherspoon kernel: Dentry cache hash table entries: 65536 (order: 6, 262144 bytes)
Apr 28 02:20:16 witherspoon kernel: Inode-cache hash table entries: 32768 (order: 5, 131072 bytes)
Apr 28 02:20:16 witherspoon kernel: Memory: 430452K/442368K available (4062K kernel code, 280K rwdata, 1192K rodata, 280K init, 111K bss, 11916K reserved, 0K cma-reserved)
Apr 28 02:20:16 witherspoon kernel: Virtual kernel memory layout:
                                        vector  : 0xffff0000 - 0xffff1000   (   4 kB)
                                        fixmap  : 0xffc00000 - 0xfff00000   (3072 kB)
                                        vmalloc : 0x9f800000 - 0xff800000   (1536 MB)
                                        lowmem  : 0x80000000 - 0x9f000000   ( 496 MB)
                                          .text : 0x80008000 - 0x803ffd20   (4064 kB)
                                          .init : 0x80584000 - 0x805ca000   ( 280 kB)
                                          .data : 0x805ca000 - 0x806102a8   ( 281 kB)
                                           .bss : 0x806102a8 - 0x8062c158   ( 112 kB)
Apr 28 02:20:16 witherspoon kernel: NR_IRQS:16 nr_irqs:16 16
Apr 28 02:20:16 witherspoon kernel: i2c controller registered, irq 16
Apr 28 02:20:16 witherspoon kernel: clocksource: moxart_timer: mask: 0xffffffff max_cycles: 0xffffffff, max_idle_ns: 77222644334 ns
Apr 28 02:20:16 witherspoon kernel: sched_clock: 32 bits at 100 Hz, resolution 10000000ns, wraps every 21474836475000000ns
Apr 28 02:20:16 witherspoon kernel: Calibrating delay loop... 789.70 BogoMIPS (lpj=3948544)
Apr 28 02:20:16 witherspoon kernel: pid_max: default: 32768 minimum: 301
Apr 28 02:20:17 witherspoon kernel: Mount-cache hash table entries: 1024 (order: 0, 4096 bytes)
Apr 28 02:20:17 witherspoon kernel: Mountpoint-cache hash table entries: 1024 (order: 0, 4096 bytes)
Apr 28 02:20:17 witherspoon kernel: CPU: Testing write buffer coherency: ok
Apr 28 02:20:17 witherspoon kernel: ftrace: allocating 14933 entries in 44 pages
Apr 28 02:20:17 witherspoon kernel: Setting up static identity map for 0x80008200 - 0x8000825c
Apr 28 02:20:17 witherspoon kernel: devtmpfs: initialized
Apr 28 02:20:17 witherspoon kernel: clocksource: jiffies: mask: 0xffffffff max_cycles: 0xffffffff, max_idle_ns: 19112604462750000 ns
Apr 28 02:20:17 witherspoon kernel: futex hash table entries: 256 (order: -1, 3072 bytes)
Apr 28 02:20:17 witherspoon kernel: pinctrl core: initialized pinctrl subsystem
Apr 28 02:20:17 witherspoon kernel: NET: Registered protocol family 16
Apr 28 02:20:17 witherspoon kernel: DMA: preallocated 256 KiB pool for atomic coherent allocations
Apr 28 02:20:17 witherspoon kernel: usbcore: registered new interface driver usbfs
Apr 28 02:20:17 witherspoon kernel: usbcore: registered new interface driver hub
Apr 28 02:20:17 witherspoon kernel: usbcore: registered new device driver usb
Apr 28 02:20:17 witherspoon kernel: clocksource: Switched to clocksource moxart_timer
Apr 28 02:20:17 witherspoon kernel: NET: Registered protocol family 2
Apr 28 02:20:17 witherspoon kernel: TCP established hash table entries: 4096 (order: 2, 16384 bytes)
Apr 28 02:20:17 witherspoon kernel: TCP bind hash table entries: 4096 (order: 2, 16384 bytes)
Apr 28 02:20:17 witherspoon kernel: TCP: Hash tables configured (established 4096 bind 4096)
Apr 28 02:20:17 witherspoon kernel: UDP hash table entries: 256 (order: 0, 4096 bytes)
Apr 28 02:20:17 witherspoon kernel: UDP-Lite hash table entries: 256 (order: 0, 4096 bytes)
Apr 28 02:20:17 witherspoon kernel: NET: Registered protocol family 1
Apr 28 02:20:17 witherspoon kernel: Trying to unpack rootfs image as initramfs...
Apr 28 02:20:17 witherspoon kernel: Freeing initrd memory: 1544K
Apr 28 02:20:17 witherspoon kernel: workingset: timestamp_bits=30 max_order=17 bucket_order=0
Apr 28 02:20:17 witherspoon kernel: squashfs: version 4.0 (2009/01/31) Phillip Lougher
Apr 28 02:20:17 witherspoon kernel: jffs2: version 2.2. (SUMMARY)  © 2001-2006 Red Hat, Inc.
Apr 28 02:20:17 witherspoon kernel: Block layer SCSI generic (bsg) driver version 0.4 loaded (major 250)
Apr 28 02:20:17 witherspoon kernel: io scheduler noop registered
Apr 28 02:20:17 witherspoon kernel: io scheduler deadline registered
Apr 28 02:20:17 witherspoon kernel: io scheduler cfq registered (default)
Apr 28 02:20:17 witherspoon kernel: ipmi-bt-host 1e789140.ibt: Found bt bmc device
Apr 28 02:20:17 witherspoon kernel: ipmi-bt-host 1e789140.ibt: Using IRQ 22
Apr 28 02:20:17 witherspoon kernel: Serial: 8250/16550 driver, 6 ports, IRQ sharing enabled
Apr 28 02:20:17 witherspoon kernel: 1e783000.serial: ttyS0 at MMIO 0x1e783000 (irq = 23, base_baud = 1500000) is a 16550A
Apr 28 02:20:17 witherspoon kernel: 1e78d000.serial: ttyS1 at MMIO 0x1e78d000 (irq = 24, base_baud = 1500000) is a 16550A
Apr 28 02:20:17 witherspoon kernel: 1e784000.serial: ttyS4 at MMIO 0x1e784000 (irq = 25, base_baud = 1500000) is a 16550A
Apr 28 02:20:17 witherspoon kernel: console [ttyS4] enabled
Apr 28 02:20:17 witherspoon kernel: 1e787000.vuart: ttyS2 at MMIO 0x1e787000 (irq = 22, base_baud = 1500000) is a 16550A
Apr 28 02:20:17 witherspoon kernel: timeriomem_rng 1e6e2078.hwrng: 32bits from 0xf00e2078 @ 1us
Apr 28 02:20:17 witherspoon kernel: random: fast init done
Apr 28 02:20:17 witherspoon kernel: brd: module loaded
Apr 28 02:20:17 witherspoon kernel: loop: module loaded
Apr 28 02:20:17 witherspoon kernel: random: crng init done
Apr 28 02:20:17 witherspoon kernel: aspeed-lpc-ctrl 1e789080.lpc-ctrl: Loaded at 0x98000000 (0x04000000)
Apr 28 02:20:17 witherspoon kernel: aspeed-smc 1e620000.flash-controller: Using IRQ 18
Apr 28 02:20:17 witherspoon kernel: aspeed-smc 1e620000.flash-controller: DMA support disabled.
Apr 28 02:20:17 witherspoon kernel: aspeed-smc 1e620000.flash-controller: mx25l25635e (32768 Kbytes)
Apr 28 02:20:17 witherspoon kernel: aspeed-smc 1e620000.flash-controller: CE0 window [ 0x20000000 - 0x22000000 ] 32MB
Apr 28 02:20:17 witherspoon kernel: aspeed-smc 1e620000.flash-controller: CE1 window [ 0x22000000 - 0x2a000000 ] 128MB
Apr 28 02:20:17 witherspoon kernel: 5 ofpart partitions found on MTD device bmc
Apr 28 02:20:17 witherspoon kernel: Creating 5 MTD partitions on "bmc":
Apr 28 02:20:17 witherspoon kernel: 0x000000000000-0x000000060000 : "u-boot"
Apr 28 02:20:17 witherspoon kernel: 0x000000060000-0x000000080000 : "u-boot-env"
Apr 28 02:20:17 witherspoon kernel: 0x000000080000-0x0000004c0000 : "kernel"
Apr 28 02:20:17 witherspoon kernel: 0x0000004c0000-0x000001c00000 : "rofs"
Apr 28 02:20:17 witherspoon kernel: 0x000001c00000-0x000002000000 : "rwfs"
Apr 28 02:20:17 witherspoon kernel: aspeed-smc 1e620000.flash-controller: mx25l25635e (32768 Kbytes)
Apr 28 02:20:17 witherspoon kernel: aspeed-smc 1e620000.flash-controller: CE1 window [ 0x22000000 - 0x24000000 ] 32MB
Apr 28 02:20:17 witherspoon kernel: aspeed-smc 1e620000.flash-controller: CE2 window [ 0x24000000 - 0x2c000000 ] 128MB
Apr 28 02:20:17 witherspoon kernel: aspeed-smc 1e630000.flash-controller: mx66l1g45g (131072 Kbytes)
Apr 28 02:20:17 witherspoon kernel: aspeed-smc 1e630000.flash-controller: CE0 window resized to 120MB (AST2500 HW quirk)
Apr 28 02:20:17 witherspoon kernel: aspeed-smc 1e630000.flash-controller: CE0 window [ 0x30000000 - 0x37800000 ] 120MB
Apr 28 02:20:17 witherspoon kernel: aspeed-smc 1e630000.flash-controller: CE0 window too small for chip 128MB
Apr 28 02:20:17 witherspoon kernel: aspeed-smc 1e630000.flash-controller: CE1 window [ 0x37800000 - 0x38000000 ] 8MB
Apr 28 02:20:17 witherspoon kernel: libphy: Fixed MDIO Bus: probed
Apr 28 02:20:17 witherspoon kernel: ftgmac100 1e660000.ethernet: Read MAC address 70:e2:84:14:24:20 from chip
Apr 28 02:20:17 witherspoon kernel: ftgmac100 1e660000.ethernet: Using NCSI interface
Apr 28 02:20:17 witherspoon kernel: ftgmac100 1e660000.ethernet eth0: irq 20, mapped at f0060000
Apr 28 02:20:17 witherspoon kernel: ehci_hcd: USB 2.0 'Enhanced' Host Controller (EHCI) Driver
Apr 28 02:20:17 witherspoon kernel: ehci-platform: EHCI generic platform driver
Apr 28 02:20:17 witherspoon kernel:  fsi0: can't read slave 00:00 -5
Apr 28 02:20:17 witherspoon kernel: i2c /dev entries driver
Apr 28 02:20:17 witherspoon kernel: aspeed-i2c-bus 1e78a0c0.i2c-bus: i2c bus 2 registered, irq 26
Apr 28 02:20:17 witherspoon kernel: aspeed-i2c-bus 1e78a100.i2c-bus: i2c bus 3 registered, irq 27
Apr 28 02:20:17 witherspoon kernel: aspeed-i2c-bus 1e78a140.i2c-bus: i2c bus 4 registered, irq 28
Apr 28 02:20:17 witherspoon kernel: aspeed-i2c-bus 1e78a180.i2c-bus: i2c bus 5 registered, irq 29
Apr 28 02:20:17 witherspoon kernel: aspeed-i2c-bus 1e78a380.i2c-bus: i2c bus 9 registered, irq 30
Apr 28 02:20:17 witherspoon kernel: aspeed-i2c-bus 1e78a3c0.i2c-bus: i2c bus 10 registered, irq 31
Apr 28 02:20:17 witherspoon kernel: rtc-rv8803 11-0032: rtc core: registered rx8900 as rtc0
Apr 28 02:20:17 witherspoon kernel: at24 11-0051: 8192 byte 24c64 EEPROM, writable, 1 bytes/write
Apr 28 02:20:17 witherspoon kernel: aspeed-i2c-bus 1e78a400.i2c-bus: i2c bus 11 registered, irq 32
Apr 28 02:20:17 witherspoon kernel: aspeed-i2c-bus 1e78a440.i2c-bus: i2c bus 12 registered, irq 33
Apr 28 02:20:17 witherspoon kernel: aspeed-i2c-bus 1e78a480.i2c-bus: i2c bus 13 registered, irq 34
Apr 28 02:20:17 witherspoon kernel: Driver for 1-wire Dallas network protocol.
Apr 28 02:20:17 witherspoon kernel: lm75 9-004a: hwmon0: sensor 'tmp275'
Apr 28 02:20:17 witherspoon kernel: ucd9000 11-0064: Device ID UCD90160|2.3.4.0000|110603
Apr 28 02:20:17 witherspoon kernel: leds-pca955x 3-0060: leds-pca955x: Using pca9552 16-bit LED driver at slave address 0x60
Apr 28 02:20:17 witherspoon kernel: leds-pca955x 11-0060: leds-pca955x: Using pca9552 16-bit LED driver at slave address 0x60
Apr 28 02:20:17 witherspoon kernel: leds-pca955x 11-0060: gpios 264...279
Apr 28 02:20:17 witherspoon kernel: usbcore: registered new interface driver usbhid
Apr 28 02:20:17 witherspoon kernel: usbhid: USB HID core driver
Apr 28 02:20:17 witherspoon kernel: dps310: probe of 3-0076 failed with error -5
Apr 28 02:20:17 witherspoon kernel: NET: Registered protocol family 10
Apr 28 02:20:17 witherspoon kernel: Segment Routing with IPv6
Apr 28 02:20:17 witherspoon kernel: NET: Registered protocol family 17
Apr 28 02:20:17 witherspoon kernel: 8021q: 802.1Q VLAN Support v1.8
Apr 28 02:20:17 witherspoon kernel: console [netcon0] enabled
Apr 28 02:20:17 witherspoon kernel: netconsole: network logging started
Apr 28 02:20:17 witherspoon kernel: input: gpio-keys as /devices/platform/gpio-keys/input/input0
Apr 28 02:20:17 witherspoon kernel: rtc-rv8803 11-0032: setting system clock to 2016-03-24 05:33:23 UTC (1458797603)
Apr 28 02:20:17 witherspoon kernel: Freeing unused kernel memory: 280K
Apr 28 02:20:17 witherspoon kernel: This architecture does not have kernel memory protection.
Apr 28 02:20:17 witherspoon kernel: jffs2: notice: (531) jffs2_build_xattr_subsystem: complete building xattr subsystem, 1 of xdatum (0 unchecked, 0 orphan) and 5 of xref (0 dead, 1 orphan) found.
Apr 28 02:20:17 witherspoon systemd[1]: System time before build time, advancing clock.
Apr 28 02:20:17 witherspoon systemd[1]: Failed to insert module 'autofs4': No such file or directory
Apr 28 02:20:17 witherspoon systemd[1]: systemd 232 running in system mode. (+PAM -AUDIT -SELINUX -IMA -APPARMOR -SMACK +SYSVINIT -UTMP -LIBCRYPTSETUP -GCRYPT -GNUTLS +ACL +XZ -LZ4 -SECCOMP +BLKID -ELFUTILS +KMOD -IDN)
Apr 28 02:20:17 witherspoon systemd[1]: Detected architecture arm.
Apr 28 02:20:17 witherspoon systemd[1]: Set hostname to <witherspoon>.
Apr 28 02:20:17 witherspoon systemd[1]: Listening on udev Control Socket.
Apr 28 02:20:17 witherspoon systemd[1]: Listening on Syslog Socket.
Apr 28 02:20:17 witherspoon systemd[1]: Started Dispatch Password Requests to Console Directory Watch.
Apr 28 02:20:17 witherspoon systemd[1]: Reached target Swap.
Apr 28 02:20:17 witherspoon systemd[1]: Listening on udev Kernel Socket.
Apr 28 02:20:17 witherspoon systemd[1]: Listening on Network Service Netlink Socket.
Apr 28 02:20:17 witherspoon systemd[1]: Listening on Journal Socket (/dev/log).
Apr 28 02:20:17 witherspoon systemd-journald[584]: Journal started
Apr 28 02:20:17 witherspoon systemd-journald[584]: Runtime journal (/run/log/journal/98da6a547f8141998b98e23f5894fd04) is 0B, max 0B, 0B free.
Apr 28 02:20:17 witherspoon systemd-sysctl[588]: Couldn't write '16' to 'kernel/sysrq', ignoring: No such file or directory
Apr 28 02:20:17 witherspoon systemd-sysctl[588]: Couldn't write 'fq_codel' to 'net/core/default_qdisc', ignoring: No such file or directory
Apr 28 02:20:17 witherspoon systemd[1]: Started Apply Kernel Variables.
Apr 28 02:20:17 witherspoon systemd[1]: Started Remount Root and Kernel File Systems.
Apr 28 02:20:17 witherspoon systemd[1]: Starting Create System Users...
Apr 28 02:20:18 witherspoon systemd[1]: Starting Flush Journal to Persistent Storage...
Apr 28 02:20:18 witherspoon systemd[1]: Started Create System Users.
Apr 28 02:20:18 witherspoon systemd[1]: Starting Create Static Device Nodes in /dev...
Apr 28 02:20:18 witherspoon systemd-journald[584]: Runtime journal (/run/log/journal/98da6a547f8141998b98e23f5894fd04) is 0B, max 0B, 0B free.
Apr 28 02:20:18 witherspoon systemd[1]: Started Flush Journal to Persistent Storage.
Apr 28 02:20:18 witherspoon systemd[1]: Started Create Static Device Nodes in /dev.
Apr 28 02:20:18 witherspoon systemd[1]: Starting udev Kernel Device Manager...
Apr 28 02:20:18 witherspoon systemd[1]: Reached target Local File Systems (Pre).
Apr 28 02:20:18 witherspoon systemd[1]: Mounting /var/volatile...
Apr 28 02:20:18 witherspoon systemd[1]: Mounted /var/volatile.
Apr 28 02:20:18 witherspoon systemd[1]: Starting Load/Save Random Seed...
Apr 28 02:20:18 witherspoon systemd[1]: Reached target Local File Systems.
Apr 28 02:20:18 witherspoon systemd[1]: Starting Rebuild Journal Catalog...
Apr 28 02:20:18 witherspoon systemd[1]: Starting Create Volatile Files and Directories...
Apr 28 02:20:19 witherspoon systemd[1]: Started udev Coldplug all Devices.
Apr 28 02:20:19 witherspoon systemd[1]: Started Rebuild Journal Catalog.
Apr 28 02:20:19 witherspoon systemd-tmpfiles[709]: "/var/tmp" already exists and is not a directory.
Apr 28 02:20:19 witherspoon systemd-tmpfiles[709]: "/var/log" already exists and is not a directory.
Apr 28 02:20:19 witherspoon systemd[1]: Started Create Volatile Files and Directories.
Apr 28 02:20:19 witherspoon systemd[1]: Starting Network Time Synchronization...
Apr 28 02:20:19 witherspoon systemd[1]: Starting Run pending postinsts...
Apr 28 02:20:19 witherspoon systemd[1]: Starting Update is Completed...
Apr 28 02:20:19 witherspoon systemd[1]: Started Update is Completed.
Apr 28 02:20:20 witherspoon systemd[1]: Started udev Kernel Device Manager.
Apr 28 02:20:20 witherspoon systemd[1]: Started Load/Save Random Seed.
Apr 28 02:20:21 witherspoon systemd[1]: Started Network Time Synchronization.
Apr 28 02:20:21 witherspoon run-postinsts[939]: Running postinst /etc/rpm-postinsts/libglib-2.0-0...
Apr 28 02:20:21 witherspoon systemd[1]: Reached target System Time Synchronized.
Apr 28 02:20:21 witherspoon systemd[1]: Found device /dev/aspeed-lpc-ctrl.
Apr 28 02:20:21 witherspoon systemd[1]: Found device /dev/aspeed-mbox.
Apr 28 02:20:21 witherspoon systemd[1]: Found device /dev/ttyS4.
Apr 28 02:20:21 witherspoon systemd[1]: Found device /dev/ttyVUART0.
Apr 28 02:20:21 witherspoon systemd[1]: dev-hugepages.mount: Couldn't determine result for ConditionVirtualization=!private-users, assuming failed: No such file or directory
Apr 28 02:20:21 witherspoon systemd[1]: Created slice system-xyz.openbmc_project.Hwmon.slice.
Apr 28 02:20:22 witherspoon systemd[1]: dev-hugepages.mount: Couldn't determine result for ConditionVirtualization=!private-users, assuming failed: No such file or directory
Apr 28 02:20:23 witherspoon run-postinsts[939]: rm: can't remove '/etc/rpm-postinsts': Operation not supported
Apr 28 02:20:23 witherspoon run-postinsts[939]:  Removing any system startup links for run-postinsts ...
Apr 28 02:20:24 witherspoon systemctl[973]: Removed /etc/systemd/system/sysinit.target.wants/run-postinsts.service.
Apr 28 02:20:24 witherspoon systemd[1]: Reloading.
Apr 28 02:20:26 witherspoon systemd[1]: Started Run pending postinsts.
Apr 28 02:20:26 witherspoon systemd[1]: Created slice system-xyz.openbmc_project.led.controller.slice.
Apr 28 02:20:26 witherspoon systemd[1]: dev-hugepages.mount: Couldn't determine result for ConditionVirtualization=!private-users, assuming failed: No such file or directory
Apr 28 02:20:26 witherspoon systemd[1]: Reached target System Initialization.
Apr 28 02:20:26 witherspoon systemd[1]: Listening on D-Bus System Message Bus Socket.
Apr 28 02:20:26 witherspoon systemd[1]: Listening on phosphor-ipmi-net.socket.
Apr 28 02:20:26 witherspoon systemd[1]: Listening on dropbear.socket.
Apr 28 02:20:26 witherspoon systemd[1]: Listening on Phosphor Webserver socket.
Apr 28 02:20:26 witherspoon systemd[1]: Started Daily Cleanup of Temporary Directories.
Apr 28 02:20:26 witherspoon systemd[1]: Reached target Timers.
Apr 28 02:20:26 witherspoon systemd[1]: Listening on Avahi mDNS/DNS-SD Stack Activation Socket.
Apr 28 02:20:26 witherspoon systemd[1]: Listening on Phosphor DBUS Browser socket.
Apr 28 02:20:26 witherspoon systemd[1]: Listening on Phosphor Host Console SSH Per-Connection socket.
Apr 28 02:20:26 witherspoon systemd[1]: Reached target Sockets.
Apr 28 02:20:26 witherspoon systemd[1]: Reached target Basic System.
Apr 28 02:20:26 witherspoon systemd[1]: Starting OpenBMC Software Update Manager...
Apr 28 02:20:27 witherspoon systemd[1]: Starting Phosphor User Manager...
Apr 28 02:20:27 witherspoon kernel[991]: klogd started: BusyBox v1.24.1 (2017-06-16 19:26:49 UTC)
Apr 28 02:20:27 witherspoon systemd[1]: Started Phosphor MBOX Daemon.
Apr 28 02:20:27 witherspoon kernel[991]: [    0.000000] Booting Linux on physical CPU 0x0
Apr 28 02:20:27 witherspoon systemd[1]: Started Phosphor sysfs LED controller.
Apr 28 02:20:27 witherspoon kernel[991]: [    0.000000] Linux version 4.10.17-b2cd8101eec3c200940405f12582473617a520f7 (jenkins@hudson) (gcc version 6.2.0 (GCC) ) #1 Fri Jul 14 17:45:14 UTC 2017
Apr 28 02:20:27 witherspoon systemd[1]: Started Phosphor Dump core monitor..
Apr 28 02:20:27 witherspoon kernel[991]: [    0.000000] CPU: ARMv6-compatible processor [410fb767] revision 7 (ARMv7), cr=00c5387d
Apr 28 02:20:27 witherspoon systemd[1]: Reached target Containers.
Apr 28 02:20:27 witherspoon kernel[991]: [    0.000000] CPU: PIPT / VIPT nonaliasing data cache, VIPT nonaliasing instruction cache
Apr 28 02:20:27 witherspoon systemd[1]: Starting Phosphor IPMI BT DBus Bridge...
Apr 28 02:20:27 witherspoon kernel[991]: [    0.000000] OF: fdt:Machine model: Witherspoon BMC
Apr 28 02:20:27 witherspoon systemd[1]: Starting Phosphor Network Manager...
Apr 28 02:20:27 witherspoon kernel[991]: [    0.000000] Memory policy: Data cache writeback
Apr 28 02:20:27 witherspoon systemd[1]: Started Kernel Logging Service.
Apr 28 02:20:27 witherspoon kernel[991]: [    0.000000] SOC Rev: 04030303
Apr 28 02:20:27 witherspoon systemd[1]: Starting Phosphor Download Manager...
Apr 28 02:20:27 witherspoon kernel[991]: [    0.000000] On node 0 totalpages: 110592
Apr 28 02:20:27 witherspoon systemd[1]: Started Phosphor sysfs LED controller.
Apr 28 02:20:27 witherspoon kernel[991]: [    0.000000] free_area_init_node: node 0, pgdat 805fd514, node_mem_map 9ec1a000
Apr 28 02:20:27 witherspoon systemd[1]: Starting Phosphor BMC0 Control...
Apr 28 02:20:27 witherspoon kernel[991]: [    0.000000]   Normal zone: 992 pages used for memmap
Apr 28 02:20:27 witherspoon systemd[1]: Started Phosphor Hwmon Poller.
Apr 28 02:20:27 witherspoon kernel[991]: [    0.000000]   Normal zone: 0 pages reserved
Apr 28 02:20:27 witherspoon systemd[1]: Started Phosphor Hwmon Poller.
Apr 28 02:20:27 witherspoon kernel[991]: [    0.000000]   Normal zone: 110592 pages, LIFO batch:31
Apr 28 02:20:27 witherspoon systemd[1]: Started Phosphor Hwmon Poller.
Apr 28 02:20:27 witherspoon kernel[991]: [    0.000000] pcpu-alloc: s0 r0 d32768 u32768 alloc=1*32768
Apr 28 02:20:27 witherspoon systemd[1]: Starting OpenPower Software Update Manager...
Apr 28 02:20:27 witherspoon kernel[991]: [    0.000000] pcpu-alloc: [0] 0
Apr 28 02:20:27 witherspoon systemd[1]: Started D-Bus System Message Bus.
Apr 28 02:20:27 witherspoon kernel[991]: [    0.000000] Built 1 zonelists in Zone order, mobility grouping on.  Total pages: 109600
Apr 28 02:20:27 witherspoon kernel[991]: [    0.000000] Kernel command line: console=ttyS4,115200n8 root=/dev/ram rw
Apr 28 02:20:27 witherspoon kernel[991]: [    0.000000] PID hash table entries: 2048 (order: 1, 8192 bytes)
Apr 28 02:20:27 witherspoon kernel[991]: [    0.000000] Dentry cache hash table entries: 65536 (order: 6, 262144 bytes)
Apr 28 02:20:27 witherspoon kernel[991]: [    0.000000] Inode-cache hash table entries: 32768 (order: 5, 131072 bytes)
Apr 28 02:20:27 witherspoon kernel[991]: [    0.000000] Memory: 430452K/442368K available (4062K kernel code, 280K rwdata, 1192K rodata, 280K init, 111K bss, 11916K reserved, 0K cma-reserved)
Apr 28 02:20:27 witherspoon kernel[991]: [    0.000000] Virtual kernel memory layout:
Apr 28 02:20:27 witherspoon kernel[991]: [    0.000000]     vector  : 0xffff0000 - 0xffff1000   (   4 kB)
Apr 28 02:20:27 witherspoon kernel[991]: [    0.000000]     fixmap  : 0xffc00000 - 0xfff00000   (3072 kB)
Apr 28 02:20:27 witherspoon kernel[991]: [    0.000000]     vmalloc : 0x9f800000 - 0xff800000   (1536 MB)
Apr 28 02:20:27 witherspoon kernel[991]: [    0.000000]     lowmem  : 0x80000000 - 0x9f000000   ( 496 MB)
Apr 28 02:20:27 witherspoon kernel[991]: [    0.000000]       .text : 0x80008000 - 0x803ffd20   (4064 kB)
Apr 28 02:20:27 witherspoon kernel[991]: [    0.000000]       .init : 0x80584000 - 0x805ca000   ( 280 kB)
Apr 28 02:20:27 witherspoon kernel[991]: [    0.000000]       .data : 0x805ca000 - 0x806102a8   ( 281 kB)
Apr 28 02:20:27 witherspoon kernel[991]: [    0.000000]        .bss : 0x806102a8 - 0x8062c158   ( 112 kB)
Apr 28 02:20:27 witherspoon kernel[991]: [    0.000000] NR_IRQS:16 nr_irqs:16 16
Apr 28 02:20:27 witherspoon kernel[991]: [    0.000000] i2c controller registered, irq 16
Apr 28 02:20:27 witherspoon kernel[991]: [    0.000000] clocksource: moxart_timer: mask: 0xffffffff max_cycles: 0xffffffff, max_idle_ns: 77222644334 ns
Apr 28 02:20:27 witherspoon kernel[991]: [    0.000000] sched_clock: 32 bits at 100 Hz, resolution 10000000ns, wraps every 21474836475000000ns
Apr 28 02:20:27 witherspoon kernel[991]: [    0.090000] Calibrating delay loop... 789.70 BogoMIPS (lpj=3948544)
Apr 28 02:20:27 witherspoon kernel[991]: [    0.090000] pid_max: default: 32768 minimum: 301
Apr 28 02:20:27 witherspoon kernel[991]: [    0.090000] Mount-cache hash table entries: 1024 (order: 0, 4096 bytes)
Apr 28 02:20:27 witherspoon kernel[991]: [    0.090000] Mountpoint-cache hash table entries: 1024 (order: 0, 4096 bytes)
Apr 28 02:20:27 witherspoon kernel[991]: [    0.090000] CPU: Testing write buffer coherency: ok
Apr 28 02:20:27 witherspoon kernel[991]: [    0.090000] ftrace: allocating 14933 entries in 44 pages
Apr 28 02:20:27 witherspoon kernel[991]: [    0.120000] Setting up static identity map for 0x80008200 - 0x8000825c
Apr 28 02:20:27 witherspoon kernel[991]: [    0.120000] devtmpfs: initialized
Apr 28 02:20:27 witherspoon kernel[991]: [    0.140000] clocksource: jiffies: mask: 0xffffffff max_cycles: 0xffffffff, max_idle_ns: 19112604462750000 ns
Apr 28 02:20:27 witherspoon kernel[991]: [    0.140000] futex hash table entries: 256 (order: -1, 3072 bytes)
Apr 28 02:20:27 witherspoon kernel[991]: [    0.140000] pinctrl core: initialized pinctrl subsystem
Apr 28 02:20:27 witherspoon kernel[991]: [    0.140000] NET: Registered protocol family 16
Apr 28 02:20:27 witherspoon kernel[991]: [    0.140000] DMA: preallocated 256 KiB pool for atomic coherent allocations
Apr 28 02:20:27 witherspoon kernel[991]: [    0.210000] usbcore: registered new interface driver usbfs
Apr 28 02:20:27 witherspoon kernel[991]: [    0.210000] usbcore: registered new interface driver hub
Apr 28 02:20:27 witherspoon kernel[991]: [    0.210000] usbcore: registered new device driver usb
Apr 28 02:20:27 witherspoon kernel[991]: [    0.210000] clocksource: Switched to clocksource moxart_timer
Apr 28 02:20:27 witherspoon kernel[991]: [    0.220000] NET: Registered protocol family 2
Apr 28 02:20:27 witherspoon kernel[991]: [    0.220000] TCP established hash table entries: 4096 (order: 2, 16384 bytes)
Apr 28 02:20:27 witherspoon kernel[991]: [    0.220000] TCP bind hash table entries: 4096 (order: 2, 16384 bytes)
Apr 28 02:20:27 witherspoon kernel[991]: [    0.220000] TCP: Hash tables configured (established 4096 bind 4096)
Apr 28 02:20:27 witherspoon kernel[991]: [    0.220000] UDP hash table entries: 256 (order: 0, 4096 bytes)
Apr 28 02:20:27 witherspoon kernel[991]: [    0.220000] UDP-Lite hash table entries: 256 (order: 0, 4096 bytes)
Apr 28 02:20:27 witherspoon kernel[991]: [    0.220000] NET: Registered protocol family 1
Apr 28 02:20:27 witherspoon kernel[991]: [    0.230000] Trying to unpack rootfs image as initramfs...
Apr 28 02:20:27 witherspoon kernel[991]: [    1.900000] Freeing initrd memory: 1544K
Apr 28 02:20:27 witherspoon kernel[991]: [    1.900000] workingset: timestamp_bits=30 max_order=17 bucket_order=0
Apr 28 02:20:27 witherspoon kernel[991]: [    1.900000] squashfs: version 4.0 (2009/01/31) Phillip Lougher
Apr 28 02:20:27 witherspoon kernel[991]: [    1.900000] jffs2: version 2.2. (SUMMARY)  © 2001-2006 Red Hat, Inc.
Apr 28 02:20:27 witherspoon kernel[991]: [    1.900000] Block layer SCSI generic (bsg) driver version 0.4 loaded (major 250)
Apr 28 02:20:27 witherspoon kernel[991]: [    1.900000] io scheduler noop registered
Apr 28 02:20:27 witherspoon kernel[991]: [    1.900000] io scheduler deadline registered
Apr 28 02:20:27 witherspoon kernel[991]: [    1.900000] io scheduler cfq registered (default)
Apr 28 02:20:27 witherspoon kernel[991]: [    2.050000] ipmi-bt-host 1e789140.ibt: Found bt bmc device
Apr 28 02:20:27 witherspoon kernel[991]: [    2.050000] ipmi-bt-host 1e789140.ibt: Using IRQ 22
Apr 28 02:20:27 witherspoon kernel[991]: [    2.050000] Serial: 8250/16550 driver, 6 ports, IRQ sharing enabled
Apr 28 02:20:27 witherspoon kernel[991]: [    2.050000] 1e783000.serial: ttyS0 at MMIO 0x1e783000 (irq = 23, base_baud = 1500000) is a 16550A
Apr 28 02:20:27 witherspoon kernel[991]: [    2.050000] 1e78d000.serial: ttyS1 at MMIO 0x1e78d000 (irq = 24, base_baud = 1500000) is a 16550A
Apr 28 02:20:27 witherspoon kernel[991]: [    2.050000] 1e784000.serial: ttyS4 at MMIO 0x1e784000 (irq = 25, base_baud = 1500000) is a 16550A
Apr 28 02:20:27 witherspoon kernel[991]: [    2.400000] console [ttyS4] enabled
Apr 28 02:20:27 witherspoon kernel[991]: [    2.400000] 1e787000.vuart: ttyS2 at MMIO 0x1e787000 (irq = 22, base_baud = 1500000) is a 16550A
Apr 28 02:20:27 witherspoon kernel[991]: [    2.590000] timeriomem_rng 1e6e2078.hwrng: 32bits from 0xf00e2078 @ 1us
Apr 28 02:20:27 witherspoon kernel[991]: [    2.610000] random: fast init done
Apr 28 02:20:27 witherspoon kernel[991]: [    2.640000] brd: module loaded
Apr 28 02:20:27 witherspoon kernel[991]: [    2.670000] loop: module loaded
Apr 28 02:20:27 witherspoon kernel[991]: [    2.670000] random: crng init done
Apr 28 02:20:27 witherspoon kernel[991]: [    2.680000] aspeed-lpc-ctrl 1e789080.lpc-ctrl: Loaded at 0x98000000 (0x04000000)
Apr 28 02:20:27 witherspoon kernel[991]: [    2.680000] aspeed-smc 1e620000.flash-controller: Using IRQ 18
Apr 28 02:20:27 witherspoon kernel[991]: [    2.690000] aspeed-smc 1e620000.flash-controller: DMA support disabled.
Apr 28 02:20:27 witherspoon kernel[991]: [    2.690000] aspeed-smc 1e620000.flash-controller: mx25l25635e (32768 Kbytes)
Apr 28 02:20:27 witherspoon kernel[991]: [    2.690000] aspeed-smc 1e620000.flash-controller: CE0 window [ 0x20000000 - 0x22000000 ] 32MB
Apr 28 02:20:27 witherspoon kernel[991]: [    2.720000] aspeed-smc 1e620000.flash-controller: CE1 window [ 0x22000000 - 0x2a000000 ] 128MB
Apr 28 02:20:27 witherspoon kernel[991]: [    2.720000] 5 ofpart partitions found on MTD device bmc
Apr 28 02:20:27 witherspoon kernel[991]: [    2.720000] Creating 5 MTD partitions on "bmc":
Apr 28 02:20:27 witherspoon kernel[991]: [    2.720000] 0x000000000000-0x000000060000 : "u-boot"
Apr 28 02:20:27 witherspoon kernel[991]: [    2.750000] 0x000000060000-0x000000080000 : "u-boot-env"
Apr 28 02:20:27 witherspoon kernel[991]: [    2.750000] 0x000000080000-0x0000004c0000 : "kernel"
Apr 28 02:20:27 witherspoon kernel[991]: [    2.770000] 0x0000004c0000-0x000001c00000 : "rofs"
Apr 28 02:20:27 witherspoon kernel[991]: [    2.770000] 0x000001c00000-0x000002000000 : "rwfs"
Apr 28 02:20:27 witherspoon kernel[991]: [    2.790000] aspeed-smc 1e620000.flash-controller: mx25l25635e (32768 Kbytes)
Apr 28 02:20:27 witherspoon kernel[991]: [    2.790000] aspeed-smc 1e620000.flash-controller: CE1 window [ 0x22000000 - 0x24000000 ] 32MB
Apr 28 02:20:27 witherspoon kernel[991]: [    2.800000] aspeed-smc 1e620000.flash-controller: CE2 window [ 0x24000000 - 0x2c000000 ] 128MB
Apr 28 02:20:27 witherspoon kernel[991]: [    2.800000] aspeed-smc 1e630000.flash-controller: mx66l1g45g (131072 Kbytes)
Apr 28 02:20:27 witherspoon kernel[991]: [    2.830000] aspeed-smc 1e630000.flash-controller: CE0 window resized to 120MB (AST2500 HW quirk)
Apr 28 02:20:27 witherspoon kernel[991]: [    2.830000] aspeed-smc 1e630000.flash-controller: CE0 window [ 0x30000000 - 0x37800000 ] 120MB
Apr 28 02:20:27 witherspoon kernel[991]: [    2.830000] aspeed-smc 1e630000.flash-controller: CE0 window too small for chip 128MB
Apr 28 02:20:27 witherspoon kernel[991]: [    2.830000] aspeed-smc 1e630000.flash-controller: CE1 window [ 0x37800000 - 0x38000000 ] 8MB
Apr 28 02:20:27 witherspoon kernel[991]: [    3.550000] libphy: Fixed MDIO Bus: probed
Apr 28 02:20:27 witherspoon kernel[991]: [    3.640000] ftgmac100 1e660000.ethernet: Read MAC address 70:e2:84:14:24:20 from chip
Apr 28 02:20:27 witherspoon kernel[991]: [    3.640000] ftgmac100 1e660000.ethernet: Using NCSI interface
Apr 28 02:20:27 witherspoon kernel[991]: [    3.640000] ftgmac100 1e660000.ethernet eth0: irq 20, mapped at f0060000
Apr 28 02:20:27 witherspoon kernel[991]: [    3.640000] ehci_hcd: USB 2.0 'Enhanced' Host Controller (EHCI) Driver
Apr 28 02:20:27 witherspoon kernel[991]: [    3.640000] ehci-platform: EHCI generic platform driver
Apr 28 02:20:27 witherspoon kernel[991]: [    3.830000]  fsi0: can't read slave 00:00 -5
Apr 28 02:20:27 witherspoon kernel[991]: [    3.830000] i2c /dev entries driver
Apr 28 02:20:27 witherspoon kernel[991]: [    3.830000] aspeed-i2c-bus 1e78a0c0.i2c-bus: i2c bus 2 registered, irq 26
Apr 28 02:20:27 witherspoon kernel[991]: [    3.830000] aspeed-i2c-bus 1e78a100.i2c-bus: i2c bus 3 registered, irq 27
Apr 28 02:20:27 witherspoon kernel[991]: [    3.830000] aspeed-i2c-bus 1e78a140.i2c-bus: i2c bus 4 registered, irq 28
Apr 28 02:20:27 witherspoon kernel[991]: [    3.830000] aspeed-i2c-bus 1e78a180.i2c-bus: i2c bus 5 registered, irq 29
Apr 28 02:20:27 witherspoon kernel[991]: [    3.830000] aspeed-i2c-bus 1e78a380.i2c-bus: i2c bus 9 registered, irq 30
Apr 28 02:20:27 witherspoon kernel[991]: [    3.830000] aspeed-i2c-bus 1e78a3c0.i2c-bus: i2c bus 10 registered, irq 31
Apr 28 02:20:27 witherspoon kernel[991]: [    3.920000] rtc-rv8803 11-0032: rtc core: registered rx8900 as rtc0
Apr 28 02:20:27 witherspoon kernel[991]: [    3.930000] at24 11-0051: 8192 byte 24c64 EEPROM, writable, 1 bytes/write
Apr 28 02:20:27 witherspoon kernel[991]: [    3.930000] aspeed-i2c-bus 1e78a400.i2c-bus: i2c bus 11 registered, irq 32
Apr 28 02:20:27 witherspoon kernel[991]: [    3.930000] aspeed-i2c-bus 1e78a440.i2c-bus: i2c bus 12 registered, irq 33
Apr 28 02:20:27 witherspoon kernel[991]: [    3.930000] aspeed-i2c-bus 1e78a480.i2c-bus: i2c bus 13 registered, irq 34
Apr 28 02:20:27 witherspoon kernel[991]: [    3.930000] Driver for 1-wire Dallas network protocol.
Apr 28 02:20:30 witherspoon phosphor-network-manager[990]: ConfigParser: Section not found
Apr 28 02:20:27 witherspoon kernel[991]: [    3.930000] lm75 9-004a: hwmon0: sensor 'tmp275'
Apr 28 02:20:30 witherspoon phosphor-network-manager[990]: The operation failed internally.
Apr 28 02:20:27 witherspoon kernel[991]: [    4.390000] ucd9000 11-0064: Device ID UCD90160|2.3.4.0000|110603
Apr 28 02:20:31 witherspoon phosphor-network-manager[990]: Error in mapper call
Apr 28 02:20:27 witherspoon kernel[991]: [    4.720000] leds-pca955x 3-0060: leds-pca955x: Using pca9552 16-bit LED driver at slave address 0x60
Apr 28 02:20:31 witherspoon systemd[1]: Started Phosphor Download Manager.
Apr 28 02:20:27 witherspoon kernel[991]: [    4.740000] leds-pca955x 11-0060: leds-pca955x: Using pca9552 16-bit LED driver at slave address 0x60
Apr 28 02:20:31 witherspoon systemd[1]: Started OpenBMC Software Update Manager.
Apr 28 02:20:27 witherspoon kernel[991]: [    4.750000] leds-pca955x 11-0060: gpios 264...279
Apr 28 02:20:27 witherspoon kernel[991]: [    4.760000] usbcore: registered new interface driver usbhid
Apr 28 02:20:27 witherspoon kernel[991]: [    4.760000] usbhid: USB HID core driver
Apr 28 02:20:27 witherspoon kernel[991]: [    4.810000] dps310: probe of 3-0076 failed with error -5
Apr 28 02:20:27 witherspoon kernel[991]: [    4.810000] NET: Registered protocol family 10
Apr 28 02:20:27 witherspoon kernel[991]: [    4.820000] Segment Routing with IPv6
Apr 28 02:20:27 witherspoon kernel[991]: [    4.820000] NET: Registered protocol family 17
Apr 28 02:20:27 witherspoon kernel[991]: [    4.820000] 8021q: 802.1Q VLAN Support v1.8
Apr 28 02:20:27 witherspoon kernel[991]: [    4.840000] console [netcon0] enabled
Apr 28 02:20:27 witherspoon kernel[991]: [    4.840000] netconsole: network logging started
Apr 28 02:20:27 witherspoon kernel[991]: [    4.840000] input: gpio-keys as /devices/platform/gpio-keys/input/input0
Apr 28 02:20:27 witherspoon kernel[991]: [    4.840000] rtc-rv8803 11-0032: setting system clock to 2016-03-24 05:33:23 UTC (1458797603)
Apr 28 02:20:27 witherspoon kernel[991]: [    4.840000] Freeing unused kernel memory: 280K
Apr 28 02:20:27 witherspoon kernel[991]: [    4.840000] This architecture does not have kernel memory protection.
Apr 28 02:20:27 witherspoon kernel[991]: [    6.510000] jffs2: notice: (531) jffs2_build_xattr_subsystem: complete building xattr subsystem, 1 of xdatum (0 unchecked, 0 orphan) and 5 of xref (0 dead, 1 orphan) found.
Apr 28 02:20:27 witherspoon kernel[991]: [   13.520000] systemd[1]: System time before build time, advancing clock.
Apr 28 02:20:27 witherspoon kernel[991]: [   13.520000] systemd[1]: Failed to insert module 'autofs4': No such file or directory
Apr 28 02:20:27 witherspoon kernel[991]: [   13.520000] systemd[1]: systemd 232 running in system mode. (+PAM -AUDIT -SELINUX -IMA -APPARMOR -SMACK +SYSVINIT -UTMP -LIBCRYPTSETUP -GCRYPT -GNUTLS +ACL +XZ -LZ4 -SECCOMP +BLKID -ELFUTILS +KMOD -IDN)
Apr 28 02:20:27 witherspoon kernel[991]: [   13.840000] systemd[1]: Detected architecture arm.
Apr 28 02:20:27 witherspoon kernel[991]: [   13.900000] systemd[1]: Set hostname to <witherspoon>.
Apr 28 02:20:27 witherspoon kernel[991]: [   15.340000] systemd[1]: Listening on udev Control Socket.
Apr 28 02:20:27 witherspoon kernel[991]: [   15.470000] systemd[1]: Listening on Syslog Socket.
Apr 28 02:20:27 witherspoon kernel[991]: [   15.500000] systemd[1]: Started Dispatch Password Requests to Console Directory Watch.
Apr 28 02:20:27 witherspoon kernel[991]: [   15.540000] systemd[1]: Reached target Swap.
Apr 28 02:20:27 witherspoon kernel[991]: [   15.570000] systemd[1]: Listening on udev Kernel Socket.
Apr 28 02:20:27 witherspoon kernel[991]: [   15.610000] systemd[1]: Listening on Network Service Netlink Socket.
Apr 28 02:20:27 witherspoon kernel[991]: [   15.650000] systemd[1]: Listening on Journal Socket (/dev/log).
Apr 28 02:20:27 witherspoon kernel[991]: [   18.060000] systemd-journald[584]: Received request to flush runtime journal from PID 1
Apr 28 02:20:31 witherspoon dbus[999]: [system] Activating systemd to hand-off: service name='org.freedesktop.hostname1' unit='dbus-org.freedesktop.hostname1.service'
Apr 28 02:20:31 witherspoon dbus[999]: [system] Successfully activated service 'org.freedesktop.systemd1'
Apr 28 02:20:31 witherspoon systemd[1]: Started Phosphor IPMI BT DBus Bridge.
Apr 28 02:20:31 witherspoon systemd[1]: Started OpenPower Software Update Manager.
Apr 28 02:20:32 witherspoon systemd[1]: Starting Phosphor Version Software Manager...
Apr 28 02:20:32 witherspoon systemd[1]: Starting Network Service...
Apr 28 02:20:32 witherspoon systemd[1]: Started Phosphor sysfs LED controller.
Apr 28 02:20:32 witherspoon systemd[1]: Starting Phosphor LED Group Management Daemon...
Apr 28 02:20:33 witherspoon systemd[1]: Started Hardware RNG Entropy Gatherer Daemon.
Apr 28 02:20:33 witherspoon systemd[1]: Started Phosphor sysfs LED controller.
Apr 28 02:20:33 witherspoon systemd[1]: Started System Logging Service.
Apr 28 02:20:33 witherspoon systemd[1]: Starting Phosphor DBus Service Discovery Manager...
Apr 28 02:20:33 witherspoon systemd[1]: Started Phosphor sysfs LED controller.
Apr 28 02:20:33 witherspoon systemd[1]: Started Phosphor Hwmon Poller.
Apr 28 02:20:33 witherspoon systemd[1]: Starting Phosphor Dump Manager...
Apr 28 02:20:33 witherspoon systemd[1]: Started Phosphor sysfs LED controller.
Apr 28 02:20:33 witherspoon systemd[1]: Started Phosphor sysfs LED controller.
Apr 28 02:20:33 witherspoon systemd[1]: Starting Phosphor Download Manager...
Apr 28 02:20:33 witherspoon systemd[1]: Starting Avahi mDNS/DNS-SD Stack...
Apr 28 02:20:33 witherspoon systemd[1]: Started Phosphor Hwmon Poller.
Apr 28 02:20:33 witherspoon systemd[1]: Starting Phosphor Inventory Manager...
Apr 28 02:20:33 witherspoon systemd[1]: Started Phosphor sysfs LED controller.
Apr 28 02:20:34 witherspoon systemd[1]: Starting Phosphor Chassis0 Control...
Apr 28 02:20:34 witherspoon systemd[1]: Started Phosphor Console Muxer listening on device /dev/ttyVUART0.
Apr 28 02:20:34 witherspoon systemd[1]: Started Phosphor sysfs LED controller.
Apr 28 02:20:34 witherspoon systemd[1]: Started Phosphor Hwmon Poller.
Apr 28 02:20:34 witherspoon systemd[1]: Starting Phosphor Log Manager...
Apr 28 02:20:34 witherspoon systemd[1]: Starting Clear one time boot overrides...
Apr 28 02:20:34 witherspoon systemd[1]: Starting Phosphor Inventory Manager...
Apr 28 02:20:34 witherspoon systemd[1]: Starting Phosphor Network Manager...
Apr 28 02:20:34 witherspoon systemd[1]: Starting Phosphor Sensor Manager...
Apr 28 02:20:34 witherspoon systemd[1]: Started Phosphor sysfs LED controller.
Apr 28 02:20:36 witherspoon systemd[1]: Started Phosphor BMC0 Control.
Apr 28 02:20:36 witherspoon systemd[1]: Starting Hostname Service...
Apr 28 02:20:36 witherspoon systemd[1038]: systemd-hostnamed.service: Failed at step NETWORK spawning /lib/systemd/systemd-hostnamed: Invalid argument
Apr 28 02:20:36 witherspoon avahi-daemon[1019]: Found user 'avahi' (UID 998) and group 'avahi' (GID 997).
Apr 28 02:20:36 witherspoon systemd[1]: systemd-hostnamed.service: Main process exited, code=exited, status=225/NETWORK
Apr 28 02:20:36 witherspoon avahi-daemon[1019]: Successfully dropped root privileges.
Apr 28 02:20:36 witherspoon systemd[1]: Failed to start Hostname Service.
Apr 28 02:20:36 witherspoon avahi-daemon[1019]: avahi-daemon 0.6.32 starting up.
Apr 28 02:20:36 witherspoon systemd[1]: systemd-hostnamed.service: Unit entered failed state.
Apr 28 02:20:36 witherspoon systemd[1]: systemd-hostnamed.service: Failed with result 'exit-code'.
Apr 28 02:20:37 witherspoon systemd[1]: Started Phosphor Log Manager.
Apr 28 02:20:37 witherspoon systemd[1]: Started Phosphor Inventory Manager.
Apr 28 02:20:37 witherspoon avahi-daemon[1019]: Successfully called chroot().
Apr 28 02:20:37 witherspoon avahi-daemon[1019]: Successfully dropped remaining capabilities.
Apr 28 02:20:37 witherspoon avahi-daemon[1019]: Loading service file /services/obmc_console.service.
Apr 28 02:20:37 witherspoon avahi-daemon[1019]: Loading service file /services/phosphor_rest.service.
Apr 28 02:20:37 witherspoon systemd[1]: Started Phosphor LED Group Management Daemon.
Apr 28 02:20:37 witherspoon systemd[1]: Started Avahi mDNS/DNS-SD Stack.
Apr 28 02:20:37 witherspoon systemd[1]: Started Phosphor Dump Manager.
Apr 28 02:20:37 witherspoon systemd[1]: Started Phosphor Version Software Manager.
Apr 28 02:20:38 witherspoon systemd[1]: Started Clear one time boot overrides.
Apr 28 02:20:38 witherspoon avahi-daemon[1019]: Loading service file /services/sftp-ssh.service.
Apr 28 02:20:38 witherspoon avahi-daemon[1019]: Loading service file /services/sftp.service.
Apr 28 02:20:38 witherspoon systemd-networkd[1005]: Enumeration completed
Apr 28 02:20:38 witherspoon avahi-daemon[1019]: Loading service file /services/ssh.service.
Apr 28 02:20:38 witherspoon systemd[1]: Started Network Service.
Apr 28 02:20:38 witherspoon avahi-daemon[1019]: Network interface enumeration completed.
Apr 28 02:20:38 witherspoon systemd[1]: Reached target Network.
Apr 28 02:20:38 witherspoon avahi-daemon[1019]: Server startup complete. Host name is witherspoon.local. Local service cookie is 2947671364.
Apr 28 02:20:38 witherspoon systemd-networkd[1005]: eth0: IPv6 enabled for interface: Success
Apr 28 02:20:38 witherspoon avahi-daemon[1019]: Service "witherspoon" (/services/ssh.service) successfully established.
Apr 28 02:20:38 witherspoon systemd-networkd[1005]: eth0: Gained carrier
Apr 28 02:20:38 witherspoon avahi-daemon[1019]: Service "sftp" (/services/sftp.service) successfully established.
Apr 28 02:20:38 witherspoon systemd[1]: Started Lightweight SLP Server.
Apr 28 02:20:38 witherspoon avahi-daemon[1019]: Service "witherspoon" (/services/sftp-ssh.service) successfully established.
Apr 28 02:20:38 witherspoon systemd-timesyncd[938]: Network configuration changed, trying to establish connection.
Apr 28 02:20:38 witherspoon avahi-daemon[1019]: Service "phosphor_rest" (/services/phosphor_rest.service) successfully established.
Apr 28 02:20:38 witherspoon systemd[1]: Starting Permit User Sessions...
Apr 28 02:20:38 witherspoon avahi-daemon[1019]: Service "obmc_console" (/services/obmc_console.service) successfully established.
Apr 28 02:20:39 witherspoon systemd[1]: Started Permit User Sessions.
Apr 28 02:20:38 witherspoon avahi-daemon[1019]: Joining mDNS multicast group on interface eth0.IPv4 with address 9.41.166.169.
Apr 28 02:20:39 witherspoon systemd[1]: Started Serial Getty on ttyS4.
Apr 28 02:20:38 witherspoon avahi-daemon[1019]: New relevant interface eth0.IPv4 for mDNS.
Apr 28 02:20:39 witherspoon systemd[1]: Reached target Login Prompts.
Apr 28 02:20:38 witherspoon avahi-daemon[1019]: Registering new address record for 9.41.166.169 on eth0.IPv4.
Apr 28 02:20:39 witherspoon systemd[1]: Reached target Multi-User System.
Apr 28 02:20:40 witherspoon avahi-daemon[1019]: Joining mDNS multicast group on interface eth0.IPv6 with address fe80::72e2:84ff:fe14:2420.
Apr 28 02:20:40 witherspoon systemd-networkd[1005]: eth0: Gained IPv6LL
Apr 28 02:20:40 witherspoon avahi-daemon[1019]: New relevant interface eth0.IPv6 for mDNS.
Apr 28 02:20:40 witherspoon avahi-daemon[1019]: Registering new address record for fe80::72e2:84ff:fe14:2420 on eth0.*.
Apr 28 02:20:41 witherspoon kernel: ftgmac100 1e660000.ethernet eth0: NCSI interface up
Apr 28 02:20:41 witherspoon kernel[991]: [   41.250000] ftgmac100 1e660000.ethernet eth0: NCSI interface up
Apr 28 02:20:43 witherspoon avahi-daemon[1019]: Withdrawing address record for 9.41.166.169 on eth0.
Apr 28 02:20:43 witherspoon avahi-daemon[1019]: Host name conflict, retrying with witherspoon-2
Apr 28 02:20:43 witherspoon avahi-daemon[1019]: Registering new address record for fe80::72e2:84ff:fe14:2420 on eth0.*.
Apr 28 02:20:43 witherspoon avahi-daemon[1019]: Registering new address record for 9.41.166.169 on eth0.IPv4.
Apr 28 02:20:45 witherspoon avahi-daemon[1019]: Withdrawing address record for 9.41.166.169 on eth0.
Apr 28 02:20:45 witherspoon avahi-daemon[1019]: Host name conflict, retrying with witherspoon-3
Apr 28 02:20:45 witherspoon avahi-daemon[1019]: Registering new address record for fe80::72e2:84ff:fe14:2420 on eth0.*.
Apr 28 02:20:45 witherspoon avahi-daemon[1019]: Registering new address record for 9.41.166.169 on eth0.IPv4.
Apr 28 02:20:45 witherspoon avahi-daemon[1019]: Withdrawing address record for 9.41.166.169 on eth0.
Apr 28 02:20:45 witherspoon avahi-daemon[1019]: Host name conflict, retrying with witherspoon-4
Apr 28 02:20:45 witherspoon avahi-daemon[1019]: Registering new address record for fe80::72e2:84ff:fe14:2420 on eth0.*.
Apr 28 02:20:45 witherspoon avahi-daemon[1019]: Registering new address record for 9.41.166.169 on eth0.IPv4.
Apr 28 02:20:46 witherspoon avahi-daemon[1019]: Withdrawing address record for 9.41.166.169 on eth0.
Apr 28 02:20:46 witherspoon avahi-daemon[1019]: Host name conflict, retrying with witherspoon-5
Apr 28 02:20:46 witherspoon avahi-daemon[1019]: Registering new address record for fe80::72e2:84ff:fe14:2420 on eth0.*.
Apr 28 02:20:46 witherspoon avahi-daemon[1019]: Registering new address record for 9.41.166.169 on eth0.IPv4.
Apr 28 02:20:47 witherspoon avahi-daemon[1019]: Withdrawing address record for 9.41.166.169 on eth0.
Apr 28 02:20:47 witherspoon avahi-daemon[1019]: Host name conflict, retrying with witherspoon-6
Apr 28 02:20:47 witherspoon avahi-daemon[1019]: Registering new address record for fe80::72e2:84ff:fe14:2420 on eth0.*.
Apr 28 02:20:47 witherspoon avahi-daemon[1019]: Registering new address record for 9.41.166.169 on eth0.IPv4.
Apr 28 02:20:49 witherspoon avahi-daemon[1019]: Withdrawing address record for 9.41.166.169 on eth0.
Apr 28 02:20:49 witherspoon avahi-daemon[1019]: Host name conflict, retrying with witherspoon-7
Apr 28 02:20:49 witherspoon avahi-daemon[1019]: Registering new address record for fe80::72e2:84ff:fe14:2420 on eth0.*.
Apr 28 02:20:49 witherspoon avahi-daemon[1019]: Registering new address record for 9.41.166.169 on eth0.IPv4.
Apr 28 02:20:50 witherspoon avahi-daemon[1019]: Withdrawing address record for 9.41.166.169 on eth0.
Apr 28 02:20:50 witherspoon avahi-daemon[1019]: Host name conflict, retrying with witherspoon-8
Apr 28 02:20:50 witherspoon avahi-daemon[1019]: Registering new address record for fe80::72e2:84ff:fe14:2420 on eth0.*.
Apr 28 02:20:50 witherspoon avahi-daemon[1019]: Registering new address record for 9.41.166.169 on eth0.IPv4.
Apr 28 02:20:51 witherspoon avahi-daemon[1019]: Withdrawing address record for 9.41.166.169 on eth0.
Apr 28 02:20:51 witherspoon avahi-daemon[1019]: Host name conflict, retrying with witherspoon-9
Apr 28 02:20:51 witherspoon avahi-daemon[1019]: Registering new address record for fe80::72e2:84ff:fe14:2420 on eth0.*.
Apr 28 02:20:51 witherspoon avahi-daemon[1019]: Registering new address record for 9.41.166.169 on eth0.IPv4.
Apr 28 02:20:52 witherspoon avahi-daemon[1019]: Withdrawing address record for 9.41.166.169 on eth0.
Apr 28 02:20:52 witherspoon avahi-daemon[1019]: Host name conflict, retrying with witherspoon-10
Apr 28 02:20:52 witherspoon avahi-daemon[1019]: Registering new address record for fe80::72e2:84ff:fe14:2420 on eth0.*.
Apr 28 02:20:52 witherspoon avahi-daemon[1019]: Registering new address record for 9.41.166.169 on eth0.IPv4.
Apr 28 02:20:52 witherspoon systemd-networkd[1005]: eth0: Configured
Apr 28 02:20:52 witherspoon systemd-timesyncd[938]: Network configuration changed, trying to establish connection.
Apr 28 02:20:53 witherspoon avahi-daemon[1019]: Withdrawing address record for 9.41.166.169 on eth0.
Apr 28 02:20:53 witherspoon avahi-daemon[1019]: Host name conflict, retrying with witherspoon-11
Apr 28 02:20:53 witherspoon avahi-daemon[1019]: Registering new address record for fe80::72e2:84ff:fe14:2420 on eth0.*.
Apr 28 02:20:53 witherspoon avahi-daemon[1019]: Registering new address record for 9.41.166.169 on eth0.IPv4.
Apr 28 02:20:54 witherspoon avahi-daemon[1019]: Withdrawing address record for 9.41.166.169 on eth0.
Apr 28 02:20:54 witherspoon avahi-daemon[1019]: Host name conflict, retrying with witherspoon-12
Apr 28 02:20:54 witherspoon avahi-daemon[1019]: Registering new address record for fe80::72e2:84ff:fe14:2420 on eth0.*.
Apr 28 02:20:54 witherspoon avahi-daemon[1019]: Registering new address record for 9.41.166.169 on eth0.IPv4.
Apr 28 02:20:55 witherspoon download_manager.py[1018]: Running Download Manager
Apr 28 02:20:55 witherspoon systemd[1]: Started Phosphor Download Manager.
Apr 28 02:20:55 witherspoon chassis_control.py[1023]: Running ChassisControlService
Apr 28 02:20:55 witherspoon systemd[1]: Started Phosphor Chassis0 Control.
Apr 28 02:20:55 witherspoon avahi-daemon[1019]: Withdrawing address record for 9.41.166.169 on eth0.
Apr 28 02:20:55 witherspoon avahi-daemon[1019]: Host name conflict, retrying with witherspoon-13
Apr 28 02:20:55 witherspoon avahi-daemon[1019]: Registering new address record for fe80::72e2:84ff:fe14:2420 on eth0.*.
Apr 28 02:20:55 witherspoon avahi-daemon[1019]: Registering new address record for 9.41.166.169 on eth0.IPv4.
Apr 28 02:20:55 witherspoon sensor_manager2.py[1031]: Setting boot count to 3
Apr 28 02:20:55 witherspoon sensor_manager2.py[1031]: Deleting OCC device
Apr 28 02:20:55 witherspoon sensor_manager2.py[1031]: sh: /sys/class/i2c-adapter/i2c-3/3-0050/online: No such file or directory
Apr 28 02:20:55 witherspoon inventory_items.py[1029]: Loading from cache: /var/cache/obmc/org.openbmc.inventory.system.chassis.motherboard.apss@org.openbmc.InventoryItem.props
Apr 28 02:20:55 witherspoon inventory_items.py[1029]: Loading from cache: /var/cache/obmc/org.openbmc.inventory.system.chassis.motherboard@org.openbmc.InventoryItem.props
Apr 28 02:20:56 witherspoon inventory_items.py[1029]: Loading from cache: /var/cache/obmc/org.openbmc.inventory.system.chassis.motherboard.refclock@org.openbmc.InventoryItem.props
Apr 28 02:20:56 witherspoon dbus[999]: [system] Failed to activate service 'org.freedesktop.hostname1': timed out
Apr 28 02:20:56 witherspoon phosphor-network-manager[990]: Failed to get hostname
Apr 28 02:20:56 witherspoon phosphor-network-manager[990]: The operation failed internally.
Apr 28 02:20:56 witherspoon phosphor-network-manager[990]: Error in mapper call
Apr 28 02:20:56 witherspoon systemd[1]: Started Phosphor Network Manager.
Apr 28 02:20:56 witherspoon sensor_manager2.py[1031]: Deleting OCC device
Apr 28 02:20:56 witherspoon sensor_manager2.py[1031]: sh: /sys/class/i2c-adapter/i2c-3/3-0050/online: No such file or directory
Apr 28 02:20:56 witherspoon systemd[1]: Started Phosphor Sensor Manager.
Apr 28 02:20:56 witherspoon avahi-daemon[1019]: Withdrawing address record for 9.41.166.169 on eth0.
Apr 28 02:20:56 witherspoon avahi-daemon[1019]: Host name conflict, retrying with witherspoon-14
Apr 28 02:20:56 witherspoon avahi-daemon[1019]: Registering new address record for fe80::72e2:84ff:fe14:2420 on eth0.*.
Apr 28 02:20:56 witherspoon avahi-daemon[1019]: Registering new address record for 9.41.166.169 on eth0.IPv4.
Apr 28 02:20:56 witherspoon sensor_manager2.py[1031]: Starting sensor manager
Apr 28 02:20:56 witherspoon inventory_items.py[1029]: Loading from cache: /var/cache/obmc/org.openbmc.inventory.system.chassis.motherboard.todclock@org.openbmc.InventoryItem.props
Apr 28 02:20:56 witherspoon inventory_items.py[1029]: Loading from cache: /var/cache/obmc/org.openbmc.inventory.system.chassis.motherboard.bmc@org.openbmc.InventoryItem.props
Apr 28 02:20:56 witherspoon inventory_items.py[1029]: Caching: /org/openbmc/inventory/system/chassis/motherboard/bmc
Apr 28 02:20:56 witherspoon inventory_items.py[1029]: Loading from cache: /var/cache/obmc/org.openbmc.inventory.system.chassis.motherboard.pcieclock@org.openbmc.InventoryItem.props
Apr 28 02:20:57 witherspoon phosphor-mapper[1011]: ObjectMapper startup complete.  Discovery in progress...
Apr 28 02:20:57 witherspoon systemd[1]: Started Phosphor Inventory Manager.
Apr 28 02:20:57 witherspoon inventory_items.py[1029]: Running Inventory Manager
Apr 28 02:20:57 witherspoon systemd[1]: Started Phosphor User Manager.
Apr 28 02:20:57 witherspoon avahi-daemon[1019]: Withdrawing address record for 9.41.166.169 on eth0.
Apr 28 02:20:57 witherspoon avahi-daemon[1019]: Host name conflict, retrying with witherspoon-15
Apr 28 02:20:57 witherspoon avahi-daemon[1019]: Registering new address record for fe80::72e2:84ff:fe14:2420 on eth0.*.
Apr 28 02:20:57 witherspoon avahi-daemon[1019]: Registering new address record for 9.41.166.169 on eth0.IPv4.
Apr 28 02:20:57 witherspoon obmc-phosphor-userd[985]: Started
Apr 28 02:20:57 witherspoon avahi-daemon[1039]: ../../avahi-0.6.32/avahi-daemon/chroot.c: open() failed: No such file or directory
Apr 28 02:20:57 witherspoon avahi-daemon[1019]: Failed to open /usr/share/dbus-1/interfaces/org.freedesktop.Avahi.Server.xml: Invalid argument
Apr 28 02:20:57 witherspoon avahi-daemon[1019]: Failed to load introspection data.
Apr 28 02:20:58 witherspoon systemd[1]: Started Phosphor Network Manager.
Apr 28 02:20:58 witherspoon netman.py[1030]: Started
Apr 28 02:21:08 witherspoon phosphor-mapper[1011]: ObjectMapper discovery complete
Apr 28 02:21:09 witherspoon systemd[1]: Started Phosphor DBus Service Discovery Manager.
Apr 28 02:21:09 witherspoon systemd[1]: Reached target Phosphor Object Mapper.
Apr 28 02:21:09 witherspoon systemd[1]: Started Phosphor DBus Monitor.
Apr 28 02:21:09 witherspoon systemd[1]: Reached target Webserver (pre).
Apr 28 02:21:09 witherspoon systemd[1]: Started Phosphor Webserver.
Apr 28 02:21:09 witherspoon systemd[1]: Starting Wait for /org/openbmc/managers/Download...
Apr 28 02:21:09 witherspoon systemd[1]: Starting Phoshpor System Manager...
Apr 28 02:21:09 witherspoon systemd[1]: Starting Wait for /xyz/openbmc_project/state/host0...
Apr 28 02:21:09 witherspoon systemd[1]: Starting Wait for /xyz/openbmc_project/state/chassis0...
Apr 28 02:21:09 witherspoon systemd[1]: Starting Wait for /xyz/openbmc_project/led/groups/bmc_booted...
Apr 28 02:21:09 witherspoon systemd[1]: Starting Wait for /org/openbmc/control/bmc0...
Apr 28 02:21:10 witherspoon systemd[1]: Starting Wait for /xyz/openbmc_project/led/groups...
Apr 28 02:21:10 witherspoon systemd[1]: Starting Wait for /org/openbmc/managers/System...
Apr 28 02:21:10 witherspoon systemd[1]: Starting Wait for /org/openbmc/control/flash/bios...
Apr 28 02:21:10 witherspoon systemd[1]: Starting Wait for /org/openbmc/control/power0...
Apr 28 02:21:10 witherspoon systemd[1]: Starting Wait for /xyz/openbmc_project/inventory...
Apr 28 02:21:10 witherspoon systemd[1]: Starting Phosphor Settings Manager...
Apr 28 02:21:10 witherspoon systemd[1]: Starting Wait for /org/openbmc/sensors...
Apr 28 02:21:10 witherspoon systemd[1]: Starting Wait for /org/openbmc/NetworkManager/Interface...
Apr 28 02:21:10 witherspoon systemd[1]: Starting Wait for /xyz/openbmc_project/control/host0...
Apr 28 02:21:11 witherspoon systemd[1]: Started Wait for /org/openbmc/control/bmc0.
Apr 28 02:21:11 witherspoon systemd[1]: Started Wait for /org/openbmc/managers/Download.
Apr 28 02:21:11 witherspoon systemd[1]: Starting Phosphor BIOS Code Update...
Apr 28 02:21:11 witherspoon systemd[1]: Starting Phosphor BMC Code Update...
Apr 28 02:21:11 witherspoon systemd[1]: Started Wait for /xyz/openbmc_project/led/groups.
Apr 28 02:21:11 witherspoon systemd[1]: Started FRU Fault monitor service.
Apr 28 02:21:12 witherspoon systemd[1]: Started Wait for /xyz/openbmc_project/led/groups/bmc_booted.
Apr 28 02:21:12 witherspoon systemd[1]: Starting Assert bmc_booted LED...
Apr 28 02:21:12 witherspoon systemd[1]: Started Wait for /xyz/openbmc_project/inventory.
Apr 28 02:21:12 witherspoon systemd[1]: Started Phosphor Cooling Type.
Apr 28 02:21:12 witherspoon systemd[1]: Starting Read OpenPOWER-format VPD from EEPROM...
Apr 28 02:21:12 witherspoon systemd[1]: Starting OpenPOWER OCC controller...
Apr 28 02:21:12 witherspoon systemd[1]: Started Wait for /org/openbmc/sensors.
Apr 28 02:21:12 witherspoon systemd[1]: Started Phosphor Hwmon Poller.
Apr 28 02:21:12 witherspoon systemd[1]: Started Phosphor BIOS Code Update.
Apr 28 02:21:13 witherspoon systemd[1]: Started Wait for /org/openbmc/NetworkManager/Interface.
Apr 28 02:21:13 witherspoon systemd[1]: Started Phosphor DNS Settings Cache Manager.
Apr 28 02:21:14 witherspoon systemd[1]: Started Assert bmc_booted LED.
Apr 28 02:21:14 witherspoon systemd[1]: Started OpenPOWER OCC controller.
Apr 28 02:21:15 witherspoon systemd[1]: Started Read OpenPOWER-format VPD from EEPROM.
Apr 28 02:21:17 witherspoon avahi-daemon[1019]: Withdrawing address record for 9.41.166.169 on eth0.
Apr 28 02:21:17 witherspoon avahi-daemon[1019]: Host name conflict, retrying with witherspoon-16
Apr 28 02:21:17 witherspoon avahi-daemon[1019]: Registering new address record for fe80::72e2:84ff:fe14:2420 on eth0.*.
Apr 28 02:21:17 witherspoon avahi-daemon[1019]: Registering new address record for 9.41.166.169 on eth0.IPv4.
Apr 28 02:21:19 witherspoon systemd[1]: Started Wait for /org/openbmc/control/flash/bios.
Apr 28 02:21:19 witherspoon systemd[1]: Started Initialize BIOS Flash.
Apr 28 02:21:23 witherspoon flash_bios.exe[1069]: Starting flasher: bios,,/org/openbmc/control/flash/bios,
Apr 28 02:21:23 witherspoon flash_bios.exe[1069]: flasher: , BMC = 1, address = 0x0
Apr 28 02:21:23 witherspoon flash_bios.exe[1069]: Setting up flash
Apr 28 02:21:23 witherspoon flash_bios.exe[1069]: Starting flasher: bios,,/org/openbmc/control/flash/bios,
Apr 28 02:21:23 witherspoon flash_bios.exe[1069]: flasher: , BMC = 1, address = 0x0
Apr 28 02:21:23 witherspoon flash_bios.exe[1069]: Setting up flash
Apr 28 02:21:26 witherspoon system_manager.py[1054]: Running System State: BASE_APPS
Apr 28 02:21:26 witherspoon system_manager.py[1054]: SystemManager Init Done
Apr 28 02:21:26 witherspoon systemd[1]: Started Phoshpor System Manager.
Apr 28 02:21:26 witherspoon system_manager.py[1054]: Running SystemManager
Apr 28 02:21:26 witherspoon system_manager.py[1054]: SystemManager Goto System State: BMC_STARTING
Apr 28 02:21:26 witherspoon system_manager.py[1054]: Running System State: BMC_STARTING
Apr 28 02:21:26 witherspoon systemd[1]: Started Phosphor Settings Manager.
Apr 28 02:21:26 witherspoon systemd[1]: Starting Wait for /org/openbmc/settings/host0...
Apr 28 02:21:26 witherspoon settings_manager.py[1064]: Running HostSettingsService
Apr 28 02:21:27 witherspoon hwmon.py[1082]: Starting HWMON sensors
Apr 28 02:21:28 witherspoon systemd[1]: Started Phosphor BMC Code Update.
Apr 28 02:21:28 witherspoon bmc_update.py[1070]: Running Bmc Flash Control
Apr 28 02:21:28 witherspoon systemd[1]: Started Wait for /org/openbmc/settings/host0.
Apr 28 02:21:28 witherspoon systemd[1]: Started Phosphor Inband IPMI.
Apr 28 02:21:29 witherspoon systemd[1]: Started Wait for /org/openbmc/managers/System.
Apr 28 02:21:29 witherspoon systemd[1]: Starting Phosphor Host State Manager...
Apr 28 02:21:29 witherspoon systemd[1]: Starting Phosphor Reset Button0...
Apr 28 02:21:29 witherspoon systemd[1]: Starting Phosphor Power Button0...
Apr 28 02:21:29 witherspoon systemd[1]: Starting Phosphor BMC State Manager...
Apr 28 02:21:29 witherspoon systemd[1]: Starting Phosphor Chassis State Manager...
Apr 28 02:21:29 witherspoon systemd[1]: Starting Phosphor Power0 Control...
Apr 28 02:21:30 witherspoon phosphor-chassis-state-manager[1114]: Initial Chassis State will be Off
Apr 28 02:21:30 witherspoon systemd[1]: Started Phosphor Chassis State Manager.
Apr 28 02:21:30 witherspoon phosphor-host-state-manager[1107]: Initial Host State will be Off
Apr 28 02:21:30 witherspoon systemd[1]: Started Phosphor Host State Manager.
Apr 28 02:21:30 witherspoon phosphor-bmc-state-manager[1113]: Setting the BMCState field
Apr 28 02:21:30 witherspoon phosphor-bmc-state-manager[1113]: Setting the BMCState field
Apr 28 02:21:30 witherspoon systemd[1]: Started Phosphor BMC State Manager.
Apr 28 02:21:31 witherspoon system_manager.py[1054]: New object: /org/openbmc/control/power0 (:1.77)
Apr 28 02:21:31 witherspoon button_power.exe[1110]: GPIO Lookup:  POWER_BUTTON = 347,both
Apr 28 02:21:31 witherspoon system_manager.py[1054]: Power GPIO config: ['SYS_PWROK_BUFF', '', [('SOFTWARE_PGOOD', True), ('BMC_POWER_UP', True)], [('BMC_CP0_RESET_N', False)], [], 'FSI_DATA', 'FSI_CLK', 'FSI_ENABLE', 'CRONUS_SEL', []]
Apr 28 02:21:31 witherspoon power_control.exe[1117]: Power GPIO latch output:
Apr 28 02:21:31 witherspoon power_control.exe[1117]: Power GPIO power good input: SYS_PWROK_BUFF
Apr 28 02:21:31 witherspoon power_control.exe[1117]: Power GPIO 2 power_up outputs
Apr 28 02:21:31 witherspoon power_control.exe[1117]: Power GPIO power_up[0] = SOFTWARE_PGOOD active HIGH
Apr 28 02:21:31 witherspoon power_control.exe[1117]: Power GPIO power_up[1] = BMC_POWER_UP active HIGH
Apr 28 02:21:31 witherspoon power_control.exe[1117]: Power GPIO 1 reset outputs
Apr 28 02:21:31 witherspoon power_control.exe[1117]: Power GPIO reset[0] = BMC_CP0_RESET_N active LOW
Apr 28 02:21:31 witherspoon power_control.exe[1117]: Power GPIO 0 pci reset outputs
Apr 28 02:21:31 witherspoon power_control.exe[1117]: FSI DATA GPIO: FSI_DATA
Apr 28 02:21:31 witherspoon power_control.exe[1117]: FSI CLK GPIO: FSI_CLK
Apr 28 02:21:31 witherspoon power_control.exe[1117]: FSI ENABLE GPIO: FSI_ENABLE
Apr 28 02:21:31 witherspoon power_control.exe[1117]: CRONUS SEL GPIO: CRONUS_SEL
Apr 28 02:21:31 witherspoon power_control.exe[1117]: Hostctl GPIO optionals: 0
Apr 28 02:21:31 witherspoon button_reset.exe[1109]: GPIO Lookup:  RESET_BUTTON = 353,both
Apr 28 02:21:31 witherspoon systemd[1]: Started Phosphor Reset Button0.
Apr 28 02:21:31 witherspoon power_control.exe[1117]: GPIO Lookup:  SYS_PWROK_BUFF = 306,in
Apr 28 02:21:31 witherspoon systemd[1]: Started Phosphor Power Button0.
Apr 28 02:21:31 witherspoon power_control.exe[1117]: GPIO Lookup:  SOFTWARE_PGOOD = 417,out
Apr 28 02:21:32 witherspoon power_control.exe[1117]: GPIO Lookup:  BMC_POWER_UP = 305,out
Apr 28 02:21:32 witherspoon power_control.exe[1117]: GPIO Lookup:  BMC_CP0_RESET_N = 281,out
Apr 28 02:21:32 witherspoon power_control.exe[1117]: Pgood state: 0
Apr 28 02:21:31 witherspoon systemd[1]: Started Phosphor Power0 Control.
Apr 28 02:21:37 witherspoon avahi-daemon[1019]: Withdrawing address record for 9.41.166.169 on eth0.
Apr 28 02:21:37 witherspoon avahi-daemon[1019]: Host name conflict, retrying with witherspoon-17
Apr 28 02:21:37 witherspoon avahi-daemon[1019]: Registering new address record for fe80::72e2:84ff:fe14:2420 on eth0.*.
Apr 28 02:21:37 witherspoon avahi-daemon[1019]: Registering new address record for 9.41.166.169 on eth0.IPv4.
Apr 28 02:21:38 witherspoon system_manager.py[1054]: SystemManager Goto System State: BMC_READY
Apr 28 02:21:38 witherspoon system_manager.py[1054]: Running System State: BMC_READY
Apr 28 02:21:38 witherspoon systemd[1]: Started Wait for /org/openbmc/control/power0.
Apr 28 02:21:38 witherspoon systemd[1]: Starting Check Chassis0 pgood and create a file to indicate it...
Apr 28 02:21:38 witherspoon systemd[1]: Starting Phosphor Time Manager daemon...
Apr 28 02:21:38 witherspoon timemanager[1136]: Registering dbus methods
Apr 28 02:21:38 witherspoon systemd[1]: Started Wait for /xyz/openbmc_project/control/host0.
Apr 28 02:21:38 witherspoon systemd[1]: Started Wait for /xyz/openbmc_project/state/chassis0.
Apr 28 02:21:38 witherspoon systemd[1]: Started Wait for /xyz/openbmc_project/state/host0.
Apr 28 02:21:38 witherspoon systemd[1]: Starting Reboot If Enabled...
Apr 28 02:21:38 witherspoon timemanager[1136]: Last known time_mode: NTP
Apr 28 02:21:38 witherspoon timemanager[1136]: Last known time_owner: BMC
Apr 28 02:21:38 witherspoon timemanager[1136]: Empty DhcpNtp string
Apr 28 02:21:38 witherspoon timemanager[1136]: Reading Power Control key: pgood
Apr 28 02:21:39 witherspoon timemanager[1136]: Changing settings *allowed* now
Apr 28 02:21:39 witherspoon timemanager[1136]: Getting System Settings: time_mode
Apr 28 02:21:39 witherspoon systemd[1]: Started Check Chassis0 pgood and create a file to indicate it.
Apr 28 02:21:39 witherspoon systemd[1]: Reached target Chassis0 power on after reset.
Apr 28 02:21:39 witherspoon systemd[1]: Reached target Host0 running after reset.
Apr 28 02:21:39 witherspoon systemd[1]: Reached target Host0 (Reset Check).
Apr 28 02:21:39 witherspoon systemd[1]: Reached target Chassis0 (Reset Check).
Apr 28 02:21:39 witherspoon timemanager[1136]: Requested_Mode: NTP Current_Mode: NTP
Apr 28 02:21:39 witherspoon timemanager[1136]: Mode is already set to : NTP
Apr 28 02:21:39 witherspoon timemanager[1136]: Getting System Settings: time_owner
Apr 28 02:21:39 witherspoon timemanager[1136]: Owner is already set to : BMC
Apr 28 02:21:39 witherspoon timemanager[1136]: Getting System Settings: use_dhcp_ntp
Apr 28 02:21:39 witherspoon timemanager[1136]: use_dhcp_ntp = yes
Apr 28 02:21:39 witherspoon timemanager[1136]: Last known host_offset:0
Apr 28 02:21:39 witherspoon timemanager[1136]: Initial Uptime Usec: 1493346000324859
Apr 28 02:21:39 witherspoon phosphor-discover-system-state[1147]: Host power is off, checking power policy
Apr 28 02:21:39 witherspoon systemd[1]: Started Reboot If Enabled.
Apr 28 02:21:39 witherspoon systemd[1]: Started Phosphor Time Manager daemon.
Apr 28 02:21:39 witherspoon systemd[1]: Reached target Phosphor System - Standby.
Apr 28 02:21:39 witherspoon systemd[1]: Startup finished in 13.447s (kernel) + 1min 26.117s (userspace) = 1min 39.565s.
Apr 28 02:21:39 witherspoon phosphor-bmc-state-manager[1113]: BMC_READY
Apr 28 02:21:39 witherspoon phosphor-bmc-state-manager[1113]: Setting the BMCState field
Apr 28 02:21:44 witherspoon phosphor-gevent[1052]: Traceback (most recent call last):
Apr 28 02:21:44 witherspoon phosphor-gevent[1052]:   File "/usr/lib/python2.7/site-packages/gevent/greenlet.py", line 327, in run
Apr 28 02:21:44 witherspoon phosphor-gevent[1052]:     result = self._run(*self.args, **self.kwargs)
Apr 28 02:21:44 witherspoon phosphor-gevent[1052]:   File "/usr/lib/python2.7/site-packages/gevent/server.py", line 102, in wrap_socket_and_handle
Apr 28 02:21:44 witherspoon phosphor-gevent[1052]:     ssl_socket = self.wrap_socket(client_socket, **self.ssl_args)
Apr 28 02:21:44 witherspoon phosphor-gevent[1052]:   File "/usr/lib/python2.7/site-packages/gevent/ssl.py", line 404, in wrap_socket
Apr 28 02:21:44 witherspoon phosphor-gevent[1052]:     ciphers=ciphers)
Apr 28 02:21:44 witherspoon phosphor-gevent[1052]:   File "/usr/lib/python2.7/site-packages/gevent/ssl.py", line 113, in __init__
Apr 28 02:21:44 witherspoon phosphor-gevent[1052]:     self.do_handshake()
Apr 28 02:21:44 witherspoon phosphor-gevent[1052]:   File "/usr/lib/python2.7/site-packages/gevent/ssl.py", line 324, in do_handshake
Apr 28 02:21:44 witherspoon phosphor-gevent[1052]:     return self._sslobj.do_handshake()
Apr 28 02:21:44 witherspoon phosphor-gevent[1052]: SSLEOFError: EOF occurred in violation of protocol (_ssl.c:590)
Apr 28 02:21:44 witherspoon phosphor-gevent[1052]: <Greenlet at 0x760753f0: <bound method WSGIServer.wrap_socket_and_handle of <WSGIServer at 0x7604bb50 fileno=5 address=('::34f2:f576:b0cd:6b76%1986776480', 443, 0, 1986776480)>>(<socket at 0x75f22830 fileno=9>, ('::80d9:6976:8e91:f402%1995758364', 51120, 0, 199)> failed with SSLEOFError
Apr 28 02:21:45 witherspoon phosphor-gevent[1052]: ::80d9:6976:8e91:f402%1995758364 - - [2017-04-28 02:21:45] "POST /login HTTP/1.1" 200 320 0.072885
Apr 28 02:21:45 witherspoon systemd[1]: Created slice system-dropbear.slice.
Apr 28 02:21:45 witherspoon systemd[1]: Started SSH Per-Connection Server (9.41.165.94:35482).
Apr 28 02:21:45 witherspoon dropbear[1154]: Failed loading /etc/dropbear/dropbear_dss_host_key
Apr 28 02:21:45 witherspoon dropbear[1154]: Failed loading /etc/dropbear/dropbear_ecdsa_host_key
Apr 28 02:21:45 witherspoon dropbear[1154]: Child connection from ::ffff:9.41.165.94:35482
Apr 28 02:21:46 witherspoon dropbear[1154]: pam_unix(dropbear:account): account root has password changed in future
Apr 28 02:21:46 witherspoon dropbear[1154]: PAM password auth succeeded for 'root' from ::ffff:9.41.165.94:35482
Apr 28 02:21:46 witherspoon dropbear[1155]: lastlog_perform_login: Couldn't stat /var/log/lastlog: No such file or directory
Apr 28 02:21:46 witherspoon dropbear[1155]: lastlog_openseek: /var/log/lastlog is not a file or directory!
Apr 28 02:21:47 witherspoon systemd[1]: Started SSH Per-Connection Server (9.41.165.94:35484).
Apr 28 02:21:47 witherspoon dropbear[1159]: Failed loading /etc/dropbear/dropbear_dss_host_key
Apr 28 02:21:47 witherspoon dropbear[1159]: Failed loading /etc/dropbear/dropbear_ecdsa_host_key
Apr 28 02:21:47 witherspoon dropbear[1159]: Child connection from ::ffff:9.41.165.94:35484
Apr 28 02:21:47 witherspoon dropbear[1159]: pam_unix(dropbear:account): account root has password changed in future
Apr 28 02:21:47 witherspoon dropbear[1159]: PAM password auth succeeded for 'root' from ::ffff:9.41.165.94:35484
Apr 28 02:21:47 witherspoon dropbear[1160]: lastlog_perform_login: Couldn't stat /var/log/lastlog: No such file or directory
Apr 28 02:21:47 witherspoon dropbear[1160]: lastlog_openseek: /var/log/lastlog is not a file or directory!
Apr 28 02:21:49 witherspoon phosphor-gevent[1052]: ::80d9:6976:8e91:f402%1995758364 - - [2017-04-28 02:21:49] "POST /login HTTP/1.1" 200 320 0.032750
Apr 28 02:21:49 witherspoon phosphor-gevent[1052]: ::80d9:6976:8e91:f402%1995758364 - - [2017-04-28 02:21:49] "GET /xyz/openbmc_project/state/BMC0/ HTTP/1.1" 404 308 0.053396
Apr 28 02:21:49 witherspoon phosphor-gevent[1052]: ::80d9:6976:8e91:f402%1995758364 - - [2017-04-28 02:21:49] "POST /login HTTP/1.1" 200 320 0.033275
Apr 28 02:21:49 witherspoon phosphor-gevent[1052]: ::80d9:6976:8e91:f402%1995758364 - - [2017-04-28 02:21:49] "GET /xyz/openbmc_project/state/bmc0//attr/CurrentBMCState HTTP/1.1" 200 212 0.072060
Apr 28 02:21:49 witherspoon phosphor-gevent[1052]: ::80d9:6976:8e91:f402%1995758364 - - [2017-04-28 02:21:49] "POST /login HTTP/1.1" 200 320 0.041528
Apr 28 02:21:50 witherspoon phosphor-gevent[1052]: ::80d9:6976:8e91:f402%1995758364 - - [2017-04-28 02:21:50] "PUT /org/openbmc/control/flash/bmc/attr/preserve_network_settings HTTP/1.1" 200 169 0.232437
Apr 28 02:21:50 witherspoon phosphor-gevent[1052]: ::80d9:6976:8e91:f402%1995758364 - - [2017-04-28 02:21:50] "POST /login HTTP/1.1" 200 320 0.032922
Apr 28 02:21:50 witherspoon phosphor-gevent[1052]: ::80d9:6976:8e91:f402%1995758364 - - [2017-04-28 02:21:50] "GET /org/openbmc/control/flash/bmc HTTP/1.1" 200 380 0.109339
Apr 28 02:21:50 witherspoon systemd[1]: Started SSH Per-Connection Server (9.41.165.94:35494).
Apr 28 02:21:50 witherspoon dropbear[1166]: Failed loading /etc/dropbear/dropbear_dss_host_key
Apr 28 02:21:50 witherspoon dropbear[1166]: Failed loading /etc/dropbear/dropbear_ecdsa_host_key
Apr 28 02:21:50 witherspoon dropbear[1166]: Child connection from ::ffff:9.41.165.94:35494
Apr 28 02:21:51 witherspoon dropbear[1166]: pam_unix(dropbear:account): account root has password changed in future
Apr 28 02:21:51 witherspoon dropbear[1166]: PAM password auth succeeded for 'root' from ::ffff:9.41.165.94:35494
Apr 28 02:21:51 witherspoon systemd[1]: Started SSH Per-Connection Server (9.41.165.94:35496).
Apr 28 02:21:51 witherspoon dropbear[1167]: Failed loading /etc/dropbear/dropbear_dss_host_key
Apr 28 02:21:51 witherspoon dropbear[1167]: Failed loading /etc/dropbear/dropbear_ecdsa_host_key
Apr 28 02:21:51 witherspoon dropbear[1167]: Child connection from ::ffff:9.41.165.94:35496
Apr 28 02:21:51 witherspoon dropbear[1167]: pam_unix(dropbear:account): account root has password changed in future
Apr 28 02:21:51 witherspoon dropbear[1167]: PAM password auth succeeded for 'root' from ::ffff:9.41.165.94:35496
Apr 28 02:21:51 witherspoon dropbear[1168]: lastlog_perform_login: Couldn't stat /var/log/lastlog: No such file or directory
Apr 28 02:21:51 witherspoon dropbear[1168]: lastlog_openseek: /var/log/lastlog is not a file or directory!
Apr 28 02:21:52 witherspoon phosphor-gevent[1052]: ::80d9:6976:8e91:f402%1995758364 - - [2017-04-28 02:21:52] "POST /login HTTP/1.1" 200 320 0.032750
Apr 28 02:21:53 witherspoon phosphor-gevent[1052]: ::80d9:6976:8e91:f402%1995758364 - - [2017-04-28 02:21:53] "GET /xyz/openbmc_project/state/host0//attr/CurrentHostState HTTP/1.1" 200 212 0.060395
Apr 28 02:21:56 witherspoon systemd[1]: Started SSH Per-Connection Server (9.41.165.94:35506).
Apr 28 02:21:56 witherspoon dropbear[1171]: Failed loading /etc/dropbear/dropbear_dss_host_key
Apr 28 02:21:56 witherspoon dropbear[1171]: Failed loading /etc/dropbear/dropbear_ecdsa_host_key
Apr 28 02:21:56 witherspoon dropbear[1171]: Child connection from ::ffff:9.41.165.94:35506
Apr 28 02:21:56 witherspoon dropbear[1171]: pam_unix(dropbear:account): account root has password changed in future
Apr 28 02:21:56 witherspoon dropbear[1171]: PAM password auth succeeded for 'root' from ::ffff:9.41.165.94:35506
Apr 28 02:21:56 witherspoon dropbear[1172]: lastlog_perform_login: Couldn't stat /var/log/lastlog: No such file or directory
Apr 28 02:21:56 witherspoon dropbear[1172]: lastlog_openseek: /var/log/lastlog is not a file or directory!
Apr 28 02:21:57 witherspoon avahi-daemon[1019]: Withdrawing address record for 9.41.166.169 on eth0.
Apr 28 02:21:57 witherspoon avahi-daemon[1019]: Host name conflict, retrying with witherspoon-18
Apr 28 02:21:57 witherspoon avahi-daemon[1019]: Registering new address record for fe80::72e2:84ff:fe14:2420 on eth0.*.
Apr 28 02:21:57 witherspoon avahi-daemon[1019]: Registering new address record for 9.41.166.169 on eth0.IPv4.
Apr 28 02:21:58 witherspoon systemd[1]: Started SSH Per-Connection Server (9.41.165.94:35508).
Apr 28 02:21:58 witherspoon dropbear[1178]: Failed loading /etc/dropbear/dropbear_dss_host_key
Apr 28 02:21:58 witherspoon dropbear[1178]: Failed loading /etc/dropbear/dropbear_ecdsa_host_key
Apr 28 02:21:58 witherspoon dropbear[1178]: Child connection from ::ffff:9.41.165.94:35508
Apr 28 02:21:58 witherspoon dropbear[1178]: pam_unix(dropbear:account): account root has password changed in future
Apr 28 02:21:58 witherspoon dropbear[1178]: PAM password auth succeeded for 'root' from ::ffff:9.41.165.94:35508
Apr 28 02:21:58 witherspoon dropbear[1179]: lastlog_perform_login: Couldn't stat /var/log/lastlog: No such file or directory
Apr 28 02:21:58 witherspoon dropbear[1179]: lastlog_openseek: /var/log/lastlog is not a file or directory!
Apr 28 02:22:01 witherspoon systemd[1]: Started SSH Per-Connection Server (9.41.165.94:35512).
Apr 28 02:22:01 witherspoon dropbear[1188]: Failed loading /etc/dropbear/dropbear_dss_host_key
Apr 28 02:22:01 witherspoon dropbear[1188]: Failed loading /etc/dropbear/dropbear_ecdsa_host_key
Apr 28 02:22:01 witherspoon dropbear[1188]: Child connection from ::ffff:9.41.165.94:35512
Apr 28 02:22:02 witherspoon dropbear[1188]: pam_unix(dropbear:account): account root has password changed in future
Apr 28 02:22:02 witherspoon dropbear[1188]: PAM password auth succeeded for 'root' from ::ffff:9.41.165.94:35512
Apr 28 02:22:02 witherspoon dropbear[1189]: lastlog_perform_login: Couldn't stat /var/log/lastlog: No such file or directory
Apr 28 02:22:02 witherspoon dropbear[1189]: lastlog_openseek: /var/log/lastlog is not a file or directory!
Apr 28 02:22:03 witherspoon phosphor-gevent[1052]: ::80d9:6976:8e91:f402%1995758364 - - [2017-04-28 02:22:03] "POST /login HTTP/1.1" 200 320 0.044622
Apr 28 02:22:03 witherspoon phosphor-gevent[1052]: ::80d9:6976:8e91:f402%1995758364 - - [2017-04-28 02:22:03] "GET /xyz/openbmc_project/logging/entry/enumerate HTTP/1.1" 404 311 0.031593
Apr 28 02:22:03 witherspoon phosphor-gevent[1052]: ::80d9:6976:8e91:f402%1995758364 - - [2017-04-28 02:22:03] "POST /login HTTP/1.1" 200 320 0.032734
Apr 28 02:22:03 witherspoon phosphor-gevent[1052]: ::80d9:6976:8e91:f402%1995758364 - - [2017-04-28 02:22:03] "GET /org/openbmc/sensors/enumerate HTTP/1.1" 200 1236 0.200726
Apr 28 02:22:04 witherspoon phosphor-gevent[1052]: ::80d9:6976:8e91:f402%1995758364 - - [2017-04-28 02:22:04] "POST /login HTTP/1.1" 200 320 0.033761
Apr 28 02:22:04 witherspoon phosphor-gevent[1052]: ::80d9:6976:8e91:f402%1995758364 - - [2017-04-28 02:22:04] "GET /xyz/openbmc_project/inventory/enumerate HTTP/1.1" 200 810 0.172444
Apr 28 02:22:04 witherspoon phosphor-gevent[1052]: ::80d9:6976:8e91:f402%1995758364 - - [2017-04-28 02:22:04] "POST /login HTTP/1.1" 200 320 0.046456
Apr 28 02:22:04 witherspoon phosphor-gevent[1052]: ::80d9:6976:8e91:f402%1995758364 - - [2017-04-28 02:22:04] "GET /org/openbmc/records/events/enumerate HTTP/1.1" 404 304 0.029005
Apr 28 02:22:04 witherspoon phosphor-gevent[1052]: ::80d9:6976:8e91:f402%1995758364 - - [2017-04-28 02:22:04] "POST /login HTTP/1.1" 200 320 0.033025
Apr 28 02:22:04 witherspoon phosphor-gevent[1052]: ::80d9:6976:8e91:f402%1995758364 - - [2017-04-28 02:22:04] "GET /org/openbmc/control/led/enumerate HTTP/1.1" 404 301 0.029730
Apr 28 02:22:04 witherspoon systemd[1]: Started SSH Per-Connection Server (9.41.165.94:35526).
Apr 28 02:22:04 witherspoon dropbear[1192]: Failed loading /etc/dropbear/dropbear_dss_host_key
Apr 28 02:22:04 witherspoon dropbear[1192]: Failed loading /etc/dropbear/dropbear_ecdsa_host_key
Apr 28 02:22:04 witherspoon dropbear[1192]: Child connection from ::ffff:9.41.165.94:35526
Apr 28 02:22:05 witherspoon dropbear[1192]: pam_unix(dropbear:account): account root has password changed in future
Apr 28 02:22:05 witherspoon dropbear[1192]: PAM password auth succeeded for 'root' from ::ffff:9.41.165.94:35526
Apr 28 02:22:05 witherspoon dropbear[1193]: lastlog_perform_login: Couldn't stat /var/log/lastlog: No such file or directory
Apr 28 02:22:05 witherspoon dropbear[1193]: lastlog_openseek: /var/log/lastlog is not a file or directory!
Apr 28 02:22:06 witherspoon systemd[1]: Started SSH Per-Connection Server (9.41.165.94:35528).
Apr 28 02:22:06 witherspoon dropbear[1197]: Failed loading /etc/dropbear/dropbear_dss_host_key
Apr 28 02:22:06 witherspoon dropbear[1197]: Failed loading /etc/dropbear/dropbear_ecdsa_host_key
Apr 28 02:22:06 witherspoon dropbear[1197]: Child connection from ::ffff:9.41.165.94:35528
Apr 28 02:22:07 witherspoon dropbear[1197]: pam_unix(dropbear:account): account root has password changed in future
Apr 28 02:22:07 witherspoon dropbear[1197]: PAM password auth succeeded for 'root' from ::ffff:9.41.165.94:35528
Apr 28 02:22:07 witherspoon systemd[1]: Started SSH Per-Connection Server (9.41.165.94:35530).
Apr 28 02:22:07 witherspoon dropbear[1198]: Failed loading /etc/dropbear/dropbear_dss_host_key
Apr 28 02:22:07 witherspoon dropbear[1198]: Failed loading /etc/dropbear/dropbear_ecdsa_host_key
Apr 28 02:22:07 witherspoon dropbear[1198]: Child connection from ::ffff:9.41.165.94:35530
Apr 28 02:22:07 witherspoon dropbear[1198]: pam_unix(dropbear:account): account root has password changed in future
Apr 28 02:22:07 witherspoon dropbear[1198]: PAM password auth succeeded for 'root' from ::ffff:9.41.165.94:35530
Apr 28 02:22:07 witherspoon dropbear[1199]: lastlog_perform_login: Couldn't stat /var/log/lastlog: No such file or directory
Apr 28 02:22:07 witherspoon dropbear[1199]: lastlog_openseek: /var/log/lastlog is not a file or directory!
