-- Logs begin at Sat 2017-09-30 16:54:30 UTC, end at Sat 2017-09-30 16:56:50 UTC. --
Sep 30 16:54:30 witherspoon kernel: Booting Linux on physical CPU 0x0
Sep 30 16:54:30 witherspoon kernel: Linux version 4.10.17-c4227b43277bbd0992d10d764d4958239786503d (jenkins@openbmc-builder1) (gcc version 6.2.0 (GCC) ) #1 Wed Sep 13 15:42:31 UTC 2017
Sep 30 16:54:30 witherspoon kernel: CPU: ARMv6-compatible processor [410fb767] revision 7 (ARMv7), cr=00c5387d
Sep 30 16:54:30 witherspoon kernel: CPU: PIPT / VIPT nonaliasing data cache, VIPT nonaliasing instruction cache
Sep 30 16:54:30 witherspoon kernel: OF: fdt:Machine model: Witherspoon BMC
Sep 30 16:54:30 witherspoon kernel: Memory policy: Data cache writeback
Sep 30 16:54:30 witherspoon kernel: SOC Rev: 04030303
Sep 30 16:54:30 witherspoon kernel: On node 0 totalpages: 110592
Sep 30 16:54:30 witherspoon kernel: free_area_init_node: node 0, pgdat 806038a4, node_mem_map 9ec1a000
Sep 30 16:54:30 witherspoon kernel:   Normal zone: 992 pages used for memmap
Sep 30 16:54:30 witherspoon kernel:   Normal zone: 0 pages reserved
Sep 30 16:54:30 witherspoon kernel:   Normal zone: 110592 pages, LIFO batch:31
Sep 30 16:54:30 witherspoon kernel: pcpu-alloc: s0 r0 d32768 u32768 alloc=1*32768
Sep 30 16:54:30 witherspoon kernel: pcpu-alloc: [0] 0 
Sep 30 16:54:30 witherspoon kernel: Built 1 zonelists in Zone order, mobility grouping on.  Total pages: 109600
Sep 30 16:54:30 witherspoon kernel: Kernel command line: console=ttyS4,115200n8 ubi.mtd=obmc-ubi,0,0,0 ubi.mtd=alt-obmc-ubi,0,0,4 ro rootfstype=squashfs ubi.block=4,0 root=/dev/ubiblock4_0
Sep 30 16:54:30 witherspoon kernel: PID hash table entries: 2048 (order: 1, 8192 bytes)
Sep 30 16:54:30 witherspoon kernel: Dentry cache hash table entries: 65536 (order: 6, 262144 bytes)
Sep 30 16:54:30 witherspoon kernel: Inode-cache hash table entries: 32768 (order: 5, 131072 bytes)
Sep 30 16:54:30 witherspoon kernel: Memory: 431960K/442368K available (4077K kernel code, 281K rwdata, 1196K rodata, 284K init, 111K bss, 10408K reserved, 0K cma-reserved)
Sep 30 16:54:30 witherspoon kernel: Virtual kernel memory layout:
                                        vector  : 0xffff0000 - 0xffff1000   (   4 kB)
                                        fixmap  : 0xffc00000 - 0xfff00000   (3072 kB)
                                        vmalloc : 0x9f800000 - 0xff800000   (1536 MB)
                                        lowmem  : 0x80000000 - 0x9f000000   ( 496 MB)
                                          .text : 0x80008000 - 0x804036e0   (4078 kB)
                                          .init : 0x80589000 - 0x805d0000   ( 284 kB)
                                          .data : 0x805d0000 - 0x806167a8   ( 282 kB)
                                           .bss : 0x806167a8 - 0x80632678   ( 112 kB)
Sep 30 16:54:30 witherspoon kernel: NR_IRQS:16 nr_irqs:16 16
Sep 30 16:54:30 witherspoon kernel: i2c controller registered, irq 16
Sep 30 16:54:30 witherspoon kernel: clocksource: moxart_timer: mask: 0xffffffff max_cycles: 0xffffffff, max_idle_ns: 77222644334 ns
Sep 30 16:54:30 witherspoon kernel: sched_clock: 32 bits at 100 Hz, resolution 10000000ns, wraps every 21474836475000000ns
Sep 30 16:54:30 witherspoon kernel: Calibrating delay loop... 789.70 BogoMIPS (lpj=3948544)
Sep 30 16:54:30 witherspoon kernel: pid_max: default: 32768 minimum: 301
Sep 30 16:54:30 witherspoon kernel: Mount-cache hash table entries: 1024 (order: 0, 4096 bytes)
Sep 30 16:54:30 witherspoon kernel: Mountpoint-cache hash table entries: 1024 (order: 0, 4096 bytes)
Sep 30 16:54:30 witherspoon kernel: CPU: Testing write buffer coherency: ok
Sep 30 16:54:30 witherspoon kernel: ftrace: allocating 14991 entries in 44 pages
Sep 30 16:54:30 witherspoon kernel: Setting up static identity map for 0x80008200 - 0x8000825c
Sep 30 16:54:30 witherspoon kernel: devtmpfs: initialized
Sep 30 16:54:30 witherspoon kernel: clocksource: jiffies: mask: 0xffffffff max_cycles: 0xffffffff, max_idle_ns: 19112604462750000 ns
Sep 30 16:54:30 witherspoon kernel: futex hash table entries: 256 (order: -1, 3072 bytes)
Sep 30 16:54:30 witherspoon kernel: pinctrl core: initialized pinctrl subsystem
Sep 30 16:54:30 witherspoon kernel: NET: Registered protocol family 16
Sep 30 16:54:30 witherspoon kernel: DMA: preallocated 256 KiB pool for atomic coherent allocations
Sep 30 16:54:30 witherspoon kernel: usbcore: registered new interface driver usbfs
Sep 30 16:54:30 witherspoon kernel: usbcore: registered new interface driver hub
Sep 30 16:54:30 witherspoon kernel: usbcore: registered new device driver usb
Sep 30 16:54:30 witherspoon kernel: clocksource: Switched to clocksource moxart_timer
Sep 30 16:54:30 witherspoon kernel: NET: Registered protocol family 2
Sep 30 16:54:30 witherspoon kernel: TCP established hash table entries: 4096 (order: 2, 16384 bytes)
Sep 30 16:54:30 witherspoon kernel: TCP bind hash table entries: 4096 (order: 2, 16384 bytes)
Sep 30 16:54:30 witherspoon kernel: TCP: Hash tables configured (established 4096 bind 4096)
Sep 30 16:54:30 witherspoon kernel: UDP hash table entries: 256 (order: 0, 4096 bytes)
Sep 30 16:54:30 witherspoon kernel: UDP-Lite hash table entries: 256 (order: 0, 4096 bytes)
Sep 30 16:54:30 witherspoon kernel: NET: Registered protocol family 1
Sep 30 16:54:30 witherspoon kernel: workingset: timestamp_bits=30 max_order=17 bucket_order=0
Sep 30 16:54:30 witherspoon kernel: squashfs: version 4.0 (2009/01/31) Phillip Lougher
Sep 30 16:54:30 witherspoon kernel: jffs2: version 2.2. (SUMMARY)  © 2001-2006 Red Hat, Inc.
Sep 30 16:54:30 witherspoon kernel: Block layer SCSI generic (bsg) driver version 0.4 loaded (major 250)
Sep 30 16:54:30 witherspoon kernel: io scheduler noop registered
Sep 30 16:54:30 witherspoon kernel: io scheduler deadline registered
Sep 30 16:54:30 witherspoon kernel: io scheduler cfq registered (default)
Sep 30 16:54:30 witherspoon kernel: ipmi-bt-host 1e789140.ibt: Found bt bmc device
Sep 30 16:54:30 witherspoon kernel: ipmi-bt-host 1e789140.ibt: Using IRQ 22
Sep 30 16:54:30 witherspoon kernel: Serial: 8250/16550 driver, 6 ports, IRQ sharing enabled
Sep 30 16:54:30 witherspoon kernel: 1e787000.vuart: ttyS5 at MMIO 0x1e787000 (irq = 22, base_baud = 1500000) is a 16550A
Sep 30 16:54:30 witherspoon kernel: 1e783000.serial: ttyS0 at MMIO 0x1e783000 (irq = 23, base_baud = 1500000) is a 16550A
Sep 30 16:54:30 witherspoon kernel: 1e78d000.serial: ttyS1 at MMIO 0x1e78d000 (irq = 24, base_baud = 1500000) is a 16550A
Sep 30 16:54:30 witherspoon kernel: 1e784000.serial: ttyS4 at MMIO 0x1e784000 (irq = 25, base_baud = 1500000) is a 16550A
Sep 30 16:54:30 witherspoon kernel: console [ttyS4] enabled
Sep 30 16:54:30 witherspoon kernel: timeriomem_rng 1e6e2078.hwrng: 32bits from 0xf00e2078 @ 1us
Sep 30 16:54:30 witherspoon kernel: random: fast init done
Sep 30 16:54:30 witherspoon kernel: random: crng init done
Sep 30 16:54:30 witherspoon kernel: brd: module loaded
Sep 30 16:54:30 witherspoon kernel: loop: module loaded
Sep 30 16:54:30 witherspoon kernel: aspeed-lpc-ctrl 1e789080.lpc-ctrl: Loaded at 0x98000000 (0x04000000)
Sep 30 16:54:30 witherspoon kernel: aspeed-smc 1e620000.flash-controller: Using IRQ 18
Sep 30 16:54:30 witherspoon kernel: aspeed-smc 1e620000.flash-controller: DMA support disabled.
Sep 30 16:54:30 witherspoon kernel: aspeed-smc 1e620000.flash-controller: mx25l25635e (32768 Kbytes)
Sep 30 16:54:30 witherspoon kernel: aspeed-smc 1e620000.flash-controller: CE0 window [ 0x20000000 - 0x22000000 ] 32MB
Sep 30 16:54:30 witherspoon kernel: aspeed-smc 1e620000.flash-controller: CE1 window [ 0x22000000 - 0x2a000000 ] 128MB
Sep 30 16:54:30 witherspoon kernel: 3 ofpart partitions found on MTD device bmc
Sep 30 16:54:30 witherspoon kernel: Creating 3 MTD partitions on "bmc":
Sep 30 16:54:30 witherspoon kernel: 0x000000000000-0x000000060000 : "u-boot"
Sep 30 16:54:30 witherspoon kernel: 0x000000060000-0x000000080000 : "u-boot-env"
Sep 30 16:54:30 witherspoon kernel: 0x000000080000-0x000002000000 : "obmc-ubi"
Sep 30 16:54:30 witherspoon kernel: aspeed-smc 1e620000.flash-controller: mx25l25635e (32768 Kbytes)
Sep 30 16:54:30 witherspoon kernel: aspeed-smc 1e620000.flash-controller: CE1 window [ 0x22000000 - 0x24000000 ] 32MB
Sep 30 16:54:30 witherspoon kernel: aspeed-smc 1e620000.flash-controller: CE2 window [ 0x24000000 - 0x2c000000 ] 128MB
Sep 30 16:54:30 witherspoon kernel: 3 ofpart partitions found on MTD device alt-bmc
Sep 30 16:54:30 witherspoon kernel: Creating 3 MTD partitions on "alt-bmc":
Sep 30 16:54:30 witherspoon kernel: 0x000000000000-0x000000060000 : "alt-u-boot"
Sep 30 16:54:30 witherspoon kernel: 0x000000060000-0x000000080000 : "alt-u-boot-env"
Sep 30 16:54:30 witherspoon kernel: 0x000000080000-0x000002000000 : "alt-obmc-ubi"
Sep 30 16:54:30 witherspoon kernel: aspeed-smc 1e630000.flash-controller: mx66l1g45g (131072 Kbytes)
Sep 30 16:54:30 witherspoon kernel: aspeed-smc 1e630000.flash-controller: CE0 window resized to 120MB (AST2500 HW quirk)
Sep 30 16:54:30 witherspoon kernel: aspeed-smc 1e630000.flash-controller: CE0 window [ 0x30000000 - 0x37800000 ] 120MB
Sep 30 16:54:30 witherspoon kernel: aspeed-smc 1e630000.flash-controller: CE0 window too small for chip 128MB
Sep 30 16:54:30 witherspoon kernel: aspeed-smc 1e630000.flash-controller: CE1 window [ 0x37800000 - 0x38000000 ] 8MB
Sep 30 16:54:30 witherspoon kernel: libphy: Fixed MDIO Bus: probed
Sep 30 16:54:30 witherspoon kernel: ftgmac100 1e660000.ethernet: Read MAC address 70:e2:84:14:23:e1 from chip
Sep 30 16:54:30 witherspoon kernel: ftgmac100 1e660000.ethernet: Using NCSI interface
Sep 30 16:54:30 witherspoon kernel: ftgmac100 1e660000.ethernet eth0: irq 20, mapped at f0060000
Sep 30 16:54:30 witherspoon kernel: ehci_hcd: USB 2.0 'Enhanced' Host Controller (EHCI) Driver
Sep 30 16:54:30 witherspoon kernel: ehci-platform: EHCI generic platform driver
Sep 30 16:54:30 witherspoon kernel: i2c /dev entries driver
Sep 30 16:54:30 witherspoon kernel: aspeed-i2c-bus 1e78a0c0.i2c-bus: i2c bus 2 registered, irq 26
Sep 30 16:54:30 witherspoon kernel: aspeed-i2c-bus 1e78a100.i2c-bus: i2c bus 3 registered, irq 27
Sep 30 16:54:30 witherspoon kernel: aspeed-i2c-bus 1e78a140.i2c-bus: i2c bus 4 registered, irq 28
Sep 30 16:54:30 witherspoon kernel: aspeed-i2c-bus 1e78a180.i2c-bus: i2c bus 5 registered, irq 29
Sep 30 16:54:30 witherspoon kernel: aspeed-i2c-bus 1e78a380.i2c-bus: i2c bus 9 registered, irq 30
Sep 30 16:54:30 witherspoon kernel: aspeed-i2c-bus 1e78a3c0.i2c-bus: i2c bus 10 registered, irq 31
Sep 30 16:54:30 witherspoon kernel: rtc-rv8803 11-0032: Voltage low, temperature compensation stopped.
Sep 30 16:54:30 witherspoon kernel: rtc-rv8803 11-0032: An alarm maybe have been missed.
Sep 30 16:54:30 witherspoon kernel: rtc-rv8803 11-0032: rtc core: registered rx8900 as rtc0
Sep 30 16:54:30 witherspoon kernel: at24 11-0051: 8192 byte 24c64 EEPROM, writable, 1 bytes/write
Sep 30 16:54:30 witherspoon kernel: aspeed-i2c-bus 1e78a400.i2c-bus: i2c bus 11 registered, irq 32
Sep 30 16:54:30 witherspoon kernel: aspeed-i2c-bus 1e78a440.i2c-bus: i2c bus 12 registered, irq 33
Sep 30 16:54:30 witherspoon kernel: aspeed-i2c-bus 1e78a480.i2c-bus: i2c bus 13 registered, irq 34
Sep 30 16:54:30 witherspoon kernel: Driver for 1-wire Dallas network protocol.
Sep 30 16:54:30 witherspoon kernel: lm75 9-004a: hwmon0: sensor 'tmp275'
Sep 30 16:54:30 witherspoon kernel: ucd9000 11-0064: Device ID UCD90160|2.3.4.0000|110603
Sep 30 16:54:30 witherspoon kernel: leds-pca955x 3-0060: leds-pca955x: Using pca9552 16-bit LED driver at slave address 0x60
Sep 30 16:54:30 witherspoon kernel: leds-pca955x 3-0060: gpios 238...253
Sep 30 16:54:30 witherspoon kernel: leds-pca955x 11-0060: leds-pca955x: Using pca9552 16-bit LED driver at slave address 0x60
Sep 30 16:54:30 witherspoon kernel: leds-pca955x 11-0060: gpios 222...237
Sep 30 16:54:30 witherspoon kernel: usbcore: registered new interface driver usbhid
Sep 30 16:54:30 witherspoon kernel: usbhid: USB HID core driver
Sep 30 16:54:30 witherspoon kernel: NET: Registered protocol family 10
Sep 30 16:54:30 witherspoon kernel: Segment Routing with IPv6
Sep 30 16:54:30 witherspoon kernel: NET: Registered protocol family 17
Sep 30 16:54:30 witherspoon kernel: 8021q: 802.1Q VLAN Support v1.8
Sep 30 16:54:30 witherspoon kernel: input: gpio-keys-polled as /devices/platform/gpio-keys-polled/input/input1
Sep 30 16:54:30 witherspoon kernel: ubi0: default fastmap pool size: 25
Sep 30 16:54:30 witherspoon kernel: ubi0: default fastmap WL pool size: 12
Sep 30 16:54:30 witherspoon kernel: ubi0: attaching mtd3
Sep 30 16:54:30 witherspoon kernel: ubi0: scanning is finished
Sep 30 16:54:30 witherspoon kernel: ubi0: attached mtd3 (name "obmc-ubi", size 31 MiB)
Sep 30 16:54:30 witherspoon kernel: ubi0: PEB size: 65536 bytes (64 KiB), LEB size: 65408 bytes
Sep 30 16:54:30 witherspoon kernel: ubi0: min./max. I/O unit sizes: 1/256, sub-page size 1
Sep 30 16:54:30 witherspoon kernel: ubi0: VID header offset: 64 (aligned 64), data offset: 128
Sep 30 16:54:30 witherspoon kernel: ubi0: good PEBs: 504, bad PEBs: 0, corrupted PEBs: 0
Sep 30 16:54:30 witherspoon kernel: ubi0: user volume: 4, internal volumes: 1, max. volumes count: 128
Sep 30 16:54:30 witherspoon kernel: ubi0: max/mean erase counter: 53/43, WL threshold: 4096, image sequence number: 1358235831
Sep 30 16:54:30 witherspoon kernel: ubi0: available PEBs: 46, total reserved PEBs: 458, PEBs reserved for bad PEB handling: 0
Sep 30 16:54:30 witherspoon kernel: ubi0: background thread "ubi_bgt0d" started, PID 507
Sep 30 16:54:30 witherspoon kernel: ubi4: default fastmap pool size: 25
Sep 30 16:54:30 witherspoon kernel: ubi4: default fastmap WL pool size: 12
Sep 30 16:54:30 witherspoon kernel: ubi4: attaching mtd7
Sep 30 16:54:30 witherspoon kernel: ubi4: scanning is finished
Sep 30 16:54:30 witherspoon kernel: ubi4: attached mtd7 (name "alt-obmc-ubi", size 31 MiB)
Sep 30 16:54:30 witherspoon kernel: ubi4: PEB size: 65536 bytes (64 KiB), LEB size: 65408 bytes
Sep 30 16:54:30 witherspoon kernel: ubi4: min./max. I/O unit sizes: 1/256, sub-page size 1
Sep 30 16:54:30 witherspoon kernel: ubi4: VID header offset: 64 (aligned 64), data offset: 128
Sep 30 16:54:30 witherspoon kernel: ubi4: good PEBs: 504, bad PEBs: 0, corrupted PEBs: 0
Sep 30 16:54:30 witherspoon kernel: ubi4: user volume: 4, internal volumes: 1, max. volumes count: 128
Sep 30 16:54:30 witherspoon kernel: ubi4: max/mean erase counter: 46/36, WL threshold: 4096, image sequence number: 1358235831
Sep 30 16:54:30 witherspoon kernel: ubi4: available PEBs: 46, total reserved PEBs: 458, PEBs reserved for bad PEB handling: 0
Sep 30 16:54:30 witherspoon kernel: ubi4: background thread "ubi_bgt4d" started, PID 513
Sep 30 16:54:30 witherspoon kernel: block ubiblock4_0: created from ubi4:0(rofs-6f4c3024)
Sep 30 16:54:30 witherspoon kernel: console [netcon0] enabled
Sep 30 16:54:30 witherspoon kernel: netconsole: network logging started
Sep 30 16:54:30 witherspoon kernel: input: gpio-keys as /devices/platform/gpio-keys/input/input2
Sep 30 16:54:30 witherspoon kernel: rtc-rv8803 11-0032: setting system clock to 2017-09-30 16:54:24 UTC (1506790464)
Sep 30 16:54:30 witherspoon kernel: VFS: Mounted root (squashfs filesystem) readonly on device 254:0.
Sep 30 16:54:30 witherspoon kernel: devtmpfs: mounted
Sep 30 16:54:30 witherspoon kernel: Freeing unused kernel memory: 284K
Sep 30 16:54:30 witherspoon kernel: This architecture does not have kernel memory protection.
Sep 30 16:54:30 witherspoon systemd[1]: Failed to insert module 'autofs4': No such file or directory
Sep 30 16:54:30 witherspoon systemd[1]: systemd 232 running in system mode. (+PAM -AUDIT -SELINUX -IMA -APPARMOR -SMACK +SYSVINIT -UTMP -LIBCRYPTSETUP -GCRYPT -GNUTLS +ACL +XZ -LZ4 -SECCOMP +BLKID -ELFUTILS +KMOD -IDN)
Sep 30 16:54:30 witherspoon systemd[1]: Detected architecture arm.
Sep 30 16:54:30 witherspoon systemd[1]: Set hostname to <witherspoon>.
Sep 30 16:54:30 witherspoon systemd[1]: Initializing machine ID from random generator.
Sep 30 16:54:30 witherspoon systemd[1]: Installed transient /etc/machine-id file.
Sep 30 16:54:30 witherspoon systemd[1]: Listening on Network Service Netlink Socket.
Sep 30 16:54:30 witherspoon systemd[1]: Listening on Journal Socket (/dev/log).
Sep 30 16:54:30 witherspoon systemd[1]: Listening on Journal Socket.
Sep 30 16:54:30 witherspoon systemd[1]: Reached target Remote File Systems.
Sep 30 16:54:30 witherspoon systemd[1]: Started Dispatch Password Requests to Console Directory Watch.
Sep 30 16:54:30 witherspoon systemd-journald[537]: Journal started
Sep 30 16:54:31 witherspoon systemd-journald[537]: Runtime journal (/run/log/journal/f4fbde0695a04d6fad06fe9ead004c1b) is 0B, max 0B, 0B free.
Sep 30 16:54:30 witherspoon systemd-sysctl[540]: Couldn't write '16' to 'kernel/sysrq', ignoring: No such file or directory
Sep 30 16:54:30 witherspoon systemd-sysctl[540]: Couldn't write 'fq_codel' to 'net/core/default_qdisc', ignoring: No such file or directory
Sep 30 16:54:31 witherspoon systemd[1]: Started Remount Root and Kernel File Systems.
Sep 30 16:54:31 witherspoon systemd[1]: Started Apply Kernel Variables.
Sep 30 16:54:31 witherspoon systemd[1]: Starting Create Static Device Nodes in /dev...
Sep 30 16:54:32 witherspoon systemd[1]: Started Create Static Device Nodes in /dev.
Sep 30 16:54:32 witherspoon systemd[1]: Reached target Local File Systems (Pre).
Sep 30 16:54:32 witherspoon systemd[1]: Mounting /usr/local...
Sep 30 16:54:32 witherspoon systemd[1]: Mounting /media...
Sep 30 16:54:32 witherspoon systemd[1]: var.mount: Directory /var to mount over is not empty, mounting anyway.
Sep 30 16:54:32 witherspoon systemd[1]: Mounting /var...
Sep 30 16:54:32 witherspoon systemd[1]: Starting udev Kernel Device Manager...
Sep 30 16:54:32 witherspoon systemd[1]: Mounted /media.
Sep 30 16:54:32 witherspoon systemd[1]: Mounted /usr/local.
Sep 30 16:54:32 witherspoon kernel: UBIFS (ubi0:2): background thread "ubifs_bgt0_2" started, PID 654
Sep 30 16:54:32 witherspoon kernel: UBIFS (ubi0:2): UBIFS: mounted UBI device 0, volume 2, name "rwfs"
Sep 30 16:54:32 witherspoon kernel: UBIFS (ubi0:2): LEB size: 65408 bytes (63 KiB), min./max. I/O unit sizes: 8 bytes/256 bytes
Sep 30 16:54:32 witherspoon kernel: UBIFS (ubi0:2): FS size: 3597440 bytes (3 MiB, 55 LEBs), journal size 719488 bytes (0 MiB, 11 LEBs)
Sep 30 16:54:32 witherspoon kernel: UBIFS (ubi0:2): reserved for root: 0 bytes (0 KiB)
Sep 30 16:54:32 witherspoon kernel: UBIFS (ubi0:2): media format: w4/r0 (latest is w5/r0), UUID F6AF7850-1C6E-4E2A-94BB-A56899CAF080, small LPT model
Sep 30 16:54:32 witherspoon systemd[1]: Mounted /var.
Sep 30 16:54:33 witherspoon systemd[1]: Mounting /var/volatile...
Sep 30 16:54:33 witherspoon systemd[1]: Starting Flush Journal to Persistent Storage...
Sep 30 16:54:33 witherspoon systemd[1]: Starting Prepare for overlay fs...
Sep 30 16:54:33 witherspoon systemd[1]: Mounted /var/volatile.
Sep 30 16:54:33 witherspoon systemd[1]: Started udev Coldplug all Devices.
Sep 30 16:54:33 witherspoon systemd[1]: Started udev Kernel Device Manager.
Sep 30 16:54:34 witherspoon systemd[1]: Starting Load/Save Random Seed...
Sep 30 16:54:34 witherspoon systemd-journald[537]: Runtime journal (/run/log/journal/f4fbde0695a04d6fad06fe9ead004c1b) is 0B, max 0B, 0B free.
Sep 30 16:54:34 witherspoon systemd[1]: Started Flush Journal to Persistent Storage.
Sep 30 16:54:35 witherspoon systemd[1]: Started Load/Save Random Seed.
Sep 30 16:54:35 witherspoon systemd[1]: Found device /dev/aspeed-lpc-ctrl.
Sep 30 16:54:35 witherspoon systemd[1]: Found device /dev/aspeed-mbox.
Sep 30 16:54:35 witherspoon systemd[1]: Found device /dev/ttyS4.
Sep 30 16:54:35 witherspoon systemd[1]: Found device /dev/ttyVUART0.
Sep 30 16:54:35 witherspoon systemd[1]: Created slice system-xyz.openbmc_project.Hwmon.slice.
Sep 30 16:54:35 witherspoon systemd[1]: dev-hugepages.mount: Couldn't determine result for ConditionVirtualization=!private-users, assuming failed: No such file or directory
Sep 30 16:54:35 witherspoon systemd[1]: dev-hugepages.mount: Couldn't determine result for ConditionVirtualization=!private-users, assuming failed: No such file or directory
Sep 30 16:54:35 witherspoon systemd[1]: dev-hugepages.mount: Couldn't determine result for ConditionVirtualization=!private-users, assuming failed: No such file or directory
Sep 30 16:54:35 witherspoon systemd[1]: dev-hugepages.mount: Couldn't determine result for ConditionVirtualization=!private-users, assuming failed: No such file or directory
Sep 30 16:54:35 witherspoon systemd[1]: dev-hugepages.mount: Couldn't determine result for ConditionVirtualization=!private-users, assuming failed: No such file or directory
Sep 30 16:54:35 witherspoon systemd[1]: dev-hugepages.mount: Couldn't determine result for ConditionVirtualization=!private-users, assuming failed: No such file or directory
Sep 30 16:54:37 witherspoon systemd[1]: Started Prepare for overlay fs.
Sep 30 16:54:37 witherspoon systemd[1]: Starting Prepare for overlay fs...
Sep 30 16:54:37 witherspoon systemd[1]: Created slice system-xyz.openbmc_project.led.controller.slice.
Sep 30 16:54:37 witherspoon systemd[1]: dev-hugepages.mount: Couldn't determine result for ConditionVirtualization=!private-users, assuming failed: No such file or directory
Sep 30 16:54:37 witherspoon systemd[1]: Started Prepare for overlay fs.
Sep 30 16:54:37 witherspoon systemd[1]: etc.mount: Directory /etc to mount over is not empty, mounting anyway.
Sep 30 16:54:37 witherspoon systemd[1]: Mounting /etc...
Sep 30 16:54:38 witherspoon systemd[1]: home.mount: Directory /home to mount over is not empty, mounting anyway.
Sep 30 16:54:38 witherspoon systemd[1]: Mounting /home...
Sep 30 16:54:38 witherspoon systemd[1]: Mounted /etc.
Sep 30 16:54:38 witherspoon systemd[1]: Mounted /home.
Sep 30 16:54:38 witherspoon systemd[1]: Reached target Local File Systems.
Sep 30 16:54:38 witherspoon systemd[1]: Starting Create Volatile Files and Directories...
Sep 30 16:54:38 witherspoon systemd[1]: Started Create Volatile Files and Directories.
Sep 30 16:54:38 witherspoon systemd[1]: Starting Network Time Synchronization...
Sep 30 16:54:38 witherspoon systemd[1]: Started Network Time Synchronization.
Sep 30 16:54:38 witherspoon systemd[1]: Reached target System Initialization.
Sep 30 16:54:38 witherspoon systemd[1]: Listening on D-Bus System Message Bus Socket.
Sep 30 16:54:38 witherspoon systemd[1]: Listening on dropbear.socket.
Sep 30 16:54:38 witherspoon systemd[1]: Listening on Phosphor DBUS Browser socket.
Sep 30 16:54:38 witherspoon systemd[1]: Listening on Phosphor Host Console SSH Per-Connection socket.
Sep 30 16:54:38 witherspoon systemd[1]: Started Daily Cleanup of Temporary Directories.
Sep 30 16:54:38 witherspoon systemd[1]: Reached target Timers.
Sep 30 16:54:38 witherspoon systemd[1]: Listening on phosphor-ipmi-net.socket.
Sep 30 16:54:39 witherspoon systemd[1]: Listening on Avahi mDNS/DNS-SD Stack Activation Socket.
Sep 30 16:54:39 witherspoon systemd[1]: Reached target Sockets.
Sep 30 16:54:39 witherspoon systemd[1]: Reached target Basic System.
Sep 30 16:54:39 witherspoon systemd[1]: Starting Remount the squashfs and ubi volumes after a reboot...
Sep 30 16:54:39 witherspoon systemd[1]: Started Phosphor sysfs LED controller.
Sep 30 16:54:39 witherspoon systemd[1]: Starting Clear one time boot overrides...
Sep 30 16:54:39 witherspoon systemd[1]: Starting Avahi mDNS/DNS-SD Stack...
Sep 30 16:54:39 witherspoon systemd[1]: Started Phosphor sysfs LED controller.
Sep 30 16:54:39 witherspoon systemd[1]: Reached target Containers.
Sep 30 16:54:39 witherspoon systemd[1]: Started Phosphor sysfs LED controller.
Sep 30 16:54:39 witherspoon systemd[1]: Starting Phosphor Sensor Manager...
Sep 30 16:54:39 witherspoon systemd[1]: Starting Updates symlinks for active PNOR version...
Sep 30 16:54:40 witherspoon systemd[1]: Started Phosphor sysfs LED controller.
Sep 30 16:54:40 witherspoon systemd[1]: Starting Phosphor User Manager...
Sep 30 16:54:40 witherspoon systemd[1]: Started Hardware RNG Entropy Gatherer Daemon.
Sep 30 16:54:40 witherspoon systemd[1]: Started Kernel Logging Service.
Sep 30 16:54:40 witherspoon systemd[1]: Starting Check PNOR UBI format...
Sep 30 16:54:40 witherspoon systemd[1]: Starting Phosphor LED Group Management Daemon...
Sep 30 16:54:40 witherspoon systemd[1]: Started Phosphor Console Muxer listening on device /dev/ttyVUART0.
Sep 30 16:54:40 witherspoon systemd[1]: Started Phosphor Dump core monitor..
Sep 30 16:54:40 witherspoon systemd[1]: Started D-Bus System Message Bus.
Sep 30 16:54:40 witherspoon obmc-flash-bios[964]: ls: /media/pnor-ro-*: No such file or directory
Sep 30 16:54:43 witherspoon avahi-daemon[957]: Found user 'avahi' (UID 999) and group 'avahi' (GID 999).
Sep 30 16:54:43 witherspoon avahi-daemon[957]: Successfully dropped root privileges.
Sep 30 16:54:43 witherspoon avahi-daemon[957]: avahi-daemon 0.6.32 starting up.
Sep 30 16:54:43 witherspoon kernel[969]: klogd started: BusyBox v1.24.1 (2017-06-16 19:29:08 UTC)
Sep 30 16:54:43 witherspoon kernel[969]: [    0.000000] Booting Linux on physical CPU 0x0
Sep 30 16:54:43 witherspoon kernel[969]: [    0.000000] Linux version 4.10.17-c4227b43277bbd0992d10d764d4958239786503d (jenkins@openbmc-builder1) (gcc version 6.2.0 (GCC) ) #1 Wed Sep 13 15:42:31 UTC 2017
Sep 30 16:54:43 witherspoon kernel[969]: [    0.000000] CPU: ARMv6-compatible processor [410fb767] revision 7 (ARMv7), cr=00c5387d
Sep 30 16:54:43 witherspoon kernel[969]: [    0.000000] CPU: PIPT / VIPT nonaliasing data cache, VIPT nonaliasing instruction cache
Sep 30 16:54:43 witherspoon kernel[969]: [    0.000000] OF: fdt:Machine model: Witherspoon BMC
Sep 30 16:54:43 witherspoon kernel[969]: [    0.000000] Memory policy: Data cache writeback
Sep 30 16:54:43 witherspoon kernel[969]: [    0.000000] SOC Rev: 04030303
Sep 30 16:54:43 witherspoon kernel[969]: [    0.000000] On node 0 totalpages: 110592
Sep 30 16:54:43 witherspoon kernel[969]: [    0.000000] free_area_init_node: node 0, pgdat 806038a4, node_mem_map 9ec1a000
Sep 30 16:54:43 witherspoon kernel[969]: [    0.000000]   Normal zone: 992 pages used for memmap
Sep 30 16:54:43 witherspoon kernel[969]: [    0.000000]   Normal zone: 0 pages reserved
Sep 30 16:54:43 witherspoon kernel[969]: [    0.000000]   Normal zone: 110592 pages, LIFO batch:31
Sep 30 16:54:43 witherspoon kernel[969]: [    0.000000] pcpu-alloc: s0 r0 d32768 u32768 alloc=1*32768
Sep 30 16:54:43 witherspoon kernel[969]: [    0.000000] pcpu-alloc: [0] 0
Sep 30 16:54:43 witherspoon kernel[969]: [    0.000000] Built 1 zonelists in Zone order, mobility grouping on.  Total pages: 109600
Sep 30 16:54:43 witherspoon kernel[969]: [    0.000000] Kernel command line: console=ttyS4,115200n8 ubi.mtd=obmc-ubi,0,0,0 ubi.mtd=alt-obmc-ubi,0,0,4 ro rootfstype=squashfs ubi.block=4,0 root=/dev/ubiblock4_0
Sep 30 16:54:43 witherspoon kernel[969]: [    0.000000] PID hash table entries: 2048 (order: 1, 8192 bytes)
Sep 30 16:54:43 witherspoon kernel[969]: [    0.000000] Dentry cache hash table entries: 65536 (order: 6, 262144 bytes)
Sep 30 16:54:43 witherspoon kernel[969]: [    0.000000] Inode-cache hash table entries: 32768 (order: 5, 131072 bytes)
Sep 30 16:54:43 witherspoon kernel[969]: [    0.000000] Memory: 431960K/442368K available (4077K kernel code, 281K rwdata, 1196K rodata, 284K init, 111K bss, 10408K reserved, 0K cma-reserved)
Sep 30 16:54:43 witherspoon kernel[969]: [    0.000000] Virtual kernel memory layout:
Sep 30 16:54:43 witherspoon kernel[969]: [    0.000000]     vector  : 0xffff0000 - 0xffff1000   (   4 kB)
Sep 30 16:54:43 witherspoon kernel[969]: [    0.000000]     fixmap  : 0xffc00000 - 0xfff00000   (3072 kB)
Sep 30 16:54:43 witherspoon kernel[969]: [    0.000000]     vmalloc : 0x9f800000 - 0xff800000   (1536 MB)
Sep 30 16:54:43 witherspoon kernel[969]: [    0.000000]     lowmem  : 0x80000000 - 0x9f000000   ( 496 MB)
Sep 30 16:54:43 witherspoon kernel[969]: [    0.000000]       .text : 0x80008000 - 0x804036e0   (4078 kB)
Sep 30 16:54:43 witherspoon kernel[969]: [    0.000000]       .init : 0x80589000 - 0x805d0000   ( 284 kB)
Sep 30 16:54:43 witherspoon kernel[969]: [    0.000000]       .data : 0x805d0000 - 0x806167a8   ( 282 kB)
Sep 30 16:54:43 witherspoon kernel[969]: [    0.000000]        .bss : 0x806167a8 - 0x80632678   ( 112 kB)
Sep 30 16:54:43 witherspoon kernel[969]: [    0.000000] NR_IRQS:16 nr_irqs:16 16
Sep 30 16:54:43 witherspoon kernel[969]: [    0.000000] i2c controller registered, irq 16
Sep 30 16:54:43 witherspoon kernel[969]: [    0.000000] clocksource: moxart_timer: mask: 0xffffffff max_cycles: 0xffffffff, max_idle_ns: 77222644334 ns
Sep 30 16:54:43 witherspoon kernel[969]: [    0.000000] sched_clock: 32 bits at 100 Hz, resolution 10000000ns, wraps every 21474836475000000ns
Sep 30 16:54:43 witherspoon kernel[969]: [    0.090000] Calibrating delay loop... 789.70 BogoMIPS (lpj=3948544)
Sep 30 16:54:43 witherspoon kernel[969]: [    0.090000] pid_max: default: 32768 minimum: 301
Sep 30 16:54:43 witherspoon kernel[969]: [    0.090000] Mount-cache hash table entries: 1024 (order: 0, 4096 bytes)
Sep 30 16:54:43 witherspoon kernel[969]: [    0.090000] Mountpoint-cache hash table entries: 1024 (order: 0, 4096 bytes)
Sep 30 16:54:44 witherspoon kernel: ubi8: default fastmap pool size: 100
Sep 30 16:54:44 witherspoon kernel: ubi8: default fastmap WL pool size: 50
Sep 30 16:54:44 witherspoon kernel: ubi8: attaching mtd8
Sep 30 16:54:44 witherspoon kernel: ubi8: scanning is finished
Sep 30 16:54:44 witherspoon kernel: ubi8: attached mtd8 (name "pnor", size 128 MiB)
Sep 30 16:54:44 witherspoon kernel: ubi8: PEB size: 65536 bytes (64 KiB), LEB size: 65408 bytes
Sep 30 16:54:44 witherspoon kernel: ubi8: min./max. I/O unit sizes: 1/256, sub-page size 1
Sep 30 16:54:44 witherspoon kernel: ubi8: VID header offset: 64 (aligned 64), data offset: 128
Sep 30 16:54:44 witherspoon kernel: ubi8: good PEBs: 2048, bad PEBs: 0, corrupted PEBs: 0
Sep 30 16:54:44 witherspoon kernel: ubi8: user volume: 6, internal volumes: 1, max. volumes count: 128
Sep 30 16:54:44 witherspoon kernel: ubi8: max/mean erase counter: 42/29, WL threshold: 4096, image sequence number: 91395301
Sep 30 16:54:44 witherspoon kernel: ubi8: available PEBs: 468, total reserved PEBs: 1580, PEBs reserved for bad PEB handling: 0
Sep 30 16:54:44 witherspoon kernel: ubi8: background thread "ubi_bgt8d" started, PID 995
Sep 30 16:54:43 witherspoon kernel[969]: [    0.090000] CPU: Testing write buffer coherency: ok
Sep 30 16:54:44 witherspoon systemd[1]: Started Phosphor LED Group Management Daemon.
Sep 30 16:54:43 witherspoon kernel[969]: [    0.090000] ftrace: allocating 14991 entries in 44 pages
Sep 30 16:54:45 witherspoon obmc-flash-bios[954]: UBI device number 8, total 2048 LEBs (133955584 bytes, 127.8 MiB), available 468 LEBs (30610944 bytes, 29.2 MiB), LEB size 65408 bytes (63.9 KiB)
Sep 30 16:54:44 witherspoon systemd[1]: Started Avahi mDNS/DNS-SD Stack.
Sep 30 16:54:43 witherspoon kernel[969]: [    0.120000] Setting up static identity map for 0x80008200 - 0x8000825c
Sep 30 16:54:45 witherspoon systemd[1]: Started System Logging Service.
Sep 30 16:54:43 witherspoon kernel[969]: [    0.130000] devtmpfs: initialized
Sep 30 16:54:45 witherspoon systemd[1]: Starting Phosphor Download Manager...
Sep 30 16:54:43 witherspoon kernel[969]: [    0.140000] clocksource: jiffies: mask: 0xffffffff max_cycles: 0xffffffff, max_idle_ns: 19112604462750000 ns
Sep 30 16:54:45 witherspoon systemd[1]: Started Phosphor sysfs LED controller.
Sep 30 16:54:43 witherspoon kernel[969]: [    0.140000] futex hash table entries: 256 (order: -1, 3072 bytes)
Sep 30 16:54:45 witherspoon systemd[1]: Starting Phosphor Inventory Manager...
Sep 30 16:54:43 witherspoon kernel[969]: [    0.140000] pinctrl core: initialized pinctrl subsystem
Sep 30 16:54:46 witherspoon systemd[1]: Starting Phosphor Inventory Manager...
Sep 30 16:54:43 witherspoon kernel[969]: [    0.140000] NET: Registered protocol family 16
Sep 30 16:54:46 witherspoon systemd[1]: Starting Phosphor Log Manager...
Sep 30 16:54:43 witherspoon kernel[969]: [    0.150000] DMA: preallocated 256 KiB pool for atomic coherent allocations
Sep 30 16:54:43 witherspoon kernel[969]: [    0.210000] usbcore: registered new interface driver usbfs
Sep 30 16:54:43 witherspoon kernel[969]: [    0.210000] usbcore: registered new interface driver hub
Sep 30 16:54:43 witherspoon kernel[969]: [    0.210000] usbcore: registered new device driver usb
Sep 30 16:54:43 witherspoon kernel[969]: [    0.220000] clocksource: Switched to clocksource moxart_timer
Sep 30 16:54:43 witherspoon kernel[969]: [    0.240000] NET: Registered protocol family 2
Sep 30 16:54:43 witherspoon kernel[969]: [    0.240000] TCP established hash table entries: 4096 (order: 2, 16384 bytes)
Sep 30 16:54:43 witherspoon kernel[969]: [    0.240000] TCP bind hash table entries: 4096 (order: 2, 16384 bytes)
Sep 30 16:54:43 witherspoon kernel[969]: [    0.240000] TCP: Hash tables configured (established 4096 bind 4096)
Sep 30 16:54:43 witherspoon kernel[969]: [    0.240000] UDP hash table entries: 256 (order: 0, 4096 bytes)
Sep 30 16:54:43 witherspoon kernel[969]: [    0.240000] UDP-Lite hash table entries: 256 (order: 0, 4096 bytes)
Sep 30 16:54:43 witherspoon kernel[969]: [    0.240000] NET: Registered protocol family 1
Sep 30 16:54:43 witherspoon kernel[969]: [    0.240000] workingset: timestamp_bits=30 max_order=17 bucket_order=0
Sep 30 16:54:43 witherspoon kernel[969]: [    0.240000] squashfs: version 4.0 (2009/01/31) Phillip Lougher
Sep 30 16:54:43 witherspoon kernel[969]: [    0.240000] jffs2: version 2.2. (SUMMARY)  © 2001-2006 Red Hat, Inc.
Sep 30 16:54:43 witherspoon kernel[969]: [    0.240000] Block layer SCSI generic (bsg) driver version 0.4 loaded (major 250)
Sep 30 16:54:43 witherspoon kernel[969]: [    0.240000] io scheduler noop registered
Sep 30 16:54:43 witherspoon kernel[969]: [    0.240000] io scheduler deadline registered
Sep 30 16:54:43 witherspoon kernel[969]: [    0.240000] io scheduler cfq registered (default)
Sep 30 16:54:43 witherspoon kernel[969]: [    0.260000] ipmi-bt-host 1e789140.ibt: Found bt bmc device
Sep 30 16:54:43 witherspoon kernel[969]: [    0.260000] ipmi-bt-host 1e789140.ibt: Using IRQ 22
Sep 30 16:54:43 witherspoon kernel[969]: [    0.260000] Serial: 8250/16550 driver, 6 ports, IRQ sharing enabled
Sep 30 16:54:43 witherspoon kernel[969]: [    0.290000] 1e787000.vuart: ttyS5 at MMIO 0x1e787000 (irq = 22, base_baud = 1500000) is a 16550A
Sep 30 16:54:43 witherspoon kernel[969]: [    0.290000] 1e783000.serial: ttyS0 at MMIO 0x1e783000 (irq = 23, base_baud = 1500000) is a 16550A
Sep 30 16:54:43 witherspoon kernel[969]: [    0.290000] 1e78d000.serial: ttyS1 at MMIO 0x1e78d000 (irq = 24, base_baud = 1500000) is a 16550A
Sep 30 16:54:43 witherspoon kernel[969]: [    0.290000] 1e784000.serial: ttyS4 at MMIO 0x1e784000 (irq = 25, base_baud = 1500000) is a 16550A
Sep 30 16:54:43 witherspoon kernel[969]: [    0.640000] console [ttyS4] enabled
Sep 30 16:54:43 witherspoon kernel[969]: [    0.780000] timeriomem_rng 1e6e2078.hwrng: 32bits from 0xf00e2078 @ 1us
Sep 30 16:54:43 witherspoon kernel[969]: [    0.790000] random: fast init done
Sep 30 16:54:43 witherspoon kernel[969]: [    0.820000] random: crng init done
Sep 30 16:54:43 witherspoon kernel[969]: [    0.840000] brd: module loaded
Sep 30 16:54:43 witherspoon kernel[969]: [    0.870000] loop: module loaded
Sep 30 16:54:43 witherspoon kernel[969]: [    0.870000] aspeed-lpc-ctrl 1e789080.lpc-ctrl: Loaded at 0x98000000 (0x04000000)
Sep 30 16:54:43 witherspoon kernel[969]: [    0.890000] aspeed-smc 1e620000.flash-controller: Using IRQ 18
Sep 30 16:54:43 witherspoon kernel[969]: [    0.890000] aspeed-smc 1e620000.flash-controller: DMA support disabled.
Sep 30 16:54:43 witherspoon kernel[969]: [    0.900000] aspeed-smc 1e620000.flash-controller: mx25l25635e (32768 Kbytes)
Sep 30 16:54:43 witherspoon kernel[969]: [    0.900000] aspeed-smc 1e620000.flash-controller: CE0 window [ 0x20000000 - 0x22000000 ] 32MB
Sep 30 16:54:43 witherspoon kernel[969]: [    0.900000] aspeed-smc 1e620000.flash-controller: CE1 window [ 0x22000000 - 0x2a000000 ] 128MB
Sep 30 16:54:43 witherspoon kernel[969]: [    0.920000] 3 ofpart partitions found on MTD device bmc
Sep 30 16:54:43 witherspoon kernel[969]: [    0.930000] Creating 3 MTD partitions on "bmc":
Sep 30 16:54:43 witherspoon kernel[969]: [    0.940000] 0x000000000000-0x000000060000 : "u-boot"
Sep 30 16:54:43 witherspoon kernel[969]: [    0.940000] 0x000000060000-0x000000080000 : "u-boot-env"
Sep 30 16:54:43 witherspoon kernel[969]: [    0.960000] 0x000000080000-0x000002000000 : "obmc-ubi"
Sep 30 16:54:43 witherspoon kernel[969]: [    0.960000] aspeed-smc 1e620000.flash-controller: mx25l25635e (32768 Kbytes)
Sep 30 16:54:43 witherspoon kernel[969]: [    0.980000] aspeed-smc 1e620000.flash-controller: CE1 window [ 0x22000000 - 0x24000000 ] 32MB
Sep 30 16:54:43 witherspoon kernel[969]: [    0.980000] aspeed-smc 1e620000.flash-controller: CE2 window [ 0x24000000 - 0x2c000000 ] 128MB
Sep 30 16:54:43 witherspoon kernel[969]: [    0.980000] 3 ofpart partitions found on MTD device alt-bmc
Sep 30 16:54:43 witherspoon kernel[969]: [    1.000000] Creating 3 MTD partitions on "alt-bmc":
Sep 30 16:54:43 witherspoon kernel[969]: [    1.010000] 0x000000000000-0x000000060000 : "alt-u-boot"
Sep 30 16:54:43 witherspoon kernel[969]: [    1.010000] 0x000000060000-0x000000080000 : "alt-u-boot-env"
Sep 30 16:54:43 witherspoon kernel[969]: [    1.020000] 0x000000080000-0x000002000000 : "alt-obmc-ubi"
Sep 30 16:54:43 witherspoon kernel[969]: [    1.020000] aspeed-smc 1e630000.flash-controller: mx66l1g45g (131072 Kbytes)
Sep 30 16:54:43 witherspoon kernel[969]: [    1.050000] aspeed-smc 1e630000.flash-controller: CE0 window resized to 120MB (AST2500 HW quirk)
Sep 30 16:54:43 witherspoon kernel[969]: [    1.050000] aspeed-smc 1e630000.flash-controller: CE0 window [ 0x30000000 - 0x37800000 ] 120MB
Sep 30 16:54:43 witherspoon kernel[969]: [    1.050000] aspeed-smc 1e630000.flash-controller: CE0 window too small for chip 128MB
Sep 30 16:54:43 witherspoon kernel[969]: [    1.050000] aspeed-smc 1e630000.flash-controller: CE1 window [ 0x37800000 - 0x38000000 ] 8MB
Sep 30 16:54:43 witherspoon kernel[969]: [    1.770000] libphy: Fixed MDIO Bus: probed
Sep 30 16:54:43 witherspoon kernel[969]: [    1.860000] ftgmac100 1e660000.ethernet: Read MAC address 70:e2:84:14:23:e1 from chip
Sep 30 16:54:43 witherspoon kernel[969]: [    1.860000] ftgmac100 1e660000.ethernet: Using NCSI interface
Sep 30 16:54:43 witherspoon kernel[969]: [    1.860000] ftgmac100 1e660000.ethernet eth0: irq 20, mapped at f0060000
Sep 30 16:54:43 witherspoon kernel[969]: [    1.860000] ehci_hcd: USB 2.0 'Enhanced' Host Controller (EHCI) Driver
Sep 30 16:54:43 witherspoon kernel[969]: [    1.860000] ehci-platform: EHCI generic platform driver
Sep 30 16:54:43 witherspoon kernel[969]: [    2.050000] i2c /dev entries driver
Sep 30 16:54:43 witherspoon kernel[969]: [    2.050000] aspeed-i2c-bus 1e78a0c0.i2c-bus: i2c bus 2 registered, irq 26
Sep 30 16:54:43 witherspoon kernel[969]: [    2.050000] aspeed-i2c-bus 1e78a100.i2c-bus: i2c bus 3 registered, irq 27
Sep 30 16:54:43 witherspoon kernel[969]: [    2.050000] aspeed-i2c-bus 1e78a140.i2c-bus: i2c bus 4 registered, irq 28
Sep 30 16:54:43 witherspoon kernel[969]: [    2.050000] aspeed-i2c-bus 1e78a180.i2c-bus: i2c bus 5 registered, irq 29
Sep 30 16:54:43 witherspoon kernel[969]: [    2.050000] aspeed-i2c-bus 1e78a380.i2c-bus: i2c bus 9 registered, irq 30
Sep 30 16:54:43 witherspoon kernel[969]: [    2.050000] aspeed-i2c-bus 1e78a3c0.i2c-bus: i2c bus 10 registered, irq 31
Sep 30 16:54:43 witherspoon kernel[969]: [    2.050000] rtc-rv8803 11-0032: Voltage low, temperature compensation stopped.
Sep 30 16:54:43 witherspoon kernel[969]: [    2.050000] rtc-rv8803 11-0032: An alarm maybe have been missed.
Sep 30 16:54:47 witherspoon systemd[1]: Starting Phosphor DBus Service Discovery Manager...
Sep 30 16:54:43 witherspoon kernel[969]: [    2.150000] rtc-rv8803 11-0032: rtc core: registered rx8900 as rtc0
Sep 30 16:54:48 witherspoon systemd[1]: Starting Phosphor IPMI BT DBus Bridge...
Sep 30 16:54:43 witherspoon kernel[969]: [    2.160000] at24 11-0051: 8192 byte 24c64 EEPROM, writable, 1 bytes/write
Sep 30 16:54:43 witherspoon kernel[969]: [    2.160000] aspeed-i2c-bus 1e78a400.i2c-bus: i2c bus 11 registered, irq 32
Sep 30 16:54:43 witherspoon kernel[969]: [    2.160000] aspeed-i2c-bus 1e78a440.i2c-bus: i2c bus 12 registered, irq 33
Sep 30 16:54:43 witherspoon kernel[969]: [    2.160000] aspeed-i2c-bus 1e78a480.i2c-bus: i2c bus 13 registered, irq 34
Sep 30 16:54:43 witherspoon kernel[969]: [    2.160000] Driver for 1-wire Dallas network protocol.
Sep 30 16:54:43 witherspoon kernel[969]: [    2.160000] lm75 9-004a: hwmon0: sensor 'tmp275'
Sep 30 16:54:43 witherspoon kernel[969]: [    4.090000] ucd9000 11-0064: Device ID UCD90160|2.3.4.0000|110603
Sep 30 16:54:43 witherspoon kernel[969]: [    4.790000] leds-pca955x 3-0060: leds-pca955x: Using pca9552 16-bit LED driver at slave address 0x60
Sep 30 16:54:43 witherspoon kernel[969]: [    4.800000] leds-pca955x 3-0060: gpios 238...253
Sep 30 16:54:43 witherspoon kernel[969]: [    4.810000] leds-pca955x 11-0060: leds-pca955x: Using pca9552 16-bit LED driver at slave address 0x60
Sep 30 16:54:43 witherspoon kernel[969]: [    4.820000] leds-pca955x 11-0060: gpios 222...237
Sep 30 16:54:43 witherspoon kernel[969]: [    4.830000] usbcore: registered new interface driver usbhid
Sep 30 16:54:43 witherspoon kernel[969]: [    4.830000] usbhid: USB HID core driver
Sep 30 16:54:43 witherspoon kernel[969]: [    4.880000] NET: Registered protocol family 10
Sep 30 16:54:43 witherspoon kernel[969]: [    4.880000] Segment Routing with IPv6
Sep 30 16:54:43 witherspoon kernel[969]: [    4.890000] NET: Registered protocol family 17
Sep 30 16:54:43 witherspoon kernel[969]: [    4.890000] 8021q: 802.1Q VLAN Support v1.8
Sep 30 16:54:43 witherspoon kernel[969]: [    4.910000] input: gpio-keys-polled as /devices/platform/gpio-keys-polled/input/input1
Sep 30 16:54:43 witherspoon kernel[969]: [    4.930000] ubi0: default fastmap pool size: 25
Sep 30 16:54:43 witherspoon kernel[969]: [    4.940000] ubi0: default fastmap WL pool size: 12
Sep 30 16:54:43 witherspoon kernel[969]: [    4.940000] ubi0: attaching mtd3
Sep 30 16:54:43 witherspoon kernel[969]: [    4.950000] ubi0: scanning is finished
Sep 30 16:54:43 witherspoon kernel[969]: [    4.970000] ubi0: attached mtd3 (name "obmc-ubi", size 31 MiB)
Sep 30 16:54:43 witherspoon kernel[969]: [    4.970000] ubi0: PEB size: 65536 bytes (64 KiB), LEB size: 65408 bytes
Sep 30 16:54:43 witherspoon kernel[969]: [    4.990000] ubi0: min./max. I/O unit sizes: 1/256, sub-page size 1
Sep 30 16:54:43 witherspoon kernel[969]: [    4.990000] ubi0: VID header offset: 64 (aligned 64), data offset: 128
Sep 30 16:54:43 witherspoon kernel[969]: [    4.990000] ubi0: good PEBs: 504, bad PEBs: 0, corrupted PEBs: 0
Sep 30 16:54:44 witherspoon avahi-daemon[957]: Successfully called chroot().
Sep 30 16:54:44 witherspoon avahi-daemon[957]: Successfully dropped remaining capabilities.
Sep 30 16:54:44 witherspoon avahi-daemon[957]: Loading service file /services/obmc_console.service.
Sep 30 16:54:44 witherspoon avahi-daemon[957]: Loading service file /services/phosphor_rest.service.
Sep 30 16:54:44 witherspoon avahi-daemon[957]: Loading service file /services/sftp-ssh.service.
Sep 30 16:54:44 witherspoon avahi-daemon[957]: Loading service file /services/sftp.service.
Sep 30 16:54:44 witherspoon avahi-daemon[957]: Loading service file /services/ssh.service.
Sep 30 16:54:44 witherspoon avahi-daemon[957]: Network interface enumeration completed.
Sep 30 16:54:44 witherspoon avahi-daemon[957]: Server startup complete. Host name is witherspoon.local. Local service cookie is 1591099639.
Sep 30 16:54:44 witherspoon avahi-daemon[957]: Service "witherspoon" (/services/ssh.service) successfully established.
Sep 30 16:54:44 witherspoon avahi-daemon[957]: Service "sftp" (/services/sftp.service) successfully established.
Sep 30 16:54:44 witherspoon avahi-daemon[957]: Service "witherspoon" (/services/sftp-ssh.service) successfully established.
Sep 30 16:54:44 witherspoon avahi-daemon[957]: Service "phosphor_rest" (/services/phosphor_rest.service) successfully established.
Sep 30 16:54:44 witherspoon avahi-daemon[957]: Service "obmc_console" (/services/obmc_console.service) successfully established.
Sep 30 16:54:44 witherspoon kernel[969]: [    4.990000] ubi0: user volume: 4, internal volumes: 1, max. volumes count: 128
Sep 30 16:54:44 witherspoon kernel[969]: [    5.020000] ubi0: max/mean erase counter: 53/43, WL threshold: 4096, image sequence number: 1358235831
Sep 30 16:54:44 witherspoon kernel[969]: [    5.020000] ubi0: available PEBs: 46, total reserved PEBs: 458, PEBs reserved for bad PEB handling: 0
Sep 30 16:54:44 witherspoon kernel[969]: [    5.020000] ubi0: background thread "ubi_bgt0d" started, PID 507
Sep 30 16:54:44 witherspoon kernel[969]: [    5.020000] ubi4: default fastmap pool size: 25
Sep 30 16:54:44 witherspoon kernel[969]: [    5.020000] ubi4: default fastmap WL pool size: 12
Sep 30 16:54:44 witherspoon kernel[969]: [    5.050000] ubi4: attaching mtd7
Sep 30 16:54:44 witherspoon kernel[969]: [    5.090000] ubi4: scanning is finished
Sep 30 16:54:44 witherspoon kernel[969]: [    5.130000] ubi4: attached mtd7 (name "alt-obmc-ubi", size 31 MiB)
Sep 30 16:54:44 witherspoon kernel[969]: [    5.130000] ubi4: PEB size: 65536 bytes (64 KiB), LEB size: 65408 bytes
Sep 30 16:54:44 witherspoon kernel[969]: [    5.130000] ubi4: min./max. I/O unit sizes: 1/256, sub-page size 1
Sep 30 16:54:44 witherspoon kernel[969]: [    5.130000] ubi4: VID header offset: 64 (aligned 64), data offset: 128
Sep 30 16:54:44 witherspoon kernel[969]: [    5.130000] ubi4: good PEBs: 504, bad PEBs: 0, corrupted PEBs: 0
Sep 30 16:54:44 witherspoon kernel[969]: [    5.180000] ubi4: user volume: 4, internal volumes: 1, max. volumes count: 128
Sep 30 16:54:44 witherspoon kernel[969]: [    5.180000] ubi4: max/mean erase counter: 46/36, WL threshold: 4096, image sequence number: 1358235831
Sep 30 16:54:44 witherspoon kernel[969]: [    5.180000] ubi4: available PEBs: 46, total reserved PEBs: 458, PEBs reserved for bad PEB handling: 0
Sep 30 16:54:44 witherspoon kernel[969]: [    5.180000] ubi4: background thread "ubi_bgt4d" started, PID 513
Sep 30 16:54:44 witherspoon kernel[969]: [   15.170000] block ubiblock4_0: created from ubi4:0(rofs-6f4c3024)
Sep 30 16:54:44 witherspoon kernel[969]: [   15.170000] console [netcon0] enabled
Sep 30 16:54:44 witherspoon kernel[969]: [   15.170000] netconsole: network logging started
Sep 30 16:54:44 witherspoon kernel[969]: [   15.170000] input: gpio-keys as /devices/platform/gpio-keys/input/input2
Sep 30 16:54:44 witherspoon kernel[969]: [   15.170000] rtc-rv8803 11-0032: setting system clock to 2017-09-30 16:54:24 UTC (1506790464)
Sep 30 16:54:44 witherspoon kernel[969]: [   15.170000] VFS: Mounted root (squashfs filesystem) readonly on device 254:0.
Sep 30 16:54:44 witherspoon kernel[969]: [   15.170000] devtmpfs: mounted
Sep 30 16:54:44 witherspoon kernel[969]: [   15.170000] Freeing unused kernel memory: 284K
Sep 30 16:54:44 witherspoon kernel[969]: [   15.170000] This architecture does not have kernel memory protection.
Sep 30 16:54:44 witherspoon kernel[969]: [   17.850000] systemd[1]: Failed to insert module 'autofs4': No such file or directory
Sep 30 16:54:44 witherspoon kernel[969]: [   18.210000] systemd[1]: systemd 232 running in system mode. (+PAM -AUDIT -SELINUX -IMA -APPARMOR -SMACK +SYSVINIT -UTMP -LIBCRYPTSETUP -GCRYPT -GNUTLS +ACL +XZ -LZ4 -SECCOMP +BLKID -ELFUTILS +KMOD -IDN)
Sep 30 16:54:44 witherspoon kernel[969]: [   18.210000] systemd[1]: Detected architecture arm.
Sep 30 16:54:44 witherspoon kernel[969]: [   18.400000] systemd[1]: Set hostname to <witherspoon>.
Sep 30 16:54:44 witherspoon kernel[969]: [   18.470000] systemd[1]: Initializing machine ID from random generator.
Sep 30 16:54:44 witherspoon kernel[969]: [   18.470000] systemd[1]: Installed transient /etc/machine-id file.
Sep 30 16:54:44 witherspoon kernel[969]: [   20.270000] systemd[1]: Listening on Network Service Netlink Socket.
Sep 30 16:54:44 witherspoon kernel[969]: [   20.410000] systemd[1]: Listening on Journal Socket (/dev/log).
Sep 30 16:54:44 witherspoon kernel[969]: [   20.450000] systemd[1]: Listening on Journal Socket.
Sep 30 16:54:44 witherspoon kernel[969]: [   20.490000] systemd[1]: Reached target Remote File Systems.
Sep 30 16:54:44 witherspoon kernel[969]: [   20.530000] systemd[1]: Started Dispatch Password Requests to Console Directory Watch.
Sep 30 16:54:44 witherspoon kernel[969]: [   23.450000] UBIFS (ubi0:2): background thread "ubifs_bgt0_2" started, PID 654
Sep 30 16:54:44 witherspoon kernel[969]: [   23.680000] UBIFS (ubi0:2): UBIFS: mounted UBI device 0, volume 2, name "rwfs"
Sep 30 16:54:44 witherspoon kernel[969]: [   23.680000] UBIFS (ubi0:2): LEB size: 65408 bytes (63 KiB), min./max. I/O unit sizes: 8 bytes/256 bytes
Sep 30 16:54:44 witherspoon kernel[969]: [   23.680000] UBIFS (ubi0:2): FS size: 3597440 bytes (3 MiB, 55 LEBs), journal size 719488 bytes (0 MiB, 11 LEBs)
Sep 30 16:54:48 witherspoon systemd[1]: Started Phosphor sysfs LED controller.
Sep 30 16:54:44 witherspoon kernel[969]: [   23.680000] UBIFS (ubi0:2): reserved for root: 0 bytes (0 KiB)
Sep 30 16:54:48 witherspoon systemd[1]: Starting Phosphor BMC0 Control...
Sep 30 16:54:44 witherspoon kernel[969]: [   23.680000] UBIFS (ubi0:2): media format: w4/r0 (latest is w5/r0), UUID F6AF7850-1C6E-4E2A-94BB-A56899CAF080, small LPT model
Sep 30 16:54:48 witherspoon systemd[1]: Starting Phosphor Chassis0 Control...
Sep 30 16:54:44 witherspoon kernel[969]: [   25.060000] systemd-journald[537]: Received request to flush runtime journal from PID 1
Sep 30 16:54:48 witherspoon systemd[1]: Started Phosphor sysfs LED controller.
Sep 30 16:54:44 witherspoon kernel[969]: [   34.760000] ubi8: default fastmap pool size: 100
Sep 30 16:54:48 witherspoon systemd[1]: Started Phosphor sysfs LED controller.
Sep 30 16:54:44 witherspoon kernel[969]: [   34.760000] ubi8: default fastmap WL pool size: 50
Sep 30 16:54:48 witherspoon systemd[1]: Starting Phosphor Download Manager...
Sep 30 16:54:44 witherspoon kernel[969]: [   34.760000] ubi8: attaching mtd8
Sep 30 16:54:49 witherspoon systemd[1]: Started Phosphor sysfs LED controller.
Sep 30 16:54:44 witherspoon kernel[969]: [   34.760000] ubi8: scanning is finished
Sep 30 16:54:49 witherspoon systemd[1]: Starting Network Service...
Sep 30 16:54:44 witherspoon kernel[969]: [   34.760000] ubi8: attached mtd8 (name "pnor", size 128 MiB)
Sep 30 16:54:49 witherspoon systemd[1]: Starting Phosphor Settings Daemon...
Sep 30 16:54:44 witherspoon kernel[969]: [   34.760000] ubi8: PEB size: 65536 bytes (64 KiB), LEB size: 65408 bytes
Sep 30 16:54:49 witherspoon systemd[1]: Starting Phosphor Network Manager...
Sep 30 16:54:44 witherspoon kernel[969]: [   34.760000] ubi8: min./max. I/O unit sizes: 1/256, sub-page size 1
Sep 30 16:54:49 witherspoon systemd[1]: Starting Phosphor Dump Manager...
Sep 30 16:54:44 witherspoon kernel[969]: [   34.760000] ubi8: VID header offset: 64 (aligned 64), data offset: 128
Sep 30 16:54:49 witherspoon systemd[1]: Starting Remount the ubi volume after a reboot...
Sep 30 16:54:44 witherspoon kernel[969]: [   34.760000] ubi8: good PEBs: 2048, bad PEBs: 0, corrupted PEBs: 0
Sep 30 16:54:49 witherspoon systemd[1]: Started Phosphor sysfs LED controller.
Sep 30 16:54:44 witherspoon kernel[969]: [   34.980000] ubi8: user volume: 6, internal volumes: 1, max. volumes count: 128
Sep 30 16:54:49 witherspoon systemd[1]: Reached target System Time Synchronized.
Sep 30 16:54:44 witherspoon kernel[969]: [   34.980000] ubi8: max/mean erase counter: 42/29, WL threshold: 4096, image sequence number: 91395301
Sep 30 16:54:49 witherspoon systemd[1]: Started Clear one time boot overrides.
Sep 30 16:54:44 witherspoon kernel[969]: [   34.980000] ubi8: available PEBs: 468, total reserved PEBs: 1580, PEBs reserved for bad PEB handling: 0
Sep 30 16:54:49 witherspoon systemd[1]: Started Updates symlinks for active PNOR version.
Sep 30 16:54:44 witherspoon kernel[969]: [   34.980000] ubi8: background thread "ubi_bgt8d" started, PID 995
Sep 30 16:54:49 witherspoon systemd[1]: Started Check PNOR UBI format.
Sep 30 16:54:49 witherspoon systemd[1]: Started Phosphor IPMI BT DBus Bridge.
Sep 30 16:54:49 witherspoon systemd[1]: Started Phosphor Log Manager.
Sep 30 16:54:51 witherspoon systemd[1]: Started Phosphor Download Manager.
Sep 30 16:54:53 witherspoon systemd[1]: Started Phosphor Inventory Manager.
Sep 30 16:54:54 witherspoon kernel: ubi: ubi0 already exists
Sep 30 16:54:54 witherspoon kernel: block ubiblock8_0: created from ubi8:0(pnor-ro-7a9ef57c)
Sep 30 16:54:54 witherspoon kernel[969]: [   41.840000] ubi: ubi0 already exists
Sep 30 16:54:54 witherspoon kernel[969]: [   45.640000] block ubiblock8_0: created from ubi8:0(pnor-ro-7a9ef57c)
Sep 30 16:54:54 witherspoon systemd[1]: Started Phosphor Dump Manager.
Sep 30 16:54:56 witherspoon phosphor-inventory[1012]: Encountered unsupported interface.
Sep 30 16:54:56 witherspoon systemd-networkd[1023]: Could not create runtime directory: File exists
Sep 30 16:54:56 witherspoon systemd-networkd[1023]: Could not create runtime directory 'links': File exists
Sep 30 16:54:56 witherspoon systemd-networkd[1023]: Could not create runtime directory 'leases': File exists
Sep 30 16:54:56 witherspoon systemd[1]: Started Phosphor Settings Daemon.
Sep 30 16:54:56 witherspoon phosphor-inventory[1012]: Encountered unsupported interface.
Sep 30 16:54:56 witherspoon phosphor-inventory[1012]: Encountered unsupported interface.
Sep 30 16:54:56 witherspoon phosphor-inventory[1012]: Encountered unsupported interface.
Sep 30 16:54:56 witherspoon phosphor-inventory[1012]: Encountered unsupported interface.
Sep 30 16:54:57 witherspoon phosphor-inventory[1012]: Encountered unsupported interface.
Sep 30 16:54:58 witherspoon phosphor-inventory[1012]: Encountered unsupported interface.
Sep 30 16:54:58 witherspoon phosphor-inventory[1012]: Encountered unsupported interface.
Sep 30 16:54:58 witherspoon phosphor-inventory[1012]: Encountered unsupported interface.
Sep 30 16:54:59 witherspoon phosphor-inventory[1012]: Encountered unsupported interface.
Sep 30 16:54:59 witherspoon systemd-networkd[1023]: Enumeration completed
Sep 30 16:54:59 witherspoon systemd[1]: Started Network Service.
Sep 30 16:54:59 witherspoon systemd[1]: Reached target Network.
Sep 30 16:54:59 witherspoon kernel: 8021q: adding VLAN 0 to HW filter on device eth0
Sep 30 16:54:59 witherspoon avahi-daemon[957]: Joining mDNS multicast group on interface eth0.IPv4 with address 9.3.86.161.
Sep 30 16:54:59 witherspoon systemd-networkd[1023]: eth0: IPv6 enabled for interface: Success
Sep 30 16:54:59 witherspoon avahi-daemon[957]: New relevant interface eth0.IPv4 for mDNS.
Sep 30 16:54:59 witherspoon systemd-networkd[1023]: eth0: Gained carrier
Sep 30 16:54:59 witherspoon avahi-daemon[957]: Registering new address record for 9.3.86.161 on eth0.IPv4.
Sep 30 16:54:59 witherspoon systemd[1]: Started Phosphor REST Server.
Sep 30 16:54:59 witherspoon kernel[969]: [   50.100000] 8021q: adding VLAN 0 to HW filter on device eth0
Sep 30 16:54:59 witherspoon systemd-timesyncd[952]: Network configuration changed, trying to establish connection.
Sep 30 16:54:59 witherspoon avahi-daemon[957]: Service name conflict for "phosphor_rest" (/services/phosphor_rest.service), retrying with "phosphor_rest #2".
Sep 30 16:54:59 witherspoon systemd[1]: Starting Permit User Sessions...
Sep 30 16:54:59 witherspoon avahi-daemon[957]: Service name conflict for "obmc_console" (/services/obmc_console.service), retrying with "obmc_console #2".
Sep 30 16:54:59 witherspoon systemd[1]: Starting The NGINX HTTP and reverse proxy server...
Sep 30 16:54:59 witherspoon avahi-daemon[957]: Service name conflict for "sftp" (/services/sftp.service), retrying with "sftp #2".
Sep 30 16:54:59 witherspoon phosphor-inventory[1012]: Encountered unsupported interface.
Sep 30 16:54:59 witherspoon avahi-daemon[957]: Host name conflict, retrying with witherspoon-2
Sep 30 16:54:59 witherspoon phosphor-inventory[1012]: Encountered unsupported interface.
Sep 30 16:54:59 witherspoon avahi-daemon[957]: Registering new address record for 9.3.86.161 on eth0.IPv4.
Sep 30 16:54:59 witherspoon phosphor-inventory[1012]: Encountered unsupported interface.
Sep 30 16:54:59 witherspoon phosphor-inventory[1012]: Encountered unsupported interface.
Sep 30 16:54:59 witherspoon phosphor-inventory[1012]: Encountered unsupported interface.
Sep 30 16:54:59 witherspoon phosphor-inventory[1012]: Encountered unsupported interface.
Sep 30 16:54:59 witherspoon phosphor-inventory[1012]: Encountered unsupported interface.
Sep 30 16:54:59 witherspoon systemd[1]: Started Lightweight SLP Server.
Sep 30 16:54:59 witherspoon systemd[1]: Started Permit User Sessions.
Sep 30 16:54:59 witherspoon systemd[1]: Started Serial Getty on ttyS4.
Sep 30 16:55:00 witherspoon systemd[1]: Reached target Login Prompts.
Sep 30 16:55:00 witherspoon phosphor-inventory[1012]: Encountered unsupported interface.
Sep 30 16:55:00 witherspoon phosphor-inventory[1012]: Encountered unsupported interface.
Sep 30 16:55:00 witherspoon phosphor-inventory[1012]: Encountered unsupported interface.
Sep 30 16:55:01 witherspoon avahi-daemon[957]: Server startup complete. Host name is witherspoon-2.local. Local service cookie is 1591099639.
Sep 30 16:55:02 witherspoon avahi-daemon[957]: Service "witherspoon-2" (/services/ssh.service) successfully established.
Sep 30 16:55:02 witherspoon avahi-daemon[957]: Service "sftp #2" (/services/sftp.service) successfully established.
Sep 30 16:55:02 witherspoon avahi-daemon[957]: Service "witherspoon-2" (/services/sftp-ssh.service) successfully established.
Sep 30 16:55:02 witherspoon avahi-daemon[957]: Service "phosphor_rest #2" (/services/phosphor_rest.service) successfully established.
Sep 30 16:55:02 witherspoon avahi-daemon[957]: Service "obmc_console #2" (/services/obmc_console.service) successfully established.
Sep 30 16:55:03 witherspoon avahi-daemon[957]: Joining mDNS multicast group on interface eth0.IPv6 with address fe80::72e2:84ff:fe14:23e1.
Sep 30 16:55:03 witherspoon systemd-networkd[1023]: eth0: Gained IPv6LL
Sep 30 16:55:03 witherspoon avahi-daemon[957]: New relevant interface eth0.IPv6 for mDNS.
Sep 30 16:55:03 witherspoon avahi-daemon[957]: Registering new address record for fe80::72e2:84ff:fe14:23e1 on eth0.*.
Sep 30 16:55:05 witherspoon systemd[1]: Started Phosphor BMC0 Control.
Sep 30 16:55:05 witherspoon kernel: ftgmac100 1e660000.ethernet eth0: ncsi: removed vlan tag 0 at index 1
Sep 30 16:55:05 witherspoon kernel: ftgmac100 1e660000.ethernet eth0: ncsi: removed vlan tag 0 at index 2
Sep 30 16:55:05 witherspoon kernel: ftgmac100 1e660000.ethernet eth0: no vlan ids left to set
Sep 30 16:55:05 witherspoon kernel[969]: [   56.600000] ftgmac100 1e660000.ethernet eth0: ncsi: removed vlan tag 0 at index 1
Sep 30 16:55:05 witherspoon kernel[969]: [   56.600000] ftgmac100 1e660000.ethernet eth0: ncsi: removed vlan tag 0 at index 2
Sep 30 16:55:05 witherspoon kernel[969]: [   56.600000] ftgmac100 1e660000.ethernet eth0: no vlan ids left to set
Sep 30 16:55:05 witherspoon kernel: ftgmac100 1e660000.ethernet eth0: NCSI interface up
Sep 30 16:55:05 witherspoon kernel[969]: [   56.700000] ftgmac100 1e660000.ethernet eth0: NCSI interface up
Sep 30 16:55:07 witherspoon avahi-daemon[957]: Service name conflict for "phosphor_rest" (/services/phosphor_rest.service), retrying with "phosphor_rest #3".
Sep 30 16:55:07 witherspoon avahi-daemon[957]: Service name conflict for "obmc_console" (/services/obmc_console.service), retrying with "obmc_console #3".
Sep 30 16:55:07 witherspoon kernel: block ubiblock0_0: created from ubi0:0(rofs-6909a47b)
Sep 30 16:55:07 witherspoon kernel[969]: [   58.760000] block ubiblock0_0: created from ubi0:0(rofs-6909a47b)
Sep 30 16:55:09 witherspoon avahi-daemon[957]: Service name conflict for "obmc_console" (/services/obmc_console.service), retrying with "obmc_console #4".
Sep 30 16:55:09 witherspoon avahi-daemon[957]: Service name conflict for "phosphor_rest" (/services/phosphor_rest.service), retrying with "phosphor_rest #4".
Sep 30 16:55:09 witherspoon avahi-daemon[957]: Service name conflict for "phosphor_rest" (/services/phosphor_rest.service), retrying with "phosphor_rest #5".
Sep 30 16:55:09 witherspoon avahi-daemon[957]: Service name conflict for "obmc_console" (/services/obmc_console.service), retrying with "obmc_console #5".
Sep 30 16:55:10 witherspoon avahi-daemon[957]: Service name conflict for "obmc_console" (/services/obmc_console.service), retrying with "obmc_console #6".
Sep 30 16:55:10 witherspoon kernel: block ubiblock8_1: created from ubi8:1(pnor-ro-8764baa3)
Sep 30 16:55:10 witherspoon kernel[969]: [   61.660000] block ubiblock8_1: created from ubi8:1(pnor-ro-8764baa3)
Sep 30 16:55:11 witherspoon avahi-daemon[957]: Service "phosphor_rest #5" (/services/phosphor_rest.service) successfully established.
Sep 30 16:55:11 witherspoon avahi-daemon[957]: Service name conflict for "obmc_console" (/services/obmc_console.service), retrying with "obmc_console #7".
Sep 30 16:55:11 witherspoon nginx[1069]: nginx: the configuration file /etc/nginx/nginx.conf syntax is ok
Sep 30 16:55:11 witherspoon nginx[1069]: nginx: [emerg] mkdir() "/usr/client_body_temp" failed (30: Read-only file system)
Sep 30 16:55:11 witherspoon nginx[1069]: nginx: configuration file /etc/nginx/nginx.conf test failed
Sep 30 16:55:11 witherspoon systemd[1]: nginx.service: Control process exited, code=exited status=1
Sep 30 16:55:11 witherspoon systemd[1]: Failed to start The NGINX HTTP and reverse proxy server.
Sep 30 16:55:11 witherspoon systemd[1]: nginx.service: Unit entered failed state.
Sep 30 16:55:11 witherspoon systemd[1]: nginx.service: Failed with result 'exit-code'.
Sep 30 16:55:12 witherspoon systemd[1]: Created slice system-dropbear.slice.
Sep 30 16:55:12 witherspoon systemd[1]: Started SSH Per-Connection Server (9.41.165.94:56486).
Sep 30 16:55:12 witherspoon kernel: ubi: ubi4 already exists
Sep 30 16:55:12 witherspoon kernel: UBIFS (ubi8:2): UBIFS: mounted UBI device 8, volume 2, name "pnor-prsv"
Sep 30 16:55:12 witherspoon kernel: UBIFS (ubi8:2): LEB size: 65408 bytes (63 KiB), min./max. I/O unit sizes: 8 bytes/256 bytes
Sep 30 16:55:12 witherspoon kernel: UBIFS (ubi8:2): FS size: 1504384 bytes (1 MiB, 23 LEBs), journal size 523265 bytes (0 MiB, 6 LEBs)
Sep 30 16:55:12 witherspoon kernel: UBIFS (ubi8:2): reserved for root: 71055 bytes (69 KiB)
Sep 30 16:55:12 witherspoon kernel: UBIFS (ubi8:2): media format: w5/r0 (latest is w5/r0), UUID 36B3B1E1-197C-4042-A5BB-1F5E6D63DF0B, small LPT model
Sep 30 16:55:12 witherspoon kernel[969]: [   62.990000] ubi: ubi4 already exists
Sep 30 16:55:12 witherspoon kernel[969]: [   63.520000] UBIFS (ubi8:2): UBIFS: mounted UBI device 8, volume 2, name "pnor-prsv"
Sep 30 16:55:12 witherspoon kernel[969]: [   63.520000] UBIFS (ubi8:2): LEB size: 65408 bytes (63 KiB), min./max. I/O unit sizes: 8 bytes/256 bytes
Sep 30 16:55:12 witherspoon kernel[969]: [   63.520000] UBIFS (ubi8:2): FS size: 1504384 bytes (1 MiB, 23 LEBs), journal size 523265 bytes (0 MiB, 6 LEBs)
Sep 30 16:55:12 witherspoon kernel[969]: [   63.520000] UBIFS (ubi8:2): reserved for root: 71055 bytes (69 KiB)
Sep 30 16:55:12 witherspoon kernel[969]: [   63.520000] UBIFS (ubi8:2): media format: w5/r0 (latest is w5/r0), UUID 36B3B1E1-197C-4042-A5BB-1F5E6D63DF0B, small LPT model
Sep 30 16:55:12 witherspoon avahi-daemon[957]: Service name conflict for "obmc_console" (/services/obmc_console.service), retrying with "obmc_console #8".
Sep 30 16:55:12 witherspoon kernel: UBIFS (ubi8:2): background thread "ubifs_bgt8_2" started, PID 1116
Sep 30 16:55:12 witherspoon kernel[969]: [   63.720000] UBIFS (ubi8:2): background thread "ubifs_bgt8_2" started, PID 1116
Sep 30 16:55:13 witherspoon avahi-daemon[957]: Service name conflict for "obmc_console" (/services/obmc_console.service), retrying with "obmc_console #9".
Sep 30 16:55:14 witherspoon dropbear[1107]: Failed loading /var/lib/dropbear/dropbear_rsa_host_key
Sep 30 16:55:14 witherspoon dropbear[1107]: Failed loading /etc/dropbear/dropbear_dss_host_key
Sep 30 16:55:14 witherspoon dropbear[1107]: Failed loading /etc/dropbear/dropbear_ecdsa_host_key
Sep 30 16:55:14 witherspoon avahi-daemon[957]: Service name conflict for "obmc_console" (/services/obmc_console.service), retrying with "obmc_console #10".
Sep 30 16:55:14 witherspoon dropbear[1107]: Child connection from ::ffff:9.41.165.94:56486
Sep 30 16:55:15 witherspoon kernel: UBIFS (ubi8:4): UBIFS: mounted UBI device 8, volume 4, name "pnor-rw-8764baa3"
Sep 30 16:55:15 witherspoon kernel: UBIFS (ubi8:4): LEB size: 65408 bytes (63 KiB), min./max. I/O unit sizes: 8 bytes/256 bytes
Sep 30 16:55:15 witherspoon kernel: UBIFS (ubi8:4): FS size: 16155776 bytes (15 MiB, 247 LEBs), journal size 784896 bytes (0 MiB, 12 LEBs)
Sep 30 16:55:15 witherspoon kernel: UBIFS (ubi8:4): reserved for root: 763076 bytes (745 KiB)
Sep 30 16:55:15 witherspoon kernel: UBIFS (ubi8:4): media format: w5/r0 (latest is w5/r0), UUID F587F7F2-1BEE-4E77-9577-250237C0F0BC, small LPT model
Sep 30 16:55:15 witherspoon kernel[969]: [   66.490000] UBIFS (ubi8:4): UBIFS: mounted UBI device 8, volume 4, name "pnor-rw-8764baa3"
Sep 30 16:55:15 witherspoon kernel[969]: [   66.490000] UBIFS (ubi8:4): LEB size: 65408 bytes (63 KiB), min./max. I/O unit sizes: 8 bytes/256 bytes
Sep 30 16:55:15 witherspoon kernel[969]: [   66.490000] UBIFS (ubi8:4): FS size: 16155776 bytes (15 MiB, 247 LEBs), journal size 784896 bytes (0 MiB, 12 LEBs)
Sep 30 16:55:15 witherspoon kernel[969]: [   66.490000] UBIFS (ubi8:4): reserved for root: 763076 bytes (745 KiB)
Sep 30 16:55:15 witherspoon kernel[969]: [   66.540000] UBIFS (ubi8:4): media format: w5/r0 (latest is w5/r0), UUID F587F7F2-1BEE-4E77-9577-250237C0F0BC, small LPT model
Sep 30 16:55:15 witherspoon kernel: UBIFS (ubi8:4): background thread "ubifs_bgt8_4" started, PID 1144
Sep 30 16:55:15 witherspoon kernel[969]: [   66.600000] UBIFS (ubi8:4): background thread "ubifs_bgt8_4" started, PID 1144
Sep 30 16:55:15 witherspoon avahi-daemon[957]: Service name conflict for "obmc_console" (/services/obmc_console.service), retrying with "obmc_console #11".
Sep 30 16:55:16 witherspoon systemd-networkd[1023]: eth0: Configured
Sep 30 16:55:16 witherspoon systemd-timesyncd[952]: Network configuration changed, trying to establish connection.
Sep 30 16:55:16 witherspoon systemd[1]: Started Remount the ubi volume after a reboot.
Sep 30 16:55:16 witherspoon avahi-daemon[957]: Service name conflict for "obmc_console" (/services/obmc_console.service), retrying with "obmc_console #12".
Sep 30 16:55:17 witherspoon avahi-daemon[957]: Service name conflict for "obmc_console" (/services/obmc_console.service), retrying with "obmc_console #13".
Sep 30 16:55:17 witherspoon kernel: UBIFS (ubi8:5): UBIFS: mounted UBI device 8, volume 5, name "pnor-rw-7a9ef57c"
Sep 30 16:55:17 witherspoon kernel: UBIFS (ubi8:5): LEB size: 65408 bytes (63 KiB), min./max. I/O unit sizes: 8 bytes/256 bytes
Sep 30 16:55:17 witherspoon kernel: UBIFS (ubi8:5): FS size: 16155776 bytes (15 MiB, 247 LEBs), journal size 784896 bytes (0 MiB, 12 LEBs)
Sep 30 16:55:17 witherspoon kernel: UBIFS (ubi8:5): reserved for root: 763076 bytes (745 KiB)
Sep 30 16:55:17 witherspoon kernel: UBIFS (ubi8:5): media format: w5/r0 (latest is w5/r0), UUID 904AA0DA-EE42-403C-B44D-8FB80359592C, small LPT model
Sep 30 16:55:17 witherspoon kernel[969]: [   68.640000] UBIFS (ubi8:5): UBIFS: mounted UBI device 8, volume 5, name "pnor-rw-7a9ef57c"
Sep 30 16:55:17 witherspoon kernel[969]: [   68.640000] UBIFS (ubi8:5): LEB size: 65408 bytes (63 KiB), min./max. I/O unit sizes: 8 bytes/256 bytes
Sep 30 16:55:17 witherspoon kernel[969]: [   68.640000] UBIFS (ubi8:5): FS size: 16155776 bytes (15 MiB, 247 LEBs), journal size 784896 bytes (0 MiB, 12 LEBs)
Sep 30 16:55:17 witherspoon kernel[969]: [   68.640000] UBIFS (ubi8:5): reserved for root: 763076 bytes (745 KiB)
Sep 30 16:55:17 witherspoon kernel[969]: [   68.640000] UBIFS (ubi8:5): media format: w5/r0 (latest is w5/r0), UUID 904AA0DA-EE42-403C-B44D-8FB80359592C, small LPT model
Sep 30 16:55:17 witherspoon kernel: UBIFS (ubi8:5): background thread "ubifs_bgt8_5" started, PID 1157
Sep 30 16:55:17 witherspoon kernel[969]: [   68.800000] UBIFS (ubi8:5): background thread "ubifs_bgt8_5" started, PID 1157
Sep 30 16:55:18 witherspoon avahi-daemon[957]: Service name conflict for "obmc_console" (/services/obmc_console.service), retrying with "obmc_console #14".
Sep 30 16:55:19 witherspoon systemd[1]: Started Remount the squashfs and ubi volumes after a reboot.
Sep 30 16:55:19 witherspoon systemd[1]: Reached target Multi-User System.
Sep 30 16:55:19 witherspoon avahi-daemon[957]: Service name conflict for "obmc_console" (/services/obmc_console.service), retrying with "obmc_console #15".
Sep 30 16:55:19 witherspoon dropbear[1107]: PAM password auth succeeded for 'root' from ::ffff:9.41.165.94:56486
Sep 30 16:55:20 witherspoon systemd[1]: Started Phosphor Download Manager.
Sep 30 16:55:20 witherspoon download_manager.py[1009]: Running Download Manager
Sep 30 16:55:21 witherspoon avahi-daemon[957]: Service "obmc_console #15" (/services/obmc_console.service) successfully established.
Sep 30 16:55:22 witherspoon systemd[1]: Started Phosphor Chassis0 Control.
Sep 30 16:55:22 witherspoon chassis_control.py[1018]: Running ChassisControlService
Sep 30 16:55:22 witherspoon sensor_manager2.py[963]: Setting boot count to 3
Sep 30 16:55:22 witherspoon systemd[1]: Started Phosphor Sensor Manager.
Sep 30 16:55:22 witherspoon sensor_manager2.py[963]: Starting sensor manager
Sep 30 16:55:23 witherspoon inventory_items.py[1011]: Loading from cache: /var/cache/obmc/org.openbmc.inventory.system.chassis.motherboard.bmc@org.openbmc.InventoryItem.props
Sep 30 16:55:23 witherspoon inventory_items.py[1011]: Caching: /org/openbmc/inventory/system/chassis/motherboard/bmc
Sep 30 16:55:24 witherspoon systemd[1]: Started Phosphor Inventory Manager.
Sep 30 16:55:24 witherspoon inventory_items.py[1011]: Running Inventory Manager
Sep 30 16:55:25 witherspoon systemd[1]: Started Phosphor Network Manager.
Sep 30 16:55:25 witherspoon netman.py[1025]: Started
Sep 30 16:55:25 witherspoon obmc-phosphor-userd[967]: Started
Sep 30 16:55:25 witherspoon systemd[1]: Started Phosphor User Manager.
Sep 30 16:55:25 witherspoon phosphor-mapper[1014]: ObjectMapper startup complete.  Discovery in progress...
Sep 30 16:55:25 witherspoon avahi-daemon[985]: ../../avahi-0.6.32/avahi-daemon/chroot.c: open() failed: No such file or directory
Sep 30 16:55:25 witherspoon avahi-daemon[957]: Failed to open /usr/share/dbus-1/interfaces/org.freedesktop.Avahi.Server.xml: Invalid argument
Sep 30 16:55:25 witherspoon avahi-daemon[957]: Failed to load introspection data.
Sep 30 16:55:29 witherspoon phosphor-gevent[1063]: Traceback (most recent call last):
Sep 30 16:55:29 witherspoon phosphor-gevent[1063]:   File "/usr/sbin/phosphor-gevent", line 32, in <module>
Sep 30 16:55:29 witherspoon phosphor-gevent[1063]:     app = App()
Sep 30 16:55:29 witherspoon phosphor-gevent[1063]:   File "/usr/lib/python2.7/site-packages/obmc/wsgi/apps/rest_dbus.py", line 1052, in __init__
Sep 30 16:55:29 witherspoon phosphor-gevent[1063]:     self.mapper = obmc.mapper.Mapper(self.bus)
Sep 30 16:55:29 witherspoon phosphor-gevent[1063]:   File "/usr/lib/python2.7/site-packages/obmc/mapper/bindings.py", line 31, in __init__
Sep 30 16:55:30 witherspoon phosphor-gevent[1063]:     obj = bus.get_object(MAPPER_NAME, MAPPER_PATH, introspect=False)
Sep 30 16:55:30 witherspoon phosphor-gevent[1063]:   File "/usr/lib/python2.7/site-packages/dbus/bus.py", line 241, in get_object
Sep 30 16:55:30 witherspoon phosphor-gevent[1063]:     follow_name_owner_changes=follow_name_owner_changes)
Sep 30 16:55:30 witherspoon phosphor-gevent[1063]:   File "/usr/lib/python2.7/site-packages/dbus/proxies.py", line 248, in __init__
Sep 30 16:55:30 witherspoon phosphor-gevent[1063]:     self._named_service = conn.activate_name_owner(bus_name)
Sep 30 16:55:30 witherspoon phosphor-gevent[1063]:   File "/usr/lib/python2.7/site-packages/dbus/bus.py", line 180, in activate_name_owner
Sep 30 16:55:30 witherspoon phosphor-gevent[1063]:     self.start_service_by_name(bus_name)
Sep 30 16:55:30 witherspoon phosphor-gevent[1063]:   File "/usr/lib/python2.7/site-packages/dbus/bus.py", line 278, in start_service_by_name
Sep 30 16:55:30 witherspoon phosphor-gevent[1063]:     'su', (bus_name, flags)))
Sep 30 16:55:30 witherspoon phosphor-gevent[1063]:   File "/usr/lib/python2.7/site-packages/dbus/connection.py", line 651, in call_blocking
Sep 30 16:55:30 witherspoon phosphor-gevent[1063]:     message, timeout)
Sep 30 16:55:30 witherspoon phosphor-gevent[1063]: dbus.exceptions.DBusException: org.freedesktop.DBus.Error.ServiceUnknown: The name xyz.openbmc_project.ObjectMapper was not provided by any .service files
Sep 30 16:55:30 witherspoon systemd[1]: phosphor-gevent.service: Main process exited, code=exited, status=1/FAILURE
Sep 30 16:55:30 witherspoon systemd[1]: phosphor-gevent.service: Unit entered failed state.
Sep 30 16:55:30 witherspoon systemd[1]: phosphor-gevent.service: Failed with result 'exit-code'.
Sep 30 16:55:30 witherspoon systemd[1]: phosphor-gevent.service: Service hold-off time over, scheduling restart.
Sep 30 16:55:30 witherspoon systemd[1]: Stopped Phosphor REST Server.
Sep 30 16:55:30 witherspoon systemd[1]: Started Phosphor REST Server.
Sep 30 16:55:39 witherspoon phosphor-gevent[1166]: Traceback (most recent call last):
Sep 30 16:55:39 witherspoon phosphor-gevent[1166]:   File "/usr/sbin/phosphor-gevent", line 32, in <module>
Sep 30 16:55:39 witherspoon phosphor-gevent[1166]:     app = App()
Sep 30 16:55:39 witherspoon phosphor-gevent[1166]:   File "/usr/lib/python2.7/site-packages/obmc/wsgi/apps/rest_dbus.py", line 1052, in __init__
Sep 30 16:55:39 witherspoon phosphor-gevent[1166]:     self.mapper = obmc.mapper.Mapper(self.bus)
Sep 30 16:55:39 witherspoon phosphor-gevent[1166]:   File "/usr/lib/python2.7/site-packages/obmc/mapper/bindings.py", line 31, in __init__
Sep 30 16:55:39 witherspoon phosphor-gevent[1166]:     obj = bus.get_object(MAPPER_NAME, MAPPER_PATH, introspect=False)
Sep 30 16:55:39 witherspoon phosphor-gevent[1166]:   File "/usr/lib/python2.7/site-packages/dbus/bus.py", line 241, in get_object
Sep 30 16:55:39 witherspoon phosphor-gevent[1166]:     follow_name_owner_changes=follow_name_owner_changes)
Sep 30 16:55:39 witherspoon phosphor-gevent[1166]:   File "/usr/lib/python2.7/site-packages/dbus/proxies.py", line 248, in __init__
Sep 30 16:55:39 witherspoon phosphor-gevent[1166]:     self._named_service = conn.activate_name_owner(bus_name)
Sep 30 16:55:39 witherspoon phosphor-gevent[1166]:   File "/usr/lib/python2.7/site-packages/dbus/bus.py", line 180, in activate_name_owner
Sep 30 16:55:39 witherspoon phosphor-gevent[1166]:     self.start_service_by_name(bus_name)
Sep 30 16:55:39 witherspoon phosphor-gevent[1166]:   File "/usr/lib/python2.7/site-packages/dbus/bus.py", line 278, in start_service_by_name
Sep 30 16:55:39 witherspoon phosphor-gevent[1166]:     'su', (bus_name, flags)))
Sep 30 16:55:39 witherspoon phosphor-gevent[1166]:   File "/usr/lib/python2.7/site-packages/dbus/connection.py", line 651, in call_blocking
Sep 30 16:55:39 witherspoon phosphor-gevent[1166]:     message, timeout)
Sep 30 16:55:39 witherspoon phosphor-gevent[1166]: dbus.exceptions.DBusException: org.freedesktop.DBus.Error.ServiceUnknown: The name xyz.openbmc_project.ObjectMapper was not provided by any .service files
Sep 30 16:55:39 witherspoon systemd[1]: phosphor-gevent.service: Main process exited, code=exited, status=1/FAILURE
Sep 30 16:55:39 witherspoon systemd[1]: phosphor-gevent.service: Unit entered failed state.
Sep 30 16:55:39 witherspoon systemd[1]: phosphor-gevent.service: Failed with result 'exit-code'.
Sep 30 16:55:39 witherspoon systemd[1]: phosphor-gevent.service: Service hold-off time over, scheduling restart.
Sep 30 16:55:39 witherspoon systemd[1]: Stopped Phosphor REST Server.
Sep 30 16:55:39 witherspoon systemd[1]: Started Phosphor REST Server.
Sep 30 16:55:45 witherspoon phosphor-mapper[1014]: ObjectMapper discovery complete
Sep 30 16:55:45 witherspoon systemd[1]: Started Phosphor DBus Service Discovery Manager.
Sep 30 16:55:45 witherspoon systemd[1]: Started Phosphor Hwmon Poller.
Sep 30 16:55:45 witherspoon systemd[1]: Started Phosphor Hwmon Poller.
Sep 30 16:55:45 witherspoon systemd[1]: Started Phosphor Hwmon Poller.
Sep 30 16:55:45 witherspoon systemd[1]: Started Phosphor Hwmon Poller.
Sep 30 16:55:45 witherspoon systemd[1]: Started Phosphor Hwmon Poller.
Sep 30 16:55:45 witherspoon systemd[1]: Reached target Phosphor Object Mapper.
Sep 30 16:55:45 witherspoon systemd[1]: Starting Wait for /xyz/openbmc_project/state/chassis0...
Sep 30 16:55:45 witherspoon systemd[1]: Reached target Webserver (pre).
Sep 30 16:55:46 witherspoon systemd[1]: Starting OpenBMC Software Update Manager...
Sep 30 16:55:46 witherspoon systemd[1]: Starting Wait for /org/openbmc/control/power0...
Sep 30 16:55:46 witherspoon systemd[1]: Starting Wait for /xyz/openbmc_project/control/host0...
Sep 30 16:55:46 witherspoon systemd[1]: Starting Wait for /xyz/openbmc_project/control/host0/restriction_mode...
Sep 30 16:55:46 witherspoon systemd[1]: Starting Wait for /org/openbmc/NetworkManager/Interface...
Sep 30 16:55:46 witherspoon systemd[1]: Starting Wait for /xyz/openbmc_project/time/owner...
Sep 30 16:55:46 witherspoon systemd[1]: Starting Wait for /org/openbmc/managers/Download...
Sep 30 16:55:46 witherspoon systemd[1]: Started Phosphor DBus Monitor.
Sep 30 16:55:46 witherspoon systemd[1]: Starting Wait for /xyz/openbmc_project/control/host0/auto_reboot...
Sep 30 16:55:46 witherspoon systemd[1]: Starting Phosphor Settings Manager...
Sep 30 16:55:46 witherspoon systemd[1]: Starting Wait for /xyz/openbmc_project/led/groups...
Sep 30 16:55:46 witherspoon systemd[1]: Starting Wait for /xyz/openbmc_project/time/sync_method...
Sep 30 16:55:46 witherspoon systemd[1]: Starting Wait for /xyz/openbmc_project/control/host0/boot/one_time...
Sep 30 16:55:46 witherspoon systemd[1]: Starting Wait for /xyz/openbmc_project/control/host0/boot...
Sep 30 16:55:46 witherspoon systemd[1]: Starting Wait for /xyz/openbmc_project/led/groups/bmc_booted...
Sep 30 16:55:46 witherspoon systemd[1]: Starting Phoshpor System Manager...
Sep 30 16:55:46 witherspoon systemd[1]: Starting Wait for /xyz/openbmc_project/state/host0...
Sep 30 16:55:46 witherspoon systemd[1]: Starting Wait for /org/openbmc/control/bmc0...
Sep 30 16:55:46 witherspoon systemd[1]: Starting Phosphor Network Manager...
Sep 30 16:55:46 witherspoon systemd[1]: Starting Wait for /org/openbmc/managers/System...
Sep 30 16:55:46 witherspoon systemd[1]: Starting Wait for /xyz/openbmc_project/inventory...
Sep 30 16:55:46 witherspoon systemd[1]: Starting OpenPower Software Update Manager...
Sep 30 16:55:46 witherspoon systemd[1]: Starting Wait for /xyz/openbmc_project/control/host0/power_restore_policy...
Sep 30 16:55:46 witherspoon systemd[1]: Started Phosphor Hwmon Poller.
Sep 30 16:55:46 witherspoon systemd[1]: Started Phosphor Hwmon Poller.
Sep 30 16:55:46 witherspoon systemd[1]: Started Phosphor Hwmon Poller.
Sep 30 16:55:46 witherspoon systemd[1]: Started Wait for /xyz/openbmc_project/inventory.
Sep 30 16:55:46 witherspoon systemd[1]: Starting Phosphor MAX31785 MSL...
Sep 30 16:55:46 witherspoon systemd[1]: Starting OpenPOWER OCC controller...
Sep 30 16:55:46 witherspoon systemd[1]: Started Phosphor Cooling Type.
Sep 30 16:55:46 witherspoon systemd[1]: Started Phosphor GPIO 0 Presence.
Sep 30 16:55:46 witherspoon systemd[1]: Starting Read OpenPOWER-format VPD from EEPROM...
Sep 30 16:55:46 witherspoon systemd[1]: Started Phosphor GPIO 1 Presence.
Sep 30 16:55:48 witherspoon systemd[1]: Started Wait for /org/openbmc/NetworkManager/Interface.
Sep 30 16:55:48 witherspoon systemd[1]: Started Phosphor DNS Settings Cache Manager.
Sep 30 16:55:48 witherspoon systemd[1]: Started Wait for /xyz/openbmc_project/control/host0/power_restore_policy.
Sep 30 16:55:49 witherspoon phosphor-gpio-presence[1204]: Updating inventory present property
Sep 30 16:55:49 witherspoon systemd[1]: Started Wait for /xyz/openbmc_project/time/owner.
Sep 30 16:55:49 witherspoon phosphor-gpio-presence[1206]: Updating inventory present property
Sep 30 16:55:49 witherspoon systemd[1]: Started Wait for /org/openbmc/managers/Download.
Sep 30 16:55:49 witherspoon systemd[1]: Started Wait for /xyz/openbmc_project/control/host0/boot/one_time.
Sep 30 16:55:50 witherspoon systemd[1]: Started Wait for /xyz/openbmc_project/control/host0/restriction_mode.
Sep 30 16:55:50 witherspoon systemd[1]: Started Wait for /xyz/openbmc_project/control/host0/auto_reboot.
Sep 30 16:55:50 witherspoon systemd[1]: Started Wait for /xyz/openbmc_project/time/sync_method.
Sep 30 16:55:50 witherspoon systemd[1]: Started Wait for /xyz/openbmc_project/control/host0/boot.
Sep 30 16:55:51 witherspoon systemd[1]: Started Wait for /xyz/openbmc_project/led/groups.
Sep 30 16:55:51 witherspoon systemd[1]: Started FRU Fault monitor service.
Sep 30 16:55:51 witherspoon systemd[1]: Started Wait for /xyz/openbmc_project/led/groups/bmc_booted.
Sep 30 16:55:51 witherspoon systemd[1]: Started Wait for /org/openbmc/control/bmc0.
Sep 30 16:55:51 witherspoon systemd[1]: Starting Phosphor BMC Code Update...
Sep 30 16:55:58 witherspoon phosphor-network-manager[1193]: ConfigParser: Key not found
Sep 30 16:55:58 witherspoon phosphor-network-manager[1193]: The operation failed internally.
Sep 30 16:55:58 witherspoon phosphor-network-manager[1193]: Exception occured during getting of DHCP value
Sep 30 16:55:58 witherspoon systemd[1]: Started Phosphor Network Manager.
Sep 30 16:55:59 witherspoon dbus[975]: [system] Activating via systemd: service name='org.freedesktop.hostname1' unit='dbus-org.freedesktop.hostname1.service'
Sep 30 16:55:59 witherspoon systemd[1]: Starting Hostname Service...
Sep 30 16:56:00 witherspoon systemd[1]: Started OpenPower Software Update Manager.
Sep 30 16:56:00 witherspoon dbus[975]: [system] Successfully activated service 'org.freedesktop.hostname1'
Sep 30 16:56:00 witherspoon systemd[1]: Starting Create a ubi volume for pnor patches...
Sep 30 16:56:00 witherspoon systemd[1]: Started Phosphor MBOX Daemon.
Sep 30 16:56:00 witherspoon systemd[1]: Started OpenPOWER OCC controller.
Sep 30 16:56:00 witherspoon systemd[1]: Started Hostname Service.
Sep 30 16:56:01 witherspoon systemd[1]: Started Phosphor MAX31785 MSL.
Sep 30 16:56:02 witherspoon kernel: UBIFS (ubi8:3): UBIFS: mounted UBI device 8, volume 3, name "pnor-patch"
Sep 30 16:56:02 witherspoon kernel: UBIFS (ubi8:3): LEB size: 65408 bytes (63 KiB), min./max. I/O unit sizes: 8 bytes/256 bytes
Sep 30 16:56:02 witherspoon kernel: UBIFS (ubi8:3): FS size: 16155776 bytes (15 MiB, 247 LEBs), journal size 784896 bytes (0 MiB, 12 LEBs)
Sep 30 16:56:02 witherspoon kernel: UBIFS (ubi8:3): reserved for root: 763076 bytes (745 KiB)
Sep 30 16:56:02 witherspoon kernel: UBIFS (ubi8:3): media format: w5/r0 (latest is w5/r0), UUID 4D589EF4-9175-4F76-B384-1965B1D7B962, small LPT model
Sep 30 16:56:02 witherspoon kernel[969]: [  113.510000] UBIFS (ubi8:3): UBIFS: mounted UBI device 8, volume 3, name "pnor-patch"
Sep 30 16:56:02 witherspoon kernel[969]: [  113.510000] UBIFS (ubi8:3): LEB size: 65408 bytes (63 KiB), min./max. I/O unit sizes: 8 bytes/256 bytes
Sep 30 16:56:02 witherspoon kernel[969]: [  113.510000] UBIFS (ubi8:3): FS size: 16155776 bytes (15 MiB, 247 LEBs), journal size 784896 bytes (0 MiB, 12 LEBs)
Sep 30 16:56:02 witherspoon kernel[969]: [  113.510000] UBIFS (ubi8:3): reserved for root: 763076 bytes (745 KiB)
Sep 30 16:56:02 witherspoon kernel[969]: [  113.510000] UBIFS (ubi8:3): media format: w5/r0 (latest is w5/r0), UUID 4D589EF4-9175-4F76-B384-1965B1D7B962, small LPT model
Sep 30 16:56:02 witherspoon kernel: UBIFS (ubi8:3): background thread "ubifs_bgt8_3" started, PID 1250
Sep 30 16:56:02 witherspoon kernel[969]: [  113.610000] UBIFS (ubi8:3): background thread "ubifs_bgt8_3" started, PID 1250
Sep 30 16:56:03 witherspoon systemd[1]: Started Create a ubi volume for pnor patches.
Sep 30 16:56:05 witherspoon phosphor-fru-fault-monitor[1220]: Failed to get response from the method.
Sep 30 16:56:06 witherspoon system_manager.py[1190]: Running System State: BASE_APPS
Sep 30 16:56:06 witherspoon system_manager.py[1190]: SystemManager Init Done
Sep 30 16:56:06 witherspoon system_manager.py[1190]: Running SystemManager
Sep 30 16:56:06 witherspoon systemd[1]: Started Phoshpor System Manager.
Sep 30 16:56:07 witherspoon systemd[1]: Started Read OpenPOWER-format VPD from EEPROM.
Sep 30 16:56:07 witherspoon systemd[1]: Created slice system-obmc\x2dflash\x2dbmc\x2dsetenv.slice.
Sep 30 16:56:07 witherspoon systemd[1]: Starting Set U-Boot environment variable...
Sep 30 16:56:08 witherspoon bmc_update.py[1221]: Running Bmc Flash Control
Sep 30 16:56:08 witherspoon systemd[1]: Started Phosphor BMC Code Update.
Sep 30 16:56:09 witherspoon systemd[1]: Started OpenBMC Software Update Manager.
Sep 30 16:56:09 witherspoon systemd[1]: Starting Phosphor Version Software Manager...
Sep 30 16:56:09 witherspoon systemd[1]: Starting Set U-Boot environment variable...
Sep 30 16:56:10 witherspoon systemd[1]: Started Set U-Boot environment variable.
Sep 30 16:56:10 witherspoon systemd[1]: Started Phosphor Version Software Manager.
Sep 30 16:56:10 witherspoon systemd[1]: Started Set U-Boot environment variable.
Sep 30 16:56:11 witherspoon settings_manager.py[1184]: Running HostSettingsService
Sep 30 16:56:11 witherspoon systemd[1]: Started Phosphor Settings Manager.
Sep 30 16:56:11 witherspoon systemd[1]: Starting Wait for /org/openbmc/settings/host0...
Sep 30 16:56:11 witherspoon dbus[975]: [system] Activating via systemd: service name='org.freedesktop.journal1' unit='dbus-org.freedesktop.journal1.service'
Sep 30 16:56:12 witherspoon systemd[1]: Starting Journal Dbus Service...
Sep 30 16:56:12 witherspoon system_manager.py[1190]: SystemManager Goto System State: BMC_STARTING
Sep 30 16:56:12 witherspoon system_manager.py[1190]: Running System State: BMC_STARTING
Sep 30 16:56:12 witherspoon dbus[975]: [system] Successfully activated service 'org.freedesktop.journal1'
Sep 30 16:56:12 witherspoon systemd[1]: Started Journal Dbus Service.
Sep 30 16:56:12 witherspoon phosphor-fru-fault-monitor[1220]: /xyz/openbmc_project/logging/entry/1
Sep 30 16:56:22 witherspoon systemd[1]: Started Wait for /org/openbmc/managers/System.
Sep 30 16:56:22 witherspoon systemd[1]: Starting Phosphor Reset Button0...
Sep 30 16:56:22 witherspoon systemd[1]: Starting Phosphor Power Button0...
Sep 30 16:56:22 witherspoon systemd[1]: Starting Phosphor BMC State Manager...
Sep 30 16:56:22 witherspoon systemd[1]: Starting Phosphor Chassis State Manager...
Sep 30 16:56:22 witherspoon systemd[1]: Starting Phosphor Power0 Control...
Sep 30 16:56:22 witherspoon phosphor-chassis-state-manager[1272]: Initial Chassis State will be Off
Sep 30 16:56:22 witherspoon systemd[1]: Started Phosphor Chassis State Manager.
Sep 30 16:56:22 witherspoon phosphor-bmc-state-manager[1271]: Setting the BMCState field
Sep 30 16:56:22 witherspoon phosphor-bmc-state-manager[1271]: Setting the BMCState field
Sep 30 16:56:22 witherspoon systemd[1]: Started Phosphor BMC State Manager.
Sep 30 16:56:23 witherspoon button_reset.exe[1269]: GPIO Lookup:  RESET_BUTTON = 353,both
Sep 30 16:56:23 witherspoon systemd[1]: Started Phosphor Reset Button0.
Sep 30 16:56:23 witherspoon button_power.exe[1270]: GPIO Lookup:  POWER_BUTTON = 347,both
Sep 30 16:56:23 witherspoon systemd[1]: Started Phosphor Power Button0.
Sep 30 16:56:23 witherspoon system_manager.py[1190]: New object: /org/openbmc/control/power0 (:1.92)
Sep 30 16:56:23 witherspoon system_manager.py[1190]: Power GPIO config: ['SYS_PWROK_BUFF', '', [('SOFTWARE_PGOOD', True), ('BMC_POWER_UP', True)], [('BMC_CP0_RESET_N', False)], [], 'FSI_DATA', 'FSI_CLK', 'FSI_ENABLE', 'CRONUS_SEL', []]
Sep 30 16:56:23 witherspoon power_control.exe[1273]: Power GPIO latch output:
Sep 30 16:56:23 witherspoon power_control.exe[1273]: Power GPIO power good input: SYS_PWROK_BUFF
Sep 30 16:56:23 witherspoon power_control.exe[1273]: Power GPIO 2 power_up outputs
Sep 30 16:56:23 witherspoon power_control.exe[1273]: Power GPIO power_up[0] = SOFTWARE_PGOOD active HIGH
Sep 30 16:56:23 witherspoon power_control.exe[1273]: Power GPIO power_up[1] = BMC_POWER_UP active HIGH
Sep 30 16:56:23 witherspoon power_control.exe[1273]: Power GPIO 1 reset outputs
Sep 30 16:56:23 witherspoon power_control.exe[1273]: Power GPIO reset[0] = BMC_CP0_RESET_N active LOW
Sep 30 16:56:23 witherspoon power_control.exe[1273]: Power GPIO 0 pci reset outputs
Sep 30 16:56:23 witherspoon power_control.exe[1273]: FSI DATA GPIO: FSI_DATA
Sep 30 16:56:23 witherspoon power_control.exe[1273]: FSI CLK GPIO: FSI_CLK
Sep 30 16:56:23 witherspoon power_control.exe[1273]: FSI ENABLE GPIO: FSI_ENABLE
Sep 30 16:56:23 witherspoon power_control.exe[1273]: CRONUS SEL GPIO: CRONUS_SEL
Sep 30 16:56:24 witherspoon power_control.exe[1273]: Hostctl GPIO optionals: 0
Sep 30 16:56:24 witherspoon power_control.exe[1273]: GPIO Lookup:  SYS_PWROK_BUFF = 306,in
Sep 30 16:56:24 witherspoon systemd[1]: Started Wait for /org/openbmc/settings/host0.
Sep 30 16:56:24 witherspoon systemd[1]: Started Phosphor Inband IPMI.
Sep 30 16:56:24 witherspoon power_control.exe[1273]: GPIO Lookup:  SOFTWARE_PGOOD = 417,out
Sep 30 16:56:24 witherspoon power_control.exe[1273]: GPIO Lookup:  BMC_POWER_UP = 305,out
Sep 30 16:56:24 witherspoon power_control.exe[1273]: GPIO Lookup:  BMC_CP0_RESET_N = 281,out
Sep 30 16:56:24 witherspoon power_control.exe[1273]: Pgood state: 0
Sep 30 16:56:24 witherspoon systemd[1]: Started Phosphor Power0 Control.
Sep 30 16:56:29 witherspoon systemd[1]: Started Wait for /xyz/openbmc_project/state/chassis0.
Sep 30 16:56:29 witherspoon systemd[1]: Started Wait for /org/openbmc/control/power0.
Sep 30 16:56:29 witherspoon systemd[1]: Starting Phosphor Time Manager daemon...
Sep 30 16:56:29 witherspoon systemd[1]: Starting Check Chassis0 pgood and create a file to indicate it...
Sep 30 16:56:30 witherspoon systemd[1]: Started Check Chassis0 pgood and create a file to indicate it.
Sep 30 16:56:30 witherspoon systemd[1]: Reached target Chassis0 power on after reset.
Sep 30 16:56:30 witherspoon systemd[1]: Reached target Chassis0 (Reset Check).
Sep 30 16:56:31 witherspoon timemanager[1299]: Registering dbus methods
Sep 30 16:56:31 witherspoon timemanager[1299]: Last known time_mode: NTP
Sep 30 16:56:31 witherspoon timemanager[1299]: Last known time_owner: BMC
Sep 30 16:56:31 witherspoon timemanager[1299]: Empty DhcpNtp string
Sep 30 16:56:31 witherspoon timemanager[1299]: Reading Power Control key: pgood
Sep 30 16:56:32 witherspoon timemanager[1299]: Changing settings *allowed* now
Sep 30 16:56:32 witherspoon timemanager[1299]: Owner is already set to : BMC
Sep 30 16:56:32 witherspoon systemd[1]: Started Wait for /xyz/openbmc_project/control/host0.
Sep 30 16:56:32 witherspoon systemd[1]: Reached target Host0 running after reset.
Sep 30 16:56:32 witherspoon systemd[1]: Reached target Host0 (Reset Check).
Sep 30 16:56:32 witherspoon systemd[1]: Starting Phosphor Host State Manager...
Sep 30 16:56:32 witherspoon timemanager[1299]: Requested_Mode: NTP Current_Mode: NTP
Sep 30 16:56:32 witherspoon timemanager[1299]: Mode is already set to : NTP
Sep 30 16:56:32 witherspoon timemanager[1299]: Getting System Settings: use_dhcp_ntp
Sep 30 16:56:32 witherspoon timemanager[1299]: use_dhcp_ntp = yes
Sep 30 16:56:32 witherspoon timemanager[1299]: Last known host_offset:0
Sep 30 16:56:32 witherspoon timemanager[1299]: Initial Uptime Usec: 1506790449006085
Sep 30 16:56:32 witherspoon systemd[1]: Started Phosphor Time Manager daemon.
Sep 30 16:56:33 witherspoon phosphor-host-state-manager[1311]: Initial Host State will be Off
Sep 30 16:56:33 witherspoon phosphor-host-state-manager[1311]: External request to reset reboot count
Sep 30 16:56:33 witherspoon systemd[1]: Started Phosphor Host State Manager.
Sep 30 16:56:34 witherspoon systemd[1]: Started Wait for /xyz/openbmc_project/state/host0.
Sep 30 16:56:35 witherspoon systemd[1]: Starting Reboot If Enabled...
Sep 30 16:56:35 witherspoon phosphor-discover-system-state[1314]: Host power is off, checking power policy
Sep 30 16:56:35 witherspoon phosphor-discover-system-state[1314]: power_policy=RESTORE, restoring last state
Sep 30 16:56:36 witherspoon phosphor-host-state-manager[1311]: Host State transaction request
Sep 30 16:56:36 witherspoon systemd[1]: Started Reboot If Enabled.
Sep 30 16:56:36 witherspoon systemd[1]: Stopped target Host0 (Reset Check).
Sep 30 16:56:36 witherspoon systemd[1]: Starting Wait for /org/openbmc/control/chassis0...
Sep 30 16:56:36 witherspoon systemd[1]: Created slice system-obmc\x2dled\x2dgroup\x2dstop.slice.
Sep 30 16:56:36 witherspoon systemd[1]: Created slice system-op\x2dwait\x2dpower\x2doff.slice.
Sep 30 16:56:36 witherspoon systemd[1]: Created slice system-op\x2docc\x2ddisable.slice.
Sep 30 16:56:36 witherspoon systemd[1]: Starting OpenPOWER OCC Active Disable...
Sep 30 16:56:36 witherspoon systemd[1]: Starting Wait for /org/openbmc/HostIpmi/1...
Sep 30 16:56:36 witherspoon systemd[1]: Starting Phosphor MAX31785 MSL...
Sep 30 16:56:36 witherspoon systemd[1]: Created slice system-ir35221\x2doff\x2dbind.slice.
Sep 30 16:56:36 witherspoon systemd[1]: Created slice system-vcs_off_poweroff.slice.
Sep 30 16:56:36 witherspoon systemd[1]: Created slice system-op\x2dpower\x2dstop.slice.
Sep 30 16:56:36 witherspoon systemd[1]: Starting Wait for /xyz/openbmc_project/led/groups/power_on...
Sep 30 16:56:37 witherspoon systemd[1]: Starting The NGINX HTTP and reverse proxy server...
Sep 30 16:56:37 witherspoon systemd[1]: Created slice system-ir35221\x2doff\x2dunbind.slice.
Sep 30 16:56:37 witherspoon systemd[1]: Started Phosphor Cooling Type.
Sep 30 16:56:37 witherspoon systemd[1]: Started Wait for /org/openbmc/control/chassis0.
Sep 30 16:56:37 witherspoon systemd[1]: Started Wait for /org/openbmc/HostIpmi/1.
Sep 30 16:56:37 witherspoon systemd[1]: Starting Soft power off of the host...
Sep 30 16:56:38 witherspoon nginx[1330]: nginx: the configuration file /etc/nginx/nginx.conf syntax is ok
Sep 30 16:56:38 witherspoon nginx[1330]: nginx: [emerg] mkdir() "/usr/client_body_temp" failed (30: Read-only file system)
Sep 30 16:56:38 witherspoon nginx[1330]: nginx: configuration file /etc/nginx/nginx.conf test failed
Sep 30 16:56:38 witherspoon systemd[1]: nginx.service: Control process exited, code=exited status=1
Sep 30 16:56:38 witherspoon systemd[1]: Failed to start The NGINX HTTP and reverse proxy server.
Sep 30 16:56:38 witherspoon systemd[1]: nginx.service: Unit entered failed state.
Sep 30 16:56:38 witherspoon systemd[1]: nginx.service: Failed with result 'exit-code'.
Sep 30 16:56:38 witherspoon systemd[1]: Started Wait for /xyz/openbmc_project/led/groups/power_on.
Sep 30 16:56:38 witherspoon ipmid[1290]: Pushing cmd on to queue
Sep 30 16:56:38 witherspoon ipmid[1290]: Pushing cmd on to queue
Sep 30 16:56:38 witherspoon ipmid[1290]: Asserting SMS Attention
Sep 30 16:56:38 witherspoon ipmid[1290]: SMS Attention asserted
Sep 30 16:56:39 witherspoon systemd[1]: Starting Assert power_on LED...
Sep 30 16:56:39 witherspoon systemd[1]: Started OpenPOWER OCC Active Disable.
Sep 30 16:56:39 witherspoon systemd[1]: Started Phosphor MAX31785 MSL.
Sep 30 16:56:39 witherspoon systemd[1]: Reached target Phosphor System - Standby.
Sep 30 16:56:39 witherspoon systemd[1]: Reached target Stop Host0 (Pre).
Sep 30 16:56:39 witherspoon systemd[1]: Starting Power off mode unbind ir35221 device driver devs...
Sep 30 16:56:39 witherspoon systemd[1]: Starting Assert bmc_booted LED...
Sep 30 16:56:39 witherspoon systemd[1]: Reached target Stop Hosti (Pre).
Sep 30 16:56:39 witherspoon systemd[1]: Reached target Hosti (Stopping).
Sep 30 16:56:39 witherspoon systemd[1]: Reached target Hosti (Stopped).
Sep 30 16:56:39 witherspoon systemd[1]: Reached target Poweri Off (Pre).
Sep 30 16:56:39 witherspoon systemd[1]: Reached target Poweri Off.
Sep 30 16:56:39 witherspoon phosphor-bmc-state-manager[1271]: BMC_READY
Sep 30 16:56:39 witherspoon phosphor-bmc-state-manager[1271]: Setting the BMCState field
Sep 30 16:56:40 witherspoon systemd[1]: Started Assert power_on LED.
Sep 30 16:56:40 witherspoon systemd[1]: xyz.openbmc_project.Hwmon@ahb-apb-i2c\x401e78a000-i2c\x2dbus\x40140-ir35221\x4070.service: Unit not needed anymore. Stopping.
Sep 30 16:56:40 witherspoon systemd[1]: Stopping Phosphor Hwmon Poller...
Sep 30 16:56:40 witherspoon systemd[1]: Stopped Phosphor Hwmon Poller.
Sep 30 16:56:40 witherspoon systemd[1]: xyz.openbmc_project.Hwmon@ahb-apb-i2c\x401e78a000-i2c\x2dbus\x40140-ir35221\x4071.service: Unit not needed anymore. Stopping.
Sep 30 16:56:40 witherspoon systemd[1]: Stopping Phosphor Hwmon Poller...
Sep 30 16:56:40 witherspoon systemd[1]: Stopped Phosphor Hwmon Poller.
Sep 30 16:56:40 witherspoon systemd[1]: Started Power off mode unbind ir35221 device driver devs.
Sep 30 16:56:40 witherspoon systemd[1]: xyz.openbmc_project.Hwmon@ahb-apb-i2c\x401e78a000-i2c\x2dbus\x40180-ir35221\x4070.service: Unit not needed anymore. Stopping.
Sep 30 16:56:40 witherspoon systemd[1]: xyz.openbmc_project.Hwmon@ahb-apb-i2c\x401e78a000-i2c\x2dbus\x40180-ir35221\x4071.service: Unit not needed anymore. Stopping.
Sep 30 16:56:40 witherspoon systemd[1]: Stopping Phosphor Hwmon Poller...
Sep 30 16:56:40 witherspoon systemd[1]: Stopping Phosphor Hwmon Poller...
Sep 30 16:56:40 witherspoon systemd[1]: Stopped Phosphor Hwmon Poller.
Sep 30 16:56:40 witherspoon systemd[1]: Stopped Phosphor Hwmon Poller.
Sep 30 16:56:42 witherspoon ipmid[1290]: Host control timeout hit!
Sep 30 16:56:42 witherspoon ipmid[1290]: Timer expired
Sep 30 16:56:42 witherspoon phosphor-softpoweroff[1331]: Host control signal values
Sep 30 16:56:42 witherspoon phosphor-softpoweroff[1331]: Timeout on host attention, continue with power down
Sep 30 16:56:42 witherspoon systemd[1]: Started Soft power off of the host.
Sep 30 16:56:42 witherspoon systemd[1]: Reached target Host0 (Stopping).
Sep 30 16:56:42 witherspoon systemd[1]: Reached target Host0 (Stopped).
Sep 30 16:56:42 witherspoon systemd[1]: Reached target Power0 Off (Pre).
Sep 30 16:56:42 witherspoon systemd[1]: Started Stop Power0.
Sep 30 16:56:42 witherspoon systemd[1]: Starting Wait for Power0 to turn off...
Sep 30 16:56:46 witherspoon phosphor-ledmanager[971]: Asserting LEDs
Sep 30 16:56:47 witherspoon systemd[1]: Started Assert bmc_booted LED.
Sep 30 16:56:48 witherspoon power_control.exe[1273]: Power already at requested state: 0
Sep 30 16:56:48 witherspoon systemd[1]: Started Wait for Power0 to turn off.
Sep 30 16:56:48 witherspoon systemd[1]: Reached target Power0 Off.
Sep 30 16:56:48 witherspoon systemd[1]: Starting Disable VCS on a power off...
Sep 30 16:56:49 witherspoon systemd[1]: Started Disable VCS on a power off.
Sep 30 16:56:49 witherspoon systemd[1]: Starting Power off mode bind ir35221 device driver devs...
Sep 30 16:56:49 witherspoon systemd[1]: Started Phosphor Hwmon Poller.
Sep 30 16:56:49 witherspoon systemd[1]: Started Phosphor Hwmon Poller.
Sep 30 16:56:49 witherspoon systemd[1]: Started Phosphor Hwmon Poller.
Sep 30 16:56:50 witherspoon systemd[1]: Started Power off mode bind ir35221 device driver devs.
Sep 30 16:56:50 witherspoon systemd[1]: Reached target Chassis0 (Power Off).
