-- Logs begin at Thu 2017-04-20 17:29:23 UTC, end at Thu 2017-04-20 17:39:06 UTC. --
Apr 20 17:29:23 witherspoon kernel: Booting Linux on physical CPU 0x0
Apr 20 17:29:23 witherspoon kernel: Linux version 4.10.17-fe613f76559522a7fb28841f91871ccc0dee1a0b (jenkins@openbmc-builder1) (gcc version 6.2.0 (GCC) ) #1 Mon Jul 3 14:46:28 UTC 2017
Apr 20 17:29:23 witherspoon kernel: CPU: ARMv6-compatible processor [410fb767] revision 7 (ARMv7), cr=00c5387d
Apr 20 17:29:23 witherspoon kernel: CPU: PIPT / VIPT nonaliasing data cache, VIPT nonaliasing instruction cache
Apr 20 17:29:23 witherspoon kernel: OF: fdt:Machine model: Witherspoon BMC
Apr 20 17:29:23 witherspoon kernel: Memory policy: Data cache writeback
Apr 20 17:29:23 witherspoon kernel: SOC Rev: 04030303
Apr 20 17:29:23 witherspoon kernel: On node 0 totalpages: 110592
Apr 20 17:29:23 witherspoon kernel: free_area_init_node: node 0, pgdat 805f33fc, node_mem_map 9ec1a000
Apr 20 17:29:23 witherspoon kernel:   Normal zone: 992 pages used for memmap
Apr 20 17:29:23 witherspoon kernel:   Normal zone: 0 pages reserved
Apr 20 17:29:23 witherspoon kernel:   Normal zone: 110592 pages, LIFO batch:31
Apr 20 17:29:23 witherspoon kernel: pcpu-alloc: s0 r0 d32768 u32768 alloc=1*32768
Apr 20 17:29:23 witherspoon kernel: pcpu-alloc: [0] 0 
Apr 20 17:29:23 witherspoon kernel: Built 1 zonelists in Zone order, mobility grouping on.  Total pages: 109600
Apr 20 17:29:23 witherspoon kernel: Kernel command line: console=ttyS4,115200n8 root=/dev/ram rw
Apr 20 17:29:23 witherspoon kernel: PID hash table entries: 2048 (order: 1, 8192 bytes)
Apr 20 17:29:23 witherspoon kernel: Dentry cache hash table entries: 65536 (order: 6, 262144 bytes)
Apr 20 17:29:23 witherspoon kernel: Inode-cache hash table entries: 32768 (order: 5, 131072 bytes)
Apr 20 17:29:23 witherspoon kernel: Memory: 430508K/442368K available (4048K kernel code, 280K rwdata, 1168K rodata, 280K init, 111K bss, 11860K reserved, 0K cma-reserved)
Apr 20 17:29:23 witherspoon kernel: Virtual kernel memory layout:
                                        vector  : 0xffff0000 - 0xffff1000   (   4 kB)
                                        fixmap  : 0xffc00000 - 0xfff00000   (3072 kB)
                                        vmalloc : 0x9f800000 - 0xff800000   (1536 MB)
                                        lowmem  : 0x80000000 - 0x9f000000   ( 496 MB)
                                          .text : 0x80008000 - 0x803fc590   (4050 kB)
                                          .init : 0x8057a000 - 0x805c0000   ( 280 kB)
                                          .data : 0x805c0000 - 0x806061a8   ( 281 kB)
                                           .bss : 0x806061a8 - 0x80622078   ( 112 kB)
Apr 20 17:29:23 witherspoon kernel: NR_IRQS:16 nr_irqs:16 16
Apr 20 17:29:23 witherspoon kernel: i2c controller registered, irq 16
Apr 20 17:29:23 witherspoon kernel: clocksource: moxart_timer: mask: 0xffffffff max_cycles: 0xffffffff, max_idle_ns: 77222644334 ns
Apr 20 17:29:23 witherspoon kernel: sched_clock: 32 bits at 100 Hz, resolution 10000000ns, wraps every 21474836475000000ns
Apr 20 17:29:23 witherspoon kernel: Calibrating delay loop... 789.70 BogoMIPS (lpj=3948544)
Apr 20 17:29:23 witherspoon kernel: pid_max: default: 32768 minimum: 301
Apr 20 17:29:23 witherspoon kernel: Mount-cache hash table entries: 1024 (order: 0, 4096 bytes)
Apr 20 17:29:23 witherspoon kernel: Mountpoint-cache hash table entries: 1024 (order: 0, 4096 bytes)
Apr 20 17:29:23 witherspoon kernel: CPU: Testing write buffer coherency: ok
Apr 20 17:29:23 witherspoon kernel: ftrace: allocating 14867 entries in 44 pages
Apr 20 17:29:23 witherspoon kernel: Setting up static identity map for 0x80008200 - 0x8000825c
Apr 20 17:29:23 witherspoon kernel: devtmpfs: initialized
Apr 20 17:29:23 witherspoon kernel: clocksource: jiffies: mask: 0xffffffff max_cycles: 0xffffffff, max_idle_ns: 19112604462750000 ns
Apr 20 17:29:23 witherspoon kernel: futex hash table entries: 256 (order: -1, 3072 bytes)
Apr 20 17:29:23 witherspoon kernel: pinctrl core: initialized pinctrl subsystem
Apr 20 17:29:23 witherspoon kernel: NET: Registered protocol family 16
Apr 20 17:29:23 witherspoon kernel: DMA: preallocated 256 KiB pool for atomic coherent allocations
Apr 20 17:29:23 witherspoon kernel: usbcore: registered new interface driver usbfs
Apr 20 17:29:23 witherspoon kernel: usbcore: registered new interface driver hub
Apr 20 17:29:23 witherspoon kernel: usbcore: registered new device driver usb
Apr 20 17:29:23 witherspoon kernel: clocksource: Switched to clocksource moxart_timer
Apr 20 17:29:23 witherspoon kernel: NET: Registered protocol family 2
Apr 20 17:29:23 witherspoon kernel: TCP established hash table entries: 4096 (order: 2, 16384 bytes)
Apr 20 17:29:23 witherspoon kernel: TCP bind hash table entries: 4096 (order: 2, 16384 bytes)
Apr 20 17:29:23 witherspoon kernel: TCP: Hash tables configured (established 4096 bind 4096)
Apr 20 17:29:23 witherspoon kernel: UDP hash table entries: 256 (order: 0, 4096 bytes)
Apr 20 17:29:23 witherspoon kernel: UDP-Lite hash table entries: 256 (order: 0, 4096 bytes)
Apr 20 17:29:23 witherspoon kernel: NET: Registered protocol family 1
Apr 20 17:29:23 witherspoon kernel: Trying to unpack rootfs image as initramfs...
Apr 20 17:29:23 witherspoon kernel: Freeing initrd memory: 1548K
Apr 20 17:29:23 witherspoon kernel: workingset: timestamp_bits=30 max_order=17 bucket_order=0
Apr 20 17:29:23 witherspoon kernel: squashfs: version 4.0 (2009/01/31) Phillip Lougher
Apr 20 17:29:23 witherspoon kernel: jffs2: version 2.2. (SUMMARY)  © 2001-2006 Red Hat, Inc.
Apr 20 17:29:23 witherspoon kernel: Block layer SCSI generic (bsg) driver version 0.4 loaded (major 250)
Apr 20 17:29:23 witherspoon kernel: io scheduler noop registered
Apr 20 17:29:23 witherspoon kernel: io scheduler deadline registered
Apr 20 17:29:23 witherspoon kernel: io scheduler cfq registered (default)
Apr 20 17:29:23 witherspoon kernel: ipmi-bt-host 1e789140.ibt: Found bt bmc device
Apr 20 17:29:23 witherspoon kernel: ipmi-bt-host 1e789140.ibt: Using IRQ 22
Apr 20 17:29:23 witherspoon kernel: Serial: 8250/16550 driver, 6 ports, IRQ sharing enabled
Apr 20 17:29:23 witherspoon kernel: 1e783000.serial: ttyS0 at MMIO 0x1e783000 (irq = 23, base_baud = 1500000) is a 16550A
Apr 20 17:29:23 witherspoon kernel: 1e78d000.serial: ttyS1 at MMIO 0x1e78d000 (irq = 24, base_baud = 1500000) is a 16550A
Apr 20 17:29:23 witherspoon kernel: 1e784000.serial: ttyS4 at MMIO 0x1e784000 (irq = 25, base_baud = 1500000) is a 16550A
Apr 20 17:29:23 witherspoon kernel: console [ttyS4] enabled
Apr 20 17:29:23 witherspoon kernel: 1e787000.vuart: ttyS2 at MMIO 0x1e787000 (irq = 22, base_baud = 1500000) is a 16550A
Apr 20 17:29:23 witherspoon kernel: timeriomem_rng 1e6e2078.hwrng: 32bits from 0xf00e2078 @ 1us
Apr 20 17:29:23 witherspoon kernel: brd: module loaded
Apr 20 17:29:23 witherspoon kernel: loop: module loaded
Apr 20 17:29:23 witherspoon kernel: aspeed-lpc-ctrl 1e789080.lpc-ctrl: Loaded at 0x98000000 (0x04000000)
Apr 20 17:29:23 witherspoon kernel: aspeed-smc 1e620000.flash-controller: Using IRQ 18
Apr 20 17:29:23 witherspoon kernel: aspeed-smc 1e620000.flash-controller: DMA support disabled.
Apr 20 17:29:23 witherspoon kernel: aspeed-smc 1e620000.flash-controller: mx25l25635e (32768 Kbytes)
Apr 20 17:29:23 witherspoon kernel: aspeed-smc 1e620000.flash-controller: CE0 window [ 0x20000000 - 0x22000000 ] 32MB
Apr 20 17:29:23 witherspoon kernel: aspeed-smc 1e620000.flash-controller: CE1 window [ 0x22000000 - 0x2a000000 ] 128MB
Apr 20 17:29:23 witherspoon kernel: 5 ofpart partitions found on MTD device bmc
Apr 20 17:29:23 witherspoon kernel: Creating 5 MTD partitions on "bmc":
Apr 20 17:29:23 witherspoon kernel: 0x000000000000-0x000000060000 : "u-boot"
Apr 20 17:29:23 witherspoon kernel: 0x000000060000-0x000000080000 : "u-boot-env"
Apr 20 17:29:23 witherspoon kernel: 0x000000080000-0x0000004c0000 : "kernel"
Apr 20 17:29:23 witherspoon kernel: 0x0000004c0000-0x000001c00000 : "rofs"
Apr 20 17:29:23 witherspoon kernel: 0x000001c00000-0x000002000000 : "rwfs"
Apr 20 17:29:23 witherspoon kernel: aspeed-smc 1e620000.flash-controller: mx25l25635e (32768 Kbytes)
Apr 20 17:29:23 witherspoon kernel: aspeed-smc 1e620000.flash-controller: CE1 window [ 0x22000000 - 0x24000000 ] 32MB
Apr 20 17:29:23 witherspoon kernel: aspeed-smc 1e620000.flash-controller: CE2 window [ 0x24000000 - 0x2c000000 ] 128MB
Apr 20 17:29:23 witherspoon kernel: aspeed-smc 1e630000.flash-controller: mx66l1g45g (131072 Kbytes)
Apr 20 17:29:23 witherspoon kernel: aspeed-smc 1e630000.flash-controller: CE0 window resized to 120MB (AST2500 HW quirk)
Apr 20 17:29:23 witherspoon kernel: aspeed-smc 1e630000.flash-controller: CE0 window [ 0x30000000 - 0x37800000 ] 120MB
Apr 20 17:29:23 witherspoon kernel: aspeed-smc 1e630000.flash-controller: CE0 window too small for chip 128MB
Apr 20 17:29:23 witherspoon kernel: aspeed-smc 1e630000.flash-controller: CE1 window [ 0x37800000 - 0x38000000 ] 8MB
Apr 20 17:29:23 witherspoon kernel: libphy: Fixed MDIO Bus: probed
Apr 20 17:29:23 witherspoon kernel: ftgmac100 1e660000.ethernet: Read MAC address 70:e2:84:14:24:20 from chip
Apr 20 17:29:23 witherspoon kernel: ftgmac100 1e660000.ethernet: Using NCSI interface
Apr 20 17:29:23 witherspoon kernel: ftgmac100 1e660000.ethernet eth0: irq 20, mapped at f0060000
Apr 20 17:29:23 witherspoon kernel: ehci_hcd: USB 2.0 'Enhanced' Host Controller (EHCI) Driver
Apr 20 17:29:23 witherspoon kernel: ehci-platform: EHCI generic platform driver
Apr 20 17:29:23 witherspoon kernel:  fsi0: can't read slave 00:00 -5
Apr 20 17:29:23 witherspoon kernel: i2c /dev entries driver
Apr 20 17:29:23 witherspoon kernel: aspeed-i2c-bus 1e78a0c0.i2c-bus: i2c bus 2 registered, irq 26
Apr 20 17:29:23 witherspoon kernel: aspeed-i2c-bus 1e78a100.i2c-bus: i2c bus 3 registered, irq 27
Apr 20 17:29:23 witherspoon kernel: aspeed-i2c-bus 1e78a140.i2c-bus: i2c bus 4 registered, irq 28
Apr 20 17:29:23 witherspoon kernel: aspeed-i2c-bus 1e78a180.i2c-bus: i2c bus 5 registered, irq 29
Apr 20 17:29:23 witherspoon kernel: aspeed-i2c-bus 1e78a380.i2c-bus: i2c bus 9 registered, irq 30
Apr 20 17:29:23 witherspoon kernel: aspeed-i2c-bus 1e78a3c0.i2c-bus: i2c bus 10 registered, irq 31
Apr 20 17:29:23 witherspoon kernel: rtc-rv8803 11-0032: rtc core: registered rx8900 as rtc0
Apr 20 17:29:23 witherspoon kernel: at24 11-0051: 8192 byte 24c64 EEPROM, writable, 1 bytes/write
Apr 20 17:29:23 witherspoon kernel: aspeed-i2c-bus 1e78a400.i2c-bus: i2c bus 11 registered, irq 32
Apr 20 17:29:23 witherspoon kernel: aspeed-i2c-bus 1e78a440.i2c-bus: i2c bus 12 registered, irq 33
Apr 20 17:29:23 witherspoon kernel: aspeed-i2c-bus 1e78a480.i2c-bus: i2c bus 13 registered, irq 34
Apr 20 17:29:23 witherspoon kernel: Driver for 1-wire Dallas network protocol.
Apr 20 17:29:23 witherspoon kernel: lm75 9-004a: hwmon0: sensor 'tmp275'
Apr 20 17:29:23 witherspoon kernel: random: fast init done
Apr 20 17:29:23 witherspoon kernel: ucd9000 11-0064: Device ID UCD90160|2.3.4.0000|110603
Apr 20 17:29:23 witherspoon kernel: leds-pca955x 11-0060: leds-pca955x: Using pca9552 16-bit LED driver at slave address 0x60
Apr 20 17:29:23 witherspoon kernel: leds-pca955x 11-0060: gpios 264...279
Apr 20 17:29:23 witherspoon kernel: usbcore: registered new interface driver usbhid
Apr 20 17:29:23 witherspoon kernel: usbhid: USB HID core driver
Apr 20 17:29:23 witherspoon kernel: dps310: probe of 3-0076 failed with error -5
Apr 20 17:29:23 witherspoon kernel: NET: Registered protocol family 10
Apr 20 17:29:23 witherspoon kernel: Segment Routing with IPv6
Apr 20 17:29:23 witherspoon kernel: NET: Registered protocol family 17
Apr 20 17:29:23 witherspoon kernel: console [netcon0] enabled
Apr 20 17:29:23 witherspoon kernel: netconsole: network logging started
Apr 20 17:29:23 witherspoon kernel: input: gpio-keys as /devices/platform/gpio-keys/input/input0
Apr 20 17:29:23 witherspoon kernel: rtc-rv8803 11-0032: setting system clock to 2016-03-13 01:46:21 UTC (1457833581)
Apr 20 17:29:23 witherspoon kernel: Freeing unused kernel memory: 280K
Apr 20 17:29:23 witherspoon kernel: This architecture does not have kernel memory protection.
Apr 20 17:29:23 witherspoon kernel: jffs2: notice: (515) jffs2_build_xattr_subsystem: complete building xattr subsystem, 0 of xdatum (0 unchecked, 0 orphan) and 0 of xref (0 dead, 0 orphan) found.
Apr 20 17:29:23 witherspoon systemd[1]: System time before build time, advancing clock.
Apr 20 17:29:23 witherspoon systemd[1]: Failed to insert module 'autofs4': No such file or directory
Apr 20 17:29:23 witherspoon systemd[1]: systemd 232 running in system mode. (+PAM -AUDIT -SELINUX -IMA -APPARMOR -SMACK +SYSVINIT -UTMP -LIBCRYPTSETUP -GCRYPT -GNUTLS +ACL +XZ -LZ4 -SECCOMP +BLKID -ELFUTILS +KMOD -IDN)
Apr 20 17:29:23 witherspoon systemd[1]: Detected architecture arm.
Apr 20 17:29:23 witherspoon systemd[1]: Set hostname to <witherspoon>.
Apr 20 17:29:23 witherspoon systemd[1]: Listening on Journal Socket (/dev/log).
Apr 20 17:29:23 witherspoon systemd[1]: Started Dispatch Password Requests to Console Directory Watch.
Apr 20 17:29:23 witherspoon systemd[1]: Listening on Journal Socket.
Apr 20 17:29:23 witherspoon systemd[1]: Reached target Swap.
Apr 20 17:29:23 witherspoon systemd[1]: Listening on Network Service Netlink Socket.
Apr 20 17:29:23 witherspoon systemd[1]: Listening on udev Kernel Socket.
Apr 20 17:29:23 witherspoon systemd[1]: Listening on udev Control Socket.
Apr 20 17:29:23 witherspoon systemd[1]: Created slice system-org.openbmc.control.Bmc.slice.
Apr 20 17:29:23 witherspoon systemd[1]: Created slice system-phosphor\x2dcooling\x2dtype.slice.
Apr 20 17:29:23 witherspoon systemd-journald[533]: Journal started
Apr 20 17:29:23 witherspoon systemd-journald[533]: Runtime journal (/run/log/journal/98da6a547f8141998b98e23f5894fd04) is 0B, max 0B, 0B free.
Apr 20 17:29:24 witherspoon systemd[1]: Created slice system-phosphor\x2dreset\x2dhost\x2drunning.slice.
Apr 20 17:29:24 witherspoon systemd[1]: Created slice system-org.openbmc.buttons.Power.slice.
Apr 20 17:29:24 witherspoon systemd[1]: Created slice system-org.openbmc.control.Power.slice.
Apr 20 17:29:24 witherspoon systemd[1]: Created slice system-org.openbmc.buttons.reset.slice.
Apr 20 17:29:24 witherspoon systemd[1]: Created slice system-getty.slice.
Apr 20 17:29:25 witherspoon systemd[1]: Starting udev Coldplug all Devices...
Apr 20 17:29:25 witherspoon systemd[1]: Created slice system-serial\x2dgetty.slice.
Apr 20 17:29:25 witherspoon systemd[1]: Created slice system-org.openbmc.control.Chassis.slice.
Apr 20 17:29:25 witherspoon systemd-sysctl[591]: Couldn't write '16' to 'kernel/sysrq', ignoring: No such file or directory
Apr 20 17:29:25 witherspoon systemd-sysctl[591]: Couldn't write 'fq_codel' to 'net/core/default_qdisc', ignoring: No such file or directory
Apr 20 17:29:25 witherspoon systemd[1]: Started Apply Kernel Variables.
Apr 20 17:29:26 witherspoon systemd[1]: Mounted Debug File System.
Apr 20 17:29:26 witherspoon systemd[1]: Mounted Temporary Directory.
Apr 20 17:29:27 witherspoon systemd[1]: Started Remount Root and Kernel File Systems.
Apr 20 17:29:27 witherspoon systemd[1]: Started udev Coldplug all Devices.
Apr 20 17:29:27 witherspoon systemd[1]: Starting Flush Journal to Persistent Storage...
Apr 20 17:29:27 witherspoon systemd[1]: Starting Create System Users...
Apr 20 17:29:27 witherspoon systemd[1]: Started Create System Users.
Apr 20 17:29:28 witherspoon systemd-journald[533]: Runtime journal (/run/log/journal/98da6a547f8141998b98e23f5894fd04) is 0B, max 0B, 0B free.
Apr 20 17:29:28 witherspoon systemd[1]: Started Flush Journal to Persistent Storage.
Apr 20 17:29:28 witherspoon systemd[1]: Starting Create Static Device Nodes in /dev...
Apr 20 17:29:28 witherspoon systemd[1]: Started Create Static Device Nodes in /dev.
Apr 20 17:29:28 witherspoon systemd[1]: Starting udev Kernel Device Manager...
Apr 20 17:29:28 witherspoon systemd[1]: Reached target Local File Systems (Pre).
Apr 20 17:29:28 witherspoon systemd[1]: Mounting /var/volatile...
Apr 20 17:29:28 witherspoon systemd[1]: Mounted /var/volatile.
Apr 20 17:29:28 witherspoon systemd[1]: Reached target Local File Systems.
Apr 20 17:29:28 witherspoon systemd[1]: Starting Rebuild Journal Catalog...
Apr 20 17:29:28 witherspoon systemd[1]: Starting Create Volatile Files and Directories...
Apr 20 17:29:28 witherspoon systemd[1]: Starting Load/Save Random Seed...
Apr 20 17:29:29 witherspoon systemd[1]: Started Rebuild Journal Catalog.
Apr 20 17:29:29 witherspoon systemd[1]: Started Load/Save Random Seed.
Apr 20 17:29:29 witherspoon systemd[1]: Starting Update is Completed...
Apr 20 17:29:29 witherspoon systemd-tmpfiles[878]: "/var/tmp" already exists and is not a directory.
Apr 20 17:29:29 witherspoon systemd-tmpfiles[878]: "/var/log" already exists and is not a directory.
Apr 20 17:29:29 witherspoon systemd[1]: Started Create Volatile Files and Directories.
Apr 20 17:29:29 witherspoon systemd[1]: Starting Run pending postinsts...
Apr 20 17:29:29 witherspoon systemd[1]: Starting Network Time Synchronization...
Apr 20 17:29:29 witherspoon systemd[1]: Started Update is Completed.
Apr 20 17:29:30 witherspoon run-postinsts[884]: Running postinst /etc/rpm-postinsts/libglib-2.0-0...
Apr 20 17:29:30 witherspoon systemd[1]: Started udev Kernel Device Manager.
Apr 20 17:29:30 witherspoon systemd[1]: Started Network Time Synchronization.
Apr 20 17:29:30 witherspoon systemd[1]: Reached target System Time Synchronized.
Apr 20 17:29:31 witherspoon run-postinsts[884]: rm: can't remove '/etc/rpm-postinsts': Invalid argument
Apr 20 17:29:31 witherspoon run-postinsts[884]:  Removing any system startup links for run-postinsts ...
Apr 20 17:29:33 witherspoon systemctl[917]: Removed /etc/systemd/system/sysinit.target.wants/run-postinsts.service.
Apr 20 17:29:33 witherspoon systemd[1]: Reloading.
Apr 20 17:29:35 witherspoon systemd[1]: Found device /dev/ttyVUART0.
Apr 20 17:29:35 witherspoon systemd[1]: Found device /dev/ttyS4.
Apr 20 17:29:35 witherspoon systemd[1]: Found device /dev/aspeed-lpc-ctrl.
Apr 20 17:29:35 witherspoon systemd[1]: Found device /dev/aspeed-mbox.
Apr 20 17:29:36 witherspoon systemd[1]: Started Run pending postinsts.
Apr 20 17:29:36 witherspoon systemd[1]: Reached target System Initialization.
Apr 20 17:29:36 witherspoon systemd[1]: Listening on D-Bus System Message Bus Socket.
Apr 20 17:29:36 witherspoon systemd[1]: Listening on Phosphor DBUS Browser socket.
Apr 20 17:29:36 witherspoon systemd[1]: Listening on Phosphor Webserver socket.
Apr 20 17:29:36 witherspoon systemd[1]: Listening on dropbear.socket.
Apr 20 17:29:36 witherspoon systemd[1]: Started Daily Cleanup of Temporary Directories.
Apr 20 17:29:37 witherspoon systemd[1]: Reached target Timers.
Apr 20 17:29:37 witherspoon systemd[1]: Listening on phosphor-ipmi-net.socket.
Apr 20 17:29:37 witherspoon systemd[1]: Listening on Phosphor Host Console SSH Per-Connection socket.
Apr 20 17:29:37 witherspoon systemd[1]: Listening on Avahi mDNS/DNS-SD Stack Activation Socket.
Apr 20 17:29:37 witherspoon systemd[1]: Reached target Sockets.
Apr 20 17:29:37 witherspoon systemd[1]: Reached target Basic System.
Apr 20 17:29:37 witherspoon systemd[1]: Starting Phosphor Download Manager...
Apr 20 17:29:37 witherspoon systemd[1]: Starting Phosphor Download Manager...
Apr 20 17:29:37 witherspoon systemd[1]: Started Phosphor MBOX Daemon.
Apr 20 17:29:37 witherspoon systemd[1]: Starting Clear one time boot overrides...
Apr 20 17:29:37 witherspoon systemd[1]: Starting Phosphor Inventory Manager...
Apr 20 17:29:37 witherspoon systemd[1]: Reached target Containers.
Apr 20 17:29:37 witherspoon systemd[1]: Starting Phosphor Sensor Manager...
Apr 20 17:29:37 witherspoon systemd[1]: Starting Phosphor Network Manager...
Apr 20 17:29:37 witherspoon systemd[1]: Started D-Bus System Message Bus.
Apr 20 17:29:40 witherspoon systemd[1]: Started Phosphor Download Manager.
Apr 20 17:29:40 witherspoon systemd[1]: Starting Network Service...
Apr 20 17:29:40 witherspoon systemd[1]: Started Kernel Logging Service.
Apr 20 17:29:41 witherspoon systemd[1]: Starting OpenBMC Software Update Manager...
Apr 20 17:29:41 witherspoon systemd[1]: Starting Phosphor DBus Service Discovery Manager...
Apr 20 17:29:41 witherspoon systemd[1]: Starting Phosphor User Manager...
Apr 20 17:29:41 witherspoon systemd[1]: Starting Phosphor IPMI BT DBus Bridge...
Apr 20 17:29:41 witherspoon systemd[1]: Starting Phosphor Inventory Manager...
Apr 20 17:29:41 witherspoon systemd[1]: Starting OpenPower Software Update Manager...
Apr 20 17:29:41 witherspoon systemd[1]: Started Hardware RNG Entropy Gatherer Daemon.
Apr 20 17:29:41 witherspoon systemd[1]: Started System Logging Service.
Apr 20 17:29:41 witherspoon systemd[1]: Starting Phosphor Log Manager...
Apr 20 17:29:41 witherspoon systemd[1]: Started Phosphor Console Muxer listening on device /dev/ttyVUART0.
Apr 20 17:29:42 witherspoon systemd[1]: Starting Phosphor LED Group Management Daemon...
Apr 20 17:29:42 witherspoon systemd[1]: Started Phosphor Dump core monitor..
Apr 20 17:29:42 witherspoon systemd[1]: Starting Phosphor Dump Manager...
Apr 20 17:29:42 witherspoon systemd[1]: Starting Phosphor Chassis0 Control...
Apr 20 17:29:42 witherspoon kernel: random: crng init done
Apr 20 17:29:42 witherspoon systemd[1]: Starting Avahi mDNS/DNS-SD Stack...
Apr 20 17:29:42 witherspoon systemd[1]: Starting Phosphor BMC0 Control...
Apr 20 17:29:43 witherspoon systemd[1]: Started Clear one time boot overrides.
Apr 20 17:29:43 witherspoon systemd[1]: Started Phosphor Inventory Manager.
Apr 20 17:29:43 witherspoon systemd[1]: Started Phosphor IPMI BT DBus Bridge.
Apr 20 17:29:43 witherspoon kernel[948]: klogd started: BusyBox v1.24.1 (2017-06-16 19:29:08 UTC)
Apr 20 17:29:43 witherspoon systemd[1]: Started Phosphor Dump Manager.
Apr 20 17:29:43 witherspoon kernel[948]: [    0.000000] Booting Linux on physical CPU 0x0
Apr 20 17:29:43 witherspoon systemd[1]: Started OpenBMC Software Update Manager.
Apr 20 17:29:43 witherspoon kernel[948]: [    0.000000] Linux version 4.10.17-fe613f76559522a7fb28841f91871ccc0dee1a0b (jenkins@openbmc-builder1) (gcc version 6.2.0 (GCC) ) #1 Mon Jul 3 14:46:28 UTC 2017
Apr 20 17:29:43 witherspoon systemd[1]: Started OpenPower Software Update Manager.
Apr 20 17:29:43 witherspoon kernel[948]: [    0.000000] CPU: ARMv6-compatible processor [410fb767] revision 7 (ARMv7), cr=00c5387d
Apr 20 17:29:43 witherspoon systemd[1]: Started Phosphor LED Group Management Daemon.
Apr 20 17:29:43 witherspoon kernel[948]: [    0.000000] CPU: PIPT / VIPT nonaliasing data cache, VIPT nonaliasing instruction cache
Apr 20 17:29:43 witherspoon systemd[1]: Starting Phosphor Version Software Manager...
Apr 20 17:29:43 witherspoon kernel[948]: [    0.000000] OF: fdt:Machine model: Witherspoon BMC
Apr 20 17:29:43 witherspoon kernel[948]: [    0.000000] Memory policy: Data cache writeback
Apr 20 17:29:43 witherspoon kernel[948]: [    0.000000] SOC Rev: 04030303
Apr 20 17:29:43 witherspoon kernel[948]: [    0.000000] On node 0 totalpages: 110592
Apr 20 17:29:43 witherspoon kernel[948]: [    0.000000] free_area_init_node: node 0, pgdat 805f33fc, node_mem_map 9ec1a000
Apr 20 17:29:43 witherspoon kernel[948]: [    0.000000]   Normal zone: 992 pages used for memmap
Apr 20 17:29:43 witherspoon kernel[948]: [    0.000000]   Normal zone: 0 pages reserved
Apr 20 17:29:43 witherspoon kernel[948]: [    0.000000]   Normal zone: 110592 pages, LIFO batch:31
Apr 20 17:29:43 witherspoon kernel[948]: [    0.000000] pcpu-alloc: s0 r0 d32768 u32768 alloc=1*32768
Apr 20 17:29:43 witherspoon kernel[948]: [    0.000000] pcpu-alloc: [0] 0
Apr 20 17:29:43 witherspoon kernel[948]: [    0.000000] Built 1 zonelists in Zone order, mobility grouping on.  Total pages: 109600
Apr 20 17:29:43 witherspoon kernel[948]: [    0.000000] Kernel command line: console=ttyS4,115200n8 root=/dev/ram rw
Apr 20 17:29:43 witherspoon kernel[948]: [    0.000000] PID hash table entries: 2048 (order: 1, 8192 bytes)
Apr 20 17:29:43 witherspoon kernel[948]: [    0.000000] Dentry cache hash table entries: 65536 (order: 6, 262144 bytes)
Apr 20 17:29:43 witherspoon kernel[948]: [    0.000000] Inode-cache hash table entries: 32768 (order: 5, 131072 bytes)
Apr 20 17:29:43 witherspoon kernel[948]: [    0.000000] Memory: 430508K/442368K available (4048K kernel code, 280K rwdata, 1168K rodata, 280K init, 111K bss, 11860K reserved, 0K cma-reserved)
Apr 20 17:29:43 witherspoon kernel[948]: [    0.000000] Virtual kernel memory layout:
Apr 20 17:29:43 witherspoon kernel[948]: [    0.000000]     vector  : 0xffff0000 - 0xffff1000   (   4 kB)
Apr 20 17:29:43 witherspoon kernel[948]: [    0.000000]     fixmap  : 0xffc00000 - 0xfff00000   (3072 kB)
Apr 20 17:29:43 witherspoon kernel[948]: [    0.000000]     vmalloc : 0x9f800000 - 0xff800000   (1536 MB)
Apr 20 17:29:43 witherspoon kernel[948]: [    0.000000]     lowmem  : 0x80000000 - 0x9f000000   ( 496 MB)
Apr 20 17:29:43 witherspoon kernel[948]: [    0.000000]       .text : 0x80008000 - 0x803fc590   (4050 kB)
Apr 20 17:29:43 witherspoon kernel[948]: [    0.000000]       .init : 0x8057a000 - 0x805c0000   ( 280 kB)
Apr 20 17:29:43 witherspoon kernel[948]: [    0.000000]       .data : 0x805c0000 - 0x806061a8   ( 281 kB)
Apr 20 17:29:43 witherspoon kernel[948]: [    0.000000]        .bss : 0x806061a8 - 0x80622078   ( 112 kB)
Apr 20 17:29:43 witherspoon kernel[948]: [    0.000000] NR_IRQS:16 nr_irqs:16 16
Apr 20 17:29:43 witherspoon kernel[948]: [    0.000000] i2c controller registered, irq 16
Apr 20 17:29:43 witherspoon kernel[948]: [    0.000000] clocksource: moxart_timer: mask: 0xffffffff max_cycles: 0xffffffff, max_idle_ns: 77222644334 ns
Apr 20 17:29:43 witherspoon kernel[948]: [    0.000000] sched_clock: 32 bits at 100 Hz, resolution 10000000ns, wraps every 21474836475000000ns
Apr 20 17:29:43 witherspoon kernel[948]: [    0.090000] Calibrating delay loop... 789.70 BogoMIPS (lpj=3948544)
Apr 20 17:29:43 witherspoon kernel[948]: [    0.090000] pid_max: default: 32768 minimum: 301
Apr 20 17:29:43 witherspoon kernel[948]: [    0.090000] Mount-cache hash table entries: 1024 (order: 0, 4096 bytes)
Apr 20 17:29:43 witherspoon kernel[948]: [    0.090000] Mountpoint-cache hash table entries: 1024 (order: 0, 4096 bytes)
Apr 20 17:29:43 witherspoon kernel[948]: [    0.090000] CPU: Testing write buffer coherency: ok
Apr 20 17:29:43 witherspoon kernel[948]: [    0.090000] ftrace: allocating 14867 entries in 44 pages
Apr 20 17:29:43 witherspoon kernel[948]: [    0.120000] Setting up static identity map for 0x80008200 - 0x8000825c
Apr 20 17:29:43 witherspoon kernel[948]: [    0.120000] devtmpfs: initialized
Apr 20 17:29:43 witherspoon kernel[948]: [    0.140000] clocksource: jiffies: mask: 0xffffffff max_cycles: 0xffffffff, max_idle_ns: 19112604462750000 ns
Apr 20 17:29:43 witherspoon kernel[948]: [    0.140000] futex hash table entries: 256 (order: -1, 3072 bytes)
Apr 20 17:29:43 witherspoon kernel[948]: [    0.140000] pinctrl core: initialized pinctrl subsystem
Apr 20 17:29:43 witherspoon kernel[948]: [    0.140000] NET: Registered protocol family 16
Apr 20 17:29:43 witherspoon kernel[948]: [    0.140000] DMA: preallocated 256 KiB pool for atomic coherent allocations
Apr 20 17:29:43 witherspoon kernel[948]: [    0.210000] usbcore: registered new interface driver usbfs
Apr 20 17:29:43 witherspoon kernel[948]: [    0.210000] usbcore: registered new interface driver hub
Apr 20 17:29:43 witherspoon kernel[948]: [    0.210000] usbcore: registered new device driver usb
Apr 20 17:29:43 witherspoon kernel[948]: [    0.220000] clocksource: Switched to clocksource moxart_timer
Apr 20 17:29:43 witherspoon kernel[948]: [    0.240000] NET: Registered protocol family 2
Apr 20 17:29:43 witherspoon kernel[948]: [    0.240000] TCP established hash table entries: 4096 (order: 2, 16384 bytes)
Apr 20 17:29:45 witherspoon systemd-networkd[947]: Enumeration completed
Apr 20 17:29:43 witherspoon kernel[948]: [    0.240000] TCP bind hash table entries: 4096 (order: 2, 16384 bytes)
Apr 20 17:29:45 witherspoon systemd[1]: Started Network Service.
Apr 20 17:29:43 witherspoon kernel[948]: [    0.240000] TCP: Hash tables configured (established 4096 bind 4096)
Apr 20 17:29:45 witherspoon systemd[1]: Started Phosphor Log Manager.
Apr 20 17:29:43 witherspoon kernel[948]: [    0.240000] UDP hash table entries: 256 (order: 0, 4096 bytes)
Apr 20 17:29:45 witherspoon systemd[1]: Reached target Network.
Apr 20 17:29:43 witherspoon kernel[948]: [    0.240000] UDP-Lite hash table entries: 256 (order: 0, 4096 bytes)
Apr 20 17:29:45 witherspoon systemd[1]: Starting Permit User Sessions...
Apr 20 17:29:43 witherspoon kernel[948]: [    0.240000] NET: Registered protocol family 1
Apr 20 17:29:45 witherspoon systemd-networkd[947]: eth0: IPv6 enabled for interface: Success
Apr 20 17:29:43 witherspoon kernel[948]: [    0.240000] Trying to unpack rootfs image as initramfs...
Apr 20 17:29:45 witherspoon systemd[1]: Started Lightweight SLP Server.
Apr 20 17:29:43 witherspoon kernel[948]: [    1.910000] Freeing initrd memory: 1548K
Apr 20 17:29:45 witherspoon systemd-networkd[947]: eth0: Gained carrier
Apr 20 17:29:43 witherspoon kernel[948]: [    1.910000] workingset: timestamp_bits=30 max_order=17 bucket_order=0
Apr 20 17:29:45 witherspoon systemd-timesyncd[886]: Network configuration changed, trying to establish connection.
Apr 20 17:29:43 witherspoon kernel[948]: [    1.910000] squashfs: version 4.0 (2009/01/31) Phillip Lougher
Apr 20 17:29:45 witherspoon systemd[1]: Started Permit User Sessions.
Apr 20 17:29:43 witherspoon kernel[948]: [    1.910000] jffs2: version 2.2. (SUMMARY)  © 2001-2006 Red Hat, Inc.
Apr 20 17:29:45 witherspoon systemd[1]: Started Serial Getty on ttyS4.
Apr 20 17:29:43 witherspoon kernel[948]: [    1.910000] Block layer SCSI generic (bsg) driver version 0.4 loaded (major 250)
Apr 20 17:29:46 witherspoon systemd[1]: Reached target Login Prompts.
Apr 20 17:29:43 witherspoon kernel[948]: [    1.910000] io scheduler noop registered
Apr 20 17:29:43 witherspoon kernel[948]: [    1.910000] io scheduler deadline registered
Apr 20 17:29:43 witherspoon kernel[948]: [    1.910000] io scheduler cfq registered (default)
Apr 20 17:29:43 witherspoon kernel[948]: [    2.060000] ipmi-bt-host 1e789140.ibt: Found bt bmc device
Apr 20 17:29:43 witherspoon kernel[948]: [    2.060000] ipmi-bt-host 1e789140.ibt: Using IRQ 22
Apr 20 17:29:43 witherspoon kernel[948]: [    2.060000] Serial: 8250/16550 driver, 6 ports, IRQ sharing enabled
Apr 20 17:29:43 witherspoon kernel[948]: [    2.060000] 1e783000.serial: ttyS0 at MMIO 0x1e783000 (irq = 23, base_baud = 1500000) is a 16550A
Apr 20 17:29:43 witherspoon kernel[948]: [    2.060000] 1e78d000.serial: ttyS1 at MMIO 0x1e78d000 (irq = 24, base_baud = 1500000) is a 16550A
Apr 20 17:29:43 witherspoon kernel[948]: [    2.060000] 1e784000.serial: ttyS4 at MMIO 0x1e784000 (irq = 25, base_baud = 1500000) is a 16550A
Apr 20 17:29:43 witherspoon kernel[948]: [    2.410000] console [ttyS4] enabled
Apr 20 17:29:43 witherspoon kernel[948]: [    2.410000] 1e787000.vuart: ttyS2 at MMIO 0x1e787000 (irq = 22, base_baud = 1500000) is a 16550A
Apr 20 17:29:43 witherspoon kernel[948]: [    2.610000] timeriomem_rng 1e6e2078.hwrng: 32bits from 0xf00e2078 @ 1us
Apr 20 17:29:43 witherspoon kernel[948]: [    2.650000] brd: module loaded
Apr 20 17:29:43 witherspoon kernel[948]: [    2.680000] loop: module loaded
Apr 20 17:29:43 witherspoon kernel[948]: [    2.680000] aspeed-lpc-ctrl 1e789080.lpc-ctrl: Loaded at 0x98000000 (0x04000000)
Apr 20 17:29:43 witherspoon kernel[948]: [    2.680000] aspeed-smc 1e620000.flash-controller: Using IRQ 18
Apr 20 17:29:43 witherspoon kernel[948]: [    2.680000] aspeed-smc 1e620000.flash-controller: DMA support disabled.
Apr 20 17:29:43 witherspoon kernel[948]: [    2.680000] aspeed-smc 1e620000.flash-controller: mx25l25635e (32768 Kbytes)
Apr 20 17:29:43 witherspoon kernel[948]: [    2.710000] aspeed-smc 1e620000.flash-controller: CE0 window [ 0x20000000 - 0x22000000 ] 32MB
Apr 20 17:29:43 witherspoon kernel[948]: [    2.710000] aspeed-smc 1e620000.flash-controller: CE1 window [ 0x22000000 - 0x2a000000 ] 128MB
Apr 20 17:29:43 witherspoon kernel[948]: [    2.710000] 5 ofpart partitions found on MTD device bmc
Apr 20 17:29:46 witherspoon systemd[1]: Started Avahi mDNS/DNS-SD Stack.
Apr 20 17:29:43 witherspoon kernel[948]: [    2.710000] Creating 5 MTD partitions on "bmc":
Apr 20 17:29:46 witherspoon systemd[1]: Reached target Multi-User System.
Apr 20 17:29:43 witherspoon kernel[948]: [    2.710000] 0x000000000000-0x000000060000 : "u-boot"
Apr 20 17:29:43 witherspoon kernel[948]: [    2.750000] 0x000000060000-0x000000080000 : "u-boot-env"
Apr 20 17:29:43 witherspoon kernel[948]: [    2.750000] 0x000000080000-0x0000004c0000 : "kernel"
Apr 20 17:29:43 witherspoon kernel[948]: [    2.750000] 0x0000004c0000-0x000001c00000 : "rofs"
Apr 20 17:29:43 witherspoon kernel[948]: [    2.750000] 0x000001c00000-0x000002000000 : "rwfs"
Apr 20 17:29:43 witherspoon kernel[948]: [    2.750000] aspeed-smc 1e620000.flash-controller: mx25l25635e (32768 Kbytes)
Apr 20 17:29:43 witherspoon kernel[948]: [    2.800000] aspeed-smc 1e620000.flash-controller: CE1 window [ 0x22000000 - 0x24000000 ] 32MB
Apr 20 17:29:43 witherspoon kernel[948]: [    2.800000] aspeed-smc 1e620000.flash-controller: CE2 window [ 0x24000000 - 0x2c000000 ] 128MB
Apr 20 17:29:43 witherspoon kernel[948]: [    2.800000] aspeed-smc 1e630000.flash-controller: mx66l1g45g (131072 Kbytes)
Apr 20 17:29:43 witherspoon kernel[948]: [    2.800000] aspeed-smc 1e630000.flash-controller: CE0 window resized to 120MB (AST2500 HW quirk)
Apr 20 17:29:43 witherspoon kernel[948]: [    2.800000] aspeed-smc 1e630000.flash-controller: CE0 window [ 0x30000000 - 0x37800000 ] 120MB
Apr 20 17:29:43 witherspoon kernel[948]: [    2.800000] aspeed-smc 1e630000.flash-controller: CE0 window too small for chip 128MB
Apr 20 17:29:43 witherspoon kernel[948]: [    2.850000] aspeed-smc 1e630000.flash-controller: CE1 window [ 0x37800000 - 0x38000000 ] 8MB
Apr 20 17:29:43 witherspoon kernel[948]: [    3.550000] libphy: Fixed MDIO Bus: probed
Apr 20 17:29:43 witherspoon kernel[948]: [    3.550000] ftgmac100 1e660000.ethernet: Read MAC address 70:e2:84:14:24:20 from chip
Apr 20 17:29:43 witherspoon kernel[948]: [    3.650000] ftgmac100 1e660000.ethernet: Using NCSI interface
Apr 20 17:29:43 witherspoon kernel[948]: [    3.650000] ftgmac100 1e660000.ethernet eth0: irq 20, mapped at f0060000
Apr 20 17:29:43 witherspoon kernel[948]: [    3.650000] ehci_hcd: USB 2.0 'Enhanced' Host Controller (EHCI) Driver
Apr 20 17:29:43 witherspoon kernel[948]: [    3.650000] ehci-platform: EHCI generic platform driver
Apr 20 17:29:43 witherspoon kernel[948]: [    3.830000]  fsi0: can't read slave 00:00 -5
Apr 20 17:29:43 witherspoon kernel[948]: [    3.830000] i2c /dev entries driver
Apr 20 17:29:43 witherspoon kernel[948]: [    3.830000] aspeed-i2c-bus 1e78a0c0.i2c-bus: i2c bus 2 registered, irq 26
Apr 20 17:29:43 witherspoon kernel[948]: [    3.830000] aspeed-i2c-bus 1e78a100.i2c-bus: i2c bus 3 registered, irq 27
Apr 20 17:29:43 witherspoon kernel[948]: [    3.830000] aspeed-i2c-bus 1e78a140.i2c-bus: i2c bus 4 registered, irq 28
Apr 20 17:29:43 witherspoon kernel[948]: [    3.830000] aspeed-i2c-bus 1e78a180.i2c-bus: i2c bus 5 registered, irq 29
Apr 20 17:29:43 witherspoon kernel[948]: [    3.830000] aspeed-i2c-bus 1e78a380.i2c-bus: i2c bus 9 registered, irq 30
Apr 20 17:29:43 witherspoon kernel[948]: [    3.830000] aspeed-i2c-bus 1e78a3c0.i2c-bus: i2c bus 10 registered, irq 31
Apr 20 17:29:43 witherspoon kernel[948]: [    3.920000] rtc-rv8803 11-0032: rtc core: registered rx8900 as rtc0
Apr 20 17:29:43 witherspoon kernel[948]: [    3.930000] at24 11-0051: 8192 byte 24c64 EEPROM, writable, 1 bytes/write
Apr 20 17:29:43 witherspoon kernel[948]: [    3.940000] aspeed-i2c-bus 1e78a400.i2c-bus: i2c bus 11 registered, irq 32
Apr 20 17:29:43 witherspoon kernel[948]: [    3.940000] aspeed-i2c-bus 1e78a440.i2c-bus: i2c bus 12 registered, irq 33
Apr 20 17:29:43 witherspoon kernel[948]: [    3.950000] aspeed-i2c-bus 1e78a480.i2c-bus: i2c bus 13 registered, irq 34
Apr 20 17:29:43 witherspoon kernel[948]: [    3.950000] Driver for 1-wire Dallas network protocol.
Apr 20 17:29:43 witherspoon kernel[948]: [    3.970000] lm75 9-004a: hwmon0: sensor 'tmp275'
Apr 20 17:29:43 witherspoon kernel[948]: [    4.000000] random: fast init done
Apr 20 17:29:43 witherspoon kernel[948]: [    4.390000] ucd9000 11-0064: Device ID UCD90160|2.3.4.0000|110603
Apr 20 17:29:43 witherspoon kernel[948]: [    4.720000] leds-pca955x 11-0060: leds-pca955x: Using pca9552 16-bit LED driver at slave address 0x60
Apr 20 17:29:43 witherspoon kernel[948]: [    4.730000] leds-pca955x 11-0060: gpios 264...279
Apr 20 17:29:43 witherspoon kernel[948]: [    4.740000] usbcore: registered new interface driver usbhid
Apr 20 17:29:43 witherspoon kernel[948]: [    4.740000] usbhid: USB HID core driver
Apr 20 17:29:43 witherspoon kernel[948]: [    4.790000] dps310: probe of 3-0076 failed with error -5
Apr 20 17:29:43 witherspoon kernel[948]: [    4.790000] NET: Registered protocol family 10
Apr 20 17:29:43 witherspoon kernel[948]: [    4.800000] Segment Routing with IPv6
Apr 20 17:29:43 witherspoon kernel[948]: [    4.800000] NET: Registered protocol family 17
Apr 20 17:29:43 witherspoon kernel[948]: [    4.800000] console [netcon0] enabled
Apr 20 17:29:43 witherspoon kernel[948]: [    4.820000] netconsole: network logging started
Apr 20 17:29:43 witherspoon kernel[948]: [    4.820000] input: gpio-keys as /devices/platform/gpio-keys/input/input0
Apr 20 17:29:43 witherspoon kernel[948]: [    4.830000] rtc-rv8803 11-0032: setting system clock to 2016-03-13 01:46:21 UTC (1457833581)
Apr 20 17:29:43 witherspoon kernel[948]: [    4.840000] Freeing unused kernel memory: 280K
Apr 20 17:29:43 witherspoon kernel[948]: [    4.840000] This architecture does not have kernel memory protection.
Apr 20 17:29:43 witherspoon kernel[948]: [    6.260000] jffs2: notice: (515) jffs2_build_xattr_subsystem: complete building xattr subsystem, 0 of xdatum (0 unchecked, 0 orphan) and 0 of xref (0 dead, 0 orphan) found.
Apr 20 17:29:43 witherspoon kernel[948]: [    8.430000] systemd[1]: System time before build time, advancing clock.
Apr 20 17:29:43 witherspoon kernel[948]: [    8.430000] systemd[1]: Failed to insert module 'autofs4': No such file or directory
Apr 20 17:29:43 witherspoon kernel[948]: [    8.690000] systemd[1]: systemd 232 running in system mode. (+PAM -AUDIT -SELINUX -IMA -APPARMOR -SMACK +SYSVINIT -UTMP -LIBCRYPTSETUP -GCRYPT -GNUTLS +ACL +XZ -LZ4 -SECCOMP +BLKID -ELFUTILS +KMOD -IDN)
Apr 20 17:29:43 witherspoon kernel[948]: [    8.690000] systemd[1]: Detected architecture arm.
Apr 20 17:29:43 witherspoon kernel[948]: [    8.800000] systemd[1]: Set hostname to <witherspoon>.
Apr 20 17:29:43 witherspoon kernel[948]: [   10.380000] systemd[1]: Listening on Journal Socket (/dev/log).
Apr 20 17:29:43 witherspoon kernel[948]: [   10.530000] systemd[1]: Started Dispatch Password Requests to Console Directory Watch.
Apr 20 17:29:43 witherspoon kernel[948]: [   10.690000] systemd[1]: Listening on Journal Socket.
Apr 20 17:29:43 witherspoon kernel[948]: [   10.850000] systemd[1]: Reached target Swap.
Apr 20 17:29:43 witherspoon kernel[948]: [   11.020000] systemd[1]: Listening on Network Service Netlink Socket.
Apr 20 17:29:43 witherspoon kernel[948]: [   11.200000] systemd[1]: Listening on udev Kernel Socket.
Apr 20 17:29:43 witherspoon kernel[948]: [   11.380000] systemd[1]: Listening on udev Control Socket.
Apr 20 17:29:43 witherspoon kernel[948]: [   13.840000] systemd[1]: Created slice system-org.openbmc.control.Bmc.slice.
Apr 20 17:29:43 witherspoon kernel[948]: [   14.100000] systemd[1]: Created slice system-phosphor\x2dcooling\x2dtype.slice.
Apr 20 17:29:43 witherspoon kernel[948]: [   14.370000] systemd[1]: Created slice system-phosphor\x2dreset\x2dhost\x2drunning.slice.
Apr 20 17:29:43 witherspoon kernel[948]: [   14.650000] systemd[1]: Created slice system-org.openbmc.buttons.Power.slice.
Apr 20 17:29:43 witherspoon kernel[948]: [   14.930000] systemd[1]: Created slice system-org.openbmc.control.Power.slice.
Apr 20 17:29:43 witherspoon kernel[948]: [   15.220000] systemd[1]: Created slice system-org.openbmc.buttons.reset.slice.
Apr 20 17:29:43 witherspoon kernel[948]: [   15.520000] systemd[1]: Created slice system-getty.slice.
Apr 20 17:29:43 witherspoon kernel[948]: [   15.570000] systemd[1]: Starting udev Coldplug all Devices...
Apr 20 17:29:43 witherspoon kernel[948]: [   15.600000] systemd[1]: Created slice system-serial\x2dgetty.slice.
Apr 20 17:29:43 witherspoon kernel[948]: [   15.640000] systemd[1]: Created slice system-org.openbmc.control.Chassis.slice.
Apr 20 17:29:43 witherspoon kernel[948]: [   18.720000] systemd-journald[533]: Received request to flush runtime journal from PID 1
Apr 20 17:29:43 witherspoon kernel[948]: [   25.720000] systemd[1]: Found device /dev/ttyVUART0.
Apr 20 17:29:43 witherspoon kernel[948]: [   25.720000] systemd[1]: Found device /dev/ttyS4.
Apr 20 17:29:43 witherspoon kernel[948]: [   25.980000] systemd[1]: Found device /dev/aspeed-lpc-ctrl.
Apr 20 17:29:43 witherspoon kernel[948]: [   26.250000] systemd[1]: Found device /dev/aspeed-mbox.
Apr 20 17:29:43 witherspoon kernel[948]: [   33.310000] random: crng init done
Apr 20 17:29:46 witherspoon avahi-daemon[963]: Found user 'avahi' (UID 998) and group 'avahi' (GID 997).
Apr 20 17:29:46 witherspoon avahi-daemon[963]: Successfully dropped root privileges.
Apr 20 17:29:46 witherspoon avahi-daemon[963]: avahi-daemon 0.6.32 starting up.
Apr 20 17:29:46 witherspoon avahi-daemon[963]: Successfully called chroot().
Apr 20 17:29:46 witherspoon avahi-daemon[963]: Successfully dropped remaining capabilities.
Apr 20 17:29:46 witherspoon avahi-daemon[963]: Loading service file /services/obmc_console.service.
Apr 20 17:29:46 witherspoon avahi-daemon[963]: Loading service file /services/phosphor_rest.service.
Apr 20 17:29:46 witherspoon avahi-daemon[963]: Loading service file /services/sftp-ssh.service.
Apr 20 17:29:46 witherspoon avahi-daemon[963]: Loading service file /services/sftp.service.
Apr 20 17:29:46 witherspoon avahi-daemon[963]: Loading service file /services/ssh.service.
Apr 20 17:29:46 witherspoon avahi-daemon[963]: Joining mDNS multicast group on interface eth0.IPv6 with address fe80::72e2:84ff:fe14:2420.
Apr 20 17:29:46 witherspoon avahi-daemon[963]: New relevant interface eth0.IPv6 for mDNS.
Apr 20 17:29:46 witherspoon avahi-daemon[963]: Joining mDNS multicast group on interface eth0.IPv4 with address 9.41.166.169.
Apr 20 17:29:46 witherspoon avahi-daemon[963]: New relevant interface eth0.IPv4 for mDNS.
Apr 20 17:29:46 witherspoon avahi-daemon[963]: Network interface enumeration completed.
Apr 20 17:29:46 witherspoon avahi-daemon[963]: Registering new address record for fe80::72e2:84ff:fe14:2420 on eth0.*.
Apr 20 17:29:46 witherspoon systemd-networkd[947]: eth0: Gained IPv6LL
Apr 20 17:29:46 witherspoon avahi-daemon[963]: Registering new address record for 9.41.166.169 on eth0.IPv4.
Apr 20 17:29:47 witherspoon systemd[1]: Started Phosphor Version Software Manager.
Apr 20 17:29:47 witherspoon avahi-daemon[963]: Server startup complete. Host name is witherspoon.local. Local service cookie is 1860767640.
Apr 20 17:29:48 witherspoon avahi-daemon[963]: Service "witherspoon" (/services/ssh.service) successfully established.
Apr 20 17:29:48 witherspoon avahi-daemon[963]: Service "sftp" (/services/sftp.service) successfully established.
Apr 20 17:29:48 witherspoon avahi-daemon[963]: Service "witherspoon" (/services/sftp-ssh.service) successfully established.
Apr 20 17:29:48 witherspoon avahi-daemon[963]: Service "phosphor_rest" (/services/phosphor_rest.service) successfully established.
Apr 20 17:29:48 witherspoon avahi-daemon[963]: Service "obmc_console" (/services/obmc_console.service) successfully established.
Apr 20 17:29:49 witherspoon systemd[1]: Started Phosphor BMC0 Control.
Apr 20 17:29:49 witherspoon kernel: ftgmac100 1e660000.ethernet eth0: NCSI interface up
Apr 20 17:29:49 witherspoon kernel[948]: [   40.070000] ftgmac100 1e660000.ethernet eth0: NCSI interface up
Apr 20 17:29:54 witherspoon systemd[1]: Created slice system-dropbear.slice.
Apr 20 17:29:54 witherspoon systemd[1]: Started SSH Per-Connection Server (9.41.165.94:60124).
Apr 20 17:29:56 witherspoon dropbear[978]: Failed loading /etc/dropbear/dropbear_dss_host_key
Apr 20 17:29:56 witherspoon dropbear[978]: Failed loading /etc/dropbear/dropbear_ecdsa_host_key
Apr 20 17:29:56 witherspoon dropbear[978]: Child connection from ::ffff:9.41.165.94:60124
Apr 20 17:29:59 witherspoon systemd-networkd[947]: eth0: Configured
Apr 20 17:29:59 witherspoon systemd-timesyncd[886]: Network configuration changed, trying to establish connection.
Apr 20 17:30:00 witherspoon systemd[1]: Started Phosphor Download Manager.
Apr 20 17:30:03 witherspoon download_manager.py[939]: Running Download Manager
Apr 20 17:30:03 witherspoon sensor_manager2.py[943]: Setting boot count to 3
Apr 20 17:30:03 witherspoon sensor_manager2.py[943]: Deleting OCC device
Apr 20 17:30:03 witherspoon chassis_control.py[962]: Running ChassisControlService
Apr 20 17:30:01 witherspoon dropbear[978]: pam_unix(dropbear:account): account root has password changed in future
Apr 20 17:30:02 witherspoon systemd[1]: Started Phosphor Chassis0 Control.
Apr 20 17:30:03 witherspoon sensor_manager2.py[943]: sh: /sys/class/i2c-adapter/i2c-3/3-0050/online: No such file or directory
Apr 20 17:30:01 witherspoon dropbear[978]: PAM password auth succeeded for 'root' from ::ffff:9.41.165.94:60124
Apr 20 17:30:03 witherspoon sensor_manager2.py[943]: Deleting OCC device
Apr 20 17:30:01 witherspoon dropbear[979]: lastlog_perform_login: Couldn't stat /var/log/lastlog: No such file or directory
Apr 20 17:30:03 witherspoon sensor_manager2.py[943]: sh: /sys/class/i2c-adapter/i2c-3/3-0050/online: No such file or directory
Apr 20 17:30:01 witherspoon dropbear[979]: lastlog_openseek: /var/log/lastlog is not a file or directory!
Apr 20 17:30:04 witherspoon phosphor-mapper[950]: ObjectMapper startup complete.  Discovery in progress...
Apr 20 17:30:05 witherspoon avahi-daemon[973]: ../../avahi-0.6.32/avahi-daemon/chroot.c: open() failed: No such file or directory
Apr 20 17:30:05 witherspoon avahi-daemon[963]: Failed to open /usr/share/dbus-1/interfaces/org.freedesktop.Avahi.Server.xml: Invalid argument
Apr 20 17:30:05 witherspoon avahi-daemon[963]: Failed to load introspection data.
Apr 20 17:30:05 witherspoon sensor_manager2.py[943]: Starting sensor manager
Apr 20 17:30:05 witherspoon systemd[1]: Started Phosphor Sensor Manager.
Apr 20 17:30:05 witherspoon obmc-phosphor-userd[951]: Started
Apr 20 17:30:05 witherspoon systemd[1]: Started Phosphor User Manager.
Apr 20 17:30:08 witherspoon inventory_items.py[953]: Loading from cache: /var/cache/obmc/org.openbmc.inventory.system.chassis.motherboard.apss@org.openbmc.InventoryItem.props
Apr 20 17:30:08 witherspoon inventory_items.py[953]: Loading from cache: /var/cache/obmc/org.openbmc.inventory.system.chassis.motherboard@org.openbmc.InventoryItem.props
Apr 20 17:30:08 witherspoon inventory_items.py[953]: Loading from cache: /var/cache/obmc/org.openbmc.inventory.system.chassis.motherboard.refclock@org.openbmc.InventoryItem.props
Apr 20 17:30:08 witherspoon inventory_items.py[953]: Loading from cache: /var/cache/obmc/org.openbmc.inventory.system.chassis.motherboard.todclock@org.openbmc.InventoryItem.props
Apr 20 17:30:08 witherspoon inventory_items.py[953]: Loading from cache: /var/cache/obmc/org.openbmc.inventory.system.chassis.motherboard.bmc@org.openbmc.InventoryItem.props
Apr 20 17:30:08 witherspoon inventory_items.py[953]: Caching: /org/openbmc/inventory/system/chassis/motherboard/bmc
Apr 20 17:30:08 witherspoon inventory_items.py[953]: Loading from cache: /var/cache/obmc/org.openbmc.inventory.system.chassis.motherboard.pcieclock@org.openbmc.InventoryItem.props
Apr 20 17:30:09 witherspoon inventory_items.py[953]: Running Inventory Manager
Apr 20 17:30:09 witherspoon systemd[1]: Started Phosphor Inventory Manager.
Apr 20 17:30:10 witherspoon systemd[1]: Started Phosphor Network Manager.
Apr 20 17:30:10 witherspoon netman.py[944]: Started
Apr 20 17:30:13 witherspoon phosphor-mapper[950]: ObjectMapper discovery complete
Apr 20 17:30:13 witherspoon systemd[1]: Started Phosphor DBus Service Discovery Manager.
Apr 20 17:30:13 witherspoon systemd[1]: Reached target Phosphor Object Mapper.
Apr 20 17:30:13 witherspoon systemd[1]: Reached target Webserver (pre).
Apr 20 17:30:13 witherspoon systemd[1]: Started Phosphor Webserver.
Apr 20 17:30:13 witherspoon systemd[1]: Starting Wait for /xyz/openbmc_project/led/groups/bmc_booted...
Apr 20 17:30:13 witherspoon systemd[1]: Starting Wait for /xyz/openbmc_project/led/groups...
Apr 20 17:30:13 witherspoon systemd[1]: Starting Wait for /xyz/openbmc_project/control/host0...
Apr 20 17:30:13 witherspoon systemd[1]: Starting Wait for /xyz/openbmc_project/inventory...
Apr 20 17:30:13 witherspoon systemd[1]: Starting Phosphor Settings Manager...
Apr 20 17:30:13 witherspoon systemd[1]: Starting Wait for /org/openbmc/managers/Download...
Apr 20 17:30:13 witherspoon systemd[1]: Starting Wait for /org/openbmc/control/power0...
Apr 20 17:30:13 witherspoon systemd[1]: Starting Wait for /org/openbmc/control/bmc0...
Apr 20 17:30:13 witherspoon systemd[1]: Starting Wait for /xyz/openbmc_project/state/host0...
Apr 20 17:30:13 witherspoon systemd[1]: Starting Phoshpor System Manager...
Apr 20 17:30:13 witherspoon systemd[1]: Starting Wait for /xyz/openbmc_project/state/chassis0...
Apr 20 17:30:13 witherspoon systemd[1]: Starting Wait for /org/openbmc/NetworkManager/Interface...
Apr 20 17:30:13 witherspoon systemd[1]: Started Phosphor DBus Monitor.
Apr 20 17:30:13 witherspoon systemd[1]: Starting Wait for /org/openbmc/managers/System...
Apr 20 17:30:13 witherspoon systemd[1]: Starting Wait for /org/openbmc/control/flash/bios...
Apr 20 17:30:13 witherspoon systemd[1]: Starting Wait for /org/openbmc/sensors...
Apr 20 17:30:17 witherspoon systemd[1]: Started Wait for /xyz/openbmc_project/led/groups/bmc_booted.
Apr 20 17:30:17 witherspoon systemd[1]: Started Wait for /xyz/openbmc_project/led/groups.
Apr 20 17:30:17 witherspoon systemd[1]: Started Wait for /xyz/openbmc_project/inventory.
Apr 20 17:30:17 witherspoon systemd[1]: Started Wait for /org/openbmc/managers/Download.
Apr 20 17:30:17 witherspoon systemd[1]: Started Wait for /org/openbmc/control/bmc0.
Apr 20 17:30:17 witherspoon systemd[1]: Started Wait for /org/openbmc/NetworkManager/Interface.
Apr 20 17:30:17 witherspoon systemd[1]: Started Wait for /org/openbmc/sensors.
Apr 20 17:30:17 witherspoon systemd[1]: Started Phosphor Hwmon Poller.
Apr 20 17:30:17 witherspoon systemd[1]: Started Phosphor DNS Settings Cache Manager.
Apr 20 17:30:17 witherspoon systemd[1]: Starting Phosphor BMC Code Update...
Apr 20 17:30:17 witherspoon systemd[1]: Starting Phosphor BIOS Code Update...
Apr 20 17:30:17 witherspoon systemd[1]: Started Phosphor Cooling Type.
Apr 20 17:30:17 witherspoon systemd[1]: Starting OpenPOWER OCC controller...
Apr 20 17:30:17 witherspoon systemd[1]: Started FRU Fault monitor service.
Apr 20 17:30:17 witherspoon systemd[1]: Starting Assert bmc_booted LED...
Apr 20 17:30:19 witherspoon systemd[1]: Started OpenPOWER OCC controller.
Apr 20 17:30:19 witherspoon phosphor-ledmanager[959]: Error looking up Physical LED services
Apr 20 17:30:19 witherspoon systemd[1]: Started Assert bmc_booted LED.
Apr 20 17:30:19 witherspoon systemd[1]: Started Phosphor BIOS Code Update.
Apr 20 17:30:24 witherspoon settings_manager.py[992]: Running HostSettingsService
Apr 20 17:30:24 witherspoon systemd[1]: Started Phosphor Settings Manager.
Apr 20 17:30:24 witherspoon systemd[1]: Starting Wait for /org/openbmc/settings/host0...
Apr 20 17:30:24 witherspoon systemd[1]: Started Wait for /org/openbmc/control/flash/bios.
Apr 20 17:30:24 witherspoon systemd[1]: Started Initialize BIOS Flash.
Apr 20 17:30:26 witherspoon systemd[1]: Started Wait for /org/openbmc/settings/host0.
Apr 20 17:30:26 witherspoon systemd[1]: Started Phosphor Inband IPMI.
Apr 20 17:30:27 witherspoon system_manager.py[997]: Running System State: BASE_APPS
Apr 20 17:30:27 witherspoon system_manager.py[997]: SystemManager Init Done
Apr 20 17:30:27 witherspoon system_manager.py[997]: Running SystemManager
Apr 20 17:30:27 witherspoon systemd[1]: Started Phoshpor System Manager.
Apr 20 17:30:27 witherspoon system_manager.py[997]: SystemManager Goto System State: BMC_STARTING
Apr 20 17:30:27 witherspoon system_manager.py[997]: Running System State: BMC_STARTING
Apr 20 17:30:29 witherspoon hwmon.py[1004]: Starting HWMON sensors
Apr 20 17:30:30 witherspoon flash_bios.exe[1007]: Starting flasher: bios,,/org/openbmc/control/flash/bios,
Apr 20 17:30:30 witherspoon flash_bios.exe[1007]: flasher: , BMC = 1, address = 0x0
Apr 20 17:30:30 witherspoon flash_bios.exe[1007]: Setting up flash
Apr 20 17:30:30 witherspoon systemd[1]: Started Wait for /org/openbmc/managers/System.
Apr 20 17:30:30 witherspoon systemd[1]: Starting Phosphor Power Button0...
Apr 20 17:30:30 witherspoon systemd[1]: Starting Phosphor Host State Manager...
Apr 20 17:30:30 witherspoon systemd[1]: Starting Phosphor Reset Button0...
Apr 20 17:30:30 witherspoon systemd[1]: Starting Phosphor BMC State Manager...
Apr 20 17:30:30 witherspoon systemd[1]: Starting Phosphor Power0 Control...
Apr 20 17:30:30 witherspoon systemd[1]: Starting Phosphor Chassis State Manager...
Apr 20 17:30:31 witherspoon system_manager.py[997]: New object: /org/openbmc/control/power0 (:1.49)
Apr 20 17:30:31 witherspoon system_manager.py[997]: Power GPIO config: ['SYS_PWROK_BUFF', '', [('SOFTWARE_PGOOD', True), ('BMC_POWER_UP', True)], [('BMC_CP0_RESET_N', False)], [], 'FSI_DATA', 'FSI_CLK', 'FSI_ENABLE', 'CRONUS_SEL', []]
Apr 20 17:30:32 witherspoon phosphor-bmc-state-manager[1043]: Setting the BMCState field
Apr 20 17:30:32 witherspoon phosphor-bmc-state-manager[1043]: Setting the BMCState field
Apr 20 17:30:32 witherspoon systemd[1]: Started Phosphor BMC State Manager.
Apr 20 17:30:32 witherspoon button_reset.exe[1042]: GPIO Lookup:  RESET_BUTTON = 353,both
Apr 20 17:30:32 witherspoon flash_bios.exe[1007]: Starting flasher: bios,,/org/openbmc/control/flash/bios,
Apr 20 17:30:32 witherspoon flash_bios.exe[1007]: flasher: , BMC = 1, address = 0x0
Apr 20 17:30:32 witherspoon flash_bios.exe[1007]: Setting up flash
Apr 20 17:30:32 witherspoon phosphor-host-state-manager[1041]: Initial Host State will be Off
Apr 20 17:30:32 witherspoon phosphor-chassis-state-manager[1045]: Initial Chassis State will be Off
Apr 20 17:30:32 witherspoon systemd[1]: Started Phosphor Reset Button0.
Apr 20 17:30:32 witherspoon systemd[1]: Started Phosphor Host State Manager.
Apr 20 17:30:32 witherspoon systemd[1]: Started Phosphor Chassis State Manager.
Apr 20 17:30:32 witherspoon power_control.exe[1044]: Power GPIO latch output:
Apr 20 17:30:32 witherspoon power_control.exe[1044]: Power GPIO power good input: SYS_PWROK_BUFF
Apr 20 17:30:32 witherspoon power_control.exe[1044]: Power GPIO 2 power_up outputs
Apr 20 17:30:32 witherspoon power_control.exe[1044]: Power GPIO power_up[0] = SOFTWARE_PGOOD active HIGH
Apr 20 17:30:32 witherspoon power_control.exe[1044]: Power GPIO power_up[1] = BMC_POWER_UP active HIGH
Apr 20 17:30:32 witherspoon power_control.exe[1044]: Power GPIO 1 reset outputs
Apr 20 17:30:32 witherspoon power_control.exe[1044]: Power GPIO reset[0] = BMC_CP0_RESET_N active LOW
Apr 20 17:30:32 witherspoon power_control.exe[1044]: Power GPIO 0 pci reset outputs
Apr 20 17:30:32 witherspoon power_control.exe[1044]: FSI DATA GPIO: FSI_DATA
Apr 20 17:30:32 witherspoon power_control.exe[1044]: FSI CLK GPIO: FSI_CLK
Apr 20 17:30:32 witherspoon power_control.exe[1044]: FSI ENABLE GPIO: FSI_ENABLE
Apr 20 17:30:32 witherspoon power_control.exe[1044]: CRONUS SEL GPIO: CRONUS_SEL
Apr 20 17:30:32 witherspoon power_control.exe[1044]: Hostctl GPIO optionals: 0
Apr 20 17:30:32 witherspoon power_control.exe[1044]: GPIO Lookup:  SYS_PWROK_BUFF = 306,in
Apr 20 17:30:32 witherspoon power_control.exe[1044]: GPIO Lookup:  SOFTWARE_PGOOD = 417,out
Apr 20 17:30:32 witherspoon button_power.exe[1040]: GPIO Lookup:  POWER_BUTTON = 347,both
Apr 20 17:30:32 witherspoon systemd[1]: Started Phosphor Power Button0.
Apr 20 17:30:32 witherspoon power_control.exe[1044]: GPIO Lookup:  BMC_POWER_UP = 305,out
Apr 20 17:30:32 witherspoon power_control.exe[1044]: GPIO Lookup:  BMC_CP0_RESET_N = 281,out
Apr 20 17:30:32 witherspoon power_control.exe[1044]: Pgood state: 0
Apr 20 17:30:32 witherspoon systemd[1]: Started Phosphor Power0 Control.
Apr 20 17:30:34 witherspoon systemd[1]: Started Phosphor BMC Code Update.
Apr 20 17:30:34 witherspoon bmc_update.py[1006]: Running Bmc Flash Control
Apr 20 17:30:36 witherspoon systemd[1]: Started Wait for /xyz/openbmc_project/control/host0.
Apr 20 17:30:38 witherspoon system_manager.py[997]: SystemManager Goto System State: BMC_READY
Apr 20 17:30:38 witherspoon system_manager.py[997]: Running System State: BMC_READY
Apr 20 17:30:38 witherspoon systemd[1]: Started Wait for /xyz/openbmc_project/state/chassis0.
Apr 20 17:30:38 witherspoon systemd[1]: Started Wait for /xyz/openbmc_project/state/host0.
Apr 20 17:30:38 witherspoon systemd[1]: Starting Reboot If Enabled...
Apr 20 17:30:39 witherspoon systemd[1]: Started Wait for /org/openbmc/control/power0.
Apr 20 17:30:39 witherspoon systemd[1]: Starting Phosphor Time Manager daemon...
Apr 20 17:30:39 witherspoon systemd[1]: Starting Check Chassis0 pgood and create a file to indicate it...
Apr 20 17:30:39 witherspoon phosphor-discover-system-state[1071]: Host power is off, checking power policy
Apr 20 17:30:39 witherspoon systemd[1]: Started Reboot If Enabled.
Apr 20 17:30:40 witherspoon timemanager[1073]: Registering dbus methods
Apr 20 17:30:40 witherspoon timemanager[1073]: Last known time_mode: NTP
Apr 20 17:30:40 witherspoon timemanager[1073]: Last known time_owner: BMC
Apr 20 17:30:40 witherspoon timemanager[1073]: Empty DhcpNtp string
Apr 20 17:30:40 witherspoon timemanager[1073]: Reading Power Control key: pgood
Apr 20 17:30:40 witherspoon timemanager[1073]: Changing settings *allowed* now
Apr 20 17:30:40 witherspoon timemanager[1073]: Getting System Settings: time_mode
Apr 20 17:30:40 witherspoon timemanager[1073]: Requested_Mode: NTP Current_Mode: NTP
Apr 20 17:30:40 witherspoon timemanager[1073]: Mode is already set to : NTP
Apr 20 17:30:40 witherspoon timemanager[1073]: Getting System Settings: time_owner
Apr 20 17:30:40 witherspoon timemanager[1073]: Owner is already set to : BMC
Apr 20 17:30:40 witherspoon timemanager[1073]: Getting System Settings: use_dhcp_ntp
Apr 20 17:30:40 witherspoon timemanager[1073]: use_dhcp_ntp = yes
Apr 20 17:30:40 witherspoon timemanager[1073]: Last known host_offset:0
Apr 20 17:30:40 witherspoon timemanager[1073]: Initial Uptime Usec: 1492709349435998
Apr 20 17:30:40 witherspoon systemd[1]: Started Phosphor Time Manager daemon.
Apr 20 17:30:40 witherspoon systemd[1]: Started Check Chassis0 pgood and create a file to indicate it.
Apr 20 17:30:40 witherspoon systemd[1]: Reached target Chassis0 power on after reset.
Apr 20 17:30:40 witherspoon systemd[1]: Reached target Host0 running after reset.
Apr 20 17:30:40 witherspoon systemd[1]: Reached target Host0 (Reset Check).
Apr 20 17:30:40 witherspoon systemd[1]: Reached target Chassis0 (Reset Check).
Apr 20 17:30:40 witherspoon systemd[1]: Reached target Phosphor System - Standby.
Apr 20 17:30:40 witherspoon systemd[1]: Startup finished in 8.312s (kernel) + 1min 22.692s (userspace) = 1min 31.005s.
Apr 20 17:30:40 witherspoon phosphor-bmc-state-manager[1043]: BMC_READY
Apr 20 17:30:40 witherspoon phosphor-bmc-state-manager[1043]: Setting the BMCState field
Apr 20 17:30:47 witherspoon phosphor-gevent[987]: Traceback (most recent call last):
Apr 20 17:30:47 witherspoon phosphor-gevent[987]:   File "/usr/lib/python2.7/site-packages/gevent/greenlet.py", line 327, in run
Apr 20 17:30:47 witherspoon phosphor-gevent[987]:     result = self._run(*self.args, **self.kwargs)
Apr 20 17:30:47 witherspoon phosphor-gevent[987]:   File "/usr/lib/python2.7/site-packages/gevent/server.py", line 102, in wrap_socket_and_handle
Apr 20 17:30:47 witherspoon phosphor-gevent[987]:     ssl_socket = self.wrap_socket(client_socket, **self.ssl_args)
Apr 20 17:30:47 witherspoon phosphor-gevent[987]:   File "/usr/lib/python2.7/site-packages/gevent/ssl.py", line 404, in wrap_socket
Apr 20 17:30:47 witherspoon phosphor-gevent[987]:     ciphers=ciphers)
Apr 20 17:30:47 witherspoon phosphor-gevent[987]:   File "/usr/lib/python2.7/site-packages/gevent/ssl.py", line 113, in __init__
Apr 20 17:30:47 witherspoon phosphor-gevent[987]:     self.do_handshake()
Apr 20 17:30:47 witherspoon phosphor-gevent[987]:   File "/usr/lib/python2.7/site-packages/gevent/ssl.py", line 324, in do_handshake
Apr 20 17:30:47 witherspoon phosphor-gevent[987]:     return self._sslobj.do_handshake()
Apr 20 17:30:47 witherspoon phosphor-gevent[987]: SSLEOFError: EOF occurred in violation of protocol (_ssl.c:590)
Apr 20 17:30:47 witherspoon phosphor-gevent[987]: <Greenlet at 0x75fbe300: <bound method WSGIServer.wrap_socket_and_handle of <WSGIServer at 0x75f998b0 fileno=5 address=('::34a2:ea76:b07d:6076%1986035104', 443, 0, 1986035104)>>(<socket at 0x75e6d2d0 fileno=9>, ('::6089:5e76:8e91:f402%1995016988', 47568, 0, 199)> failed with SSLEOFError
Apr 20 17:30:47 witherspoon phosphor-gevent[987]: Traceback (most recent call last):
Apr 20 17:30:47 witherspoon phosphor-gevent[987]:   File "/usr/lib/python2.7/site-packages/gevent/greenlet.py", line 327, in run
Apr 20 17:30:47 witherspoon phosphor-gevent[987]:     result = self._run(*self.args, **self.kwargs)
Apr 20 17:30:47 witherspoon phosphor-gevent[987]:   File "/usr/lib/python2.7/site-packages/gevent/server.py", line 102, in wrap_socket_and_handle
Apr 20 17:30:47 witherspoon phosphor-gevent[987]:     ssl_socket = self.wrap_socket(client_socket, **self.ssl_args)
Apr 20 17:30:47 witherspoon phosphor-gevent[987]:   File "/usr/lib/python2.7/site-packages/gevent/ssl.py", line 404, in wrap_socket
Apr 20 17:30:47 witherspoon phosphor-gevent[987]:     ciphers=ciphers)
Apr 20 17:30:47 witherspoon phosphor-gevent[987]:   File "/usr/lib/python2.7/site-packages/gevent/ssl.py", line 113, in __init__
Apr 20 17:30:47 witherspoon phosphor-gevent[987]:     self.do_handshake()
Apr 20 17:30:47 witherspoon phosphor-gevent[987]:   File "/usr/lib/python2.7/site-packages/gevent/ssl.py", line 324, in do_handshake
Apr 20 17:30:47 witherspoon phosphor-gevent[987]:     return self._sslobj.do_handshake()
Apr 20 17:30:47 witherspoon phosphor-gevent[987]: SSLEOFError: EOF occurred in violation of protocol (_ssl.c:590)
Apr 20 17:30:47 witherspoon phosphor-gevent[987]: <Greenlet at 0x75fbe5d0: <bound method WSGIServer.wrap_socket_and_handle of <WSGIServer at 0x75f998b0 fileno=5 address=('::34a2:ea76:b07d:6076%1986035104', 443, 0, 1986035104)>>(<socket at 0x75e6d270 fileno=10>, ('::6089:5e76:8e91:f402%1995016988', 47576, 0, 199)> failed with SSLEOFError
Apr 20 17:30:47 witherspoon phosphor-gevent[987]: ::6089:5e76:8e91:f402%1995016988 - - [2017-04-20 17:30:47] "POST /login HTTP/1.1" 200 320 0.045937
Apr 20 17:30:48 witherspoon phosphor-gevent[987]: ::6089:5e76:8e91:f402%1995016988 - - [2017-04-20 17:30:48] "GET /xyz/openbmc_project/state/chassis0//attr/CurrentPowerState HTTP/1.1" 200 216 0.059395
Apr 20 17:30:48 witherspoon phosphor-gevent[987]: ::6089:5e76:8e91:f402%1995016988 - - [2017-04-20 17:30:48] "POST /login HTTP/1.1" 200 320 0.033676
Apr 20 17:30:48 witherspoon phosphor-gevent[987]: ::6089:5e76:8e91:f402%1995016988 - - [2017-04-20 17:30:48] "GET /xyz/openbmc_project/state/chassis0//attr/CurrentPowerState HTTP/1.1" 200 216 0.049882
Apr 20 17:30:48 witherspoon phosphor-gevent[987]: ::6089:5e76:8e91:f402%1995016988 - - [2017-04-20 17:30:48] "POST /login HTTP/1.1" 200 320 0.032973
Apr 20 17:30:48 witherspoon phosphor-gevent[987]: ::6089:5e76:8e91:f402%1995016988 - - [2017-04-20 17:30:48] "GET /org/openbmc/sensors/host/BootProgress/attr/value HTTP/1.1" 200 170 0.055578
Apr 20 17:30:48 witherspoon phosphor-gevent[987]: ::6089:5e76:8e91:f402%1995016988 - - [2017-04-20 17:30:48] "POST /login HTTP/1.1" 200 320 0.033018
Apr 20 17:30:48 witherspoon phosphor-gevent[987]: ::6089:5e76:8e91:f402%1995016988 - - [2017-04-20 17:30:48] "GET /xyz/openbmc_project/state/host0//attr/CurrentHostState HTTP/1.1" 200 212 0.049033
Apr 20 17:30:49 witherspoon phosphor-gevent[987]: ::6089:5e76:8e91:f402%1995016988 - - [2017-04-20 17:30:49] "POST /login HTTP/1.1" 200 320 0.033356
Apr 20 17:30:49 witherspoon phosphor-gevent[987]: ::6089:5e76:8e91:f402%1995016988 - - [2017-04-20 17:30:49] "GET /xyz/openbmc_project/logging/entry/list HTTP/1.1" 404 311 0.030455
Apr 20 17:30:49 witherspoon dropbear[978]: Exit (root): Error reading: Connection reset by peer
Apr 20 17:30:49 witherspoon systemd[1]: Started SSH Per-Connection Server (9.41.165.94:60152).
Apr 20 17:30:49 witherspoon dropbear[1091]: Failed loading /etc/dropbear/dropbear_dss_host_key
Apr 20 17:30:49 witherspoon dropbear[1091]: Failed loading /etc/dropbear/dropbear_ecdsa_host_key
Apr 20 17:30:49 witherspoon dropbear[1091]: Child connection from ::ffff:9.41.165.94:60152
Apr 20 17:30:49 witherspoon dropbear[1091]: pam_unix(dropbear:account): account root has password changed in future
Apr 20 17:30:49 witherspoon dropbear[1091]: PAM password auth succeeded for 'root' from ::ffff:9.41.165.94:60152
Apr 20 17:30:49 witherspoon dropbear[1092]: lastlog_perform_login: Couldn't stat /var/log/lastlog: No such file or directory
Apr 20 17:30:49 witherspoon dropbear[1092]: lastlog_openseek: /var/log/lastlog is not a file or directory!
Apr 20 17:30:51 witherspoon phosphor-gevent[987]: ::6089:5e76:8e91:f402%1995016988 - - [2017-04-20 17:30:51] "POST /login HTTP/1.1" 200 320 0.033532
Apr 20 17:30:51 witherspoon phosphor-gevent[987]: ::6089:5e76:8e91:f402%1995016988 - - [2017-04-20 17:30:51] "GET /xyz/openbmc_project/state/host0//attr/CurrentHostState HTTP/1.1" 200 212 0.050570
Apr 20 17:30:51 witherspoon dropbear[1091]: Exit (root): Exited normally
Apr 20 17:30:54 witherspoon systemd[1]: Started SSH Per-Connection Server (9.41.165.94:60156).
Apr 20 17:30:54 witherspoon dropbear[1101]: Failed loading /etc/dropbear/dropbear_dss_host_key
Apr 20 17:30:54 witherspoon dropbear[1101]: Failed loading /etc/dropbear/dropbear_ecdsa_host_key
Apr 20 17:30:54 witherspoon dropbear[1101]: Child connection from ::ffff:9.41.165.94:60156
Apr 20 17:30:54 witherspoon dropbear[1101]: pam_unix(dropbear:account): account root has password changed in future
Apr 20 17:30:54 witherspoon dropbear[1101]: PAM password auth succeeded for 'root' from ::ffff:9.41.165.94:60156
Apr 20 17:30:54 witherspoon dropbear[1102]: lastlog_perform_login: Couldn't stat /var/log/lastlog: No such file or directory
Apr 20 17:30:54 witherspoon dropbear[1102]: lastlog_openseek: /var/log/lastlog is not a file or directory!
Apr 20 17:30:56 witherspoon phosphor-gevent[987]: ::6089:5e76:8e91:f402%1995016988 - - [2017-04-20 17:30:56] "POST /login HTTP/1.1" 200 320 0.033188
Apr 20 17:30:56 witherspoon phosphor-gevent[987]: ::6089:5e76:8e91:f402%1995016988 - - [2017-04-20 17:30:56] "PUT /org/openbmc/settings/host0/attr/power_policy HTTP/1.1" 200 169 0.176291
Apr 20 17:30:56 witherspoon phosphor-gevent[987]: ::6089:5e76:8e91:f402%1995016988 - - [2017-04-20 17:30:56] "POST /login HTTP/1.1" 200 320 0.033765
Apr 20 17:30:56 witherspoon phosphor-gevent[987]: ::6089:5e76:8e91:f402%1995016988 - - [2017-04-20 17:30:56] "GET /org/openbmc/settings/host0/attr/power_policy HTTP/1.1" 200 185 0.070097
Apr 20 17:30:57 witherspoon systemd[1]: Started SSH Per-Connection Server (9.41.165.94:60162).
Apr 20 17:30:57 witherspoon dropbear[1108]: Failed loading /etc/dropbear/dropbear_dss_host_key
Apr 20 17:30:57 witherspoon dropbear[1108]: Failed loading /etc/dropbear/dropbear_ecdsa_host_key
Apr 20 17:30:57 witherspoon dropbear[1108]: Child connection from ::ffff:9.41.165.94:60162
Apr 20 17:30:57 witherspoon dropbear[1108]: pam_unix(dropbear:account): account root has password changed in future
Apr 20 17:30:57 witherspoon dropbear[1108]: PAM password auth succeeded for 'root' from ::ffff:9.41.165.94:60162
Apr 20 17:30:57 witherspoon dropbear[1109]: lastlog_perform_login: Couldn't stat /var/log/lastlog: No such file or directory
Apr 20 17:30:57 witherspoon dropbear[1109]: lastlog_openseek: /var/log/lastlog is not a file or directory!
Apr 20 17:30:58 witherspoon phosphor-gevent[987]: ::6089:5e76:8e91:f402%1995016988 - - [2017-04-20 17:30:58] "POST /login HTTP/1.1" 200 320 0.033842
Apr 20 17:30:59 witherspoon phosphor-gevent[987]: ::6089:5e76:8e91:f402%1995016988 - - [2017-04-20 17:30:59] "GET /xyz/openbmc_project/state/chassis0//attr/CurrentPowerState HTTP/1.1" 200 216 0.060733
Apr 20 17:30:59 witherspoon phosphor-gevent[987]: ::6089:5e76:8e91:f402%1995016988 - - [2017-04-20 17:30:59] "POST /login HTTP/1.1" 200 320 0.033411
Apr 20 17:30:59 witherspoon phosphor-gevent[987]: ::6089:5e76:8e91:f402%1995016988 - - [2017-04-20 17:30:59] "GET /xyz/openbmc_project/state/bmc0//attr/CurrentBMCState HTTP/1.1" 200 212 0.050025
Apr 20 17:30:59 witherspoon phosphor-gevent[987]: ::6089:5e76:8e91:f402%1995016988 - - [2017-04-20 17:30:59] "POST /login HTTP/1.1" 200 320 0.033373
Apr 20 17:30:59 witherspoon phosphor-gevent[987]: ::6089:5e76:8e91:f402%1995016988 - - [2017-04-20 17:30:59] "GET /org/openbmc/sensors/host/BootProgress/attr/value HTTP/1.1" 200 170 0.053609
Apr 20 17:30:59 witherspoon phosphor-gevent[987]: ::6089:5e76:8e91:f402%1995016988 - - [2017-04-20 17:30:59] "POST /login HTTP/1.1" 200 320 0.043379
Apr 20 17:30:59 witherspoon phosphor-gevent[987]: ::6089:5e76:8e91:f402%1995016988 - - [2017-04-20 17:30:59] "GET /xyz/openbmc_project/state/host0//attr/CurrentHostState HTTP/1.1" 200 212 0.049168
Apr 20 17:31:00 witherspoon phosphor-gevent[987]: ::6089:5e76:8e91:f402%1995016988 - - [2017-04-20 17:31:00] "POST /login HTTP/1.1" 200 320 0.034173
Apr 20 17:31:00 witherspoon phosphor-gevent[987]: ::6089:5e76:8e91:f402%1995016988 - - [2017-04-20 17:31:00] "GET /xyz/openbmc_project/logging/entry/list HTTP/1.1" 404 311 0.029126
Apr 20 17:31:00 witherspoon systemd[1]: Started SSH Per-Connection Server (9.41.165.94:60176).
Apr 20 17:31:00 witherspoon dropbear[1112]: Failed loading /etc/dropbear/dropbear_dss_host_key
Apr 20 17:31:00 witherspoon dropbear[1112]: Failed loading /etc/dropbear/dropbear_ecdsa_host_key
Apr 20 17:31:00 witherspoon dropbear[1112]: Child connection from ::ffff:9.41.165.94:60176
Apr 20 17:31:00 witherspoon dropbear[1112]: pam_unix(dropbear:account): account root has password changed in future
Apr 20 17:31:00 witherspoon dropbear[1112]: PAM password auth succeeded for 'root' from ::ffff:9.41.165.94:60176
Apr 20 17:31:40 witherspoon phosphor-gevent[987]: ::6089:5e76:8e91:f402%1995016988 - - [2017-04-20 17:31:40] "POST /login HTTP/1.1" 200 320 0.033930
Apr 20 17:31:40 witherspoon phosphor-gevent[987]: ::6089:5e76:8e91:f402%1995016988 - - [2017-04-20 17:31:40] "POST /org/openbmc/control/flash/bios//action/update HTTP/1.1" 200 169 0.219936
Apr 20 17:31:40 witherspoon flash_bios.exe[1007]: Starting flasher: bios,/tmp/witherspoon_20170628n.pnor,/org/openbmc/control/flash/bios,
Apr 20 17:31:40 witherspoon flash_bios.exe[1007]: flasher: /tmp/witherspoon_20170628n.pnor, BMC = 1, address = 0x0
Apr 20 17:31:40 witherspoon flash_bios.exe[1007]: Setting up flash
Apr 20 17:31:40 witherspoon phosphor-gevent[987]: ::6089:5e76:8e91:f402%1995016988 - - [2017-04-20 17:31:40] "POST /login HTTP/1.1" 200 320 0.032885
Apr 20 17:31:40 witherspoon phosphor-gevent[987]: ::6089:5e76:8e91:f402%1995016988 - - [2017-04-20 17:31:40] "GET /org/openbmc/control/flash/bios HTTP/1.1" 200 396 0.175198
Apr 20 17:31:41 witherspoon phosphor-gevent[987]: ::6089:5e76:8e91:f402%1995016988 - - [2017-04-20 17:31:41] "POST /login HTTP/1.1" 200 320 0.155950
Apr 20 17:31:41 witherspoon phosphor-gevent[987]: ::6089:5e76:8e91:f402%1995016988 - - [2017-04-20 17:31:41] "GET /org/openbmc/control/flash/bios HTTP/1.1" 200 396 0.067539
Apr 20 17:31:51 witherspoon phosphor-gevent[987]: ::6089:5e76:8e91:f402%1995016988 - - [2017-04-20 17:31:51] "POST /login HTTP/1.1" 200 320 0.033627
Apr 20 17:31:52 witherspoon phosphor-gevent[987]: ::6089:5e76:8e91:f402%1995016988 - - [2017-04-20 17:31:52] "GET /org/openbmc/control/flash/bios HTTP/1.1" 200 396 0.067201
Apr 20 17:32:02 witherspoon phosphor-gevent[987]: ::6089:5e76:8e91:f402%1995016988 - - [2017-04-20 17:32:02] "POST /login HTTP/1.1" 200 320 0.038593
Apr 20 17:32:02 witherspoon phosphor-gevent[987]: ::6089:5e76:8e91:f402%1995016988 - - [2017-04-20 17:32:02] "GET /org/openbmc/control/flash/bios HTTP/1.1" 200 396 0.067709
Apr 20 17:32:13 witherspoon phosphor-gevent[987]: ::6089:5e76:8e91:f402%1995016988 - - [2017-04-20 17:32:13] "POST /login HTTP/1.1" 200 320 0.033056
Apr 20 17:32:13 witherspoon phosphor-gevent[987]: ::6089:5e76:8e91:f402%1995016988 - - [2017-04-20 17:32:13] "GET /org/openbmc/control/flash/bios HTTP/1.1" 200 396 0.067269
Apr 20 17:32:23 witherspoon phosphor-gevent[987]: ::6089:5e76:8e91:f402%1995016988 - - [2017-04-20 17:32:23] "POST /login HTTP/1.1" 200 320 0.033167
Apr 20 17:32:23 witherspoon phosphor-gevent[987]: ::6089:5e76:8e91:f402%1995016988 - - [2017-04-20 17:32:23] "GET /org/openbmc/control/flash/bios HTTP/1.1" 200 396 0.067375
Apr 20 17:32:34 witherspoon phosphor-gevent[987]: ::6089:5e76:8e91:f402%1995016988 - - [2017-04-20 17:32:34] "POST /login HTTP/1.1" 200 320 0.033197
Apr 20 17:32:34 witherspoon phosphor-gevent[987]: ::6089:5e76:8e91:f402%1995016988 - - [2017-04-20 17:32:34] "GET /org/openbmc/control/flash/bios HTTP/1.1" 200 396 0.068013
Apr 20 17:32:44 witherspoon phosphor-gevent[987]: ::6089:5e76:8e91:f402%1995016988 - - [2017-04-20 17:32:44] "POST /login HTTP/1.1" 200 320 0.033237
Apr 20 17:32:45 witherspoon phosphor-gevent[987]: ::6089:5e76:8e91:f402%1995016988 - - [2017-04-20 17:32:45] "GET /org/openbmc/control/flash/bios HTTP/1.1" 200 396 0.914849
Apr 20 17:32:55 witherspoon phosphor-gevent[987]: ::6089:5e76:8e91:f402%1995016988 - - [2017-04-20 17:32:55] "POST /login HTTP/1.1" 200 320 0.039091
Apr 20 17:32:55 witherspoon phosphor-gevent[987]: ::6089:5e76:8e91:f402%1995016988 - - [2017-04-20 17:32:55] "GET /org/openbmc/control/flash/bios HTTP/1.1" 200 396 0.067548
Apr 20 17:33:05 witherspoon phosphor-gevent[987]: ::6089:5e76:8e91:f402%1995016988 - - [2017-04-20 17:33:05] "POST /login HTTP/1.1" 200 320 0.033170
Apr 20 17:33:05 witherspoon phosphor-gevent[987]: ::6089:5e76:8e91:f402%1995016988 - - [2017-04-20 17:33:05] "GET /org/openbmc/control/flash/bios HTTP/1.1" 200 396 0.067588
Apr 20 17:33:16 witherspoon phosphor-gevent[987]: ::6089:5e76:8e91:f402%1995016988 - - [2017-04-20 17:33:16] "POST /login HTTP/1.1" 200 320 0.032949
Apr 20 17:33:16 witherspoon phosphor-gevent[987]: ::6089:5e76:8e91:f402%1995016988 - - [2017-04-20 17:33:16] "GET /org/openbmc/control/flash/bios HTTP/1.1" 200 396 0.067512
Apr 20 17:33:26 witherspoon phosphor-gevent[987]: ::6089:5e76:8e91:f402%1995016988 - - [2017-04-20 17:33:26] "POST /login HTTP/1.1" 200 320 0.033311
Apr 20 17:33:27 witherspoon phosphor-gevent[987]: ::6089:5e76:8e91:f402%1995016988 - - [2017-04-20 17:33:27] "GET /org/openbmc/control/flash/bios HTTP/1.1" 200 396 0.067466
Apr 20 17:33:37 witherspoon phosphor-gevent[987]: ::6089:5e76:8e91:f402%1995016988 - - [2017-04-20 17:33:37] "POST /login HTTP/1.1" 200 320 0.033533
Apr 20 17:33:38 witherspoon phosphor-gevent[987]: ::6089:5e76:8e91:f402%1995016988 - - [2017-04-20 17:33:38] "GET /org/openbmc/control/flash/bios HTTP/1.1" 200 396 1.182385
Apr 20 17:33:48 witherspoon phosphor-gevent[987]: ::6089:5e76:8e91:f402%1995016988 - - [2017-04-20 17:33:48] "POST /login HTTP/1.1" 200 320 0.039634
Apr 20 17:33:49 witherspoon phosphor-gevent[987]: ::6089:5e76:8e91:f402%1995016988 - - [2017-04-20 17:33:49] "GET /org/openbmc/control/flash/bios HTTP/1.1" 200 396 1.236983
Apr 20 17:34:00 witherspoon phosphor-gevent[987]: ::6089:5e76:8e91:f402%1995016988 - - [2017-04-20 17:34:00] "POST /login HTTP/1.1" 200 320 0.033125
Apr 20 17:34:00 witherspoon phosphor-gevent[987]: ::6089:5e76:8e91:f402%1995016988 - - [2017-04-20 17:34:00] "GET /org/openbmc/control/flash/bios HTTP/1.1" 200 396 0.067785
Apr 20 17:34:10 witherspoon phosphor-gevent[987]: ::6089:5e76:8e91:f402%1995016988 - - [2017-04-20 17:34:10] "POST /login HTTP/1.1" 200 320 0.033092
Apr 20 17:34:10 witherspoon phosphor-gevent[987]: ::6089:5e76:8e91:f402%1995016988 - - [2017-04-20 17:34:10] "GET /org/openbmc/control/flash/bios HTTP/1.1" 200 396 0.067330
Apr 20 17:34:20 witherspoon phosphor-gevent[987]: ::6089:5e76:8e91:f402%1995016988 - - [2017-04-20 17:34:20] "POST /login HTTP/1.1" 200 320 0.033574
Apr 20 17:34:20 witherspoon phosphor-gevent[987]: ::6089:5e76:8e91:f402%1995016988 - - [2017-04-20 17:34:20] "GET /org/openbmc/control/flash/bios HTTP/1.1" 200 401 0.066930
Apr 20 17:34:32 witherspoon phosphor-gevent[987]: ::6089:5e76:8e91:f402%1995016988 - - [2017-04-20 17:34:32] "POST /login HTTP/1.1" 200 320 0.033125
Apr 20 17:34:32 witherspoon phosphor-gevent[987]: ::6089:5e76:8e91:f402%1995016988 - - [2017-04-20 17:34:32] "GET /org/openbmc/control/flash/bios HTTP/1.1" 200 401 0.067986
Apr 20 17:34:43 witherspoon phosphor-gevent[987]: ::6089:5e76:8e91:f402%1995016988 - - [2017-04-20 17:34:43] "POST /login HTTP/1.1" 200 320 0.039642
Apr 20 17:34:43 witherspoon phosphor-gevent[987]: ::6089:5e76:8e91:f402%1995016988 - - [2017-04-20 17:34:43] "GET /org/openbmc/control/flash/bios HTTP/1.1" 200 401 0.067130
Apr 20 17:34:56 witherspoon phosphor-gevent[987]: ::6089:5e76:8e91:f402%1995016988 - - [2017-04-20 17:34:56] "POST /login HTTP/1.1" 200 320 0.033192
Apr 20 17:34:56 witherspoon phosphor-gevent[987]: ::6089:5e76:8e91:f402%1995016988 - - [2017-04-20 17:34:56] "GET /org/openbmc/control/flash/bios HTTP/1.1" 200 400 0.132162
Apr 20 17:35:04 witherspoon flash_bios.exe[1007]: Erasing... (may take a while !) done !
Apr 20 17:35:04 witherspoon flash_bios.exe[1007]: About to program "/tmp/witherspoon_20170628n.pnor" at 0x00000000..0x04000000 !
Apr 20 17:35:04 witherspoon flash_bios.exe[1007]: Programming & Verifying...
Apr 20 17:35:04 witherspoon flash_bios.exe[1007]: Flash done
Apr 20 17:35:06 witherspoon phosphor-gevent[987]: ::6089:5e76:8e91:f402%1995016988 - - [2017-04-20 17:35:06] "POST /login HTTP/1.1" 200 320 0.033286
Apr 20 17:35:06 witherspoon phosphor-gevent[987]: ::6089:5e76:8e91:f402%1995016988 - - [2017-04-20 17:35:06] "GET /org/openbmc/control/flash/bios HTTP/1.1" 200 398 0.070065
Apr 20 17:35:06 witherspoon systemd[1]: Started SSH Per-Connection Server (9.41.165.94:60260).
Apr 20 17:35:06 witherspoon dropbear[1118]: Failed loading /etc/dropbear/dropbear_dss_host_key
Apr 20 17:35:06 witherspoon dropbear[1118]: Failed loading /etc/dropbear/dropbear_ecdsa_host_key
Apr 20 17:35:06 witherspoon dropbear[1118]: Child connection from ::ffff:9.41.165.94:60260
Apr 20 17:35:07 witherspoon dropbear[1118]: pam_unix(dropbear:account): account root has password changed in future
Apr 20 17:35:07 witherspoon dropbear[1118]: PAM password auth succeeded for 'root' from ::ffff:9.41.165.94:60260
Apr 20 17:35:07 witherspoon dropbear[1119]: lastlog_perform_login: Couldn't stat /var/log/lastlog: No such file or directory
Apr 20 17:35:07 witherspoon dropbear[1119]: lastlog_openseek: /var/log/lastlog is not a file or directory!
Apr 20 17:35:10 witherspoon phosphor-gevent[987]: ::6089:5e76:8e91:f402%1995016988 - - [2017-04-20 17:35:10] "POST /login HTTP/1.1" 200 320 0.033799
Apr 20 17:35:10 witherspoon phosphor-gevent[987]: ::6089:5e76:8e91:f402%1995016988 - - [2017-04-20 17:35:10] "GET /xyz/openbmc_project/state/host0//attr/CurrentHostState HTTP/1.1" 200 212 0.049534
Apr 20 17:35:10 witherspoon systemd[1]: Created slice system-obmc\x2dconsole\x2dssh.slice.
Apr 20 17:35:10 witherspoon systemd[1]: Started Phosphor Host Console SSH Per-Connection (9.41.165.94:49448).
Apr 20 17:35:10 witherspoon dropbear[1123]: Failed loading /etc/dropbear/dropbear_dss_host_key
Apr 20 17:35:10 witherspoon dropbear[1123]: Failed loading /etc/dropbear/dropbear_ecdsa_host_key
Apr 20 17:35:10 witherspoon dropbear[1123]: Child connection from ::ffff:9.41.165.94:49448
Apr 20 17:35:11 witherspoon phosphor-gevent[987]: ::6089:5e76:8e91:f402%1995016988 - - [2017-04-20 17:35:11] "POST /login HTTP/1.1" 200 320 0.033232
Apr 20 17:35:11 witherspoon dropbear[1123]: pam_unix(dropbear:account): account root has password changed in future
Apr 20 17:35:11 witherspoon dropbear[1123]: PAM password auth succeeded for 'root' from ::ffff:9.41.165.94:49448
Apr 20 17:35:11 witherspoon dropbear[1124]: lastlog_perform_login: Couldn't stat /var/log/lastlog: No such file or directory
Apr 20 17:35:11 witherspoon dropbear[1124]: lastlog_openseek: /var/log/lastlog is not a file or directory!
Apr 20 17:35:11 witherspoon phosphor-gevent[987]: ::6089:5e76:8e91:f402%1995016988 - - [2017-04-20 17:35:11] "PUT /org/openbmc/settings/host0/attr/power_policy HTTP/1.1" 200 169 0.163609
Apr 20 17:35:11 witherspoon phosphor-gevent[987]: ::6089:5e76:8e91:f402%1995016988 - - [2017-04-20 17:35:11] "POST /login HTTP/1.1" 200 320 0.040533
Apr 20 17:35:11 witherspoon phosphor-gevent[987]: ::6089:5e76:8e91:f402%1995016988 - - [2017-04-20 17:35:11] "GET /org/openbmc/settings/host0/attr/power_policy HTTP/1.1" 200 185 0.070129
Apr 20 17:35:11 witherspoon systemd[1]: Started SSH Per-Connection Server (9.41.165.94:60270).
Apr 20 17:35:11 witherspoon dropbear[1125]: Failed loading /etc/dropbear/dropbear_dss_host_key
Apr 20 17:35:11 witherspoon dropbear[1125]: Failed loading /etc/dropbear/dropbear_ecdsa_host_key
Apr 20 17:35:11 witherspoon dropbear[1125]: Child connection from ::ffff:9.41.165.94:60270
Apr 20 17:35:12 witherspoon dropbear[1125]: pam_unix(dropbear:account): account root has password changed in future
Apr 20 17:35:12 witherspoon dropbear[1125]: PAM password auth succeeded for 'root' from ::ffff:9.41.165.94:60270
Apr 20 17:35:12 witherspoon dropbear[1126]: lastlog_perform_login: Couldn't stat /var/log/lastlog: No such file or directory
Apr 20 17:35:12 witherspoon dropbear[1126]: lastlog_openseek: /var/log/lastlog is not a file or directory!
Apr 20 17:35:14 witherspoon phosphor-gevent[987]: ::6089:5e76:8e91:f402%1995016988 - - [2017-04-20 17:35:14] "POST /login HTTP/1.1" 200 320 0.033627
Apr 20 17:35:14 witherspoon phosphor-gevent[987]: ::6089:5e76:8e91:f402%1995016988 - - [2017-04-20 17:35:14] "GET /xyz/openbmc_project/state/chassis0//attr/CurrentPowerState HTTP/1.1" 200 216 0.049580
Apr 20 17:35:15 witherspoon phosphor-gevent[987]: ::6089:5e76:8e91:f402%1995016988 - - [2017-04-20 17:35:15] "POST /login HTTP/1.1" 200 320 0.033395
Apr 20 17:35:15 witherspoon phosphor-gevent[987]: ::6089:5e76:8e91:f402%1995016988 - - [2017-04-20 17:35:15] "GET /xyz/openbmc_project/state/bmc0//attr/CurrentBMCState HTTP/1.1" 200 212 0.049175
Apr 20 17:35:16 witherspoon phosphor-gevent[987]: ::6089:5e76:8e91:f402%1995016988 - - [2017-04-20 17:35:16] "POST /login HTTP/1.1" 200 320 0.035582
Apr 20 17:35:16 witherspoon phosphor-gevent[987]: ::6089:5e76:8e91:f402%1995016988 - - [2017-04-20 17:35:16] "GET /org/openbmc/sensors/host/BootProgress/attr/value HTTP/1.1" 200 170 0.052409
Apr 20 17:35:16 witherspoon phosphor-gevent[987]: ::6089:5e76:8e91:f402%1995016988 - - [2017-04-20 17:35:16] "POST /login HTTP/1.1" 200 320 0.033786
Apr 20 17:35:17 witherspoon phosphor-gevent[987]: ::6089:5e76:8e91:f402%1995016988 - - [2017-04-20 17:35:17] "GET /xyz/openbmc_project/state/host0//attr/CurrentHostState HTTP/1.1" 200 212 0.049800
Apr 20 17:35:17 witherspoon phosphor-gevent[987]: ::6089:5e76:8e91:f402%1995016988 - - [2017-04-20 17:35:17] "POST /login HTTP/1.1" 200 320 0.033453
Apr 20 17:35:18 witherspoon phosphor-host-state-manager[1041]: Host State transaction request
Apr 20 17:35:18 witherspoon phosphor-gevent[987]: ::6089:5e76:8e91:f402%1995016988 - - [2017-04-20 17:35:18] "PUT /xyz/openbmc_project/state/host0//attr/RequestedHostTransition HTTP/1.1" 200 169 0.179911
Apr 20 17:35:18 witherspoon systemd[1]: Created slice system-vcs_workaround.slice.
Apr 20 17:35:18 witherspoon systemd[1]: Created slice system-phosphor\x2dfan\x2dpresence\x2dtach.slice.
Apr 20 17:35:18 witherspoon systemd[1]: Created slice system-fsi\x2dscan.slice.
Apr 20 17:35:18 witherspoon systemd[1]: Created slice system-avsbus\x2ddisable.slice.
Apr 20 17:35:18 witherspoon systemd[1]: Starting Wait for /org/openbmc/control/chassis0...
Apr 20 17:35:18 witherspoon systemd[1]: Created slice system-fsi\x2dbind.slice.
Apr 20 17:35:18 witherspoon systemd[1]: Created slice system-pcie\x2dslot\x2ddetect.slice.
Apr 20 17:35:18 witherspoon systemd[1]: Created slice system-avsbus\x2denable.slice.
Apr 20 17:35:18 witherspoon systemd[1]: Created slice system-obmc\x2denable\x2dhost\x2dwatchdog.slice.
Apr 20 17:35:18 witherspoon systemd[1]: Created slice system-ir35221\x2don\x2dunbind.slice.
Apr 20 17:35:18 witherspoon systemd[1]: Created slice system-mapper\x2dsubtree\x2dremove.slice.
Apr 20 17:35:18 witherspoon systemd[1]: Created slice system-vrm\x2dcontrol.slice.
Apr 20 17:35:18 witherspoon systemd[1]: Created slice system-ir35221\x2don\x2dbind.slice.
Apr 20 17:35:18 witherspoon systemd[1]: Created slice system-op\x2dwait\x2dpower\x2don.slice.
Apr 20 17:35:18 witherspoon systemd[1]: Starting mapper subtree-remove /xyz/openbmc_project/software:xyz.openbmc_project.Software.ActivationBlocksTransition...
Apr 20 17:35:18 witherspoon systemd[1]: Starting Witherspoon Fan Watchdog Reset...
Apr 20 17:35:18 witherspoon systemd[1]: Created slice system-vcs_off.slice.
Apr 20 17:35:18 witherspoon systemd[1]: Created slice system-avsbus\x2dworkaround.slice.
Apr 20 17:35:18 witherspoon systemd[1]: Starting Wait for /xyz/openbmc_project/watchdog/host0...
Apr 20 17:35:18 witherspoon systemd[1]: Starting power on mode unbind ir35221 device driver devs...
Apr 20 17:35:18 witherspoon systemd[1]: Created slice system-phosphor\x2dgpio\x2dmonitor.slice.
Apr 20 17:35:18 witherspoon systemd[1]: Started Phosphor GPIO checkstop monitor.
Apr 20 17:35:18 witherspoon systemd[1]: Created slice system-op\x2dpower\x2dstart.slice.
Apr 20 17:35:19 witherspoon systemd[1]: Created slice system-start_host.slice.
Apr 20 17:35:19 witherspoon phosphor-gevent[987]: ::6089:5e76:8e91:f402%1995016988 - - [2017-04-20 17:35:19] "POST /login HTTP/1.1" 200 320 0.033266
Apr 20 17:35:19 witherspoon systemd[1]: Created slice system-ucd_disable_vcs.slice.
Apr 20 17:35:19 witherspoon systemd[1]: Starting Disable UCD VCS rails...
Apr 20 17:35:19 witherspoon systemd[1]: Created slice system-phosphor\x2dfan\x2dcontrol\x2dinit.slice.
Apr 20 17:35:19 witherspoon systemd[1]: Starting Wait for /xyz/openbmc_project/led/groups/power_on...
Apr 20 17:35:19 witherspoon systemd[1]: Created slice system-vcs_on.slice.
Apr 20 17:35:19 witherspoon systemd[1]: Created slice system-phosphor\x2dwatchdog.slice.
Apr 20 17:35:19 witherspoon systemd[1]: Started Phosphor poweron watchdog.
Apr 20 17:35:19 witherspoon systemd[1]: Starting Wait for Power0 to turn on...
Apr 20 17:35:19 witherspoon systemd[1]: Reached target Start Host checkstop monitor.
Apr 20 17:35:19 witherspoon systemd[1]: Created slice system-cfam_override.slice.
Apr 20 17:35:19 witherspoon phosphor-gevent[987]: ::6089:5e76:8e91:f402%1995016988 - - [2017-04-20 17:35:19] "GET /xyz/openbmc_project/state/chassis0//attr/CurrentPowerState HTTP/1.1" 200 216 0.511002
Apr 20 17:35:20 witherspoon kernel: ucd9000 11-0064: Device ID UCD90160|2.3.4.0000|110603
Apr 20 17:35:20 witherspoon kernel[948]: [  370.740000] ucd9000 11-0064: Device ID UCD90160|2.3.4.0000|110603
Apr 20 17:35:20 witherspoon phosphor-gevent[987]: ::6089:5e76:8e91:f402%1995016988 - - [2017-04-20 17:35:20] "POST /login HTTP/1.1" 200 320 0.264557
Apr 20 17:35:20 witherspoon systemd[1]: Started Wait for /org/openbmc/control/chassis0.
Apr 20 17:35:20 witherspoon systemd[1]: Started mapper subtree-remove /xyz/openbmc_project/software:xyz.openbmc_project.Software.ActivationBlocksTransition.
Apr 20 17:35:20 witherspoon systemd[1]: Started Witherspoon Fan Watchdog Reset.
Apr 20 17:35:20 witherspoon systemd[1]: Started power on mode unbind ir35221 device driver devs.
Apr 20 17:35:20 witherspoon systemd[1]: Started Wait for /xyz/openbmc_project/led/groups/power_on.
Apr 20 17:35:20 witherspoon systemd[1]: Started Disable UCD VCS rails.
Apr 20 17:35:20 witherspoon systemd[1]: Created slice system-xyz.openbmc_project.Hwmon.slice.
Apr 20 17:35:20 witherspoon systemd[1]: Started Phosphor Hwmon Poller.
Apr 20 17:35:20 witherspoon systemd[1]: Starting Perform AVS bus workaround on VRMs...
Apr 20 17:35:20 witherspoon systemd[1]: Starting Assert power_on LED...
Apr 20 17:35:21 witherspoon systemd[1]: Started Perform AVS bus workaround on VRMs.
Apr 20 17:35:21 witherspoon systemd[1]: Starting Disable the AVS bus on the VRMs...
Apr 20 17:35:22 witherspoon systemd[1]: Started Disable the AVS bus on the VRMs.
Apr 20 17:35:22 witherspoon systemd[1]: Starting Apply voltage overrides to VRMs...
Apr 20 17:35:22 witherspoon vrm-control.sh[1196]: rail        set        read        current
Apr 20 17:35:22 witherspoon vrm-control.sh[1196]: -------        ------- ------- -------
Apr 20 17:35:23 witherspoon vrm-control.sh[1196]: vdna        0.898V        0.004V        0.000A
Apr 20 17:35:23 witherspoon phosphor-gevent[987]: ::6089:5e76:8e91:f402%1995016988 - - [2017-04-20 17:35:23] "GET /xyz/openbmc_project/state/bmc0//attr/CurrentBMCState HTTP/1.1" 200 212 2.837207
Apr 20 17:35:23 witherspoon vrm-control.sh[1196]: vdnb        0.898V        0.004V        0.000A
Apr 20 17:35:23 witherspoon phosphor-gevent[987]: ::6089:5e76:8e91:f402%1995016988 - - [2017-04-20 17:35:23] "POST /login HTTP/1.1" 200 320 0.105009
Apr 20 17:35:23 witherspoon systemd[1]: Started Apply voltage overrides to VRMs.
Apr 20 17:35:23 witherspoon systemd[1]: Starting Enable the AVS bus on VRMs...
Apr 20 17:35:24 witherspoon systemd[1]: Started Enable the AVS bus on VRMs.
Apr 20 17:35:24 witherspoon systemd[1]: Starting Disable VCS before Witherspoon power on...
Apr 20 17:35:24 witherspoon systemd[1]: Started Disable VCS before Witherspoon power on.
Apr 20 17:35:24 witherspoon systemd[1]: Reached target Power0 On (Pre).
Apr 20 17:35:24 witherspoon systemd[1]: Starting Start Power0...
Apr 20 17:35:25 witherspoon phosphor-ledmanager[959]: Error looking up Physical LED services
Apr 20 17:35:25 witherspoon systemd[1]: Started Assert power_on LED.
Apr 20 17:35:25 witherspoon phosphor-gevent[987]: ::6089:5e76:8e91:f402%1995016988 - - [2017-04-20 17:35:25] "GET /org/openbmc/sensors/host/BootProgress/attr/value HTTP/1.1" 200 170 1.594514
Apr 20 17:35:25 witherspoon power_control.exe[1044]: PowerControl: setting power up SOFTWARE_PGOOD to 1
Apr 20 17:35:25 witherspoon power_control.exe[1044]: PowerControl: setting power up BMC_POWER_UP to 1
Apr 20 17:35:25 witherspoon systemd[1]: Started Start Power0.
Apr 20 17:35:25 witherspoon timemanager[1073]:  PGOOD has changed..
Apr 20 17:35:25 witherspoon system_manager.py[997]: Running System State: HOST_POWERING_ON
Apr 20 17:35:26 witherspoon phosphor-gevent[987]: ::6089:5e76:8e91:f402%1995016988 - - [2017-04-20 17:35:26] "POST /login HTTP/1.1" 200 320 0.184169
Apr 20 17:35:26 witherspoon systemd[1]: Started Wait for /xyz/openbmc_project/watchdog/host0.
Apr 20 17:35:26 witherspoon phosphor-gevent[987]: ::6089:5e76:8e91:f402%1995016988 - - [2017-04-20 17:35:26] "GET /xyz/openbmc_project/state/host0//attr/CurrentHostState HTTP/1.1" 200 212 0.205997
Apr 20 17:35:27 witherspoon system_manager.py[997]: Running System State: HOST_POWERED_ON
Apr 20 17:35:27 witherspoon timemanager[1073]:  User Settings have changed..
Apr 20 17:35:27 witherspoon power_control.exe[1044]: PowerControl: pgood: 1, setting reset BMC_CP0_RESET_N to 1
Apr 20 17:35:27 witherspoon systemd[1]: Started Wait for Power0 to turn on.
Apr 20 17:35:27 witherspoon timemanager[1073]:  PGOOD has changed..
Apr 20 17:35:27 witherspoon timemanager[1073]: Changing time settings is *deferred* now
Apr 20 17:35:27 witherspoon systemd[1]: Reached target Power0 On.
Apr 20 17:35:27 witherspoon systemd[1]: Reached target Power0 (On).
Apr 20 17:35:27 witherspoon systemd[1]: Started Phosphor Fan Presence Tach Daemon.
Apr 20 17:35:27 witherspoon systemd[1]: Starting Scan FSI devices...
Apr 20 17:35:27 witherspoon systemd[1]: Starting PCIE Slot Presence Detection For Chassis0...
Apr 20 17:35:27 witherspoon systemd[1]: Started Phosphor Fan Control Initialization.
Apr 20 17:35:27 witherspoon kernel:  fsi0: fsi: found chip c0010d12 at 00:00:00
Apr 20 17:35:27 witherspoon kernel:  slave@00:00: engine[2]: type 4, version 6, addr c00 size 400
Apr 20 17:35:27 witherspoon kernel:  slave@00:00: engine[3]: type 5, version 6, addr 1000 size 400
Apr 20 17:35:27 witherspoon kernel[948]: [  378.140000]  fsi0: fsi: found chip c0010d12 at 00:00:00
Apr 20 17:35:27 witherspoon kernel[948]: [  378.140000]  slave@00:00: engine[2]: type 4, version 6, addr c00 size 400
Apr 20 17:35:27 witherspoon kernel[948]: [  378.140000]  slave@00:00: engine[3]: type 5, version 6, addr 1000 size 400
Apr 20 17:35:28 witherspoon kernel:  slave@00:00: engine[4]: type 6, version 1, addr 1400 size 400
Apr 20 17:35:28 witherspoon kernel:  slave@00:00: engine[5]: type 7, version 2, addr 1800 size 400
Apr 20 17:35:28 witherspoon kernel:  slave@00:00: engine[8]: type 22, version 1, addr 2400 size 400
Apr 20 17:35:28 witherspoon kernel: sbefifo 00:00:00:06: Found sbefifo device
Apr 20 17:35:28 witherspoon kernel: occ-hwmon occ1-dev0: failed to get OCC poll response: -19
Apr 20 17:35:28 witherspoon kernel[948]: [  378.450000]  slave@00:00: engine[4]: type 6, version 1, addr 1400 size 400
Apr 20 17:35:28 witherspoon kernel[948]: [  378.450000]  slave@00:00: engine[5]: type 7, version 2, addr 1800 size 400
Apr 20 17:35:28 witherspoon kernel[948]: [  378.450000]  slave@00:00: engine[8]: type 22, version 1, addr 2400 size 400
Apr 20 17:35:28 witherspoon kernel[948]: [  378.450000] sbefifo 00:00:00:06: Found sbefifo device
Apr 20 17:35:28 witherspoon kernel[948]: [  378.450000] occ-hwmon occ1-dev0: failed to get OCC poll response: -19
Apr 20 17:35:28 witherspoon kernel:  slave@00:00: engine[9]: type 20, version 2, addr 2800 size 800
Apr 20 17:35:28 witherspoon kernel:  slave@00:00: engine[11]: type 1a, version 1, addr 3000 size 400
Apr 20 17:35:28 witherspoon kernel:  slave@00:00: engine[12]: type 1c, version 1, addr 3400 size 400
Apr 20 17:35:28 witherspoon kernel: fsi-master-hub 00:00:00:0a: hub version 92010800 (8 links)
Apr 20 17:35:28 witherspoon kernel:  slave@00:00: status: 0x84000510, sisc: 0x01040108
Apr 20 17:35:28 witherspoon kernel:  slave@00:00: status: 0x84000500, sisc: 0x00040108
Apr 20 17:35:28 witherspoon kernel:  fsi1: can't read slave 00:00 -5
Apr 20 17:35:28 witherspoon kernel:  fsi1: fsi: found chip c0010d12 at 01:01:00
Apr 20 17:35:28 witherspoon kernel:  slave@01:00: engine[2]: type 4, version 6, addr c00 size 400
Apr 20 17:35:28 witherspoon kernel:  slave@01:00: engine[3]: type 5, version 6, addr 1000 size 400
Apr 20 17:35:28 witherspoon kernel[948]: [  378.610000]  slave@00:00: engine[9]: type 20, version 2, addr 2800 size 800
Apr 20 17:35:28 witherspoon kernel[948]: [  378.610000]  slave@00:00: engine[11]: type 1a, version 1, addr 3000 size 400
Apr 20 17:35:28 witherspoon kernel[948]: [  378.610000]  slave@00:00: engine[12]: type 1c, version 1, addr 3400 size 400
Apr 20 17:35:28 witherspoon kernel[948]: [  378.610000] fsi-master-hub 00:00:00:0a: hub version 92010800 (8 links)
Apr 20 17:35:28 witherspoon kernel[948]: [  378.610000]  slave@00:00: status: 0x84000510, sisc: 0x01040108
Apr 20 17:35:28 witherspoon kernel[948]: [  378.610000]  slave@00:00: status: 0x84000500, sisc: 0x00040108
Apr 20 17:35:28 witherspoon kernel[948]: [  378.610000]  fsi1: can't read slave 00:00 -5
Apr 20 17:35:28 witherspoon kernel[948]: [  378.610000]  fsi1: fsi: found chip c0010d12 at 01:01:00
Apr 20 17:35:28 witherspoon kernel[948]: [  378.780000]  slave@01:00: engine[2]: type 4, version 6, addr c00 size 400
Apr 20 17:35:28 witherspoon kernel[948]: [  378.780000]  slave@01:00: engine[3]: type 5, version 6, addr 1000 size 400
Apr 20 17:35:29 witherspoon kernel:  slave@01:00: engine[4]: type 6, version 1, addr 1400 size 400
Apr 20 17:35:29 witherspoon kernel:  slave@01:00: engine[5]: type 7, version 2, addr 1800 size 400
Apr 20 17:35:29 witherspoon kernel:  slave@01:00: engine[8]: type 22, version 1, addr 2400 size 400
Apr 20 17:35:29 witherspoon kernel: sbefifo 01:01:00:06: Found sbefifo device
Apr 20 17:35:29 witherspoon kernel: occ-hwmon occ2-dev0: failed to get OCC poll response: -19
Apr 20 17:35:29 witherspoon kernel:  slave@01:00: engine[9]: type 20, version 2, addr 2800 size 800
Apr 20 17:35:29 witherspoon kernel:  slave@01:00: engine[11]: type 1a, version 1, addr 3000 size 400
Apr 20 17:35:29 witherspoon kernel:  slave@01:00: engine[12]: type 1c, version 1, addr 3400 size 400
Apr 20 17:35:29 witherspoon kernel: fsi-master-hub 01:01:00:0a: hub version 92010800 (8 links)
Apr 20 17:35:29 witherspoon kernel:  slave@00:00: status: 0x84000500, sisc: 0x00040108
Apr 20 17:35:29 witherspoon kernel:  slave@00:00: status: 0x84000500, sisc: 0x00040108
Apr 20 17:35:29 witherspoon kernel:  slave@01:00: status: 0x04000510, sisc: 0x01040000
Apr 20 17:35:29 witherspoon kernel:  slave@00:00: status: 0x84000500, sisc: 0x00040108
Apr 20 17:35:29 witherspoon kernel:  slave@00:00: status: 0x84000500, sisc: 0x00040108
Apr 20 17:35:29 witherspoon kernel:  slave@01:00: status: 0x04000500, sisc: 0x00040000
Apr 20 17:35:29 witherspoon kernel:  slave@00:00: status: 0x84000500, sisc: 0x00040108
Apr 20 17:35:29 witherspoon kernel:  slave@00:00: status: 0x84000500, sisc: 0x00040108
Apr 20 17:35:29 witherspoon kernel:  slave@01:00: status: 0x04000500, sisc: 0x00040000
Apr 20 17:35:29 witherspoon kernel:  slave@00:00: status: 0x84000500, sisc: 0x00040108
Apr 20 17:35:29 witherspoon kernel:  slave@00:00: status: 0x84000500, sisc: 0x00040108
Apr 20 17:35:29 witherspoon kernel:  slave@01:00: status: 0x04000500, sisc: 0x00040000
Apr 20 17:35:29 witherspoon kernel:  slave@00:00: status: 0x84000500, sisc: 0x00040108
Apr 20 17:35:29 witherspoon kernel:  slave@00:00: status: 0x84000500, sisc: 0x00040108
Apr 20 17:35:29 witherspoon kernel:  slave@01:00: status: 0x04000500, sisc: 0x00040000
Apr 20 17:35:29 witherspoon kernel:  slave@00:00: status: 0x84000500, sisc: 0x00040108
Apr 20 17:35:29 witherspoon kernel:  slave@00:00: status: 0x84000500, sisc: 0x00040108
Apr 20 17:35:29 witherspoon kernel:  slave@01:00: status: 0x04000500, sisc: 0x00040000
Apr 20 17:35:29 witherspoon kernel:  slave@01:00: status: 0x04000500, sisc: 0x00040000
Apr 20 17:35:29 witherspoon kernel:  slave@01:00: status: 0x04000500, sisc: 0x00040000
Apr 20 17:35:29 witherspoon kernel:  slave@01:00: status: 0x04000500, sisc: 0x00040000
Apr 20 17:35:29 witherspoon kernel:  slave@01:00: status: 0x04000500, sisc: 0x00040000
Apr 20 17:35:29 witherspoon kernel:  slave@01:00: status: 0x04000500, sisc: 0x00040000
Apr 20 17:35:29 witherspoon kernel:  slave@01:00: status: 0x04000500, sisc: 0x00040000
Apr 20 17:35:29 witherspoon kernel:  slave@01:00: status: 0x04000500, sisc: 0x00040000
Apr 20 17:35:29 witherspoon kernel:  slave@01:00: status: 0x04000500, sisc: 0x00040000
Apr 20 17:35:29 witherspoon kernel:  slave@01:00: status: 0x04000500, sisc: 0x00040000
Apr 20 17:35:29 witherspoon kernel:  slave@01:00: status: 0x04000500, sisc: 0x00040000
Apr 20 17:35:29 witherspoon kernel:  slave@01:00: engine[14]: type 1b, version 1, addr 40000 size 8000
Apr 20 17:35:29 witherspoon kernel:  slave@01:00: engine[15]: type 1b, version 1, addr 48000 size 8000
