[    0.240000] TCP bind hash table entries: 4096 (order: 2, 16384 bytes)
[    0.240000] TCP: Hash tables configured (established 4096 bind 4096)
[    0.240000] UDP hash table entries: 256 (order: 0, 4096 bytes)
[    0.240000] UDP-Lite hash table entries: 256 (order: 0, 4096 bytes)
[    0.240000] NET: Registered protocol family 1
[    0.240000] Trying to unpack rootfs image as initramfs...
[    1.910000] Freeing initrd memory: 1548K
[    1.910000] workingset: timestamp_bits=30 max_order=17 bucket_order=0
[    1.910000] squashfs: version 4.0 (2009/01/31) Phillip Lougher
[    1.910000] jffs2: version 2.2. (SUMMARY)  Â© 2001-2006 Red Hat, Inc.
[    1.910000] Block layer SCSI generic (bsg) driver version 0.4 loaded (major 250)
[    1.910000] io scheduler noop registered
[    1.910000] io scheduler deadline registered
[    1.910000] io scheduler cfq registered (default)
[    2.060000] ipmi-bt-host 1e789140.ibt: Found bt bmc device
[    2.060000] ipmi-bt-host 1e789140.ibt: Using IRQ 22
[    2.060000] Serial: 8250/16550 driver, 6 ports, IRQ sharing enabled
[    2.060000] 1e787000.vuart: ttyS0 at MMIO 0x1e787000 (irq = 22, base_baud = 1500000) is a 16550A
[    2.060000] 1e783000.serial: ttyS1 at MMIO 0x1e783000 (irq = 23, base_baud = 1500000) is a 16550A
[    2.060000] 1e78d000.serial: ttyS2 at MMIO 0x1e78d000 (irq = 24, base_baud = 1500000) is a 16550A
[    2.060000] 1e784000.serial: ttyS4 at MMIO 0x1e784000 (irq = 25, base_baud = 1500000) is a 16550A
[    2.430000] console [ttyS4] enabled
[    2.600000] timeriomem_rng 1e6e2078.hwrng: 32bits from 0xf00e2078 @ 1us
[    2.620000] random: fast init done
[    2.650000] brd: module loaded
[    2.660000] random: crng init done
[    2.680000] loop: module loaded
[    2.680000] aspeed-lpc-ctrl 1e789080.lpc-ctrl: Loaded at 0x98000000 (0x04000000)
[    2.690000] aspeed-smc 1e620000.flash-controller: Using IRQ 18
[    2.690000] aspeed-smc 1e620000.flash-controller: DMA support disabled.
[    2.710000] aspeed-smc 1e620000.flash-controller: mx25l25635e (32768 Kbytes)
[    2.710000] aspeed-smc 1e620000.flash-controller: CE0 window [ 0x20000000 - 0x22000000 ] 32MB
[    2.710000] aspeed-smc 1e620000.flash-controller: CE1 window [ 0x22000000 - 0x2a000000 ] 128MB
[    2.730000] 5 ofpart partitions found on MTD device bmc
[    2.730000] Creating 5 MTD partitions on "bmc":
[    2.730000] 0x000000000000-0x000000060000 : "u-boot"
[    2.730000] 0x000000060000-0x000000080000 : "u-boot-env"
[    2.770000] 0x000000080000-0x0000004c0000 : "kernel"
[    2.770000] 0x0000004c0000-0x000001c00000 : "rofs"
[    2.790000] 0x000001c00000-0x000002000000 : "rwfs"
[    2.790000] aspeed-smc 1e620000.flash-controller: mx25l25635e (32768 Kbytes)
[    2.800000] aspeed-smc 1e620000.flash-controller: CE1 window [ 0x22000000 - 0x24000000 ] 32MB
[    2.800000] aspeed-smc 1e620000.flash-controller: CE2 window [ 0x24000000 - 0x2c000000 ] 128MB
[    2.830000] aspeed-smc 1e630000.flash-controller: mx66l1g45g (131072 Kbytes)
[    2.830000] aspeed-smc 1e630000.flash-controller: CE0 window resized to 120MB (AST2500 HW quirk)
[    2.840000] aspeed-smc 1e630000.flash-controller: CE0 window [ 0x30000000 - 0x37800000 ] 120MB
[    2.840000] aspeed-smc 1e630000.flash-controller: CE0 window too small for chip 128MB
[    2.840000] aspeed-smc 1e630000.flash-controller: CE1 window [ 0x37800000 - 0x38000000 ] 8MB
[    3.590000] libphy: Fixed MDIO Bus: probed
[    3.590000] ftgmac100 1e660000.ethernet: Read MAC address 70:e2:84:14:24:20 from chip
[    3.590000] ftgmac100 1e660000.ethernet: Using NCSI interface
[    3.590000] ftgmac100 1e660000.ethernet eth0: irq 20, mapped at f0060000
[    3.590000] ehci_hcd: USB 2.0 'Enhanced' Host Controller (EHCI) Driver
[    3.680000] ehci-platform: EHCI generic platform driver
[    3.840000]  fsi0: can't read slave 00:00 -5
[    3.840000] i2c /dev entries driver
[    3.840000] aspeed-i2c-bus 1e78a0c0.i2c-bus: i2c bus 2 registered, irq 26
[    3.840000] aspeed-i2c-bus 1e78a100.i2c-bus: i2c bus 3 registered, irq 27
[    3.840000] aspeed-i2c-bus 1e78a140.i2c-bus: i2c bus 4 registered, irq 28
[    3.840000] aspeed-i2c-bus 1e78a180.i2c-bus: i2c bus 5 registered, irq 29
[    3.840000] aspeed-i2c-bus 1e78a380.i2c-bus: i2c bus 9 registered, irq 30
[    3.840000] aspeed-i2c-bus 1e78a3c0.i2c-bus: i2c bus 10 registered, irq 31
[    3.840000] rtc-rv8803 11-0032: Voltage low, temperature compensation stopped.
[    3.940000] rtc-rv8803 11-0032: rtc core: registered rx8900 as rtc0
[    3.950000] at24 11-0051: 8192 byte 24c64 EEPROM, writable, 1 bytes/write
[    3.950000] aspeed-i2c-bus 1e78a400.i2c-bus: i2c bus 11 registered, irq 32
[    3.950000] aspeed-i2c-bus 1e78a440.i2c-bus: i2c bus 12 registered, irq 33
[    3.950000] aspeed-i2c-bus 1e78a480.i2c-bus: i2c bus 13 registered, irq 34
[    3.950000] Driver for 1-wire Dallas network protocol.
[    3.950000] lm75 9-004a: hwmon0: sensor 'tmp275'
[    4.770000] ucd9000 11-0064: Device ID UCD90160|2.3.4.0000|110603
[    5.100000] leds-pca955x 3-0060: leds-pca955x: Using pca9552 16-bit LED driver at slave address 0x60
[    5.110000] leds-pca955x 3-0060: gpios 264...279
[    5.120000] leds-pca955x 11-0060: leds-pca955x: Using pca9552 16-bit LED driver at slave address 0x60
[    5.130000] leds-pca955x 11-0060: gpios 248...263
[    5.140000] usbcore: registered new interface driver usbhid
[    5.140000] usbhid: USB HID core driver
[    5.200000] NET: Registered protocol family 10
[    5.200000] Segment Routing with IPv6
[    5.210000] NET: Registered protocol family 17
[    5.210000] 8021q: 802.1Q VLAN Support v1.8
[    5.230000] input: gpio-keys-polled as /devices/platform/gpio-keys-polled/input/input1
[    5.250000] console [netcon0] enabled
[    5.260000] netconsole: network logging started
[    5.260000] input: gpio-keys as /devices/platform/gpio-keys/input/input2
[    5.270000] rtc-rv8803 11-0032: setting system clock to 2016-04-19 04:41:35 UTC (1461040895)
[    5.280000] Freeing unused kernel memory: 280K
[    5.280000] This architecture does not have kernel memory protection.
[    6.960000] jffs2: notice: (535) jffs2_build_xattr_subsystem: complete building xattr subsystem, 1 of xdatum (0 unchecked, 0 orphan) and 13 of xref (0 dead, 3 orphan) found.
[    9.070000] systemd[1]: System time before build time, advancing clock.
[    9.070000] systemd[1]: Failed to insert module 'autofs4': No such file or directory
[    9.340000] systemd[1]: systemd 232 running in system mode. (+PAM -AUDIT -SELINUX -IMA -APPARMOR -SMACK +SYSVINIT -UTMP -LIBCRYPTSETUP -GCRYPT -GNUTLS +ACL +XZ -LZ4 -SECCOMP +BLKID -ELFUTILS +KMOD -IDN)
[    9.340000] systemd[1]: Detected architecture arm.
[    9.440000] systemd[1]: Set hostname to <witherspoon>.
[   11.020000] systemd[1]: Started Dispatch Password Requests to Console Directory Watch.
[   11.110000] systemd[1]: Listening on /dev/initctl Compatibility Named Pipe.
[   11.150000] systemd[1]: Listening on Journal Socket.
[   11.190000] systemd[1]: Started Forward Password Requests to Wall Directory Watch.
[   11.230000] systemd[1]: Reached target Paths.
[   11.260000] systemd[1]: Created slice System Slice.
[   11.300000] systemd[1]: Created slice system-obmc\x2dconsole.slice.
[   15.510000] systemd-journald[564]: Received request to flush runtime journal from PID 1
[   22.800000] ubi7: default fastmap pool size: 100
[   22.800000] ubi7: default fastmap WL pool size: 50
[   22.800000] ubi7: attaching mtd7
[   22.800000] ubi7: scanning is finished
[   22.800000] ubi7: attached mtd7 (name "pnor", size 128 MiB)
[   22.800000] ubi7: PEB size: 65536 bytes (64 KiB), LEB size: 65408 bytes
[   22.800000] ubi7: min./max. I/O unit sizes: 1/256, sub-page size 1
[   22.800000] ubi7: VID header offset: 64 (aligned 64), data offset: 128
[   22.800000] ubi7: good PEBs: 2048, bad PEBs: 0, corrupted PEBs: 0
[   22.800000] ubi7: user volume: 4, internal volumes: 1, max. volumes count: 128
[   22.800000] ubi7: max/mean erase counter: 1/0, WL threshold: 4096, image sequence number: 1219444883
[   22.800000] ubi7: available PEBs: 1110, total reserved PEBs: 938, PEBs reserved for bad PEB handling: 0
[   22.980000] ubi7: background thread "ubi_bgt7d" started, PID 973
[   31.150000] ftgmac100 1e660000.ethernet eth0: NCSI interface up
[   39.340000] block ubiblock7_0: created from ubi7:0(pnor-ro-136cf504)
[   39.340000] UBIFS (ubi7:1): UBIFS: mounted UBI device 7, volume 1, name "pnor-rw-136cf504"
[   39.340000] UBIFS (ubi7:1): LEB size: 65408 bytes (63 KiB), min./max. I/O unit sizes: 8 bytes/256 bytes
[   39.340000] UBIFS (ubi7:1): FS size: 16155776 bytes (15 MiB, 247 LEBs), journal size 784896 bytes (0 MiB, 12 LEBs)
[   39.340000] UBIFS (ubi7:1): reserved for root: 763076 bytes (745 KiB)
[   39.340000] UBIFS (ubi7:1): media format: w5/r0 (latest is w5/r0), UUID 688808B3-C218-43A3-934F-CD4999A0DEE0, small LPT model
[   39.340000] UBIFS (ubi7:1): background thread "ubifs_bgt7_1" started, PID 1020
[   41.900000] UBIFS (ubi7:2): UBIFS: mounted UBI device 7, volume 2, name "pnor-prsv"
[   41.900000] UBIFS (ubi7:2): LEB size: 65408 bytes (63 KiB), min./max. I/O unit sizes: 8 bytes/256 bytes
[   41.900000] UBIFS (ubi7:2): FS size: 1504384 bytes (1 MiB, 23 LEBs), journal size 523265 bytes (0 MiB, 6 LEBs)
[   41.900000] UBIFS (ubi7:2): reserved for root: 71055 bytes (69 KiB)
[   41.900000] UBIFS (ubi7:2): media format: w5/r0 (latest is w5/r0), UUID 8A96375F-96ED-4053-B2BA-A9FE966F8C1F, small LPT model
[   41.900000] UBIFS (ubi7:2): background thread "ubifs_bgt7_2" started, PID 1030
[   46.430000] UBIFS (ubi7:3): UBIFS: mounted UBI device 7, volume 3, name "pnor-patch"
[   46.430000] UBIFS (ubi7:3): LEB size: 65408 bytes (63 KiB), min./max. I/O unit sizes: 8 bytes/256 bytes
[   46.430000] UBIFS (ubi7:3): FS size: 16155776 bytes (15 MiB, 247 LEBs), journal size 784896 bytes (0 MiB, 12 LEBs)
[   46.430000] UBIFS (ubi7:3): reserved for root: 763076 bytes (745 KiB)
[   46.430000] UBIFS (ubi7:3): media format: w5/r0 (latest is w5/r0), UUID A34661EB-CD9C-455F-B019-49228E3ADC91, small LPT model
[   46.510000] UBIFS (ubi7:3): background thread "ubifs_bgt7_3" started, PID 1058
[  380.280000] ucd9000 11-0064: Device ID UCD90160|2.3.4.0000|110603
[  387.730000]  fsi0: fsi: found chip c0010d12 at 00:00:00
[  387.730000]  slave@00:00: engine[2]: type 4, version 6, addr c00 size 400
[  387.730000]  slave@00:00: engine[3]: type 5, version 6, addr 1000 size 400
[  388.070000]  slave@00:00: engine[4]: type 6, version 1, addr 1400 size 400
[  388.070000]  slave@00:00: engine[5]: type 7, version 2, addr 1800 size 400
[  388.630000]  slave@00:00: engine[8]: type 22, version 1, addr 2400 size 400
[  388.630000] sbefifo 00:00:00:06: Found sbefifo device
[  388.630000] occ-hwmon occ1-dev0: failed to get OCC poll response: -19
[  388.830000]  slave@00:00: engine[9]: type 20, version 2, addr 2800 size 800
[  388.830000]  slave@00:00: engine[11]: type 1a, version 1, addr 3000 size 400
[  388.830000]  slave@00:00: engine[12]: type 1c, version 1, addr 3400 size 400
[  388.830000] fsi-master-hub 00:00:00:0a: hub version 92010800 (8 links)
[  388.830000]  slave@00:00: engine[14]: type 1b, version 1, addr 40000 size 8000
[  388.830000]  slave@00:00: engine[15]: type 1b, version 1, addr 48000 size 8000
[  388.830000]  slave@00:00: engine[16]: type 1b, version 1, addr 50000 size 8000
[  388.830000]  slave@00:00: engine[17]: type 1b, version 1, addr 58000 size 8000
[  388.830000]  slave@00:00: engine[18]: type 1b, version 1, addr 60000 size 8000
[  388.830000]  slave@00:00: engine[19]: type 1b, version 1, addr 68000 size 8000
[  388.830000]  slave@00:00: engine[20]: type 1b, version 1, addr 70000 size 8000
[  388.830000]  slave@00:00: engine[21]: type 1b, version 1, addr 78000 size 8000
[  391.120000] ucd9000 11-0064: Device ID UCD90160|2.3.4.0000|110603
[  392.760000]  slave@00:00: status: 0xc4000511, sisc: 0x82040000
[  542.070000] ucd9000 11-0064: Device ID UCD90160|2.3.4.0000|110603
[  551.160000]  fsi0: fsi: found chip c0010d12 at 00:00:00
[  551.160000]  slave@00:00: engine[2]: type 4, version 6, addr c00 size 400
[  551.160000]  slave@00:00: engine[3]: type 5, version 6, addr 1000 size 400
[  552.380000]  slave@00:00: engine[4]: type 6, version 1, addr 1400 size 400
[  552.380000]  slave@00:00: engine[5]: type 7, version 2, addr 1800 size 400
[  552.700000]  slave@00:00: engine[8]: type 22, version 1, addr 2400 size 400
[  552.700000] sbefifo 00:00:00:06: Found sbefifo device
[  552.700000] occ-hwmon occ1-dev0: failed to get OCC poll response: -19
[  552.700000]  slave@00:00: engine[9]: type 20, version 2, addr 2800 size 800
[  552.700000]  slave@00:00: engine[11]: type 1a, version 1, addr 3000 size 400
[  552.700000]  slave@00:00: engine[12]: type 1c, version 1, addr 3400 size 400
[  552.700000] fsi-master-hub 00:00:00:0a: hub version 92010800 (8 links)
[  552.700000]  slave@00:00: engine[14]: type 1b, version 1, addr 40000 size 8000
[  552.700000]  slave@00:00: engine[15]: type 1b, version 1, addr 48000 size 8000
[  552.700000]  slave@00:00: engine[16]: type 1b, version 1, addr 50000 size 8000
[  552.700000]  slave@00:00: engine[17]: type 1b, version 1, addr 58000 size 8000
[  552.700000]  slave@00:00: engine[18]: type 1b, version 1, addr 60000 size 8000
[  552.700000]  slave@00:00: engine[19]: type 1b, version 1, addr 68000 size 8000
[  552.700000]  slave@00:00: engine[20]: type 1b, version 1, addr 70000 size 8000
[  552.700000]  slave@00:00: engine[21]: type 1b, version 1, addr 78000 size 8000
[  555.140000] ucd9000 11-0064: Device ID UCD90160|2.3.4.0000|110603
[  557.170000]  slave@00:00: status: 0xc4000511, sisc: 0x82040000
