-- Logs begin at Thu 2017-08-03 15:43:00 UTC, end at Thu 2017-08-03 15:44:35 UTC. --
Aug 03 15:43:00 witherspoon kernel: Booting Linux on physical CPU 0x0
Aug 03 15:43:00 witherspoon kernel: Linux version 4.10.17-1a4df30c39cf5ee0e3d2528c409787ccbb4a672a (jenkins@openbmc-builder1) (gcc version 6.2.0 (GCC) ) #1 Tue Aug 22 14:06:12 UTC 2017
Aug 03 15:43:00 witherspoon kernel: CPU: ARMv6-compatible processor [410fb767] revision 7 (ARMv7), cr=00c5387d
Aug 03 15:43:00 witherspoon kernel: CPU: PIPT / VIPT nonaliasing data cache, VIPT nonaliasing instruction cache
Aug 03 15:43:00 witherspoon kernel: OF: fdt:Machine model: Witherspoon BMC
Aug 03 15:43:00 witherspoon kernel: Memory policy: Data cache writeback
Aug 03 15:43:00 witherspoon kernel: SOC Rev: 04030303
Aug 03 15:43:00 witherspoon kernel: On node 0 totalpages: 110592
Aug 03 15:43:00 witherspoon kernel: free_area_init_node: node 0, pgdat 80601864, node_mem_map 9ec1a000
Aug 03 15:43:00 witherspoon kernel:   Normal zone: 992 pages used for memmap
Aug 03 15:43:00 witherspoon kernel:   Normal zone: 0 pages reserved
Aug 03 15:43:00 witherspoon kernel:   Normal zone: 110592 pages, LIFO batch:31
Aug 03 15:43:00 witherspoon kernel: pcpu-alloc: s0 r0 d32768 u32768 alloc=1*32768
Aug 03 15:43:00 witherspoon kernel: pcpu-alloc: [0] 0 
Aug 03 15:43:00 witherspoon kernel: Built 1 zonelists in Zone order, mobility grouping on.  Total pages: 109600
Aug 03 15:43:00 witherspoon kernel: Kernel command line: console=ttyS4,115200n8 root=/dev/ram rw
Aug 03 15:43:00 witherspoon kernel: PID hash table entries: 2048 (order: 1, 8192 bytes)
Aug 03 15:43:00 witherspoon kernel: Dentry cache hash table entries: 65536 (order: 6, 262144 bytes)
Aug 03 15:43:00 witherspoon kernel: Inode-cache hash table entries: 32768 (order: 5, 131072 bytes)
Aug 03 15:43:00 witherspoon kernel: Memory: 430420K/442368K available (4074K kernel code, 281K rwdata, 1196K rodata, 280K init, 111K bss, 11948K reserved, 0K cma-reserved)
Aug 03 15:43:00 witherspoon kernel: Virtual kernel memory layout:
                                        vector  : 0xffff0000 - 0xffff1000   (   4 kB)
                                        fixmap  : 0xffc00000 - 0xfff00000   (3072 kB)
                                        vmalloc : 0x9f800000 - 0xff800000   (1536 MB)
                                        lowmem  : 0x80000000 - 0x9f000000   ( 496 MB)
                                          .text : 0x80008000 - 0x80402cb0   (4076 kB)
                                          .init : 0x80588000 - 0x805ce000   ( 280 kB)
                                          .data : 0x805ce000 - 0x80614710   ( 282 kB)
                                           .bss : 0x80614710 - 0x806305b8   ( 112 kB)
Aug 03 15:43:00 witherspoon kernel: NR_IRQS:16 nr_irqs:16 16
Aug 03 15:43:00 witherspoon kernel: i2c controller registered, irq 16
Aug 03 15:43:00 witherspoon kernel: clocksource: moxart_timer: mask: 0xffffffff max_cycles: 0xffffffff, max_idle_ns: 77222644334 ns
Aug 03 15:43:00 witherspoon kernel: sched_clock: 32 bits at 100 Hz, resolution 10000000ns, wraps every 21474836475000000ns
Aug 03 15:43:00 witherspoon kernel: Calibrating delay loop... 789.70 BogoMIPS (lpj=3948544)
Aug 03 15:43:00 witherspoon kernel: pid_max: default: 32768 minimum: 301
Aug 03 15:43:00 witherspoon kernel: Mount-cache hash table entries: 1024 (order: 0, 4096 bytes)
Aug 03 15:43:00 witherspoon kernel: Mountpoint-cache hash table entries: 1024 (order: 0, 4096 bytes)
Aug 03 15:43:00 witherspoon kernel: CPU: Testing write buffer coherency: ok
Aug 03 15:43:00 witherspoon kernel: ftrace: allocating 14972 entries in 44 pages
Aug 03 15:43:00 witherspoon kernel: Setting up static identity map for 0x80008200 - 0x8000825c
Aug 03 15:43:00 witherspoon kernel: devtmpfs: initialized
Aug 03 15:43:00 witherspoon kernel: clocksource: jiffies: mask: 0xffffffff max_cycles: 0xffffffff, max_idle_ns: 19112604462750000 ns
Aug 03 15:43:00 witherspoon kernel: futex hash table entries: 256 (order: -1, 3072 bytes)
Aug 03 15:43:00 witherspoon kernel: pinctrl core: initialized pinctrl subsystem
Aug 03 15:43:00 witherspoon kernel: NET: Registered protocol family 16
Aug 03 15:43:00 witherspoon kernel: DMA: preallocated 256 KiB pool for atomic coherent allocations
Aug 03 15:43:00 witherspoon kernel: usbcore: registered new interface driver usbfs
Aug 03 15:43:00 witherspoon kernel: usbcore: registered new interface driver hub
Aug 03 15:43:00 witherspoon kernel: usbcore: registered new device driver usb
Aug 03 15:43:00 witherspoon kernel: clocksource: Switched to clocksource moxart_timer
Aug 03 15:43:00 witherspoon kernel: NET: Registered protocol family 2
Aug 03 15:43:00 witherspoon kernel: TCP established hash table entries: 4096 (order: 2, 16384 bytes)
Aug 03 15:43:00 witherspoon kernel: TCP bind hash table entries: 4096 (order: 2, 16384 bytes)
Aug 03 15:43:00 witherspoon kernel: TCP: Hash tables configured (established 4096 bind 4096)
Aug 03 15:43:00 witherspoon kernel: UDP hash table entries: 256 (order: 0, 4096 bytes)
Aug 03 15:43:00 witherspoon kernel: UDP-Lite hash table entries: 256 (order: 0, 4096 bytes)
Aug 03 15:43:00 witherspoon kernel: NET: Registered protocol family 1
Aug 03 15:43:00 witherspoon kernel: Trying to unpack rootfs image as initramfs...
Aug 03 15:43:00 witherspoon kernel: Freeing initrd memory: 1548K
Aug 03 15:43:00 witherspoon kernel: workingset: timestamp_bits=30 max_order=17 bucket_order=0
Aug 03 15:43:00 witherspoon kernel: squashfs: version 4.0 (2009/01/31) Phillip Lougher
Aug 03 15:43:00 witherspoon kernel: jffs2: version 2.2. (SUMMARY)  © 2001-2006 Red Hat, Inc.
Aug 03 15:43:00 witherspoon kernel: Block layer SCSI generic (bsg) driver version 0.4 loaded (major 250)
Aug 03 15:43:00 witherspoon kernel: io scheduler noop registered
Aug 03 15:43:00 witherspoon kernel: io scheduler deadline registered
Aug 03 15:43:00 witherspoon kernel: io scheduler cfq registered (default)
Aug 03 15:43:00 witherspoon kernel: ipmi-bt-host 1e789140.ibt: Found bt bmc device
Aug 03 15:43:00 witherspoon kernel: ipmi-bt-host 1e789140.ibt: Using IRQ 22
Aug 03 15:43:00 witherspoon kernel: Serial: 8250/16550 driver, 6 ports, IRQ sharing enabled
Aug 03 15:43:00 witherspoon kernel: 1e787000.vuart: ttyS0 at MMIO 0x1e787000 (irq = 22, base_baud = 1500000) is a 16550A
Aug 03 15:43:00 witherspoon kernel: 1e783000.serial: ttyS1 at MMIO 0x1e783000 (irq = 23, base_baud = 1500000) is a 16550A
Aug 03 15:43:00 witherspoon kernel: 1e78d000.serial: ttyS2 at MMIO 0x1e78d000 (irq = 24, base_baud = 1500000) is a 16550A
Aug 03 15:43:00 witherspoon kernel: 1e784000.serial: ttyS4 at MMIO 0x1e784000 (irq = 25, base_baud = 1500000) is a 16550A
Aug 03 15:43:00 witherspoon kernel: console [ttyS4] enabled
Aug 03 15:43:00 witherspoon kernel: timeriomem_rng 1e6e2078.hwrng: 32bits from 0xf00e2078 @ 1us
Aug 03 15:43:00 witherspoon kernel: random: fast init done
Aug 03 15:43:00 witherspoon kernel: brd: module loaded
Aug 03 15:43:00 witherspoon kernel: random: crng init done
Aug 03 15:43:00 witherspoon kernel: loop: module loaded
Aug 03 15:43:00 witherspoon kernel: aspeed-lpc-ctrl 1e789080.lpc-ctrl: Loaded at 0x98000000 (0x04000000)
Aug 03 15:43:00 witherspoon kernel: aspeed-smc 1e620000.flash-controller: Using IRQ 18
Aug 03 15:43:00 witherspoon kernel: aspeed-smc 1e620000.flash-controller: DMA support disabled.
Aug 03 15:43:00 witherspoon kernel: aspeed-smc 1e620000.flash-controller: mx25l25635e (32768 Kbytes)
Aug 03 15:43:00 witherspoon kernel: aspeed-smc 1e620000.flash-controller: CE0 window [ 0x20000000 - 0x22000000 ] 32MB
Aug 03 15:43:00 witherspoon kernel: aspeed-smc 1e620000.flash-controller: CE1 window [ 0x22000000 - 0x2a000000 ] 128MB
Aug 03 15:43:00 witherspoon kernel: 5 ofpart partitions found on MTD device bmc
Aug 03 15:43:00 witherspoon kernel: Creating 5 MTD partitions on "bmc":
Aug 03 15:43:00 witherspoon kernel: 0x000000000000-0x000000060000 : "u-boot"
Aug 03 15:43:00 witherspoon kernel: 0x000000060000-0x000000080000 : "u-boot-env"
Aug 03 15:43:00 witherspoon kernel: 0x000000080000-0x0000004c0000 : "kernel"
Aug 03 15:43:00 witherspoon kernel: 0x0000004c0000-0x000001c00000 : "rofs"
Aug 03 15:43:00 witherspoon kernel: 0x000001c00000-0x000002000000 : "rwfs"
Aug 03 15:43:00 witherspoon kernel: aspeed-smc 1e620000.flash-controller: mx25l25635e (32768 Kbytes)
Aug 03 15:43:00 witherspoon kernel: aspeed-smc 1e620000.flash-controller: CE1 window [ 0x22000000 - 0x24000000 ] 32MB
Aug 03 15:43:00 witherspoon kernel: aspeed-smc 1e620000.flash-controller: CE2 window [ 0x24000000 - 0x2c000000 ] 128MB
Aug 03 15:43:00 witherspoon kernel: aspeed-smc 1e630000.flash-controller: mx66l1g45g (131072 Kbytes)
Aug 03 15:43:00 witherspoon kernel: aspeed-smc 1e630000.flash-controller: CE0 window resized to 120MB (AST2500 HW quirk)
Aug 03 15:43:00 witherspoon kernel: aspeed-smc 1e630000.flash-controller: CE0 window [ 0x30000000 - 0x37800000 ] 120MB
Aug 03 15:43:00 witherspoon kernel: aspeed-smc 1e630000.flash-controller: CE0 window too small for chip 128MB
Aug 03 15:43:00 witherspoon kernel: aspeed-smc 1e630000.flash-controller: CE1 window [ 0x37800000 - 0x38000000 ] 8MB
Aug 03 15:43:00 witherspoon kernel: libphy: Fixed MDIO Bus: probed
Aug 03 15:43:00 witherspoon kernel: ftgmac100 1e660000.ethernet: Read MAC address 70:e2:84:14:24:20 from chip
Aug 03 15:43:00 witherspoon kernel: ftgmac100 1e660000.ethernet: Using NCSI interface
Aug 03 15:43:00 witherspoon kernel: ftgmac100 1e660000.ethernet eth0: irq 20, mapped at f0060000
Aug 03 15:43:00 witherspoon kernel: ehci_hcd: USB 2.0 'Enhanced' Host Controller (EHCI) Driver
Aug 03 15:43:00 witherspoon kernel: ehci-platform: EHCI generic platform driver
Aug 03 15:43:00 witherspoon kernel:  fsi0: can't read slave 00:00 -5
Aug 03 15:43:00 witherspoon kernel: i2c /dev entries driver
Aug 03 15:43:00 witherspoon kernel: aspeed-i2c-bus 1e78a0c0.i2c-bus: i2c bus 2 registered, irq 26
Aug 03 15:43:00 witherspoon kernel: aspeed-i2c-bus 1e78a100.i2c-bus: i2c bus 3 registered, irq 27
Aug 03 15:43:00 witherspoon kernel: aspeed-i2c-bus 1e78a140.i2c-bus: i2c bus 4 registered, irq 28
Aug 03 15:43:00 witherspoon kernel: aspeed-i2c-bus 1e78a180.i2c-bus: i2c bus 5 registered, irq 29
Aug 03 15:43:00 witherspoon kernel: aspeed-i2c-bus 1e78a380.i2c-bus: i2c bus 9 registered, irq 30
Aug 03 15:43:00 witherspoon kernel: aspeed-i2c-bus 1e78a3c0.i2c-bus: i2c bus 10 registered, irq 31
Aug 03 15:43:00 witherspoon kernel: rtc-rv8803 11-0032: Voltage low, temperature compensation stopped.
Aug 03 15:43:00 witherspoon kernel: rtc-rv8803 11-0032: rtc core: registered rx8900 as rtc0
Aug 03 15:43:00 witherspoon kernel: at24 11-0051: 8192 byte 24c64 EEPROM, writable, 1 bytes/write
Aug 03 15:43:00 witherspoon kernel: aspeed-i2c-bus 1e78a400.i2c-bus: i2c bus 11 registered, irq 32
Aug 03 15:43:00 witherspoon kernel: aspeed-i2c-bus 1e78a440.i2c-bus: i2c bus 12 registered, irq 33
Aug 03 15:43:00 witherspoon kernel: aspeed-i2c-bus 1e78a480.i2c-bus: i2c bus 13 registered, irq 34
Aug 03 15:43:00 witherspoon kernel: Driver for 1-wire Dallas network protocol.
Aug 03 15:43:00 witherspoon kernel: lm75 9-004a: hwmon0: sensor 'tmp275'
Aug 03 15:43:00 witherspoon kernel: ucd9000 11-0064: Device ID UCD90160|2.3.4.0000|110603
Aug 03 15:43:00 witherspoon kernel: leds-pca955x 3-0060: leds-pca955x: Using pca9552 16-bit LED driver at slave address 0x60
Aug 03 15:43:00 witherspoon kernel: leds-pca955x 3-0060: gpios 264...279
Aug 03 15:43:00 witherspoon kernel: leds-pca955x 11-0060: leds-pca955x: Using pca9552 16-bit LED driver at slave address 0x60
Aug 03 15:43:00 witherspoon kernel: leds-pca955x 11-0060: gpios 248...263
Aug 03 15:43:00 witherspoon kernel: usbcore: registered new interface driver usbhid
Aug 03 15:43:00 witherspoon kernel: usbhid: USB HID core driver
Aug 03 15:43:00 witherspoon kernel: NET: Registered protocol family 10
Aug 03 15:43:00 witherspoon kernel: Segment Routing with IPv6
Aug 03 15:43:00 witherspoon kernel: NET: Registered protocol family 17
Aug 03 15:43:00 witherspoon kernel: 8021q: 802.1Q VLAN Support v1.8
Aug 03 15:43:00 witherspoon kernel: input: gpio-keys-polled as /devices/platform/gpio-keys-polled/input/input1
Aug 03 15:43:00 witherspoon kernel: console [netcon0] enabled
Aug 03 15:43:00 witherspoon kernel: netconsole: network logging started
Aug 03 15:43:00 witherspoon kernel: input: gpio-keys as /devices/platform/gpio-keys/input/input2
Aug 03 15:43:00 witherspoon kernel: rtc-rv8803 11-0032: setting system clock to 2016-05-02 03:57:51 UTC (1462161471)
Aug 03 15:43:00 witherspoon kernel: Freeing unused kernel memory: 280K
Aug 03 15:43:00 witherspoon kernel: This architecture does not have kernel memory protection.
Aug 03 15:43:00 witherspoon kernel: jffs2: notice: (540) jffs2_build_xattr_subsystem: complete building xattr subsystem, 0 of xdatum (0 unchecked, 0 orphan) and 0 of xref (0 dead, 0 orphan) found.
Aug 03 15:43:00 witherspoon systemd[1]: System time before build time, advancing clock.
Aug 03 15:43:00 witherspoon systemd[1]: Failed to insert module 'autofs4': No such file or directory
Aug 03 15:43:00 witherspoon systemd[1]: systemd 232 running in system mode. (+PAM -AUDIT -SELINUX -IMA -APPARMOR -SMACK +SYSVINIT -UTMP -LIBCRYPTSETUP -GCRYPT -GNUTLS +ACL +XZ -LZ4 -SECCOMP +BLKID -ELFUTILS +KMOD -IDN)
Aug 03 15:43:00 witherspoon systemd[1]: Detected architecture arm.
Aug 03 15:43:00 witherspoon systemd[1]: Set hostname to <witherspoon>.
Aug 03 15:43:00 witherspoon systemd[1]: Started Forward Password Requests to Wall Directory Watch.
Aug 03 15:43:00 witherspoon systemd[1]: Listening on /dev/initctl Compatibility Named Pipe.
Aug 03 15:43:00 witherspoon systemd[1]: Started Dispatch Password Requests to Console Directory Watch.
Aug 03 15:43:00 witherspoon systemd[1]: Listening on udev Control Socket.
Aug 03 15:43:00 witherspoon systemd[1]: Listening on udev Kernel Socket.
Aug 03 15:43:00 witherspoon systemd[1]: Reached target Paths.
Aug 03 15:43:00 witherspoon systemd[1]: Listening on Journal Socket (/dev/log).
Aug 03 15:43:00 witherspoon systemd-journald[563]: Journal started
Aug 03 15:43:00 witherspoon systemd-journald[563]: Runtime journal (/run/log/journal/98da6a547f8141998b98e23f5894fd04) is 0B, max 0B, 0B free.
Aug 03 15:43:00 witherspoon systemd-sysctl[570]: Couldn't write '16' to 'kernel/sysrq', ignoring: No such file or directory
Aug 03 15:43:00 witherspoon systemd-sysctl[570]: Couldn't write 'fq_codel' to 'net/core/default_qdisc', ignoring: No such file or directory
Aug 03 15:43:01 witherspoon systemd[1]: Started Remount Root and Kernel File Systems.
Aug 03 15:43:01 witherspoon systemd[1]: Started Apply Kernel Variables.
Aug 03 15:43:01 witherspoon systemd[1]: Starting Create System Users...
Aug 03 15:43:01 witherspoon systemd[1]: Starting Flush Journal to Persistent Storage...
Aug 03 15:43:01 witherspoon systemd[1]: Started udev Coldplug all Devices.
Aug 03 15:43:02 witherspoon systemd[1]: Started Create System Users.
Aug 03 15:43:02 witherspoon systemd[1]: Starting Create Static Device Nodes in /dev...
Aug 03 15:43:02 witherspoon systemd-journald[563]: Runtime journal (/run/log/journal/98da6a547f8141998b98e23f5894fd04) is 0B, max 0B, 0B free.
Aug 03 15:43:02 witherspoon systemd[1]: Started Flush Journal to Persistent Storage.
Aug 03 15:43:02 witherspoon systemd[1]: Started Create Static Device Nodes in /dev.
Aug 03 15:43:02 witherspoon systemd[1]: Starting udev Kernel Device Manager...
Aug 03 15:43:02 witherspoon systemd[1]: Reached target Local File Systems (Pre).
Aug 03 15:43:02 witherspoon systemd[1]: Mounting /var/volatile...
Aug 03 15:43:02 witherspoon systemd[1]: Mounting /usr/local...
Aug 03 15:43:03 witherspoon systemd[1]: Mounted /var/volatile.
Aug 03 15:43:03 witherspoon systemd[1]: Mounted /usr/local.
Aug 03 15:43:03 witherspoon systemd[1]: Reached target Local File Systems.
Aug 03 15:43:03 witherspoon systemd[1]: Starting Create Volatile Files and Directories...
Aug 03 15:43:03 witherspoon systemd[1]: Starting Rebuild Journal Catalog...
Aug 03 15:43:03 witherspoon systemd[1]: Starting Load/Save Random Seed...
Aug 03 15:43:03 witherspoon systemd[1]: Started Load/Save Random Seed.
Aug 03 15:43:03 witherspoon systemd[1]: Started Rebuild Journal Catalog.
Aug 03 15:43:03 witherspoon systemd[1]: Starting Update is Completed...
Aug 03 15:43:03 witherspoon systemd-tmpfiles[924]: "/var/tmp" already exists and is not a directory.
Aug 03 15:43:03 witherspoon systemd-tmpfiles[924]: "/var/log" already exists and is not a directory.
Aug 03 15:43:03 witherspoon systemd[1]: Started Create Volatile Files and Directories.
Aug 03 15:43:03 witherspoon systemd[1]: Starting Network Time Synchronization...
Aug 03 15:43:04 witherspoon systemd[1]: Started udev Kernel Device Manager.
Aug 03 15:43:04 witherspoon systemd-udevd[932]: rename '/dev/mtd/.tmp-c90:3' '/dev/mtd/' failed: Not a directory
Aug 03 15:43:04 witherspoon systemd-udevd[932]: rename '/dev/mtd/.tmp-c90:5' '/dev/mtd/' failed: Not a directory
Aug 03 15:43:04 witherspoon systemd-udevd[932]: rename '/dev/mtd/.tmp-c90:7' '/dev/mtd/' failed: Not a directory
Aug 03 15:43:04 witherspoon systemd-udevd[934]: rename '/dev/mtd/.tmp-c90:15' '/dev/mtd/' failed: Not a directory
Aug 03 15:43:04 witherspoon systemd-udevd[936]: rename '/dev/mtd/.tmp-c90:13' '/dev/mtd/' failed: Not a directory
Aug 03 15:43:04 witherspoon systemd-udevd[935]: rename '/dev/mtd/.tmp-c90:1' '/dev/mtd/' failed: Not a directory
Aug 03 15:43:05 witherspoon systemd-udevd[937]: rename '/dev/mtd/.tmp-c90:11' '/dev/mtd/' failed: Not a directory
Aug 03 15:43:05 witherspoon systemd-udevd[932]: rename '/dev/mtd/.tmp-c90:9' '/dev/mtd/' failed: Not a directory
Aug 03 15:43:05 witherspoon systemd[1]: Created slice system-xyz.openbmc_project.Hwmon.slice.
Aug 03 15:43:06 witherspoon systemd[1]: dev-hugepages.mount: Couldn't determine result for ConditionVirtualization=!private-users, assuming failed: No such file or directory
Aug 03 15:43:06 witherspoon systemd[1]: Started Network Time Synchronization.
Aug 03 15:43:06 witherspoon systemd[1]: Started Update is Completed.
Aug 03 15:43:06 witherspoon systemd[1]: Found device /dev/aspeed-lpc-ctrl.
Aug 03 15:43:06 witherspoon systemd[1]: Found device /dev/aspeed-mbox.
Aug 03 15:43:06 witherspoon systemd[1]: Found device /dev/ttyS4.
Aug 03 15:43:06 witherspoon systemd[1]: Found device /dev/ttyVUART0.
Aug 03 15:43:07 witherspoon systemd[1]: Created slice system-xyz.openbmc_project.led.controller.slice.
Aug 03 15:43:07 witherspoon systemd[1]: dev-hugepages.mount: Couldn't determine result for ConditionVirtualization=!private-users, assuming failed: No such file or directory
Aug 03 15:43:07 witherspoon systemd[1]: Reached target System Initialization.
Aug 03 15:43:07 witherspoon systemd[1]: Listening on Avahi mDNS/DNS-SD Stack Activation Socket.
Aug 03 15:43:07 witherspoon systemd[1]: Listening on Phosphor Webserver socket.
Aug 03 15:43:08 witherspoon systemd[1]: Listening on Phosphor Host Console SSH Per-Connection socket.
Aug 03 15:43:08 witherspoon systemd[1]: Listening on phosphor-ipmi-net.socket.
Aug 03 15:43:08 witherspoon systemd[1]: Started Daily Cleanup of Temporary Directories.
Aug 03 15:43:08 witherspoon systemd[1]: Reached target Timers.
Aug 03 15:43:08 witherspoon systemd[1]: Listening on D-Bus System Message Bus Socket.
Aug 03 15:43:09 witherspoon systemd[1]: Listening on dropbear.socket.
Aug 03 15:43:09 witherspoon systemd[1]: Listening on Phosphor DBUS Browser socket.
Aug 03 15:43:09 witherspoon systemd[1]: Reached target Sockets.
Aug 03 15:43:09 witherspoon systemd[1]: Reached target Basic System.
Aug 03 15:43:09 witherspoon systemd[1]: Started Phosphor Dump core monitor..
Aug 03 15:43:09 witherspoon systemd[1]: Started Phosphor sysfs LED controller.
Aug 03 15:43:09 witherspoon systemd[1]: Started System Logging Service.
Aug 03 15:43:09 witherspoon systemd[1]: Starting Phosphor LED Group Management Daemon...
Aug 03 15:43:09 witherspoon systemd[1]: Started Phosphor sysfs LED controller.
Aug 03 15:43:10 witherspoon systemd[1]: Starting Clear one time boot overrides...
Aug 03 15:43:10 witherspoon systemd[1]: Started Phosphor sysfs LED controller.
Aug 03 15:43:10 witherspoon systemd[1]: Starting Remount the ubi volume after a reboot...
Aug 03 15:43:10 witherspoon systemd[1]: Starting Phosphor Inventory Manager...
Aug 03 15:43:10 witherspoon systemd[1]: Starting Avahi mDNS/DNS-SD Stack...
Aug 03 15:43:10 witherspoon systemd[1]: Reached target Containers.
Aug 03 15:43:10 witherspoon systemd[1]: Started D-Bus System Message Bus.
Aug 03 15:43:12 witherspoon avahi-daemon[962]: Found user 'avahi' (UID 998) and group 'avahi' (GID 997).
Aug 03 15:43:12 witherspoon avahi-daemon[962]: Successfully dropped root privileges.
Aug 03 15:43:12 witherspoon avahi-daemon[962]: avahi-daemon 0.6.32 starting up.
Aug 03 15:43:12 witherspoon obmc-flash-bmc[960]: hexdump: /dev/mtd: Is a directory
Aug 03 15:43:12 witherspoon avahi-daemon[962]: Successfully called chroot().
Aug 03 15:43:12 witherspoon avahi-daemon[962]: Successfully dropped remaining capabilities.
Aug 03 15:43:12 witherspoon avahi-daemon[962]: Loading service file /services/obmc_console.service.
Aug 03 15:43:12 witherspoon avahi-daemon[962]: Loading service file /services/phosphor_rest.service.
Aug 03 15:43:12 witherspoon systemd[1]: Started Avahi mDNS/DNS-SD Stack.
Aug 03 15:43:12 witherspoon avahi-daemon[962]: Loading service file /services/sftp-ssh.service.
Aug 03 15:43:12 witherspoon systemd[1]: Starting Network Service...
Aug 03 15:43:12 witherspoon avahi-daemon[962]: Loading service file /services/sftp.service.
Aug 03 15:43:12 witherspoon avahi-daemon[962]: Loading service file /services/ssh.service.
Aug 03 15:43:12 witherspoon avahi-daemon[962]: Network interface enumeration completed.
Aug 03 15:43:12 witherspoon avahi-daemon[962]: Server startup complete. Host name is witherspoon.local. Local service cookie is 2254479588.
Aug 03 15:43:12 witherspoon avahi-daemon[962]: Service "witherspoon" (/services/ssh.service) successfully established.
Aug 03 15:43:12 witherspoon avahi-daemon[962]: Service "sftp" (/services/sftp.service) successfully established.
Aug 03 15:43:12 witherspoon avahi-daemon[962]: Service "witherspoon" (/services/sftp-ssh.service) successfully established.
Aug 03 15:43:12 witherspoon avahi-daemon[962]: Service "phosphor_rest" (/services/phosphor_rest.service) successfully established.
Aug 03 15:43:12 witherspoon avahi-daemon[962]: Service "obmc_console" (/services/obmc_console.service) successfully established.
Aug 03 15:43:13 witherspoon systemd[1]: Starting Phosphor Download Manager...
Aug 03 15:43:13 witherspoon systemd[1]: Started Phosphor sysfs LED controller.
Aug 03 15:43:13 witherspoon systemd[1]: Starting Phosphor Chassis0 Control...
Aug 03 15:43:13 witherspoon systemd-networkd[984]: Enumeration completed
Aug 03 15:43:14 witherspoon systemd[1]: Starting Phosphor IPMI BT DBus Bridge...
Aug 03 15:43:14 witherspoon systemd[1]: Starting Phosphor DBus Service Discovery Manager...
Aug 03 15:43:14 witherspoon systemd[1]: Started Phosphor sysfs LED controller.
Aug 03 15:43:14 witherspoon systemd[1]: Started Phosphor sysfs LED controller.
Aug 03 15:43:14 witherspoon systemd[1]: Starting Phosphor Inventory Manager...
Aug 03 15:43:14 witherspoon systemd[1]: Starting Phosphor Download Manager...
Aug 03 15:43:14 witherspoon systemd-networkd[984]: eth0: IPv6 enabled for interface: Success
Aug 03 15:43:14 witherspoon kernel: 8021q: adding VLAN 0 to HW filter on device eth0
Aug 03 15:43:14 witherspoon systemd[1]: Started Kernel Logging Service.
Aug 03 15:43:14 witherspoon avahi-daemon[962]: Joining mDNS multicast group on interface eth0.IPv4 with address 9.41.166.169.
Aug 03 15:43:14 witherspoon systemd[1]: Starting Phosphor Dump Manager...
Aug 03 15:43:14 witherspoon avahi-daemon[962]: New relevant interface eth0.IPv4 for mDNS.
Aug 03 15:43:14 witherspoon systemd[1]: Starting Phosphor Network Manager...
Aug 03 15:43:14 witherspoon avahi-daemon[962]: Registering new address record for 9.41.166.169 on eth0.IPv4.
Aug 03 15:43:14 witherspoon systemd[1]: Starting Phosphor Settings Daemon...
Aug 03 15:43:14 witherspoon systemd-networkd[984]: eth0: Gained carrier
Aug 03 15:43:15 witherspoon kernel[1001]: klogd started: BusyBox v1.24.1 (2017-06-16 19:29:08 UTC)
Aug 03 15:43:14 witherspoon systemd[1]: Starting Phosphor Log Manager...
Aug 03 15:43:15 witherspoon kernel[1001]: [    0.000000] Booting Linux on physical CPU 0x0
Aug 03 15:43:14 witherspoon systemd[1]: Starting Phosphor Sensor Manager...
Aug 03 15:43:15 witherspoon kernel[1001]: [    0.000000] Linux version 4.10.17-1a4df30c39cf5ee0e3d2528c409787ccbb4a672a (jenkins@openbmc-builder1) (gcc version 6.2.0 (GCC) ) #1 Tue Aug 22 14:06:12 UTC 2017
Aug 03 15:43:14 witherspoon systemd[1]: Started Phosphor sysfs LED controller.
Aug 03 15:43:15 witherspoon kernel[1001]: [    0.000000] CPU: ARMv6-compatible processor [410fb767] revision 7 (ARMv7), cr=00c5387d
Aug 03 15:43:14 witherspoon systemd[1]: Starting Updates symlinks for active PNOR version...
Aug 03 15:43:15 witherspoon kernel[1001]: [    0.000000] CPU: PIPT / VIPT nonaliasing data cache, VIPT nonaliasing instruction cache
Aug 03 15:43:14 witherspoon systemd[1]: Started Hardware RNG Entropy Gatherer Daemon.
Aug 03 15:43:15 witherspoon kernel[1001]: [    0.000000] OF: fdt:Machine model: Witherspoon BMC
Aug 03 15:43:14 witherspoon systemd[1]: Starting Phosphor User Manager...
Aug 03 15:43:15 witherspoon kernel[1001]: [    0.000000] Memory policy: Data cache writeback
Aug 03 15:43:14 witherspoon systemd[1]: Started Phosphor sysfs LED controller.
Aug 03 15:43:15 witherspoon kernel[1001]: [    0.000000] SOC Rev: 04030303
Aug 03 15:43:14 witherspoon systemd-timesyncd[931]: Network configuration changed, trying to establish connection.
Aug 03 15:43:15 witherspoon kernel[1001]: [    0.000000] On node 0 totalpages: 110592
Aug 03 15:43:14 witherspoon systemd[1]: Starting Phosphor BMC0 Control...
Aug 03 15:43:15 witherspoon kernel[1001]: [    0.000000] free_area_init_node: node 0, pgdat 80601864, node_mem_map 9ec1a000
Aug 03 15:43:14 witherspoon systemd[1]: Started Phosphor sysfs LED controller.
Aug 03 15:43:15 witherspoon kernel[1001]: [    0.000000]   Normal zone: 992 pages used for memmap
Aug 03 15:43:14 witherspoon systemd[1]: Started Phosphor sysfs LED controller.
Aug 03 15:43:15 witherspoon kernel[1001]: [    0.000000]   Normal zone: 0 pages reserved
Aug 03 15:43:14 witherspoon systemd[1]: Started Phosphor Console Muxer listening on device /dev/ttyVUART0.
Aug 03 15:43:15 witherspoon kernel[1001]: [    0.000000]   Normal zone: 110592 pages, LIFO batch:31
Aug 03 15:43:15 witherspoon systemd[1]: Starting Remount the squashfs and ubi volumes after a reboot...
Aug 03 15:43:15 witherspoon kernel[1001]: [    0.000000] pcpu-alloc: s0 r0 d32768 u32768 alloc=1*32768
Aug 03 15:43:15 witherspoon obmc-flash-bios[1008]: ls: /media/pnor-ro-*: No such file or directory
Aug 03 15:43:15 witherspoon systemd[1]: Reached target System Time Synchronized.
Aug 03 15:43:15 witherspoon kernel[1001]: [    0.000000] pcpu-alloc: [0] 0
Aug 03 15:43:15 witherspoon systemd[1]: Started Network Service.
Aug 03 15:43:15 witherspoon kernel[1001]: [    0.000000] Built 1 zonelists in Zone order, mobility grouping on.  Total pages: 109600
Aug 03 15:43:15 witherspoon systemd[1]: Started Clear one time boot overrides.
Aug 03 15:43:15 witherspoon kernel[1001]: [    0.000000] Kernel command line: console=ttyS4,115200n8 root=/dev/ram rw
Aug 03 15:43:15 witherspoon systemd[1]: Started Phosphor LED Group Management Daemon.
Aug 03 15:43:15 witherspoon kernel[1001]: [    0.000000] PID hash table entries: 2048 (order: 1, 8192 bytes)
Aug 03 15:43:15 witherspoon systemd[1]: Reached target Network.
Aug 03 15:43:15 witherspoon kernel[1001]: [    0.000000] Dentry cache hash table entries: 65536 (order: 6, 262144 bytes)
Aug 03 15:43:15 witherspoon systemd[1]: Started Lightweight SLP Server.
Aug 03 15:43:15 witherspoon kernel[1001]: [    0.000000] Inode-cache hash table entries: 32768 (order: 5, 131072 bytes)
Aug 03 15:43:15 witherspoon systemd[1]: Starting Permit User Sessions...
Aug 03 15:43:15 witherspoon kernel[1001]: [    0.000000] Memory: 430420K/442368K available (4074K kernel code, 281K rwdata, 1196K rodata, 280K init, 111K bss, 11948K reserved, 0K cma-reserved)
Aug 03 15:43:15 witherspoon systemd[1]: Started Updates symlinks for active PNOR version.
Aug 03 15:43:15 witherspoon kernel[1001]: [    0.000000] Virtual kernel memory layout:
Aug 03 15:43:16 witherspoon systemd[1]: Started Remount the squashfs and ubi volumes after a reboot.
Aug 03 15:43:15 witherspoon kernel[1001]: [    0.000000]     vector  : 0xffff0000 - 0xffff1000   (   4 kB)
Aug 03 15:43:16 witherspoon systemd[1]: Starting OpenPower Software Update Manager...
Aug 03 15:43:15 witherspoon kernel[1001]: [    0.000000]     fixmap  : 0xffc00000 - 0xfff00000   (3072 kB)
Aug 03 15:43:16 witherspoon systemd[1]: Started Phosphor IPMI BT DBus Bridge.
Aug 03 15:43:15 witherspoon kernel[1001]: [    0.000000]     vmalloc : 0x9f800000 - 0xff800000   (1536 MB)
Aug 03 15:43:15 witherspoon kernel[1001]: [    0.000000]     lowmem  : 0x80000000 - 0x9f000000   ( 496 MB)
Aug 03 15:43:15 witherspoon kernel[1001]: [    0.000000]       .text : 0x80008000 - 0x80402cb0   (4076 kB)
Aug 03 15:43:15 witherspoon kernel[1001]: [    0.000000]       .init : 0x80588000 - 0x805ce000   ( 280 kB)
Aug 03 15:43:15 witherspoon kernel[1001]: [    0.000000]       .data : 0x805ce000 - 0x80614710   ( 282 kB)
Aug 03 15:43:15 witherspoon kernel[1001]: [    0.000000]        .bss : 0x80614710 - 0x806305b8   ( 112 kB)
Aug 03 15:43:15 witherspoon kernel[1001]: [    0.000000] NR_IRQS:16 nr_irqs:16 16
Aug 03 15:43:15 witherspoon kernel[1001]: [    0.000000] i2c controller registered, irq 16
Aug 03 15:43:15 witherspoon kernel[1001]: [    0.000000] clocksource: moxart_timer: mask: 0xffffffff max_cycles: 0xffffffff, max_idle_ns: 77222644334 ns
Aug 03 15:43:15 witherspoon kernel[1001]: [    0.000000] sched_clock: 32 bits at 100 Hz, resolution 10000000ns, wraps every 21474836475000000ns
Aug 03 15:43:15 witherspoon kernel[1001]: [    0.090000] Calibrating delay loop... 789.70 BogoMIPS (lpj=3948544)
Aug 03 15:43:15 witherspoon kernel[1001]: [    0.090000] pid_max: default: 32768 minimum: 301
Aug 03 15:43:15 witherspoon kernel[1001]: [    0.090000] Mount-cache hash table entries: 1024 (order: 0, 4096 bytes)
Aug 03 15:43:15 witherspoon kernel[1001]: [    0.090000] Mountpoint-cache hash table entries: 1024 (order: 0, 4096 bytes)
Aug 03 15:43:15 witherspoon kernel[1001]: [    0.090000] CPU: Testing write buffer coherency: ok
Aug 03 15:43:15 witherspoon kernel[1001]: [    0.090000] ftrace: allocating 14972 entries in 44 pages
Aug 03 15:43:15 witherspoon kernel[1001]: [    0.120000] Setting up static identity map for 0x80008200 - 0x8000825c
Aug 03 15:43:15 witherspoon kernel[1001]: [    0.120000] devtmpfs: initialized
Aug 03 15:43:15 witherspoon kernel[1001]: [    0.140000] clocksource: jiffies: mask: 0xffffffff max_cycles: 0xffffffff, max_idle_ns: 19112604462750000 ns
Aug 03 15:43:15 witherspoon kernel[1001]: [    0.140000] futex hash table entries: 256 (order: -1, 3072 bytes)
Aug 03 15:43:15 witherspoon kernel[1001]: [    0.140000] pinctrl core: initialized pinctrl subsystem
Aug 03 15:43:15 witherspoon kernel[1001]: [    0.140000] NET: Registered protocol family 16
Aug 03 15:43:15 witherspoon kernel[1001]: [    0.150000] DMA: preallocated 256 KiB pool for atomic coherent allocations
Aug 03 15:43:15 witherspoon kernel[1001]: [    0.220000] usbcore: registered new interface driver usbfs
Aug 03 15:43:15 witherspoon kernel[1001]: [    0.220000] usbcore: registered new interface driver hub
Aug 03 15:43:15 witherspoon kernel[1001]: [    0.220000] usbcore: registered new device driver usb
Aug 03 15:43:15 witherspoon kernel[1001]: [    0.230000] clocksource: Switched to clocksource moxart_timer
Aug 03 15:43:15 witherspoon kernel[1001]: [    0.250000] NET: Registered protocol family 2
Aug 03 15:43:15 witherspoon kernel[1001]: [    0.250000] TCP established hash table entries: 4096 (order: 2, 16384 bytes)
Aug 03 15:43:15 witherspoon kernel[1001]: [    0.250000] TCP bind hash table entries: 4096 (order: 2, 16384 bytes)
Aug 03 15:43:15 witherspoon kernel[1001]: [    0.250000] TCP: Hash tables configured (established 4096 bind 4096)
Aug 03 15:43:15 witherspoon kernel[1001]: [    0.250000] UDP hash table entries: 256 (order: 0, 4096 bytes)
Aug 03 15:43:15 witherspoon kernel[1001]: [    0.250000] UDP-Lite hash table entries: 256 (order: 0, 4096 bytes)
Aug 03 15:43:15 witherspoon kernel[1001]: [    0.250000] NET: Registered protocol family 1
Aug 03 15:43:15 witherspoon kernel[1001]: [    0.250000] Trying to unpack rootfs image as initramfs...
Aug 03 15:43:15 witherspoon kernel[1001]: [    1.920000] Freeing initrd memory: 1548K
Aug 03 15:43:15 witherspoon kernel[1001]: [    1.920000] workingset: timestamp_bits=30 max_order=17 bucket_order=0
Aug 03 15:43:15 witherspoon kernel[1001]: [    1.920000] squashfs: version 4.0 (2009/01/31) Phillip Lougher
Aug 03 15:43:15 witherspoon kernel[1001]: [    1.920000] jffs2: version 2.2. (SUMMARY)  © 2001-2006 Red Hat, Inc.
Aug 03 15:43:15 witherspoon kernel[1001]: [    1.920000] Block layer SCSI generic (bsg) driver version 0.4 loaded (major 250)
Aug 03 15:43:15 witherspoon kernel[1001]: [    1.920000] io scheduler noop registered
Aug 03 15:43:15 witherspoon kernel[1001]: [    1.920000] io scheduler deadline registered
Aug 03 15:43:15 witherspoon kernel[1001]: [    1.920000] io scheduler cfq registered (default)
Aug 03 15:43:15 witherspoon kernel[1001]: [    2.070000] ipmi-bt-host 1e789140.ibt: Found bt bmc device
Aug 03 15:43:15 witherspoon kernel[1001]: [    2.070000] ipmi-bt-host 1e789140.ibt: Using IRQ 22
Aug 03 15:43:15 witherspoon kernel[1001]: [    2.070000] Serial: 8250/16550 driver, 6 ports, IRQ sharing enabled
Aug 03 15:43:15 witherspoon kernel[1001]: [    2.070000] 1e787000.vuart: ttyS0 at MMIO 0x1e787000 (irq = 22, base_baud = 1500000) is a 16550A
Aug 03 15:43:15 witherspoon kernel[1001]: [    2.070000] 1e783000.serial: ttyS1 at MMIO 0x1e783000 (irq = 23, base_baud = 1500000) is a 16550A
Aug 03 15:43:15 witherspoon kernel[1001]: [    2.070000] 1e78d000.serial: ttyS2 at MMIO 0x1e78d000 (irq = 24, base_baud = 1500000) is a 16550A
Aug 03 15:43:15 witherspoon kernel[1001]: [    2.070000] 1e784000.serial: ttyS4 at MMIO 0x1e784000 (irq = 25, base_baud = 1500000) is a 16550A
Aug 03 15:43:15 witherspoon kernel[1001]: [    2.410000] console [ttyS4] enabled
Aug 03 15:43:15 witherspoon kernel[1001]: [    2.620000] timeriomem_rng 1e6e2078.hwrng: 32bits from 0xf00e2078 @ 1us
Aug 03 15:43:15 witherspoon kernel[1001]: [    2.630000] random: fast init done
Aug 03 15:43:15 witherspoon kernel[1001]: [    2.670000] brd: module loaded
Aug 03 15:43:17 witherspoon systemd[1]: Started Phosphor Dump Manager.
Aug 03 15:43:15 witherspoon kernel[1001]: [    2.690000] random: crng init done
Aug 03 15:43:18 witherspoon systemd[1]: Started Remount the ubi volume after a reboot.
Aug 03 15:43:15 witherspoon kernel[1001]: [    2.700000] loop: module loaded
Aug 03 15:43:18 witherspoon systemd[1]: Starting OpenBMC Software Update Manager...
Aug 03 15:43:15 witherspoon kernel[1001]: [    2.710000] aspeed-lpc-ctrl 1e789080.lpc-ctrl: Loaded at 0x98000000 (0x04000000)
Aug 03 15:43:18 witherspoon systemd-networkd[984]: eth0: Gained IPv6LL
Aug 03 15:43:15 witherspoon kernel[1001]: [    2.720000] aspeed-smc 1e620000.flash-controller: Using IRQ 18
Aug 03 15:43:18 witherspoon systemd[1]: Started Phosphor Inventory Manager.
Aug 03 15:43:15 witherspoon kernel[1001]: [    2.720000] aspeed-smc 1e620000.flash-controller: DMA support disabled.
Aug 03 15:43:18 witherspoon systemd[1]: Started Permit User Sessions.
Aug 03 15:43:15 witherspoon kernel[1001]: [    2.720000] aspeed-smc 1e620000.flash-controller: mx25l25635e (32768 Kbytes)
Aug 03 15:43:18 witherspoon systemd[1]: Started Serial Getty on ttyS4.
Aug 03 15:43:15 witherspoon kernel[1001]: [    2.740000] aspeed-smc 1e620000.flash-controller: CE0 window [ 0x20000000 - 0x22000000 ] 32MB
Aug 03 15:43:18 witherspoon systemd[1]: Reached target Login Prompts.
Aug 03 15:43:15 witherspoon kernel[1001]: [    2.740000] aspeed-smc 1e620000.flash-controller: CE1 window [ 0x22000000 - 0x2a000000 ] 128MB
Aug 03 15:43:18 witherspoon systemd[1]: Reached target Multi-User System.
Aug 03 15:43:15 witherspoon kernel[1001]: [    2.740000] 5 ofpart partitions found on MTD device bmc
Aug 03 15:43:18 witherspoon systemd[1]: Started Phosphor Log Manager.
Aug 03 15:43:15 witherspoon kernel[1001]: [    2.740000] Creating 5 MTD partitions on "bmc":
Aug 03 15:43:19 witherspoon systemd[1]: Started Phosphor Download Manager.
Aug 03 15:43:15 witherspoon kernel[1001]: [    2.770000] 0x000000000000-0x000000060000 : "u-boot"
Aug 03 15:43:19 witherspoon systemd[1]: Started Phosphor Settings Daemon.
Aug 03 15:43:15 witherspoon kernel[1001]: [    2.770000] 0x000000060000-0x000000080000 : "u-boot-env"
Aug 03 15:43:19 witherspoon systemd[1]: Started OpenPower Software Update Manager.
Aug 03 15:43:15 witherspoon kernel[1001]: [    2.770000] 0x000000080000-0x0000004c0000 : "kernel"
Aug 03 15:43:15 witherspoon kernel[1001]: [    2.770000] 0x0000004c0000-0x000001c00000 : "rofs"
Aug 03 15:43:15 witherspoon kernel[1001]: [    2.770000] 0x000001c00000-0x000002000000 : "rwfs"
Aug 03 15:43:15 witherspoon kernel[1001]: [    2.820000] aspeed-smc 1e620000.flash-controller: mx25l25635e (32768 Kbytes)
Aug 03 15:43:15 witherspoon kernel[1001]: [    2.820000] aspeed-smc 1e620000.flash-controller: CE1 window [ 0x22000000 - 0x24000000 ] 32MB
Aug 03 15:43:15 witherspoon kernel[1001]: [    2.830000] aspeed-smc 1e620000.flash-controller: CE2 window [ 0x24000000 - 0x2c000000 ] 128MB
Aug 03 15:43:21 witherspoon kernel: ftgmac100 1e660000.ethernet eth0: ncsi: removed vlan tag 0 at index 1
Aug 03 15:43:21 witherspoon kernel: ftgmac100 1e660000.ethernet eth0: ncsi: removed vlan tag 0 at index 2
Aug 03 15:43:21 witherspoon kernel: ftgmac100 1e660000.ethernet eth0: no vlan ids left to set
Aug 03 15:43:21 witherspoon kernel: ftgmac100 1e660000.ethernet eth0: NCSI interface up
Aug 03 15:43:19 witherspoon systemd[1]: Starting Create a ubi volume for pnor patches...
Aug 03 15:43:15 witherspoon kernel[1001]: [    2.830000] aspeed-smc 1e630000.flash-controller: mx66l1g45g (131072 Kbytes)
Aug 03 15:43:19 witherspoon systemd[1]: Started Phosphor MBOX Daemon.
Aug 03 15:43:15 witherspoon kernel[1001]: [    2.850000] aspeed-smc 1e630000.flash-controller: CE0 window resized to 120MB (AST2500 HW quirk)
Aug 03 15:43:21 witherspoon systemd[1]: Started OpenBMC Software Update Manager.
Aug 03 15:43:21 witherspoon obmc-flash-bios[1040]: grep: /sys/class/ubi/ubi?/subsystem/ubi*/name: No such file or directory
Aug 03 15:43:15 witherspoon kernel[1001]: [    2.850000] aspeed-smc 1e630000.flash-controller: CE0 window [ 0x30000000 - 0x37800000 ] 120MB
Aug 03 15:43:15 witherspoon kernel[1001]: [    2.850000] aspeed-smc 1e630000.flash-controller: CE0 window too small for chip 128MB
Aug 03 15:43:15 witherspoon kernel[1001]: [    2.880000] aspeed-smc 1e630000.flash-controller: CE1 window [ 0x37800000 - 0x38000000 ] 8MB
Aug 03 15:43:15 witherspoon kernel[1001]: [    3.600000] libphy: Fixed MDIO Bus: probed
Aug 03 15:43:15 witherspoon kernel[1001]: [    3.600000] ftgmac100 1e660000.ethernet: Read MAC address 70:e2:84:14:24:20 from chip
Aug 03 15:43:15 witherspoon kernel[1001]: [    3.600000] ftgmac100 1e660000.ethernet: Using NCSI interface
Aug 03 15:43:15 witherspoon kernel[1001]: [    3.600000] ftgmac100 1e660000.ethernet eth0: irq 20, mapped at f0060000
Aug 03 15:43:15 witherspoon kernel[1001]: [    3.690000] ehci_hcd: USB 2.0 'Enhanced' Host Controller (EHCI) Driver
Aug 03 15:43:15 witherspoon kernel[1001]: [    3.690000] ehci-platform: EHCI generic platform driver
Aug 03 15:43:15 witherspoon kernel[1001]: [    3.860000]  fsi0: can't read slave 00:00 -5
Aug 03 15:43:21 witherspoon systemd[1]: Starting Phosphor Version Software Manager...
Aug 03 15:43:15 witherspoon kernel[1001]: [    3.860000] i2c /dev entries driver
Aug 03 15:43:15 witherspoon kernel[1001]: [    3.860000] aspeed-i2c-bus 1e78a0c0.i2c-bus: i2c bus 2 registered, irq 26
Aug 03 15:43:15 witherspoon kernel[1001]: [    3.860000] aspeed-i2c-bus 1e78a100.i2c-bus: i2c bus 3 registered, irq 27
Aug 03 15:43:15 witherspoon kernel[1001]: [    3.860000] aspeed-i2c-bus 1e78a140.i2c-bus: i2c bus 4 registered, irq 28
Aug 03 15:43:15 witherspoon kernel[1001]: [    3.860000] aspeed-i2c-bus 1e78a180.i2c-bus: i2c bus 5 registered, irq 29
Aug 03 15:43:15 witherspoon kernel[1001]: [    3.860000] aspeed-i2c-bus 1e78a380.i2c-bus: i2c bus 9 registered, irq 30
Aug 03 15:43:15 witherspoon kernel[1001]: [    3.860000] aspeed-i2c-bus 1e78a3c0.i2c-bus: i2c bus 10 registered, irq 31
Aug 03 15:43:15 witherspoon kernel[1001]: [    3.860000] rtc-rv8803 11-0032: Voltage low, temperature compensation stopped.
Aug 03 15:43:15 witherspoon kernel[1001]: [    3.960000] rtc-rv8803 11-0032: rtc core: registered rx8900 as rtc0
Aug 03 15:43:15 witherspoon kernel[1001]: [    3.970000] at24 11-0051: 8192 byte 24c64 EEPROM, writable, 1 bytes/write
Aug 03 15:43:15 witherspoon kernel[1001]: [    3.970000] aspeed-i2c-bus 1e78a400.i2c-bus: i2c bus 11 registered, irq 32
Aug 03 15:43:15 witherspoon kernel[1001]: [    3.970000] aspeed-i2c-bus 1e78a440.i2c-bus: i2c bus 12 registered, irq 33
Aug 03 15:43:15 witherspoon kernel[1001]: [    3.970000] aspeed-i2c-bus 1e78a480.i2c-bus: i2c bus 13 registered, irq 34
Aug 03 15:43:15 witherspoon kernel[1001]: [    3.970000] Driver for 1-wire Dallas network protocol.
Aug 03 15:43:15 witherspoon kernel[1001]: [    3.970000] lm75 9-004a: hwmon0: sensor 'tmp275'
Aug 03 15:43:15 witherspoon kernel[1001]: [    5.730000] ucd9000 11-0064: Device ID UCD90160|2.3.4.0000|110603
Aug 03 15:43:15 witherspoon kernel[1001]: [    6.410000] leds-pca955x 3-0060: leds-pca955x: Using pca9552 16-bit LED driver at slave address 0x60
Aug 03 15:43:15 witherspoon kernel[1001]: [    6.420000] leds-pca955x 3-0060: gpios 264...279
Aug 03 15:43:15 witherspoon kernel[1001]: [    6.430000] leds-pca955x 11-0060: leds-pca955x: Using pca9552 16-bit LED driver at slave address 0x60
Aug 03 15:43:22 witherspoon obmc-flash-bios[1040]: libubi: error!: cannot get information about "/dev/ubi7"
Aug 03 15:43:22 witherspoon obmc-flash-bios[1040]:         error 2 (No such file or directory)
Aug 03 15:43:22 witherspoon obmc-flash-bios[1040]: ubimkvol: error!: error while probing "/dev/ubi7"
Aug 03 15:43:22 witherspoon obmc-flash-bios[1040]:           error 2 (No such file or directory)
Aug 03 15:43:15 witherspoon kernel[1001]: [    6.440000] leds-pca955x 11-0060: gpios 248...263
Aug 03 15:43:21 witherspoon systemd[1]: Started Phosphor Version Software Manager.
Aug 03 15:43:22 witherspoon obmc-flash-bios[1040]: mount: unknown filesystem type 'ubifs'
Aug 03 15:43:15 witherspoon kernel[1001]: [    6.440000] usbcore: registered new interface driver usbhid
Aug 03 15:43:22 witherspoon systemd[1]: obmc-flash-bios-ubipatch.service: Main process exited, code=exited, status=32/n/a
Aug 03 15:43:22 witherspoon obmc-flash-bios[1040]: /usr/sbin/obmc-flash-bios: error 32
Aug 03 15:43:15 witherspoon kernel[1001]: [    6.450000] usbhid: USB HID core driver
Aug 03 15:43:22 witherspoon systemd[1]: Failed to start Create a ubi volume for pnor patches.
Aug 03 15:43:15 witherspoon kernel[1001]: [    6.500000] NET: Registered protocol family 10
Aug 03 15:43:22 witherspoon systemd[1]: obmc-flash-bios-ubipatch.service: Unit entered failed state.
Aug 03 15:43:15 witherspoon kernel[1001]: [    6.500000] Segment Routing with IPv6
Aug 03 15:43:22 witherspoon systemd[1]: obmc-flash-bios-ubipatch.service: Failed with result 'exit-code'.
Aug 03 15:43:15 witherspoon kernel[1001]: [    6.510000] NET: Registered protocol family 17
Aug 03 15:43:15 witherspoon kernel[1001]: [    6.510000] 8021q: 802.1Q VLAN Support v1.8
Aug 03 15:43:15 witherspoon kernel[1001]: [    6.530000] input: gpio-keys-polled as /devices/platform/gpio-keys-polled/input/input1
Aug 03 15:43:15 witherspoon kernel[1001]: [    6.550000] console [netcon0] enabled
Aug 03 15:43:15 witherspoon kernel[1001]: [    6.560000] netconsole: network logging started
Aug 03 15:43:15 witherspoon kernel[1001]: [    6.560000] input: gpio-keys as /devices/platform/gpio-keys/input/input2
Aug 03 15:43:15 witherspoon kernel[1001]: [    6.570000] rtc-rv8803 11-0032: setting system clock to 2016-05-02 03:57:51 UTC (1462161471)
Aug 03 15:43:15 witherspoon kernel[1001]: [    6.580000] Freeing unused kernel memory: 280K
Aug 03 15:43:23 witherspoon mboxd[1041]: The operation failed internally.
Aug 03 15:43:23 witherspoon mboxd[1041]: terminate called after throwing an instance of 'sdbusplus::xyz::openbmc_project::Common::Error::InternalFailure'
Aug 03 15:43:23 witherspoon mboxd[1041]:   what():  xyz.openbmc_project.Common.Error.InternalFailure: The operation failed internally.
Aug 03 15:43:15 witherspoon kernel[1001]: [    6.580000] This architecture does not have kernel memory protection.
Aug 03 15:43:23 witherspoon systemd[1]: mboxd.service: Main process exited, code=dumped, status=6/ABRT
Aug 03 15:43:23 witherspoon mboxd[1041]: [ 1501775003.529782752] Partition HBB not found
Aug 03 15:43:15 witherspoon kernel[1001]: [    8.010000] jffs2: notice: (540) jffs2_build_xattr_subsystem: complete building xattr subsystem, 0 of xdatum (0 unchecked, 0 orphan) and 0 of xref (0 dead, 0 orphan) found.
Aug 03 15:43:23 witherspoon systemd[1]: mboxd.service: Unit entered failed state.
Aug 03 15:43:15 witherspoon kernel[1001]: [   10.190000] systemd[1]: System time before build time, advancing clock.
Aug 03 15:43:23 witherspoon systemd[1]: mboxd.service: Failed with result 'core-dump'.
Aug 03 15:43:15 witherspoon kernel[1001]: [   10.190000] systemd[1]: Failed to insert module 'autofs4': No such file or directory
Aug 03 15:43:23 witherspoon systemd[1]: mboxd.service: Service hold-off time over, scheduling restart.
Aug 03 15:43:15 witherspoon kernel[1001]: [   10.370000] systemd[1]: systemd 232 running in system mode. (+PAM -AUDIT -SELINUX -IMA -APPARMOR -SMACK +SYSVINIT -UTMP -LIBCRYPTSETUP -GCRYPT -GNUTLS +ACL +XZ -LZ4 -SECCOMP +BLKID -ELFUTILS +KMOD -IDN)
Aug 03 15:43:23 witherspoon systemd[1]: Stopped Phosphor MBOX Daemon.
Aug 03 15:43:24 witherspoon obmc-flash-bios[1058]: ls: /media/pnor-ro-*: No such file or directory
Aug 03 15:43:15 witherspoon kernel[1001]: [   10.370000] systemd[1]: Detected architecture arm.
Aug 03 15:43:23 witherspoon systemd[1]: Starting Updates symlinks for active PNOR version...
Aug 03 15:43:15 witherspoon kernel[1001]: [   10.510000] systemd[1]: Set hostname to <witherspoon>.
Aug 03 15:43:15 witherspoon kernel[1001]: [   12.090000] systemd[1]: Started Forward Password Requests to Wall Directory Watch.
Aug 03 15:43:15 witherspoon kernel[1001]: [   12.370000] systemd[1]: Listening on /dev/initctl Compatibility Named Pipe.
Aug 03 15:43:15 witherspoon kernel[1001]: [   12.420000] systemd[1]: Started Dispatch Password Requests to Console Directory Watch.
Aug 03 15:43:15 witherspoon kernel[1001]: [   12.460000] systemd[1]: Listening on udev Control Socket.
Aug 03 15:43:15 witherspoon kernel[1001]: [   12.500000] systemd[1]: Listening on udev Kernel Socket.
Aug 03 15:43:15 witherspoon kernel[1001]: [   12.540000] systemd[1]: Reached target Paths.
Aug 03 15:43:15 witherspoon kernel[1001]: [   12.570000] systemd[1]: Listening on Journal Socket (/dev/log).
Aug 03 15:43:15 witherspoon kernel[1001]: [   16.480000] systemd-journald[563]: Received request to flush runtime journal from PID 1
Aug 03 15:43:15 witherspoon kernel[1001]: [   28.710000] 8021q: adding VLAN 0 to HW filter on device eth0
Aug 03 15:43:15 witherspoon avahi-daemon[962]: Host name conflict, retrying with witherspoon-2
Aug 03 15:43:15 witherspoon avahi-daemon[962]: Registering new address record for 9.41.166.169 on eth0.IPv4.
Aug 03 15:43:15 witherspoon avahi-daemon[962]: Host name conflict, retrying with witherspoon-3
Aug 03 15:43:15 witherspoon avahi-daemon[962]: Registering new address record for 9.41.166.169 on eth0.IPv4.
Aug 03 15:43:17 witherspoon avahi-daemon[962]: Server startup complete. Host name is witherspoon-3.local. Local service cookie is 2254479588.
Aug 03 15:43:18 witherspoon avahi-daemon[962]: Joining mDNS multicast group on interface eth0.IPv6 with address fe80::72e2:84ff:fe14:2420.
Aug 03 15:43:18 witherspoon avahi-daemon[962]: New relevant interface eth0.IPv6 for mDNS.
Aug 03 15:43:18 witherspoon avahi-daemon[962]: Registering new address record for fe80::72e2:84ff:fe14:2420 on eth0.*.
Aug 03 15:43:19 witherspoon avahi-daemon[962]: Service "obmc_console" (/services/obmc_console.service) successfully established.
Aug 03 15:43:19 witherspoon avahi-daemon[962]: Service "phosphor_rest" (/services/phosphor_rest.service) successfully established.
Aug 03 15:43:19 witherspoon avahi-daemon[962]: Service "witherspoon-3" (/services/sftp-ssh.service) successfully established.
Aug 03 15:43:19 witherspoon avahi-daemon[962]: Service "sftp" (/services/sftp.service) successfully established.
Aug 03 15:43:19 witherspoon avahi-daemon[962]: Service "witherspoon-3" (/services/ssh.service) successfully established.
Aug 03 15:43:20 witherspoon kernel[1001]: [   34.220000] ftgmac100 1e660000.ethernet eth0: ncsi: removed vlan tag 0 at index 1
Aug 03 15:43:20 witherspoon kernel[1001]: [   34.220000] ftgmac100 1e660000.ethernet eth0: ncsi: removed vlan tag 0 at index 2
Aug 03 15:43:24 witherspoon systemd[1]: Started Updates symlinks for active PNOR version.
Aug 03 15:43:20 witherspoon kernel[1001]: [   34.220000] ftgmac100 1e660000.ethernet eth0: no vlan ids left to set
Aug 03 15:43:24 witherspoon systemd[1]: Started Phosphor MBOX Daemon.
Aug 03 15:43:20 witherspoon kernel[1001]: [   34.220000] ftgmac100 1e660000.ethernet eth0: NCSI interface up
Aug 03 15:43:25 witherspoon mboxd[1063]: The operation failed internally.
Aug 03 15:43:25 witherspoon mboxd[1063]: terminate called after throwing an instance of 'sdbusplus::xyz::openbmc_project::Common::Error::InternalFailure'
Aug 03 15:43:25 witherspoon mboxd[1063]:   what():  xyz.openbmc_project.Common.Error.InternalFailure: The operation failed internally.
Aug 03 15:43:26 witherspoon mboxd[1063]: [ 1501775005.244115762] Partition HBB not found
Aug 03 15:43:26 witherspoon systemd[1]: mboxd.service: Main process exited, code=dumped, status=6/ABRT
Aug 03 15:43:26 witherspoon systemd[1]: mboxd.service: Unit entered failed state.
Aug 03 15:43:26 witherspoon systemd[1]: mboxd.service: Failed with result 'core-dump'.
Aug 03 15:43:26 witherspoon systemd[1]: mboxd.service: Service hold-off time over, scheduling restart.
Aug 03 15:43:26 witherspoon systemd[1]: Stopped Phosphor MBOX Daemon.
Aug 03 15:43:26 witherspoon systemd[1]: Starting Updates symlinks for active PNOR version...
Aug 03 15:43:26 witherspoon obmc-flash-bios[1066]: ls: /media/pnor-ro-*: No such file or directory
Aug 03 15:43:26 witherspoon systemd[1]: Started Updates symlinks for active PNOR version.
Aug 03 15:43:27 witherspoon systemd[1]: Started Phosphor MBOX Daemon.
Aug 03 15:43:27 witherspoon mboxd[1069]: The operation failed internally.
Aug 03 15:43:27 witherspoon mboxd[1069]: terminate called after throwing an instance of 'sdbusplus::xyz::openbmc_project::Common::Error::InternalFailure'
Aug 03 15:43:27 witherspoon mboxd[1069]:   what():  xyz.openbmc_project.Common.Error.InternalFailure: The operation failed internally.
Aug 03 15:43:27 witherspoon systemd[1]: mboxd.service: Main process exited, code=dumped, status=6/ABRT
Aug 03 15:43:27 witherspoon systemd[1]: mboxd.service: Unit entered failed state.
Aug 03 15:43:28 witherspoon mboxd[1069]: [ 1501775007.158114227] Partition HBB not found
Aug 03 15:43:27 witherspoon systemd[1]: mboxd.service: Failed with result 'core-dump'.
Aug 03 15:43:28 witherspoon obmc-flash-bios[1073]: ls: /media/pnor-ro-*: No such file or directory
Aug 03 15:43:27 witherspoon systemd[1]: mboxd.service: Service hold-off time over, scheduling restart.
Aug 03 15:43:27 witherspoon systemd[1]: Stopped Phosphor MBOX Daemon.
Aug 03 15:43:27 witherspoon systemd[1]: Starting Updates symlinks for active PNOR version...
Aug 03 15:43:28 witherspoon systemd[1]: Started Updates symlinks for active PNOR version.
Aug 03 15:43:28 witherspoon systemd[1]: Started Phosphor MBOX Daemon.
Aug 03 15:43:29 witherspoon mboxd[1075]: The operation failed internally.
Aug 03 15:43:29 witherspoon mboxd[1075]: terminate called after throwing an instance of 'sdbusplus::xyz::openbmc_project::Common::Error::InternalFailure'
Aug 03 15:43:29 witherspoon mboxd[1075]:   what():  xyz.openbmc_project.Common.Error.InternalFailure: The operation failed internally.
Aug 03 15:43:29 witherspoon mboxd[1075]: [ 1501775009.236032975] Partition HBB not found
Aug 03 15:43:29 witherspoon systemd[1]: mboxd.service: Main process exited, code=dumped, status=6/ABRT
Aug 03 15:43:29 witherspoon systemd[1]: mboxd.service: Unit entered failed state.
Aug 03 15:43:29 witherspoon systemd[1]: mboxd.service: Failed with result 'core-dump'.
Aug 03 15:43:29 witherspoon systemd[1]: mboxd.service: Service hold-off time over, scheduling restart.
Aug 03 15:43:29 witherspoon systemd[1]: Stopped Phosphor MBOX Daemon.
Aug 03 15:43:29 witherspoon systemd[1]: Starting Updates symlinks for active PNOR version...
Aug 03 15:43:30 witherspoon obmc-flash-bios[1080]: ls: /media/pnor-ro-*: No such file or directory
Aug 03 15:43:30 witherspoon systemd[1]: Started Updates symlinks for active PNOR version.
Aug 03 15:43:30 witherspoon systemd[1]: Started Phosphor MBOX Daemon.
Aug 03 15:43:30 witherspoon systemd[1]: Created slice system-dropbear.slice.
Aug 03 15:43:30 witherspoon systemd[1]: Started SSH Per-Connection Server (9.41.165.94:42952).
Aug 03 15:43:31 witherspoon dropbear[1085]: Failed loading /etc/dropbear/dropbear_dss_host_key
Aug 03 15:43:31 witherspoon dropbear[1085]: Failed loading /etc/dropbear/dropbear_ecdsa_host_key
Aug 03 15:43:31 witherspoon dropbear[1085]: Child connection from ::ffff:9.41.165.94:42952
Aug 03 15:43:31 witherspoon systemd-networkd[984]: eth0: Configured
Aug 03 15:43:31 witherspoon systemd-timesyncd[931]: Network configuration changed, trying to establish connection.
Aug 03 15:43:31 witherspoon systemd[1]: Started Phosphor BMC0 Control.
Aug 03 15:43:32 witherspoon mboxd[1082]: The operation failed internally.
Aug 03 15:43:32 witherspoon systemd[1]: mboxd.service: Main process exited, code=dumped, status=6/ABRT
Aug 03 15:43:32 witherspoon mboxd[1082]: terminate called after throwing an instance of 'sdbusplus::xyz::openbmc_project::Common::Error::InternalFailure'
Aug 03 15:43:32 witherspoon mboxd[1082]:   what():  xyz.openbmc_project.Common.Error.InternalFailure: The operation failed internally.
Aug 03 15:43:32 witherspoon systemd[1]: mboxd.service: Unit entered failed state.
Aug 03 15:43:32 witherspoon mboxd[1082]: [ 1501775012.208580693] Partition HBB not found
Aug 03 15:43:32 witherspoon systemd[1]: mboxd.service: Failed with result 'core-dump'.
Aug 03 15:43:32 witherspoon systemd[1]: mboxd.service: Service hold-off time over, scheduling restart.
Aug 03 15:43:32 witherspoon systemd[1]: Stopped Phosphor MBOX Daemon.
Aug 03 15:43:32 witherspoon systemd[1]: Starting Updates symlinks for active PNOR version...
Aug 03 15:43:33 witherspoon obmc-flash-bios[1088]: ls: /media/pnor-ro-*: No such file or directory
Aug 03 15:43:33 witherspoon systemd[1]: Started Updates symlinks for active PNOR version.
Aug 03 15:43:33 witherspoon systemd[1]: Started Phosphor MBOX Daemon.
Aug 03 15:43:33 witherspoon dropbear[1085]: pam_unix(dropbear:account): account root has password changed in future
Aug 03 15:43:33 witherspoon dropbear[1085]: PAM password auth succeeded for 'root' from ::ffff:9.41.165.94:42952
Aug 03 15:43:33 witherspoon mboxd[1090]: The operation failed internally.
Aug 03 15:43:33 witherspoon mboxd[1090]: terminate called after throwing an instance of 'sdbusplus::xyz::openbmc_project::Common::Error::InternalFailure'
Aug 03 15:43:33 witherspoon mboxd[1090]:   what():  xyz.openbmc_project.Common.Error.InternalFailure: The operation failed internally.
Aug 03 15:43:33 witherspoon dropbear[1093]: lastlog_perform_login: Couldn't stat /var/log/lastlog: No such file or directory
Aug 03 15:43:33 witherspoon dropbear[1093]: lastlog_openseek: /var/log/lastlog is not a file or directory!
Aug 03 15:43:33 witherspoon mboxd[1090]: [ 1501775013.472552451] Partition HBB not found
Aug 03 15:43:33 witherspoon systemd[1]: mboxd.service: Main process exited, code=dumped, status=6/ABRT
Aug 03 15:43:33 witherspoon systemd[1]: mboxd.service: Unit entered failed state.
Aug 03 15:43:33 witherspoon systemd[1]: mboxd.service: Failed with result 'core-dump'.
Aug 03 15:43:35 witherspoon systemd[1]: mboxd.service: Service hold-off time over, scheduling restart.
Aug 03 15:43:35 witherspoon systemd[1]: Stopped Phosphor MBOX Daemon.
Aug 03 15:43:35 witherspoon systemd[1]: Starting Updates symlinks for active PNOR version...
Aug 03 15:43:36 witherspoon obmc-flash-bios[1100]: ls: /media/pnor-ro-*: No such file or directory
Aug 03 15:43:36 witherspoon systemd[1]: Started Updates symlinks for active PNOR version.
Aug 03 15:43:36 witherspoon systemd[1]: Started Phosphor MBOX Daemon.
Aug 03 15:43:36 witherspoon mboxd[1103]: The operation failed internally.
Aug 03 15:43:36 witherspoon mboxd[1103]: terminate called after throwing an instance of 'sdbusplus::xyz::openbmc_project::Common::Error::InternalFailure'
Aug 03 15:43:36 witherspoon mboxd[1103]:   what():  xyz.openbmc_project.Common.Error.InternalFailure: The operation failed internally.
Aug 03 15:43:36 witherspoon mboxd[1103]: [ 1501775016.716683603] Partition HBB not found
Aug 03 15:43:36 witherspoon systemd[1]: mboxd.service: Main process exited, code=dumped, status=6/ABRT
Aug 03 15:43:36 witherspoon systemd[1]: mboxd.service: Unit entered failed state.
Aug 03 15:43:36 witherspoon systemd[1]: mboxd.service: Failed with result 'core-dump'.
Aug 03 15:43:37 witherspoon systemd[1]: mboxd.service: Service hold-off time over, scheduling restart.
Aug 03 15:43:37 witherspoon systemd[1]: Stopped Phosphor MBOX Daemon.
Aug 03 15:43:37 witherspoon systemd[1]: Starting Updates symlinks for active PNOR version...
Aug 03 15:43:37 witherspoon obmc-flash-bios[1107]: ls: /media/pnor-ro-*: No such file or directory
Aug 03 15:43:37 witherspoon systemd[1]: Started Updates symlinks for active PNOR version.
Aug 03 15:43:37 witherspoon systemd[1]: Started Phosphor MBOX Daemon.
Aug 03 15:43:38 witherspoon mboxd[1109]: The operation failed internally.
Aug 03 15:43:38 witherspoon mboxd[1109]: terminate called after throwing an instance of 'sdbusplus::xyz::openbmc_project::Common::Error::InternalFailure'
Aug 03 15:43:38 witherspoon mboxd[1109]:   what():  xyz.openbmc_project.Common.Error.InternalFailure: The operation failed internally.
Aug 03 15:43:38 witherspoon mboxd[1109]: [ 1501775018.171658350] Partition HBB not found
Aug 03 15:43:38 witherspoon systemd[1]: mboxd.service: Main process exited, code=dumped, status=6/ABRT
Aug 03 15:43:38 witherspoon systemd[1]: mboxd.service: Unit entered failed state.
Aug 03 15:43:38 witherspoon systemd[1]: mboxd.service: Failed with result 'core-dump'.
Aug 03 15:43:38 witherspoon systemd[1]: mboxd.service: Service hold-off time over, scheduling restart.
Aug 03 15:43:38 witherspoon systemd[1]: Stopped Phosphor MBOX Daemon.
Aug 03 15:43:38 witherspoon systemd[1]: Starting Updates symlinks for active PNOR version...
Aug 03 15:43:38 witherspoon obmc-flash-bios[1113]: ls: /media/pnor-ro-*: No such file or directory
Aug 03 15:43:38 witherspoon systemd[1]: Started Updates symlinks for active PNOR version.
Aug 03 15:43:38 witherspoon systemd[1]: Started Phosphor MBOX Daemon.
Aug 03 15:43:42 witherspoon mboxd[1115]: The operation failed internally.
Aug 03 15:43:42 witherspoon mboxd[1115]: terminate called after throwing an instance of 'sdbusplus::xyz::openbmc_project::Common::Error::InternalFailure'
Aug 03 15:43:42 witherspoon mboxd[1115]:   what():  xyz.openbmc_project.Common.Error.InternalFailure: The operation failed internally.
Aug 03 15:43:42 witherspoon mboxd[1115]: [ 1501775022.202390634] Partition HBB not found
Aug 03 15:43:42 witherspoon systemd[1]: mboxd.service: Main process exited, code=dumped, status=6/ABRT
Aug 03 15:43:42 witherspoon systemd[1]: mboxd.service: Unit entered failed state.
Aug 03 15:43:42 witherspoon systemd[1]: mboxd.service: Failed with result 'core-dump'.
Aug 03 15:43:42 witherspoon systemd[1]: mboxd.service: Service hold-off time over, scheduling restart.
Aug 03 15:43:42 witherspoon systemd[1]: Stopped Phosphor MBOX Daemon.
Aug 03 15:43:42 witherspoon systemd[1]: Starting Updates symlinks for active PNOR version...
Aug 03 15:43:43 witherspoon obmc-flash-bios[1119]: ls: /media/pnor-ro-*: No such file or directory
Aug 03 15:43:43 witherspoon systemd[1]: Started Updates symlinks for active PNOR version.
Aug 03 15:43:43 witherspoon systemd[1]: Started Phosphor MBOX Daemon.
Aug 03 15:43:43 witherspoon mboxd[1121]: The operation failed internally.
Aug 03 15:43:43 witherspoon mboxd[1121]: terminate called after throwing an instance of 'sdbusplus::xyz::openbmc_project::Common::Error::InternalFailure'
Aug 03 15:43:43 witherspoon mboxd[1121]:   what():  xyz.openbmc_project.Common.Error.InternalFailure: The operation failed internally.
Aug 03 15:43:43 witherspoon mboxd[1121]: [ 1501775023.283147523] Partition HBB not found
Aug 03 15:43:43 witherspoon systemd[1]: mboxd.service: Main process exited, code=dumped, status=6/ABRT
Aug 03 15:43:43 witherspoon systemd[1]: mboxd.service: Unit entered failed state.
Aug 03 15:43:43 witherspoon systemd[1]: mboxd.service: Failed with result 'core-dump'.
Aug 03 15:43:43 witherspoon systemd[1]: mboxd.service: Service hold-off time over, scheduling restart.
Aug 03 15:43:43 witherspoon systemd[1]: Stopped Phosphor MBOX Daemon.
Aug 03 15:43:43 witherspoon systemd[1]: Starting Updates symlinks for active PNOR version...
Aug 03 15:43:44 witherspoon sensor_manager2.py[1006]: Setting boot count to 3
Aug 03 15:43:44 witherspoon systemd[1]: Started Phosphor Sensor Manager.
Aug 03 15:43:44 witherspoon sensor_manager2.py[1006]: Starting sensor manager
Aug 03 15:43:44 witherspoon systemd[1]: Started Phosphor Chassis0 Control.
Aug 03 15:43:44 witherspoon chassis_control.py[993]: Running ChassisControlService
Aug 03 15:43:44 witherspoon systemd[1]: Started Phosphor Download Manager.
Aug 03 15:43:44 witherspoon download_manager.py[986]: Running Download Manager
Aug 03 15:43:45 witherspoon systemd[1]: Started Phosphor Network Manager.
Aug 03 15:43:45 witherspoon netman.py[1003]: Started
Aug 03 15:43:46 witherspoon obmc-flash-bios[1125]: ls: /media/pnor-ro-*: No such file or directory
Aug 03 15:43:46 witherspoon systemd[1]: Started Updates symlinks for active PNOR version.
Aug 03 15:43:46 witherspoon systemd[1]: Started Phosphor MBOX Daemon.
Aug 03 15:43:46 witherspoon mboxd[1127]: The operation failed internally.
Aug 03 15:43:46 witherspoon mboxd[1127]: terminate called after throwing an instance of 'sdbusplus::xyz::openbmc_project::Common::Error::InternalFailure'
Aug 03 15:43:46 witherspoon mboxd[1127]:   what():  xyz.openbmc_project.Common.Error.InternalFailure: The operation failed internally.
Aug 03 15:43:46 witherspoon mboxd[1127]: [ 1501775026.341706958] Partition HBB not found
Aug 03 15:43:46 witherspoon systemd[1]: mboxd.service: Main process exited, code=dumped, status=6/ABRT
Aug 03 15:43:46 witherspoon systemd[1]: mboxd.service: Unit entered failed state.
Aug 03 15:43:46 witherspoon systemd[1]: mboxd.service: Failed with result 'core-dump'.
Aug 03 15:43:46 witherspoon systemd[1]: mboxd.service: Service hold-off time over, scheduling restart.
Aug 03 15:43:46 witherspoon systemd[1]: Stopped Phosphor MBOX Daemon.
Aug 03 15:43:46 witherspoon systemd[1]: Starting Updates symlinks for active PNOR version...
Aug 03 15:43:46 witherspoon phosphor-mapper[996]: ObjectMapper startup complete.  Discovery in progress...
Aug 03 15:43:47 witherspoon obmc-flash-bios[1131]: ls: /media/pnor-ro-*: No such file or directory
Aug 03 15:43:47 witherspoon systemd[1]: Started Updates symlinks for active PNOR version.
Aug 03 15:43:47 witherspoon systemd[1]: Started Phosphor MBOX Daemon.
Aug 03 15:43:47 witherspoon mboxd[1133]: The operation failed internally.
Aug 03 15:43:47 witherspoon mboxd[1133]: terminate called after throwing an instance of 'sdbusplus::xyz::openbmc_project::Common::Error::InternalFailure'
Aug 03 15:43:47 witherspoon mboxd[1133]:   what():  xyz.openbmc_project.Common.Error.InternalFailure: The operation failed internally.
Aug 03 15:43:47 witherspoon mboxd[1133]: [ 1501775027.312180089] Partition HBB not found
Aug 03 15:43:47 witherspoon systemd[1]: mboxd.service: Main process exited, code=dumped, status=6/ABRT
Aug 03 15:43:47 witherspoon systemd[1]: mboxd.service: Unit entered failed state.
Aug 03 15:43:47 witherspoon systemd[1]: mboxd.service: Failed with result 'core-dump'.
Aug 03 15:43:47 witherspoon avahi-daemon[966]: ../../avahi-0.6.32/avahi-daemon/chroot.c: open() failed: No such file or directory
Aug 03 15:43:47 witherspoon avahi-daemon[962]: Failed to open /usr/share/dbus-1/interfaces/org.freedesktop.Avahi.Server.xml: Invalid argument
Aug 03 15:43:47 witherspoon avahi-daemon[962]: Failed to load introspection data.
Aug 03 15:43:47 witherspoon systemd[1]: mboxd.service: Service hold-off time over, scheduling restart.
Aug 03 15:43:47 witherspoon systemd[1]: Stopped Phosphor MBOX Daemon.
Aug 03 15:43:47 witherspoon systemd[1]: Starting Updates symlinks for active PNOR version...
Aug 03 15:43:48 witherspoon systemd[1]: Started Phosphor User Manager.
Aug 03 15:43:48 witherspoon obmc-phosphor-userd[1010]: Started
Aug 03 15:43:48 witherspoon obmc-flash-bios[1137]: ls: /media/pnor-ro-*: No such file or directory
Aug 03 15:43:48 witherspoon systemd[1]: Started Updates symlinks for active PNOR version.
Aug 03 15:43:48 witherspoon systemd[1]: Started Phosphor MBOX Daemon.
Aug 03 15:43:48 witherspoon mboxd[1139]: The operation failed internally.
Aug 03 15:43:48 witherspoon mboxd[1139]: terminate called after throwing an instance of 'sdbusplus::xyz::openbmc_project::Common::Error::InternalFailure'
Aug 03 15:43:48 witherspoon mboxd[1139]:   what():  xyz.openbmc_project.Common.Error.InternalFailure: The operation failed internally.
Aug 03 15:43:49 witherspoon mboxd[1139]: [ 1501775028.967138635] Partition HBB not found
Aug 03 15:43:49 witherspoon systemd[1]: mboxd.service: Main process exited, code=dumped, status=6/ABRT
Aug 03 15:43:49 witherspoon systemd[1]: mboxd.service: Unit entered failed state.
Aug 03 15:43:49 witherspoon systemd[1]: mboxd.service: Failed with result 'core-dump'.
Aug 03 15:43:49 witherspoon systemd[1]: mboxd.service: Service hold-off time over, scheduling restart.
Aug 03 15:43:49 witherspoon systemd[1]: Stopped Phosphor MBOX Daemon.
Aug 03 15:43:49 witherspoon systemd[1]: Starting Updates symlinks for active PNOR version...
Aug 03 15:43:50 witherspoon obmc-flash-bios[1143]: ls: /media/pnor-ro-*: No such file or directory
Aug 03 15:43:50 witherspoon systemd[1]: Started Updates symlinks for active PNOR version.
Aug 03 15:43:50 witherspoon systemd[1]: Started Phosphor MBOX Daemon.
Aug 03 15:43:50 witherspoon mboxd[1145]: The operation failed internally.
Aug 03 15:43:50 witherspoon mboxd[1145]: terminate called after throwing an instance of 'sdbusplus::xyz::openbmc_project::Common::Error::InternalFailure'
Aug 03 15:43:50 witherspoon mboxd[1145]:   what():  xyz.openbmc_project.Common.Error.InternalFailure: The operation failed internally.
Aug 03 15:43:50 witherspoon mboxd[1145]: [ 1501775030.230940009] Partition HBB not found
Aug 03 15:43:50 witherspoon systemd[1]: mboxd.service: Main process exited, code=dumped, status=6/ABRT
Aug 03 15:43:50 witherspoon systemd[1]: mboxd.service: Unit entered failed state.
Aug 03 15:43:50 witherspoon systemd[1]: mboxd.service: Failed with result 'core-dump'.
Aug 03 15:43:50 witherspoon systemd[1]: mboxd.service: Service hold-off time over, scheduling restart.
Aug 03 15:43:50 witherspoon systemd[1]: Stopped Phosphor MBOX Daemon.
Aug 03 15:43:50 witherspoon systemd[1]: Starting Updates symlinks for active PNOR version...
Aug 03 15:43:51 witherspoon obmc-flash-bios[1149]: ls: /media/pnor-ro-*: No such file or directory
Aug 03 15:43:51 witherspoon systemd[1]: Started Updates symlinks for active PNOR version.
Aug 03 15:43:51 witherspoon systemd[1]: mboxd.service: Start request repeated too quickly.
Aug 03 15:43:51 witherspoon systemd[1]: Failed to start Phosphor MBOX Daemon.
Aug 03 15:43:51 witherspoon systemd[1]: mboxd.service: Unit entered failed state.
Aug 03 15:43:51 witherspoon systemd[1]: mboxd.service: Failed with result 'core-dump'.
Aug 03 15:43:52 witherspoon inventory_items.py[961]: Loading from cache: /var/cache/obmc/org.openbmc.inventory.system.chassis.motherboard.apss@org.openbmc.InventoryItem.props
Aug 03 15:43:52 witherspoon inventory_items.py[961]: Loading from cache: /var/cache/obmc/org.openbmc.inventory.system.chassis.motherboard@org.openbmc.InventoryItem.props
Aug 03 15:43:52 witherspoon inventory_items.py[961]: Loading from cache: /var/cache/obmc/org.openbmc.inventory.system.chassis.motherboard.refclock@org.openbmc.InventoryItem.props
Aug 03 15:43:52 witherspoon inventory_items.py[961]: Loading from cache: /var/cache/obmc/org.openbmc.inventory.system.chassis.motherboard.cpu1.core7@org.openbmc.InventoryItem.props
Aug 03 15:43:52 witherspoon inventory_items.py[961]: Loading from cache: /var/cache/obmc/org.openbmc.inventory.system.chassis.motherboard.cpu1.core4@org.openbmc.InventoryItem.props
Aug 03 15:43:52 witherspoon inventory_items.py[961]: Loading from cache: /var/cache/obmc/org.openbmc.inventory.system.chassis.motherboard.cpu1.core1@org.openbmc.InventoryItem.props
Aug 03 15:43:52 witherspoon inventory_items.py[961]: Loading from cache: /var/cache/obmc/org.openbmc.inventory.system.chassis.motherboard.cpu1.core10@org.openbmc.InventoryItem.props
Aug 03 15:43:52 witherspoon inventory_items.py[961]: Loading from cache: /var/cache/obmc/org.openbmc.inventory.system.chassis.motherboard.todclock@org.openbmc.InventoryItem.props
Aug 03 15:43:52 witherspoon inventory_items.py[961]: Loading from cache: /var/cache/obmc/org.openbmc.inventory.system.chassis.motherboard.cpu1@org.openbmc.InventoryItem.props
Aug 03 15:43:52 witherspoon inventory_items.py[961]: Loading from cache: /var/cache/obmc/org.openbmc.inventory.system.chassis.motherboard.bmc@org.openbmc.InventoryItem.props
Aug 03 15:43:52 witherspoon inventory_items.py[961]: Caching: /org/openbmc/inventory/system/chassis/motherboard/bmc
Aug 03 15:43:52 witherspoon inventory_items.py[961]: Loading from cache: /var/cache/obmc/org.openbmc.inventory.system.chassis.motherboard.cpu0.core1@org.openbmc.InventoryItem.props
Aug 03 15:43:52 witherspoon inventory_items.py[961]: Loading from cache: /var/cache/obmc/org.openbmc.inventory.system.chassis.motherboard.cpu0.core7@org.openbmc.InventoryItem.props
Aug 03 15:43:52 witherspoon inventory_items.py[961]: Loading from cache: /var/cache/obmc/org.openbmc.inventory.system.chassis.motherboard.cpu0.core4@org.openbmc.InventoryItem.props
Aug 03 15:43:52 witherspoon inventory_items.py[961]: Loading from cache: /var/cache/obmc/org.openbmc.inventory.system.chassis.motherboard.pcieclock@org.openbmc.InventoryItem.props
Aug 03 15:43:52 witherspoon inventory_items.py[961]: Loading from cache: /var/cache/obmc/org.openbmc.inventory.system.chassis.motherboard.cpu0.core10@org.openbmc.InventoryItem.props
Aug 03 15:43:52 witherspoon inventory_items.py[961]: Running Inventory Manager
Aug 03 15:43:52 witherspoon systemd[1]: Started Phosphor Inventory Manager.
Aug 03 15:44:02 witherspoon phosphor-mapper[996]: ObjectMapper discovery complete
Aug 03 15:44:02 witherspoon systemd[1]: Started Phosphor DBus Service Discovery Manager.
Aug 03 15:44:02 witherspoon systemd[1]: Started Phosphor Hwmon Poller.
Aug 03 15:44:02 witherspoon systemd[1]: Started Phosphor Hwmon Poller.
Aug 03 15:44:02 witherspoon systemd[1]: Started Phosphor Hwmon Poller.
Aug 03 15:44:02 witherspoon systemd[1]: Started Phosphor Hwmon Poller.
Aug 03 15:44:02 witherspoon systemd[1]: Started Phosphor Hwmon Poller.
Aug 03 15:44:02 witherspoon systemd[1]: Reached target Phosphor Object Mapper.
Aug 03 15:44:02 witherspoon systemd[1]: Starting Phosphor Network Manager...
Aug 03 15:44:02 witherspoon systemd[1]: Starting Wait for /xyz/openbmc_project/control/host0/auto_reboot...
Aug 03 15:44:02 witherspoon systemd[1]: Starting Wait for /xyz/openbmc_project/time/owner...
Aug 03 15:44:02 witherspoon systemd[1]: Starting Wait for /org/openbmc/NetworkManager/Interface...
Aug 03 15:44:02 witherspoon systemd[1]: Starting Wait for /org/openbmc/control/bmc0...
Aug 03 15:44:02 witherspoon systemd[1]: Starting Wait for /xyz/openbmc_project/control/host0/boot_mode...
Aug 03 15:44:02 witherspoon systemd[1]: Starting Phoshpor System Manager...
Aug 03 15:44:02 witherspoon systemd[1]: Starting Wait for /xyz/openbmc_project/state/chassis0...
Aug 03 15:44:02 witherspoon systemd[1]: Starting Wait for /xyz/openbmc_project/time/sync_method...
Aug 03 15:44:02 witherspoon systemd[1]: Starting Wait for /xyz/openbmc_project/control/host0...
Aug 03 15:44:02 witherspoon systemd[1]: Reached target Webserver (pre).
Aug 03 15:44:02 witherspoon systemd[1]: Started Phosphor Webserver.
Aug 03 15:44:02 witherspoon systemd[1]: Starting Wait for /xyz/openbmc_project/control/host0/restriction_mode...
Aug 03 15:44:02 witherspoon systemd[1]: Starting Wait for /org/openbmc/managers/Download...
Aug 03 15:44:02 witherspoon systemd[1]: Starting Phosphor Settings Manager...
Aug 03 15:44:02 witherspoon systemd[1]: Starting Wait for /org/openbmc/control/power0...
Aug 03 15:44:02 witherspoon systemd[1]: Starting Wait for /xyz/openbmc_project/control/host0/boot_source...
Aug 03 15:44:02 witherspoon systemd[1]: Starting Wait for /xyz/openbmc_project/state/host0...
Aug 03 15:44:02 witherspoon systemd[1]: Starting Wait for /xyz/openbmc_project/led/groups...
Aug 03 15:44:02 witherspoon systemd[1]: Started Phosphor DBus Monitor.
Aug 03 15:44:02 witherspoon systemd[1]: Starting Wait for /xyz/openbmc_project/led/groups/bmc_booted...
Aug 03 15:44:02 witherspoon systemd[1]: Starting Wait for /xyz/openbmc_project/inventory...
Aug 03 15:44:02 witherspoon systemd[1]: Starting Wait for /org/openbmc/managers/System...
Aug 03 15:44:02 witherspoon systemd[1]: Starting Wait for /xyz/openbmc_project/control/host0/power_restore_policy...
Aug 03 15:44:02 witherspoon systemd[1]: Started Phosphor Hwmon Poller.
Aug 03 15:44:02 witherspoon systemd[1]: Started Phosphor Hwmon Poller.
Aug 03 15:44:02 witherspoon systemd[1]: Started Phosphor Hwmon Poller.
Aug 03 15:44:07 witherspoon systemd[1]: Started Wait for /xyz/openbmc_project/control/host0/power_restore_policy.
Aug 03 15:44:08 witherspoon systemd[1]: Started Wait for /xyz/openbmc_project/inventory.
Aug 03 15:44:08 witherspoon systemd[1]: Started Phosphor GPIO 1 Presence.
Aug 03 15:44:08 witherspoon systemd[1]: Started Phosphor Cooling Type.
Aug 03 15:44:08 witherspoon systemd[1]: Starting Read OpenPOWER-format VPD from EEPROM...
Aug 03 15:44:08 witherspoon systemd[1]: Starting OpenPOWER OCC controller...
Aug 03 15:44:08 witherspoon systemd[1]: Started Phosphor GPIO 0 Presence.
Aug 03 15:44:08 witherspoon systemd[1]: Started Wait for /xyz/openbmc_project/led/groups/bmc_booted.
Aug 03 15:44:08 witherspoon systemd[1]: Started Wait for /xyz/openbmc_project/control/host0/boot_source.
Aug 03 15:44:08 witherspoon systemd[1]: Started Wait for /org/openbmc/managers/Download.
Aug 03 15:44:08 witherspoon systemd[1]: Started Wait for /xyz/openbmc_project/control/host0/restriction_mode.
Aug 03 15:44:08 witherspoon systemd[1]: Started Wait for /xyz/openbmc_project/time/sync_method.
Aug 03 15:44:10 witherspoon phosphor-gpio-presence[1193]: Updating inventory present property
Aug 03 15:44:11 witherspoon systemd[1]: Started Wait for /xyz/openbmc_project/control/host0/auto_reboot.
Aug 03 15:44:11 witherspoon systemd[1]: Started Wait for /xyz/openbmc_project/time/owner.
Aug 03 15:44:11 witherspoon systemd[1]: Started Wait for /org/openbmc/NetworkManager/Interface.
Aug 03 15:44:11 witherspoon systemd[1]: Started Phosphor DNS Settings Cache Manager.
Aug 03 15:44:11 witherspoon systemd[1]: Started Wait for /xyz/openbmc_project/control/host0/boot_mode.
Aug 03 15:44:11 witherspoon phosphor-gpio-presence[1189]: Updating inventory present property
Aug 03 15:44:12 witherspoon systemd[1]: Started Wait for /org/openbmc/control/bmc0.
Aug 03 15:44:12 witherspoon systemd[1]: Started Wait for /xyz/openbmc_project/led/groups.
Aug 03 15:44:12 witherspoon systemd[1]: Started FRU Fault monitor service.
Aug 03 15:44:12 witherspoon systemd[1]: Starting Phosphor BMC Code Update...
Aug 03 15:44:14 witherspoon phosphor-network-manager[1162]: ConfigParser: Key not found
Aug 03 15:44:14 witherspoon phosphor-network-manager[1162]: The operation failed internally.
Aug 03 15:44:14 witherspoon phosphor-network-manager[1162]: Exception occured during getting of DHCP value
Aug 03 15:44:15 witherspoon dbus[963]: [system] Activating via systemd: service name='org.freedesktop.hostname1' unit='dbus-org.freedesktop.hostname1.service'
Aug 03 15:44:15 witherspoon systemd[1]: Starting Hostname Service...
Aug 03 15:44:20 witherspoon systemd[1]: Started OpenPOWER OCC controller.
Aug 03 15:44:20 witherspoon system_manager.py[1168]: Running System State: BASE_APPS
Aug 03 15:44:21 witherspoon settings_manager.py[1175]: Running HostSettingsService
Aug 03 15:44:20 witherspoon systemd[1]: Started Phosphor Settings Manager.
Aug 03 15:44:20 witherspoon systemd[1]: Starting Wait for /org/openbmc/settings/host0...
Aug 03 15:44:21 witherspoon dbus[963]: [system] Successfully activated service 'org.freedesktop.hostname1'
Aug 03 15:44:21 witherspoon systemd[1]: Started Hostname Service.
Aug 03 15:44:21 witherspoon system_manager.py[1168]: SystemManager Init Done
Aug 03 15:44:21 witherspoon systemd[1]: Started Phosphor Network Manager.
Aug 03 15:44:21 witherspoon system_manager.py[1168]: Running SystemManager
Aug 03 15:44:21 witherspoon systemd[1]: Started Phoshpor System Manager.
Aug 03 15:44:23 witherspoon system_manager.py[1168]: SystemManager Goto System State: BMC_STARTING
Aug 03 15:44:23 witherspoon system_manager.py[1168]: Running System State: BMC_STARTING
Aug 03 15:44:24 witherspoon systemd[1]: Started Read OpenPOWER-format VPD from EEPROM.
Aug 03 15:44:25 witherspoon systemd[1]: Started Phosphor BMC Code Update.
Aug 03 15:44:25 witherspoon bmc_update.py[1211]: Running Bmc Flash Control
Aug 03 15:44:31 witherspoon systemd[1]: Started Wait for /org/openbmc/settings/host0.
Aug 03 15:44:31 witherspoon systemd[1]: Started Phosphor Inband IPMI.
Aug 03 15:44:32 witherspoon systemd[1]: Started Wait for /org/openbmc/managers/System.
Aug 03 15:44:32 witherspoon systemd[1]: Starting Phosphor BMC State Manager...
Aug 03 15:44:32 witherspoon systemd[1]: Starting Phosphor Reset Button0...
Aug 03 15:44:32 witherspoon systemd[1]: Starting Phosphor Power Button0...
Aug 03 15:44:32 witherspoon systemd[1]: Starting Phosphor Chassis State Manager...
Aug 03 15:44:32 witherspoon systemd[1]: Starting Phosphor Power0 Control...
Aug 03 15:44:33 witherspoon phosphor-chassis-state-manager[1223]: Initial Chassis State will be Off
Aug 03 15:44:33 witherspoon systemd[1]: Started Phosphor Chassis State Manager.
Aug 03 15:44:33 witherspoon phosphor-bmc-state-manager[1220]: Setting the BMCState field
Aug 03 15:44:33 witherspoon phosphor-bmc-state-manager[1220]: Setting the BMCState field
Aug 03 15:44:33 witherspoon systemd[1]: Started Phosphor BMC State Manager.
Aug 03 15:44:34 witherspoon button_reset.exe[1221]: GPIO Lookup:  RESET_BUTTON = 353,both
Aug 03 15:44:34 witherspoon systemd[1]: Started Phosphor Reset Button0.
Aug 03 15:44:34 witherspoon system_manager.py[1168]: New object: /org/openbmc/control/power0 (:1.95)
Aug 03 15:44:34 witherspoon system_manager.py[1168]: Power GPIO config: ['SYS_PWROK_BUFF', '', [('SOFTWARE_PGOOD', True), ('BMC_POWER_UP', True)], [('BMC_CP0_RESET_N', False)], [], 'FSI_DATA', 'FSI_CLK', 'FSI_ENABLE', 'CRONUS_SEL', []]
Aug 03 15:44:34 witherspoon power_control.exe[1224]: Power GPIO latch output:
Aug 03 15:44:34 witherspoon power_control.exe[1224]: Power GPIO power good input: SYS_PWROK_BUFF
Aug 03 15:44:34 witherspoon power_control.exe[1224]: Power GPIO 2 power_up outputs
Aug 03 15:44:34 witherspoon power_control.exe[1224]: Power GPIO power_up[0] = SOFTWARE_PGOOD active HIGH
Aug 03 15:44:34 witherspoon power_control.exe[1224]: Power GPIO power_up[1] = BMC_POWER_UP active HIGH
Aug 03 15:44:34 witherspoon power_control.exe[1224]: Power GPIO 1 reset outputs
Aug 03 15:44:34 witherspoon power_control.exe[1224]: Power GPIO reset[0] = BMC_CP0_RESET_N active LOW
Aug 03 15:44:34 witherspoon power_control.exe[1224]: Power GPIO 0 pci reset outputs
Aug 03 15:44:34 witherspoon power_control.exe[1224]: FSI DATA GPIO: FSI_DATA
Aug 03 15:44:34 witherspoon power_control.exe[1224]: FSI CLK GPIO: FSI_CLK
Aug 03 15:44:34 witherspoon power_control.exe[1224]: FSI ENABLE GPIO: FSI_ENABLE
Aug 03 15:44:34 witherspoon power_control.exe[1224]: CRONUS SEL GPIO: CRONUS_SEL
Aug 03 15:44:34 witherspoon power_control.exe[1224]: Hostctl GPIO optionals: 0
Aug 03 15:44:34 witherspoon power_control.exe[1224]: GPIO Lookup:  SYS_PWROK_BUFF = 306,in
Aug 03 15:44:34 witherspoon power_control.exe[1224]: GPIO Lookup:  SOFTWARE_PGOOD = 417,out
Aug 03 15:44:34 witherspoon button_power.exe[1222]: GPIO Lookup:  POWER_BUTTON = 347,both
Aug 03 15:44:34 witherspoon systemd[1]: Started Phosphor Power Button0.
Aug 03 15:44:35 witherspoon power_control.exe[1224]: GPIO Lookup:  BMC_POWER_UP = 305,out
Aug 03 15:44:35 witherspoon power_control.exe[1224]: GPIO Lookup:  BMC_CP0_RESET_N = 281,out
Aug 03 15:44:35 witherspoon power_control.exe[1224]: Pgood state: 0
Aug 03 15:44:35 witherspoon systemd[1]: Started Phosphor Power0 Control.
