-- Logs begin at Fri 2017-07-21 11:13:41 UTC, end at Fri 2017-07-21 11:34:49 UTC. --
Jul 21 11:13:41 witherspoon kernel: Booting Linux on physical CPU 0x0
Jul 21 11:13:41 witherspoon kernel: Linux version 4.10.17-03afe5775baf06c3037d62cc2a15628079af38c9 (jenkins@openbmc-builder1) (gcc version 6.2.0 (GCC) ) #1 Thu Aug 3 20:07:37 UTC 2017
Jul 21 11:13:41 witherspoon kernel: CPU: ARMv6-compatible processor [410fb767] revision 7 (ARMv7), cr=00c5387d
Jul 21 11:13:41 witherspoon kernel: CPU: PIPT / VIPT nonaliasing data cache, VIPT nonaliasing instruction cache
Jul 21 11:13:41 witherspoon kernel: OF: fdt:Machine model: Witherspoon BMC
Jul 21 11:13:41 witherspoon kernel: Memory policy: Data cache writeback
Jul 21 11:13:41 witherspoon kernel: SOC Rev: 04030303
Jul 21 11:13:41 witherspoon kernel: On node 0 totalpages: 110592
Jul 21 11:13:41 witherspoon kernel: free_area_init_node: node 0, pgdat 805ff5f4, node_mem_map 9ec1a000
Jul 21 11:13:41 witherspoon kernel:   Normal zone: 992 pages used for memmap
Jul 21 11:13:41 witherspoon kernel:   Normal zone: 0 pages reserved
Jul 21 11:13:41 witherspoon kernel:   Normal zone: 110592 pages, LIFO batch:31
Jul 21 11:13:41 witherspoon kernel: pcpu-alloc: s0 r0 d32768 u32768 alloc=1*32768
Jul 21 11:13:41 witherspoon kernel: pcpu-alloc: [0] 0 
Jul 21 11:13:41 witherspoon kernel: Built 1 zonelists in Zone order, mobility grouping on.  Total pages: 109600
Jul 21 11:13:41 witherspoon kernel: Kernel command line: console=ttyS4,115200n8 root=/dev/ram rw
Jul 21 11:13:41 witherspoon kernel: PID hash table entries: 2048 (order: 1, 8192 bytes)
Jul 21 11:13:41 witherspoon kernel: Dentry cache hash table entries: 65536 (order: 6, 262144 bytes)
Jul 21 11:13:41 witherspoon kernel: Inode-cache hash table entries: 32768 (order: 5, 131072 bytes)
Jul 21 11:13:41 witherspoon kernel: Memory: 430436K/442368K available (4065K kernel code, 280K rwdata, 1192K rodata, 284K init, 111K bss, 11932K reserved, 0K cma-reserved)
Jul 21 11:13:41 witherspoon kernel: Virtual kernel memory layout:
                                        vector  : 0xffff0000 - 0xffff1000   (   4 kB)
                                        fixmap  : 0xffc00000 - 0xfff00000   (3072 kB)
                                        vmalloc : 0x9f800000 - 0xff800000   (1536 MB)
                                        lowmem  : 0x80000000 - 0x9f000000   ( 496 MB)
                                          .text : 0x80008000 - 0x80400940   (4067 kB)
                                          .init : 0x80585000 - 0x805cc000   ( 284 kB)
                                          .data : 0x805cc000 - 0x80612358   ( 281 kB)
                                           .bss : 0x80612358 - 0x8062e1f8   ( 112 kB)
Jul 21 11:13:41 witherspoon kernel: NR_IRQS:16 nr_irqs:16 16
Jul 21 11:13:41 witherspoon kernel: i2c controller registered, irq 16
Jul 21 11:13:41 witherspoon kernel: clocksource: moxart_timer: mask: 0xffffffff max_cycles: 0xffffffff, max_idle_ns: 77222644334 ns
Jul 21 11:13:41 witherspoon kernel: sched_clock: 32 bits at 100 Hz, resolution 10000000ns, wraps every 21474836475000000ns
Jul 21 11:13:41 witherspoon kernel: Calibrating delay loop... 789.70 BogoMIPS (lpj=3948544)
Jul 21 11:13:41 witherspoon kernel: pid_max: default: 32768 minimum: 301
Jul 21 11:13:41 witherspoon kernel: Mount-cache hash table entries: 1024 (order: 0, 4096 bytes)
Jul 21 11:13:41 witherspoon kernel: Mountpoint-cache hash table entries: 1024 (order: 0, 4096 bytes)
Jul 21 11:13:41 witherspoon kernel: CPU: Testing write buffer coherency: ok
Jul 21 11:13:41 witherspoon kernel: ftrace: allocating 14934 entries in 44 pages
Jul 21 11:13:41 witherspoon kernel: Setting up static identity map for 0x80008200 - 0x8000825c
Jul 21 11:13:41 witherspoon kernel: devtmpfs: initialized
Jul 21 11:13:41 witherspoon kernel: clocksource: jiffies: mask: 0xffffffff max_cycles: 0xffffffff, max_idle_ns: 19112604462750000 ns
Jul 21 11:13:41 witherspoon kernel: futex hash table entries: 256 (order: -1, 3072 bytes)
Jul 21 11:13:41 witherspoon kernel: pinctrl core: initialized pinctrl subsystem
Jul 21 11:13:41 witherspoon kernel: NET: Registered protocol family 16
Jul 21 11:13:41 witherspoon kernel: DMA: preallocated 256 KiB pool for atomic coherent allocations
Jul 21 11:13:41 witherspoon kernel: usbcore: registered new interface driver usbfs
Jul 21 11:13:41 witherspoon kernel: usbcore: registered new interface driver hub
Jul 21 11:13:41 witherspoon kernel: usbcore: registered new device driver usb
Jul 21 11:13:41 witherspoon kernel: clocksource: Switched to clocksource moxart_timer
Jul 21 11:13:41 witherspoon kernel: NET: Registered protocol family 2
Jul 21 11:13:41 witherspoon kernel: TCP established hash table entries: 4096 (order: 2, 16384 bytes)
Jul 21 11:13:41 witherspoon kernel: TCP bind hash table entries: 4096 (order: 2, 16384 bytes)
Jul 21 11:13:41 witherspoon kernel: TCP: Hash tables configured (established 4096 bind 4096)
Jul 21 11:13:41 witherspoon kernel: UDP hash table entries: 256 (order: 0, 4096 bytes)
Jul 21 11:13:41 witherspoon kernel: UDP-Lite hash table entries: 256 (order: 0, 4096 bytes)
Jul 21 11:13:41 witherspoon kernel: NET: Registered protocol family 1
Jul 21 11:13:41 witherspoon kernel: Trying to unpack rootfs image as initramfs...
Jul 21 11:13:41 witherspoon kernel: Freeing initrd memory: 1548K
Jul 21 11:13:41 witherspoon kernel: workingset: timestamp_bits=30 max_order=17 bucket_order=0
Jul 21 11:13:41 witherspoon kernel: squashfs: version 4.0 (2009/01/31) Phillip Lougher
Jul 21 11:13:41 witherspoon kernel: jffs2: version 2.2. (SUMMARY)  © 2001-2006 Red Hat, Inc.
Jul 21 11:13:41 witherspoon kernel: Block layer SCSI generic (bsg) driver version 0.4 loaded (major 250)
Jul 21 11:13:41 witherspoon kernel: io scheduler noop registered
Jul 21 11:13:41 witherspoon kernel: io scheduler deadline registered
Jul 21 11:13:41 witherspoon kernel: io scheduler cfq registered (default)
Jul 21 11:13:41 witherspoon kernel: ipmi-bt-host 1e789140.ibt: Found bt bmc device
Jul 21 11:13:41 witherspoon kernel: ipmi-bt-host 1e789140.ibt: Using IRQ 22
Jul 21 11:13:41 witherspoon kernel: Serial: 8250/16550 driver, 6 ports, IRQ sharing enabled
Jul 21 11:13:41 witherspoon kernel: 1e787000.vuart: ttyS0 at MMIO 0x1e787000 (irq = 22, base_baud = 1500000) is a 16550A
Jul 21 11:13:41 witherspoon kernel: 1e783000.serial: ttyS1 at MMIO 0x1e783000 (irq = 23, base_baud = 1500000) is a 16550A
Jul 21 11:13:41 witherspoon kernel: 1e78d000.serial: ttyS2 at MMIO 0x1e78d000 (irq = 24, base_baud = 1500000) is a 16550A
Jul 21 11:13:41 witherspoon kernel: 1e784000.serial: ttyS4 at MMIO 0x1e784000 (irq = 25, base_baud = 1500000) is a 16550A
Jul 21 11:13:41 witherspoon kernel: console [ttyS4] enabled
Jul 21 11:13:41 witherspoon kernel: timeriomem_rng 1e6e2078.hwrng: 32bits from 0xf00e2078 @ 1us
Jul 21 11:13:41 witherspoon kernel: random: fast init done
Jul 21 11:13:41 witherspoon kernel: brd: module loaded
Jul 21 11:13:41 witherspoon kernel: loop: module loaded
Jul 21 11:13:41 witherspoon kernel: aspeed-lpc-ctrl 1e789080.lpc-ctrl: Loaded at 0x98000000 (0x04000000)
Jul 21 11:13:41 witherspoon kernel: aspeed-smc 1e620000.flash-controller: Using IRQ 18
Jul 21 11:13:41 witherspoon kernel: aspeed-smc 1e620000.flash-controller: DMA support disabled.
Jul 21 11:13:41 witherspoon kernel: aspeed-smc 1e620000.flash-controller: mx25l25635e (32768 Kbytes)
Jul 21 11:13:41 witherspoon kernel: aspeed-smc 1e620000.flash-controller: CE0 window [ 0x20000000 - 0x22000000 ] 32MB
Jul 21 11:13:41 witherspoon kernel: aspeed-smc 1e620000.flash-controller: CE1 window [ 0x22000000 - 0x2a000000 ] 128MB
Jul 21 11:13:41 witherspoon kernel: 5 ofpart partitions found on MTD device bmc
Jul 21 11:13:41 witherspoon kernel: Creating 5 MTD partitions on "bmc":
Jul 21 11:13:41 witherspoon kernel: 0x000000000000-0x000000060000 : "u-boot"
Jul 21 11:13:41 witherspoon kernel: 0x000000060000-0x000000080000 : "u-boot-env"
Jul 21 11:13:41 witherspoon kernel: random: crng init done
Jul 21 11:13:41 witherspoon kernel: 0x000000080000-0x0000004c0000 : "kernel"
Jul 21 11:13:41 witherspoon kernel: 0x0000004c0000-0x000001c00000 : "rofs"
Jul 21 11:13:41 witherspoon kernel: 0x000001c00000-0x000002000000 : "rwfs"
Jul 21 11:13:41 witherspoon kernel: aspeed-smc 1e620000.flash-controller: mx25l25635e (32768 Kbytes)
Jul 21 11:13:41 witherspoon kernel: aspeed-smc 1e620000.flash-controller: CE1 window [ 0x22000000 - 0x24000000 ] 32MB
Jul 21 11:13:41 witherspoon kernel: aspeed-smc 1e620000.flash-controller: CE2 window [ 0x24000000 - 0x2c000000 ] 128MB
Jul 21 11:13:41 witherspoon kernel: aspeed-smc 1e630000.flash-controller: mx66l1g45g (131072 Kbytes)
Jul 21 11:13:41 witherspoon kernel: aspeed-smc 1e630000.flash-controller: CE0 window resized to 120MB (AST2500 HW quirk)
Jul 21 11:13:41 witherspoon kernel: aspeed-smc 1e630000.flash-controller: CE0 window [ 0x30000000 - 0x37800000 ] 120MB
Jul 21 11:13:41 witherspoon kernel: aspeed-smc 1e630000.flash-controller: CE0 window too small for chip 128MB
Jul 21 11:13:41 witherspoon kernel: aspeed-smc 1e630000.flash-controller: CE1 window [ 0x37800000 - 0x38000000 ] 8MB
Jul 21 11:13:41 witherspoon kernel: libphy: Fixed MDIO Bus: probed
Jul 21 11:13:41 witherspoon kernel: ftgmac100 1e660000.ethernet: Read MAC address 70:e2:84:14:24:20 from chip
Jul 21 11:13:41 witherspoon kernel: ftgmac100 1e660000.ethernet: Using NCSI interface
Jul 21 11:13:41 witherspoon kernel: ftgmac100 1e660000.ethernet eth0: irq 20, mapped at f0060000
Jul 21 11:13:41 witherspoon kernel: ehci_hcd: USB 2.0 'Enhanced' Host Controller (EHCI) Driver
Jul 21 11:13:41 witherspoon kernel: ehci-platform: EHCI generic platform driver
Jul 21 11:13:41 witherspoon kernel:  fsi0: can't read slave 00:00 -5
Jul 21 11:13:41 witherspoon kernel: i2c /dev entries driver
Jul 21 11:13:41 witherspoon kernel: aspeed-i2c-bus 1e78a0c0.i2c-bus: i2c bus 2 registered, irq 26
Jul 21 11:13:41 witherspoon kernel: aspeed-i2c-bus 1e78a100.i2c-bus: i2c bus 3 registered, irq 27
Jul 21 11:13:41 witherspoon kernel: aspeed-i2c-bus 1e78a140.i2c-bus: i2c bus 4 registered, irq 28
Jul 21 11:13:41 witherspoon kernel: aspeed-i2c-bus 1e78a180.i2c-bus: i2c bus 5 registered, irq 29
Jul 21 11:13:41 witherspoon kernel: aspeed-i2c-bus 1e78a380.i2c-bus: i2c bus 9 registered, irq 30
Jul 21 11:13:41 witherspoon kernel: aspeed-i2c-bus 1e78a3c0.i2c-bus: i2c bus 10 registered, irq 31
Jul 21 11:13:41 witherspoon kernel: rtc-rv8803 11-0032: Voltage low, temperature compensation stopped.
Jul 21 11:13:41 witherspoon kernel: rtc-rv8803 11-0032: rtc core: registered rx8900 as rtc0
Jul 21 11:13:41 witherspoon kernel: at24 11-0051: 8192 byte 24c64 EEPROM, writable, 1 bytes/write
Jul 21 11:13:41 witherspoon kernel: aspeed-i2c-bus 1e78a400.i2c-bus: i2c bus 11 registered, irq 32
Jul 21 11:13:41 witherspoon kernel: aspeed-i2c-bus 1e78a440.i2c-bus: i2c bus 12 registered, irq 33
Jul 21 11:13:41 witherspoon kernel: aspeed-i2c-bus 1e78a480.i2c-bus: i2c bus 13 registered, irq 34
Jul 21 11:13:41 witherspoon kernel: Driver for 1-wire Dallas network protocol.
Jul 21 11:13:41 witherspoon kernel: lm75 9-004a: hwmon0: sensor 'tmp275'
Jul 21 11:13:41 witherspoon kernel: ucd9000 11-0064: Device ID UCD90160|2.3.4.0000|110603
Jul 21 11:13:41 witherspoon kernel: leds-pca955x 3-0060: leds-pca955x: Using pca9552 16-bit LED driver at slave address 0x60
Jul 21 11:13:41 witherspoon kernel: leds-pca955x 11-0060: leds-pca955x: Using pca9552 16-bit LED driver at slave address 0x60
Jul 21 11:13:41 witherspoon kernel: leds-pca955x 11-0060: gpios 264...279
Jul 21 11:13:41 witherspoon kernel: usbcore: registered new interface driver usbhid
Jul 21 11:13:41 witherspoon kernel: usbhid: USB HID core driver
Jul 21 11:13:41 witherspoon kernel: NET: Registered protocol family 10
Jul 21 11:13:41 witherspoon kernel: Segment Routing with IPv6
Jul 21 11:13:41 witherspoon kernel: NET: Registered protocol family 17
Jul 21 11:13:41 witherspoon kernel: 8021q: 802.1Q VLAN Support v1.8
Jul 21 11:13:41 witherspoon kernel: console [netcon0] enabled
Jul 21 11:13:41 witherspoon kernel: netconsole: network logging started
Jul 21 11:13:41 witherspoon kernel: input: gpio-keys as /devices/platform/gpio-keys/input/input0
Jul 21 11:13:41 witherspoon kernel: rtc-rv8803 11-0032: setting system clock to 2016-04-13 07:11:36 UTC (1460531496)
Jul 21 11:13:41 witherspoon kernel: Freeing unused kernel memory: 284K
Jul 21 11:13:41 witherspoon kernel: This architecture does not have kernel memory protection.
Jul 21 11:13:41 witherspoon kernel: jffs2: notice: (526) jffs2_build_xattr_subsystem: complete building xattr subsystem, 0 of xdatum (0 unchecked, 0 orphan) and 0 of xref (0 dead, 0 orphan) found.
Jul 21 11:13:41 witherspoon systemd[1]: System time before build time, advancing clock.
Jul 21 11:13:41 witherspoon systemd[1]: Failed to insert module 'autofs4': No such file or directory
Jul 21 11:13:41 witherspoon systemd[1]: systemd 232 running in system mode. (+PAM -AUDIT -SELINUX -IMA -APPARMOR -SMACK +SYSVINIT -UTMP -LIBCRYPTSETUP -GCRYPT -GNUTLS +ACL +XZ -LZ4 -SECCOMP +BLKID -ELFUTILS +KMOD -IDN)
Jul 21 11:13:41 witherspoon systemd[1]: Detected architecture arm.
Jul 21 11:13:41 witherspoon systemd[1]: Set hostname to <witherspoon>.
Jul 21 11:13:41 witherspoon systemd[1]: Listening on Syslog Socket.
Jul 21 11:13:41 witherspoon systemd[1]: Listening on Network Service Netlink Socket.
Jul 21 11:13:41 witherspoon systemd[1]: Started Forward Password Requests to Wall Directory Watch.
Jul 21 11:13:41 witherspoon systemd[1]: Started Dispatch Password Requests to Console Directory Watch.
Jul 21 11:13:41 witherspoon systemd[1]: Reached target Paths.
Jul 21 11:13:41 witherspoon systemd[1]: Listening on Journal Socket (/dev/log).
Jul 21 11:13:41 witherspoon systemd[1]: Listening on /dev/initctl Compatibility Named Pipe.
Jul 21 11:13:41 witherspoon systemd[1]: Created slice system-org.openbmc.control.Bmc.slice.
Jul 21 11:13:41 witherspoon systemd[1]: Mounting Debug File System...
Jul 21 11:13:41 witherspoon systemd[1]: Created slice system-op\x2dreset\x2dchassis\x2drunning.slice.
Jul 21 11:13:41 witherspoon systemd[1]: Starting Remount Root and Kernel File Systems...
Jul 21 11:13:41 witherspoon systemd[1]: Created slice system-serial\x2dgetty.slice.
Jul 21 11:13:41 witherspoon systemd[1]: Created slice system-obmc\x2dconsole.slice.
Jul 21 11:13:41 witherspoon systemd[1]: Created slice system-obmc\x2dled\x2dgroup\x2dstart.slice.
Jul 21 11:13:41 witherspoon systemd[1]: Created slice system-phosphor\x2dgpio\x2dpresence.slice.
Jul 21 11:13:41 witherspoon systemd[1]: Reached target Slices.
Jul 21 11:13:41 witherspoon systemd[1]: Created slice system-phosphor\x2dreset\x2dhost\x2dcheck.slice.
Jul 21 11:13:41 witherspoon systemd-journald[655]: Journal started
Jul 21 11:13:41 witherspoon systemd-journald[655]: Runtime journal (/run/log/journal/98da6a547f8141998b98e23f5894fd04) is 0B, max 0B, 0B free.
Jul 21 11:13:42 witherspoon systemd-sysctl[656]: Couldn't write '16' to 'kernel/sysrq', ignoring: No such file or directory
Jul 21 11:13:42 witherspoon systemd-sysctl[656]: Couldn't write 'fq_codel' to 'net/core/default_qdisc', ignoring: No such file or directory
Jul 21 11:13:42 witherspoon systemd[1]: dev-hugepages.mount: Couldn't determine result for ConditionVirtualization=!private-users, assuming failed: No such file or directory
Jul 21 11:13:42 witherspoon systemd[1]: Mounting Temporary Directory...
Jul 21 11:13:43 witherspoon systemd[1]: Created slice system-org.openbmc.control.Power.slice.
Jul 21 11:13:43 witherspoon systemd[1]: Created slice system-phosphor\x2dreset\x2dhost\x2drunning.slice.
Jul 21 11:13:44 witherspoon systemd[1]: Mounted Debug File System.
Jul 21 11:13:44 witherspoon systemd[1]: Mounted Temporary Directory.
Jul 21 11:13:44 witherspoon systemd[1]: Started Journal Service.
Jul 21 11:13:44 witherspoon systemd[1]: Started Remount Root and Kernel File Systems.
Jul 21 11:13:45 witherspoon systemd[1]: Started Apply Kernel Variables.
Jul 21 11:13:45 witherspoon systemd[1]: Starting Create System Users...
Jul 21 11:13:45 witherspoon systemd[1]: Starting Flush Journal to Persistent Storage...
Jul 21 11:13:46 witherspoon systemd[1]: Started udev Coldplug all Devices.
Jul 21 11:13:46 witherspoon systemd[1]: Started Create System Users.
Jul 21 11:13:47 witherspoon systemd[1]: Starting Create Static Device Nodes in /dev...
Jul 21 11:13:47 witherspoon systemd-journald[655]: Runtime journal (/run/log/journal/98da6a547f8141998b98e23f5894fd04) is 0B, max 0B, 0B free.
Jul 21 11:13:47 witherspoon systemd[1]: Started Flush Journal to Persistent Storage.
Jul 21 11:13:47 witherspoon systemd[1]: Started Create Static Device Nodes in /dev.
Jul 21 11:13:48 witherspoon systemd[1]: Starting udev Kernel Device Manager...
Jul 21 11:13:48 witherspoon systemd[1]: Reached target Local File Systems (Pre).
Jul 21 11:13:48 witherspoon systemd[1]: Mounting /var/volatile...
Jul 21 11:13:48 witherspoon systemd[1]: Mounted /var/volatile.
Jul 21 11:13:48 witherspoon systemd[1]: Starting Load/Save Random Seed...
Jul 21 11:13:48 witherspoon systemd[1]: Reached target Local File Systems.
Jul 21 11:13:48 witherspoon systemd[1]: Starting Rebuild Journal Catalog...
Jul 21 11:13:48 witherspoon systemd[1]: Starting Create Volatile Files and Directories...
Jul 21 11:13:49 witherspoon systemd[1]: Started Rebuild Journal Catalog.
Jul 21 11:13:49 witherspoon systemd[1]: Starting Update is Completed...
Jul 21 11:13:49 witherspoon systemd-tmpfiles[898]: "/var/tmp" already exists and is not a directory.
Jul 21 11:13:49 witherspoon systemd-tmpfiles[898]: "/var/log" already exists and is not a directory.
Jul 21 11:13:49 witherspoon systemd[1]: Started Create Volatile Files and Directories.
Jul 21 11:13:49 witherspoon systemd[1]: Starting Run pending postinsts...
Jul 21 11:13:49 witherspoon systemd[1]: Starting Network Time Synchronization...
Jul 21 11:13:49 witherspoon systemd[1]: Started Load/Save Random Seed.
Jul 21 11:13:49 witherspoon systemd[1]: Started Update is Completed.
Jul 21 11:13:49 witherspoon systemd[1]: Started Network Time Synchronization.
Jul 21 11:13:49 witherspoon systemd[1]: Reached target System Time Synchronized.
Jul 21 11:13:50 witherspoon systemd[1]: Started udev Kernel Device Manager.
Jul 21 11:13:51 witherspoon run-postinsts[903]: Running postinst /etc/rpm-postinsts/libglib-2.0-0...
Jul 21 11:13:51 witherspoon systemd[1]: Found device /dev/aspeed-lpc-ctrl.
Jul 21 11:13:51 witherspoon systemd[1]: Found device /dev/aspeed-mbox.
Jul 21 11:13:51 witherspoon systemd[1]: Found device /dev/ttyS4.
Jul 21 11:13:51 witherspoon systemd[1]: Found device /dev/ttyVUART0.
Jul 21 11:13:53 witherspoon systemd[1]: Created slice system-xyz.openbmc_project.led.controller.slice.
Jul 21 11:13:53 witherspoon systemd[1]: dev-hugepages.mount: Couldn't determine result for ConditionVirtualization=!private-users, assuming failed: No such file or directory
Jul 21 11:13:53 witherspoon systemd[1]: Created slice system-xyz.openbmc_project.Hwmon.slice.
Jul 21 11:13:53 witherspoon run-postinsts[903]: rm: can't remove '/etc/rpm-postinsts': Invalid argument
Jul 21 11:13:53 witherspoon run-postinsts[903]:  Removing any system startup links for run-postinsts ...
Jul 21 11:13:54 witherspoon systemctl[935]: Removed /etc/systemd/system/sysinit.target.wants/run-postinsts.service.
Jul 21 11:13:54 witherspoon systemd[1]: Reloading.
Jul 21 11:13:56 witherspoon systemd[1]: Started Run pending postinsts.
Jul 21 11:13:56 witherspoon systemd[1]: Reached target System Initialization.
Jul 21 11:13:56 witherspoon systemd[1]: Listening on Phosphor Webserver socket.
Jul 21 11:13:56 witherspoon systemd[1]: Listening on D-Bus System Message Bus Socket.
Jul 21 11:13:56 witherspoon systemd[1]: Listening on Avahi mDNS/DNS-SD Stack Activation Socket.
Jul 21 11:13:56 witherspoon systemd[1]: Listening on Phosphor Host Console SSH Per-Connection socket.
Jul 21 11:13:56 witherspoon systemd[1]: Listening on phosphor-ipmi-net.socket.
Jul 21 11:13:56 witherspoon systemd[1]: Started Daily Cleanup of Temporary Directories.
Jul 21 11:13:56 witherspoon systemd[1]: Reached target Timers.
Jul 21 11:13:57 witherspoon systemd[1]: Listening on dropbear.socket.
Jul 21 11:13:57 witherspoon systemd[1]: Listening on Phosphor DBUS Browser socket.
Jul 21 11:13:57 witherspoon systemd[1]: Reached target Sockets.
Jul 21 11:13:57 witherspoon systemd[1]: Reached target Basic System.
Jul 21 11:13:57 witherspoon systemd[1]: Starting Phosphor Inventory Manager...
Jul 21 11:13:57 witherspoon systemd[1]: Starting Phosphor Download Manager...
Jul 21 11:13:57 witherspoon systemd[1]: Starting Phosphor Download Manager...
Jul 21 11:13:57 witherspoon systemd[1]: Started Phosphor Console Muxer listening on device /dev/ttyVUART0.
Jul 21 11:13:57 witherspoon systemd[1]: Starting OpenBMC Software Update Manager...
Jul 21 11:13:57 witherspoon systemd[1]: Started Phosphor sysfs LED controller.
Jul 21 11:13:57 witherspoon systemd[1]: Starting Phosphor Log Manager...
Jul 21 11:13:57 witherspoon systemd[1]: Started D-Bus System Message Bus.
Jul 21 11:14:00 witherspoon systemd[1]: Started Phosphor Log Manager.
Jul 21 11:14:00 witherspoon systemd[1]: Starting Network Service...
Jul 21 11:14:00 witherspoon systemd[1]: Starting Phosphor IPMI BT DBus Bridge...
Jul 21 11:14:00 witherspoon systemd[1]: Starting Phosphor DBus Service Discovery Manager...
Jul 21 11:14:00 witherspoon systemd[1]: Started System Logging Service.
Jul 21 11:14:00 witherspoon systemd[1]: Started Phosphor Dump core monitor..
Jul 21 11:14:00 witherspoon systemd[1]: Started Phosphor sysfs LED controller.
Jul 21 11:14:00 witherspoon systemd[1]: Started Hardware RNG Entropy Gatherer Daemon.
Jul 21 11:14:01 witherspoon systemd[1]: Started Kernel Logging Service.
Jul 21 11:14:01 witherspoon kernel[962]: klogd started: BusyBox v1.24.1 (2017-06-16 19:29:08 UTC)
Jul 21 11:14:01 witherspoon kernel[962]: [    0.000000] Booting Linux on physical CPU 0x0
Jul 21 11:14:01 witherspoon kernel[962]: [    0.000000] Linux version 4.10.17-03afe5775baf06c3037d62cc2a15628079af38c9 (jenkins@openbmc-builder1) (gcc version 6.2.0 (GCC) ) #1 Thu Aug 3 20:07:37 UTC 2017
Jul 21 11:14:01 witherspoon kernel[962]: [    0.000000] CPU: ARMv6-compatible processor [410fb767] revision 7 (ARMv7), cr=00c5387d
Jul 21 11:14:01 witherspoon kernel[962]: [    0.000000] CPU: PIPT / VIPT nonaliasing data cache, VIPT nonaliasing instruction cache
Jul 21 11:14:01 witherspoon kernel[962]: [    0.000000] OF: fdt:Machine model: Witherspoon BMC
Jul 21 11:14:01 witherspoon kernel[962]: [    0.000000] Memory policy: Data cache writeback
Jul 21 11:14:01 witherspoon kernel[962]: [    0.000000] SOC Rev: 04030303
Jul 21 11:14:01 witherspoon kernel[962]: [    0.000000] On node 0 totalpages: 110592
Jul 21 11:14:01 witherspoon kernel[962]: [    0.000000] free_area_init_node: node 0, pgdat 805ff5f4, node_mem_map 9ec1a000
Jul 21 11:14:01 witherspoon kernel[962]: [    0.000000]   Normal zone: 992 pages used for memmap
Jul 21 11:14:01 witherspoon kernel[962]: [    0.000000]   Normal zone: 0 pages reserved
Jul 21 11:14:01 witherspoon kernel[962]: [    0.000000]   Normal zone: 110592 pages, LIFO batch:31
Jul 21 11:14:01 witherspoon kernel[962]: [    0.000000] pcpu-alloc: s0 r0 d32768 u32768 alloc=1*32768
Jul 21 11:14:01 witherspoon kernel[962]: [    0.000000] pcpu-alloc: [0] 0
Jul 21 11:14:01 witherspoon kernel[962]: [    0.000000] Built 1 zonelists in Zone order, mobility grouping on.  Total pages: 109600
Jul 21 11:14:01 witherspoon kernel[962]: [    0.000000] Kernel command line: console=ttyS4,115200n8 root=/dev/ram rw
Jul 21 11:14:01 witherspoon kernel[962]: [    0.000000] PID hash table entries: 2048 (order: 1, 8192 bytes)
Jul 21 11:14:01 witherspoon kernel[962]: [    0.000000] Dentry cache hash table entries: 65536 (order: 6, 262144 bytes)
Jul 21 11:14:01 witherspoon kernel[962]: [    0.000000] Inode-cache hash table entries: 32768 (order: 5, 131072 bytes)
Jul 21 11:14:01 witherspoon kernel[962]: [    0.000000] Memory: 430436K/442368K available (4065K kernel code, 280K rwdata, 1192K rodata, 284K init, 111K bss, 11932K reserved, 0K cma-reserved)
Jul 21 11:14:01 witherspoon kernel[962]: [    0.000000] Virtual kernel memory layout:
Jul 21 11:14:01 witherspoon kernel[962]: [    0.000000]     vector  : 0xffff0000 - 0xffff1000   (   4 kB)
Jul 21 11:14:01 witherspoon kernel[962]: [    0.000000]     fixmap  : 0xffc00000 - 0xfff00000   (3072 kB)
Jul 21 11:14:01 witherspoon kernel[962]: [    0.000000]     vmalloc : 0x9f800000 - 0xff800000   (1536 MB)
Jul 21 11:14:01 witherspoon kernel[962]: [    0.000000]     lowmem  : 0x80000000 - 0x9f000000   ( 496 MB)
Jul 21 11:14:01 witherspoon kernel[962]: [    0.000000]       .text : 0x80008000 - 0x80400940   (4067 kB)
Jul 21 11:14:01 witherspoon kernel[962]: [    0.000000]       .init : 0x80585000 - 0x805cc000   ( 284 kB)
Jul 21 11:14:01 witherspoon kernel[962]: [    0.000000]       .data : 0x805cc000 - 0x80612358   ( 281 kB)
Jul 21 11:14:01 witherspoon kernel[962]: [    0.000000]        .bss : 0x80612358 - 0x8062e1f8   ( 112 kB)
Jul 21 11:14:01 witherspoon kernel[962]: [    0.000000] NR_IRQS:16 nr_irqs:16 16
Jul 21 11:14:01 witherspoon kernel[962]: [    0.000000] i2c controller registered, irq 16
Jul 21 11:14:01 witherspoon kernel[962]: [    0.000000] clocksource: moxart_timer: mask: 0xffffffff max_cycles: 0xffffffff, max_idle_ns: 77222644334 ns
Jul 21 11:14:01 witherspoon kernel[962]: [    0.000000] sched_clock: 32 bits at 100 Hz, resolution 10000000ns, wraps every 21474836475000000ns
Jul 21 11:14:01 witherspoon kernel[962]: [    0.090000] Calibrating delay loop... 789.70 BogoMIPS (lpj=3948544)
Jul 21 11:14:01 witherspoon kernel[962]: [    0.090000] pid_max: default: 32768 minimum: 301
Jul 21 11:14:01 witherspoon kernel[962]: [    0.090000] Mount-cache hash table entries: 1024 (order: 0, 4096 bytes)
Jul 21 11:14:01 witherspoon kernel[962]: [    0.090000] Mountpoint-cache hash table entries: 1024 (order: 0, 4096 bytes)
Jul 21 11:14:01 witherspoon kernel[962]: [    0.090000] CPU: Testing write buffer coherency: ok
Jul 21 11:14:01 witherspoon systemd[1]: Started Phosphor sysfs LED controller.
Jul 21 11:14:01 witherspoon kernel[962]: [    0.090000] ftrace: allocating 14934 entries in 44 pages
Jul 21 11:14:01 witherspoon systemd[1]: Starting Phosphor BMC0 Control...
Jul 21 11:14:01 witherspoon kernel[962]: [    0.120000] Setting up static identity map for 0x80008200 - 0x8000825c
Jul 21 11:14:01 witherspoon systemd[1]: Reached target Containers.
Jul 21 11:14:01 witherspoon kernel[962]: [    0.120000] devtmpfs: initialized
Jul 21 11:14:01 witherspoon systemd[1]: Started Phosphor sysfs LED controller.
Jul 21 11:14:01 witherspoon kernel[962]: [    0.150000] clocksource: jiffies: mask: 0xffffffff max_cycles: 0xffffffff, max_idle_ns: 19112604462750000 ns
Jul 21 11:14:01 witherspoon systemd[1]: Started Phosphor sysfs LED controller.
Jul 21 11:14:01 witherspoon kernel[962]: [    0.150000] futex hash table entries: 256 (order: -1, 3072 bytes)
Jul 21 11:14:01 witherspoon systemd[1]: Starting Phosphor Sensor Manager...
Jul 21 11:14:01 witherspoon kernel[962]: [    0.150000] pinctrl core: initialized pinctrl subsystem
Jul 21 11:14:01 witherspoon systemd[1]: Started Phosphor sysfs LED controller.
Jul 21 11:14:01 witherspoon kernel[962]: [    0.150000] NET: Registered protocol family 16
Jul 21 11:14:02 witherspoon systemd[1]: Starting Clear one time boot overrides...
Jul 21 11:14:01 witherspoon kernel[962]: [    0.150000] DMA: preallocated 256 KiB pool for atomic coherent allocations
Jul 21 11:14:02 witherspoon systemd[1]: Started Phosphor sysfs LED controller.
Jul 21 11:14:01 witherspoon kernel[962]: [    0.220000] usbcore: registered new interface driver usbfs
Jul 21 11:14:02 witherspoon systemd[1]: Started Phosphor sysfs LED controller.
Jul 21 11:14:01 witherspoon kernel[962]: [    0.220000] usbcore: registered new interface driver hub
Jul 21 11:14:02 witherspoon systemd[1]: Starting Phosphor Settings Daemon...
Jul 21 11:14:01 witherspoon kernel[962]: [    0.220000] usbcore: registered new device driver usb
Jul 21 11:14:02 witherspoon systemd[1]: Starting Avahi mDNS/DNS-SD Stack...
Jul 21 11:14:01 witherspoon kernel[962]: [    0.220000] clocksource: Switched to clocksource moxart_timer
Jul 21 11:14:02 witherspoon systemd[1]: Starting Phosphor Network Manager...
Jul 21 11:14:01 witherspoon kernel[962]: [    0.230000] NET: Registered protocol family 2
Jul 21 11:14:02 witherspoon systemd[1]: Starting Phosphor LED Group Management Daemon...
Jul 21 11:14:01 witherspoon kernel[962]: [    0.230000] TCP established hash table entries: 4096 (order: 2, 16384 bytes)
Jul 21 11:14:02 witherspoon systemd[1]: Started Phosphor sysfs LED controller.
Jul 21 11:14:01 witherspoon kernel[962]: [    0.230000] TCP bind hash table entries: 4096 (order: 2, 16384 bytes)
Jul 21 11:14:02 witherspoon systemd[1]: Starting Phosphor User Manager...
Jul 21 11:14:01 witherspoon kernel[962]: [    0.230000] TCP: Hash tables configured (established 4096 bind 4096)
Jul 21 11:14:03 witherspoon systemd[1]: Starting Phosphor Inventory Manager...
Jul 21 11:14:01 witherspoon kernel[962]: [    0.230000] UDP hash table entries: 256 (order: 0, 4096 bytes)
Jul 21 11:14:03 witherspoon systemd[1]: Starting Phosphor Dump Manager...
Jul 21 11:14:01 witherspoon kernel[962]: [    0.230000] UDP-Lite hash table entries: 256 (order: 0, 4096 bytes)
Jul 21 11:14:03 witherspoon systemd[1]: Starting Phosphor Chassis0 Control...
Jul 21 11:14:01 witherspoon kernel[962]: [    0.230000] NET: Registered protocol family 1
Jul 21 11:14:03 witherspoon systemd[1]: Started Phosphor sysfs LED controller.
Jul 21 11:14:01 witherspoon kernel[962]: [    0.240000] Trying to unpack rootfs image as initramfs...
Jul 21 11:14:01 witherspoon kernel[962]: [    1.910000] Freeing initrd memory: 1548K
Jul 21 11:14:01 witherspoon kernel[962]: [    1.910000] workingset: timestamp_bits=30 max_order=17 bucket_order=0
Jul 21 11:14:01 witherspoon kernel[962]: [    1.910000] squashfs: version 4.0 (2009/01/31) Phillip Lougher
Jul 21 11:14:01 witherspoon kernel[962]: [    1.910000] jffs2: version 2.2. (SUMMARY)  © 2001-2006 Red Hat, Inc.
Jul 21 11:14:01 witherspoon kernel[962]: [    1.910000] Block layer SCSI generic (bsg) driver version 0.4 loaded (major 250)
Jul 21 11:14:01 witherspoon kernel[962]: [    1.910000] io scheduler noop registered
Jul 21 11:14:01 witherspoon kernel[962]: [    1.910000] io scheduler deadline registered
Jul 21 11:14:01 witherspoon kernel[962]: [    1.910000] io scheduler cfq registered (default)
Jul 21 11:14:01 witherspoon kernel[962]: [    2.060000] ipmi-bt-host 1e789140.ibt: Found bt bmc device
Jul 21 11:14:01 witherspoon kernel[962]: [    2.060000] ipmi-bt-host 1e789140.ibt: Using IRQ 22
Jul 21 11:14:01 witherspoon kernel[962]: [    2.060000] Serial: 8250/16550 driver, 6 ports, IRQ sharing enabled
Jul 21 11:14:01 witherspoon kernel[962]: [    2.060000] 1e787000.vuart: ttyS0 at MMIO 0x1e787000 (irq = 22, base_baud = 1500000) is a 16550A
Jul 21 11:14:03 witherspoon systemd[1]: Starting Remount the squashfs and ubi volumes after a reboot...
Jul 21 11:14:01 witherspoon kernel[962]: [    2.060000] 1e783000.serial: ttyS1 at MMIO 0x1e783000 (irq = 23, base_baud = 1500000) is a 16550A
Jul 21 11:14:01 witherspoon kernel[962]: [    2.060000] 1e78d000.serial: ttyS2 at MMIO 0x1e78d000 (irq = 24, base_baud = 1500000) is a 16550A
Jul 21 11:14:01 witherspoon kernel[962]: [    2.060000] 1e784000.serial: ttyS4 at MMIO 0x1e784000 (irq = 25, base_baud = 1500000) is a 16550A
Jul 21 11:14:01 witherspoon kernel[962]: [    2.430000] console [ttyS4] enabled
Jul 21 11:14:01 witherspoon kernel[962]: [    2.590000] timeriomem_rng 1e6e2078.hwrng: 32bits from 0xf00e2078 @ 1us
Jul 21 11:14:01 witherspoon kernel[962]: [    2.600000] random: fast init done
Jul 21 11:14:01 witherspoon kernel[962]: [    2.640000] brd: module loaded
Jul 21 11:14:01 witherspoon kernel[962]: [    2.670000] loop: module loaded
Jul 21 11:14:01 witherspoon kernel[962]: [    2.670000] aspeed-lpc-ctrl 1e789080.lpc-ctrl: Loaded at 0x98000000 (0x04000000)
Jul 21 11:14:01 witherspoon kernel[962]: [    2.680000] aspeed-smc 1e620000.flash-controller: Using IRQ 18
Jul 21 11:14:01 witherspoon kernel[962]: [    2.680000] aspeed-smc 1e620000.flash-controller: DMA support disabled.
Jul 21 11:14:01 witherspoon kernel[962]: [    2.700000] aspeed-smc 1e620000.flash-controller: mx25l25635e (32768 Kbytes)
Jul 21 11:14:01 witherspoon kernel[962]: [    2.700000] aspeed-smc 1e620000.flash-controller: CE0 window [ 0x20000000 - 0x22000000 ] 32MB
Jul 21 11:14:01 witherspoon kernel[962]: [    2.700000] aspeed-smc 1e620000.flash-controller: CE1 window [ 0x22000000 - 0x2a000000 ] 128MB
Jul 21 11:14:01 witherspoon kernel[962]: [    2.720000] 5 ofpart partitions found on MTD device bmc
Jul 21 11:14:01 witherspoon kernel[962]: [    2.720000] Creating 5 MTD partitions on "bmc":
Jul 21 11:14:01 witherspoon kernel[962]: [    2.720000] 0x000000000000-0x000000060000 : "u-boot"
Jul 21 11:14:01 witherspoon kernel[962]: [    2.720000] 0x000000060000-0x000000080000 : "u-boot-env"
Jul 21 11:14:01 witherspoon kernel[962]: [    2.750000] random: crng init done
Jul 21 11:14:01 witherspoon kernel[962]: [    2.760000] 0x000000080000-0x0000004c0000 : "kernel"
Jul 21 11:14:01 witherspoon kernel[962]: [    2.770000] 0x0000004c0000-0x000001c00000 : "rofs"
Jul 21 11:14:01 witherspoon kernel[962]: [    2.780000] 0x000001c00000-0x000002000000 : "rwfs"
Jul 21 11:14:01 witherspoon kernel[962]: [    2.790000] aspeed-smc 1e620000.flash-controller: mx25l25635e (32768 Kbytes)
Jul 21 11:14:01 witherspoon kernel[962]: [    2.800000] aspeed-smc 1e620000.flash-controller: CE1 window [ 0x22000000 - 0x24000000 ] 32MB
Jul 21 11:14:01 witherspoon kernel[962]: [    2.800000] aspeed-smc 1e620000.flash-controller: CE2 window [ 0x24000000 - 0x2c000000 ] 128MB
Jul 21 11:14:01 witherspoon kernel[962]: [    2.810000] aspeed-smc 1e630000.flash-controller: mx66l1g45g (131072 Kbytes)
Jul 21 11:14:01 witherspoon kernel[962]: [    2.810000] aspeed-smc 1e630000.flash-controller: CE0 window resized to 120MB (AST2500 HW quirk)
Jul 21 11:14:01 witherspoon kernel[962]: [    2.840000] aspeed-smc 1e630000.flash-controller: CE0 window [ 0x30000000 - 0x37800000 ] 120MB
Jul 21 11:14:01 witherspoon kernel[962]: [    2.840000] aspeed-smc 1e630000.flash-controller: CE0 window too small for chip 128MB
Jul 21 11:14:01 witherspoon kernel[962]: [    2.840000] aspeed-smc 1e630000.flash-controller: CE1 window [ 0x37800000 - 0x38000000 ] 8MB
Jul 21 11:14:01 witherspoon kernel[962]: [    3.560000] libphy: Fixed MDIO Bus: probed
Jul 21 11:14:01 witherspoon kernel[962]: [    3.560000] ftgmac100 1e660000.ethernet: Read MAC address 70:e2:84:14:24:20 from chip
Jul 21 11:14:01 witherspoon kernel[962]: [    3.650000] ftgmac100 1e660000.ethernet: Using NCSI interface
Jul 21 11:14:01 witherspoon kernel[962]: [    3.650000] ftgmac100 1e660000.ethernet eth0: irq 20, mapped at f0060000
Jul 21 11:14:01 witherspoon kernel[962]: [    3.650000] ehci_hcd: USB 2.0 'Enhanced' Host Controller (EHCI) Driver
Jul 21 11:14:01 witherspoon kernel[962]: [    3.650000] ehci-platform: EHCI generic platform driver
Jul 21 11:14:01 witherspoon kernel[962]: [    3.830000]  fsi0: can't read slave 00:00 -5
Jul 21 11:14:01 witherspoon kernel[962]: [    3.830000] i2c /dev entries driver
Jul 21 11:14:01 witherspoon kernel[962]: [    3.830000] aspeed-i2c-bus 1e78a0c0.i2c-bus: i2c bus 2 registered, irq 26
Jul 21 11:14:01 witherspoon kernel[962]: [    3.830000] aspeed-i2c-bus 1e78a100.i2c-bus: i2c bus 3 registered, irq 27
Jul 21 11:14:01 witherspoon kernel[962]: [    3.830000] aspeed-i2c-bus 1e78a140.i2c-bus: i2c bus 4 registered, irq 28
Jul 21 11:14:03 witherspoon systemd[1]: Started Clear one time boot overrides.
Jul 21 11:14:01 witherspoon kernel[962]: [    3.830000] aspeed-i2c-bus 1e78a180.i2c-bus: i2c bus 5 registered, irq 29
Jul 21 11:14:01 witherspoon kernel[962]: [    3.830000] aspeed-i2c-bus 1e78a380.i2c-bus: i2c bus 9 registered, irq 30
Jul 21 11:14:01 witherspoon kernel[962]: [    3.830000] aspeed-i2c-bus 1e78a3c0.i2c-bus: i2c bus 10 registered, irq 31
Jul 21 11:14:01 witherspoon kernel[962]: [    3.830000] rtc-rv8803 11-0032: Voltage low, temperature compensation stopped.
Jul 21 11:14:01 witherspoon kernel[962]: [    3.930000] rtc-rv8803 11-0032: rtc core: registered rx8900 as rtc0
Jul 21 11:14:01 witherspoon kernel[962]: [    3.940000] at24 11-0051: 8192 byte 24c64 EEPROM, writable, 1 bytes/write
Jul 21 11:14:04 witherspoon systemd[1]: Started Phosphor Download Manager.
Jul 21 11:14:01 witherspoon kernel[962]: [    3.940000] aspeed-i2c-bus 1e78a400.i2c-bus: i2c bus 11 registered, irq 32
Jul 21 11:14:04 witherspoon systemd[1]: Started Phosphor IPMI BT DBus Bridge.
Jul 21 11:14:01 witherspoon kernel[962]: [    3.940000] aspeed-i2c-bus 1e78a440.i2c-bus: i2c bus 12 registered, irq 33
Jul 21 11:14:04 witherspoon systemd[1]: Started OpenBMC Software Update Manager.
Jul 21 11:14:01 witherspoon kernel[962]: [    3.940000] aspeed-i2c-bus 1e78a480.i2c-bus: i2c bus 13 registered, irq 34
Jul 21 11:14:01 witherspoon kernel[962]: [    3.940000] Driver for 1-wire Dallas network protocol.
Jul 21 11:14:01 witherspoon kernel[962]: [    3.940000] lm75 9-004a: hwmon0: sensor 'tmp275'
Jul 21 11:14:01 witherspoon kernel[962]: [    4.760000] ucd9000 11-0064: Device ID UCD90160|2.3.4.0000|110603
Jul 21 11:14:01 witherspoon kernel[962]: [    5.090000] leds-pca955x 3-0060: leds-pca955x: Using pca9552 16-bit LED driver at slave address 0x60
Jul 21 11:14:01 witherspoon kernel[962]: [    5.110000] leds-pca955x 11-0060: leds-pca955x: Using pca9552 16-bit LED driver at slave address 0x60
Jul 21 11:14:01 witherspoon kernel[962]: [    5.120000] leds-pca955x 11-0060: gpios 264...279
Jul 21 11:14:01 witherspoon kernel[962]: [    5.130000] usbcore: registered new interface driver usbhid
Jul 21 11:14:01 witherspoon kernel[962]: [    5.130000] usbhid: USB HID core driver
Jul 21 11:14:01 witherspoon kernel[962]: [    5.190000] NET: Registered protocol family 10
Jul 21 11:14:01 witherspoon kernel[962]: [    5.190000] Segment Routing with IPv6
Jul 21 11:14:01 witherspoon kernel[962]: [    5.200000] NET: Registered protocol family 17
Jul 21 11:14:01 witherspoon kernel[962]: [    5.200000] 8021q: 802.1Q VLAN Support v1.8
Jul 21 11:14:01 witherspoon kernel[962]: [    5.200000] console [netcon0] enabled
Jul 21 11:14:01 witherspoon kernel[962]: [    5.220000] netconsole: network logging started
Jul 21 11:14:01 witherspoon kernel[962]: [    5.220000] input: gpio-keys as /devices/platform/gpio-keys/input/input0
Jul 21 11:14:01 witherspoon kernel[962]: [    5.230000] rtc-rv8803 11-0032: setting system clock to 2016-04-13 07:11:36 UTC (1460531496)
Jul 21 11:14:01 witherspoon kernel[962]: [    5.240000] Freeing unused kernel memory: 284K
Jul 21 11:14:01 witherspoon kernel[962]: [    5.240000] This architecture does not have kernel memory protection.
Jul 21 11:14:01 witherspoon kernel[962]: [    6.780000] jffs2: notice: (526) jffs2_build_xattr_subsystem: complete building xattr subsystem, 0 of xdatum (0 unchecked, 0 orphan) and 0 of xref (0 dead, 0 orphan) found.
Jul 21 11:14:01 witherspoon kernel[962]: [    9.020000] systemd[1]: System time before build time, advancing clock.
Jul 21 11:14:01 witherspoon kernel[962]: [    9.020000] systemd[1]: Failed to insert module 'autofs4': No such file or directory
Jul 21 11:14:01 witherspoon kernel[962]: [    9.200000] systemd[1]: systemd 232 running in system mode. (+PAM -AUDIT -SELINUX -IMA -APPARMOR -SMACK +SYSVINIT -UTMP -LIBCRYPTSETUP -GCRYPT -GNUTLS +ACL +XZ -LZ4 -SECCOMP +BLKID -ELFUTILS +KMOD -IDN)
Jul 21 11:14:01 witherspoon kernel[962]: [    9.200000] systemd[1]: Detected architecture arm.
Jul 21 11:14:01 witherspoon kernel[962]: [    9.330000] systemd[1]: Set hostname to <witherspoon>.
Jul 21 11:14:01 witherspoon kernel[962]: [   10.850000] systemd[1]: Listening on Syslog Socket.
Jul 21 11:14:01 witherspoon kernel[962]: [   11.000000] systemd[1]: Listening on Network Service Netlink Socket.
Jul 21 11:14:01 witherspoon kernel[962]: [   11.150000] systemd[1]: Started Forward Password Requests to Wall Directory Watch.
Jul 21 11:14:01 witherspoon kernel[962]: [   11.310000] systemd[1]: Started Dispatch Password Requests to Console Directory Watch.
Jul 21 11:14:01 witherspoon kernel[962]: [   11.480000] systemd[1]: Reached target Paths.
Jul 21 11:14:01 witherspoon kernel[962]: [   11.650000] systemd[1]: Listening on Journal Socket (/dev/log).
Jul 21 11:14:01 witherspoon kernel[962]: [   11.830000] systemd[1]: Listening on /dev/initctl Compatibility Named Pipe.
Jul 21 11:14:01 witherspoon kernel[962]: [   14.250000] systemd[1]: Created slice system-org.openbmc.control.Bmc.slice.
Jul 21 11:14:01 witherspoon kernel[962]: [   14.510000] systemd[1]: Mounting Debug File System...
Jul 21 11:14:01 witherspoon kernel[962]: [   14.780000] systemd[1]: Created slice system-op\x2dreset\x2dchassis\x2drunning.slice.
Jul 21 11:14:01 witherspoon kernel[962]: [   15.050000] systemd[1]: Starting Remount Root and Kernel File Systems...
Jul 21 11:14:01 witherspoon kernel[962]: [   15.330000] systemd[1]: Created slice system-serial\x2dgetty.slice.
Jul 21 11:14:01 witherspoon kernel[962]: [   15.620000] systemd[1]: Created slice system-obmc\x2dconsole.slice.
Jul 21 11:14:01 witherspoon kernel[962]: [   15.910000] systemd[1]: Created slice system-obmc\x2dled\x2dgroup\x2dstart.slice.
Jul 21 11:14:01 witherspoon kernel[962]: [   16.210000] systemd[1]: Created slice system-phosphor\x2dgpio\x2dpresence.slice.
Jul 21 11:14:01 witherspoon kernel[962]: [   16.520000] systemd[1]: Reached target Slices.
Jul 21 11:14:01 witherspoon kernel[962]: [   16.830000] systemd[1]: Created slice system-phosphor\x2dreset\x2dhost\x2dcheck.slice.
Jul 21 11:14:04 witherspoon systemd-networkd[955]: Enumeration completed
Jul 21 11:14:01 witherspoon kernel[962]: [   19.580000] systemd[1]: dev-hugepages.mount: Couldn't determine result for ConditionVirtualization=!private-users, assuming failed: No such file or directory
Jul 21 11:14:04 witherspoon systemd[1]: Started Network Service.
Jul 21 11:14:01 witherspoon kernel[962]: [   19.580000] systemd[1]: Mounting Temporary Directory...
Jul 21 11:14:04 witherspoon systemd[1]: Reached target Network.
Jul 21 11:14:01 witherspoon kernel[962]: [   19.950000] systemd[1]: Created slice system-org.openbmc.control.Power.slice.
Jul 21 11:14:04 witherspoon systemd-networkd[955]: eth0: IPv6 enabled for interface: Success
Jul 21 11:14:01 witherspoon kernel[962]: [   20.330000] systemd[1]: Created slice system-phosphor\x2dreset\x2dhost\x2drunning.slice.
Jul 21 11:14:04 witherspoon systemd[1]: Starting Permit User Sessions...
Jul 21 11:14:01 witherspoon kernel[962]: [   20.720000] systemd[1]: Mounted Debug File System.
Jul 21 11:14:05 witherspoon systemd[1]: Started Lightweight SLP Server.
Jul 21 11:14:01 witherspoon kernel[962]: [   21.110000] systemd[1]: Mounted Temporary Directory.
Jul 21 11:14:05 witherspoon systemd-networkd[955]: eth0: Gained carrier
Jul 21 11:14:01 witherspoon kernel[962]: [   21.510000] systemd[1]: Started Journal Service.
Jul 21 11:14:06 witherspoon kernel: ubi7: default fastmap pool size: 100
Jul 21 11:14:06 witherspoon kernel: ubi7: default fastmap WL pool size: 50
Jul 21 11:14:06 witherspoon kernel: ubi7: attaching mtd7
Jul 21 11:14:06 witherspoon kernel: ubi7: scanning is finished
Jul 21 11:14:06 witherspoon kernel: ubi7 error: ubi_read_volume_table: the layout volume was not found
Jul 21 11:14:06 witherspoon kernel: ubi7 error: ubi_attach_mtd_dev: failed to attach mtd7, error -22
Jul 21 11:14:05 witherspoon systemd-timesyncd[904]: Network configuration changed, trying to establish connection.
Jul 21 11:14:06 witherspoon obmc-flash-bios[984]: ubiattach: error!: cannot attach mtd7
Jul 21 11:14:06 witherspoon obmc-flash-bios[984]:            error 22 (Invalid argument)
Jul 21 11:14:01 witherspoon kernel[962]: [   24.500000] systemd-journald[655]: Received request to flush runtime journal from PID 1
Jul 21 11:14:05 witherspoon systemd[1]: Started Permit User Sessions.
Jul 21 11:14:06 witherspoon kernel[962]: [   43.400000] ubi7: default fastmap pool size: 100
Jul 21 11:14:05 witherspoon systemd[1]: Started Serial Getty on ttyS4.
Jul 21 11:14:06 witherspoon kernel[962]: [   43.400000] ubi7: default fastmap WL pool size: 50
Jul 21 11:14:05 witherspoon systemd[1]: Reached target Login Prompts.
Jul 21 11:14:06 witherspoon kernel[962]: [   43.400000] ubi7: attaching mtd7
Jul 21 11:14:05 witherspoon systemd[1]: Started Phosphor Settings Daemon.
Jul 21 11:14:06 witherspoon kernel[962]: [   43.400000] ubi7: scanning is finished
Jul 21 11:14:06 witherspoon systemd[1]: Started Phosphor Inventory Manager.
Jul 21 11:14:06 witherspoon kernel[962]: [   43.400000] ubi7 error: ubi_read_volume_table: the layout volume was not found
Jul 21 11:14:06 witherspoon systemd[1]: Started Phosphor Dump Manager.
Jul 21 11:14:06 witherspoon kernel[962]: [   43.400000] ubi7 error: ubi_attach_mtd_dev: failed to attach mtd7, error -22
Jul 21 11:14:06 witherspoon systemd[1]: Started Remount the squashfs and ubi volumes after a reboot.
Jul 21 11:14:06 witherspoon systemd[1]: Starting OpenPower Software Update Manager...
Jul 21 11:14:07 witherspoon systemd-networkd[955]: eth0: Gained IPv6LL
Jul 21 11:14:07 witherspoon systemd[1]: Started Phosphor LED Group Management Daemon.
Jul 21 11:14:08 witherspoon systemd[1]: Started OpenPower Software Update Manager.
Jul 21 11:14:08 witherspoon systemd[1]: Mounting /usr/local...
Jul 21 11:14:09 witherspoon kernel: ftgmac100 1e660000.ethernet eth0: NCSI interface up
Jul 21 11:14:09 witherspoon kernel[962]: [   46.390000] ftgmac100 1e660000.ethernet eth0: NCSI interface up
Jul 21 11:14:08 witherspoon systemd[1]: Starting Phosphor Version Software Manager...
Jul 21 11:14:08 witherspoon systemd[1]: Started Phosphor MBOX Daemon.
Jul 21 11:14:09 witherspoon systemd[1]: Mounted /usr/local.
Jul 21 11:14:09 witherspoon systemd[1]: Starting Create a ubi volume for pnor patches...
Jul 21 11:14:09 witherspoon systemd[1]: Started Phosphor Version Software Manager.
Jul 21 11:14:10 witherspoon avahi-daemon[973]: Found user 'avahi' (UID 998) and group 'avahi' (GID 997).
Jul 21 11:14:10 witherspoon avahi-daemon[973]: Successfully dropped root privileges.
Jul 21 11:14:10 witherspoon avahi-daemon[973]: avahi-daemon 0.6.32 starting up.
Jul 21 11:14:10 witherspoon systemd[1]: Started Avahi mDNS/DNS-SD Stack.
Jul 21 11:14:10 witherspoon avahi-daemon[973]: Successfully called chroot().
Jul 21 11:14:11 witherspoon obmc-flash-bios[1003]: grep: /sys/class/ubi/ubi?/subsystem/ubi*/name: No such file or directory
Jul 21 11:14:10 witherspoon systemd[1]: Reached target Multi-User System.
Jul 21 11:14:10 witherspoon avahi-daemon[973]: Successfully dropped remaining capabilities.
Jul 21 11:14:10 witherspoon avahi-daemon[973]: Loading service file /services/obmc_console.service.
Jul 21 11:14:10 witherspoon avahi-daemon[973]: Loading service file /services/phosphor_rest.service.
Jul 21 11:14:10 witherspoon avahi-daemon[973]: Loading service file /services/sftp-ssh.service.
Jul 21 11:14:10 witherspoon avahi-daemon[973]: Loading service file /services/sftp.service.
Jul 21 11:14:10 witherspoon avahi-daemon[973]: Loading service file /services/ssh.service.
Jul 21 11:14:10 witherspoon avahi-daemon[973]: Joining mDNS multicast group on interface eth0.IPv6 with address fe80::72e2:84ff:fe14:2420.
Jul 21 11:14:10 witherspoon avahi-daemon[973]: New relevant interface eth0.IPv6 for mDNS.
Jul 21 11:14:10 witherspoon avahi-daemon[973]: Joining mDNS multicast group on interface eth0.IPv4 with address 9.41.166.169.
Jul 21 11:14:10 witherspoon avahi-daemon[973]: New relevant interface eth0.IPv4 for mDNS.
Jul 21 11:14:10 witherspoon avahi-daemon[973]: Network interface enumeration completed.
Jul 21 11:14:10 witherspoon avahi-daemon[973]: Registering new address record for fe80::72e2:84ff:fe14:2420 on eth0.*.
Jul 21 11:14:10 witherspoon avahi-daemon[973]: Registering new address record for 9.41.166.169 on eth0.IPv4.
Jul 21 11:14:10 witherspoon avahi-daemon[973]: Withdrawing address record for 9.41.166.169 on eth0.
Jul 21 11:14:10 witherspoon avahi-daemon[973]: Host name conflict, retrying with witherspoon-2
Jul 21 11:14:10 witherspoon avahi-daemon[973]: Registering new address record for fe80::72e2:84ff:fe14:2420 on eth0.*.
Jul 21 11:14:10 witherspoon avahi-daemon[973]: Registering new address record for 9.41.166.169 on eth0.IPv4.
Jul 21 11:14:11 witherspoon systemd[1]: Started Phosphor BMC0 Control.
Jul 21 11:14:12 witherspoon avahi-daemon[973]: Withdrawing address record for 9.41.166.169 on eth0.
Jul 21 11:14:12 witherspoon avahi-daemon[973]: Host name conflict, retrying with witherspoon-3
Jul 21 11:14:12 witherspoon avahi-daemon[973]: Registering new address record for fe80::72e2:84ff:fe14:2420 on eth0.*.
Jul 21 11:14:12 witherspoon avahi-daemon[973]: Registering new address record for 9.41.166.169 on eth0.IPv4.
Jul 21 11:14:12 witherspoon mboxd[1001]: The operation failed internally.
Jul 21 11:14:12 witherspoon mboxd[1001]: terminate called after throwing an instance of 'sdbusplus::xyz::openbmc_project::Common::Error::InternalFailure'
Jul 21 11:14:12 witherspoon mboxd[1001]:   what():  xyz.openbmc_project.Common.Error.InternalFailure: The operation failed internally.
Jul 21 11:14:12 witherspoon mboxd[1001]: [ 1500635652.391818350] Partition HBB not found
Jul 21 11:14:12 witherspoon systemd[1]: mboxd.service: Main process exited, code=dumped, status=6/ABRT
Jul 21 11:14:12 witherspoon systemd[1]: mboxd.service: Unit entered failed state.
Jul 21 11:14:12 witherspoon systemd[1]: mboxd.service: Failed with result 'core-dump'.
Jul 21 11:14:12 witherspoon obmc-flash-bios[1003]: libubi: error!: cannot get information about "/dev/ubi7"
Jul 21 11:14:12 witherspoon obmc-flash-bios[1003]:         error 2 (No such file or directory)
Jul 21 11:14:12 witherspoon obmc-flash-bios[1003]: ubimkvol: error!: error while probing "/dev/ubi7"
Jul 21 11:14:12 witherspoon obmc-flash-bios[1003]:           error 2 (No such file or directory)
Jul 21 11:14:12 witherspoon systemd[1]: mboxd.service: Service hold-off time over, scheduling restart.
Jul 21 11:14:12 witherspoon systemd[1]: Stopped Phosphor MBOX Daemon.
Jul 21 11:14:12 witherspoon systemd[1]: Started Phosphor MBOX Daemon.
Jul 21 11:14:13 witherspoon mboxd[1023]: The operation failed internally.
Jul 21 11:14:13 witherspoon mboxd[1023]: terminate called after throwing an instance of 'sdbusplus::xyz::openbmc_project::Common::Error::InternalFailure'
Jul 21 11:14:13 witherspoon mboxd[1023]:   what():  xyz.openbmc_project.Common.Error.InternalFailure: The operation failed internally.
Jul 21 11:14:13 witherspoon avahi-daemon[973]: Withdrawing address record for 9.41.166.169 on eth0.
Jul 21 11:14:13 witherspoon avahi-daemon[973]: Host name conflict, retrying with witherspoon-4
Jul 21 11:14:13 witherspoon avahi-daemon[973]: Registering new address record for fe80::72e2:84ff:fe14:2420 on eth0.*.
Jul 21 11:14:13 witherspoon avahi-daemon[973]: Registering new address record for 9.41.166.169 on eth0.IPv4.
Jul 21 11:14:13 witherspoon systemd[1]: Created slice system-dropbear.slice.
Jul 21 11:14:13 witherspoon systemd[1]: Started SSH Per-Connection Server (9.41.165.94:50406).
Jul 21 11:14:13 witherspoon dropbear[1025]: Failed loading /etc/dropbear/dropbear_dss_host_key
Jul 21 11:14:13 witherspoon dropbear[1025]: Failed loading /etc/dropbear/dropbear_ecdsa_host_key
Jul 21 11:14:13 witherspoon dropbear[1025]: Child connection from ::ffff:9.41.165.94:50406
Jul 21 11:14:14 witherspoon avahi-daemon[973]: Withdrawing address record for 9.41.166.169 on eth0.
Jul 21 11:14:14 witherspoon avahi-daemon[973]: Host name conflict, retrying with witherspoon-5
Jul 21 11:14:14 witherspoon avahi-daemon[973]: Registering new address record for fe80::72e2:84ff:fe14:2420 on eth0.*.
Jul 21 11:14:14 witherspoon avahi-daemon[973]: Registering new address record for 9.41.166.169 on eth0.IPv4.
Jul 21 11:14:14 witherspoon obmc-flash-bios[1003]: mount: unknown filesystem type 'ubifs'
Jul 21 11:14:14 witherspoon obmc-flash-bios[1003]: /usr/sbin/obmc-flash-bios: error 32
Jul 21 11:14:14 witherspoon systemd[1]: obmc-flash-bios-ubipatch.service: Main process exited, code=exited, status=32/n/a
Jul 21 11:14:14 witherspoon systemd[1]: Failed to start Create a ubi volume for pnor patches.
Jul 21 11:14:14 witherspoon systemd[1]: obmc-flash-bios-ubipatch.service: Unit entered failed state.
Jul 21 11:14:14 witherspoon systemd[1]: obmc-flash-bios-ubipatch.service: Failed with result 'exit-code'.
Jul 21 11:14:14 witherspoon mboxd[1023]: [ 1500635653.018083966] Partition HBB not found
Jul 21 11:14:14 witherspoon systemd[1]: mboxd.service: Main process exited, code=dumped, status=6/ABRT
Jul 21 11:14:14 witherspoon systemd[1]: mboxd.service: Unit entered failed state.
Jul 21 11:14:14 witherspoon systemd[1]: mboxd.service: Failed with result 'core-dump'.
Jul 21 11:14:15 witherspoon systemd[1]: mboxd.service: Service hold-off time over, scheduling restart.
Jul 21 11:14:15 witherspoon systemd[1]: Stopped Phosphor MBOX Daemon.
Jul 21 11:14:15 witherspoon systemd[1]: Started Phosphor MBOX Daemon.
Jul 21 11:14:15 witherspoon mboxd[1029]: The operation failed internally.
Jul 21 11:14:15 witherspoon mboxd[1029]: terminate called after throwing an instance of 'sdbusplus::xyz::openbmc_project::Common::Error::InternalFailure'
Jul 21 11:14:15 witherspoon mboxd[1029]:   what():  xyz.openbmc_project.Common.Error.InternalFailure: The operation failed internally.
Jul 21 11:14:15 witherspoon mboxd[1029]: [ 1500635655.408932452] Partition HBB not found
Jul 21 11:14:15 witherspoon systemd[1]: mboxd.service: Main process exited, code=dumped, status=6/ABRT
Jul 21 11:14:15 witherspoon systemd[1]: mboxd.service: Unit entered failed state.
Jul 21 11:14:15 witherspoon systemd[1]: mboxd.service: Failed with result 'core-dump'.
Jul 21 11:14:15 witherspoon avahi-daemon[973]: Withdrawing address record for 9.41.166.169 on eth0.
Jul 21 11:14:15 witherspoon avahi-daemon[973]: Host name conflict, retrying with witherspoon-6
Jul 21 11:14:15 witherspoon avahi-daemon[973]: Registering new address record for fe80::72e2:84ff:fe14:2420 on eth0.*.
Jul 21 11:14:15 witherspoon avahi-daemon[973]: Registering new address record for 9.41.166.169 on eth0.IPv4.
Jul 21 11:14:16 witherspoon systemd[1]: mboxd.service: Service hold-off time over, scheduling restart.
Jul 21 11:14:16 witherspoon systemd[1]: Stopped Phosphor MBOX Daemon.
Jul 21 11:14:16 witherspoon systemd[1]: Started Phosphor MBOX Daemon.
Jul 21 11:14:16 witherspoon avahi-daemon[973]: Withdrawing address record for 9.41.166.169 on eth0.
Jul 21 11:14:16 witherspoon avahi-daemon[973]: Host name conflict, retrying with witherspoon-7
Jul 21 11:14:16 witherspoon avahi-daemon[973]: Registering new address record for fe80::72e2:84ff:fe14:2420 on eth0.*.
Jul 21 11:14:16 witherspoon avahi-daemon[973]: Registering new address record for 9.41.166.169 on eth0.IPv4.
Jul 21 11:14:16 witherspoon mboxd[1032]: The operation failed internally.
Jul 21 11:14:16 witherspoon mboxd[1032]: terminate called after throwing an instance of 'sdbusplus::xyz::openbmc_project::Common::Error::InternalFailure'
Jul 21 11:14:16 witherspoon mboxd[1032]:   what():  xyz.openbmc_project.Common.Error.InternalFailure: The operation failed internally.
Jul 21 11:14:16 witherspoon mboxd[1032]: [ 1500635656.695429906] Partition HBB not found
Jul 21 11:14:16 witherspoon systemd[1]: mboxd.service: Main process exited, code=dumped, status=6/ABRT
Jul 21 11:14:16 witherspoon systemd[1]: mboxd.service: Unit entered failed state.
Jul 21 11:14:16 witherspoon systemd[1]: mboxd.service: Failed with result 'core-dump'.
Jul 21 11:14:17 witherspoon systemd[1]: mboxd.service: Service hold-off time over, scheduling restart.
Jul 21 11:14:17 witherspoon systemd[1]: Stopped Phosphor MBOX Daemon.
Jul 21 11:14:17 witherspoon systemd[1]: Started Phosphor MBOX Daemon.
Jul 21 11:14:17 witherspoon mboxd[1035]: The operation failed internally.
Jul 21 11:14:17 witherspoon mboxd[1035]: terminate called after throwing an instance of 'sdbusplus::xyz::openbmc_project::Common::Error::InternalFailure'
Jul 21 11:14:17 witherspoon mboxd[1035]:   what():  xyz.openbmc_project.Common.Error.InternalFailure: The operation failed internally.
Jul 21 11:14:17 witherspoon mboxd[1035]: [ 1500635657.160979321] Partition HBB not found
Jul 21 11:14:17 witherspoon systemd[1]: mboxd.service: Main process exited, code=dumped, status=6/ABRT
Jul 21 11:14:17 witherspoon systemd[1]: mboxd.service: Unit entered failed state.
Jul 21 11:14:17 witherspoon systemd[1]: mboxd.service: Failed with result 'core-dump'.
Jul 21 11:14:17 witherspoon systemd[1]: mboxd.service: Service hold-off time over, scheduling restart.
Jul 21 11:14:17 witherspoon systemd[1]: Stopped Phosphor MBOX Daemon.
Jul 21 11:14:17 witherspoon systemd[1]: mboxd.service: Start request repeated too quickly.
Jul 21 11:14:17 witherspoon systemd[1]: Failed to start Phosphor MBOX Daemon.
Jul 21 11:14:17 witherspoon systemd[1]: mboxd.service: Unit entered failed state.
Jul 21 11:14:17 witherspoon systemd[1]: mboxd.service: Failed with result 'core-dump'.
Jul 21 11:14:17 witherspoon dropbear[1025]: pam_unix(dropbear:account): account root has password changed in future
Jul 21 11:14:17 witherspoon dropbear[1025]: PAM password auth succeeded for 'root' from ::ffff:9.41.165.94:50406
Jul 21 11:14:18 witherspoon avahi-daemon[973]: Withdrawing address record for 9.41.166.169 on eth0.
Jul 21 11:14:18 witherspoon avahi-daemon[973]: Host name conflict, retrying with witherspoon-8
Jul 21 11:14:18 witherspoon avahi-daemon[973]: Registering new address record for fe80::72e2:84ff:fe14:2420 on eth0.*.
Jul 21 11:14:18 witherspoon avahi-daemon[973]: Registering new address record for 9.41.166.169 on eth0.IPv4.
Jul 21 11:14:19 witherspoon avahi-daemon[973]: Withdrawing address record for 9.41.166.169 on eth0.
Jul 21 11:14:19 witherspoon avahi-daemon[973]: Host name conflict, retrying with witherspoon-9
Jul 21 11:14:19 witherspoon avahi-daemon[973]: Registering new address record for fe80::72e2:84ff:fe14:2420 on eth0.*.
Jul 21 11:14:19 witherspoon avahi-daemon[973]: Registering new address record for 9.41.166.169 on eth0.IPv4.
Jul 21 11:14:19 witherspoon dropbear[1038]: lastlog_perform_login: Couldn't stat /var/log/lastlog: No such file or directory
Jul 21 11:14:19 witherspoon dropbear[1038]: lastlog_openseek: /var/log/lastlog is not a file or directory!
Jul 21 11:14:19 witherspoon systemd-networkd[955]: eth0: Configured
Jul 21 11:14:19 witherspoon systemd-timesyncd[904]: Network configuration changed, trying to establish connection.
Jul 21 11:14:20 witherspoon avahi-daemon[973]: Withdrawing address record for 9.41.166.169 on eth0.
Jul 21 11:14:20 witherspoon avahi-daemon[973]: Host name conflict, retrying with witherspoon-10
Jul 21 11:14:20 witherspoon avahi-daemon[973]: Registering new address record for fe80::72e2:84ff:fe14:2420 on eth0.*.
Jul 21 11:14:20 witherspoon avahi-daemon[973]: Registering new address record for 9.41.166.169 on eth0.IPv4.
Jul 21 11:14:21 witherspoon avahi-daemon[973]: Withdrawing address record for 9.41.166.169 on eth0.
Jul 21 11:14:21 witherspoon avahi-daemon[973]: Host name conflict, retrying with witherspoon-11
Jul 21 11:14:21 witherspoon avahi-daemon[973]: Registering new address record for fe80::72e2:84ff:fe14:2420 on eth0.*.
Jul 21 11:14:21 witherspoon avahi-daemon[973]: Registering new address record for 9.41.166.169 on eth0.IPv4.
Jul 21 11:14:22 witherspoon avahi-daemon[973]: Withdrawing address record for 9.41.166.169 on eth0.
Jul 21 11:14:22 witherspoon avahi-daemon[973]: Host name conflict, retrying with witherspoon-12
Jul 21 11:14:22 witherspoon avahi-daemon[973]: Registering new address record for fe80::72e2:84ff:fe14:2420 on eth0.*.
Jul 21 11:14:22 witherspoon avahi-daemon[973]: Registering new address record for 9.41.166.169 on eth0.IPv4.
Jul 21 11:14:24 witherspoon avahi-daemon[973]: Server startup complete. Host name is witherspoon-12.local. Local service cookie is 3552540048.
Jul 21 11:14:25 witherspoon avahi-daemon[973]: Service name conflict for "sftp" (/services/sftp.service), retrying with "sftp #2".
Jul 21 11:14:25 witherspoon avahi-daemon[973]: Service name conflict for "obmc_console" (/services/obmc_console.service), retrying with "obmc_console #2".
Jul 21 11:14:25 witherspoon avahi-daemon[973]: Service name conflict for "phosphor_rest" (/services/phosphor_rest.service), retrying with "phosphor_rest #2".
Jul 21 11:14:26 witherspoon systemd[1]: Started Phosphor Download Manager.
Jul 21 11:14:26 witherspoon download_manager.py[949]: Running Download Manager
Jul 21 11:14:26 witherspoon avahi-daemon[973]: Service "witherspoon-12" (/services/ssh.service) successfully established.
Jul 21 11:14:26 witherspoon avahi-daemon[973]: Service "witherspoon-12" (/services/sftp-ssh.service) successfully established.
Jul 21 11:14:26 witherspoon avahi-daemon[973]: Service name conflict for "phosphor_rest" (/services/phosphor_rest.service), retrying with "phosphor_rest #3".
Jul 21 11:14:26 witherspoon avahi-daemon[973]: Service name conflict for "sftp" (/services/sftp.service), retrying with "sftp #3".
Jul 21 11:14:26 witherspoon avahi-daemon[973]: Service name conflict for "obmc_console" (/services/obmc_console.service), retrying with "obmc_console #3".
Jul 21 11:14:26 witherspoon systemd[1]: Started Phosphor Chassis0 Control.
Jul 21 11:14:26 witherspoon chassis_control.py[982]: Running ChassisControlService
Jul 21 11:14:27 witherspoon phosphor-mapper[957]: ObjectMapper startup complete.  Discovery in progress...
Jul 21 11:14:27 witherspoon avahi-daemon[973]: Service name conflict for "phosphor_rest" (/services/phosphor_rest.service), retrying with "phosphor_rest #4".
Jul 21 11:14:27 witherspoon avahi-daemon[973]: Service name conflict for "obmc_console" (/services/obmc_console.service), retrying with "obmc_console #4".
Jul 21 11:14:27 witherspoon avahi-daemon[973]: Service name conflict for "sftp" (/services/sftp.service), retrying with "sftp #4".
Jul 21 11:14:28 witherspoon inventory_items.py[947]: Loading from cache: /var/cache/obmc/org.openbmc.inventory.system.chassis.motherboard.apss@org.openbmc.InventoryItem.props
Jul 21 11:14:28 witherspoon inventory_items.py[947]: Loading from cache: /var/cache/obmc/org.openbmc.inventory.system.chassis.motherboard@org.openbmc.InventoryItem.props
Jul 21 11:14:28 witherspoon inventory_items.py[947]: Loading from cache: /var/cache/obmc/org.openbmc.inventory.system.chassis.motherboard.refclock@org.openbmc.InventoryItem.props
Jul 21 11:14:28 witherspoon inventory_items.py[947]: Loading from cache: /var/cache/obmc/org.openbmc.inventory.system.chassis.motherboard.todclock@org.openbmc.InventoryItem.props
Jul 21 11:14:28 witherspoon inventory_items.py[947]: Loading from cache: /var/cache/obmc/org.openbmc.inventory.system.chassis.motherboard.bmc@org.openbmc.InventoryItem.props
Jul 21 11:14:28 witherspoon inventory_items.py[947]: Caching: /org/openbmc/inventory/system/chassis/motherboard/bmc
Jul 21 11:14:28 witherspoon inventory_items.py[947]: Loading from cache: /var/cache/obmc/org.openbmc.inventory.system.chassis.motherboard.pcieclock@org.openbmc.InventoryItem.props
Jul 21 11:14:28 witherspoon systemd[1]: Started Phosphor Inventory Manager.
Jul 21 11:14:28 witherspoon inventory_items.py[947]: Running Inventory Manager
Jul 21 11:14:28 witherspoon avahi-daemon[973]: Service name conflict for "sftp" (/services/sftp.service), retrying with "sftp #5".
Jul 21 11:14:29 witherspoon avahi-daemon[973]: Service name conflict for "obmc_console" (/services/obmc_console.service), retrying with "obmc_console #5".
Jul 21 11:14:29 witherspoon avahi-daemon[973]: Service name conflict for "phosphor_rest" (/services/phosphor_rest.service), retrying with "phosphor_rest #5".
Jul 21 11:14:29 witherspoon sensor_manager2.py[967]: Setting boot count to 3
Jul 21 11:14:29 witherspoon systemd[1]: Started Phosphor Sensor Manager.
Jul 21 11:14:29 witherspoon sensor_manager2.py[967]: Starting sensor manager
Jul 21 11:14:29 witherspoon avahi-daemon[1016]: ../../avahi-0.6.32/avahi-daemon/chroot.c: open() failed: No such file or directory
Jul 21 11:14:29 witherspoon avahi-daemon[973]: Failed to open /usr/share/dbus-1/interfaces/org.freedesktop.Avahi.Server.xml: Invalid argument
Jul 21 11:14:29 witherspoon avahi-daemon[973]: Failed to load introspection data.
Jul 21 11:14:30 witherspoon avahi-daemon[973]: Service name conflict for "sftp" (/services/sftp.service), retrying with "sftp #6".
Jul 21 11:14:30 witherspoon avahi-daemon[973]: Service name conflict for "obmc_console" (/services/obmc_console.service), retrying with "obmc_console #6".
Jul 21 11:14:30 witherspoon avahi-daemon[973]: Service name conflict for "phosphor_rest" (/services/phosphor_rest.service), retrying with "phosphor_rest #6".
Jul 21 11:14:30 witherspoon systemd[1]: Started Phosphor User Manager.
Jul 21 11:14:30 witherspoon obmc-phosphor-userd[977]: Started
Jul 21 11:14:30 witherspoon avahi-daemon[973]: Service name conflict for "phosphor_rest" (/services/phosphor_rest.service), retrying with "phosphor_rest #7".
Jul 21 11:14:30 witherspoon avahi-daemon[973]: Service name conflict for "sftp" (/services/sftp.service), retrying with "sftp #7".
Jul 21 11:14:30 witherspoon avahi-daemon[973]: Service name conflict for "obmc_console" (/services/obmc_console.service), retrying with "obmc_console #7".
Jul 21 11:14:31 witherspoon avahi-daemon[973]: Service name conflict for "obmc_console" (/services/obmc_console.service), retrying with "obmc_console #8".
Jul 21 11:14:31 witherspoon avahi-daemon[973]: Service name conflict for "phosphor_rest" (/services/phosphor_rest.service), retrying with "phosphor_rest #8".
Jul 21 11:14:31 witherspoon avahi-daemon[973]: Service name conflict for "sftp" (/services/sftp.service), retrying with "sftp #8".
Jul 21 11:14:32 witherspoon avahi-daemon[973]: Service name conflict for "phosphor_rest" (/services/phosphor_rest.service), retrying with "phosphor_rest #9".
Jul 21 11:14:32 witherspoon avahi-daemon[973]: Service name conflict for "sftp" (/services/sftp.service), retrying with "sftp #9".
Jul 21 11:14:32 witherspoon avahi-daemon[973]: Service name conflict for "obmc_console" (/services/obmc_console.service), retrying with "obmc_console #9".
Jul 21 11:14:34 witherspoon avahi-daemon[973]: Service name conflict for "phosphor_rest" (/services/phosphor_rest.service), retrying with "phosphor_rest #10".
Jul 21 11:14:34 witherspoon avahi-daemon[973]: Service name conflict for "sftp" (/services/sftp.service), retrying with "sftp #10".
Jul 21 11:14:34 witherspoon systemd[1]: Started Phosphor Network Manager.
Jul 21 11:14:34 witherspoon netman.py[974]: Started
Jul 21 11:14:34 witherspoon avahi-daemon[973]: Service "obmc_console #9" (/services/obmc_console.service) successfully established.
Jul 21 11:14:35 witherspoon avahi-daemon[973]: Service name conflict for "sftp" (/services/sftp.service), retrying with "sftp #11".
Jul 21 11:14:36 witherspoon avahi-daemon[973]: Service "phosphor_rest #10" (/services/phosphor_rest.service) successfully established.
Jul 21 11:14:36 witherspoon avahi-daemon[973]: Service name conflict for "sftp" (/services/sftp.service), retrying with "sftp #12".
Jul 21 11:14:37 witherspoon avahi-daemon[973]: Service name conflict for "sftp" (/services/sftp.service), retrying with "sftp #13".
Jul 21 11:14:38 witherspoon avahi-daemon[973]: Service name conflict for "sftp" (/services/sftp.service), retrying with "sftp #14".
Jul 21 11:14:39 witherspoon phosphor-mapper[957]: ObjectMapper discovery complete
Jul 21 11:14:39 witherspoon systemd[1]: Started Phosphor DBus Service Discovery Manager.
Jul 21 11:14:39 witherspoon systemd[1]: Started Phosphor Hwmon Poller.
Jul 21 11:14:39 witherspoon systemd[1]: Started Phosphor Hwmon Poller.
Jul 21 11:14:39 witherspoon systemd[1]: Started Phosphor Hwmon Poller.
Jul 21 11:14:39 witherspoon systemd[1]: Started Phosphor Hwmon Poller.
Jul 21 11:14:39 witherspoon systemd[1]: Reached target Phosphor Object Mapper.
Jul 21 11:14:39 witherspoon systemd[1]: Starting Wait for /org/openbmc/managers/Download...
Jul 21 11:14:39 witherspoon systemd[1]: Starting Wait for /xyz/openbmc_project/state/host0...
Jul 21 11:14:39 witherspoon systemd[1]: Starting Wait for /xyz/openbmc_project/inventory...
Jul 21 11:14:39 witherspoon systemd[1]: Starting Wait for /org/openbmc/managers/System...
Jul 21 11:14:39 witherspoon systemd[1]: Starting Wait for /xyz/openbmc_project/control/host0/power_restore_policy...
Jul 21 11:14:39 witherspoon systemd[1]: Starting Wait for /xyz/openbmc_project/led/groups/bmc_booted...
Jul 21 11:14:39 witherspoon systemd[1]: Starting Phosphor Settings Manager...
Jul 21 11:14:39 witherspoon systemd[1]: Starting Wait for /xyz/openbmc_project/control/host0/restriction_mode...
Jul 21 11:14:39 witherspoon systemd[1]: Starting Wait for /xyz/openbmc_project/control/host0...
Jul 21 11:14:39 witherspoon systemd[1]: Starting Wait for /xyz/openbmc_project/control/host0/auto_reboot...
Jul 21 11:14:39 witherspoon systemd[1]: Starting Wait for /xyz/openbmc_project/control/host0/boot_source...
Jul 21 11:14:39 witherspoon systemd[1]: Started Phosphor DBus Monitor.
Jul 21 11:14:39 witherspoon systemd[1]: Starting Wait for /org/openbmc/control/flash/bios...
Jul 21 11:14:39 witherspoon systemd[1]: Starting Phoshpor System Manager...
Jul 21 11:14:39 witherspoon systemd[1]: Starting Wait for /xyz/openbmc_project/state/chassis0...
Jul 21 11:14:39 witherspoon systemd[1]: Reached target Webserver (pre).
Jul 21 11:14:39 witherspoon systemd[1]: Started Phosphor Webserver.
Jul 21 11:14:39 witherspoon systemd[1]: Starting Phosphor Network Manager...
Jul 21 11:14:39 witherspoon systemd[1]: Starting Wait for /org/openbmc/control/bmc0...
Jul 21 11:14:39 witherspoon systemd[1]: Starting Wait for /org/openbmc/NetworkManager/Interface...
Jul 21 11:14:39 witherspoon systemd[1]: Starting Wait for /xyz/openbmc_project/control/host0/boot_mode...
Jul 21 11:14:39 witherspoon systemd[1]: Starting Wait for /xyz/openbmc_project/time/owner...
Jul 21 11:14:39 witherspoon systemd[1]: Starting Wait for /xyz/openbmc_project/led/groups...
Jul 21 11:14:39 witherspoon systemd[1]: Starting Wait for /org/openbmc/control/power0...
Jul 21 11:14:39 witherspoon systemd[1]: Starting Wait for /xyz/openbmc_project/time/sync_method...
Jul 21 11:14:39 witherspoon systemd[1]: Started Phosphor Hwmon Poller.
Jul 21 11:14:39 witherspoon systemd[1]: Started Phosphor Hwmon Poller.
Jul 21 11:14:39 witherspoon avahi-daemon[973]: Service name conflict for "sftp" (/services/sftp.service), retrying with "sftp #15".
Jul 21 11:14:44 witherspoon systemd[1]: Started Wait for /org/openbmc/managers/Download.
Jul 21 11:14:44 witherspoon systemd[1]: Starting Phosphor BIOS Code Update...
Jul 21 11:14:44 witherspoon systemd[1]: Started Wait for /xyz/openbmc_project/time/sync_method.
Jul 21 11:14:44 witherspoon systemd[1]: Started Wait for /xyz/openbmc_project/inventory.
Jul 21 11:14:44 witherspoon systemd[1]: Started Phosphor GPIO 0 Presence.
Jul 21 11:14:45 witherspoon systemd[1]: Started Phosphor Cooling Type.
Jul 21 11:14:45 witherspoon systemd[1]: Started Phosphor GPIO 1 Presence.
Jul 21 11:14:45 witherspoon systemd[1]: Starting OpenPOWER OCC controller...
Jul 21 11:14:45 witherspoon systemd[1]: Starting Read OpenPOWER-format VPD from EEPROM...
Jul 21 11:14:45 witherspoon systemd[1]: Started Wait for /xyz/openbmc_project/control/host0/power_restore_policy.
Jul 21 11:14:45 witherspoon systemd[1]: Started Wait for /xyz/openbmc_project/led/groups/bmc_booted.
Jul 21 11:14:45 witherspoon systemd[1]: Started Wait for /xyz/openbmc_project/control/host0/restriction_mode.
Jul 21 11:14:45 witherspoon systemd[1]: Started Wait for /xyz/openbmc_project/control/host0/auto_reboot.
Jul 21 11:14:45 witherspoon systemd[1]: Started Wait for /xyz/openbmc_project/control/host0/boot_source.
Jul 21 11:14:45 witherspoon systemd[1]: Started Wait for /org/openbmc/control/bmc0.
Jul 21 11:14:45 witherspoon systemd[1]: Started Wait for /org/openbmc/NetworkManager/Interface.
Jul 21 11:14:45 witherspoon systemd[1]: Started Wait for /xyz/openbmc_project/time/owner.
Jul 21 11:14:45 witherspoon systemd[1]: Started Phosphor DNS Settings Cache Manager.
Jul 21 11:14:45 witherspoon systemd[1]: Starting Phosphor BMC Code Update...
Jul 21 11:14:45 witherspoon systemd[1]: Started Phosphor BIOS Code Update.
Jul 21 11:14:46 witherspoon systemd[1]: Started Wait for /xyz/openbmc_project/control/host0/boot_mode.
Jul 21 11:14:46 witherspoon phosphor-gpio-presence[1093]: Updating inventory present property
Jul 21 11:14:46 witherspoon phosphor-gpio-presence[1081]: Updating inventory present property
Jul 21 11:14:48 witherspoon phosphor-network-manager[1064]: ConfigParser: Section not found
Jul 21 11:14:48 witherspoon phosphor-network-manager[1064]: The operation failed internally.
Jul 21 11:14:48 witherspoon phosphor-network-manager[1064]: ConfigParser: Section not found
Jul 21 11:14:48 witherspoon phosphor-network-manager[1064]: The operation failed internally.
Jul 21 11:14:48 witherspoon phosphor-network-manager[1064]: ConfigParser: Key not found
Jul 21 11:14:48 witherspoon phosphor-network-manager[1064]: The operation failed internally.
Jul 21 11:14:49 witherspoon systemd[1]: Started Wait for /xyz/openbmc_project/led/groups.
Jul 21 11:14:49 witherspoon systemd[1]: Started FRU Fault monitor service.
Jul 21 11:14:49 witherspoon system_manager.py[1061]: Running System State: BASE_APPS
Jul 21 11:14:49 witherspoon system_manager.py[1061]: SystemManager Init Done
Jul 21 11:14:49 witherspoon system_manager.py[1061]: Running SystemManager
Jul 21 11:14:50 witherspoon systemd[1]: Started Phoshpor System Manager.
Jul 21 11:14:52 witherspoon systemd[1]: Started OpenPOWER OCC controller.
Jul 21 11:14:54 witherspoon phosphor-log-manager[953]: Failed to find metadata
Jul 21 11:14:54 witherspoon phosphor-fru-fault-monitor[1099]: /xyz/openbmc_project/logging/entry/1
Jul 21 11:14:54 witherspoon dbus[954]: [system] Activating via systemd: service name='org.freedesktop.hostname1' unit='dbus-org.freedesktop.hostname1.service'
Jul 21 11:14:55 witherspoon systemd[1]: Starting Hostname Service...
Jul 21 11:14:56 witherspoon dbus[954]: [system] Successfully activated service 'org.freedesktop.hostname1'
Jul 21 11:14:56 witherspoon systemd[1]: Started Hostname Service.
Jul 21 11:14:56 witherspoon systemd[1]: Started Phosphor Network Manager.
Jul 21 11:14:56 witherspoon system_manager.py[1061]: SystemManager Goto System State: BMC_STARTING
Jul 21 11:14:56 witherspoon system_manager.py[1061]: Running System State: BMC_STARTING
Jul 21 11:14:58 witherspoon systemd[1]: Started Read OpenPOWER-format VPD from EEPROM.
Jul 21 11:14:59 witherspoon avahi-daemon[973]: Service name conflict for "sftp" (/services/sftp.service), retrying with "sftp #16".
Jul 21 11:15:00 witherspoon systemd[1]: Started Phosphor BMC Code Update.
Jul 21 11:15:00 witherspoon bmc_update.py[1097]: Running Bmc Flash Control
Jul 21 11:15:02 witherspoon settings_manager.py[1054]: Running HostSettingsService
Jul 21 11:15:02 witherspoon systemd[1]: Started Phosphor Settings Manager.
Jul 21 11:15:02 witherspoon systemd[1]: Starting Wait for /org/openbmc/settings/host0...
Jul 21 11:15:06 witherspoon systemd[1]: Started Wait for /org/openbmc/control/flash/bios.
Jul 21 11:15:06 witherspoon systemd[1]: Started Initialize BIOS Flash.
Jul 21 11:15:10 witherspoon systemd[1]: Started Wait for /org/openbmc/managers/System.
Jul 21 11:15:10 witherspoon systemd[1]: Starting Phosphor Power0 Control...
Jul 21 11:15:10 witherspoon systemd[1]: Starting Phosphor BMC State Manager...
Jul 21 11:15:10 witherspoon systemd[1]: Starting Phosphor Reset Button0...
Jul 21 11:15:10 witherspoon systemd[1]: Starting Phosphor Host State Manager...
Jul 21 11:15:10 witherspoon systemd[1]: Starting Phosphor Chassis State Manager...
Jul 21 11:15:10 witherspoon systemd[1]: Starting Phosphor Power Button0...
Jul 21 11:15:11 witherspoon system_manager.py[1061]: New object: /org/openbmc/control/power0 (:1.85)
Jul 21 11:15:11 witherspoon flash_bios.exe[1074]: Starting flasher: bios,,/org/openbmc/control/flash/bios,
Jul 21 11:15:11 witherspoon flash_bios.exe[1074]: flasher: , BMC = 1, address = 0x0
Jul 21 11:15:11 witherspoon flash_bios.exe[1074]: Setting up flash
Jul 21 11:15:11 witherspoon phosphor-chassis-state-manager[1118]: Initial Chassis State will be Off
Jul 21 11:15:11 witherspoon systemd[1]: Started Phosphor Chassis State Manager.
Jul 21 11:15:12 witherspoon system_manager.py[1061]: Power GPIO config: ['SYS_PWROK_BUFF', '', [('SOFTWARE_PGOOD', True), ('BMC_POWER_UP', True)], [('BMC_CP0_RESET_N', False)], [], 'FSI_DATA', 'FSI_CLK', 'FSI_ENABLE', 'CRONUS_SEL', []]
Jul 21 11:15:12 witherspoon button_power.exe[1119]: GPIO Lookup:  POWER_BUTTON = 347,both
Jul 21 11:15:12 witherspoon power_control.exe[1114]: Power GPIO latch output:
Jul 21 11:15:12 witherspoon power_control.exe[1114]: Power GPIO power good input: SYS_PWROK_BUFF
Jul 21 11:15:12 witherspoon power_control.exe[1114]: Power GPIO 2 power_up outputs
Jul 21 11:15:12 witherspoon power_control.exe[1114]: Power GPIO power_up[0] = SOFTWARE_PGOOD active HIGH
Jul 21 11:15:12 witherspoon power_control.exe[1114]: Power GPIO power_up[1] = BMC_POWER_UP active HIGH
Jul 21 11:15:12 witherspoon power_control.exe[1114]: Power GPIO 1 reset outputs
Jul 21 11:15:12 witherspoon power_control.exe[1114]: Power GPIO reset[0] = BMC_CP0_RESET_N active LOW
Jul 21 11:15:12 witherspoon power_control.exe[1114]: Power GPIO 0 pci reset outputs
Jul 21 11:15:12 witherspoon power_control.exe[1114]: FSI DATA GPIO: FSI_DATA
Jul 21 11:15:12 witherspoon power_control.exe[1114]: FSI CLK GPIO: FSI_CLK
Jul 21 11:15:12 witherspoon power_control.exe[1114]: FSI ENABLE GPIO: FSI_ENABLE
Jul 21 11:15:12 witherspoon power_control.exe[1114]: CRONUS SEL GPIO: CRONUS_SEL
Jul 21 11:15:12 witherspoon power_control.exe[1114]: Hostctl GPIO optionals: 0
Jul 21 11:15:12 witherspoon systemd[1]: Started Phosphor Power Button0.
Jul 21 11:15:12 witherspoon button_reset.exe[1116]: GPIO Lookup:  RESET_BUTTON = 353,both
Jul 21 11:15:12 witherspoon systemd[1]: Started Phosphor Reset Button0.
Jul 21 11:15:12 witherspoon power_control.exe[1114]: GPIO Lookup:  SYS_PWROK_BUFF = 306,in
Jul 21 11:15:12 witherspoon flash_bios.exe[1074]: Starting flasher: bios,,/org/openbmc/control/flash/bios,
Jul 21 11:15:12 witherspoon flash_bios.exe[1074]: flasher: , BMC = 1, address = 0x0
Jul 21 11:15:12 witherspoon flash_bios.exe[1074]: Setting up flash
Jul 21 11:15:12 witherspoon power_control.exe[1114]: GPIO Lookup:  SOFTWARE_PGOOD = 417,out
Jul 21 11:15:12 witherspoon power_control.exe[1114]: GPIO Lookup:  BMC_POWER_UP = 305,out
Jul 21 11:15:12 witherspoon phosphor-bmc-state-manager[1115]: Setting the BMCState field
Jul 21 11:15:12 witherspoon phosphor-bmc-state-manager[1115]: Setting the BMCState field
Jul 21 11:15:12 witherspoon systemd[1]: Started Phosphor BMC State Manager.
Jul 21 11:15:12 witherspoon power_control.exe[1114]: GPIO Lookup:  BMC_CP0_RESET_N = 281,out
Jul 21 11:15:13 witherspoon power_control.exe[1114]: Pgood state: 0
Jul 21 11:15:12 witherspoon systemd[1]: Started Phosphor Power0 Control.
Jul 21 11:15:13 witherspoon phosphor-host-state-manager[1117]: Initial Host State will be Off
Jul 21 11:15:13 witherspoon systemd[1]: Started Wait for /org/openbmc/settings/host0.
Jul 21 11:15:13 witherspoon systemd[1]: Started Phosphor Inband IPMI.
Jul 21 11:15:15 witherspoon systemd[1]: Started Phosphor Host State Manager.
Jul 21 11:15:15 witherspoon phosphor-gevent[1063]: Traceback (most recent call last):
Jul 21 11:15:15 witherspoon phosphor-gevent[1063]:   File "/usr/lib/python2.7/site-packages/gevent/greenlet.py", line 327, in run
Jul 21 11:15:15 witherspoon phosphor-gevent[1063]:     result = self._run(*self.args, **self.kwargs)
Jul 21 11:15:15 witherspoon phosphor-gevent[1063]:   File "/usr/lib/python2.7/site-packages/gevent/server.py", line 102, in wrap_socket_and_handle
Jul 21 11:15:15 witherspoon phosphor-gevent[1063]:     ssl_socket = self.wrap_socket(client_socket, **self.ssl_args)
Jul 21 11:15:15 witherspoon phosphor-gevent[1063]:   File "/usr/lib/python2.7/site-packages/gevent/ssl.py", line 404, in wrap_socket
Jul 21 11:15:15 witherspoon phosphor-gevent[1063]:     ciphers=ciphers)
Jul 21 11:15:15 witherspoon phosphor-gevent[1063]:   File "/usr/lib/python2.7/site-packages/gevent/ssl.py", line 113, in __init__
Jul 21 11:15:15 witherspoon phosphor-gevent[1063]:     self.do_handshake()
Jul 21 11:15:15 witherspoon phosphor-gevent[1063]:   File "/usr/lib/python2.7/site-packages/gevent/ssl.py", line 324, in do_handshake
Jul 21 11:15:15 witherspoon phosphor-gevent[1063]:     return self._sslobj.do_handshake()
Jul 21 11:15:15 witherspoon phosphor-gevent[1063]: SSLEOFError: EOF occurred in violation of protocol (_ssl.c:590)
Jul 21 11:15:15 witherspoon phosphor-gevent[1063]: <Greenlet at 0x75fdb3f0: <bound method WSGIServer.wrap_socket_and_handle of <WSGIServer at 0x75fb1b50 fileno=5 address=('::3452:ec76:b02d:6276%1986145696', 443, 0, 1986145696)>>(<socket at 0x75e88830 fileno=9>, ('::8039:6076:8e91:f402%1995127580', 38292, 0, 199)> failed with SSLEOFError
Jul 21 11:15:15 witherspoon phosphor-gevent[1063]: Traceback (most recent call last):
Jul 21 11:15:15 witherspoon phosphor-gevent[1063]:   File "/usr/lib/python2.7/site-packages/gevent/greenlet.py", line 327, in run
Jul 21 11:15:15 witherspoon phosphor-gevent[1063]:     result = self._run(*self.args, **self.kwargs)
Jul 21 11:15:15 witherspoon phosphor-gevent[1063]:   File "/usr/lib/python2.7/site-packages/gevent/server.py", line 102, in wrap_socket_and_handle
Jul 21 11:15:15 witherspoon phosphor-gevent[1063]:     ssl_socket = self.wrap_socket(client_socket, **self.ssl_args)
Jul 21 11:15:15 witherspoon phosphor-gevent[1063]:   File "/usr/lib/python2.7/site-packages/gevent/ssl.py", line 404, in wrap_socket
Jul 21 11:15:15 witherspoon phosphor-gevent[1063]:     ciphers=ciphers)
Jul 21 11:15:15 witherspoon phosphor-gevent[1063]:   File "/usr/lib/python2.7/site-packages/gevent/ssl.py", line 113, in __init__
Jul 21 11:15:15 witherspoon phosphor-gevent[1063]:     self.do_handshake()
Jul 21 11:15:16 witherspoon phosphor-gevent[1063]:   File "/usr/lib/python2.7/site-packages/gevent/ssl.py", line 324, in do_handshake
Jul 21 11:15:16 witherspoon phosphor-gevent[1063]:     return self._sslobj.do_handshake()
Jul 21 11:15:16 witherspoon phosphor-gevent[1063]: SSLEOFError: EOF occurred in violation of protocol (_ssl.c:590)
Jul 21 11:15:16 witherspoon phosphor-gevent[1063]: <Greenlet at 0x75fdb6c0: <bound method WSGIServer.wrap_socket_and_handle of <WSGIServer at 0x75fb1b50 fileno=5 address=('::3452:ec76:b02d:6276%1986145696', 443, 0, 1986145696)>>(<socket at 0x75e887d0 fileno=10>, ('::8039:6076:8e91:f402%1995127580', 38300, 0, 199)> failed with SSLEOFError
Jul 21 11:15:16 witherspoon phosphor-gevent[1063]: Traceback (most recent call last):
Jul 21 11:15:16 witherspoon phosphor-gevent[1063]:   File "/usr/lib/python2.7/site-packages/gevent/greenlet.py", line 327, in run
Jul 21 11:15:16 witherspoon phosphor-gevent[1063]:     result = self._run(*self.args, **self.kwargs)
Jul 21 11:15:16 witherspoon phosphor-gevent[1063]:   File "/usr/lib/python2.7/site-packages/gevent/server.py", line 102, in wrap_socket_and_handle
Jul 21 11:15:16 witherspoon phosphor-gevent[1063]:     ssl_socket = self.wrap_socket(client_socket, **self.ssl_args)
Jul 21 11:15:16 witherspoon phosphor-gevent[1063]:   File "/usr/lib/python2.7/site-packages/gevent/ssl.py", line 404, in wrap_socket
Jul 21 11:15:16 witherspoon phosphor-gevent[1063]:     ciphers=ciphers)
Jul 21 11:15:16 witherspoon phosphor-gevent[1063]:   File "/usr/lib/python2.7/site-packages/gevent/ssl.py", line 113, in __init__
Jul 21 11:15:16 witherspoon phosphor-gevent[1063]:     self.do_handshake()
Jul 21 11:15:16 witherspoon phosphor-gevent[1063]:   File "/usr/lib/python2.7/site-packages/gevent/ssl.py", line 324, in do_handshake
Jul 21 11:15:16 witherspoon phosphor-gevent[1063]:     return self._sslobj.do_handshake()
Jul 21 11:15:16 witherspoon phosphor-gevent[1063]: SSLEOFError: EOF occurred in violation of protocol (_ssl.c:590)
Jul 21 11:15:16 witherspoon phosphor-gevent[1063]: <Greenlet at 0x75fdb3a0: <bound method WSGIServer.wrap_socket_and_handle of <WSGIServer at 0x75fb1b50 fileno=5 address=('::3452:ec76:b02d:6276%1986145696', 443, 0, 1986145696)>>(<socket at 0x75e88870 fileno=11>, ('::8039:6076:8e91:f402%1995127580', 38308, 0, 199)> failed with SSLEOFError
Jul 21 11:15:19 witherspoon systemd[1]: Started Wait for /org/openbmc/control/power0.
Jul 21 11:15:19 witherspoon systemd[1]: Started Wait for /xyz/openbmc_project/state/chassis0.
Jul 21 11:15:19 witherspoon systemd[1]: Starting Phosphor Time Manager daemon...
Jul 21 11:15:19 witherspoon systemd[1]: Starting Check Chassis0 pgood and create a file to indicate it...
Jul 21 11:15:19 witherspoon avahi-daemon[973]: Service name conflict for "sftp" (/services/sftp.service), retrying with "sftp #17".
Jul 21 11:15:19 witherspoon system_manager.py[1061]: SystemManager Goto System State: BMC_READY
Jul 21 11:15:19 witherspoon system_manager.py[1061]: Running System State: BMC_READY
Jul 21 11:15:20 witherspoon timemanager[1150]: Registering dbus methods
Jul 21 11:15:20 witherspoon timemanager[1150]: Last known time_mode: NTP
Jul 21 11:15:20 witherspoon timemanager[1150]: Last known time_owner: BMC
Jul 21 11:15:20 witherspoon timemanager[1150]: Empty DhcpNtp string
Jul 21 11:15:20 witherspoon timemanager[1150]: Reading Power Control key: pgood
Jul 21 11:15:20 witherspoon timemanager[1150]: Changing settings *allowed* now
Jul 21 11:15:20 witherspoon systemd[1]: Started Wait for /xyz/openbmc_project/state/host0.
Jul 21 11:15:20 witherspoon systemd[1]: Starting Reboot If Enabled...
Jul 21 11:15:21 witherspoon timemanager[1150]: Owner is already set to : BMC
Jul 21 11:15:21 witherspoon systemd[1]: Started Check Chassis0 pgood and create a file to indicate it.
Jul 21 11:15:21 witherspoon systemd[1]: Reached target Chassis0 power on after reset.
Jul 21 11:15:21 witherspoon timemanager[1150]: Requested_Mode: NTP Current_Mode: NTP
Jul 21 11:15:21 witherspoon timemanager[1150]: Mode is already set to : NTP
Jul 21 11:15:21 witherspoon timemanager[1150]: Getting System Settings: use_dhcp_ntp
Jul 21 11:15:21 witherspoon timemanager[1150]: use_dhcp_ntp = yes
Jul 21 11:15:21 witherspoon timemanager[1150]: Last known host_offset:0
Jul 21 11:15:21 witherspoon timemanager[1150]: Initial Uptime Usec: 1500635602915691
Jul 21 11:15:21 witherspoon systemd[1]: Reached target Chassis0 (Reset Check).
Jul 21 11:15:21 witherspoon systemd[1]: Started Phosphor Time Manager daemon.
Jul 21 11:15:22 witherspoon systemd[1]: Started Wait for /xyz/openbmc_project/control/host0.
Jul 21 11:15:22 witherspoon systemd[1]: Reached target Host0 running after reset.
Jul 21 11:15:22 witherspoon systemd[1]: Reached target Host0 (Reset Check).
Jul 21 11:15:22 witherspoon phosphor-discover-system-state[1159]: Host power is off, checking power policy
Jul 21 11:15:22 witherspoon systemd[1]: Started Reboot If Enabled.
Jul 21 11:15:22 witherspoon systemd[1]: Reached target Phosphor System - Standby.
Jul 21 11:15:22 witherspoon systemd[1]: Starting Assert bmc_booted LED...
Jul 21 11:15:22 witherspoon phosphor-bmc-state-manager[1115]: BMC_READY
Jul 21 11:15:22 witherspoon phosphor-bmc-state-manager[1115]: Setting the BMCState field
Jul 21 11:15:23 witherspoon systemd[1]: Started Assert bmc_booted LED.
Jul 21 11:15:23 witherspoon systemd[1]: Startup finished in 8.830s (kernel) + 1min 51.435s (userspace) = 2min 266ms.
Jul 21 11:15:32 witherspoon phosphor-gevent[1063]: ::8039:6076:8e91:f402%1995127580 - - [2017-07-21 11:15:32] "POST /login HTTP/1.1" 200 320 0.062829
Jul 21 11:15:32 witherspoon phosphor-gevent[1063]: ::8039:6076:8e91:f402%1995127580 - - [2017-07-21 11:15:32] "GET /xyz/openbmc_project/state/chassis0//attr/CurrentPowerState HTTP/1.1" 200 216 0.081499
Jul 21 11:15:32 witherspoon phosphor-gevent[1063]: ::8039:6076:8e91:f402%1995127580 - - [2017-07-21 11:15:32] "POST /login HTTP/1.1" 200 320 0.033319
Jul 21 11:15:32 witherspoon phosphor-gevent[1063]: ::8039:6076:8e91:f402%1995127580 - - [2017-07-21 11:15:32] "GET /xyz/openbmc_project/state/chassis0//attr/CurrentPowerState HTTP/1.1" 200 216 0.049380
Jul 21 11:15:32 witherspoon phosphor-gevent[1063]: ::8039:6076:8e91:f402%1995127580 - - [2017-07-21 11:15:32] "POST /login HTTP/1.1" 200 320 0.052723
Jul 21 11:15:32 witherspoon phosphor-gevent[1063]: ::8039:6076:8e91:f402%1995127580 - - [2017-07-21 11:15:32] "GET /org/openbmc/sensors/host/BootProgress/attr/value HTTP/1.1" 200 170 0.053177
Jul 21 11:15:33 witherspoon phosphor-gevent[1063]: ::8039:6076:8e91:f402%1995127580 - - [2017-07-21 11:15:33] "POST /login HTTP/1.1" 200 320 0.103915
Jul 21 11:15:34 witherspoon phosphor-gevent[1063]: ::8039:6076:8e91:f402%1995127580 - - [2017-07-21 11:15:34] "GET /xyz/openbmc_project/state/host0//attr/CurrentHostState HTTP/1.1" 200 212 0.745925
Jul 21 11:15:34 witherspoon phosphor-gevent[1063]: ::8039:6076:8e91:f402%1995127580 - - [2017-07-21 11:15:34] "POST /login HTTP/1.1" 200 320 0.041468
Jul 21 11:15:34 witherspoon phosphor-gevent[1063]: ::8039:6076:8e91:f402%1995127580 - - [2017-07-21 11:15:34] "GET /xyz/openbmc_project/logging/entry//list HTTP/1.1" 200 214 0.046250
Jul 21 11:15:34 witherspoon phosphor-gevent[1063]: ::8039:6076:8e91:f402%1995127580 - - [2017-07-21 11:15:34] "POST /login HTTP/1.1" 200 320 0.033713
Jul 21 11:15:34 witherspoon phosphor-gevent[1063]: ::8039:6076:8e91:f402%1995127580 - - [2017-07-21 11:15:34] "GET /xyz/openbmc_project/logging/entry//list HTTP/1.1" 200 214 0.038921
Jul 21 11:15:34 witherspoon phosphor-gevent[1063]: ::8039:6076:8e91:f402%1995127580 - - [2017-07-21 11:15:34] "POST /login HTTP/1.1" 200 320 0.033624
Jul 21 11:15:35 witherspoon phosphor-gevent[1063]: ::8039:6076:8e91:f402%1995127580 - - [2017-07-21 11:15:35] "DELETE /xyz/openbmc_project/logging/entry/1 HTTP/1.1" 200 169 0.063954
Jul 21 11:15:35 witherspoon systemd[1]: Started SSH Per-Connection Server (9.41.165.94:50492).
Jul 21 11:15:35 witherspoon dropbear[1172]: Failed loading /etc/dropbear/dropbear_dss_host_key
Jul 21 11:15:35 witherspoon dropbear[1172]: Failed loading /etc/dropbear/dropbear_ecdsa_host_key
Jul 21 11:15:35 witherspoon dropbear[1172]: Child connection from ::ffff:9.41.165.94:50492
Jul 21 11:15:35 witherspoon dropbear[1172]: pam_unix(dropbear:account): account root has password changed in future
Jul 21 11:15:35 witherspoon dropbear[1172]: PAM password auth succeeded for 'root' from ::ffff:9.41.165.94:50492
Jul 21 11:15:35 witherspoon dropbear[1173]: lastlog_perform_login: Couldn't stat /var/log/lastlog: No such file or directory
Jul 21 11:15:35 witherspoon dropbear[1173]: lastlog_openseek: /var/log/lastlog is not a file or directory!
Jul 21 11:15:37 witherspoon phosphor-gevent[1063]: ::8039:6076:8e91:f402%1995127580 - - [2017-07-21 11:15:37] "POST /login HTTP/1.1" 200 320 0.041126
Jul 21 11:15:37 witherspoon phosphor-gevent[1063]: ::8039:6076:8e91:f402%1995127580 - - [2017-07-21 11:15:37] "GET /xyz/openbmc_project/state/host0//attr/CurrentHostState HTTP/1.1" 200 212 0.076184
Jul 21 11:15:37 witherspoon dropbear[1025]: Exit (root): Exited normally
Jul 21 11:15:37 witherspoon dropbear[1172]: Exit (root): Exited normally
Jul 21 11:15:39 witherspoon avahi-daemon[973]: Service name conflict for "sftp" (/services/sftp.service), retrying with "sftp #18".
Jul 21 11:15:50 witherspoon phosphor-gevent[1063]: ::8039:6076:8e91:f402%1995127580 - - [2017-07-21 11:15:50] "POST /login HTTP/1.1" 200 320 0.033538
Jul 21 11:15:51 witherspoon phosphor-version-software-manager[1002]: tar: short read
Jul 21 11:15:51 witherspoon phosphor-version-software-manager[1002]: Error No manifest file
Jul 21 11:15:51 witherspoon phosphor-version-software-manager[1002]: An error when reading the Manifest file.
Jul 21 11:15:51 witherspoon phosphor-fru-fault-monitor[1099]: /xyz/openbmc_project/logging/entry/2
Jul 21 11:15:51 witherspoon phosphor-version-software-manager[1002]: Error processing image
Jul 21 11:15:57 witherspoon phosphor-gevent[1063]: ::8039:6076:8e91:f402%1995127580 - - [2017-07-21 11:15:57] "POST /upload/image HTTP/1.1" 200 169 6.654047
Jul 21 11:15:57 witherspoon phosphor-version-software-manager[1002]: Untaring
Jul 21 11:15:57 witherspoon systemd[1]: Started SSH Per-Connection Server (9.41.165.94:50498).
Jul 21 11:15:57 witherspoon dropbear[1187]: Failed loading /etc/dropbear/dropbear_dss_host_key
Jul 21 11:15:57 witherspoon dropbear[1187]: Failed loading /etc/dropbear/dropbear_ecdsa_host_key
Jul 21 11:15:57 witherspoon dropbear[1187]: Child connection from ::ffff:9.41.165.94:50498
Jul 21 11:15:57 witherspoon openpower-update-manager[998]: Error in reading file
Jul 21 11:15:58 witherspoon dropbear[1187]: pam_unix(dropbear:account): account root has password changed in future
Jul 21 11:15:58 witherspoon dropbear[1187]: PAM password auth succeeded for 'root' from ::ffff:9.41.165.94:50498
Jul 21 11:15:58 witherspoon dropbear[1188]: lastlog_perform_login: Couldn't stat /var/log/lastlog: No such file or directory
Jul 21 11:15:58 witherspoon dropbear[1188]: lastlog_openseek: /var/log/lastlog is not a file or directory!
Jul 21 11:15:59 witherspoon avahi-daemon[973]: Service name conflict for "sftp" (/services/sftp.service), retrying with "sftp #19".
Jul 21 11:15:59 witherspoon systemd[1]: Started SSH Per-Connection Server (9.41.165.94:50500).
Jul 21 11:15:59 witherspoon dropbear[1192]: Failed loading /etc/dropbear/dropbear_dss_host_key
Jul 21 11:15:59 witherspoon dropbear[1192]: Failed loading /etc/dropbear/dropbear_ecdsa_host_key
Jul 21 11:15:59 witherspoon dropbear[1192]: Child connection from ::ffff:9.41.165.94:50500
Jul 21 11:16:00 witherspoon dropbear[1192]: pam_unix(dropbear:account): account root has password changed in future
Jul 21 11:16:00 witherspoon dropbear[1192]: PAM password auth succeeded for 'root' from ::ffff:9.41.165.94:50500
Jul 21 11:16:00 witherspoon dropbear[1193]: lastlog_perform_login: Couldn't stat /var/log/lastlog: No such file or directory
Jul 21 11:16:00 witherspoon dropbear[1193]: lastlog_openseek: /var/log/lastlog is not a file or directory!
Jul 21 11:16:01 witherspoon systemd[1]: Started SSH Per-Connection Server (9.41.165.94:50502).
Jul 21 11:16:01 witherspoon dropbear[1199]: Failed loading /etc/dropbear/dropbear_dss_host_key
Jul 21 11:16:01 witherspoon dropbear[1199]: Failed loading /etc/dropbear/dropbear_ecdsa_host_key
Jul 21 11:16:01 witherspoon dropbear[1199]: Child connection from ::ffff:9.41.165.94:50502
Jul 21 11:16:02 witherspoon dropbear[1199]: pam_unix(dropbear:account): account root has password changed in future
Jul 21 11:16:02 witherspoon dropbear[1199]: PAM password auth succeeded for 'root' from ::ffff:9.41.165.94:50502
Jul 21 11:16:02 witherspoon dropbear[1200]: lastlog_perform_login: Couldn't stat /var/log/lastlog: No such file or directory
Jul 21 11:16:02 witherspoon dropbear[1200]: lastlog_openseek: /var/log/lastlog is not a file or directory!
Jul 21 11:16:03 witherspoon systemd[1]: Started SSH Per-Connection Server (9.41.165.94:50504).
Jul 21 11:16:03 witherspoon dropbear[1203]: Failed loading /etc/dropbear/dropbear_dss_host_key
Jul 21 11:16:03 witherspoon dropbear[1203]: Failed loading /etc/dropbear/dropbear_ecdsa_host_key
Jul 21 11:16:03 witherspoon dropbear[1203]: Child connection from ::ffff:9.41.165.94:50504
Jul 21 11:16:03 witherspoon dropbear[1203]: pam_unix(dropbear:account): account root has password changed in future
Jul 21 11:16:03 witherspoon dropbear[1203]: PAM password auth succeeded for 'root' from ::ffff:9.41.165.94:50504
Jul 21 11:16:04 witherspoon dropbear[1204]: lastlog_perform_login: Couldn't stat /var/log/lastlog: No such file or directory
Jul 21 11:16:04 witherspoon dropbear[1204]: lastlog_openseek: /var/log/lastlog is not a file or directory!
Jul 21 11:16:05 witherspoon phosphor-gevent[1063]: ::8039:6076:8e91:f402%1995127580 - - [2017-07-21 11:16:05] "POST /login HTTP/1.1" 200 320 0.043668
Jul 21 11:16:05 witherspoon phosphor-gevent[1063]: ::8039:6076:8e91:f402%1995127580 - - [2017-07-21 11:16:05] "GET /xyz/openbmc_project/software/e49bc78e/attr/Activation HTTP/1.1" 200 225 0.161940
Jul 21 11:16:05 witherspoon phosphor-gevent[1063]: ::8039:6076:8e91:f402%1995127580 - - [2017-07-21 11:16:05] "POST /login HTTP/1.1" 200 320 0.034011
Jul 21 11:16:05 witherspoon phosphor-gevent[1063]: ::8039:6076:8e91:f402%1995127580 - - [2017-07-21 11:16:05] "GET /xyz/openbmc_project/software/e49bc78e HTTP/1.1" 200 801 0.134789
Jul 21 11:16:06 witherspoon phosphor-gevent[1063]: ::8039:6076:8e91:f402%1995127580 - - [2017-07-21 11:16:06] "POST /login HTTP/1.1" 200 320 0.033272
Jul 21 11:16:06 witherspoon phosphor-gevent[1063]: ::8039:6076:8e91:f402%1995127580 - - [2017-07-21 11:16:06] "PUT /xyz/openbmc_project/software/e49bc78e/attr/RequestedActivation HTTP/1.1" 200 169 0.396572
Jul 21 11:16:06 witherspoon systemd[1]: Created slice system-obmc\x2dflash\x2dbios\x2dubimount.slice.
Jul 21 11:16:06 witherspoon systemd[1]: Created slice system-obmc\x2dflash\x2dbios\x2dsquashfsmount.slice.
Jul 21 11:16:06 witherspoon systemd[1]: Starting Attach the PNOR mtd device to UBI...
Jul 21 11:16:06 witherspoon obmc-flash-bios[1210]: ubiattach: error!: cannot attach mtd7
Jul 21 11:16:07 witherspoon obmc-flash-bios[1210]:            error 22 (Invalid argument)
Jul 21 11:16:07 witherspoon obmc-flash-bios[1210]: Starting ubiformat /dev/mtd7
Jul 21 11:16:07 witherspoon kernel: UBIFS error (pid: 1026): cannot open "ubi7:pnor-patch", error -19
Jul 21 11:16:07 witherspoon kernel: ubi7: default fastmap pool size: 100
Jul 21 11:16:07 witherspoon kernel: ubi7: default fastmap WL pool size: 50
Jul 21 11:16:07 witherspoon kernel: ubi7: attaching mtd7
Jul 21 11:16:07 witherspoon kernel: ubi7: scanning is finished
Jul 21 11:16:07 witherspoon kernel: ubi7 error: ubi_read_volume_table: the layout volume was not found
Jul 21 11:16:07 witherspoon kernel: ubi7 error: ubi_attach_mtd_dev: failed to attach mtd7, error -22
Jul 21 11:16:07 witherspoon phosphor-gevent[1063]: ::8039:6076:8e91:f402%1995127580 - - [2017-07-21 11:16:07] "POST /login HTTP/1.1" 200 320 0.241210
Jul 21 11:16:07 witherspoon kernel[962]: [   51.260000] UBIFS error (pid: 1026): cannot open "ubi7:pnor-patch", error -19
Jul 21 11:16:07 witherspoon kernel[962]: [  164.020000] ubi7: default fastmap pool size: 100
Jul 21 11:16:07 witherspoon kernel[962]: [  164.020000] ubi7: default fastmap WL pool size: 50
Jul 21 11:16:07 witherspoon kernel[962]: [  164.020000] ubi7: attaching mtd7
Jul 21 11:16:07 witherspoon kernel[962]: [  164.020000] ubi7: scanning is finished
Jul 21 11:16:07 witherspoon kernel[962]: [  164.020000] ubi7 error: ubi_read_volume_table: the layout volume was not found
Jul 21 11:16:07 witherspoon kernel[962]: [  164.020000] ubi7 error: ubi_attach_mtd_dev: failed to attach mtd7, error -22
Jul 21 11:16:07 witherspoon phosphor-gevent[1063]: ::8039:6076:8e91:f402%1995127580 - - [2017-07-21 11:16:07] "GET /xyz/openbmc_project/software/e49bc78e HTTP/1.1" 200 829 0.247366
Jul 21 11:16:07 witherspoon systemd[1]: Started SSH Per-Connection Server (9.41.165.94:50514).
Jul 21 11:16:07 witherspoon dropbear[1217]: Failed loading /etc/dropbear/dropbear_dss_host_key
Jul 21 11:16:07 witherspoon dropbear[1217]: Failed loading /etc/dropbear/dropbear_ecdsa_host_key
Jul 21 11:16:07 witherspoon dropbear[1217]: Child connection from ::ffff:9.41.165.94:50514
Jul 21 11:16:08 witherspoon dropbear[1217]: pam_unix(dropbear:account): account root has password changed in future
Jul 21 11:16:08 witherspoon dropbear[1217]: PAM password auth succeeded for 'root' from ::ffff:9.41.165.94:50514
Jul 21 11:16:08 witherspoon dropbear[1218]: lastlog_perform_login: Couldn't stat /var/log/lastlog: No such file or directory
