-- Logs begin at Fri 2017-07-07 21:07:20 UTC, end at Fri 2017-07-07 21:33:17 UTC. --
Jul 07 21:07:20 witherspoon kernel: Booting Linux on physical CPU 0x0
Jul 07 21:07:20 witherspoon kernel: Linux version 4.10.17-990f06c35b7e119f00967e90f0514dbbd2e1b51b (jenkins@openbmc-builder1) (gcc version 6.2.0 (GCC) ) #1 Fri Jul 7 18:09:56 UTC 2017
Jul 07 21:07:20 witherspoon kernel: CPU: ARMv6-compatible processor [410fb767] revision 7 (ARMv7), cr=00c5387d
Jul 07 21:07:20 witherspoon kernel: CPU: PIPT / VIPT nonaliasing data cache, VIPT nonaliasing instruction cache
Jul 07 21:07:20 witherspoon kernel: OF: fdt:Machine model: Witherspoon BMC
Jul 07 21:07:20 witherspoon kernel: Memory policy: Data cache writeback
Jul 07 21:07:20 witherspoon kernel: SOC Rev: 04030303
Jul 07 21:07:20 witherspoon kernel: On node 0 totalpages: 110592
Jul 07 21:07:20 witherspoon kernel: free_area_init_node: node 0, pgdat 805f33fc, node_mem_map 9ec1a000
Jul 07 21:07:20 witherspoon kernel:   Normal zone: 992 pages used for memmap
Jul 07 21:07:20 witherspoon kernel:   Normal zone: 0 pages reserved
Jul 07 21:07:20 witherspoon kernel:   Normal zone: 110592 pages, LIFO batch:31
Jul 07 21:07:20 witherspoon kernel: pcpu-alloc: s0 r0 d32768 u32768 alloc=1*32768
Jul 07 21:07:20 witherspoon kernel: pcpu-alloc: [0] 0 
Jul 07 21:07:20 witherspoon kernel: Built 1 zonelists in Zone order, mobility grouping on.  Total pages: 109600
Jul 07 21:07:20 witherspoon kernel: Kernel command line: console=ttyS4,115200n8 root=/dev/ram rw
Jul 07 21:07:20 witherspoon kernel: PID hash table entries: 2048 (order: 1, 8192 bytes)
Jul 07 21:07:20 witherspoon kernel: Dentry cache hash table entries: 65536 (order: 6, 262144 bytes)
Jul 07 21:07:20 witherspoon kernel: Inode-cache hash table entries: 32768 (order: 5, 131072 bytes)
Jul 07 21:07:20 witherspoon kernel: Memory: 430508K/442368K available (4048K kernel code, 280K rwdata, 1172K rodata, 276K init, 111K bss, 11860K reserved, 0K cma-reserved)
Jul 07 21:07:20 witherspoon kernel: Virtual kernel memory layout:
                                        vector  : 0xffff0000 - 0xffff1000   (   4 kB)
                                        fixmap  : 0xffc00000 - 0xfff00000   (3072 kB)
                                        vmalloc : 0x9f800000 - 0xff800000   (1536 MB)
                                        lowmem  : 0x80000000 - 0x9f000000   ( 496 MB)
                                          .text : 0x80008000 - 0x803fc590   (4050 kB)
                                          .init : 0x8057b000 - 0x805c0000   ( 276 kB)
                                          .data : 0x805c0000 - 0x806061a8   ( 281 kB)
                                           .bss : 0x806061a8 - 0x80622078   ( 112 kB)
Jul 07 21:07:20 witherspoon kernel: NR_IRQS:16 nr_irqs:16 16
Jul 07 21:07:20 witherspoon kernel: i2c controller registered, irq 16
Jul 07 21:07:20 witherspoon kernel: clocksource: moxart_timer: mask: 0xffffffff max_cycles: 0xffffffff, max_idle_ns: 77222644334 ns
Jul 07 21:07:20 witherspoon kernel: sched_clock: 32 bits at 100 Hz, resolution 10000000ns, wraps every 21474836475000000ns
Jul 07 21:07:20 witherspoon kernel: Calibrating delay loop... 789.70 BogoMIPS (lpj=3948544)
Jul 07 21:07:20 witherspoon kernel: pid_max: default: 32768 minimum: 301
Jul 07 21:07:20 witherspoon kernel: Mount-cache hash table entries: 1024 (order: 0, 4096 bytes)
Jul 07 21:07:20 witherspoon kernel: Mountpoint-cache hash table entries: 1024 (order: 0, 4096 bytes)
Jul 07 21:07:20 witherspoon kernel: CPU: Testing write buffer coherency: ok
Jul 07 21:07:20 witherspoon kernel: ftrace: allocating 14867 entries in 44 pages
Jul 07 21:07:20 witherspoon kernel: Setting up static identity map for 0x80008200 - 0x8000825c
Jul 07 21:07:20 witherspoon kernel: devtmpfs: initialized
Jul 07 21:07:20 witherspoon kernel: clocksource: jiffies: mask: 0xffffffff max_cycles: 0xffffffff, max_idle_ns: 19112604462750000 ns
Jul 07 21:07:20 witherspoon kernel: futex hash table entries: 256 (order: -1, 3072 bytes)
Jul 07 21:07:20 witherspoon kernel: pinctrl core: initialized pinctrl subsystem
Jul 07 21:07:20 witherspoon kernel: NET: Registered protocol family 16
Jul 07 21:07:20 witherspoon kernel: DMA: preallocated 256 KiB pool for atomic coherent allocations
Jul 07 21:07:20 witherspoon kernel: usbcore: registered new interface driver usbfs
Jul 07 21:07:20 witherspoon kernel: usbcore: registered new interface driver hub
Jul 07 21:07:20 witherspoon kernel: usbcore: registered new device driver usb
Jul 07 21:07:20 witherspoon kernel: clocksource: Switched to clocksource moxart_timer
Jul 07 21:07:20 witherspoon kernel: NET: Registered protocol family 2
Jul 07 21:07:20 witherspoon kernel: TCP established hash table entries: 4096 (order: 2, 16384 bytes)
Jul 07 21:07:20 witherspoon kernel: TCP bind hash table entries: 4096 (order: 2, 16384 bytes)
Jul 07 21:07:20 witherspoon kernel: TCP: Hash tables configured (established 4096 bind 4096)
Jul 07 21:07:20 witherspoon kernel: UDP hash table entries: 256 (order: 0, 4096 bytes)
Jul 07 21:07:20 witherspoon kernel: UDP-Lite hash table entries: 256 (order: 0, 4096 bytes)
Jul 07 21:07:20 witherspoon kernel: NET: Registered protocol family 1
Jul 07 21:07:20 witherspoon kernel: Trying to unpack rootfs image as initramfs...
Jul 07 21:07:20 witherspoon kernel: Freeing initrd memory: 1548K
Jul 07 21:07:20 witherspoon kernel: workingset: timestamp_bits=30 max_order=17 bucket_order=0
Jul 07 21:07:20 witherspoon kernel: squashfs: version 4.0 (2009/01/31) Phillip Lougher
Jul 07 21:07:20 witherspoon kernel: jffs2: version 2.2. (SUMMARY)  © 2001-2006 Red Hat, Inc.
Jul 07 21:07:20 witherspoon kernel: Block layer SCSI generic (bsg) driver version 0.4 loaded (major 250)
Jul 07 21:07:20 witherspoon kernel: io scheduler noop registered
Jul 07 21:07:20 witherspoon kernel: io scheduler deadline registered
Jul 07 21:07:20 witherspoon kernel: io scheduler cfq registered (default)
Jul 07 21:07:20 witherspoon kernel: ipmi-bt-host 1e789140.ibt: Found bt bmc device
Jul 07 21:07:20 witherspoon kernel: ipmi-bt-host 1e789140.ibt: Using IRQ 22
Jul 07 21:07:20 witherspoon kernel: Serial: 8250/16550 driver, 6 ports, IRQ sharing enabled
Jul 07 21:07:20 witherspoon kernel: 1e783000.serial: ttyS0 at MMIO 0x1e783000 (irq = 23, base_baud = 1500000) is a 16550A
Jul 07 21:07:20 witherspoon kernel: 1e78d000.serial: ttyS1 at MMIO 0x1e78d000 (irq = 24, base_baud = 1500000) is a 16550A
Jul 07 21:07:20 witherspoon kernel: 1e784000.serial: ttyS4 at MMIO 0x1e784000 (irq = 25, base_baud = 1500000) is a 16550A
Jul 07 21:07:20 witherspoon kernel: console [ttyS4] enabled
Jul 07 21:07:20 witherspoon kernel: 1e787000.vuart: ttyS2 at MMIO 0x1e787000 (irq = 22, base_baud = 1500000) is a 16550A
Jul 07 21:07:20 witherspoon kernel: timeriomem_rng 1e6e2078.hwrng: 32bits from 0xf00e2078 @ 1us
Jul 07 21:07:20 witherspoon kernel: brd: module loaded
Jul 07 21:07:20 witherspoon kernel: loop: module loaded
Jul 07 21:07:20 witherspoon kernel: aspeed-lpc-ctrl 1e789080.lpc-ctrl: Loaded at 0x98000000 (0x04000000)
Jul 07 21:07:20 witherspoon kernel: aspeed-smc 1e620000.flash-controller: Using IRQ 18
Jul 07 21:07:20 witherspoon kernel: aspeed-smc 1e620000.flash-controller: DMA support disabled.
Jul 07 21:07:20 witherspoon kernel: aspeed-smc 1e620000.flash-controller: mx25l25635e (32768 Kbytes)
Jul 07 21:07:20 witherspoon kernel: aspeed-smc 1e620000.flash-controller: CE0 window [ 0x20000000 - 0x22000000 ] 32MB
Jul 07 21:07:20 witherspoon kernel: aspeed-smc 1e620000.flash-controller: CE1 window [ 0x22000000 - 0x2a000000 ] 128MB
Jul 07 21:07:20 witherspoon kernel: 5 ofpart partitions found on MTD device bmc
Jul 07 21:07:20 witherspoon kernel: Creating 5 MTD partitions on "bmc":
Jul 07 21:07:20 witherspoon kernel: 0x000000000000-0x000000060000 : "u-boot"
Jul 07 21:07:20 witherspoon kernel: 0x000000060000-0x000000080000 : "u-boot-env"
Jul 07 21:07:20 witherspoon kernel: 0x000000080000-0x0000004c0000 : "kernel"
Jul 07 21:07:20 witherspoon kernel: 0x0000004c0000-0x000001c00000 : "rofs"
Jul 07 21:07:20 witherspoon kernel: 0x000001c00000-0x000002000000 : "rwfs"
Jul 07 21:07:20 witherspoon kernel: aspeed-smc 1e620000.flash-controller: mx25l25635e (32768 Kbytes)
Jul 07 21:07:20 witherspoon kernel: aspeed-smc 1e620000.flash-controller: CE1 window [ 0x22000000 - 0x24000000 ] 32MB
Jul 07 21:07:20 witherspoon kernel: aspeed-smc 1e620000.flash-controller: CE2 window [ 0x24000000 - 0x2c000000 ] 128MB
Jul 07 21:07:20 witherspoon kernel: aspeed-smc 1e630000.flash-controller: mx66l1g45g (131072 Kbytes)
Jul 07 21:07:20 witherspoon kernel: aspeed-smc 1e630000.flash-controller: CE0 window resized to 120MB (AST2500 HW quirk)
Jul 07 21:07:20 witherspoon kernel: aspeed-smc 1e630000.flash-controller: CE0 window [ 0x30000000 - 0x37800000 ] 120MB
Jul 07 21:07:20 witherspoon kernel: aspeed-smc 1e630000.flash-controller: CE0 window too small for chip 128MB
Jul 07 21:07:20 witherspoon kernel: aspeed-smc 1e630000.flash-controller: CE1 window [ 0x37800000 - 0x38000000 ] 8MB
Jul 07 21:07:20 witherspoon kernel: libphy: Fixed MDIO Bus: probed
Jul 07 21:07:20 witherspoon kernel: ftgmac100 1e660000.ethernet: Read MAC address 70:e2:84:14:28:a9 from chip
Jul 07 21:07:20 witherspoon kernel: ftgmac100 1e660000.ethernet: Using NCSI interface
Jul 07 21:07:20 witherspoon kernel: ftgmac100 1e660000.ethernet eth0: irq 20, mapped at f0060000
Jul 07 21:07:20 witherspoon kernel: ehci_hcd: USB 2.0 'Enhanced' Host Controller (EHCI) Driver
Jul 07 21:07:20 witherspoon kernel: ehci-platform: EHCI generic platform driver
Jul 07 21:07:20 witherspoon kernel:  fsi0: can't read slave 00:00 -5
Jul 07 21:07:20 witherspoon kernel: i2c /dev entries driver
Jul 07 21:07:20 witherspoon kernel: aspeed-i2c-bus 1e78a0c0.i2c-bus: i2c bus 2 registered, irq 26
Jul 07 21:07:20 witherspoon kernel: aspeed-i2c-bus 1e78a100.i2c-bus: i2c bus 3 registered, irq 27
Jul 07 21:07:20 witherspoon kernel: aspeed-i2c-bus 1e78a140.i2c-bus: i2c bus 4 registered, irq 28
Jul 07 21:07:20 witherspoon kernel: aspeed-i2c-bus 1e78a180.i2c-bus: i2c bus 5 registered, irq 29
Jul 07 21:07:20 witherspoon kernel: aspeed-i2c-bus 1e78a380.i2c-bus: i2c bus 9 registered, irq 30
Jul 07 21:07:20 witherspoon kernel: aspeed-i2c-bus 1e78a3c0.i2c-bus: i2c bus 10 registered, irq 31
Jul 07 21:07:20 witherspoon kernel: rtc-rv8803 11-0032: Voltage low, temperature compensation stopped.
Jul 07 21:07:20 witherspoon kernel: rtc-rv8803 11-0032: rtc core: registered rx8900 as rtc0
Jul 07 21:07:20 witherspoon kernel: at24 11-0051: 8192 byte 24c64 EEPROM, writable, 1 bytes/write
Jul 07 21:07:20 witherspoon kernel: aspeed-i2c-bus 1e78a400.i2c-bus: i2c bus 11 registered, irq 32
Jul 07 21:07:20 witherspoon kernel: aspeed-i2c-bus 1e78a440.i2c-bus: i2c bus 12 registered, irq 33
Jul 07 21:07:20 witherspoon kernel: aspeed-i2c-bus 1e78a480.i2c-bus: i2c bus 13 registered, irq 34
Jul 07 21:07:20 witherspoon kernel: Driver for 1-wire Dallas network protocol.
Jul 07 21:07:20 witherspoon kernel: lm75 9-004a: hwmon0: sensor 'tmp275'
Jul 07 21:07:20 witherspoon kernel: random: fast init done
Jul 07 21:07:20 witherspoon kernel: ucd9000 11-0064: Device ID UCD90160|2.3.4.0000|110603
Jul 07 21:07:20 witherspoon kernel: leds-pca955x 11-0060: leds-pca955x: Using pca9552 16-bit LED driver at slave address 0x60
Jul 07 21:07:20 witherspoon kernel: leds-pca955x 11-0060: gpios 264...279
Jul 07 21:07:20 witherspoon kernel: usbcore: registered new interface driver usbhid
Jul 07 21:07:20 witherspoon kernel: usbhid: USB HID core driver
Jul 07 21:07:20 witherspoon kernel: bmp280: probe of 3-0077 failed with error -5
Jul 07 21:07:20 witherspoon kernel: dps310 3-0076: iio:device1: sensor 'dps310'
Jul 07 21:07:20 witherspoon kernel: NET: Registered protocol family 10
Jul 07 21:07:20 witherspoon kernel: Segment Routing with IPv6
Jul 07 21:07:20 witherspoon kernel: NET: Registered protocol family 17
Jul 07 21:07:20 witherspoon kernel: console [netcon0] enabled
Jul 07 21:07:20 witherspoon kernel: netconsole: network logging started
Jul 07 21:07:20 witherspoon kernel: input: gpio-keys as /devices/platform/gpio-keys/input/input0
Jul 07 21:07:20 witherspoon kernel: rtc-rv8803 11-0032: setting system clock to 2017-07-07 21:07:06 UTC (1499461626)
Jul 07 21:07:20 witherspoon kernel: Freeing unused kernel memory: 276K
Jul 07 21:07:20 witherspoon kernel: This architecture does not have kernel memory protection.
Jul 07 21:07:20 witherspoon kernel: jffs2: notice: (513) jffs2_build_xattr_subsystem: complete building xattr subsystem, 0 of xdatum (0 unchecked, 0 orphan) and 0 of xref (0 dead, 0 orphan) found.
Jul 07 21:07:20 witherspoon systemd[1]: Failed to insert module 'autofs4': No such file or directory
Jul 07 21:07:20 witherspoon systemd[1]: systemd 232 running in system mode. (+PAM -AUDIT -SELINUX -IMA -APPARMOR -SMACK +SYSVINIT -UTMP -LIBCRYPTSETUP -GCRYPT -GNUTLS +ACL +XZ -LZ4 -SECCOMP +BLKID -ELFUTILS +KMOD -IDN)
Jul 07 21:07:20 witherspoon systemd[1]: Detected architecture arm.
Jul 07 21:07:20 witherspoon systemd[1]: Set hostname to <witherspoon>.
Jul 07 21:07:20 witherspoon systemd[1]: Started Forward Password Requests to Wall Directory Watch.
Jul 07 21:07:20 witherspoon systemd[1]: Reached target Swap.
Jul 07 21:07:20 witherspoon systemd[1]: Listening on udev Kernel Socket.
Jul 07 21:07:20 witherspoon systemd[1]: Listening on Network Service Netlink Socket.
Jul 07 21:07:20 witherspoon systemd[1]: Listening on Journal Socket.
Jul 07 21:07:20 witherspoon systemd[1]: Listening on /dev/initctl Compatibility Named Pipe.
Jul 07 21:07:20 witherspoon systemd[1]: Started Dispatch Password Requests to Console Directory Watch.
Jul 07 21:07:20 witherspoon systemd[1]: Starting udev Coldplug all Devices...
Jul 07 21:07:20 witherspoon systemd[1]: Created slice system-op\x2dreset\x2dchassis\x2don.slice.
Jul 07 21:07:20 witherspoon systemd[1]: Mounting Debug File System...
Jul 07 21:07:20 witherspoon systemd[1]: dev-hugepages.mount: Couldn't determine result for ConditionVirtualization=!private-users, assuming failed: No such file or directory
Jul 07 21:07:20 witherspoon systemd[1]: Created slice system-mapper\x2dwait.slice.
Jul 07 21:07:20 witherspoon systemd[1]: Created slice system-phosphor\x2dreset\x2dhost\x2drunning.slice.
Jul 07 21:07:20 witherspoon systemd[1]: Created slice system-org.openbmc.control.Power.slice.
Jul 07 21:07:20 witherspoon systemd[1]: Created slice system-org.openbmc.control.Bmc.slice.
Jul 07 21:07:20 witherspoon systemd[1]: Created slice system-getty.slice.
Jul 07 21:07:20 witherspoon systemd[1]: Starting Apply Kernel Variables...
Jul 07 21:07:20 witherspoon systemd-journald[639]: Journal started
Jul 07 21:07:20 witherspoon systemd-journald[639]: Runtime journal (/run/log/journal/12c6a00ebfdd479284cf09f39d1bc042) is 0B, max 0B, 0B free.
Jul 07 21:07:20 witherspoon systemd-sysctl[635]: Couldn't write '16' to 'kernel/sysrq', ignoring: No such file or directory
Jul 07 21:07:20 witherspoon systemd-sysctl[635]: Couldn't write 'fq_codel' to 'net/core/default_qdisc', ignoring: No such file or directory
Jul 07 21:07:21 witherspoon systemd[1]: Created slice system-org.openbmc.buttons.Power.slice.
Jul 07 21:07:21 witherspoon systemd[1]: Created slice system-phosphor\x2dcooling\x2dtype.slice.
Jul 07 21:07:21 witherspoon systemd[1]: Reached target Slices.
Jul 07 21:07:22 witherspoon systemd[1]: Starting Remount Root and Kernel File Systems...
Jul 07 21:07:22 witherspoon systemd[1]: Mounted Debug File System.
Jul 07 21:07:23 witherspoon systemd[1]: Mounted Temporary Directory.
Jul 07 21:07:23 witherspoon systemd[1]: Started Journal Service.
Jul 07 21:07:23 witherspoon systemd[1]: Started Apply Kernel Variables.
Jul 07 21:07:23 witherspoon systemd[1]: Started Remount Root and Kernel File Systems.
Jul 07 21:07:23 witherspoon systemd[1]: Starting Create System Users...
Jul 07 21:07:23 witherspoon systemd[1]: Starting Flush Journal to Persistent Storage...
Jul 07 21:07:24 witherspoon systemd[1]: Started udev Coldplug all Devices.
Jul 07 21:07:24 witherspoon systemd[1]: Started Create System Users.
Jul 07 21:07:25 witherspoon systemd[1]: Starting Create Static Device Nodes in /dev...
Jul 07 21:07:25 witherspoon systemd-journald[639]: Runtime journal (/run/log/journal/12c6a00ebfdd479284cf09f39d1bc042) is 0B, max 0B, 0B free.
Jul 07 21:07:25 witherspoon systemd[1]: Started Flush Journal to Persistent Storage.
Jul 07 21:07:26 witherspoon systemd[1]: Started Create Static Device Nodes in /dev.
Jul 07 21:07:26 witherspoon systemd[1]: Reached target Local File Systems (Pre).
Jul 07 21:07:26 witherspoon systemd[1]: Mounting /var/volatile...
Jul 07 21:07:26 witherspoon systemd[1]: Starting udev Kernel Device Manager...
Jul 07 21:07:26 witherspoon systemd[1]: Mounted /var/volatile.
Jul 07 21:07:26 witherspoon systemd[1]: Starting Load/Save Random Seed...
Jul 07 21:07:26 witherspoon systemd[1]: Reached target Local File Systems.
Jul 07 21:07:26 witherspoon systemd[1]: Starting Rebuild Journal Catalog...
Jul 07 21:07:26 witherspoon systemd[1]: Starting Create Volatile Files and Directories...
Jul 07 21:07:27 witherspoon systemd[1]: Started Load/Save Random Seed.
Jul 07 21:07:27 witherspoon systemd-tmpfiles[874]: "/var/tmp" already exists and is not a directory.
Jul 07 21:07:27 witherspoon systemd-tmpfiles[874]: "/var/log" already exists and is not a directory.
Jul 07 21:07:27 witherspoon systemd[1]: Started Rebuild Journal Catalog.
Jul 07 21:07:27 witherspoon systemd[1]: Started Create Volatile Files and Directories.
Jul 07 21:07:27 witherspoon systemd[1]: Starting Run pending postinsts...
Jul 07 21:07:27 witherspoon systemd[1]: Starting Network Time Synchronization...
Jul 07 21:07:27 witherspoon systemd[1]: Starting Update is Completed...
Jul 07 21:07:27 witherspoon systemd[1]: Started udev Kernel Device Manager.
Jul 07 21:07:27 witherspoon systemd[1]: Started Network Time Synchronization.
Jul 07 21:07:28 witherspoon systemd[1]: Started Update is Completed.
Jul 07 21:07:28 witherspoon systemd[1]: Reached target System Time Synchronized.
Jul 07 21:07:28 witherspoon run-postinsts[878]: Running postinst /etc/rpm-postinsts/libglib-2.0-0...
Jul 07 21:07:29 witherspoon systemd[1]: dev-hugepages.mount: Couldn't determine result for ConditionVirtualization=!private-users, assuming failed: No such file or directory
Jul 07 21:07:29 witherspoon systemd[1]: Created slice system-xyz.openbmc_project.Hwmon.slice.
Jul 07 21:07:29 witherspoon systemd[1]: Found device /dev/aspeed-lpc-ctrl.
Jul 07 21:07:29 witherspoon systemd[1]: Found device /dev/aspeed-mbox.
Jul 07 21:07:29 witherspoon systemd[1]: Found device /dev/ttyS4.
Jul 07 21:07:29 witherspoon systemd[1]: Found device /dev/ttyVUART0.
Jul 07 21:07:30 witherspoon systemd[1]: dev-hugepages.mount: Couldn't determine result for ConditionVirtualization=!private-users, assuming failed: No such file or directory
Jul 07 21:07:30 witherspoon systemd[1]: dev-hugepages.mount: Couldn't determine result for ConditionVirtualization=!private-users, assuming failed: No such file or directory
Jul 07 21:07:31 witherspoon systemd[1]: Created slice system-xyz.openbmc_project.led.controller.slice.
Jul 07 21:07:31 witherspoon systemd[1]: dev-hugepages.mount: Couldn't determine result for ConditionVirtualization=!private-users, assuming failed: No such file or directory
Jul 07 21:07:31 witherspoon run-postinsts[878]: rm: can't remove '/etc/rpm-postinsts': Invalid argument
Jul 07 21:07:31 witherspoon run-postinsts[878]:  Removing any system startup links for run-postinsts ...
Jul 07 21:07:32 witherspoon systemd[1]: Reloading.
Jul 07 21:07:32 witherspoon systemctl[910]: Removed /etc/systemd/system/sysinit.target.wants/run-postinsts.service.
Jul 07 21:07:34 witherspoon systemd[1]: Started Run pending postinsts.
Jul 07 21:07:34 witherspoon systemd[1]: Reached target System Initialization.
Jul 07 21:07:34 witherspoon systemd[1]: Listening on Avahi mDNS/DNS-SD Stack Activation Socket.
Jul 07 21:07:34 witherspoon systemd[1]: Listening on Phosphor Host Console SSH Per-Connection socket.
Jul 07 21:07:34 witherspoon systemd[1]: Listening on dropbear.socket.
Jul 07 21:07:34 witherspoon systemd[1]: Listening on Phosphor Webserver socket.
Jul 07 21:07:34 witherspoon systemd[1]: Listening on Phosphor DBUS Browser socket.
Jul 07 21:07:35 witherspoon systemd[1]: Listening on phosphor-ipmi-net.socket.
Jul 07 21:07:35 witherspoon systemd[1]: Started Daily Cleanup of Temporary Directories.
Jul 07 21:07:35 witherspoon systemd[1]: Reached target Timers.
Jul 07 21:07:35 witherspoon systemd[1]: Listening on D-Bus System Message Bus Socket.
Jul 07 21:07:35 witherspoon systemd[1]: Reached target Sockets.
Jul 07 21:07:35 witherspoon systemd[1]: Reached target Basic System.
Jul 07 21:07:35 witherspoon systemd[1]: Started Phosphor Hwmon Poller.
Jul 07 21:07:35 witherspoon systemd[1]: Started Phosphor sysfs LED controller.
Jul 07 21:07:35 witherspoon systemd[1]: Started Phosphor Hwmon Poller.
Jul 07 21:07:35 witherspoon systemd[1]: Started Phosphor Hwmon Poller.
Jul 07 21:07:35 witherspoon systemd[1]: Started Phosphor Hwmon Poller.
Jul 07 21:07:35 witherspoon systemd[1]: Started Phosphor sysfs LED controller.
Jul 07 21:07:35 witherspoon systemd[1]: Starting Phosphor Sensor Manager...
Jul 07 21:07:35 witherspoon systemd[1]: Started Hardware RNG Entropy Gatherer Daemon.
Jul 07 21:07:35 witherspoon systemd[1]: Started Phosphor Hwmon Poller.
Jul 07 21:07:35 witherspoon kernel: random: crng init done
Jul 07 21:07:36 witherspoon systemd[1]: Starting Clear one time boot overrides...
Jul 07 21:07:36 witherspoon systemd[1]: Started Phosphor Hwmon Poller.
Jul 07 21:07:36 witherspoon systemd[1]: Starting OpenPower Software Update Manager...
Jul 07 21:07:36 witherspoon systemd[1]: Started Phosphor Console Muxer listening on device /dev/ttyVUART0.
Jul 07 21:07:36 witherspoon systemd[1]: Started System Logging Service.
Jul 07 21:07:36 witherspoon systemd[1]: Started Phosphor sysfs LED controller.
Jul 07 21:07:36 witherspoon systemd[1]: Started Phosphor MBOX Daemon.
Jul 07 21:07:36 witherspoon systemd[1]: Started Kernel Logging Service.
Jul 07 21:07:36 witherspoon systemd[1]: Reached target Containers.
Jul 07 21:07:36 witherspoon systemd[1]: Starting Phosphor DBus Service Discovery Manager...
Jul 07 21:07:36 witherspoon systemd[1]: Starting Phosphor Chassis0 Control...
Jul 07 21:07:37 witherspoon phosphor-hwmon-readd[926]: Usage: /usr/sbin/phosphor-hwmon-readd [options]
Jul 07 21:07:37 witherspoon phosphor-hwmon-readd[926]: Options:
Jul 07 21:07:37 witherspoon phosphor-hwmon-readd[926]:     --help               print this menu
Jul 07 21:07:37 witherspoon phosphor-hwmon-readd[926]:     --path=<path>        sysfs location to monitor
Jul 07 21:07:37 witherspoon phosphor-hwmon-readd[926]:     --of-name=<path>     open firmware device name to monitor
Jul 07 21:07:37 witherspoon phosphor-hwmon-readd[926]: ERROR: Path not specified or invalid.
Jul 07 21:07:37 witherspoon systemd[1]: Starting Phosphor Download Manager...
Jul 07 21:07:37 witherspoon systemd[1]: Starting Phosphor Log Manager...
Jul 07 21:07:38 witherspoon systemd[1]: Starting OpenBMC Software Update Manager...
Jul 07 21:07:38 witherspoon systemd[1]: Starting Phosphor LED Group Management Daemon...
Jul 07 21:07:38 witherspoon kernel[939]: klogd started: BusyBox v1.24.1 (2017-06-16 19:29:08 UTC)
Jul 07 21:07:38 witherspoon systemd[1]: Starting Phosphor IPMI BT DBus Bridge...
Jul 07 21:07:38 witherspoon kernel[939]: [    0.000000] Booting Linux on physical CPU 0x0
Jul 07 21:07:38 witherspoon kernel[939]: [    0.000000] Linux version 4.10.17-990f06c35b7e119f00967e90f0514dbbd2e1b51b (jenkins@openbmc-builder1) (gcc version 6.2.0 (GCC) ) #1 Fri Jul 7 18:09:56 UTC 2017
Jul 07 21:07:38 witherspoon kernel[939]: [    0.000000] CPU: ARMv6-compatible processor [410fb767] revision 7 (ARMv7), cr=00c5387d
Jul 07 21:07:38 witherspoon kernel[939]: [    0.000000] CPU: PIPT / VIPT nonaliasing data cache, VIPT nonaliasing instruction cache
Jul 07 21:07:38 witherspoon kernel[939]: [    0.000000] OF: fdt:Machine model: Witherspoon BMC
Jul 07 21:07:38 witherspoon kernel[939]: [    0.000000] Memory policy: Data cache writeback
Jul 07 21:07:38 witherspoon kernel[939]: [    0.000000] SOC Rev: 04030303
Jul 07 21:07:38 witherspoon kernel[939]: [    0.000000] On node 0 totalpages: 110592
Jul 07 21:07:38 witherspoon kernel[939]: [    0.000000] free_area_init_node: node 0, pgdat 805f33fc, node_mem_map 9ec1a000
Jul 07 21:07:38 witherspoon kernel[939]: [    0.000000]   Normal zone: 992 pages used for memmap
Jul 07 21:07:38 witherspoon kernel[939]: [    0.000000]   Normal zone: 0 pages reserved
Jul 07 21:07:38 witherspoon kernel[939]: [    0.000000]   Normal zone: 110592 pages, LIFO batch:31
Jul 07 21:07:38 witherspoon kernel[939]: [    0.000000] pcpu-alloc: s0 r0 d32768 u32768 alloc=1*32768
Jul 07 21:07:38 witherspoon kernel[939]: [    0.000000] pcpu-alloc: [0] 0
Jul 07 21:07:38 witherspoon kernel[939]: [    0.000000] Built 1 zonelists in Zone order, mobility grouping on.  Total pages: 109600
Jul 07 21:07:38 witherspoon systemd[1]: Starting Phosphor Inventory Manager...
Jul 07 21:07:38 witherspoon kernel[939]: [    0.000000] Kernel command line: console=ttyS4,115200n8 root=/dev/ram rw
Jul 07 21:07:38 witherspoon systemd[1]: Starting Phosphor Dump Manager...
Jul 07 21:07:38 witherspoon kernel[939]: [    0.000000] PID hash table entries: 2048 (order: 1, 8192 bytes)
Jul 07 21:07:38 witherspoon systemd[1]: Starting Avahi mDNS/DNS-SD Stack...
Jul 07 21:07:38 witherspoon kernel[939]: [    0.000000] Dentry cache hash table entries: 65536 (order: 6, 262144 bytes)
Jul 07 21:07:38 witherspoon systemd[1]: Starting Phosphor BMC0 Control...
Jul 07 21:07:38 witherspoon kernel[939]: [    0.000000] Inode-cache hash table entries: 32768 (order: 5, 131072 bytes)
Jul 07 21:07:39 witherspoon systemd[1]: Starting Phosphor Download Manager...
Jul 07 21:07:38 witherspoon kernel[939]: [    0.000000] Memory: 430508K/442368K available (4048K kernel code, 280K rwdata, 1172K rodata, 276K init, 111K bss, 11860K reserved, 0K cma-reserved)
Jul 07 21:07:39 witherspoon systemd[1]: Starting Phosphor Network Manager...
Jul 07 21:07:38 witherspoon kernel[939]: [    0.000000] Virtual kernel memory layout:
Jul 07 21:07:39 witherspoon systemd[1]: Starting Phosphor User Manager...
Jul 07 21:07:38 witherspoon kernel[939]: [    0.000000]     vector  : 0xffff0000 - 0xffff1000   (   4 kB)
Jul 07 21:07:39 witherspoon systemd[1]: Starting Phosphor Inventory Manager...
Jul 07 21:07:38 witherspoon kernel[939]: [    0.000000]     fixmap  : 0xffc00000 - 0xfff00000   (3072 kB)
Jul 07 21:07:40 witherspoon systemd[1]: Started D-Bus System Message Bus.
Jul 07 21:07:38 witherspoon kernel[939]: [    0.000000]     vmalloc : 0x9f800000 - 0xff800000   (1536 MB)
Jul 07 21:07:38 witherspoon kernel[939]: [    0.000000]     lowmem  : 0x80000000 - 0x9f000000   ( 496 MB)
Jul 07 21:07:38 witherspoon kernel[939]: [    0.000000]       .text : 0x80008000 - 0x803fc590   (4050 kB)
Jul 07 21:07:38 witherspoon kernel[939]: [    0.000000]       .init : 0x8057b000 - 0x805c0000   ( 276 kB)
Jul 07 21:07:38 witherspoon kernel[939]: [    0.000000]       .data : 0x805c0000 - 0x806061a8   ( 281 kB)
Jul 07 21:07:38 witherspoon kernel[939]: [    0.000000]        .bss : 0x806061a8 - 0x80622078   ( 112 kB)
Jul 07 21:07:38 witherspoon kernel[939]: [    0.000000] NR_IRQS:16 nr_irqs:16 16
Jul 07 21:07:38 witherspoon kernel[939]: [    0.000000] i2c controller registered, irq 16
Jul 07 21:07:38 witherspoon kernel[939]: [    0.000000] clocksource: moxart_timer: mask: 0xffffffff max_cycles: 0xffffffff, max_idle_ns: 77222644334 ns
Jul 07 21:07:38 witherspoon kernel[939]: [    0.000000] sched_clock: 32 bits at 100 Hz, resolution 10000000ns, wraps every 21474836475000000ns
Jul 07 21:07:38 witherspoon kernel[939]: [    0.090000] Calibrating delay loop... 789.70 BogoMIPS (lpj=3948544)
Jul 07 21:07:38 witherspoon kernel[939]: [    0.090000] pid_max: default: 32768 minimum: 301
Jul 07 21:07:38 witherspoon kernel[939]: [    0.090000] Mount-cache hash table entries: 1024 (order: 0, 4096 bytes)
Jul 07 21:07:38 witherspoon kernel[939]: [    0.090000] Mountpoint-cache hash table entries: 1024 (order: 0, 4096 bytes)
Jul 07 21:07:38 witherspoon kernel[939]: [    0.090000] CPU: Testing write buffer coherency: ok
Jul 07 21:07:38 witherspoon kernel[939]: [    0.090000] ftrace: allocating 14867 entries in 44 pages
Jul 07 21:07:38 witherspoon kernel[939]: [    0.120000] Setting up static identity map for 0x80008200 - 0x8000825c
Jul 07 21:07:38 witherspoon kernel[939]: [    0.120000] devtmpfs: initialized
Jul 07 21:07:38 witherspoon kernel[939]: [    0.130000] clocksource: jiffies: mask: 0xffffffff max_cycles: 0xffffffff, max_idle_ns: 19112604462750000 ns
Jul 07 21:07:38 witherspoon kernel[939]: [    0.130000] futex hash table entries: 256 (order: -1, 3072 bytes)
Jul 07 21:07:38 witherspoon kernel[939]: [    0.130000] pinctrl core: initialized pinctrl subsystem
Jul 07 21:07:38 witherspoon kernel[939]: [    0.140000] NET: Registered protocol family 16
Jul 07 21:07:38 witherspoon kernel[939]: [    0.140000] DMA: preallocated 256 KiB pool for atomic coherent allocations
Jul 07 21:07:38 witherspoon kernel[939]: [    0.210000] usbcore: registered new interface driver usbfs
Jul 07 21:07:38 witherspoon kernel[939]: [    0.210000] usbcore: registered new interface driver hub
Jul 07 21:07:38 witherspoon kernel[939]: [    0.210000] usbcore: registered new device driver usb
Jul 07 21:07:38 witherspoon kernel[939]: [    0.210000] clocksource: Switched to clocksource moxart_timer
Jul 07 21:07:38 witherspoon kernel[939]: [    0.220000] NET: Registered protocol family 2
Jul 07 21:07:38 witherspoon kernel[939]: [    0.220000] TCP established hash table entries: 4096 (order: 2, 16384 bytes)
Jul 07 21:07:38 witherspoon kernel[939]: [    0.220000] TCP bind hash table entries: 4096 (order: 2, 16384 bytes)
Jul 07 21:07:38 witherspoon kernel[939]: [    0.220000] TCP: Hash tables configured (established 4096 bind 4096)
Jul 07 21:07:38 witherspoon kernel[939]: [    0.220000] UDP hash table entries: 256 (order: 0, 4096 bytes)
Jul 07 21:07:38 witherspoon kernel[939]: [    0.220000] UDP-Lite hash table entries: 256 (order: 0, 4096 bytes)
Jul 07 21:07:38 witherspoon kernel[939]: [    0.230000] NET: Registered protocol family 1
Jul 07 21:07:38 witherspoon kernel[939]: [    0.230000] Trying to unpack rootfs image as initramfs...
Jul 07 21:07:38 witherspoon kernel[939]: [    1.900000] Freeing initrd memory: 1548K
Jul 07 21:07:38 witherspoon kernel[939]: [    1.900000] workingset: timestamp_bits=30 max_order=17 bucket_order=0
Jul 07 21:07:38 witherspoon kernel[939]: [    1.900000] squashfs: version 4.0 (2009/01/31) Phillip Lougher
Jul 07 21:07:38 witherspoon kernel[939]: [    1.900000] jffs2: version 2.2. (SUMMARY)  © 2001-2006 Red Hat, Inc.
Jul 07 21:07:38 witherspoon kernel[939]: [    1.900000] Block layer SCSI generic (bsg) driver version 0.4 loaded (major 250)
Jul 07 21:07:38 witherspoon kernel[939]: [    1.900000] io scheduler noop registered
Jul 07 21:07:38 witherspoon kernel[939]: [    1.900000] io scheduler deadline registered
Jul 07 21:07:38 witherspoon kernel[939]: [    1.900000] io scheduler cfq registered (default)
Jul 07 21:07:38 witherspoon kernel[939]: [    2.050000] ipmi-bt-host 1e789140.ibt: Found bt bmc device
Jul 07 21:07:38 witherspoon kernel[939]: [    2.050000] ipmi-bt-host 1e789140.ibt: Using IRQ 22
Jul 07 21:07:38 witherspoon kernel[939]: [    2.050000] Serial: 8250/16550 driver, 6 ports, IRQ sharing enabled
Jul 07 21:07:38 witherspoon kernel[939]: [    2.050000] 1e783000.serial: ttyS0 at MMIO 0x1e783000 (irq = 23, base_baud = 1500000) is a 16550A
Jul 07 21:07:38 witherspoon kernel[939]: [    2.050000] 1e78d000.serial: ttyS1 at MMIO 0x1e78d000 (irq = 24, base_baud = 1500000) is a 16550A
Jul 07 21:07:38 witherspoon kernel[939]: [    2.050000] 1e784000.serial: ttyS4 at MMIO 0x1e784000 (irq = 25, base_baud = 1500000) is a 16550A
Jul 07 21:07:38 witherspoon kernel[939]: [    2.400000] console [ttyS4] enabled
Jul 07 21:07:38 witherspoon kernel[939]: [    2.400000] 1e787000.vuart: ttyS2 at MMIO 0x1e787000 (irq = 22, base_baud = 1500000) is a 16550A
Jul 07 21:07:38 witherspoon kernel[939]: [    2.590000] timeriomem_rng 1e6e2078.hwrng: 32bits from 0xf00e2078 @ 1us
Jul 07 21:07:38 witherspoon kernel[939]: [    2.630000] brd: module loaded
Jul 07 21:07:38 witherspoon kernel[939]: [    2.650000] loop: module loaded
Jul 07 21:07:38 witherspoon kernel[939]: [    2.650000] aspeed-lpc-ctrl 1e789080.lpc-ctrl: Loaded at 0x98000000 (0x04000000)
Jul 07 21:07:38 witherspoon kernel[939]: [    2.650000] aspeed-smc 1e620000.flash-controller: Using IRQ 18
Jul 07 21:07:38 witherspoon kernel[939]: [    2.680000] aspeed-smc 1e620000.flash-controller: DMA support disabled.
Jul 07 21:07:38 witherspoon kernel[939]: [    2.680000] aspeed-smc 1e620000.flash-controller: mx25l25635e (32768 Kbytes)
Jul 07 21:07:38 witherspoon kernel[939]: [    2.680000] aspeed-smc 1e620000.flash-controller: CE0 window [ 0x20000000 - 0x22000000 ] 32MB
Jul 07 21:07:38 witherspoon kernel[939]: [    2.680000] aspeed-smc 1e620000.flash-controller: CE1 window [ 0x22000000 - 0x2a000000 ] 128MB
Jul 07 21:07:38 witherspoon kernel[939]: [    2.710000] 5 ofpart partitions found on MTD device bmc
Jul 07 21:07:38 witherspoon kernel[939]: [    2.710000] Creating 5 MTD partitions on "bmc":
Jul 07 21:07:38 witherspoon kernel[939]: [    2.710000] 0x000000000000-0x000000060000 : "u-boot"
Jul 07 21:07:38 witherspoon kernel[939]: [    2.710000] 0x000000060000-0x000000080000 : "u-boot-env"
Jul 07 21:07:38 witherspoon kernel[939]: [    2.710000] 0x000000080000-0x0000004c0000 : "kernel"
Jul 07 21:07:38 witherspoon kernel[939]: [    2.750000] 0x0000004c0000-0x000001c00000 : "rofs"
Jul 07 21:07:38 witherspoon kernel[939]: [    2.750000] 0x000001c00000-0x000002000000 : "rwfs"
Jul 07 21:07:38 witherspoon kernel[939]: [    2.750000] aspeed-smc 1e620000.flash-controller: mx25l25635e (32768 Kbytes)
Jul 07 21:07:38 witherspoon kernel[939]: [    2.750000] aspeed-smc 1e620000.flash-controller: CE1 window [ 0x22000000 - 0x24000000 ] 32MB
Jul 07 21:07:38 witherspoon kernel[939]: [    2.750000] aspeed-smc 1e620000.flash-controller: CE2 window [ 0x24000000 - 0x2c000000 ] 128MB
Jul 07 21:07:38 witherspoon kernel[939]: [    2.800000] aspeed-smc 1e630000.flash-controller: mx66l1g45g (131072 Kbytes)
Jul 07 21:07:38 witherspoon kernel[939]: [    2.800000] aspeed-smc 1e630000.flash-controller: CE0 window resized to 120MB (AST2500 HW quirk)
Jul 07 21:07:38 witherspoon kernel[939]: [    2.800000] aspeed-smc 1e630000.flash-controller: CE0 window [ 0x30000000 - 0x37800000 ] 120MB
Jul 07 21:07:38 witherspoon kernel[939]: [    2.800000] aspeed-smc 1e630000.flash-controller: CE0 window too small for chip 128MB
Jul 07 21:07:38 witherspoon kernel[939]: [    2.800000] aspeed-smc 1e630000.flash-controller: CE1 window [ 0x37800000 - 0x38000000 ] 8MB
Jul 07 21:07:38 witherspoon kernel[939]: [    3.550000] libphy: Fixed MDIO Bus: probed
Jul 07 21:07:38 witherspoon kernel[939]: [    3.550000] ftgmac100 1e660000.ethernet: Read MAC address 70:e2:84:14:28:a9 from chip
Jul 07 21:07:38 witherspoon kernel[939]: [    3.550000] ftgmac100 1e660000.ethernet: Using NCSI interface
Jul 07 21:07:38 witherspoon kernel[939]: [    3.550000] ftgmac100 1e660000.ethernet eth0: irq 20, mapped at f0060000
Jul 07 21:07:38 witherspoon kernel[939]: [    3.550000] ehci_hcd: USB 2.0 'Enhanced' Host Controller (EHCI) Driver
Jul 07 21:07:38 witherspoon kernel[939]: [    3.650000] ehci-platform: EHCI generic platform driver
Jul 07 21:07:38 witherspoon kernel[939]: [    3.810000]  fsi0: can't read slave 00:00 -5
Jul 07 21:07:38 witherspoon kernel[939]: [    3.810000] i2c /dev entries driver
Jul 07 21:07:38 witherspoon kernel[939]: [    3.810000] aspeed-i2c-bus 1e78a0c0.i2c-bus: i2c bus 2 registered, irq 26
Jul 07 21:07:38 witherspoon kernel[939]: [    3.810000] aspeed-i2c-bus 1e78a100.i2c-bus: i2c bus 3 registered, irq 27
Jul 07 21:07:38 witherspoon kernel[939]: [    3.810000] aspeed-i2c-bus 1e78a140.i2c-bus: i2c bus 4 registered, irq 28
Jul 07 21:07:38 witherspoon kernel[939]: [    3.810000] aspeed-i2c-bus 1e78a180.i2c-bus: i2c bus 5 registered, irq 29
Jul 07 21:07:38 witherspoon kernel[939]: [    3.810000] aspeed-i2c-bus 1e78a380.i2c-bus: i2c bus 9 registered, irq 30
Jul 07 21:07:38 witherspoon kernel[939]: [    3.810000] aspeed-i2c-bus 1e78a3c0.i2c-bus: i2c bus 10 registered, irq 31
Jul 07 21:07:38 witherspoon kernel[939]: [    3.810000] rtc-rv8803 11-0032: Voltage low, temperature compensation stopped.
Jul 07 21:07:38 witherspoon kernel[939]: [    3.910000] rtc-rv8803 11-0032: rtc core: registered rx8900 as rtc0
Jul 07 21:07:38 witherspoon kernel[939]: [    3.920000] at24 11-0051: 8192 byte 24c64 EEPROM, writable, 1 bytes/write
Jul 07 21:07:38 witherspoon kernel[939]: [    3.930000] aspeed-i2c-bus 1e78a400.i2c-bus: i2c bus 11 registered, irq 32
Jul 07 21:07:38 witherspoon kernel[939]: [    3.930000] aspeed-i2c-bus 1e78a440.i2c-bus: i2c bus 12 registered, irq 33
Jul 07 21:07:38 witherspoon kernel[939]: [    3.940000] aspeed-i2c-bus 1e78a480.i2c-bus: i2c bus 13 registered, irq 34
Jul 07 21:07:38 witherspoon kernel[939]: [    3.940000] Driver for 1-wire Dallas network protocol.
Jul 07 21:07:38 witherspoon kernel[939]: [    3.940000] lm75 9-004a: hwmon0: sensor 'tmp275'
Jul 07 21:07:38 witherspoon kernel[939]: [    3.990000] random: fast init done
Jul 07 21:07:38 witherspoon kernel[939]: [    4.380000] ucd9000 11-0064: Device ID UCD90160|2.3.4.0000|110603
Jul 07 21:07:38 witherspoon kernel[939]: [    4.710000] leds-pca955x 11-0060: leds-pca955x: Using pca9552 16-bit LED driver at slave address 0x60
Jul 07 21:07:38 witherspoon kernel[939]: [    4.720000] leds-pca955x 11-0060: gpios 264...279
Jul 07 21:07:38 witherspoon kernel[939]: [    4.730000] usbcore: registered new interface driver usbhid
Jul 07 21:07:38 witherspoon kernel[939]: [    4.730000] usbhid: USB HID core driver
Jul 07 21:07:38 witherspoon kernel[939]: [    4.740000] bmp280: probe of 3-0077 failed with error -5
Jul 07 21:07:38 witherspoon kernel[939]: [    4.760000] dps310 3-0076: iio:device1: sensor 'dps310'
Jul 07 21:07:38 witherspoon kernel[939]: [    4.760000] NET: Registered protocol family 10
Jul 07 21:07:38 witherspoon kernel[939]: [    4.770000] Segment Routing with IPv6
Jul 07 21:07:38 witherspoon kernel[939]: [    4.770000] NET: Registered protocol family 17
Jul 07 21:07:38 witherspoon kernel[939]: [    4.770000] console [netcon0] enabled
Jul 07 21:07:38 witherspoon kernel[939]: [    4.770000] netconsole: network logging started
Jul 07 21:07:38 witherspoon kernel[939]: [    4.790000] input: gpio-keys as /devices/platform/gpio-keys/input/input0
Jul 07 21:07:38 witherspoon kernel[939]: [    4.800000] rtc-rv8803 11-0032: setting system clock to 2017-07-07 21:07:06 UTC (1499461626)
Jul 07 21:07:38 witherspoon kernel[939]: [    4.810000] Freeing unused kernel memory: 276K
Jul 07 21:07:38 witherspoon kernel[939]: [    4.810000] This architecture does not have kernel memory protection.
Jul 07 21:07:38 witherspoon kernel[939]: [    6.490000] jffs2: notice: (513) jffs2_build_xattr_subsystem: complete building xattr subsystem, 0 of xdatum (0 unchecked, 0 orphan) and 0 of xref (0 dead, 0 orphan) found.
Jul 07 21:07:38 witherspoon kernel[939]: [    8.600000] systemd[1]: Failed to insert module 'autofs4': No such file or directory
Jul 07 21:07:38 witherspoon kernel[939]: [    8.800000] systemd[1]: systemd 232 running in system mode. (+PAM -AUDIT -SELINUX -IMA -APPARMOR -SMACK +SYSVINIT -UTMP -LIBCRYPTSETUP -GCRYPT -GNUTLS +ACL +XZ -LZ4 -SECCOMP +BLKID -ELFUTILS +KMOD -IDN)
Jul 07 21:07:38 witherspoon kernel[939]: [    8.800000] systemd[1]: Detected architecture arm.
Jul 07 21:07:38 witherspoon kernel[939]: [    9.000000] systemd[1]: Set hostname to <witherspoon>.
Jul 07 21:07:45 witherspoon systemd[1]: Started Phosphor IPMI BT DBus Bridge.
Jul 07 21:07:38 witherspoon kernel[939]: [   10.730000] systemd[1]: Started Forward Password Requests to Wall Directory Watch.
Jul 07 21:07:45 witherspoon systemd[1]: Started Phosphor Dump Manager.
Jul 07 21:07:38 witherspoon kernel[939]: [   10.890000] systemd[1]: Reached target Swap.
Jul 07 21:07:46 witherspoon systemd[1]: Started OpenBMC Software Update Manager.
Jul 07 21:07:38 witherspoon kernel[939]: [   11.050000] systemd[1]: Listening on udev Kernel Socket.
Jul 07 21:07:46 witherspoon systemd[1]: Started Phosphor LED Group Management Daemon.
Jul 07 21:07:38 witherspoon kernel[939]: [   11.220000] systemd[1]: Listening on Network Service Netlink Socket.
Jul 07 21:07:46 witherspoon systemd[1]: Started OpenPower Software Update Manager.
Jul 07 21:07:38 witherspoon kernel[939]: [   11.400000] systemd[1]: Listening on Journal Socket.
Jul 07 21:07:46 witherspoon systemd[1]: Started Phosphor Inventory Manager.
Jul 07 21:07:38 witherspoon kernel[939]: [   11.580000] systemd[1]: Listening on /dev/initctl Compatibility Named Pipe.
Jul 07 21:07:38 witherspoon kernel[939]: [   11.770000] systemd[1]: Started Dispatch Password Requests to Console Directory Watch.
Jul 07 21:07:38 witherspoon kernel[939]: [   14.040000] systemd[1]: Starting udev Coldplug all Devices...
Jul 07 21:07:38 witherspoon kernel[939]: [   14.300000] systemd[1]: Created slice system-op\x2dreset\x2dchassis\x2don.slice.
Jul 07 21:07:46 witherspoon systemd[1]: Started Phosphor Download Manager.
Jul 07 21:07:38 witherspoon kernel[939]: [   14.570000] systemd[1]: Mounting Debug File System...
Jul 07 21:07:38 witherspoon kernel[939]: [   14.850000] systemd[1]: dev-hugepages.mount: Couldn't determine result for ConditionVirtualization=!private-users, assuming failed: No such file or directory
Jul 07 21:07:38 witherspoon kernel[939]: [   14.850000] systemd[1]: Created slice system-mapper\x2dwait.slice.
Jul 07 21:07:38 witherspoon kernel[939]: [   15.130000] systemd[1]: Created slice system-phosphor\x2dreset\x2dhost\x2drunning.slice.
Jul 07 21:07:38 witherspoon kernel[939]: [   15.420000] systemd[1]: Created slice system-org.openbmc.control.Power.slice.
Jul 07 21:07:38 witherspoon kernel[939]: [   15.720000] systemd[1]: Created slice system-org.openbmc.control.Bmc.slice.
Jul 07 21:07:38 witherspoon kernel[939]: [   16.020000] systemd[1]: Created slice system-getty.slice.
Jul 07 21:07:46 witherspoon systemd[1]: Started Avahi mDNS/DNS-SD Stack.
Jul 07 21:07:38 witherspoon kernel[939]: [   16.330000] systemd[1]: Starting Apply Kernel Variables...
Jul 07 21:07:46 witherspoon systemd[1]: Starting Network Service...
Jul 07 21:07:38 witherspoon kernel[939]: [   19.050000] systemd[1]: Created slice system-org.openbmc.buttons.Power.slice.
Jul 07 21:07:38 witherspoon kernel[939]: [   19.420000] systemd[1]: Created slice system-phosphor\x2dcooling\x2dtype.slice.
Jul 07 21:07:38 witherspoon kernel[939]: [   19.800000] systemd[1]: Reached target Slices.
Jul 07 21:07:38 witherspoon kernel[939]: [   20.180000] systemd[1]: Starting Remount Root and Kernel File Systems...
Jul 07 21:07:38 witherspoon kernel[939]: [   20.570000] systemd[1]: Mounted Debug File System.
Jul 07 21:07:38 witherspoon kernel[939]: [   20.970000] systemd[1]: Mounted Temporary Directory.
Jul 07 21:07:46 witherspoon systemd[1]: Started Phosphor Hwmon Poller.
Jul 07 21:07:38 witherspoon kernel[939]: [   21.370000] systemd[1]: Started Journal Service.
Jul 07 21:07:46 witherspoon systemd[1]: Starting Phosphor Version Software Manager...
Jul 07 21:07:38 witherspoon kernel[939]: [   23.930000] systemd-journald[639]: Received request to flush runtime journal from PID 1
Jul 07 21:07:46 witherspoon systemd[1]: Started Phosphor Dump core monitor..
Jul 07 21:07:38 witherspoon kernel[939]: [   34.140000] random: crng init done
Jul 07 21:07:46 witherspoon systemd[1]: Started Phosphor Hwmon Poller.
Jul 07 21:07:41 witherspoon avahi-daemon[950]: Found user 'avahi' (UID 998) and group 'avahi' (GID 999).
Jul 07 21:07:46 witherspoon systemd[1]: xyz.openbmc_project.Hwmon@ahb-apb-i2c\x401e78a000-i2c\x2dbus\x40100-dps310\x4076.service: Main process exited, code=exited, status=255/n/a
Jul 07 21:07:41 witherspoon avahi-daemon[950]: Successfully dropped root privileges.
Jul 07 21:07:46 witherspoon systemd[1]: xyz.openbmc_project.Hwmon@ahb-apb-i2c\x401e78a000-i2c\x2dbus\x40100-dps310\x4076.service: Unit entered failed state.
Jul 07 21:07:41 witherspoon avahi-daemon[950]: avahi-daemon 0.6.32 starting up.
Jul 07 21:07:46 witherspoon systemd[1]: xyz.openbmc_project.Hwmon@ahb-apb-i2c\x401e78a000-i2c\x2dbus\x40100-dps310\x4076.service: Failed with result 'exit-code'.
Jul 07 21:07:45 witherspoon avahi-daemon[950]: Successfully called chroot().
Jul 07 21:07:46 witherspoon systemd[1]: Started Clear one time boot overrides.
Jul 07 21:07:45 witherspoon avahi-daemon[950]: Successfully dropped remaining capabilities.
Jul 07 21:07:46 witherspoon systemd[1]: xyz.openbmc_project.Hwmon@ahb-apb-i2c\x401e78a000-i2c\x2dbus\x40100-dps310\x4076.service: Service hold-off time over, scheduling restart.
Jul 07 21:07:45 witherspoon avahi-daemon[950]: Loading service file /services/obmc_console.service.
Jul 07 21:07:45 witherspoon avahi-daemon[950]: Loading service file /services/phosphor_rest.service.
Jul 07 21:07:46 witherspoon systemd[1]: Stopped Phosphor Hwmon Poller.
Jul 07 21:07:45 witherspoon avahi-daemon[950]: Loading service file /services/sftp-ssh.service.
Jul 07 21:07:45 witherspoon avahi-daemon[950]: Loading service file /services/sftp.service.
Jul 07 21:07:45 witherspoon avahi-daemon[950]: Loading service file /services/ssh.service.
Jul 07 21:07:45 witherspoon avahi-daemon[950]: Network interface enumeration completed.
Jul 07 21:07:45 witherspoon avahi-daemon[950]: Server startup complete. Host name is witherspoon.local. Local service cookie is 2508922416.
Jul 07 21:07:45 witherspoon avahi-daemon[950]: Service "witherspoon" (/services/ssh.service) successfully established.
Jul 07 21:07:45 witherspoon avahi-daemon[950]: Service "sftp" (/services/sftp.service) successfully established.
Jul 07 21:07:45 witherspoon avahi-daemon[950]: Service "witherspoon" (/services/sftp-ssh.service) successfully established.
Jul 07 21:07:45 witherspoon avahi-daemon[950]: Service "phosphor_rest" (/services/phosphor_rest.service) successfully established.
Jul 07 21:07:46 witherspoon systemd[1]: Started Phosphor Hwmon Poller.
Jul 07 21:07:45 witherspoon avahi-daemon[950]: Service "obmc_console" (/services/obmc_console.service) successfully established.
Jul 07 21:07:47 witherspoon phosphor-hwmon-readd[968]: Usage: /usr/sbin/phosphor-hwmon-readd [options]
Jul 07 21:07:47 witherspoon phosphor-hwmon-readd[968]: Options:
Jul 07 21:07:47 witherspoon phosphor-hwmon-readd[968]:     --help               print this menu
Jul 07 21:07:47 witherspoon phosphor-hwmon-readd[968]:     --path=<path>        sysfs location to monitor
Jul 07 21:07:47 witherspoon phosphor-hwmon-readd[968]:     --of-name=<path>     open firmware device name to monitor
Jul 07 21:07:47 witherspoon phosphor-hwmon-readd[968]: ERROR: Path not specified or invalid.
Jul 07 21:07:47 witherspoon systemd[1]: xyz.openbmc_project.Hwmon@ahb-apb-i2c\x401e78a000-i2c\x2dbus\x40100-dps310\x4076.service: Main process exited, code=exited, status=255/n/a
Jul 07 21:07:47 witherspoon systemd[1]: xyz.openbmc_project.Hwmon@ahb-apb-i2c\x401e78a000-i2c\x2dbus\x40100-dps310\x4076.service: Unit entered failed state.
Jul 07 21:07:47 witherspoon systemd[1]: xyz.openbmc_project.Hwmon@ahb-apb-i2c\x401e78a000-i2c\x2dbus\x40100-dps310\x4076.service: Failed with result 'exit-code'.
Jul 07 21:07:47 witherspoon systemd[1]: Started Phosphor Log Manager.
Jul 07 21:07:47 witherspoon systemd[1]: xyz.openbmc_project.Hwmon@ahb-apb-i2c\x401e78a000-i2c\x2dbus\x40100-dps310\x4076.service: Service hold-off time over, scheduling restart.
Jul 07 21:07:47 witherspoon systemd[1]: Stopped Phosphor Hwmon Poller.
Jul 07 21:07:47 witherspoon systemd[1]: Started Phosphor Hwmon Poller.
Jul 07 21:07:48 witherspoon systemd[1]: Started Phosphor Version Software Manager.
Jul 07 21:07:48 witherspoon phosphor-hwmon-readd[972]: Usage: /usr/sbin/phosphor-hwmon-readd [options]
Jul 07 21:07:48 witherspoon phosphor-hwmon-readd[972]: Options:
Jul 07 21:07:48 witherspoon phosphor-hwmon-readd[972]:     --help               print this menu
Jul 07 21:07:48 witherspoon phosphor-hwmon-readd[972]:     --path=<path>        sysfs location to monitor
Jul 07 21:07:48 witherspoon phosphor-hwmon-readd[972]:     --of-name=<path>     open firmware device name to monitor
Jul 07 21:07:48 witherspoon phosphor-hwmon-readd[972]: ERROR: Path not specified or invalid.
Jul 07 21:07:48 witherspoon systemd[1]: xyz.openbmc_project.Hwmon@ahb-apb-i2c\x401e78a000-i2c\x2dbus\x40100-dps310\x4076.service: Main process exited, code=exited, status=255/n/a
Jul 07 21:07:48 witherspoon systemd[1]: xyz.openbmc_project.Hwmon@ahb-apb-i2c\x401e78a000-i2c\x2dbus\x40100-dps310\x4076.service: Unit entered failed state.
Jul 07 21:07:48 witherspoon systemd[1]: xyz.openbmc_project.Hwmon@ahb-apb-i2c\x401e78a000-i2c\x2dbus\x40100-dps310\x4076.service: Failed with result 'exit-code'.
Jul 07 21:07:48 witherspoon systemd[1]: Started Phosphor BMC0 Control.
Jul 07 21:07:48 witherspoon systemd[1]: xyz.openbmc_project.Hwmon@ahb-apb-i2c\x401e78a000-i2c\x2dbus\x40100-dps310\x4076.service: Service hold-off time over, scheduling restart.
Jul 07 21:07:48 witherspoon systemd[1]: Stopped Phosphor Hwmon Poller.
Jul 07 21:07:48 witherspoon systemd[1]: Started Phosphor Hwmon Poller.
Jul 07 21:07:48 witherspoon systemd-networkd[958]: Could not create runtime directory: File exists
Jul 07 21:07:48 witherspoon systemd-networkd[958]: Could not create runtime directory 'links': File exists
Jul 07 21:07:48 witherspoon systemd-networkd[958]: Could not create runtime directory 'leases': File exists
Jul 07 21:07:50 witherspoon systemd-networkd[958]: Enumeration completed
Jul 07 21:07:50 witherspoon systemd[1]: Started Network Service.
Jul 07 21:07:50 witherspoon systemd[1]: Reached target Network.
Jul 07 21:07:50 witherspoon systemd[1]: Starting Permit User Sessions...
Jul 07 21:07:50 witherspoon systemd[1]: Started Lightweight SLP Server.
Jul 07 21:07:50 witherspoon systemd-networkd[958]: eth0: IPv6 enabled for interface: Success
Jul 07 21:07:50 witherspoon avahi-daemon[950]: Joining mDNS multicast group on interface eth0.IPv4 with address 9.3.21.61.
Jul 07 21:07:50 witherspoon avahi-daemon[950]: New relevant interface eth0.IPv4 for mDNS.
Jul 07 21:07:50 witherspoon systemd-networkd[958]: eth0: Gained carrier
Jul 07 21:07:50 witherspoon avahi-daemon[950]: Registering new address record for 9.3.21.61 on eth0.IPv4.
Jul 07 21:07:50 witherspoon phosphor-hwmon-readd[975]: Usage: /usr/sbin/phosphor-hwmon-readd [options]
Jul 07 21:07:50 witherspoon phosphor-hwmon-readd[975]: Options:
Jul 07 21:07:50 witherspoon phosphor-hwmon-readd[975]:     --help               print this menu
Jul 07 21:07:50 witherspoon phosphor-hwmon-readd[975]:     --path=<path>        sysfs location to monitor
Jul 07 21:07:50 witherspoon phosphor-hwmon-readd[975]:     --of-name=<path>     open firmware device name to monitor
Jul 07 21:07:50 witherspoon phosphor-hwmon-readd[975]: ERROR: Path not specified or invalid.
Jul 07 21:07:50 witherspoon systemd-timesyncd[879]: Network configuration changed, trying to establish connection.
Jul 07 21:07:50 witherspoon systemd[1]: xyz.openbmc_project.Hwmon@ahb-apb-i2c\x401e78a000-i2c\x2dbus\x40100-dps310\x4076.service: Main process exited, code=exited, status=255/n/a
Jul 07 21:07:50 witherspoon systemd[1]: xyz.openbmc_project.Hwmon@ahb-apb-i2c\x401e78a000-i2c\x2dbus\x40100-dps310\x4076.service: Unit entered failed state.
Jul 07 21:07:50 witherspoon systemd[1]: xyz.openbmc_project.Hwmon@ahb-apb-i2c\x401e78a000-i2c\x2dbus\x40100-dps310\x4076.service: Failed with result 'exit-code'.
Jul 07 21:07:51 witherspoon systemd[1]: Started Permit User Sessions.
Jul 07 21:07:51 witherspoon systemd[1]: xyz.openbmc_project.Hwmon@ahb-apb-i2c\x401e78a000-i2c\x2dbus\x40100-dps310\x4076.service: Service hold-off time over, scheduling restart.
Jul 07 21:07:51 witherspoon systemd[1]: Stopped Phosphor Hwmon Poller.
Jul 07 21:07:51 witherspoon systemd[1]: Started Phosphor Hwmon Poller.
Jul 07 21:07:51 witherspoon systemd[1]: Started Serial Getty on ttyS4.
Jul 07 21:07:51 witherspoon systemd[1]: Reached target Login Prompts.
Jul 07 21:07:51 witherspoon avahi-daemon[950]: Joining mDNS multicast group on interface eth0.IPv6 with address fe80::72e2:84ff:fe14:28a9.
Jul 07 21:07:51 witherspoon systemd-networkd[958]: eth0: Gained IPv6LL
Jul 07 21:07:51 witherspoon avahi-daemon[950]: New relevant interface eth0.IPv6 for mDNS.
Jul 07 21:07:51 witherspoon avahi-daemon[950]: Registering new address record for fe80::72e2:84ff:fe14:28a9 on eth0.*.
Jul 07 21:07:52 witherspoon systemd[1]: Reached target Multi-User System.
Jul 07 21:07:52 witherspoon phosphor-hwmon-readd[980]: Usage: /usr/sbin/phosphor-hwmon-readd [options]
Jul 07 21:07:52 witherspoon phosphor-hwmon-readd[980]: Options:
Jul 07 21:07:52 witherspoon phosphor-hwmon-readd[980]:     --help               print this menu
Jul 07 21:07:52 witherspoon phosphor-hwmon-readd[980]:     --path=<path>        sysfs location to monitor
Jul 07 21:07:52 witherspoon systemd[1]: xyz.openbmc_project.Hwmon@ahb-apb-i2c\x401e78a000-i2c\x2dbus\x40100-dps310\x4076.service: Main process exited, code=exited, status=255/n/a
Jul 07 21:07:53 witherspoon phosphor-hwmon-readd[980]:     --of-name=<path>     open firmware device name to monitor
Jul 07 21:07:53 witherspoon phosphor-hwmon-readd[980]: ERROR: Path not specified or invalid.
Jul 07 21:07:52 witherspoon systemd[1]: xyz.openbmc_project.Hwmon@ahb-apb-i2c\x401e78a000-i2c\x2dbus\x40100-dps310\x4076.service: Unit entered failed state.
Jul 07 21:07:53 witherspoon phosphor-hwmon-readd[983]: Usage: /usr/sbin/phosphor-hwmon-readd [options]
Jul 07 21:07:53 witherspoon phosphor-hwmon-readd[983]: Options:
Jul 07 21:07:53 witherspoon phosphor-hwmon-readd[983]:     --help               print this menu
Jul 07 21:07:53 witherspoon phosphor-hwmon-readd[983]:     --path=<path>        sysfs location to monitor
Jul 07 21:07:53 witherspoon phosphor-hwmon-readd[983]:     --of-name=<path>     open firmware device name to monitor
Jul 07 21:07:53 witherspoon phosphor-hwmon-readd[983]: ERROR: Path not specified or invalid.
Jul 07 21:07:52 witherspoon systemd[1]: xyz.openbmc_project.Hwmon@ahb-apb-i2c\x401e78a000-i2c\x2dbus\x40100-dps310\x4076.service: Failed with result 'exit-code'.
Jul 07 21:07:52 witherspoon systemd[1]: xyz.openbmc_project.Hwmon@ahb-apb-i2c\x401e78a000-i2c\x2dbus\x40100-dps310\x4076.service: Service hold-off time over, scheduling restart.
Jul 07 21:07:52 witherspoon systemd[1]: Stopped Phosphor Hwmon Poller.
Jul 07 21:07:52 witherspoon systemd[1]: Started Phosphor Hwmon Poller.
Jul 07 21:07:53 witherspoon systemd[1]: xyz.openbmc_project.Hwmon@ahb-apb-i2c\x401e78a000-i2c\x2dbus\x40100-dps310\x4076.service: Main process exited, code=exited, status=255/n/a
Jul 07 21:07:53 witherspoon systemd[1]: xyz.openbmc_project.Hwmon@ahb-apb-i2c\x401e78a000-i2c\x2dbus\x40100-dps310\x4076.service: Unit entered failed state.
Jul 07 21:07:53 witherspoon systemd[1]: xyz.openbmc_project.Hwmon@ahb-apb-i2c\x401e78a000-i2c\x2dbus\x40100-dps310\x4076.service: Failed with result 'exit-code'.
Jul 07 21:07:53 witherspoon systemd[1]: xyz.openbmc_project.Hwmon@ahb-apb-i2c\x401e78a000-i2c\x2dbus\x40100-dps310\x4076.service: Service hold-off time over, scheduling restart.
Jul 07 21:07:53 witherspoon systemd[1]: Stopped Phosphor Hwmon Poller.
Jul 07 21:07:53 witherspoon systemd[1]: xyz.openbmc_project.Hwmon@ahb-apb-i2c\x401e78a000-i2c\x2dbus\x40100-dps310\x4076.service: Start request repeated too quickly.
Jul 07 21:07:53 witherspoon systemd[1]: Failed to start Phosphor Hwmon Poller.
Jul 07 21:07:53 witherspoon systemd[1]: xyz.openbmc_project.Hwmon@ahb-apb-i2c\x401e78a000-i2c\x2dbus\x40100-dps310\x4076.service: Unit entered failed state.
Jul 07 21:07:53 witherspoon systemd[1]: xyz.openbmc_project.Hwmon@ahb-apb-i2c\x401e78a000-i2c\x2dbus\x40100-dps310\x4076.service: Failed with result 'exit-code'.
Jul 07 21:07:53 witherspoon kernel: ftgmac100 1e660000.ethernet eth0: NCSI interface up
Jul 07 21:07:53 witherspoon kernel[939]: [   52.160000] ftgmac100 1e660000.ethernet eth0: NCSI interface up
Jul 07 21:07:59 witherspoon systemd[1]: Created slice system-dropbear.slice.
Jul 07 21:07:59 witherspoon systemd[1]: Started SSH Per-Connection Server (9.41.165.94:43734).
Jul 07 21:07:59 witherspoon dropbear[986]: Failed loading /etc/dropbear/dropbear_dss_host_key
Jul 07 21:07:59 witherspoon dropbear[986]: Failed loading /etc/dropbear/dropbear_ecdsa_host_key
Jul 07 21:07:59 witherspoon dropbear[986]: Child connection from ::ffff:9.41.165.94:43734
Jul 07 21:08:02 witherspoon dropbear[986]: PAM password auth succeeded for 'root' from ::ffff:9.41.165.94:43734
Jul 07 21:08:02 witherspoon dropbear[987]: lastlog_perform_login: Couldn't stat /var/log/lastlog: No such file or directory
Jul 07 21:08:02 witherspoon dropbear[987]: lastlog_openseek: /var/log/lastlog is not a file or directory!
Jul 07 21:08:03 witherspoon systemd[1]: Started Phosphor Download Manager.
Jul 07 21:08:03 witherspoon download_manager.py[943]: Running Download Manager
Jul 07 21:08:03 witherspoon systemd[1]: Started Phosphor Chassis0 Control.
Jul 07 21:08:03 witherspoon chassis_control.py[941]: Running ChassisControlService
Jul 07 21:08:03 witherspoon sensor_manager2.py[928]: Setting boot count to 3
Jul 07 21:08:03 witherspoon sensor_manager2.py[928]: Deleting OCC device
Jul 07 21:08:03 witherspoon sensor_manager2.py[928]: sh: /sys/class/i2c-adapter/i2c-3/3-0050/online: No such file or directory
Jul 07 21:08:03 witherspoon sensor_manager2.py[928]: Deleting OCC device
Jul 07 21:08:03 witherspoon sensor_manager2.py[928]: sh: /sys/class/i2c-adapter/i2c-3/3-0050/online: No such file or directory
Jul 07 21:08:03 witherspoon systemd[1]: Started Phosphor Sensor Manager.
Jul 07 21:08:03 witherspoon sensor_manager2.py[928]: Starting sensor manager
Jul 07 21:08:04 witherspoon systemd-networkd[958]: eth0: Configured
Jul 07 21:08:04 witherspoon systemd-timesyncd[879]: Network configuration changed, trying to establish connection.
Jul 07 21:08:07 witherspoon phosphor-mapper[940]: ObjectMapper startup complete.  Discovery in progress...
Jul 07 21:08:07 witherspoon systemd[1]: Started Phosphor User Manager.
Jul 07 21:08:07 witherspoon obmc-phosphor-userd[954]: Started
Jul 07 21:08:07 witherspoon avahi-daemon[957]: ../../avahi-0.6.32/avahi-daemon/chroot.c: open() failed: No such file or directory
Jul 07 21:08:07 witherspoon avahi-daemon[950]: Failed to open /usr/share/dbus-1/interfaces/org.freedesktop.Avahi.Server.xml: Invalid argument
Jul 07 21:08:07 witherspoon avahi-daemon[950]: Failed to load introspection data.
Jul 07 21:08:10 witherspoon inventory_items.py[955]: Loading from cache: /var/cache/obmc/org.openbmc.inventory.system.chassis.motherboard.apss@org.openbmc.InventoryItem.props
Jul 07 21:08:10 witherspoon inventory_items.py[955]: Loading from cache: /var/cache/obmc/org.openbmc.inventory.system.chassis.motherboard@org.openbmc.InventoryItem.props
Jul 07 21:08:10 witherspoon inventory_items.py[955]: Loading from cache: /var/cache/obmc/org.openbmc.inventory.system.chassis.motherboard.refclock@org.openbmc.InventoryItem.props
Jul 07 21:08:10 witherspoon inventory_items.py[955]: Loading from cache: /var/cache/obmc/org.openbmc.inventory.system.chassis.motherboard.todclock@org.openbmc.InventoryItem.props
Jul 07 21:08:10 witherspoon inventory_items.py[955]: Loading from cache: /var/cache/obmc/org.openbmc.inventory.system.chassis.motherboard.bmc@org.openbmc.InventoryItem.props
Jul 07 21:08:10 witherspoon inventory_items.py[955]: Caching: /org/openbmc/inventory/system/chassis/motherboard/bmc
Jul 07 21:08:10 witherspoon inventory_items.py[955]: Loading from cache: /var/cache/obmc/org.openbmc.inventory.system.chassis.motherboard.pcieclock@org.openbmc.InventoryItem.props
Jul 07 21:08:10 witherspoon systemd[1]: Started Phosphor Inventory Manager.
Jul 07 21:08:11 witherspoon netman.py[953]: Started
Jul 07 21:08:11 witherspoon inventory_items.py[955]: Running Inventory Manager
Jul 07 21:08:11 witherspoon systemd[1]: Started Phosphor Network Manager.
Jul 07 21:08:21 witherspoon phosphor-mapper[940]: ObjectMapper discovery complete
Jul 07 21:08:21 witherspoon systemd[1]: Started Phosphor DBus Service Discovery Manager.
Jul 07 21:08:21 witherspoon systemd[1]: Reached target Phosphor Object Mapper.
Jul 07 21:08:21 witherspoon systemd[1]: Starting Wait for /xyz/openbmc_project/led/groups/bmc_booted...
Jul 07 21:08:21 witherspoon systemd[1]: Starting Wait for /org/openbmc/managers/Download...
Jul 07 21:08:21 witherspoon systemd[1]: Starting Wait for /org/openbmc/control/power0...
Jul 07 21:08:21 witherspoon systemd[1]: Starting Wait for /xyz/openbmc_project/state/chassis0...
Jul 07 21:08:21 witherspoon systemd[1]: Starting Wait for /xyz/openbmc_project/state/host0...
Jul 07 21:08:21 witherspoon systemd[1]: Starting Wait for /org/openbmc/control/flash/bios...
Jul 07 21:08:21 witherspoon systemd[1]: Reached target Webserver (pre).
Jul 07 21:08:21 witherspoon systemd[1]: Started Phosphor Webserver.
Jul 07 21:08:21 witherspoon systemd[1]: Starting Wait for /org/openbmc/managers/System...
Jul 07 21:08:21 witherspoon systemd[1]: Started Phosphor DBus Monitor.
Jul 07 21:08:21 witherspoon systemd[1]: Starting Wait for /xyz/openbmc_project/control/host0...
Jul 07 21:08:21 witherspoon systemd[1]: Starting Wait for /org/openbmc/sensors...
Jul 07 21:08:21 witherspoon systemd[1]: Starting Wait for /xyz/openbmc_project/inventory...
Jul 07 21:08:21 witherspoon systemd[1]: Starting Wait for /xyz/openbmc_project/led/groups...
Jul 07 21:08:21 witherspoon systemd[1]: Starting Wait for /org/openbmc/control/bmc0...
Jul 07 21:08:21 witherspoon systemd[1]: Starting Wait for /org/openbmc/NetworkManager/Interface...
Jul 07 21:08:21 witherspoon systemd[1]: Starting Phoshpor System Manager...
Jul 07 21:08:21 witherspoon systemd[1]: Starting Phosphor Settings Manager...
Jul 07 21:08:23 witherspoon systemd[1]: Started Wait for /org/openbmc/sensors.
Jul 07 21:08:23 witherspoon systemd[1]: Started Phosphor Hwmon Poller.
Jul 07 21:08:23 witherspoon systemd[1]: Started Wait for /xyz/openbmc_project/led/groups.
Jul 07 21:08:23 witherspoon systemd[1]: Started FRU Fault monitor service.
Jul 07 21:08:23 witherspoon systemd[1]: Started Wait for /org/openbmc/NetworkManager/Interface.
Jul 07 21:08:23 witherspoon systemd[1]: Started Phosphor DNS Settings Cache Manager.
Jul 07 21:08:23 witherspoon systemd[1]: Started Wait for /xyz/openbmc_project/led/groups/bmc_booted.
Jul 07 21:08:23 witherspoon systemd[1]: Starting Assert bmc_booted LED...
Jul 07 21:08:23 witherspoon systemd[1]: Started Wait for /xyz/openbmc_project/inventory.
Jul 07 21:08:23 witherspoon systemd[1]: Starting Read OpenPOWER-format VPD from EEPROM...
Jul 07 21:08:23 witherspoon systemd[1]: Started Phosphor Cooling Type.
Jul 07 21:08:23 witherspoon systemd[1]: Starting OpenPOWER OCC controller...
Jul 07 21:08:25 witherspoon systemd[1]: Started OpenPOWER OCC controller.
Jul 07 21:08:26 witherspoon systemd[1]: Started Wait for /org/openbmc/control/bmc0.
Jul 07 21:08:26 witherspoon systemd[1]: Started Wait for /org/openbmc/managers/Download.
Jul 07 21:08:26 witherspoon systemd[1]: Starting Phosphor BIOS Code Update...
Jul 07 21:08:26 witherspoon systemd[1]: Starting Phosphor BMC Code Update...
Jul 07 21:08:26 witherspoon systemd[1]: Started Phosphor BIOS Code Update.
Jul 07 21:08:29 witherspoon systemd[1]: Started Assert bmc_booted LED.
Jul 07 21:08:31 witherspoon systemd[1]: Started Read OpenPOWER-format VPD from EEPROM.
Jul 07 21:08:36 witherspoon systemd[1]: Started Wait for /org/openbmc/control/flash/bios.
Jul 07 21:08:36 witherspoon systemd[1]: Started Initialize BIOS Flash.
Jul 07 21:08:37 witherspoon settings_manager.py[1011]: Running HostSettingsService
Jul 07 21:08:37 witherspoon systemd[1]: Started Phosphor Settings Manager.
Jul 07 21:08:37 witherspoon systemd[1]: Starting Wait for /org/openbmc/settings/host0...
Jul 07 21:08:40 witherspoon system_manager.py[1010]: Running System State: BASE_APPS
Jul 07 21:08:40 witherspoon hwmon.py[1012]: Starting HWMON sensors
Jul 07 21:08:40 witherspoon systemd[1]: Started Wait for /org/openbmc/settings/host0.
Jul 07 21:08:40 witherspoon systemd[1]: Started Phosphor Inband IPMI.
Jul 07 21:08:40 witherspoon flash_bios.exe[1027]: Starting flasher: bios,,/org/openbmc/control/flash/bios,
Jul 07 21:08:40 witherspoon flash_bios.exe[1027]: flasher: , BMC = 1, address = 0x0
Jul 07 21:08:40 witherspoon flash_bios.exe[1027]: Setting up flash
Jul 07 21:08:41 witherspoon system_manager.py[1010]: SystemManager Init Done
Jul 07 21:08:41 witherspoon systemd[1]: Started Phoshpor System Manager.
Jul 07 21:08:41 witherspoon system_manager.py[1010]: Running SystemManager
Jul 07 21:08:41 witherspoon system_manager.py[1010]: SystemManager Goto System State: BMC_STARTING
Jul 07 21:08:41 witherspoon system_manager.py[1010]: Running System State: BMC_STARTING
Jul 07 21:08:41 witherspoon flash_bios.exe[1027]: Starting flasher: bios,,/org/openbmc/control/flash/bios,
Jul 07 21:08:41 witherspoon flash_bios.exe[1027]: flasher: , BMC = 1, address = 0x0
Jul 07 21:08:41 witherspoon flash_bios.exe[1027]: Setting up flash
Jul 07 21:08:42 witherspoon systemd[1]: Started Phosphor BMC Code Update.
Jul 07 21:08:42 witherspoon bmc_update.py[1028]: Running Bmc Flash Control
Jul 07 21:08:43 witherspoon systemd[1]: Started Wait for /org/openbmc/managers/System.
Jul 07 21:08:43 witherspoon systemd[1]: Starting Phosphor Power Button0...
Jul 07 21:08:43 witherspoon systemd[1]: Starting Phosphor Reset Button0...
Jul 07 21:08:44 witherspoon button_reset.exe[1051]: GPIO Lookup:  RESET_BUTTON = 353,both
Jul 07 21:08:44 witherspoon systemd[1]: Starting Phosphor Power0 Control...
Jul 07 21:08:44 witherspoon systemd[1]: Starting Phosphor Chassis State Manager...
Jul 07 21:08:44 witherspoon systemd[1]: Starting Phosphor Host State Manager...
Jul 07 21:08:44 witherspoon systemd[1]: Starting Phosphor BMC State Manager...
Jul 07 21:08:44 witherspoon systemd[1]: Started Phosphor Reset Button0.
Jul 07 21:08:44 witherspoon phosphor-bmc-state-manager[1064]: Setting the BMCState field
Jul 07 21:08:44 witherspoon phosphor-bmc-state-manager[1064]: Setting the BMCState field
Jul 07 21:08:44 witherspoon systemd[1]: Started Phosphor BMC State Manager.
Jul 07 21:08:44 witherspoon phosphor-chassis-state-manager[1062]: Initial Chassis State will be Off
Jul 07 21:08:44 witherspoon systemd[1]: Started Phosphor Chassis State Manager.
Jul 07 21:08:44 witherspoon system_manager.py[1010]: New object: /org/openbmc/control/power0 (:1.67)
Jul 07 21:08:45 witherspoon button_power.exe[1050]: GPIO Lookup:  POWER_BUTTON = 347,both
Jul 07 21:08:45 witherspoon systemd[1]: Started Phosphor Power Button0.
Jul 07 21:08:46 witherspoon system_manager.py[1010]: Power GPIO config: ['SYS_PWROK_BUFF', '', [('SOFTWARE_PGOOD', True), ('BMC_POWER_UP', True)], [('BMC_CP0_RESET_N', False)], [], 'FSI_DATA', 'FSI_CLK', 'FSI_ENABLE', 'CRONUS_SEL', []]
Jul 07 21:08:46 witherspoon phosphor-host-state-manager[1063]: Initial Host State will be Off
Jul 07 21:08:46 witherspoon systemd[1]: Started Phosphor Host State Manager.
Jul 07 21:08:46 witherspoon power_control.exe[1061]: Power GPIO latch output:
Jul 07 21:08:46 witherspoon power_control.exe[1061]: Power GPIO power good input: SYS_PWROK_BUFF
Jul 07 21:08:46 witherspoon power_control.exe[1061]: Power GPIO 2 power_up outputs
Jul 07 21:08:46 witherspoon power_control.exe[1061]: Power GPIO power_up[0] = SOFTWARE_PGOOD active HIGH
Jul 07 21:08:46 witherspoon power_control.exe[1061]: Power GPIO power_up[1] = BMC_POWER_UP active HIGH
Jul 07 21:08:46 witherspoon power_control.exe[1061]: Power GPIO 1 reset outputs
Jul 07 21:08:46 witherspoon power_control.exe[1061]: Power GPIO reset[0] = BMC_CP0_RESET_N active LOW
Jul 07 21:08:46 witherspoon power_control.exe[1061]: Power GPIO 0 pci reset outputs
Jul 07 21:08:46 witherspoon power_control.exe[1061]: FSI DATA GPIO: FSI_DATA
Jul 07 21:08:46 witherspoon power_control.exe[1061]: FSI CLK GPIO: FSI_CLK
Jul 07 21:08:46 witherspoon power_control.exe[1061]: FSI ENABLE GPIO: FSI_ENABLE
Jul 07 21:08:46 witherspoon power_control.exe[1061]: CRONUS SEL GPIO: CRONUS_SEL
Jul 07 21:08:46 witherspoon power_control.exe[1061]: Hostctl GPIO optionals: 0
Jul 07 21:08:46 witherspoon power_control.exe[1061]: GPIO Lookup:  SYS_PWROK_BUFF = 306,in
Jul 07 21:08:46 witherspoon power_control.exe[1061]: GPIO Lookup:  SOFTWARE_PGOOD = 417,out
Jul 07 21:08:46 witherspoon power_control.exe[1061]: GPIO Lookup:  BMC_POWER_UP = 305,out
Jul 07 21:08:46 witherspoon power_control.exe[1061]: GPIO Lookup:  BMC_CP0_RESET_N = 281,out
Jul 07 21:08:46 witherspoon power_control.exe[1061]: Pgood state: 0
Jul 07 21:08:46 witherspoon systemd[1]: Started Phosphor Power0 Control.
Jul 07 21:08:52 witherspoon systemd[1]: Started Wait for /xyz/openbmc_project/control/host0.
Jul 07 21:08:52 witherspoon systemd[1]: Started Wait for /xyz/openbmc_project/state/chassis0.
Jul 07 21:08:52 witherspoon system_manager.py[1010]: SystemManager Goto System State: BMC_READY
Jul 07 21:08:52 witherspoon system_manager.py[1010]: Running System State: BMC_READY
Jul 07 21:08:52 witherspoon systemd[1]: Started Wait for /org/openbmc/control/power0.
Jul 07 21:08:52 witherspoon systemd[1]: Starting Phosphor Time Manager daemon...
Jul 07 21:08:52 witherspoon systemd[1]: Starting Check Chassis0 pgood and create a file to indicate it...
Jul 07 21:08:53 witherspoon timemanager[1081]: Registering dbus methods
Jul 07 21:08:53 witherspoon timemanager[1081]: Last known time_mode: MANUAL
Jul 07 21:08:53 witherspoon timemanager[1081]: Last known time_owner: BMC
Jul 07 21:08:53 witherspoon timemanager[1081]: Empty DhcpNtp string
Jul 07 21:08:53 witherspoon timemanager[1081]: Reading Power Control key: pgood
Jul 07 21:08:53 witherspoon systemd[1]: Started Wait for /xyz/openbmc_project/state/host0.
Jul 07 21:08:53 witherspoon systemd[1]: Starting Reboot If Enabled...
Jul 07 21:08:53 witherspoon systemd[1]: Started Check Chassis0 pgood and create a file to indicate it.
Jul 07 21:08:53 witherspoon systemd[1]: Reached target Chassis0 power on after reset.
Jul 07 21:08:53 witherspoon systemd[1]: Reached target Host0 running after reset.
Jul 07 21:08:53 witherspoon systemd[1]: Reached target Host0 (Reset Check).
Jul 07 21:08:53 witherspoon systemd[1]: Reached target Chassis0 (Reset Check).
Jul 07 21:08:53 witherspoon timemanager[1081]: Changing settings *allowed* now
Jul 07 21:08:53 witherspoon timemanager[1081]: Getting System Settings: time_mode
Jul 07 21:08:53 witherspoon timemanager[1081]: Requested_Mode: MANUAL Current_Mode: MANUAL
Jul 07 21:08:53 witherspoon timemanager[1081]: Mode is already set to : MANUAL
Jul 07 21:08:53 witherspoon timemanager[1081]: Getting System Settings: time_owner
Jul 07 21:08:53 witherspoon phosphor-discover-system-state[1091]: Host power is off, checking power policy
Jul 07 21:08:53 witherspoon systemd[1]: Started Reboot If Enabled.
Jul 07 21:08:54 witherspoon timemanager[1081]: Owner is already set to : BMC
Jul 07 21:08:54 witherspoon timemanager[1081]: Getting System Settings: use_dhcp_ntp
Jul 07 21:08:54 witherspoon timemanager[1081]: use_dhcp_ntp = yes
Jul 07 21:08:54 witherspoon timemanager[1081]: Last known host_offset:0
Jul 07 21:08:54 witherspoon timemanager[1081]: Initial Uptime Usec: 1499461621691507
Jul 07 21:08:54 witherspoon systemd[1]: Started Phosphor Time Manager daemon.
Jul 07 21:08:54 witherspoon systemd[1]: Reached target Phosphor System - Standby.
Jul 07 21:08:54 witherspoon systemd[1]: Startup finished in 8.525s (kernel) + 1min 43.880s (userspace) = 1min 52.405s.
Jul 07 21:08:54 witherspoon phosphor-bmc-state-manager[1064]: BMC_READY
Jul 07 21:08:54 witherspoon phosphor-bmc-state-manager[1064]: Setting the BMCState field
Jul 07 21:08:57 witherspoon phosphor-gevent[1001]: Traceback (most recent call last):
Jul 07 21:08:57 witherspoon phosphor-gevent[1001]:   File "/usr/lib/python2.7/site-packages/gevent/greenlet.py", line 327, in run
Jul 07 21:08:57 witherspoon phosphor-gevent[1001]:     result = self._run(*self.args, **self.kwargs)
Jul 07 21:08:57 witherspoon phosphor-gevent[1001]:   File "/usr/lib/python2.7/site-packages/gevent/server.py", line 102, in wrap_socket_and_handle
Jul 07 21:08:57 witherspoon phosphor-gevent[1001]:     ssl_socket = self.wrap_socket(client_socket, **self.ssl_args)
Jul 07 21:08:57 witherspoon phosphor-gevent[1001]:   File "/usr/lib/python2.7/site-packages/gevent/ssl.py", line 404, in wrap_socket
Jul 07 21:08:57 witherspoon phosphor-gevent[1001]:     ciphers=ciphers)
Jul 07 21:08:57 witherspoon phosphor-gevent[1001]:   File "/usr/lib/python2.7/site-packages/gevent/ssl.py", line 113, in __init__
Jul 07 21:08:57 witherspoon phosphor-gevent[1001]:     self.do_handshake()
Jul 07 21:08:57 witherspoon phosphor-gevent[1001]:   File "/usr/lib/python2.7/site-packages/gevent/ssl.py", line 324, in do_handshake
Jul 07 21:08:57 witherspoon phosphor-gevent[1001]:     return self._sslobj.do_handshake()
Jul 07 21:08:57 witherspoon phosphor-gevent[1001]: SSLEOFError: EOF occurred in violation of protocol (_ssl.c:590)
Jul 07 21:08:57 witherspoon phosphor-gevent[1001]: <Greenlet at 0x75fd4300: <bound method WSGIServer.wrap_socket_and_handle of <WSGIServer at 0x75fad8d0 fileno=5 address=('::3402:ec76:b0dd:6176%1986125216', 443, 0, 1986125216)>>(<socket at 0x75e832f0 fileno=9>, ('::80e9:5f76:8e91:f402%1995107100', 44756, 0, 199)> failed with SSLEOFError
Jul 07 21:08:57 witherspoon phosphor-gevent[1001]: Traceback (most recent call last):
Jul 07 21:08:57 witherspoon phosphor-gevent[1001]:   File "/usr/lib/python2.7/site-packages/gevent/greenlet.py", line 327, in run
Jul 07 21:08:57 witherspoon phosphor-gevent[1001]:     result = self._run(*self.args, **self.kwargs)
Jul 07 21:08:57 witherspoon phosphor-gevent[1001]:   File "/usr/lib/python2.7/site-packages/gevent/server.py", line 102, in wrap_socket_and_handle
Jul 07 21:08:57 witherspoon phosphor-gevent[1001]:     ssl_socket = self.wrap_socket(client_socket, **self.ssl_args)
Jul 07 21:08:57 witherspoon phosphor-gevent[1001]:   File "/usr/lib/python2.7/site-packages/gevent/ssl.py", line 404, in wrap_socket
Jul 07 21:08:57 witherspoon phosphor-gevent[1001]:     ciphers=ciphers)
Jul 07 21:08:57 witherspoon phosphor-gevent[1001]:   File "/usr/lib/python2.7/site-packages/gevent/ssl.py", line 113, in __init__
Jul 07 21:08:57 witherspoon phosphor-gevent[1001]:     self.do_handshake()
Jul 07 21:08:57 witherspoon phosphor-gevent[1001]:   File "/usr/lib/python2.7/site-packages/gevent/ssl.py", line 324, in do_handshake
Jul 07 21:08:57 witherspoon phosphor-gevent[1001]:     return self._sslobj.do_handshake()
Jul 07 21:08:57 witherspoon phosphor-gevent[1001]: SSLEOFError: EOF occurred in violation of protocol (_ssl.c:590)
Jul 07 21:08:57 witherspoon phosphor-gevent[1001]: <Greenlet at 0x75fd45d0: <bound method WSGIServer.wrap_socket_and_handle of <WSGIServer at 0x75fad8d0 fileno=5 address=('::3402:ec76:b0dd:6176%1986125216', 443, 0, 1986125216)>>(<socket at 0x75e83290 fileno=10>, ('::80e9:5f76:8e91:f402%1995107100', 44760, 0, 199)> failed with SSLEOFError
Jul 07 21:08:57 witherspoon phosphor-gevent[1001]: Traceback (most recent call last):
Jul 07 21:08:57 witherspoon phosphor-gevent[1001]:   File "/usr/lib/python2.7/site-packages/gevent/greenlet.py", line 327, in run
Jul 07 21:08:57 witherspoon phosphor-gevent[1001]:     result = self._run(*self.args, **self.kwargs)
Jul 07 21:08:57 witherspoon phosphor-gevent[1001]:   File "/usr/lib/python2.7/site-packages/gevent/server.py", line 102, in wrap_socket_and_handle
Jul 07 21:08:57 witherspoon phosphor-gevent[1001]:     ssl_socket = self.wrap_socket(client_socket, **self.ssl_args)
Jul 07 21:08:57 witherspoon phosphor-gevent[1001]:   File "/usr/lib/python2.7/site-packages/gevent/ssl.py", line 404, in wrap_socket
Jul 07 21:08:57 witherspoon phosphor-gevent[1001]:     ciphers=ciphers)
Jul 07 21:08:57 witherspoon phosphor-gevent[1001]:   File "/usr/lib/python2.7/site-packages/gevent/ssl.py", line 113, in __init__
Jul 07 21:08:57 witherspoon phosphor-gevent[1001]:     self.do_handshake()
Jul 07 21:08:57 witherspoon phosphor-gevent[1001]:   File "/usr/lib/python2.7/site-packages/gevent/ssl.py", line 324, in do_handshake
Jul 07 21:08:57 witherspoon phosphor-gevent[1001]:     return self._sslobj.do_handshake()
Jul 07 21:08:57 witherspoon phosphor-gevent[1001]: SSLEOFError: EOF occurred in violation of protocol (_ssl.c:590)
Jul 07 21:08:57 witherspoon phosphor-gevent[1001]: <Greenlet at 0x75fd42b0: <bound method WSGIServer.wrap_socket_and_handle of <WSGIServer at 0x75fad8d0 fileno=5 address=('::3402:ec76:b0dd:6176%1986125216', 443, 0, 1986125216)>>(<socket at 0x75e83330 fileno=11>, ('::80e9:5f76:8e91:f402%1995107100', 44762, 0, 199)> failed with SSLEOFError
Jul 07 21:09:17 witherspoon phosphor-gevent[1001]: ::80e9:5f76:8e91:f402%1995107100 - - [2017-07-07 21:09:17] "POST /login HTTP/1.1" 200 320 0.057432
Jul 07 21:09:17 witherspoon phosphor-gevent[1001]: ::80e9:5f76:8e91:f402%1995107100 - - [2017-07-07 21:09:17] "GET /xyz/openbmc_project/state/chassis0//attr/CurrentPowerState HTTP/1.1" 200 216 0.061348
Jul 07 21:09:17 witherspoon phosphor-gevent[1001]: ::80e9:5f76:8e91:f402%1995107100 - - [2017-07-07 21:09:17] "POST /login HTTP/1.1" 200 320 0.085567
Jul 07 21:09:17 witherspoon phosphor-gevent[1001]: ::80e9:5f76:8e91:f402%1995107100 - - [2017-07-07 21:09:17] "GET /xyz/openbmc_project/state/chassis0//attr/CurrentPowerState HTTP/1.1" 200 216 0.051699
Jul 07 21:09:17 witherspoon phosphor-gevent[1001]: ::80e9:5f76:8e91:f402%1995107100 - - [2017-07-07 21:09:17] "POST /login HTTP/1.1" 200 320 0.032973
Jul 07 21:09:18 witherspoon phosphor-gevent[1001]: ::80e9:5f76:8e91:f402%1995107100 - - [2017-07-07 21:09:18] "GET /org/openbmc/sensors/host/BootProgress/attr/value HTTP/1.1" 200 170 0.056202
Jul 07 21:09:18 witherspoon phosphor-gevent[1001]: ::80e9:5f76:8e91:f402%1995107100 - - [2017-07-07 21:09:18] "POST /login HTTP/1.1" 200 320 0.032948
Jul 07 21:09:18 witherspoon phosphor-gevent[1001]: ::80e9:5f76:8e91:f402%1995107100 - - [2017-07-07 21:09:18] "GET /xyz/openbmc_project/state/host0//attr/CurrentHostState HTTP/1.1" 200 212 0.065122
Jul 07 21:09:18 witherspoon phosphor-gevent[1001]: ::80e9:5f76:8e91:f402%1995107100 - - [2017-07-07 21:09:18] "POST /login HTTP/1.1" 200 320 0.033207
Jul 07 21:09:18 witherspoon phosphor-gevent[1001]: ::80e9:5f76:8e91:f402%1995107100 - - [2017-07-07 21:09:18] "GET /xyz/openbmc_project/logging/entry//list HTTP/1.1" 404 311 0.049205
Jul 07 21:09:18 witherspoon dropbear[986]: Exit (root): Error reading: Connection reset by peer
Jul 07 21:09:18 witherspoon systemd[1]: Started SSH Per-Connection Server (9.41.165.94:43756).
Jul 07 21:09:18 witherspoon dropbear[1100]: Failed loading /etc/dropbear/dropbear_dss_host_key
Jul 07 21:09:18 witherspoon dropbear[1100]: Failed loading /etc/dropbear/dropbear_ecdsa_host_key
Jul 07 21:09:18 witherspoon dropbear[1100]: Child connection from ::ffff:9.41.165.94:43756
Jul 07 21:09:19 witherspoon dropbear[1100]: PAM password auth succeeded for 'root' from ::ffff:9.41.165.94:43756
Jul 07 21:09:19 witherspoon dropbear[1101]: lastlog_perform_login: Couldn't stat /var/log/lastlog: No such file or directory
Jul 07 21:09:19 witherspoon dropbear[1101]: lastlog_openseek: /var/log/lastlog is not a file or directory!
Jul 07 21:09:20 witherspoon phosphor-gevent[1001]: ::80e9:5f76:8e91:f402%1995107100 - - [2017-07-07 21:09:20] "POST /login HTTP/1.1" 200 320 0.033287
Jul 07 21:09:20 witherspoon phosphor-gevent[1001]: ::80e9:5f76:8e91:f402%1995107100 - - [2017-07-07 21:09:20] "GET /xyz/openbmc_project/state/host0//attr/CurrentHostState HTTP/1.1" 200 212 0.054095
Jul 07 21:09:21 witherspoon dropbear[1100]: Exit (root): Exited normally
Jul 07 21:09:23 witherspoon systemd[1]: Started SSH Per-Connection Server (9.41.165.94:43760).
Jul 07 21:09:23 witherspoon dropbear[1110]: Failed loading /etc/dropbear/dropbear_dss_host_key
Jul 07 21:09:23 witherspoon dropbear[1110]: Failed loading /etc/dropbear/dropbear_ecdsa_host_key
Jul 07 21:09:23 witherspoon dropbear[1110]: Child connection from ::ffff:9.41.165.94:43760
Jul 07 21:09:24 witherspoon dropbear[1110]: PAM password auth succeeded for 'root' from ::ffff:9.41.165.94:43760
Jul 07 21:09:24 witherspoon dropbear[1111]: lastlog_perform_login: Couldn't stat /var/log/lastlog: No such file or directory
Jul 07 21:09:24 witherspoon dropbear[1111]: lastlog_openseek: /var/log/lastlog is not a file or directory!
Jul 07 21:09:26 witherspoon phosphor-gevent[1001]: ::80e9:5f76:8e91:f402%1995107100 - - [2017-07-07 21:09:26] "POST /login HTTP/1.1" 200 320 0.033003
Jul 07 21:09:26 witherspoon phosphor-gevent[1001]: ::80e9:5f76:8e91:f402%1995107100 - - [2017-07-07 21:09:26] "PUT /org/openbmc/settings/host0/attr/power_policy HTTP/1.1" 200 169 0.177144
Jul 07 21:09:26 witherspoon phosphor-gevent[1001]: ::80e9:5f76:8e91:f402%1995107100 - - [2017-07-07 21:09:26] "POST /login HTTP/1.1" 200 320 0.033256
Jul 07 21:09:26 witherspoon phosphor-gevent[1001]: ::80e9:5f76:8e91:f402%1995107100 - - [2017-07-07 21:09:26] "GET /org/openbmc/settings/host0/attr/power_policy HTTP/1.1" 200 185 0.106606
Jul 07 21:09:26 witherspoon systemd[1]: Started SSH Per-Connection Server (9.41.165.94:43766).
Jul 07 21:09:27 witherspoon dropbear[1117]: Failed loading /etc/dropbear/dropbear_dss_host_key
Jul 07 21:09:27 witherspoon dropbear[1117]: Failed loading /etc/dropbear/dropbear_ecdsa_host_key
Jul 07 21:09:27 witherspoon dropbear[1117]: Child connection from ::ffff:9.41.165.94:43766
Jul 07 21:09:27 witherspoon dropbear[1117]: PAM password auth succeeded for 'root' from ::ffff:9.41.165.94:43766
Jul 07 21:09:27 witherspoon dropbear[1118]: lastlog_perform_login: Couldn't stat /var/log/lastlog: No such file or directory
Jul 07 21:09:27 witherspoon dropbear[1118]: lastlog_openseek: /var/log/lastlog is not a file or directory!
Jul 07 21:09:28 witherspoon phosphor-gevent[1001]: ::80e9:5f76:8e91:f402%1995107100 - - [2017-07-07 21:09:28] "POST /login HTTP/1.1" 200 320 0.033242
Jul 07 21:09:28 witherspoon phosphor-gevent[1001]: ::80e9:5f76:8e91:f402%1995107100 - - [2017-07-07 21:09:28] "GET /xyz/openbmc_project/state/chassis0//attr/CurrentPowerState HTTP/1.1" 200 216 0.060514
Jul 07 21:09:29 witherspoon phosphor-gevent[1001]: ::80e9:5f76:8e91:f402%1995107100 - - [2017-07-07 21:09:29] "POST /login HTTP/1.1" 200 320 0.036772
Jul 07 21:09:29 witherspoon phosphor-gevent[1001]: ::80e9:5f76:8e91:f402%1995107100 - - [2017-07-07 21:09:29] "GET /xyz/openbmc_project/state/bmc0//attr/CurrentBMCState HTTP/1.1" 200 212 0.078602
Jul 07 21:09:29 witherspoon phosphor-gevent[1001]: ::80e9:5f76:8e91:f402%1995107100 - - [2017-07-07 21:09:29] "POST /login HTTP/1.1" 200 320 0.054385
Jul 07 21:09:29 witherspoon phosphor-gevent[1001]: ::80e9:5f76:8e91:f402%1995107100 - - [2017-07-07 21:09:29] "GET /org/openbmc/sensors/host/BootProgress/attr/value HTTP/1.1" 200 170 0.052447
Jul 07 21:09:29 witherspoon phosphor-gevent[1001]: ::80e9:5f76:8e91:f402%1995107100 - - [2017-07-07 21:09:29] "POST /login HTTP/1.1" 200 320 0.033528
Jul 07 21:09:29 witherspoon phosphor-gevent[1001]: ::80e9:5f76:8e91:f402%1995107100 - - [2017-07-07 21:09:29] "GET /xyz/openbmc_project/state/host0//attr/CurrentHostState HTTP/1.1" 200 212 0.050072
Jul 07 21:09:30 witherspoon phosphor-gevent[1001]: ::80e9:5f76:8e91:f402%1995107100 - - [2017-07-07 21:09:30] "POST /login HTTP/1.1" 200 320 0.033127
Jul 07 21:09:30 witherspoon phosphor-gevent[1001]: ::80e9:5f76:8e91:f402%1995107100 - - [2017-07-07 21:09:30] "GET /xyz/openbmc_project/logging/entry//list HTTP/1.1" 404 311 0.029710
Jul 07 21:09:30 witherspoon systemd[1]: Started SSH Per-Connection Server (9.41.165.94:43778).
Jul 07 21:09:30 witherspoon dropbear[1121]: Failed loading /etc/dropbear/dropbear_dss_host_key
Jul 07 21:09:30 witherspoon dropbear[1121]: Failed loading /etc/dropbear/dropbear_ecdsa_host_key
Jul 07 21:09:30 witherspoon dropbear[1121]: Child connection from ::ffff:9.41.165.94:43778
Jul 07 21:09:30 witherspoon dropbear[1121]: PAM password auth succeeded for 'root' from ::ffff:9.41.165.94:43778
Jul 07 21:10:02 witherspoon phosphor-gevent[1001]: ::80e9:5f76:8e91:f402%1995107100 - - [2017-07-07 21:10:02] "POST /login HTTP/1.1" 200 320 0.049491
Jul 07 21:10:02 witherspoon phosphor-gevent[1001]: ::80e9:5f76:8e91:f402%1995107100 - - [2017-07-07 21:10:02] "POST /org/openbmc/control/flash/bios//action/update HTTP/1.1" 200 169 0.291371
Jul 07 21:10:02 witherspoon flash_bios.exe[1027]: Starting flasher: bios,/tmp/witherspoon_20170704n.pnor,/org/openbmc/control/flash/bios,
Jul 07 21:10:02 witherspoon flash_bios.exe[1027]: flasher: /tmp/witherspoon_20170704n.pnor, BMC = 1, address = 0x0
Jul 07 21:10:02 witherspoon flash_bios.exe[1027]: Setting up flash
Jul 07 21:10:03 witherspoon phosphor-gevent[1001]: ::80e9:5f76:8e91:f402%1995107100 - - [2017-07-07 21:10:03] "POST /login HTTP/1.1" 200 320 0.050156
Jul 07 21:10:03 witherspoon phosphor-gevent[1001]: ::80e9:5f76:8e91:f402%1995107100 - - [2017-07-07 21:10:03] "GET /org/openbmc/control/flash/bios HTTP/1.1" 200 396 0.175243
Jul 07 21:10:03 witherspoon phosphor-gevent[1001]: ::80e9:5f76:8e91:f402%1995107100 - - [2017-07-07 21:10:03] "POST /login HTTP/1.1" 200 320 0.041645
Jul 07 21:10:04 witherspoon phosphor-gevent[1001]: ::80e9:5f76:8e91:f402%1995107100 - - [2017-07-07 21:10:04] "GET /org/openbmc/control/flash/bios HTTP/1.1" 200 396 0.195912
Jul 07 21:10:14 witherspoon phosphor-gevent[1001]: ::80e9:5f76:8e91:f402%1995107100 - - [2017-07-07 21:10:14] "POST /login HTTP/1.1" 200 320 0.033007
Jul 07 21:10:14 witherspoon phosphor-gevent[1001]: ::80e9:5f76:8e91:f402%1995107100 - - [2017-07-07 21:10:14] "GET /org/openbmc/control/flash/bios HTTP/1.1" 200 396 0.070981
Jul 07 21:10:24 witherspoon phosphor-gevent[1001]: ::80e9:5f76:8e91:f402%1995107100 - - [2017-07-07 21:10:24] "POST /login HTTP/1.1" 200 320 0.038560
Jul 07 21:10:24 witherspoon phosphor-gevent[1001]: ::80e9:5f76:8e91:f402%1995107100 - - [2017-07-07 21:10:24] "GET /org/openbmc/control/flash/bios HTTP/1.1" 200 396 0.067804
Jul 07 21:10:35 witherspoon phosphor-gevent[1001]: ::80e9:5f76:8e91:f402%1995107100 - - [2017-07-07 21:10:35] "POST /login HTTP/1.1" 200 320 0.033020
Jul 07 21:10:35 witherspoon phosphor-gevent[1001]: ::80e9:5f76:8e91:f402%1995107100 - - [2017-07-07 21:10:35] "GET /org/openbmc/control/flash/bios HTTP/1.1" 200 396 0.069769
Jul 07 21:10:45 witherspoon phosphor-gevent[1001]: ::80e9:5f76:8e91:f402%1995107100 - - [2017-07-07 21:10:45] "POST /login HTTP/1.1" 200 320 0.033624
Jul 07 21:10:46 witherspoon phosphor-gevent[1001]: ::80e9:5f76:8e91:f402%1995107100 - - [2017-07-07 21:10:46] "GET /org/openbmc/control/flash/bios HTTP/1.1" 200 396 0.604769
Jul 07 21:10:56 witherspoon phosphor-gevent[1001]: ::80e9:5f76:8e91:f402%1995107100 - - [2017-07-07 21:10:56] "POST /login HTTP/1.1" 200 320 0.034069
Jul 07 21:10:56 witherspoon phosphor-gevent[1001]: ::80e9:5f76:8e91:f402%1995107100 - - [2017-07-07 21:10:56] "GET /org/openbmc/control/flash/bios HTTP/1.1" 200 396 0.067635
Jul 07 21:11:06 witherspoon phosphor-gevent[1001]: ::80e9:5f76:8e91:f402%1995107100 - - [2017-07-07 21:11:06] "POST /login HTTP/1.1" 200 320 0.032970
Jul 07 21:11:07 witherspoon phosphor-gevent[1001]: ::80e9:5f76:8e91:f402%1995107100 - - [2017-07-07 21:11:07] "GET /org/openbmc/control/flash/bios HTTP/1.1" 200 396 0.801086
Jul 07 21:11:17 witherspoon phosphor-gevent[1001]: ::80e9:5f76:8e91:f402%1995107100 - - [2017-07-07 21:11:17] "POST /login HTTP/1.1" 200 320 0.039642
Jul 07 21:11:17 witherspoon phosphor-gevent[1001]: ::80e9:5f76:8e91:f402%1995107100 - - [2017-07-07 21:11:17] "GET /org/openbmc/control/flash/bios HTTP/1.1" 200 396 0.067927
Jul 07 21:11:27 witherspoon phosphor-gevent[1001]: ::80e9:5f76:8e91:f402%1995107100 - - [2017-07-07 21:11:27] "POST /login HTTP/1.1" 200 320 0.033125
Jul 07 21:11:27 witherspoon phosphor-gevent[1001]: ::80e9:5f76:8e91:f402%1995107100 - - [2017-07-07 21:11:27] "GET /org/openbmc/control/flash/bios HTTP/1.1" 200 396 0.068087
Jul 07 21:11:38 witherspoon phosphor-gevent[1001]: ::80e9:5f76:8e91:f402%1995107100 - - [2017-07-07 21:11:38] "POST /login HTTP/1.1" 200 320 0.033408
Jul 07 21:11:38 witherspoon phosphor-gevent[1001]: ::80e9:5f76:8e91:f402%1995107100 - - [2017-07-07 21:11:38] "GET /org/openbmc/control/flash/bios HTTP/1.1" 200 396 0.067751
Jul 07 21:11:48 witherspoon phosphor-gevent[1001]: ::80e9:5f76:8e91:f402%1995107100 - - [2017-07-07 21:11:48] "POST /login HTTP/1.1" 200 320 0.033204
Jul 07 21:11:48 witherspoon phosphor-gevent[1001]: ::80e9:5f76:8e91:f402%1995107100 - - [2017-07-07 21:11:48] "GET /org/openbmc/control/flash/bios HTTP/1.1" 200 396 0.067979
Jul 07 21:11:58 witherspoon phosphor-gevent[1001]: ::80e9:5f76:8e91:f402%1995107100 - - [2017-07-07 21:11:58] "POST /login HTTP/1.1" 200 320 0.033558
Jul 07 21:11:58 witherspoon phosphor-gevent[1001]: ::80e9:5f76:8e91:f402%1995107100 - - [2017-07-07 21:11:58] "GET /org/openbmc/control/flash/bios HTTP/1.1" 200 396 0.068101
Jul 07 21:12:08 witherspoon phosphor-gevent[1001]: ::80e9:5f76:8e91:f402%1995107100 - - [2017-07-07 21:12:08] "POST /login HTTP/1.1" 200 320 0.039271
Jul 07 21:12:09 witherspoon phosphor-gevent[1001]: ::80e9:5f76:8e91:f402%1995107100 - - [2017-07-07 21:12:09] "GET /org/openbmc/control/flash/bios HTTP/1.1" 200 401 0.067775
Jul 07 21:12:19 witherspoon phosphor-gevent[1001]: ::80e9:5f76:8e91:f402%1995107100 - - [2017-07-07 21:12:19] "POST /login HTTP/1.1" 200 320 0.033240
Jul 07 21:12:19 witherspoon phosphor-gevent[1001]: ::80e9:5f76:8e91:f402%1995107100 - - [2017-07-07 21:12:19] "GET /org/openbmc/control/flash/bios HTTP/1.1" 200 401 0.068365
Jul 07 21:12:29 witherspoon phosphor-gevent[1001]: ::80e9:5f76:8e91:f402%1995107100 - - [2017-07-07 21:12:29] "POST /login HTTP/1.1" 200 320 0.033753
Jul 07 21:12:29 witherspoon phosphor-gevent[1001]: ::80e9:5f76:8e91:f402%1995107100 - - [2017-07-07 21:12:29] "GET /org/openbmc/control/flash/bios HTTP/1.1" 200 401 0.068579
Jul 07 21:12:39 witherspoon phosphor-gevent[1001]: ::80e9:5f76:8e91:f402%1995107100 - - [2017-07-07 21:12:39] "POST /login HTTP/1.1" 200 320 0.033807
Jul 07 21:12:39 witherspoon phosphor-gevent[1001]: ::80e9:5f76:8e91:f402%1995107100 - - [2017-07-07 21:12:39] "GET /org/openbmc/control/flash/bios HTTP/1.1" 200 401 0.068821
Jul 07 21:12:50 witherspoon phosphor-gevent[1001]: ::80e9:5f76:8e91:f402%1995107100 - - [2017-07-07 21:12:50] "POST /login HTTP/1.1" 200 320 0.033616
Jul 07 21:12:50 witherspoon phosphor-gevent[1001]: ::80e9:5f76:8e91:f402%1995107100 - - [2017-07-07 21:12:50] "GET /org/openbmc/control/flash/bios HTTP/1.1" 200 401 0.071158
Jul 07 21:12:58 witherspoon flash_bios.exe[1027]: Erasing... (may take a while !) done !
Jul 07 21:12:58 witherspoon flash_bios.exe[1027]: About to program "/tmp/witherspoon_20170704n.pnor" at 0x00000000..0x04000000 !
Jul 07 21:12:58 witherspoon flash_bios.exe[1027]: Programming & Verifying...
Jul 07 21:12:58 witherspoon flash_bios.exe[1027]: Flash done
Jul 07 21:13:00 witherspoon phosphor-gevent[1001]: ::80e9:5f76:8e91:f402%1995107100 - - [2017-07-07 21:13:00] "POST /login HTTP/1.1" 200 320 0.040368
Jul 07 21:13:00 witherspoon phosphor-gevent[1001]: ::80e9:5f76:8e91:f402%1995107100 - - [2017-07-07 21:13:00] "GET /org/openbmc/control/flash/bios HTTP/1.1" 200 398 0.068924
Jul 07 21:13:00 witherspoon systemd[1]: Started SSH Per-Connection Server (9.41.165.94:43826).
Jul 07 21:13:00 witherspoon dropbear[1127]: Failed loading /etc/dropbear/dropbear_dss_host_key
Jul 07 21:13:00 witherspoon dropbear[1127]: Failed loading /etc/dropbear/dropbear_ecdsa_host_key
Jul 07 21:13:00 witherspoon dropbear[1127]: Child connection from ::ffff:9.41.165.94:43826
Jul 07 21:13:01 witherspoon dropbear[1127]: PAM password auth succeeded for 'root' from ::ffff:9.41.165.94:43826
Jul 07 21:13:01 witherspoon dropbear[1128]: lastlog_perform_login: Couldn't stat /var/log/lastlog: No such file or directory
Jul 07 21:13:01 witherspoon dropbear[1128]: lastlog_openseek: /var/log/lastlog is not a file or directory!
Jul 07 21:13:02 witherspoon phosphor-gevent[1001]: ::80e9:5f76:8e91:f402%1995107100 - - [2017-07-07 21:13:02] "POST /login HTTP/1.1" 200 320 0.033397
Jul 07 21:13:02 witherspoon phosphor-gevent[1001]: ::80e9:5f76:8e91:f402%1995107100 - - [2017-07-07 21:13:02] "GET /xyz/openbmc_project/state/host0//attr/CurrentHostState HTTP/1.1" 200 212 0.051621
Jul 07 21:13:02 witherspoon systemd[1]: Created slice system-obmc\x2dconsole\x2dssh.slice.
Jul 07 21:13:02 witherspoon dropbear[1132]: Failed loading /etc/dropbear/dropbear_dss_host_key
Jul 07 21:13:02 witherspoon systemd[1]: Started Phosphor Host Console SSH Per-Connection (9.41.165.94:60612).
Jul 07 21:13:02 witherspoon dropbear[1132]: Failed loading /etc/dropbear/dropbear_ecdsa_host_key
Jul 07 21:13:02 witherspoon dropbear[1132]: Child connection from ::ffff:9.41.165.94:60612
Jul 07 21:13:03 witherspoon phosphor-gevent[1001]: ::80e9:5f76:8e91:f402%1995107100 - - [2017-07-07 21:13:03] "POST /login HTTP/1.1" 200 320 0.033570
Jul 07 21:13:03 witherspoon dropbear[1132]: PAM password auth succeeded for 'root' from ::ffff:9.41.165.94:60612
Jul 07 21:13:03 witherspoon dropbear[1133]: lastlog_perform_login: Couldn't stat /var/log/lastlog: No such file or directory
Jul 07 21:13:03 witherspoon dropbear[1133]: lastlog_openseek: /var/log/lastlog is not a file or directory!
Jul 07 21:13:03 witherspoon phosphor-gevent[1001]: ::80e9:5f76:8e91:f402%1995107100 - - [2017-07-07 21:13:03] "PUT /org/openbmc/settings/host0/attr/power_policy HTTP/1.1" 200 169 0.362430
Jul 07 21:13:04 witherspoon phosphor-gevent[1001]: ::80e9:5f76:8e91:f402%1995107100 - - [2017-07-07 21:13:04] "POST /login HTTP/1.1" 200 320 0.033928
Jul 07 21:13:04 witherspoon phosphor-gevent[1001]: ::80e9:5f76:8e91:f402%1995107100 - - [2017-07-07 21:13:04] "GET /org/openbmc/settings/host0/attr/power_policy HTTP/1.1" 200 185 0.083930
Jul 07 21:13:04 witherspoon systemd[1]: Started SSH Per-Connection Server (9.41.165.94:43836).
Jul 07 21:13:04 witherspoon dropbear[1134]: Failed loading /etc/dropbear/dropbear_dss_host_key
Jul 07 21:13:04 witherspoon dropbear[1134]: Failed loading /etc/dropbear/dropbear_ecdsa_host_key
Jul 07 21:13:04 witherspoon dropbear[1134]: Child connection from ::ffff:9.41.165.94:43836
Jul 07 21:13:04 witherspoon dropbear[1134]: PAM password auth succeeded for 'root' from ::ffff:9.41.165.94:43836
Jul 07 21:13:05 witherspoon dropbear[1135]: lastlog_perform_login: Couldn't stat /var/log/lastlog: No such file or directory
Jul 07 21:13:05 witherspoon dropbear[1135]: lastlog_openseek: /var/log/lastlog is not a file or directory!
Jul 07 21:13:06 witherspoon phosphor-gevent[1001]: ::80e9:5f76:8e91:f402%1995107100 - - [2017-07-07 21:13:06] "POST /login HTTP/1.1" 200 320 0.055684
Jul 07 21:13:06 witherspoon phosphor-gevent[1001]: ::80e9:5f76:8e91:f402%1995107100 - - [2017-07-07 21:13:06] "GET /xyz/openbmc_project/state/chassis0//attr/CurrentPowerState HTTP/1.1" 200 216 0.064406
Jul 07 21:13:06 witherspoon phosphor-gevent[1001]: ::80e9:5f76:8e91:f402%1995107100 - - [2017-07-07 21:13:06] "POST /login HTTP/1.1" 200 320 0.050083
Jul 07 21:13:06 witherspoon phosphor-gevent[1001]: ::80e9:5f76:8e91:f402%1995107100 - - [2017-07-07 21:13:06] "GET /xyz/openbmc_project/state/bmc0//attr/CurrentBMCState HTTP/1.1" 200 212 0.107370
Jul 07 21:13:06 witherspoon phosphor-gevent[1001]: ::80e9:5f76:8e91:f402%1995107100 - - [2017-07-07 21:13:06] "POST /login HTTP/1.1" 200 320 0.041095
Jul 07 21:13:06 witherspoon phosphor-gevent[1001]: ::80e9:5f76:8e91:f402%1995107100 - - [2017-07-07 21:13:06] "GET /org/openbmc/sensors/host/BootProgress/attr/value HTTP/1.1" 200 170 0.052879
Jul 07 21:13:07 witherspoon phosphor-gevent[1001]: ::80e9:5f76:8e91:f402%1995107100 - - [2017-07-07 21:13:07] "POST /login HTTP/1.1" 200 320 0.033793
Jul 07 21:13:07 witherspoon phosphor-gevent[1001]: ::80e9:5f76:8e91:f402%1995107100 - - [2017-07-07 21:13:07] "GET /xyz/openbmc_project/state/host0//attr/CurrentHostState HTTP/1.1" 200 212 0.060616
Jul 07 21:13:07 witherspoon phosphor-gevent[1001]: ::80e9:5f76:8e91:f402%1995107100 - - [2017-07-07 21:13:07] "POST /login HTTP/1.1" 200 320 0.033985
Jul 07 21:13:07 witherspoon phosphor-host-state-manager[1063]: Host State transaction request
Jul 07 21:13:07 witherspoon phosphor-gevent[1001]: ::80e9:5f76:8e91:f402%1995107100 - - [2017-07-07 21:13:07] "PUT /xyz/openbmc_project/state/host0//attr/RequestedHostTransition HTTP/1.1" 200 169 0.249724
Jul 07 21:13:07 witherspoon systemd[1]: Created slice system-ucd_disable_vcs.slice.
Jul 07 21:13:07 witherspoon systemd[1]: Created slice system-phosphor\x2dgpio\x2dmonitor.slice.
Jul 07 21:13:07 witherspoon systemd[1]: Created slice system-ir35221\x2don\x2dbind.slice.
Jul 07 21:13:07 witherspoon systemd[1]: Created slice system-phosphor\x2dfan\x2dcontrol\x2dinit.slice.
Jul 07 21:13:07 witherspoon systemd[1]: Created slice system-mapper\x2dsubtree\x2dremove.slice.
Jul 07 21:13:08 witherspoon systemd[1]: Starting Witherspoon Fan Watchdog Reset...
Jul 07 21:13:08 witherspoon systemd[1]: Started Witherspoon Fan Watchdog Daemon.
Jul 07 21:13:08 witherspoon systemd[1]: Starting Wait for /xyz/openbmc_project/watchdog/host0...
Jul 07 21:13:08 witherspoon systemd[1]: Created slice system-obmc\x2denable\x2dhost\x2dwatchdog.slice.
Jul 07 21:13:08 witherspoon systemd[1]: Created slice system-avsbus\x2ddisable.slice.
Jul 07 21:13:08 witherspoon systemd[1]: Created slice system-op\x2dwait\x2dpower\x2don.slice.
Jul 07 21:13:08 witherspoon systemd[1]: Created slice system-ir35221\x2don\x2dunbind.slice.
Jul 07 21:13:08 witherspoon systemd[1]: Created slice system-vrm\x2dcontrol.slice.
Jul 07 21:13:08 witherspoon systemd[1]: Reached target Powerwitherspoon-fan-watchdog (On).
Jul 07 21:13:08 witherspoon systemd[1]: Started Phosphor Fan Control Initialization.
Jul 07 21:13:08 witherspoon systemd[1]: Starting mapper subtree-remove /xyz/openbmc_project/software:xyz.openbmc_project.Software.ActivationBlocksTransition...
Jul 07 21:13:08 witherspoon systemd[1]: Created slice system-fsi\x2dbind.slice.
Jul 07 21:13:08 witherspoon systemd[1]: Starting Wait for /org/openbmc/control/chassis0...
Jul 07 21:13:08 witherspoon systemd[1]: Created slice system-op\x2dpower\x2dstart.slice.
Jul 07 21:13:08 witherspoon systemd[1]: Created slice system-vcs_on.slice.
Jul 07 21:13:08 witherspoon systemd[1]: Starting power on mode unbind ir35221 device driver devs...
Jul 07 21:13:08 witherspoon systemd[1]: Created slice system-avsbus\x2dworkaround.slice.
Jul 07 21:13:08 witherspoon phosphor-gevent[1001]: ::80e9:5f76:8e91:f402%1995107100 - - [2017-07-07 21:13:08] "POST /login HTTP/1.1" 200 320 0.033610
Jul 07 21:13:09 witherspoon systemd[1]: Starting Wait for Power0 to turn on...
Jul 07 21:13:09 witherspoon systemd[1]: Created slice system-phosphor\x2dwatchdog.slice.
Jul 07 21:13:09 witherspoon systemd[1]: Starting Wait for /xyz/openbmc_project/led/groups/power_on...
Jul 07 21:13:09 witherspoon systemd[1]: Created slice system-phosphor\x2dfan\x2dpresence\x2dtach.slice.
Jul 07 21:13:09 witherspoon phosphor-gevent[1001]: ::80e9:5f76:8e91:f402%1995107100 - - [2017-07-07 21:13:09] "GET /xyz/openbmc_project/state/chassis0//attr/CurrentPowerState HTTP/1.1" 200 216 0.773173
Jul 07 21:13:09 witherspoon systemd[1]: Created slice system-start_host.slice.
Jul 07 21:13:09 witherspoon systemd[1]: Created slice system-cfam_override.slice.
Jul 07 21:13:09 witherspoon systemd[1]: Created slice system-fsi\x2dscan.slice.
Jul 07 21:13:09 witherspoon systemd[1]: Created slice system-vcs_off.slice.
Jul 07 21:13:09 witherspoon systemd[1]: Starting Disable UCD VCS rails...
Jul 07 21:13:09 witherspoon systemd[1]: Created slice system-pcie\x2dslot\x2ddetect.slice.
Jul 07 21:13:09 witherspoon systemd[1]: Created slice system-avsbus\x2denable.slice.
