-- Logs begin at Thu 2017-08-03 15:42:59 UTC, end at Thu 2017-08-03 15:59:30 UTC. --
Aug 03 15:42:59 witherspoon kernel: Booting Linux on physical CPU 0x0
Aug 03 15:42:59 witherspoon kernel: Linux version 4.10.17-baeb50beb784ac5993d2bfb5d06d909971b60506 (jenkins@openbmc-builder1) (gcc version 6.2.0 (GCC) ) #1 Wed Aug 9 14:44:15 UTC 2017
Aug 03 15:42:59 witherspoon kernel: CPU: ARMv6-compatible processor [410fb767] revision 7 (ARMv7), cr=00c5387d
Aug 03 15:42:59 witherspoon kernel: CPU: PIPT / VIPT nonaliasing data cache, VIPT nonaliasing instruction cache
Aug 03 15:42:59 witherspoon kernel: OF: fdt:Machine model: Witherspoon BMC
Aug 03 15:42:59 witherspoon kernel: Memory policy: Data cache writeback
Aug 03 15:42:59 witherspoon kernel: SOC Rev: 04030303
Aug 03 15:42:59 witherspoon kernel: On node 0 totalpages: 110592
Aug 03 15:42:59 witherspoon kernel: free_area_init_node: node 0, pgdat 805ff5f4, node_mem_map 9ec1a000
Aug 03 15:42:59 witherspoon kernel:   Normal zone: 992 pages used for memmap
Aug 03 15:42:59 witherspoon kernel:   Normal zone: 0 pages reserved
Aug 03 15:42:59 witherspoon kernel:   Normal zone: 110592 pages, LIFO batch:31
Aug 03 15:42:59 witherspoon kernel: pcpu-alloc: s0 r0 d32768 u32768 alloc=1*32768
Aug 03 15:42:59 witherspoon kernel: pcpu-alloc: [0] 0 
Aug 03 15:42:59 witherspoon kernel: Built 1 zonelists in Zone order, mobility grouping on.  Total pages: 109600
Aug 03 15:42:59 witherspoon kernel: Kernel command line: console=ttyS4,115200n8 root=/dev/ram rw
Aug 03 15:42:59 witherspoon kernel: PID hash table entries: 2048 (order: 1, 8192 bytes)
Aug 03 15:42:59 witherspoon kernel: Dentry cache hash table entries: 65536 (order: 6, 262144 bytes)
Aug 03 15:42:59 witherspoon kernel: Inode-cache hash table entries: 32768 (order: 5, 131072 bytes)
Aug 03 15:42:59 witherspoon kernel: Memory: 430428K/442368K available (4065K kernel code, 280K rwdata, 1192K rodata, 284K init, 111K bss, 11940K reserved, 0K cma-reserved)
Aug 03 15:42:59 witherspoon kernel: Virtual kernel memory layout:
                                        vector  : 0xffff0000 - 0xffff1000   (   4 kB)
                                        fixmap  : 0xffc00000 - 0xfff00000   (3072 kB)
                                        vmalloc : 0x9f800000 - 0xff800000   (1536 MB)
                                        lowmem  : 0x80000000 - 0x9f000000   ( 496 MB)
                                          .text : 0x80008000 - 0x80400950   (4067 kB)
                                          .init : 0x80585000 - 0x805cc000   ( 284 kB)
                                          .data : 0x805cc000 - 0x80612358   ( 281 kB)
                                           .bss : 0x80612358 - 0x8062e1f8   ( 112 kB)
Aug 03 15:42:59 witherspoon kernel: NR_IRQS:16 nr_irqs:16 16
Aug 03 15:42:59 witherspoon kernel: i2c controller registered, irq 16
Aug 03 15:42:59 witherspoon kernel: clocksource: moxart_timer: mask: 0xffffffff max_cycles: 0xffffffff, max_idle_ns: 77222644334 ns
Aug 03 15:42:59 witherspoon kernel: sched_clock: 32 bits at 100 Hz, resolution 10000000ns, wraps every 21474836475000000ns
Aug 03 15:42:59 witherspoon kernel: Calibrating delay loop... 789.70 BogoMIPS (lpj=3948544)
Aug 03 15:42:59 witherspoon kernel: pid_max: default: 32768 minimum: 301
Aug 03 15:42:59 witherspoon kernel: Mount-cache hash table entries: 1024 (order: 0, 4096 bytes)
Aug 03 15:42:59 witherspoon kernel: Mountpoint-cache hash table entries: 1024 (order: 0, 4096 bytes)
Aug 03 15:42:59 witherspoon kernel: CPU: Testing write buffer coherency: ok
Aug 03 15:42:59 witherspoon kernel: ftrace: allocating 14934 entries in 44 pages
Aug 03 15:42:59 witherspoon kernel: Setting up static identity map for 0x80008200 - 0x8000825c
Aug 03 15:42:59 witherspoon kernel: devtmpfs: initialized
Aug 03 15:42:59 witherspoon kernel: clocksource: jiffies: mask: 0xffffffff max_cycles: 0xffffffff, max_idle_ns: 19112604462750000 ns
Aug 03 15:42:59 witherspoon kernel: futex hash table entries: 256 (order: -1, 3072 bytes)
Aug 03 15:42:59 witherspoon kernel: pinctrl core: initialized pinctrl subsystem
Aug 03 15:42:59 witherspoon kernel: NET: Registered protocol family 16
Aug 03 15:42:59 witherspoon kernel: DMA: preallocated 256 KiB pool for atomic coherent allocations
Aug 03 15:42:59 witherspoon kernel: usbcore: registered new interface driver usbfs
Aug 03 15:42:59 witherspoon kernel: usbcore: registered new interface driver hub
Aug 03 15:42:59 witherspoon kernel: usbcore: registered new device driver usb
Aug 03 15:42:59 witherspoon kernel: clocksource: Switched to clocksource moxart_timer
Aug 03 15:42:59 witherspoon kernel: NET: Registered protocol family 2
Aug 03 15:42:59 witherspoon kernel: TCP established hash table entries: 4096 (order: 2, 16384 bytes)
Aug 03 15:42:59 witherspoon kernel: TCP bind hash table entries: 4096 (order: 2, 16384 bytes)
Aug 03 15:42:59 witherspoon kernel: TCP: Hash tables configured (established 4096 bind 4096)
Aug 03 15:42:59 witherspoon kernel: UDP hash table entries: 256 (order: 0, 4096 bytes)
Aug 03 15:42:59 witherspoon kernel: UDP-Lite hash table entries: 256 (order: 0, 4096 bytes)
Aug 03 15:42:59 witherspoon kernel: NET: Registered protocol family 1
Aug 03 15:42:59 witherspoon kernel: Trying to unpack rootfs image as initramfs...
Aug 03 15:42:59 witherspoon kernel: Freeing initrd memory: 1548K
Aug 03 15:42:59 witherspoon kernel: workingset: timestamp_bits=30 max_order=17 bucket_order=0
Aug 03 15:42:59 witherspoon kernel: squashfs: version 4.0 (2009/01/31) Phillip Lougher
Aug 03 15:42:59 witherspoon kernel: jffs2: version 2.2. (SUMMARY)  © 2001-2006 Red Hat, Inc.
Aug 03 15:42:59 witherspoon kernel: Block layer SCSI generic (bsg) driver version 0.4 loaded (major 250)
Aug 03 15:42:59 witherspoon kernel: io scheduler noop registered
Aug 03 15:42:59 witherspoon kernel: io scheduler deadline registered
Aug 03 15:42:59 witherspoon kernel: io scheduler cfq registered (default)
Aug 03 15:42:59 witherspoon kernel: ipmi-bt-host 1e789140.ibt: Found bt bmc device
Aug 03 15:42:59 witherspoon kernel: ipmi-bt-host 1e789140.ibt: Using IRQ 22
Aug 03 15:42:59 witherspoon kernel: Serial: 8250/16550 driver, 6 ports, IRQ sharing enabled
Aug 03 15:42:59 witherspoon kernel: 1e787000.vuart: ttyS0 at MMIO 0x1e787000 (irq = 22, base_baud = 1500000) is a 16550A
Aug 03 15:42:59 witherspoon kernel: 1e783000.serial: ttyS1 at MMIO 0x1e783000 (irq = 23, base_baud = 1500000) is a 16550A
Aug 03 15:42:59 witherspoon kernel: 1e78d000.serial: ttyS2 at MMIO 0x1e78d000 (irq = 24, base_baud = 1500000) is a 16550A
Aug 03 15:42:59 witherspoon kernel: 1e784000.serial: ttyS4 at MMIO 0x1e784000 (irq = 25, base_baud = 1500000) is a 16550A
Aug 03 15:42:59 witherspoon kernel: console [ttyS4] enabled
Aug 03 15:42:59 witherspoon kernel: timeriomem_rng 1e6e2078.hwrng: 32bits from 0xf00e2078 @ 1us
Aug 03 15:42:59 witherspoon kernel: random: fast init done
Aug 03 15:42:59 witherspoon kernel: brd: module loaded
Aug 03 15:42:59 witherspoon kernel: random: crng init done
Aug 03 15:42:59 witherspoon kernel: loop: module loaded
Aug 03 15:42:59 witherspoon kernel: aspeed-lpc-ctrl 1e789080.lpc-ctrl: Loaded at 0x98000000 (0x04000000)
Aug 03 15:42:59 witherspoon kernel: aspeed-smc 1e620000.flash-controller: Using IRQ 18
Aug 03 15:42:59 witherspoon kernel: aspeed-smc 1e620000.flash-controller: DMA support disabled.
Aug 03 15:42:59 witherspoon kernel: aspeed-smc 1e620000.flash-controller: mx25l25635e (32768 Kbytes)
Aug 03 15:42:59 witherspoon kernel: aspeed-smc 1e620000.flash-controller: CE0 window [ 0x20000000 - 0x22000000 ] 32MB
Aug 03 15:42:59 witherspoon kernel: aspeed-smc 1e620000.flash-controller: CE1 window [ 0x22000000 - 0x2a000000 ] 128MB
Aug 03 15:42:59 witherspoon kernel: 5 ofpart partitions found on MTD device bmc
Aug 03 15:42:59 witherspoon kernel: Creating 5 MTD partitions on "bmc":
Aug 03 15:42:59 witherspoon kernel: 0x000000000000-0x000000060000 : "u-boot"
Aug 03 15:42:59 witherspoon kernel: 0x000000060000-0x000000080000 : "u-boot-env"
Aug 03 15:42:59 witherspoon kernel: 0x000000080000-0x0000004c0000 : "kernel"
Aug 03 15:42:59 witherspoon kernel: 0x0000004c0000-0x000001c00000 : "rofs"
Aug 03 15:42:59 witherspoon kernel: 0x000001c00000-0x000002000000 : "rwfs"
Aug 03 15:42:59 witherspoon kernel: aspeed-smc 1e620000.flash-controller: mx25l25635e (32768 Kbytes)
Aug 03 15:42:59 witherspoon kernel: aspeed-smc 1e620000.flash-controller: CE1 window [ 0x22000000 - 0x24000000 ] 32MB
Aug 03 15:42:59 witherspoon kernel: aspeed-smc 1e620000.flash-controller: CE2 window [ 0x24000000 - 0x2c000000 ] 128MB
Aug 03 15:42:59 witherspoon kernel: aspeed-smc 1e630000.flash-controller: mx66l1g45g (131072 Kbytes)
Aug 03 15:42:59 witherspoon kernel: aspeed-smc 1e630000.flash-controller: CE0 window resized to 120MB (AST2500 HW quirk)
Aug 03 15:42:59 witherspoon kernel: aspeed-smc 1e630000.flash-controller: CE0 window [ 0x30000000 - 0x37800000 ] 120MB
Aug 03 15:42:59 witherspoon kernel: aspeed-smc 1e630000.flash-controller: CE0 window too small for chip 128MB
Aug 03 15:42:59 witherspoon kernel: aspeed-smc 1e630000.flash-controller: CE1 window [ 0x37800000 - 0x38000000 ] 8MB
Aug 03 15:42:59 witherspoon kernel: libphy: Fixed MDIO Bus: probed
Aug 03 15:42:59 witherspoon kernel: ftgmac100 1e660000.ethernet: Read MAC address 70:e2:84:14:24:20 from chip
Aug 03 15:42:59 witherspoon kernel: ftgmac100 1e660000.ethernet: Using NCSI interface
Aug 03 15:42:59 witherspoon kernel: ftgmac100 1e660000.ethernet eth0: irq 20, mapped at f0060000
Aug 03 15:42:59 witherspoon kernel: ehci_hcd: USB 2.0 'Enhanced' Host Controller (EHCI) Driver
Aug 03 15:42:59 witherspoon kernel: ehci-platform: EHCI generic platform driver
Aug 03 15:42:59 witherspoon kernel:  fsi0: can't read slave 00:00 -5
Aug 03 15:42:59 witherspoon kernel: i2c /dev entries driver
Aug 03 15:42:59 witherspoon kernel: aspeed-i2c-bus 1e78a0c0.i2c-bus: i2c bus 2 registered, irq 26
Aug 03 15:42:59 witherspoon kernel: aspeed-i2c-bus 1e78a100.i2c-bus: i2c bus 3 registered, irq 27
Aug 03 15:42:59 witherspoon kernel: aspeed-i2c-bus 1e78a140.i2c-bus: i2c bus 4 registered, irq 28
Aug 03 15:42:59 witherspoon kernel: aspeed-i2c-bus 1e78a180.i2c-bus: i2c bus 5 registered, irq 29
Aug 03 15:42:59 witherspoon kernel: aspeed-i2c-bus 1e78a380.i2c-bus: i2c bus 9 registered, irq 30
Aug 03 15:42:59 witherspoon kernel: aspeed-i2c-bus 1e78a3c0.i2c-bus: i2c bus 10 registered, irq 31
Aug 03 15:42:59 witherspoon kernel: rtc-rv8803 11-0032: Voltage low, temperature compensation stopped.
Aug 03 15:42:59 witherspoon kernel: rtc-rv8803 11-0032: rtc core: registered rx8900 as rtc0
Aug 03 15:42:59 witherspoon kernel: at24 11-0051: 8192 byte 24c64 EEPROM, writable, 1 bytes/write
Aug 03 15:42:59 witherspoon kernel: aspeed-i2c-bus 1e78a400.i2c-bus: i2c bus 11 registered, irq 32
Aug 03 15:42:59 witherspoon kernel: aspeed-i2c-bus 1e78a440.i2c-bus: i2c bus 12 registered, irq 33
Aug 03 15:42:59 witherspoon kernel: aspeed-i2c-bus 1e78a480.i2c-bus: i2c bus 13 registered, irq 34
Aug 03 15:42:59 witherspoon kernel: Driver for 1-wire Dallas network protocol.
Aug 03 15:42:59 witherspoon kernel: lm75 9-004a: hwmon0: sensor 'tmp275'
Aug 03 15:42:59 witherspoon kernel: ucd9000 11-0064: Device ID UCD90160|2.3.4.0000|110603
Aug 03 15:42:59 witherspoon kernel: leds-pca955x 3-0060: leds-pca955x: Using pca9552 16-bit LED driver at slave address 0x60
Aug 03 15:42:59 witherspoon kernel: leds-pca955x 3-0060: gpios 264...279
Aug 03 15:42:59 witherspoon kernel: leds-pca955x 11-0060: leds-pca955x: Using pca9552 16-bit LED driver at slave address 0x60
Aug 03 15:42:59 witherspoon kernel: leds-pca955x 11-0060: gpios 248...263
Aug 03 15:42:59 witherspoon kernel: usbcore: registered new interface driver usbhid
Aug 03 15:42:59 witherspoon kernel: usbhid: USB HID core driver
Aug 03 15:42:59 witherspoon kernel: NET: Registered protocol family 10
Aug 03 15:42:59 witherspoon kernel: Segment Routing with IPv6
Aug 03 15:42:59 witherspoon kernel: NET: Registered protocol family 17
Aug 03 15:42:59 witherspoon kernel: 8021q: 802.1Q VLAN Support v1.8
Aug 03 15:42:59 witherspoon kernel: console [netcon0] enabled
Aug 03 15:42:59 witherspoon kernel: netconsole: network logging started
Aug 03 15:42:59 witherspoon kernel: input: gpio-keys as /devices/platform/gpio-keys/input/input0
Aug 03 15:42:59 witherspoon kernel: rtc-rv8803 11-0032: setting system clock to 2016-04-19 04:08:54 UTC (1461038934)
Aug 03 15:42:59 witherspoon kernel: Freeing unused kernel memory: 284K
Aug 03 15:42:59 witherspoon kernel: This architecture does not have kernel memory protection.
Aug 03 15:42:59 witherspoon kernel: jffs2: notice: (531) jffs2_build_xattr_subsystem: complete building xattr subsystem, 1 of xdatum (0 unchecked, 0 orphan) and 11 of xref (0 dead, 1 orphan) found.
Aug 03 15:42:59 witherspoon systemd[1]: System time before build time, advancing clock.
Aug 03 15:42:59 witherspoon systemd[1]: Failed to insert module 'autofs4': No such file or directory
Aug 03 15:42:59 witherspoon systemd[1]: systemd 232 running in system mode. (+PAM -AUDIT -SELINUX -IMA -APPARMOR -SMACK +SYSVINIT -UTMP -LIBCRYPTSETUP -GCRYPT -GNUTLS +ACL +XZ -LZ4 -SECCOMP +BLKID -ELFUTILS +KMOD -IDN)
Aug 03 15:42:59 witherspoon systemd[1]: Detected architecture arm.
Aug 03 15:42:59 witherspoon systemd[1]: Set hostname to <witherspoon>.
Aug 03 15:42:59 witherspoon systemd[1]: Reached target Remote File Systems.
Aug 03 15:42:59 witherspoon systemd[1]: Listening on udev Control Socket.
Aug 03 15:42:59 witherspoon systemd[1]: Started Dispatch Password Requests to Console Directory Watch.
Aug 03 15:42:59 witherspoon systemd[1]: Listening on Journal Socket (/dev/log).
Aug 03 15:42:59 witherspoon systemd[1]: Started Forward Password Requests to Wall Directory Watch.
Aug 03 15:42:59 witherspoon systemd[1]: Listening on Syslog Socket.
Aug 03 15:42:59 witherspoon systemd[1]: Listening on /dev/initctl Compatibility Named Pipe.
Aug 03 15:42:59 witherspoon systemd-journald[550]: Journal started
Aug 03 15:42:59 witherspoon systemd-journald[550]: Runtime journal (/run/log/journal/98da6a547f8141998b98e23f5894fd04) is 0B, max 0B, 0B free.
Aug 03 15:42:59 witherspoon systemd-sysctl[653]: Couldn't write '16' to 'kernel/sysrq', ignoring: No such file or directory
Aug 03 15:42:59 witherspoon systemd-sysctl[653]: Couldn't write 'fq_codel' to 'net/core/default_qdisc', ignoring: No such file or directory
Aug 03 15:42:59 witherspoon systemd[1]: Started Apply Kernel Variables.
Aug 03 15:42:59 witherspoon systemd[1]: Started Remount Root and Kernel File Systems.
Aug 03 15:42:59 witherspoon systemd[1]: Mounted Temporary Directory.
Aug 03 15:43:00 witherspoon systemd[1]: Mounted Debug File System.
Aug 03 15:43:00 witherspoon systemd[1]: Starting Flush Journal to Persistent Storage...
Aug 03 15:43:00 witherspoon systemd[1]: Starting Create System Users...
Aug 03 15:43:00 witherspoon systemd[1]: Started Create System Users.
Aug 03 15:43:00 witherspoon systemd[1]: Starting Create Static Device Nodes in /dev...
Aug 03 15:43:00 witherspoon systemd[1]: Started Create Static Device Nodes in /dev.
Aug 03 15:43:00 witherspoon systemd[1]: Reached target Local File Systems (Pre).
Aug 03 15:43:00 witherspoon systemd[1]: Mounting /var/volatile...
Aug 03 15:43:00 witherspoon systemd[1]: Starting udev Kernel Device Manager...
Aug 03 15:43:01 witherspoon systemd-journald[550]: Runtime journal (/run/log/journal/98da6a547f8141998b98e23f5894fd04) is 0B, max 0B, 0B free.
Aug 03 15:43:01 witherspoon systemd[1]: Started Flush Journal to Persistent Storage.
Aug 03 15:43:01 witherspoon systemd[1]: Mounted /var/volatile.
Aug 03 15:43:01 witherspoon systemd[1]: Started udev Coldplug all Devices.
Aug 03 15:43:01 witherspoon systemd[1]: Reached target Local File Systems.
Aug 03 15:43:01 witherspoon systemd[1]: Starting Rebuild Journal Catalog...
Aug 03 15:43:01 witherspoon systemd[1]: Starting Load/Save Random Seed...
Aug 03 15:43:01 witherspoon systemd[1]: Starting Create Volatile Files and Directories...
Aug 03 15:43:01 witherspoon systemd[1]: Started udev Kernel Device Manager.
Aug 03 15:43:02 witherspoon systemd[1]: Started Rebuild Journal Catalog.
Aug 03 15:43:02 witherspoon systemd[1]: Starting Update is Completed...
Aug 03 15:43:02 witherspoon systemd[1]: Started Load/Save Random Seed.
Aug 03 15:43:02 witherspoon systemd[1]: Started Update is Completed.
Aug 03 15:43:02 witherspoon systemd-tmpfiles[914]: "/var/tmp" already exists and is not a directory.
Aug 03 15:43:02 witherspoon systemd-tmpfiles[914]: "/var/log" already exists and is not a directory.
Aug 03 15:43:02 witherspoon systemd[1]: Found device /dev/aspeed-lpc-ctrl.
Aug 03 15:43:03 witherspoon systemd[1]: Found device /dev/aspeed-mbox.
Aug 03 15:43:03 witherspoon systemd[1]: Found device /dev/ttyS4.
Aug 03 15:43:03 witherspoon systemd[1]: Found device /dev/ttyVUART0.
Aug 03 15:43:03 witherspoon systemd[1]: dev-hugepages.mount: Couldn't determine result for ConditionVirtualization=!private-users, assuming failed: No such file or directory
Aug 03 15:43:03 witherspoon systemd[1]: Created slice system-xyz.openbmc_project.Hwmon.slice.
Aug 03 15:43:03 witherspoon systemd[1]: Created slice system-xyz.openbmc_project.led.controller.slice.
Aug 03 15:43:03 witherspoon systemd[1]: dev-hugepages.mount: Couldn't determine result for ConditionVirtualization=!private-users, assuming failed: No such file or directory
Aug 03 15:43:03 witherspoon systemd[1]: Started Create Volatile Files and Directories.
Aug 03 15:43:03 witherspoon systemd[1]: dev-hugepages.mount: Couldn't determine result for ConditionVirtualization=!private-users, assuming failed: No such file or directory
Aug 03 15:43:03 witherspoon systemd[1]: Starting Network Time Synchronization...
Aug 03 15:43:03 witherspoon systemd[1]: dev-hugepages.mount: Couldn't determine result for ConditionVirtualization=!private-users, assuming failed: No such file or directory
Aug 03 15:43:04 witherspoon systemd[1]: Started Network Time Synchronization.
Aug 03 15:43:05 witherspoon systemd[1]: Reached target System Time Synchronized.
Aug 03 15:43:05 witherspoon systemd[1]: dev-hugepages.mount: Couldn't determine result for ConditionVirtualization=!private-users, assuming failed: No such file or directory
Aug 03 15:43:05 witherspoon systemd[1]: Reached target System Initialization.
Aug 03 15:43:05 witherspoon systemd[1]: Listening on dropbear.socket.
Aug 03 15:43:05 witherspoon systemd[1]: Listening on D-Bus System Message Bus Socket.
Aug 03 15:43:05 witherspoon systemd[1]: Listening on phosphor-ipmi-net.socket.
Aug 03 15:43:05 witherspoon systemd[1]: Listening on Phosphor Host Console SSH Per-Connection socket.
Aug 03 15:43:05 witherspoon systemd[1]: Listening on Phosphor Webserver socket.
Aug 03 15:43:05 witherspoon systemd[1]: Started Daily Cleanup of Temporary Directories.
Aug 03 15:43:05 witherspoon systemd[1]: Reached target Timers.
Aug 03 15:43:05 witherspoon systemd[1]: Listening on Phosphor DBUS Browser socket.
Aug 03 15:43:05 witherspoon systemd[1]: Listening on Avahi mDNS/DNS-SD Stack Activation Socket.
Aug 03 15:43:05 witherspoon systemd[1]: Reached target Sockets.
Aug 03 15:43:05 witherspoon systemd[1]: Reached target Basic System.
Aug 03 15:43:05 witherspoon systemd[1]: Starting Phosphor Dump Manager...
Aug 03 15:43:05 witherspoon systemd[1]: Starting Phosphor Sensor Manager...
Aug 03 15:43:05 witherspoon systemd[1]: Starting Phosphor Download Manager...
Aug 03 15:43:05 witherspoon systemd[1]: Started Kernel Logging Service.
Aug 03 15:43:05 witherspoon systemd[1]: Reached target Containers.
Aug 03 15:43:05 witherspoon systemd[1]: Starting Phosphor LED Group Management Daemon...
Aug 03 15:43:05 witherspoon systemd[1]: Starting Phosphor Inventory Manager...
Aug 03 15:43:05 witherspoon systemd[1]: Started Phosphor sysfs LED controller.
Aug 03 15:43:06 witherspoon systemd[1]: Started Phosphor sysfs LED controller.
Aug 03 15:43:06 witherspoon systemd[1]: Starting Phosphor IPMI BT DBus Bridge...
Aug 03 15:43:06 witherspoon systemd[1]: Starting OpenBMC Software Update Manager...
Aug 03 15:43:06 witherspoon systemd[1]: Starting Phosphor Download Manager...
Aug 03 15:43:06 witherspoon systemd[1]: Starting Remount the squashfs and ubi volumes after a reboot...
Aug 03 15:43:06 witherspoon systemd[1]: Started Phosphor sysfs LED controller.
Aug 03 15:43:06 witherspoon systemd[1]: Starting Phosphor Log Manager...
Aug 03 15:43:06 witherspoon systemd[1]: Started Hardware RNG Entropy Gatherer Daemon.
Aug 03 15:43:06 witherspoon systemd[1]: Starting Clear one time boot overrides...
Aug 03 15:43:06 witherspoon systemd[1]: Started System Logging Service.
Aug 03 15:43:06 witherspoon systemd[1]: Started Phosphor Dump core monitor..
Aug 03 15:43:06 witherspoon systemd[1]: Started D-Bus System Message Bus.
Aug 03 15:43:06 witherspoon kernel[937]: klogd started: BusyBox v1.24.1 (2017-06-16 19:29:08 UTC)
Aug 03 15:43:06 witherspoon kernel[937]: [    0.000000] Booting Linux on physical CPU 0x0
Aug 03 15:43:06 witherspoon kernel[937]: [    0.000000] Linux version 4.10.17-baeb50beb784ac5993d2bfb5d06d909971b60506 (jenkins@openbmc-builder1) (gcc version 6.2.0 (GCC) ) #1 Wed Aug 9 14:44:15 UTC 2017
Aug 03 15:43:06 witherspoon kernel[937]: [    0.000000] CPU: ARMv6-compatible processor [410fb767] revision 7 (ARMv7), cr=00c5387d
Aug 03 15:43:06 witherspoon kernel[937]: [    0.000000] CPU: PIPT / VIPT nonaliasing data cache, VIPT nonaliasing instruction cache
Aug 03 15:43:06 witherspoon kernel[937]: [    0.000000] OF: fdt:Machine model: Witherspoon BMC
Aug 03 15:43:06 witherspoon kernel[937]: [    0.000000] Memory policy: Data cache writeback
Aug 03 15:43:06 witherspoon kernel[937]: [    0.000000] SOC Rev: 04030303
Aug 03 15:43:06 witherspoon kernel[937]: [    0.000000] On node 0 totalpages: 110592
Aug 03 15:43:06 witherspoon kernel[937]: [    0.000000] free_area_init_node: node 0, pgdat 805ff5f4, node_mem_map 9ec1a000
Aug 03 15:43:06 witherspoon kernel[937]: [    0.000000]   Normal zone: 992 pages used for memmap
Aug 03 15:43:06 witherspoon kernel[937]: [    0.000000]   Normal zone: 0 pages reserved
Aug 03 15:43:06 witherspoon kernel[937]: [    0.000000]   Normal zone: 110592 pages, LIFO batch:31
Aug 03 15:43:06 witherspoon kernel[937]: [    0.000000] pcpu-alloc: s0 r0 d32768 u32768 alloc=1*32768
Aug 03 15:43:06 witherspoon kernel[937]: [    0.000000] pcpu-alloc: [0] 0
Aug 03 15:43:06 witherspoon kernel[937]: [    0.000000] Built 1 zonelists in Zone order, mobility grouping on.  Total pages: 109600
Aug 03 15:43:06 witherspoon kernel[937]: [    0.000000] Kernel command line: console=ttyS4,115200n8 root=/dev/ram rw
Aug 03 15:43:06 witherspoon kernel[937]: [    0.000000] PID hash table entries: 2048 (order: 1, 8192 bytes)
Aug 03 15:43:06 witherspoon kernel[937]: [    0.000000] Dentry cache hash table entries: 65536 (order: 6, 262144 bytes)
Aug 03 15:43:06 witherspoon kernel[937]: [    0.000000] Inode-cache hash table entries: 32768 (order: 5, 131072 bytes)
Aug 03 15:43:06 witherspoon kernel[937]: [    0.000000] Memory: 430428K/442368K available (4065K kernel code, 280K rwdata, 1192K rodata, 284K init, 111K bss, 11940K reserved, 0K cma-reserved)
Aug 03 15:43:06 witherspoon kernel[937]: [    0.000000] Virtual kernel memory layout:
Aug 03 15:43:06 witherspoon kernel[937]: [    0.000000]     vector  : 0xffff0000 - 0xffff1000   (   4 kB)
Aug 03 15:43:06 witherspoon kernel[937]: [    0.000000]     fixmap  : 0xffc00000 - 0xfff00000   (3072 kB)
Aug 03 15:43:06 witherspoon kernel[937]: [    0.000000]     vmalloc : 0x9f800000 - 0xff800000   (1536 MB)
Aug 03 15:43:06 witherspoon kernel[937]: [    0.000000]     lowmem  : 0x80000000 - 0x9f000000   ( 496 MB)
Aug 03 15:43:06 witherspoon kernel[937]: [    0.000000]       .text : 0x80008000 - 0x80400950   (4067 kB)
Aug 03 15:43:06 witherspoon kernel[937]: [    0.000000]       .init : 0x80585000 - 0x805cc000   ( 284 kB)
Aug 03 15:43:06 witherspoon kernel[937]: [    0.000000]       .data : 0x805cc000 - 0x80612358   ( 281 kB)
Aug 03 15:43:06 witherspoon kernel[937]: [    0.000000]        .bss : 0x80612358 - 0x8062e1f8   ( 112 kB)
Aug 03 15:43:09 witherspoon kernel: ubi7: default fastmap pool size: 100
Aug 03 15:43:09 witherspoon kernel: ubi7: default fastmap WL pool size: 50
Aug 03 15:43:09 witherspoon kernel: ubi7: attaching mtd7
Aug 03 15:43:09 witherspoon kernel: ubi7: scanning is finished
Aug 03 15:43:09 witherspoon kernel: ubi7: attached mtd7 (name "pnor", size 128 MiB)
Aug 03 15:43:09 witherspoon kernel: ubi7: PEB size: 65536 bytes (64 KiB), LEB size: 65408 bytes
Aug 03 15:43:09 witherspoon kernel: ubi7: min./max. I/O unit sizes: 1/256, sub-page size 1
Aug 03 15:43:09 witherspoon kernel: ubi7: VID header offset: 64 (aligned 64), data offset: 128
Aug 03 15:43:09 witherspoon kernel: ubi7: good PEBs: 2048, bad PEBs: 0, corrupted PEBs: 0
Aug 03 15:43:09 witherspoon kernel: ubi7: user volume: 3, internal volumes: 1, max. volumes count: 128
Aug 03 15:43:09 witherspoon kernel: ubi7: max/mean erase counter: 1/0, WL threshold: 4096, image sequence number: 1219444883
Aug 03 15:43:09 witherspoon kernel: ubi7: available PEBs: 1367, total reserved PEBs: 681, PEBs reserved for bad PEB handling: 0
Aug 03 15:43:09 witherspoon kernel: ubi7: background thread "ubi_bgt7d" started, PID 962
Aug 03 15:43:09 witherspoon obmc-flash-bios[945]: UBI device number 7, total 2048 LEBs (133955584 bytes, 127.8 MiB), available 1367 LEBs (89412736 bytes, 85.3 MiB), LEB size 65408 bytes (63.9 KiB)
Aug 03 15:43:06 witherspoon kernel[937]: [    0.000000] NR_IRQS:16 nr_irqs:16 16
Aug 03 15:43:06 witherspoon kernel[937]: [    0.000000] i2c controller registered, irq 16
Aug 03 15:43:06 witherspoon kernel[937]: [    0.000000] clocksource: moxart_timer: mask: 0xffffffff max_cycles: 0xffffffff, max_idle_ns: 77222644334 ns
Aug 03 15:43:06 witherspoon kernel[937]: [    0.000000] sched_clock: 32 bits at 100 Hz, resolution 10000000ns, wraps every 21474836475000000ns
Aug 03 15:43:06 witherspoon kernel[937]: [    0.090000] Calibrating delay loop... 789.70 BogoMIPS (lpj=3948544)
Aug 03 15:43:06 witherspoon kernel[937]: [    0.090000] pid_max: default: 32768 minimum: 301
Aug 03 15:43:06 witherspoon kernel[937]: [    0.090000] Mount-cache hash table entries: 1024 (order: 0, 4096 bytes)
Aug 03 15:43:06 witherspoon kernel[937]: [    0.090000] Mountpoint-cache hash table entries: 1024 (order: 0, 4096 bytes)
Aug 03 15:43:06 witherspoon kernel[937]: [    0.090000] CPU: Testing write buffer coherency: ok
Aug 03 15:43:06 witherspoon kernel[937]: [    0.090000] ftrace: allocating 14934 entries in 44 pages
Aug 03 15:43:06 witherspoon kernel[937]: [    0.120000] Setting up static identity map for 0x80008200 - 0x8000825c
Aug 03 15:43:06 witherspoon kernel[937]: [    0.120000] devtmpfs: initialized
Aug 03 15:43:06 witherspoon kernel[937]: [    0.150000] clocksource: jiffies: mask: 0xffffffff max_cycles: 0xffffffff, max_idle_ns: 19112604462750000 ns
Aug 03 15:43:06 witherspoon kernel[937]: [    0.150000] futex hash table entries: 256 (order: -1, 3072 bytes)
Aug 03 15:43:06 witherspoon kernel[937]: [    0.150000] pinctrl core: initialized pinctrl subsystem
Aug 03 15:43:06 witherspoon kernel[937]: [    0.150000] NET: Registered protocol family 16
Aug 03 15:43:06 witherspoon kernel[937]: [    0.150000] DMA: preallocated 256 KiB pool for atomic coherent allocations
Aug 03 15:43:06 witherspoon kernel[937]: [    0.220000] usbcore: registered new interface driver usbfs
Aug 03 15:43:06 witherspoon kernel[937]: [    0.220000] usbcore: registered new interface driver hub
Aug 03 15:43:06 witherspoon kernel[937]: [    0.220000] usbcore: registered new device driver usb
Aug 03 15:43:06 witherspoon kernel[937]: [    0.220000] clocksource: Switched to clocksource moxart_timer
Aug 03 15:43:06 witherspoon kernel[937]: [    0.230000] NET: Registered protocol family 2
Aug 03 15:43:06 witherspoon kernel[937]: [    0.230000] TCP established hash table entries: 4096 (order: 2, 16384 bytes)
Aug 03 15:43:06 witherspoon kernel[937]: [    0.230000] TCP bind hash table entries: 4096 (order: 2, 16384 bytes)
Aug 03 15:43:06 witherspoon kernel[937]: [    0.230000] TCP: Hash tables configured (established 4096 bind 4096)
Aug 03 15:43:06 witherspoon kernel[937]: [    0.230000] UDP hash table entries: 256 (order: 0, 4096 bytes)
Aug 03 15:43:06 witherspoon kernel[937]: [    0.230000] UDP-Lite hash table entries: 256 (order: 0, 4096 bytes)
Aug 03 15:43:06 witherspoon kernel[937]: [    0.230000] NET: Registered protocol family 1
Aug 03 15:43:06 witherspoon kernel[937]: [    0.230000] Trying to unpack rootfs image as initramfs...
Aug 03 15:43:06 witherspoon kernel[937]: [    1.910000] Freeing initrd memory: 1548K
Aug 03 15:43:06 witherspoon kernel[937]: [    1.910000] workingset: timestamp_bits=30 max_order=17 bucket_order=0
Aug 03 15:43:06 witherspoon kernel[937]: [    1.910000] squashfs: version 4.0 (2009/01/31) Phillip Lougher
Aug 03 15:43:06 witherspoon kernel[937]: [    1.910000] jffs2: version 2.2. (SUMMARY)  © 2001-2006 Red Hat, Inc.
Aug 03 15:43:06 witherspoon kernel[937]: [    1.910000] Block layer SCSI generic (bsg) driver version 0.4 loaded (major 250)
Aug 03 15:43:06 witherspoon kernel[937]: [    1.910000] io scheduler noop registered
Aug 03 15:43:06 witherspoon kernel[937]: [    1.910000] io scheduler deadline registered
Aug 03 15:43:06 witherspoon kernel[937]: [    1.910000] io scheduler cfq registered (default)
Aug 03 15:43:06 witherspoon kernel[937]: [    2.060000] ipmi-bt-host 1e789140.ibt: Found bt bmc device
Aug 03 15:43:06 witherspoon kernel[937]: [    2.060000] ipmi-bt-host 1e789140.ibt: Using IRQ 22
Aug 03 15:43:06 witherspoon kernel[937]: [    2.060000] Serial: 8250/16550 driver, 6 ports, IRQ sharing enabled
Aug 03 15:43:06 witherspoon kernel[937]: [    2.060000] 1e787000.vuart: ttyS0 at MMIO 0x1e787000 (irq = 22, base_baud = 1500000) is a 16550A
Aug 03 15:43:06 witherspoon kernel[937]: [    2.060000] 1e783000.serial: ttyS1 at MMIO 0x1e783000 (irq = 23, base_baud = 1500000) is a 16550A
Aug 03 15:43:06 witherspoon kernel[937]: [    2.060000] 1e78d000.serial: ttyS2 at MMIO 0x1e78d000 (irq = 24, base_baud = 1500000) is a 16550A
Aug 03 15:43:06 witherspoon kernel[937]: [    2.060000] 1e784000.serial: ttyS4 at MMIO 0x1e784000 (irq = 25, base_baud = 1500000) is a 16550A
Aug 03 15:43:06 witherspoon kernel[937]: [    2.430000] console [ttyS4] enabled
Aug 03 15:43:06 witherspoon kernel[937]: [    2.590000] timeriomem_rng 1e6e2078.hwrng: 32bits from 0xf00e2078 @ 1us
Aug 03 15:43:06 witherspoon kernel[937]: [    2.610000] random: fast init done
Aug 03 15:43:06 witherspoon kernel[937]: [    2.640000] brd: module loaded
Aug 03 15:43:06 witherspoon kernel[937]: [    2.660000] random: crng init done
Aug 03 15:43:06 witherspoon kernel[937]: [    2.670000] loop: module loaded
Aug 03 15:43:06 witherspoon kernel[937]: [    2.680000] aspeed-lpc-ctrl 1e789080.lpc-ctrl: Loaded at 0x98000000 (0x04000000)
Aug 03 15:43:06 witherspoon kernel[937]: [    2.680000] aspeed-smc 1e620000.flash-controller: Using IRQ 18
Aug 03 15:43:06 witherspoon kernel[937]: [    2.690000] aspeed-smc 1e620000.flash-controller: DMA support disabled.
Aug 03 15:43:06 witherspoon kernel[937]: [    2.690000] aspeed-smc 1e620000.flash-controller: mx25l25635e (32768 Kbytes)
Aug 03 15:43:06 witherspoon kernel[937]: [    2.710000] aspeed-smc 1e620000.flash-controller: CE0 window [ 0x20000000 - 0x22000000 ] 32MB
Aug 03 15:43:06 witherspoon kernel[937]: [    2.720000] aspeed-smc 1e620000.flash-controller: CE1 window [ 0x22000000 - 0x2a000000 ] 128MB
Aug 03 15:43:06 witherspoon kernel[937]: [    2.720000] 5 ofpart partitions found on MTD device bmc
Aug 03 15:43:06 witherspoon kernel[937]: [    2.730000] Creating 5 MTD partitions on "bmc":
Aug 03 15:43:06 witherspoon kernel[937]: [    2.740000] 0x000000000000-0x000000060000 : "u-boot"
Aug 03 15:43:06 witherspoon kernel[937]: [    2.750000] 0x000000060000-0x000000080000 : "u-boot-env"
Aug 03 15:43:06 witherspoon kernel[937]: [    2.760000] 0x000000080000-0x0000004c0000 : "kernel"
Aug 03 15:43:06 witherspoon kernel[937]: [    2.770000] 0x0000004c0000-0x000001c00000 : "rofs"
Aug 03 15:43:06 witherspoon kernel[937]: [    2.780000] 0x000001c00000-0x000002000000 : "rwfs"
Aug 03 15:43:06 witherspoon kernel[937]: [    2.790000] aspeed-smc 1e620000.flash-controller: mx25l25635e (32768 Kbytes)
Aug 03 15:43:06 witherspoon kernel[937]: [    2.800000] aspeed-smc 1e620000.flash-controller: CE1 window [ 0x22000000 - 0x24000000 ] 32MB
Aug 03 15:43:06 witherspoon kernel[937]: [    2.800000] aspeed-smc 1e620000.flash-controller: CE2 window [ 0x24000000 - 0x2c000000 ] 128MB
Aug 03 15:43:06 witherspoon kernel[937]: [    2.820000] aspeed-smc 1e630000.flash-controller: mx66l1g45g (131072 Kbytes)
Aug 03 15:43:06 witherspoon kernel[937]: [    2.830000] aspeed-smc 1e630000.flash-controller: CE0 window resized to 120MB (AST2500 HW quirk)
Aug 03 15:43:06 witherspoon kernel[937]: [    2.830000] aspeed-smc 1e630000.flash-controller: CE0 window [ 0x30000000 - 0x37800000 ] 120MB
Aug 03 15:43:06 witherspoon kernel[937]: [    2.850000] aspeed-smc 1e630000.flash-controller: CE0 window too small for chip 128MB
Aug 03 15:43:06 witherspoon kernel[937]: [    2.860000] aspeed-smc 1e630000.flash-controller: CE1 window [ 0x37800000 - 0x38000000 ] 8MB
Aug 03 15:43:06 witherspoon kernel[937]: [    3.560000] libphy: Fixed MDIO Bus: probed
Aug 03 15:43:06 witherspoon kernel[937]: [    3.560000] ftgmac100 1e660000.ethernet: Read MAC address 70:e2:84:14:24:20 from chip
Aug 03 15:43:06 witherspoon kernel[937]: [    3.560000] ftgmac100 1e660000.ethernet: Using NCSI interface
Aug 03 15:43:06 witherspoon kernel[937]: [    3.560000] ftgmac100 1e660000.ethernet eth0: irq 20, mapped at f0060000
Aug 03 15:43:06 witherspoon kernel[937]: [    3.670000] ehci_hcd: USB 2.0 'Enhanced' Host Controller (EHCI) Driver
Aug 03 15:43:06 witherspoon kernel[937]: [    3.670000] ehci-platform: EHCI generic platform driver
Aug 03 15:43:06 witherspoon kernel[937]: [    3.830000]  fsi0: can't read slave 00:00 -5
Aug 03 15:43:06 witherspoon kernel[937]: [    3.830000] i2c /dev entries driver
Aug 03 15:43:06 witherspoon kernel[937]: [    3.830000] aspeed-i2c-bus 1e78a0c0.i2c-bus: i2c bus 2 registered, irq 26
Aug 03 15:43:06 witherspoon kernel[937]: [    3.830000] aspeed-i2c-bus 1e78a100.i2c-bus: i2c bus 3 registered, irq 27
Aug 03 15:43:06 witherspoon kernel[937]: [    3.830000] aspeed-i2c-bus 1e78a140.i2c-bus: i2c bus 4 registered, irq 28
Aug 03 15:43:06 witherspoon kernel[937]: [    3.830000] aspeed-i2c-bus 1e78a180.i2c-bus: i2c bus 5 registered, irq 29
Aug 03 15:43:06 witherspoon kernel[937]: [    3.830000] aspeed-i2c-bus 1e78a380.i2c-bus: i2c bus 9 registered, irq 30
Aug 03 15:43:07 witherspoon kernel[937]: [    3.830000] aspeed-i2c-bus 1e78a3c0.i2c-bus: i2c bus 10 registered, irq 31
Aug 03 15:43:07 witherspoon kernel[937]: [    3.830000] rtc-rv8803 11-0032: Voltage low, temperature compensation stopped.
Aug 03 15:43:07 witherspoon kernel[937]: [    3.930000] rtc-rv8803 11-0032: rtc core: registered rx8900 as rtc0
Aug 03 15:43:07 witherspoon kernel[937]: [    3.940000] at24 11-0051: 8192 byte 24c64 EEPROM, writable, 1 bytes/write
Aug 03 15:43:07 witherspoon kernel[937]: [    3.940000] aspeed-i2c-bus 1e78a400.i2c-bus: i2c bus 11 registered, irq 32
Aug 03 15:43:07 witherspoon kernel[937]: [    3.940000] aspeed-i2c-bus 1e78a440.i2c-bus: i2c bus 12 registered, irq 33
Aug 03 15:43:07 witherspoon kernel[937]: [    3.940000] aspeed-i2c-bus 1e78a480.i2c-bus: i2c bus 13 registered, irq 34
Aug 03 15:43:07 witherspoon kernel[937]: [    3.940000] Driver for 1-wire Dallas network protocol.
Aug 03 15:43:07 witherspoon kernel[937]: [    3.940000] lm75 9-004a: hwmon0: sensor 'tmp275'
Aug 03 15:43:07 witherspoon kernel[937]: [    4.760000] ucd9000 11-0064: Device ID UCD90160|2.3.4.0000|110603
Aug 03 15:43:07 witherspoon kernel[937]: [    5.090000] leds-pca955x 3-0060: leds-pca955x: Using pca9552 16-bit LED driver at slave address 0x60
Aug 03 15:43:07 witherspoon kernel[937]: [    5.100000] leds-pca955x 3-0060: gpios 264...279
Aug 03 15:43:07 witherspoon kernel[937]: [    5.110000] leds-pca955x 11-0060: leds-pca955x: Using pca9552 16-bit LED driver at slave address 0x60
Aug 03 15:43:07 witherspoon kernel[937]: [    5.120000] leds-pca955x 11-0060: gpios 248...263
Aug 03 15:43:07 witherspoon kernel[937]: [    5.120000] usbcore: registered new interface driver usbhid
Aug 03 15:43:07 witherspoon kernel[937]: [    5.130000] usbhid: USB HID core driver
Aug 03 15:43:07 witherspoon kernel[937]: [    5.180000] NET: Registered protocol family 10
Aug 03 15:43:07 witherspoon kernel[937]: [    5.180000] Segment Routing with IPv6
Aug 03 15:43:07 witherspoon kernel[937]: [    5.190000] NET: Registered protocol family 17
Aug 03 15:43:07 witherspoon kernel[937]: [    5.190000] 8021q: 802.1Q VLAN Support v1.8
Aug 03 15:43:07 witherspoon kernel[937]: [    5.220000] console [netcon0] enabled
Aug 03 15:43:07 witherspoon kernel[937]: [    5.220000] netconsole: network logging started
Aug 03 15:43:07 witherspoon kernel[937]: [    5.230000] input: gpio-keys as /devices/platform/gpio-keys/input/input0
Aug 03 15:43:07 witherspoon kernel[937]: [    5.240000] rtc-rv8803 11-0032: setting system clock to 2016-04-19 04:08:54 UTC (1461038934)
Aug 03 15:43:07 witherspoon kernel[937]: [    5.250000] Freeing unused kernel memory: 284K
Aug 03 15:43:07 witherspoon kernel[937]: [    5.250000] This architecture does not have kernel memory protection.
Aug 03 15:43:07 witherspoon kernel[937]: [    6.930000] jffs2: notice: (531) jffs2_build_xattr_subsystem: complete building xattr subsystem, 1 of xdatum (0 unchecked, 0 orphan) and 11 of xref (0 dead, 1 orphan) found.
Aug 03 15:43:07 witherspoon kernel[937]: [    9.040000] systemd[1]: System time before build time, advancing clock.
Aug 03 15:43:07 witherspoon kernel[937]: [    9.040000] systemd[1]: Failed to insert module 'autofs4': No such file or directory
Aug 03 15:43:07 witherspoon kernel[937]: [    9.340000] systemd[1]: systemd 232 running in system mode. (+PAM -AUDIT -SELINUX -IMA -APPARMOR -SMACK +SYSVINIT -UTMP -LIBCRYPTSETUP -GCRYPT -GNUTLS +ACL +XZ -LZ4 -SECCOMP +BLKID -ELFUTILS +KMOD -IDN)
Aug 03 15:43:07 witherspoon kernel[937]: [    9.340000] systemd[1]: Detected architecture arm.
Aug 03 15:43:07 witherspoon kernel[937]: [    9.420000] systemd[1]: Set hostname to <witherspoon>.
Aug 03 15:43:07 witherspoon kernel[937]: [   11.000000] systemd[1]: Reached target Remote File Systems.
Aug 03 15:43:07 witherspoon kernel[937]: [   11.100000] systemd[1]: Listening on udev Control Socket.
Aug 03 15:43:07 witherspoon kernel[937]: [   11.140000] systemd[1]: Started Dispatch Password Requests to Console Directory Watch.
Aug 03 15:43:07 witherspoon kernel[937]: [   11.180000] systemd[1]: Listening on Journal Socket (/dev/log).
Aug 03 15:43:07 witherspoon kernel[937]: [   11.220000] systemd[1]: Started Forward Password Requests to Wall Directory Watch.
Aug 03 15:43:07 witherspoon kernel[937]: [   11.260000] systemd[1]: Listening on Syslog Socket.
Aug 03 15:43:07 witherspoon kernel[937]: [   11.290000] systemd[1]: Listening on /dev/initctl Compatibility Named Pipe.
Aug 03 15:43:07 witherspoon kernel[937]: [   14.260000] systemd-journald[550]: Received request to flush runtime journal from PID 1
Aug 03 15:43:08 witherspoon kernel[937]: [   21.310000] ubi7: default fastmap pool size: 100
Aug 03 15:43:08 witherspoon kernel[937]: [   21.310000] ubi7: default fastmap WL pool size: 50
Aug 03 15:43:08 witherspoon kernel[937]: [   21.310000] ubi7: attaching mtd7
Aug 03 15:43:08 witherspoon kernel[937]: [   21.310000] ubi7: scanning is finished
Aug 03 15:43:09 witherspoon kernel[937]: [   22.040000] ubi7: attached mtd7 (name "pnor", size 128 MiB)
Aug 03 15:43:09 witherspoon kernel[937]: [   22.040000] ubi7: PEB size: 65536 bytes (64 KiB), LEB size: 65408 bytes
Aug 03 15:43:09 witherspoon kernel[937]: [   22.040000] ubi7: min./max. I/O unit sizes: 1/256, sub-page size 1
Aug 03 15:43:09 witherspoon kernel[937]: [   22.040000] ubi7: VID header offset: 64 (aligned 64), data offset: 128
Aug 03 15:43:09 witherspoon kernel[937]: [   22.040000] ubi7: good PEBs: 2048, bad PEBs: 0, corrupted PEBs: 0
Aug 03 15:43:09 witherspoon kernel[937]: [   22.040000] ubi7: user volume: 3, internal volumes: 1, max. volumes count: 128
Aug 03 15:43:09 witherspoon kernel[937]: [   22.040000] ubi7: max/mean erase counter: 1/0, WL threshold: 4096, image sequence number: 1219444883
Aug 03 15:43:09 witherspoon kernel[937]: [   22.040000] ubi7: available PEBs: 1367, total reserved PEBs: 681, PEBs reserved for bad PEB handling: 0
Aug 03 15:43:09 witherspoon kernel[937]: [   22.210000] ubi7: background thread "ubi_bgt7d" started, PID 962
Aug 03 15:43:12 witherspoon dbus[952]: [system] Successfully activated service 'org.freedesktop.systemd1'
Aug 03 15:43:12 witherspoon systemd[1]: Started Phosphor IPMI BT DBus Bridge.
Aug 03 15:43:12 witherspoon systemd[1]: Started Phosphor Inventory Manager.
Aug 03 15:43:13 witherspoon systemd[1]: Started Phosphor LED Group Management Daemon.
Aug 03 15:43:13 witherspoon systemd[1]: Started Phosphor Log Manager.
Aug 03 15:43:13 witherspoon systemd[1]: Started Phosphor Download Manager.
Aug 03 15:43:13 witherspoon systemd[1]: Starting Network Service...
Aug 03 15:43:13 witherspoon systemd[1]: Starting Phosphor DBus Service Discovery Manager...
Aug 03 15:43:14 witherspoon systemd[1]: Started Phosphor sysfs LED controller.
Aug 03 15:43:14 witherspoon systemd[1]: Started Phosphor sysfs LED controller.
Aug 03 15:43:14 witherspoon systemd[1]: Started Phosphor sysfs LED controller.
Aug 03 15:43:15 witherspoon systemd[1]: Starting Phosphor Inventory Manager...
Aug 03 15:43:15 witherspoon systemd[1]: Starting Phosphor BMC0 Control...
Aug 03 15:43:15 witherspoon systemd[1]: Started Phosphor Console Muxer listening on device /dev/ttyVUART0.
Aug 03 15:43:15 witherspoon systemd[1]: Started Phosphor sysfs LED controller.
Aug 03 15:43:17 witherspoon kernel: block ubiblock7_0: created from ubi7:0(pnor-ro-136cf504)
Aug 03 15:43:17 witherspoon kernel: UBIFS (ubi7:1): UBIFS: mounted UBI device 7, volume 1, name "pnor-rw-136cf504"
Aug 03 15:43:17 witherspoon kernel: UBIFS (ubi7:1): LEB size: 65408 bytes (63 KiB), min./max. I/O unit sizes: 8 bytes/256 bytes
Aug 03 15:43:17 witherspoon kernel: UBIFS (ubi7:1): FS size: 16155776 bytes (15 MiB, 247 LEBs), journal size 784896 bytes (0 MiB, 12 LEBs)
Aug 03 15:43:17 witherspoon kernel: UBIFS (ubi7:1): reserved for root: 763076 bytes (745 KiB)
Aug 03 15:43:17 witherspoon kernel: UBIFS (ubi7:1): media format: w5/r0 (latest is w5/r0), UUID 688808B3-C218-43A3-934F-CD4999A0DEE0, small LPT model
Aug 03 15:43:17 witherspoon kernel[937]: [   30.310000] block ubiblock7_0: created from ubi7:0(pnor-ro-136cf504)
Aug 03 15:43:17 witherspoon kernel[937]: [   30.310000] UBIFS (ubi7:1): UBIFS: mounted UBI device 7, volume 1, name "pnor-rw-136cf504"
Aug 03 15:43:17 witherspoon kernel[937]: [   30.310000] UBIFS (ubi7:1): LEB size: 65408 bytes (63 KiB), min./max. I/O unit sizes: 8 bytes/256 bytes
Aug 03 15:43:17 witherspoon kernel[937]: [   30.310000] UBIFS (ubi7:1): FS size: 16155776 bytes (15 MiB, 247 LEBs), journal size 784896 bytes (0 MiB, 12 LEBs)
Aug 03 15:43:17 witherspoon kernel[937]: [   30.310000] UBIFS (ubi7:1): reserved for root: 763076 bytes (745 KiB)
Aug 03 15:43:17 witherspoon kernel[937]: [   30.680000] UBIFS (ubi7:1): media format: w5/r0 (latest is w5/r0), UUID 688808B3-C218-43A3-934F-CD4999A0DEE0, small LPT model
Aug 03 15:43:17 witherspoon systemd-networkd[972]: Enumeration completed
Aug 03 15:43:17 witherspoon systemd[1]: Starting Avahi mDNS/DNS-SD Stack...
Aug 03 15:43:17 witherspoon systemd[1]: Starting Phosphor Network Manager...
Aug 03 15:43:17 witherspoon kernel: UBIFS (ubi7:1): background thread "ubifs_bgt7_1" started, PID 994
Aug 03 15:43:17 witherspoon kernel[937]: [   30.680000] UBIFS (ubi7:1): background thread "ubifs_bgt7_1" started, PID 994
Aug 03 15:43:17 witherspoon systemd[1]: Starting Phosphor User Manager...
Aug 03 15:43:18 witherspoon systemd[1]: Starting Phosphor Chassis0 Control...
Aug 03 15:43:18 witherspoon systemd[1]: Starting Phosphor Settings Daemon...
Aug 03 15:43:18 witherspoon avahi-daemon[995]: Found user 'avahi' (UID 998) and group 'avahi' (GID 997).
Aug 03 15:43:18 witherspoon systemd-networkd[972]: eth0: IPv6 enabled for interface: Success
Aug 03 15:43:18 witherspoon avahi-daemon[995]: Successfully dropped root privileges.
Aug 03 15:43:18 witherspoon systemd[1]: Started Phosphor sysfs LED controller.
Aug 03 15:43:18 witherspoon avahi-daemon[995]: avahi-daemon 0.6.32 starting up.
Aug 03 15:43:18 witherspoon systemd[1]: Started Phosphor sysfs LED controller.
Aug 03 15:43:18 witherspoon systemd[1]: Started Phosphor sysfs LED controller.
Aug 03 15:43:18 witherspoon systemd-networkd[972]: eth0: Gained carrier
Aug 03 15:43:18 witherspoon systemd-timesyncd[932]: Network configuration changed, trying to establish connection.
Aug 03 15:43:18 witherspoon systemd[1]: Started Network Service.
Aug 03 15:43:19 witherspoon systemd[1]: Started Clear one time boot overrides.
Aug 03 15:43:20 witherspoon systemd-networkd[972]: eth0: Gained IPv6LL
Aug 03 15:43:20 witherspoon kernel: UBIFS (ubi7:2): background thread "ubifs_bgt7_2" started, PID 1013
Aug 03 15:43:20 witherspoon kernel[937]: [   33.630000] UBIFS (ubi7:2): background thread "ubifs_bgt7_2" started, PID 1013
Aug 03 15:43:20 witherspoon systemd[1]: Started Phosphor Settings Daemon.
Aug 03 15:43:20 witherspoon systemd[1]: Reached target Network.
Aug 03 15:43:20 witherspoon avahi-daemon[995]: Successfully called chroot().
Aug 03 15:43:20 witherspoon avahi-daemon[995]: Successfully dropped remaining capabilities.
Aug 03 15:43:20 witherspoon avahi-daemon[995]: Loading service file /services/obmc_console.service.
Aug 03 15:43:21 witherspoon kernel: UBIFS (ubi7:2): UBIFS: mounted UBI device 7, volume 2, name "pnor-prsv"
Aug 03 15:43:21 witherspoon kernel: UBIFS (ubi7:2): LEB size: 65408 bytes (63 KiB), min./max. I/O unit sizes: 8 bytes/256 bytes
Aug 03 15:43:21 witherspoon kernel: UBIFS (ubi7:2): FS size: 1504384 bytes (1 MiB, 23 LEBs), journal size 523265 bytes (0 MiB, 6 LEBs)
Aug 03 15:43:21 witherspoon kernel: UBIFS (ubi7:2): reserved for root: 71055 bytes (69 KiB)
Aug 03 15:43:21 witherspoon kernel: UBIFS (ubi7:2): media format: w5/r0 (latest is w5/r0), UUID 8A96375F-96ED-4053-B2BA-A9FE966F8C1F, small LPT model
Aug 03 15:43:21 witherspoon kernel[937]: [   34.190000] UBIFS (ubi7:2): UBIFS: mounted UBI device 7, volume 2, name "pnor-prsv"
Aug 03 15:43:21 witherspoon kernel[937]: [   34.190000] UBIFS (ubi7:2): LEB size: 65408 bytes (63 KiB), min./max. I/O unit sizes: 8 bytes/256 bytes
Aug 03 15:43:21 witherspoon kernel[937]: [   34.190000] UBIFS (ubi7:2): FS size: 1504384 bytes (1 MiB, 23 LEBs), journal size 523265 bytes (0 MiB, 6 LEBs)
Aug 03 15:43:21 witherspoon kernel[937]: [   34.190000] UBIFS (ubi7:2): reserved for root: 71055 bytes (69 KiB)
Aug 03 15:43:21 witherspoon kernel[937]: [   34.230000] UBIFS (ubi7:2): media format: w5/r0 (latest is w5/r0), UUID 8A96375F-96ED-4053-B2BA-A9FE966F8C1F, small LPT model
Aug 03 15:43:21 witherspoon avahi-daemon[995]: Loading service file /services/phosphor_rest.service.
Aug 03 15:43:21 witherspoon avahi-daemon[995]: Loading service file /services/sftp-ssh.service.
Aug 03 15:43:21 witherspoon avahi-daemon[995]: Loading service file /services/sftp.service.
Aug 03 15:43:21 witherspoon avahi-daemon[995]: Loading service file /services/ssh.service.
Aug 03 15:43:21 witherspoon avahi-daemon[995]: Joining mDNS multicast group on interface eth0.IPv6 with address fe80::72e2:84ff:fe14:2420.
Aug 03 15:43:21 witherspoon avahi-daemon[995]: New relevant interface eth0.IPv6 for mDNS.
Aug 03 15:43:21 witherspoon avahi-daemon[995]: Joining mDNS multicast group on interface eth0.IPv4 with address 9.41.166.169.
Aug 03 15:43:21 witherspoon avahi-daemon[995]: New relevant interface eth0.IPv4 for mDNS.
Aug 03 15:43:21 witherspoon avahi-daemon[995]: Network interface enumeration completed.
Aug 03 15:43:21 witherspoon avahi-daemon[995]: Registering new address record for fe80::72e2:84ff:fe14:2420 on eth0.*.
Aug 03 15:43:21 witherspoon avahi-daemon[995]: Registering new address record for 9.41.166.169 on eth0.IPv4.
Aug 03 15:43:21 witherspoon kernel: ftgmac100 1e660000.ethernet eth0: NCSI interface up
Aug 03 15:43:21 witherspoon kernel[937]: [   34.520000] ftgmac100 1e660000.ethernet eth0: NCSI interface up
Aug 03 15:43:21 witherspoon systemd[1]: Started Lightweight SLP Server.
Aug 03 15:43:21 witherspoon systemd[1]: Starting Permit User Sessions...
Aug 03 15:43:21 witherspoon systemd[1]: Started Remount the squashfs and ubi volumes after a reboot.
Aug 03 15:43:21 witherspoon systemd[1]: Started Avahi mDNS/DNS-SD Stack.
Aug 03 15:43:21 witherspoon systemd[1]: Started OpenBMC Software Update Manager.
Aug 03 15:43:22 witherspoon systemd[1]: Started Permit User Sessions.
Aug 03 15:43:22 witherspoon systemd[1]: Started Phosphor Dump Manager.
Aug 03 15:43:22 witherspoon systemd[1]: Started Serial Getty on ttyS4.
Aug 03 15:43:22 witherspoon systemd[1]: Reached target Login Prompts.
Aug 03 15:43:22 witherspoon systemd[1]: Reached target Multi-User System.
Aug 03 15:43:22 witherspoon systemd[1]: Starting OpenPower Software Update Manager...
Aug 03 15:43:22 witherspoon avahi-daemon[995]: Server startup complete. Host name is witherspoon.local. Local service cookie is 4051912764.
Aug 03 15:43:22 witherspoon avahi-daemon[995]: Service name conflict for "sftp" (/services/sftp.service), retrying with "sftp #2".
Aug 03 15:43:22 witherspoon avahi-daemon[995]: Service name conflict for "obmc_console" (/services/obmc_console.service), retrying with "obmc_console #2".
Aug 03 15:43:22 witherspoon avahi-daemon[995]: Service name conflict for "phosphor_rest" (/services/phosphor_rest.service), retrying with "phosphor_rest #2".
Aug 03 15:43:22 witherspoon systemd[1]: Started Phosphor BMC0 Control.
Aug 03 15:43:23 witherspoon avahi-daemon[995]: Service "witherspoon" (/services/ssh.service) successfully established.
Aug 03 15:43:23 witherspoon avahi-daemon[995]: Service "witherspoon" (/services/sftp-ssh.service) successfully established.
Aug 03 15:43:23 witherspoon avahi-daemon[995]: Service name conflict for "phosphor_rest" (/services/phosphor_rest.service), retrying with "phosphor_rest #3".
Aug 03 15:43:23 witherspoon avahi-daemon[995]: Service name conflict for "obmc_console" (/services/obmc_console.service), retrying with "obmc_console #3".
Aug 03 15:43:23 witherspoon openpower-update-manager[1021]: Error in reading file
Aug 03 15:43:23 witherspoon systemd[1]: Started OpenPower Software Update Manager.
Aug 03 15:43:24 witherspoon systemd[1]: Starting Phosphor Version Software Manager...
Aug 03 15:43:24 witherspoon systemd[1]: Mounting /usr/local...
Aug 03 15:43:24 witherspoon systemd[1]: Started Phosphor MBOX Daemon.
Aug 03 15:43:24 witherspoon systemd[1]: Mounted /usr/local.
Aug 03 15:43:24 witherspoon systemd[1]: Starting Create a ubi volume for pnor patches...
Aug 03 15:43:24 witherspoon avahi-daemon[995]: Service "sftp #2" (/services/sftp.service) successfully established.
Aug 03 15:43:24 witherspoon avahi-daemon[995]: Service name conflict for "obmc_console" (/services/obmc_console.service), retrying with "obmc_console #4".
Aug 03 15:43:24 witherspoon avahi-daemon[995]: Service name conflict for "phosphor_rest" (/services/phosphor_rest.service), retrying with "phosphor_rest #4".
Aug 03 15:43:25 witherspoon avahi-daemon[995]: Service name conflict for "obmc_console" (/services/obmc_console.service), retrying with "obmc_console #5".
Aug 03 15:43:25 witherspoon avahi-daemon[995]: Service name conflict for "phosphor_rest" (/services/phosphor_rest.service), retrying with "phosphor_rest #5".
Aug 03 15:43:26 witherspoon systemd[1]: Started Phosphor Version Software Manager.
Aug 03 15:43:26 witherspoon obmc-flash-bios[1026]: Volume ID 3, size 257 LEBs (16809856 bytes, 16.0 MiB), LEB size 65408 bytes (63.9 KiB), dynamic, name "pnor-patch", alignment 1
Aug 03 15:43:26 witherspoon avahi-daemon[995]: Service name conflict for "obmc_console" (/services/obmc_console.service), retrying with "obmc_console #6".
Aug 03 15:43:26 witherspoon avahi-daemon[995]: Service name conflict for "phosphor_rest" (/services/phosphor_rest.service), retrying with "phosphor_rest #6".
Aug 03 15:43:26 witherspoon kernel: UBIFS (ubi7:3): default file-system created
Aug 03 15:43:26 witherspoon kernel[937]: [   40.020000] UBIFS (ubi7:3): default file-system created
Aug 03 15:43:27 witherspoon kernel: UBIFS (ubi7:3): UBIFS: mounted UBI device 7, volume 3, name "pnor-patch"
Aug 03 15:43:27 witherspoon kernel: UBIFS (ubi7:3): LEB size: 65408 bytes (63 KiB), min./max. I/O unit sizes: 8 bytes/256 bytes
Aug 03 15:43:27 witherspoon kernel: UBIFS (ubi7:3): FS size: 16155776 bytes (15 MiB, 247 LEBs), journal size 784896 bytes (0 MiB, 12 LEBs)
Aug 03 15:43:27 witherspoon kernel: UBIFS (ubi7:3): reserved for root: 763076 bytes (745 KiB)
Aug 03 15:43:27 witherspoon kernel: UBIFS (ubi7:3): media format: w5/r0 (latest is w5/r0), UUID A34661EB-CD9C-455F-B019-49228E3ADC91, small LPT model
Aug 03 15:43:27 witherspoon kernel[937]: [   40.110000] UBIFS (ubi7:3): UBIFS: mounted UBI device 7, volume 3, name "pnor-patch"
Aug 03 15:43:27 witherspoon kernel[937]: [   40.110000] UBIFS (ubi7:3): LEB size: 65408 bytes (63 KiB), min./max. I/O unit sizes: 8 bytes/256 bytes
Aug 03 15:43:27 witherspoon kernel[937]: [   40.110000] UBIFS (ubi7:3): FS size: 16155776 bytes (15 MiB, 247 LEBs), journal size 784896 bytes (0 MiB, 12 LEBs)
Aug 03 15:43:27 witherspoon kernel[937]: [   40.110000] UBIFS (ubi7:3): reserved for root: 763076 bytes (745 KiB)
Aug 03 15:43:27 witherspoon kernel[937]: [   40.110000] UBIFS (ubi7:3): media format: w5/r0 (latest is w5/r0), UUID A34661EB-CD9C-455F-B019-49228E3ADC91, small LPT model
Aug 03 15:43:27 witherspoon kernel: UBIFS (ubi7:3): background thread "ubifs_bgt7_3" started, PID 1045
Aug 03 15:43:27 witherspoon kernel[937]: [   40.200000] UBIFS (ubi7:3): background thread "ubifs_bgt7_3" started, PID 1045
Aug 03 15:43:27 witherspoon avahi-daemon[995]: Service name conflict for "obmc_console" (/services/obmc_console.service), retrying with "obmc_console #7".
Aug 03 15:43:27 witherspoon avahi-daemon[995]: Service name conflict for "phosphor_rest" (/services/phosphor_rest.service), retrying with "phosphor_rest #7".
Aug 03 15:43:27 witherspoon systemd[1]: Started Create a ubi volume for pnor patches.
Aug 03 15:43:27 witherspoon avahi-daemon[995]: Withdrawing address record for 9.41.166.169 on eth0.
Aug 03 15:43:27 witherspoon avahi-daemon[995]: Host name conflict, retrying with witherspoon-2
Aug 03 15:43:27 witherspoon avahi-daemon[995]: Registering new address record for fe80::72e2:84ff:fe14:2420 on eth0.*.
Aug 03 15:43:27 witherspoon avahi-daemon[995]: Registering new address record for 9.41.166.169 on eth0.IPv4.
Aug 03 15:43:28 witherspoon avahi-daemon[995]: Withdrawing address record for 9.41.166.169 on eth0.
Aug 03 15:43:28 witherspoon avahi-daemon[995]: Host name conflict, retrying with witherspoon-3
Aug 03 15:43:28 witherspoon avahi-daemon[995]: Registering new address record for fe80::72e2:84ff:fe14:2420 on eth0.*.
Aug 03 15:43:28 witherspoon avahi-daemon[995]: Registering new address record for 9.41.166.169 on eth0.IPv4.
Aug 03 15:43:29 witherspoon avahi-daemon[995]: Withdrawing address record for 9.41.166.169 on eth0.
Aug 03 15:43:29 witherspoon avahi-daemon[995]: Host name conflict, retrying with witherspoon-4
Aug 03 15:43:29 witherspoon avahi-daemon[995]: Registering new address record for fe80::72e2:84ff:fe14:2420 on eth0.*.
Aug 03 15:43:29 witherspoon avahi-daemon[995]: Registering new address record for 9.41.166.169 on eth0.IPv4.
Aug 03 15:43:30 witherspoon avahi-daemon[995]: Withdrawing address record for 9.41.166.169 on eth0.
Aug 03 15:43:30 witherspoon avahi-daemon[995]: Host name conflict, retrying with witherspoon-5
Aug 03 15:43:30 witherspoon avahi-daemon[995]: Registering new address record for fe80::72e2:84ff:fe14:2420 on eth0.*.
Aug 03 15:43:30 witherspoon avahi-daemon[995]: Registering new address record for 9.41.166.169 on eth0.IPv4.
Aug 03 15:43:31 witherspoon avahi-daemon[995]: Withdrawing address record for 9.41.166.169 on eth0.
Aug 03 15:43:31 witherspoon avahi-daemon[995]: Host name conflict, retrying with witherspoon-6
Aug 03 15:43:31 witherspoon avahi-daemon[995]: Registering new address record for fe80::72e2:84ff:fe14:2420 on eth0.*.
Aug 03 15:43:31 witherspoon avahi-daemon[995]: Registering new address record for 9.41.166.169 on eth0.IPv4.
Aug 03 15:43:32 witherspoon avahi-daemon[995]: Withdrawing address record for 9.41.166.169 on eth0.
Aug 03 15:43:32 witherspoon avahi-daemon[995]: Host name conflict, retrying with witherspoon-7
Aug 03 15:43:32 witherspoon avahi-daemon[995]: Registering new address record for fe80::72e2:84ff:fe14:2420 on eth0.*.
Aug 03 15:43:32 witherspoon avahi-daemon[995]: Registering new address record for 9.41.166.169 on eth0.IPv4.
Aug 03 15:43:33 witherspoon systemd-networkd[972]: eth0: Configured
Aug 03 15:43:33 witherspoon systemd-timesyncd[932]: Network configuration changed, trying to establish connection.
Aug 03 15:43:33 witherspoon avahi-daemon[995]: Withdrawing address record for 9.41.166.169 on eth0.
Aug 03 15:43:33 witherspoon avahi-daemon[995]: Host name conflict, retrying with witherspoon-8
Aug 03 15:43:33 witherspoon avahi-daemon[995]: Registering new address record for fe80::72e2:84ff:fe14:2420 on eth0.*.
Aug 03 15:43:33 witherspoon avahi-daemon[995]: Registering new address record for 9.41.166.169 on eth0.IPv4.
Aug 03 15:43:33 witherspoon systemd[1]: Started Phosphor Download Manager.
Aug 03 15:43:33 witherspoon download_manager.py[936]: Running Download Manager
Aug 03 15:43:34 witherspoon avahi-daemon[995]: Withdrawing address record for 9.41.166.169 on eth0.
Aug 03 15:43:34 witherspoon avahi-daemon[995]: Host name conflict, retrying with witherspoon-9
Aug 03 15:43:34 witherspoon avahi-daemon[995]: Registering new address record for fe80::72e2:84ff:fe14:2420 on eth0.*.
Aug 03 15:43:34 witherspoon avahi-daemon[995]: Registering new address record for 9.41.166.169 on eth0.IPv4.
Aug 03 15:43:34 witherspoon sensor_manager2.py[935]: Setting boot count to 3
Aug 03 15:43:34 witherspoon systemd[1]: Started Phosphor Sensor Manager.
Aug 03 15:43:34 witherspoon sensor_manager2.py[935]: Starting sensor manager
Aug 03 15:43:35 witherspoon inventory_items.py[977]: Loading from cache: /var/cache/obmc/org.openbmc.inventory.system.chassis.motherboard.apss@org.openbmc.InventoryItem.props
Aug 03 15:43:35 witherspoon inventory_items.py[977]: Loading from cache: /var/cache/obmc/org.openbmc.inventory.system.chassis.motherboard@org.openbmc.InventoryItem.props
Aug 03 15:43:35 witherspoon inventory_items.py[977]: Loading from cache: /var/cache/obmc/org.openbmc.inventory.system.chassis.motherboard.refclock@org.openbmc.InventoryItem.props
Aug 03 15:43:35 witherspoon inventory_items.py[977]: Loading from cache: /var/cache/obmc/org.openbmc.inventory.system.chassis.motherboard.cpu1.core7@org.openbmc.InventoryItem.props
Aug 03 15:43:35 witherspoon inventory_items.py[977]: Loading from cache: /var/cache/obmc/org.openbmc.inventory.system.chassis.motherboard.cpu1.core4@org.openbmc.InventoryItem.props
Aug 03 15:43:35 witherspoon inventory_items.py[977]: Loading from cache: /var/cache/obmc/org.openbmc.inventory.system.chassis.motherboard.cpu1.core1@org.openbmc.InventoryItem.props
Aug 03 15:43:35 witherspoon inventory_items.py[977]: Loading from cache: /var/cache/obmc/org.openbmc.inventory.system.chassis.motherboard.cpu1.core10@org.openbmc.InventoryItem.props
Aug 03 15:43:36 witherspoon avahi-daemon[995]: Withdrawing address record for 9.41.166.169 on eth0.
Aug 03 15:43:36 witherspoon avahi-daemon[995]: Host name conflict, retrying with witherspoon-10
Aug 03 15:43:36 witherspoon avahi-daemon[995]: Registering new address record for fe80::72e2:84ff:fe14:2420 on eth0.*.
Aug 03 15:43:36 witherspoon avahi-daemon[995]: Registering new address record for 9.41.166.169 on eth0.IPv4.
Aug 03 15:43:36 witherspoon systemd[1]: Started Phosphor Chassis0 Control.
Aug 03 15:43:36 witherspoon chassis_control.py[998]: Running ChassisControlService
Aug 03 15:43:36 witherspoon inventory_items.py[977]: Loading from cache: /var/cache/obmc/org.openbmc.inventory.system.chassis.motherboard.todclock@org.openbmc.InventoryItem.props
Aug 03 15:43:36 witherspoon inventory_items.py[977]: Loading from cache: /var/cache/obmc/org.openbmc.inventory.system.chassis.motherboard.cpu1@org.openbmc.InventoryItem.props
Aug 03 15:43:36 witherspoon inventory_items.py[977]: Loading from cache: /var/cache/obmc/org.openbmc.inventory.system.chassis.motherboard.bmc@org.openbmc.InventoryItem.props
Aug 03 15:43:36 witherspoon inventory_items.py[977]: Caching: /org/openbmc/inventory/system/chassis/motherboard/bmc
Aug 03 15:43:36 witherspoon inventory_items.py[977]: Loading from cache: /var/cache/obmc/org.openbmc.inventory.system.chassis.motherboard.cpu0.core1@org.openbmc.InventoryItem.props
Aug 03 15:43:36 witherspoon inventory_items.py[977]: Loading from cache: /var/cache/obmc/org.openbmc.inventory.system.chassis.motherboard.cpu0.core7@org.openbmc.InventoryItem.props
Aug 03 15:43:36 witherspoon inventory_items.py[977]: Loading from cache: /var/cache/obmc/org.openbmc.inventory.system.chassis.motherboard.cpu0.core4@org.openbmc.InventoryItem.props
Aug 03 15:43:36 witherspoon inventory_items.py[977]: Loading from cache: /var/cache/obmc/org.openbmc.inventory.system.chassis.motherboard.pcieclock@org.openbmc.InventoryItem.props
Aug 03 15:43:36 witherspoon inventory_items.py[977]: Loading from cache: /var/cache/obmc/org.openbmc.inventory.system.chassis.motherboard.cpu0.core10@org.openbmc.InventoryItem.props
Aug 03 15:43:36 witherspoon systemd[1]: Started Phosphor Inventory Manager.
Aug 03 15:43:36 witherspoon inventory_items.py[977]: Running Inventory Manager
Aug 03 15:43:36 witherspoon phosphor-mapper[973]: ObjectMapper startup complete.  Discovery in progress...
Aug 03 15:43:37 witherspoon avahi-daemon[1003]: ../../avahi-0.6.32/avahi-daemon/chroot.c: open() failed: No such file or directory
Aug 03 15:43:37 witherspoon avahi-daemon[995]: Failed to open /usr/share/dbus-1/interfaces/org.freedesktop.Avahi.Server.xml: Invalid argument
Aug 03 15:43:37 witherspoon avahi-daemon[995]: Failed to load introspection data.
Aug 03 15:43:37 witherspoon avahi-daemon[995]: Withdrawing address record for 9.41.166.169 on eth0.
Aug 03 15:43:37 witherspoon avahi-daemon[995]: Host name conflict, retrying with witherspoon-11
Aug 03 15:43:37 witherspoon avahi-daemon[995]: Registering new address record for fe80::72e2:84ff:fe14:2420 on eth0.*.
Aug 03 15:43:37 witherspoon avahi-daemon[995]: Registering new address record for 9.41.166.169 on eth0.IPv4.
Aug 03 15:43:39 witherspoon avahi-daemon[995]: Server startup complete. Host name is witherspoon-11.local. Local service cookie is 4051912764.
Aug 03 15:43:39 witherspoon avahi-daemon[995]: Service name conflict for "obmc_console" (/services/obmc_console.service), retrying with "obmc_console #8".
Aug 03 15:43:39 witherspoon systemd[1]: Started Phosphor User Manager.
Aug 03 15:43:39 witherspoon avahi-daemon[995]: Service name conflict for "phosphor_rest" (/services/phosphor_rest.service), retrying with "phosphor_rest #8".
Aug 03 15:43:39 witherspoon obmc-phosphor-userd[997]: Started
Aug 03 15:43:40 witherspoon systemd[1]: Started Phosphor Network Manager.
Aug 03 15:43:40 witherspoon netman.py[996]: Started
Aug 03 15:43:40 witherspoon avahi-daemon[995]: Service "witherspoon-11" (/services/ssh.service) successfully established.
Aug 03 15:43:40 witherspoon avahi-daemon[995]: Service "sftp #2" (/services/sftp.service) successfully established.
Aug 03 15:43:40 witherspoon avahi-daemon[995]: Service "witherspoon-11" (/services/sftp-ssh.service) successfully established.
Aug 03 15:43:41 witherspoon avahi-daemon[995]: Service name conflict for "obmc_console" (/services/obmc_console.service), retrying with "obmc_console #9".
Aug 03 15:43:41 witherspoon avahi-daemon[995]: Service name conflict for "phosphor_rest" (/services/phosphor_rest.service), retrying with "phosphor_rest #9".
Aug 03 15:43:42 witherspoon avahi-daemon[995]: Service name conflict for "obmc_console" (/services/obmc_console.service), retrying with "obmc_console #10".
Aug 03 15:43:42 witherspoon avahi-daemon[995]: Service name conflict for "phosphor_rest" (/services/phosphor_rest.service), retrying with "phosphor_rest #10".
Aug 03 15:43:43 witherspoon avahi-daemon[995]: Service name conflict for "obmc_console" (/services/obmc_console.service), retrying with "obmc_console #11".
Aug 03 15:43:43 witherspoon avahi-daemon[995]: Service name conflict for "phosphor_rest" (/services/phosphor_rest.service), retrying with "phosphor_rest #11".
Aug 03 15:43:44 witherspoon avahi-daemon[995]: Service name conflict for "phosphor_rest" (/services/phosphor_rest.service), retrying with "phosphor_rest #12".
Aug 03 15:43:44 witherspoon avahi-daemon[995]: Service name conflict for "obmc_console" (/services/obmc_console.service), retrying with "obmc_console #12".
Aug 03 15:43:45 witherspoon avahi-daemon[995]: Service name conflict for "obmc_console" (/services/obmc_console.service), retrying with "obmc_console #13".
Aug 03 15:43:45 witherspoon avahi-daemon[995]: Service name conflict for "phosphor_rest" (/services/phosphor_rest.service), retrying with "phosphor_rest #13".
Aug 03 15:43:46 witherspoon avahi-daemon[995]: Service name conflict for "obmc_console" (/services/obmc_console.service), retrying with "obmc_console #14".
Aug 03 15:43:46 witherspoon avahi-daemon[995]: Service name conflict for "phosphor_rest" (/services/phosphor_rest.service), retrying with "phosphor_rest #14".
Aug 03 15:43:51 witherspoon phosphor-mapper[973]: ObjectMapper discovery complete
Aug 03 15:43:51 witherspoon systemd[1]: Started Phosphor DBus Service Discovery Manager.
Aug 03 15:43:51 witherspoon systemd[1]: Started Phosphor Hwmon Poller.
Aug 03 15:43:51 witherspoon systemd[1]: Started Phosphor Hwmon Poller.
Aug 03 15:43:51 witherspoon systemd[1]: Started Phosphor Hwmon Poller.
Aug 03 15:43:51 witherspoon systemd[1]: Started Phosphor Hwmon Poller.
Aug 03 15:43:51 witherspoon systemd[1]: Started Phosphor Hwmon Poller.
Aug 03 15:43:51 witherspoon systemd[1]: Started Phosphor Hwmon Poller.
Aug 03 15:43:51 witherspoon systemd[1]: Reached target Phosphor Object Mapper.
Aug 03 15:43:51 witherspoon systemd[1]: Started Phosphor DBus Monitor.
Aug 03 15:43:51 witherspoon systemd[1]: Starting Wait for /xyz/openbmc_project/inventory...
Aug 03 15:43:51 witherspoon systemd[1]: Starting Wait for /xyz/openbmc_project/control/host0/boot_source...
Aug 03 15:43:51 witherspoon systemd[1]: Starting Wait for /xyz/openbmc_project/control/host0/power_restore_policy...
Aug 03 15:43:51 witherspoon systemd[1]: Starting Wait for /xyz/openbmc_project/led/groups/bmc_booted...
Aug 03 15:43:51 witherspoon systemd[1]: Starting Wait for /xyz/openbmc_project/state/chassis0...
Aug 03 15:43:51 witherspoon systemd[1]: Starting Wait for /org/openbmc/control/power0...
Aug 03 15:43:51 witherspoon systemd[1]: Starting Phosphor Network Manager...
Aug 03 15:43:51 witherspoon systemd[1]: Starting Wait for /xyz/openbmc_project/state/host0...
Aug 03 15:43:51 witherspoon systemd[1]: Starting Wait for /xyz/openbmc_project/led/groups...
Aug 03 15:43:51 witherspoon systemd[1]: Starting Phosphor Settings Manager...
Aug 03 15:43:51 witherspoon systemd[1]: Starting Wait for /xyz/openbmc_project/time/owner...
Aug 03 15:43:51 witherspoon systemd[1]: Starting Wait for /xyz/openbmc_project/control/host0/boot_mode...
Aug 03 15:43:51 witherspoon systemd[1]: Starting Wait for /org/openbmc/control/bmc0...
Aug 03 15:43:51 witherspoon systemd[1]: Starting Wait for /org/openbmc/control/flash/bios...
Aug 03 15:43:51 witherspoon systemd[1]: Starting Wait for /org/openbmc/NetworkManager/Interface...
Aug 03 15:43:51 witherspoon systemd[1]: Reached target Webserver (pre).
Aug 03 15:43:51 witherspoon systemd[1]: Starting Wait for /org/openbmc/managers/System...
Aug 03 15:43:51 witherspoon systemd[1]: Starting Wait for /org/openbmc/managers/Download...
Aug 03 15:43:51 witherspoon systemd[1]: Starting Wait for /xyz/openbmc_project/control/host0/auto_reboot...
Aug 03 15:43:51 witherspoon systemd[1]: Starting Wait for /xyz/openbmc_project/control/host0/restriction_mode...
Aug 03 15:43:51 witherspoon systemd[1]: Starting Wait for /xyz/openbmc_project/control/host0...
Aug 03 15:43:51 witherspoon systemd[1]: Starting Wait for /xyz/openbmc_project/time/sync_method...
Aug 03 15:43:51 witherspoon systemd[1]: Starting Phoshpor System Manager...
Aug 03 15:43:54 witherspoon phosphor-network-manager[1061]: ConfigParser: Section not found
Aug 03 15:43:54 witherspoon phosphor-network-manager[1061]: The operation failed internally.
Aug 03 15:43:55 witherspoon phosphor-network-manager[1061]: ConfigParser: Section not found
Aug 03 15:43:55 witherspoon phosphor-network-manager[1061]: The operation failed internally.
Aug 03 15:43:55 witherspoon phosphor-network-manager[1061]: ConfigParser: Key not found
Aug 03 15:43:55 witherspoon phosphor-network-manager[1061]: The operation failed internally.
Aug 03 15:43:57 witherspoon systemd[1]: Started Wait for /xyz/openbmc_project/led/groups.
Aug 03 15:43:57 witherspoon systemd[1]: Started FRU Fault monitor service.
Aug 03 15:43:57 witherspoon systemd[1]: Started Wait for /xyz/openbmc_project/time/sync_method.
Aug 03 15:43:57 witherspoon systemd[1]: Started Wait for /org/openbmc/managers/Download.
Aug 03 15:43:57 witherspoon systemd[1]: Starting Phosphor BIOS Code Update...
Aug 03 15:43:57 witherspoon systemd[1]: Started Wait for /xyz/openbmc_project/control/host0/boot_mode.
Aug 03 15:43:58 witherspoon systemd[1]: Started Wait for /xyz/openbmc_project/inventory.
Aug 03 15:43:58 witherspoon systemd[1]: Started Phosphor GPIO 0 Presence.
Aug 03 15:43:58 witherspoon systemd[1]: Starting OpenPOWER OCC controller...
Aug 03 15:43:58 witherspoon systemd[1]: Starting Read OpenPOWER-format VPD from EEPROM...
Aug 03 15:43:58 witherspoon systemd[1]: Started Phosphor GPIO 1 Presence.
Aug 03 15:43:58 witherspoon systemd[1]: Started Phosphor Cooling Type.
Aug 03 15:43:58 witherspoon systemd[1]: Started Wait for /xyz/openbmc_project/control/host0/boot_source.
Aug 03 15:43:59 witherspoon phosphor-gpio-presence[1092]: Updating inventory present property
Aug 03 15:43:59 witherspoon phosphor-gpio-presence[1089]: Updating inventory present property
Aug 03 15:43:59 witherspoon systemd[1]: Started Wait for /xyz/openbmc_project/control/host0/power_restore_policy.
Aug 03 15:43:59 witherspoon systemd[1]: Started Wait for /xyz/openbmc_project/control/host0/restriction_mode.
Aug 03 15:44:00 witherspoon systemd[1]: Started Phosphor BIOS Code Update.
Aug 03 15:44:02 witherspoon systemd[1]: Started Wait for /xyz/openbmc_project/led/groups/bmc_booted.
Aug 03 15:44:02 witherspoon systemd[1]: Started Wait for /org/openbmc/control/bmc0.
Aug 03 15:44:02 witherspoon systemd[1]: Starting Phosphor BMC Code Update...
Aug 03 15:44:02 witherspoon systemd[1]: Started Wait for /org/openbmc/NetworkManager/Interface.
Aug 03 15:44:02 witherspoon systemd[1]: Started Phosphor DNS Settings Cache Manager.
Aug 03 15:44:02 witherspoon systemd[1]: Started Wait for /xyz/openbmc_project/control/host0/auto_reboot.
Aug 03 15:44:04 witherspoon system_manager.py[1076]: Running System State: BASE_APPS
Aug 03 15:44:04 witherspoon system_manager.py[1076]: SystemManager Init Done
Aug 03 15:44:04 witherspoon systemd[1]: Started Phoshpor System Manager.
Aug 03 15:44:04 witherspoon system_manager.py[1076]: Running SystemManager
Aug 03 15:44:06 witherspoon dbus[952]: [system] Activating via systemd: service name='org.freedesktop.journal1' unit='dbus-org.freedesktop.journal1.service'
Aug 03 15:44:06 witherspoon avahi-daemon[995]: Service name conflict for "phosphor_rest" (/services/phosphor_rest.service), retrying with "phosphor_rest #15".
Aug 03 15:44:06 witherspoon avahi-daemon[995]: Service name conflict for "obmc_console" (/services/obmc_console.service), retrying with "obmc_console #15".
Aug 03 15:44:06 witherspoon systemd[1]: Started Wait for /xyz/openbmc_project/time/owner.
Aug 03 15:44:06 witherspoon systemd[1]: Starting Journal Dbus Service...
Aug 03 15:44:06 witherspoon dbus[952]: [system] Successfully activated service 'org.freedesktop.journal1'
Aug 03 15:44:06 witherspoon systemd[1]: Started Journal Dbus Service.
Aug 03 15:44:07 witherspoon phosphor-log-manager[947]: Failed to find metadata
Aug 03 15:44:07 witherspoon phosphor-fru-fault-monitor[1077]: /xyz/openbmc_project/logging/entry/3
Aug 03 15:44:07 witherspoon dbus[952]: [system] Activating via systemd: service name='org.freedesktop.hostname1' unit='dbus-org.freedesktop.hostname1.service'
Aug 03 15:44:07 witherspoon systemd[1]: Starting Hostname Service...
Aug 03 15:44:08 witherspoon dbus[952]: [system] Successfully activated service 'org.freedesktop.hostname1'
Aug 03 15:44:08 witherspoon systemd[1]: Started Hostname Service.
Aug 03 15:44:08 witherspoon systemd[1]: Started Phosphor Network Manager.
Aug 03 15:44:10 witherspoon systemd[1]: Started OpenPOWER OCC controller.
Aug 03 15:44:10 witherspoon system_manager.py[1076]: SystemManager Goto System State: BMC_STARTING
Aug 03 15:44:10 witherspoon system_manager.py[1076]: Running System State: BMC_STARTING
Aug 03 15:44:10 witherspoon systemd[1]: Started Phosphor Settings Manager.
Aug 03 15:44:10 witherspoon systemd[1]: Starting Wait for /org/openbmc/settings/host0...
Aug 03 15:44:10 witherspoon settings_manager.py[1064]: Running HostSettingsService
Aug 03 15:44:11 witherspoon systemd[1]: Started Phosphor BMC Code Update.
Aug 03 15:44:11 witherspoon bmc_update.py[1098]: Running Bmc Flash Control
Aug 03 15:44:13 witherspoon systemd[1]: Started Read OpenPOWER-format VPD from EEPROM.
Aug 03 15:44:18 witherspoon systemd[1]: Started Wait for /org/openbmc/managers/System.
Aug 03 15:44:18 witherspoon systemd[1]: Starting Phosphor Host State Manager...
Aug 03 15:44:18 witherspoon systemd[1]: Starting Phosphor Reset Button0...
Aug 03 15:44:18 witherspoon button_reset.exe[1112]: GPIO Lookup:  RESET_BUTTON = 353,both
Aug 03 15:44:18 witherspoon systemd[1]: Starting Phosphor Power0 Control...
Aug 03 15:44:18 witherspoon systemd[1]: Starting Phosphor Power Button0...
Aug 03 15:44:18 witherspoon systemd[1]: Starting Phosphor BMC State Manager...
Aug 03 15:44:18 witherspoon systemd[1]: Starting Phosphor Chassis State Manager...
Aug 03 15:44:18 witherspoon systemd[1]: Started Wait for /org/openbmc/control/flash/bios.
Aug 03 15:44:18 witherspoon systemd[1]: Started Initialize BIOS Flash.
Aug 03 15:44:19 witherspoon phosphor-chassis-state-manager[1123]: Initial Chassis State will be Off
Aug 03 15:44:19 witherspoon systemd[1]: Started Phosphor Chassis State Manager.
Aug 03 15:44:19 witherspoon systemd[1]: Started Phosphor Reset Button0.
Aug 03 15:44:19 witherspoon phosphor-bmc-state-manager[1122]: Setting the BMCState field
Aug 03 15:44:19 witherspoon phosphor-bmc-state-manager[1122]: Setting the BMCState field
Aug 03 15:44:19 witherspoon systemd[1]: Started Phosphor BMC State Manager.
Aug 03 15:44:19 witherspoon system_manager.py[1076]: New object: /org/openbmc/control/power0 (:1.83)
Aug 03 15:44:20 witherspoon system_manager.py[1076]: Power GPIO config: ['SYS_PWROK_BUFF', '', [('SOFTWARE_PGOOD', True), ('BMC_POWER_UP', True)], [('BMC_CP0_RESET_N', False)], [], 'FSI_DATA', 'FSI_CLK', 'FSI_ENABLE', 'CRONUS_SEL', []]
Aug 03 15:44:20 witherspoon systemd[1]: Started Wait for /org/openbmc/settings/host0.
Aug 03 15:44:20 witherspoon power_control.exe[1120]: Power GPIO latch output:
Aug 03 15:44:20 witherspoon power_control.exe[1120]: Power GPIO power good input: SYS_PWROK_BUFF
Aug 03 15:44:20 witherspoon power_control.exe[1120]: Power GPIO 2 power_up outputs
Aug 03 15:44:20 witherspoon power_control.exe[1120]: Power GPIO power_up[0] = SOFTWARE_PGOOD active HIGH
Aug 03 15:44:20 witherspoon power_control.exe[1120]: Power GPIO power_up[1] = BMC_POWER_UP active HIGH
Aug 03 15:44:20 witherspoon power_control.exe[1120]: Power GPIO 1 reset outputs
Aug 03 15:44:20 witherspoon power_control.exe[1120]: Power GPIO reset[0] = BMC_CP0_RESET_N active LOW
Aug 03 15:44:20 witherspoon power_control.exe[1120]: Power GPIO 0 pci reset outputs
Aug 03 15:44:20 witherspoon power_control.exe[1120]: FSI DATA GPIO: FSI_DATA
Aug 03 15:44:20 witherspoon power_control.exe[1120]: FSI CLK GPIO: FSI_CLK
Aug 03 15:44:20 witherspoon power_control.exe[1120]: FSI ENABLE GPIO: FSI_ENABLE
Aug 03 15:44:20 witherspoon power_control.exe[1120]: CRONUS SEL GPIO: CRONUS_SEL
Aug 03 15:44:20 witherspoon power_control.exe[1120]: Hostctl GPIO optionals: 0
Aug 03 15:44:20 witherspoon systemd[1]: Started Phosphor Inband IPMI.
Aug 03 15:44:20 witherspoon button_power.exe[1121]: GPIO Lookup:  POWER_BUTTON = 347,both
Aug 03 15:44:20 witherspoon systemd[1]: Started Phosphor Power Button0.
Aug 03 15:44:20 witherspoon power_control.exe[1120]: GPIO Lookup:  SYS_PWROK_BUFF = 306,in
Aug 03 15:44:21 witherspoon power_control.exe[1120]: GPIO Lookup:  SOFTWARE_PGOOD = 417,out
Aug 03 15:44:21 witherspoon power_control.exe[1120]: GPIO Lookup:  BMC_POWER_UP = 305,out
Aug 03 15:44:21 witherspoon power_control.exe[1120]: GPIO Lookup:  BMC_CP0_RESET_N = 281,out
Aug 03 15:44:21 witherspoon power_control.exe[1120]: Pgood state: 0
Aug 03 15:44:21 witherspoon systemd[1]: Started Phosphor Power0 Control.
Aug 03 15:44:22 witherspoon phosphor-host-state-manager[1111]: Initial Host State will be Off
Aug 03 15:44:23 witherspoon systemd[1]: Started Phosphor Host State Manager.
Aug 03 15:44:25 witherspoon flash_bios.exe[1081]: Starting flasher: bios,,/org/openbmc/control/flash/bios,
Aug 03 15:44:25 witherspoon flash_bios.exe[1081]: flasher: , BMC = 1, address = 0x0
Aug 03 15:44:25 witherspoon flash_bios.exe[1081]: Setting up flash
Aug 03 15:44:25 witherspoon flash_bios.exe[1081]: Starting flasher: bios,,/org/openbmc/control/flash/bios,
Aug 03 15:44:25 witherspoon flash_bios.exe[1081]: flasher: , BMC = 1, address = 0x0
Aug 03 15:44:25 witherspoon flash_bios.exe[1081]: Setting up flash
Aug 03 15:44:26 witherspoon avahi-daemon[995]: Service name conflict for "phosphor_rest" (/services/phosphor_rest.service), retrying with "phosphor_rest #16".
Aug 03 15:44:26 witherspoon avahi-daemon[995]: Service name conflict for "obmc_console" (/services/obmc_console.service), retrying with "obmc_console #16".
Aug 03 15:44:26 witherspoon systemd[1]: Started Wait for /xyz/openbmc_project/state/chassis0.
Aug 03 15:44:27 witherspoon system_manager.py[1076]: SystemManager Goto System State: BMC_READY
Aug 03 15:44:27 witherspoon system_manager.py[1076]: Running System State: BMC_READY
Aug 03 15:44:27 witherspoon systemd[1]: Started Wait for /org/openbmc/control/power0.
Aug 03 15:44:27 witherspoon systemd[1]: Starting Check Chassis0 pgood and create a file to indicate it...
Aug 03 15:44:27 witherspoon systemd[1]: Starting Phosphor Time Manager daemon...
Aug 03 15:44:28 witherspoon timemanager[1154]: Registering dbus methods
Aug 03 15:44:28 witherspoon timemanager[1154]: Last known time_mode: NTP
Aug 03 15:44:28 witherspoon timemanager[1154]: Last known time_owner: BMC
Aug 03 15:44:28 witherspoon timemanager[1154]: Empty DhcpNtp string
Aug 03 15:44:28 witherspoon timemanager[1154]: Reading Power Control key: pgood
Aug 03 15:44:28 witherspoon timemanager[1154]: Changing settings *allowed* now
Aug 03 15:44:28 witherspoon systemd[1]: Started Wait for /xyz/openbmc_project/state/host0.
Aug 03 15:44:28 witherspoon systemd[1]: Starting Reboot If Enabled...
Aug 03 15:44:28 witherspoon systemd[1]: Started Wait for /xyz/openbmc_project/control/host0.
Aug 03 15:44:29 witherspoon timemanager[1154]: Owner is already set to : BMC
Aug 03 15:44:29 witherspoon systemd[1]: Started Check Chassis0 pgood and create a file to indicate it.
Aug 03 15:44:29 witherspoon systemd[1]: Reached target Chassis0 power on after reset.
Aug 03 15:44:29 witherspoon systemd[1]: Reached target Host0 running after reset.
Aug 03 15:44:29 witherspoon systemd[1]: Reached target Host0 (Reset Check).
Aug 03 15:44:29 witherspoon systemd[1]: Reached target Chassis0 (Reset Check).
Aug 03 15:44:29 witherspoon timemanager[1154]: Requested_Mode: NTP Current_Mode: NTP
Aug 03 15:44:29 witherspoon timemanager[1154]: Mode is already set to : NTP
Aug 03 15:44:29 witherspoon timemanager[1154]: Getting System Settings: use_dhcp_ntp
Aug 03 15:44:29 witherspoon timemanager[1154]: use_dhcp_ntp = yes
Aug 03 15:44:29 witherspoon timemanager[1154]: Last known host_offset:0
Aug 03 15:44:29 witherspoon timemanager[1154]: Initial Uptime Usec: 1501774966805690
Aug 03 15:44:29 witherspoon systemd[1]: Started Phosphor Time Manager daemon.
Aug 03 15:44:30 witherspoon phosphor-discover-system-state[1163]: Host power is off, checking power policy
Aug 03 15:44:30 witherspoon systemd[1]: Started Reboot If Enabled.
Aug 03 15:44:30 witherspoon systemd[1]: Reached target Phosphor System - Standby.
Aug 03 15:44:30 witherspoon systemd[1]: Starting Assert bmc_booted LED...
Aug 03 15:44:30 witherspoon phosphor-bmc-state-manager[1122]: BMC_READY
Aug 03 15:44:30 witherspoon phosphor-bmc-state-manager[1122]: Setting the BMCState field
Aug 03 15:44:30 witherspoon phosphor-ledmanager[938]: Asserting LEDs
Aug 03 15:44:30 witherspoon systemd[1]: Started Assert bmc_booted LED.
Aug 03 15:44:30 witherspoon systemd[1]: Startup finished in 8.942s (kernel) + 1min 34.963s (userspace) = 1min 43.906s.
Aug 03 15:44:46 witherspoon avahi-daemon[995]: Service name conflict for "obmc_console" (/services/obmc_console.service), retrying with "obmc_console #17".
Aug 03 15:44:46 witherspoon avahi-daemon[995]: Service name conflict for "phosphor_rest" (/services/phosphor_rest.service), retrying with "phosphor_rest #17".
Aug 03 15:45:06 witherspoon avahi-daemon[995]: Service name conflict for "obmc_console" (/services/obmc_console.service), retrying with "obmc_console #18".
Aug 03 15:45:06 witherspoon avahi-daemon[995]: Service name conflict for "phosphor_rest" (/services/phosphor_rest.service), retrying with "phosphor_rest #18".
Aug 03 15:45:26 witherspoon avahi-daemon[995]: Service name conflict for "phosphor_rest" (/services/phosphor_rest.service), retrying with "phosphor_rest #19".
Aug 03 15:45:26 witherspoon avahi-daemon[995]: Service name conflict for "obmc_console" (/services/obmc_console.service), retrying with "obmc_console #19".
Aug 03 15:45:46 witherspoon avahi-daemon[995]: Service name conflict for "obmc_console" (/services/obmc_console.service), retrying with "obmc_console #20".
Aug 03 15:45:46 witherspoon avahi-daemon[995]: Service name conflict for "phosphor_rest" (/services/phosphor_rest.service), retrying with "phosphor_rest #20".
Aug 03 15:46:06 witherspoon avahi-daemon[995]: Service name conflict for "obmc_console" (/services/obmc_console.service), retrying with "obmc_console #21".
Aug 03 15:46:06 witherspoon avahi-daemon[995]: Service name conflict for "phosphor_rest" (/services/phosphor_rest.service), retrying with "phosphor_rest #21".
Aug 03 15:46:26 witherspoon avahi-daemon[995]: Service name conflict for "phosphor_rest" (/services/phosphor_rest.service), retrying with "phosphor_rest #22".
Aug 03 15:46:26 witherspoon avahi-daemon[995]: Service name conflict for "obmc_console" (/services/obmc_console.service), retrying with "obmc_console #22".
Aug 03 15:46:46 witherspoon avahi-daemon[995]: Service name conflict for "phosphor_rest" (/services/phosphor_rest.service), retrying with "phosphor_rest #23".
Aug 03 15:46:46 witherspoon avahi-daemon[995]: Service name conflict for "obmc_console" (/services/obmc_console.service), retrying with "obmc_console #23".
Aug 03 15:47:06 witherspoon avahi-daemon[995]: Service name conflict for "phosphor_rest" (/services/phosphor_rest.service), retrying with "phosphor_rest #24".
Aug 03 15:47:06 witherspoon avahi-daemon[995]: Service name conflict for "obmc_console" (/services/obmc_console.service), retrying with "obmc_console #24".
Aug 03 15:47:22 witherspoon systemd[1]: Started Phosphor Webserver.
Aug 03 15:47:26 witherspoon avahi-daemon[995]: Service name conflict for "obmc_console" (/services/obmc_console.service), retrying with "obmc_console #25".
Aug 03 15:47:26 witherspoon avahi-daemon[995]: Service name conflict for "phosphor_rest" (/services/phosphor_rest.service), retrying with "phosphor_rest #25".
Aug 03 15:47:34 witherspoon phosphor-gevent[1181]: ::8049:5e76:8e91:f402%1995000604 - - [2017-08-03 15:47:34] "POST /login HTTP/1.1" 200 320 0.072728
Aug 03 15:47:34 witherspoon systemd[1]: Created slice system-dropbear.slice.
Aug 03 15:47:34 witherspoon systemd[1]: Started SSH Per-Connection Server (9.41.165.94:52984).
Aug 03 15:47:34 witherspoon dropbear[1183]: Failed loading /etc/dropbear/dropbear_dss_host_key
Aug 03 15:47:34 witherspoon dropbear[1183]: Failed loading /etc/dropbear/dropbear_ecdsa_host_key
Aug 03 15:47:35 witherspoon dropbear[1183]: Child connection from ::ffff:9.41.165.94:52984
Aug 03 15:47:35 witherspoon dropbear[1183]: pam_unix(dropbear:account): account root has password changed in future
Aug 03 15:47:35 witherspoon dropbear[1183]: PAM password auth succeeded for 'root' from ::ffff:9.41.165.94:52984
Aug 03 15:47:35 witherspoon dropbear[1184]: lastlog_perform_login: Couldn't stat /var/log/lastlog: No such file or directory
Aug 03 15:47:35 witherspoon dropbear[1184]: lastlog_openseek: /var/log/lastlog is not a file or directory!
Aug 03 15:47:36 witherspoon systemd[1]: Started SSH Per-Connection Server (9.41.165.94:52986).
Aug 03 15:47:36 witherspoon dropbear[1188]: Failed loading /etc/dropbear/dropbear_dss_host_key
Aug 03 15:47:36 witherspoon dropbear[1188]: Failed loading /etc/dropbear/dropbear_ecdsa_host_key
Aug 03 15:47:36 witherspoon dropbear[1188]: Child connection from ::ffff:9.41.165.94:52986
Aug 03 15:47:37 witherspoon dropbear[1188]: pam_unix(dropbear:account): account root has password changed in future
Aug 03 15:47:37 witherspoon dropbear[1188]: PAM password auth succeeded for 'root' from ::ffff:9.41.165.94:52986
Aug 03 15:47:37 witherspoon dropbear[1189]: lastlog_perform_login: Couldn't stat /var/log/lastlog: No such file or directory
Aug 03 15:47:37 witherspoon dropbear[1189]: lastlog_openseek: /var/log/lastlog is not a file or directory!
Aug 03 15:47:38 witherspoon systemd[1]: Started SSH Per-Connection Server (9.41.165.94:52988).
Aug 03 15:47:38 witherspoon dropbear[1195]: Failed loading /etc/dropbear/dropbear_dss_host_key
Aug 03 15:47:38 witherspoon dropbear[1195]: Failed loading /etc/dropbear/dropbear_ecdsa_host_key
Aug 03 15:47:38 witherspoon dropbear[1195]: Child connection from ::ffff:9.41.165.94:52988
Aug 03 15:47:39 witherspoon dropbear[1195]: pam_unix(dropbear:account): account root has password changed in future
Aug 03 15:47:39 witherspoon dropbear[1195]: PAM password auth succeeded for 'root' from ::ffff:9.41.165.94:52988
Aug 03 15:47:39 witherspoon dropbear[1196]: lastlog_perform_login: Couldn't stat /var/log/lastlog: No such file or directory
Aug 03 15:47:39 witherspoon dropbear[1196]: lastlog_openseek: /var/log/lastlog is not a file or directory!
Aug 03 15:47:40 witherspoon phosphor-gevent[1181]: ::8049:5e76:8e91:f402%1995000604 - - [2017-08-03 15:47:40] "POST /login HTTP/1.1" 200 320 0.033554
Aug 03 15:47:40 witherspoon phosphor-gevent[1181]: ::8049:5e76:8e91:f402%1995000604 - - [2017-08-03 15:47:40] "GET /xyz/openbmc_project/state/host0//attr/CurrentHostState HTTP/1.1" 200 212 0.085329
Aug 03 15:47:40 witherspoon dropbear[1183]: Exit (root): Error reading: Connection reset by peer
Aug 03 15:47:40 witherspoon dropbear[1188]: Exit (root): Error reading: Connection reset by peer
Aug 03 15:47:40 witherspoon dropbear[1195]: Exit (root): Error reading: Connection reset by peer
Aug 03 15:47:46 witherspoon avahi-daemon[995]: Service name conflict for "phosphor_rest" (/services/phosphor_rest.service), retrying with "phosphor_rest #26".
Aug 03 15:47:47 witherspoon avahi-daemon[995]: Service "obmc_console #25" (/services/obmc_console.service) successfully established.
Aug 03 15:48:06 witherspoon avahi-daemon[995]: Service name conflict for "phosphor_rest" (/services/phosphor_rest.service), retrying with "phosphor_rest #27".
Aug 03 15:48:26 witherspoon avahi-daemon[995]: Service name conflict for "phosphor_rest" (/services/phosphor_rest.service), retrying with "phosphor_rest #28".
Aug 03 15:48:46 witherspoon avahi-daemon[995]: Service name conflict for "phosphor_rest" (/services/phosphor_rest.service), retrying with "phosphor_rest #29".
Aug 03 15:49:01 witherspoon systemd[1]: Started SSH Per-Connection Server (9.41.165.94:53018).
Aug 03 15:49:01 witherspoon dropbear[1206]: Failed loading /etc/dropbear/dropbear_dss_host_key
Aug 03 15:49:01 witherspoon dropbear[1206]: Failed loading /etc/dropbear/dropbear_ecdsa_host_key
Aug 03 15:49:01 witherspoon dropbear[1206]: Child connection from ::ffff:9.41.165.94:53018
Aug 03 15:49:02 witherspoon dropbear[1206]: pam_unix(dropbear:account): account root has password changed in future
Aug 03 15:49:02 witherspoon dropbear[1206]: PAM password auth succeeded for 'root' from ::ffff:9.41.165.94:53018
Aug 03 15:49:02 witherspoon dropbear[1207]: lastlog_perform_login: Couldn't stat /var/log/lastlog: No such file or directory
Aug 03 15:49:02 witherspoon dropbear[1207]: lastlog_openseek: /var/log/lastlog is not a file or directory!
Aug 03 15:49:03 witherspoon systemd[1]: Started SSH Per-Connection Server (9.41.165.94:53020).
Aug 03 15:49:03 witherspoon dropbear[1216]: Failed loading /etc/dropbear/dropbear_dss_host_key
Aug 03 15:49:03 witherspoon dropbear[1216]: Failed loading /etc/dropbear/dropbear_ecdsa_host_key
Aug 03 15:49:03 witherspoon dropbear[1216]: Child connection from ::ffff:9.41.165.94:53020
Aug 03 15:49:04 witherspoon dropbear[1216]: pam_unix(dropbear:account): account root has password changed in future
Aug 03 15:49:04 witherspoon dropbear[1216]: PAM password auth succeeded for 'root' from ::ffff:9.41.165.94:53020
Aug 03 15:49:04 witherspoon dropbear[1217]: lastlog_perform_login: Couldn't stat /var/log/lastlog: No such file or directory
Aug 03 15:49:04 witherspoon dropbear[1217]: lastlog_openseek: /var/log/lastlog is not a file or directory!
Aug 03 15:49:04 witherspoon systemd[1]: Started SSH Per-Connection Server (9.41.165.94:53022).
Aug 03 15:49:04 witherspoon dropbear[1223]: Failed loading /etc/dropbear/dropbear_dss_host_key
Aug 03 15:49:04 witherspoon dropbear[1223]: Failed loading /etc/dropbear/dropbear_ecdsa_host_key
Aug 03 15:49:04 witherspoon dropbear[1223]: Child connection from ::ffff:9.41.165.94:53022
Aug 03 15:49:05 witherspoon dropbear[1223]: pam_unix(dropbear:account): account root has password changed in future
Aug 03 15:49:05 witherspoon dropbear[1223]: PAM password auth succeeded for 'root' from ::ffff:9.41.165.94:53022
Aug 03 15:49:05 witherspoon dropbear[1224]: lastlog_perform_login: Couldn't stat /var/log/lastlog: No such file or directory
Aug 03 15:49:05 witherspoon dropbear[1224]: lastlog_openseek: /var/log/lastlog is not a file or directory!
Aug 03 15:49:06 witherspoon avahi-daemon[995]: Service name conflict for "phosphor_rest" (/services/phosphor_rest.service), retrying with "phosphor_rest #30".
Aug 03 15:49:06 witherspoon phosphor-gevent[1181]: ::8049:5e76:8e91:f402%1995000604 - - [2017-08-03 15:49:06] "POST /login HTTP/1.1" 200 320 0.056644
Aug 03 15:49:07 witherspoon phosphor-gevent[1181]: ::8049:5e76:8e91:f402%1995000604 - - [2017-08-03 15:49:07] "POST /login HTTP/1.1" 200 320 0.037975
Aug 03 15:49:07 witherspoon phosphor-gevent[1181]: ::8049:5e76:8e91:f402%1995000604 - - [2017-08-03 15:49:07] "GET /xyz/openbmc_project/state/host0//attr/CurrentHostState HTTP/1.1" 200 212 0.075965
Aug 03 15:49:07 witherspoon systemd[1]: Created slice system-obmc\x2dconsole\x2dssh.slice.
Aug 03 15:49:07 witherspoon dropbear[1230]: Failed loading /etc/dropbear/dropbear_dss_host_key
Aug 03 15:49:07 witherspoon dropbear[1230]: Failed loading /etc/dropbear/dropbear_ecdsa_host_key
Aug 03 15:49:07 witherspoon systemd[1]: Started Phosphor Host Console SSH Per-Connection (9.41.165.94:60342).
Aug 03 15:49:07 witherspoon dropbear[1230]: Child connection from ::ffff:9.41.165.94:60342
Aug 03 15:49:08 witherspoon phosphor-gevent[1181]: ::8049:5e76:8e91:f402%1995000604 - - [2017-08-03 15:49:07] "POST /login HTTP/1.1" 200 320 0.056337
Aug 03 15:49:08 witherspoon phosphor-host-state-manager[1111]: Host State transaction request
Aug 03 15:49:08 witherspoon dropbear[1230]: pam_unix(dropbear:account): account root has password changed in future
Aug 03 15:49:08 witherspoon dropbear[1230]: PAM password auth succeeded for 'root' from ::ffff:9.41.165.94:60342
Aug 03 15:49:08 witherspoon phosphor-gevent[1181]: ::8049:5e76:8e91:f402%1995000604 - - [2017-08-03 15:49:08] "PUT /xyz/openbmc_project/state/host0//attr/RequestedHostTransition HTTP/1.1" 200 169 0.475270
Aug 03 15:49:08 witherspoon dropbear[1231]: lastlog_perform_login: Couldn't stat /var/log/lastlog: No such file or directory
Aug 03 15:49:08 witherspoon dropbear[1231]: lastlog_openseek: /var/log/lastlog is not a file or directory!
Aug 03 15:49:08 witherspoon systemd[1]: Created slice system-obmc\x2dled\x2dgroup\x2dstop.slice.
Aug 03 15:49:08 witherspoon systemd[1]: Created slice system-ir35221\x2doff\x2dunbind.slice.
Aug 03 15:49:08 witherspoon systemd[1]: Starting Wait for /xyz/openbmc_project/led/groups/power_on...
Aug 03 15:49:08 witherspoon systemd[1]: Reached target Stop Host0 (Pre).
Aug 03 15:49:08 witherspoon systemd[1]: Reached target Stop Hosti (Pre).
Aug 03 15:49:08 witherspoon systemd[1]: Created slice system-vcs_off_poweroff.slice.
Aug 03 15:49:08 witherspoon systemd[1]: Starting Wait for /org/openbmc/HostIpmi/1...
Aug 03 15:49:08 witherspoon systemd[1]: Starting Wait for /org/openbmc/control/chassis0...
Aug 03 15:49:08 witherspoon systemd[1]: Starting Power off mode unbind ir35221 device driver devs...
Aug 03 15:49:08 witherspoon systemd[1]: Created slice system-op\x2dpower\x2dstop.slice.
Aug 03 15:49:09 witherspoon phosphor-gevent[1181]: ::8049:5e76:8e91:f402%1995000604 - - [2017-08-03 15:49:09] "POST /login HTTP/1.1" 200 320 0.168035
Aug 03 15:49:08 witherspoon systemd[1]: Created slice system-op\x2dwait\x2dpower\x2doff.slice.
Aug 03 15:49:09 witherspoon systemd[1]: Created slice system-ir35221\x2doff\x2dbind.slice.
Aug 03 15:49:09 witherspoon systemd[1]: Reached target Hosti (Stopping).
Aug 03 15:49:09 witherspoon systemd[1]: Reached target Hosti (Stopped).
Aug 03 15:49:09 witherspoon systemd[1]: Reached target Poweri Off (Pre).
Aug 03 15:49:09 witherspoon systemd[1]: Reached target Poweri Off.
Aug 03 15:49:09 witherspoon systemd[1]: Started Wait for /xyz/openbmc_project/led/groups/power_on.
Aug 03 15:49:09 witherspoon systemd[1]: Started Wait for /org/openbmc/HostIpmi/1.
Aug 03 15:49:09 witherspoon systemd[1]: Started Wait for /org/openbmc/control/chassis0.
Aug 03 15:49:09 witherspoon systemd[1]: Started Power off mode unbind ir35221 device driver devs.
Aug 03 15:49:10 witherspoon systemd[1]: xyz.openbmc_project.Hwmon@ahb-apb-i2c\x401e78a000-i2c\x2dbus\x40140-ir35221\x4070.service: Unit not needed anymore. Stopping.
Aug 03 15:49:10 witherspoon systemd[1]: xyz.openbmc_project.Hwmon@ahb-apb-i2c\x401e78a000-i2c\x2dbus\x40180-ir35221\x4070.service: Unit not needed anymore. Stopping.
Aug 03 15:49:10 witherspoon systemd[1]: xyz.openbmc_project.Hwmon@ahb-apb-i2c\x401e78a000-i2c\x2dbus\x40180-ir35221\x4071.service: Unit not needed anymore. Stopping.
Aug 03 15:49:10 witherspoon systemd[1]: xyz.openbmc_project.Hwmon@ahb-apb-i2c\x401e78a000-i2c\x2dbus\x40140-ir35221\x4071.service: Unit not needed anymore. Stopping.
Aug 03 15:49:10 witherspoon systemd[1]: Stopped Phosphor Hwmon Poller.
Aug 03 15:49:10 witherspoon systemd[1]: Stopping Phosphor Hwmon Poller...
Aug 03 15:49:10 witherspoon systemd[1]: Stopping Phosphor Hwmon Poller...
Aug 03 15:49:10 witherspoon systemd[1]: Stopped Phosphor Hwmon Poller.
Aug 03 15:49:10 witherspoon systemd[1]: Starting Soft power off of the host...
Aug 03 15:49:10 witherspoon systemd[1]: Starting Assert power_on LED...
Aug 03 15:49:10 witherspoon phosphor-gevent[1181]: ::8049:5e76:8e91:f402%1995000604 - - [2017-08-03 15:49:10] "GET /xyz/openbmc_project/state/chassis0//attr/CurrentPowerState HTTP/1.1" 200 216 0.664302
Aug 03 15:49:10 witherspoon systemd[1]: Stopped Phosphor Hwmon Poller.
Aug 03 15:49:10 witherspoon systemd[1]: Stopped Phosphor Hwmon Poller.
Aug 03 15:49:11 witherspoon phosphor-gevent[1181]: ::8049:5e76:8e91:f402%1995000604 - - [2017-08-03 15:49:11] "POST /login HTTP/1.1" 200 320 0.032456
Aug 03 15:49:14 witherspoon ipmid[1132]: Pushing cmd on to queue
Aug 03 15:49:14 witherspoon ipmid[1132]: Asserting SMS Attention
Aug 03 15:49:14 witherspoon systemd[1]: Started Assert power_on LED.
Aug 03 15:49:14 witherspoon ipmid[1132]: SMS Attention asserted
Aug 03 15:49:14 witherspoon phosphor-gevent[1181]: ::8049:5e76:8e91:f402%1995000604 - - [2017-08-03 15:49:14] "GET /xyz/openbmc_project/state/host0//attr/CurrentHostState HTTP/1.1" 200 212 3.637318
Aug 03 15:49:14 witherspoon phosphor-gevent[1181]: ::8049:5e76:8e91:f402%1995000604 - - [2017-08-03 15:49:14] "POST /login HTTP/1.1" 200 320 0.035434
Aug 03 15:49:15 witherspoon phosphor-host-state-manager[1111]: Host State transaction request
Aug 03 15:49:15 witherspoon systemd[1]: Created slice system-pcie\x2dslot\x2ddetect.slice.
Aug 03 15:49:15 witherspoon systemd[1]: Created slice system-obmc\x2denable\x2dhost\x2dwatchdog.slice.
Aug 03 15:49:16 witherspoon phosphor-gevent[1181]: ::8049:5e76:8e91:f402%1995000604 - - [2017-08-03 15:49:15] "PUT /xyz/openbmc_project/state/host0//attr/RequestedHostTransition HTTP/1.1" 200 169 0.732820
Aug 03 15:49:15 witherspoon systemd[1]: Created slice system-avsbus\x2ddisable.slice.
Aug 03 15:49:15 witherspoon systemd[1]: Created slice system-ir35221\x2don\x2dunbind.slice.
Aug 03 15:49:15 witherspoon systemd[1]: Created slice system-fsi\x2dscan.slice.
Aug 03 15:49:15 witherspoon systemd[1]: Created slice system-vcs_off.slice.
Aug 03 15:49:15 witherspoon systemd[1]: Created slice system-vrm\x2dcontrol.slice.
Aug 03 15:49:15 witherspoon systemd[1]: Created slice system-vcs_workaround.slice.
Aug 03 15:49:15 witherspoon systemd[1]: Created slice system-ir35221\x2don\x2dbind.slice.
Aug 03 15:49:15 witherspoon systemd[1]: Reached target Powerwitherspoon-fan-watchdog (On).
Aug 03 15:49:15 witherspoon systemd[1]: Created slice system-cfam_override.slice.
Aug 03 15:49:15 witherspoon systemd[1]: Created slice system-power\x2dworkarounds.slice.
Aug 03 15:49:15 witherspoon systemd[1]: Created slice system-phosphor\x2dwatchdog.slice.
Aug 03 15:49:18 witherspoon phosphor-gevent[1181]: ::8049:5e76:8e91:f402%1995000604 - - [2017-08-03 15:49:17] "POST /login HTTP/1.1" 200 320 1.032426
Aug 03 15:49:15 witherspoon systemd[1]: Starting Wait for /xyz/openbmc_project/watchdog/host0...
Aug 03 15:49:15 witherspoon systemd[1]: Created slice system-phosphor\x2dfan\x2dcontrol\x2dinit.slice.
Aug 03 15:49:15 witherspoon systemd[1]: Created slice system-avsbus\x2denable.slice.
Aug 03 15:49:15 witherspoon systemd[1]: Starting Assert power_on LED...
Aug 03 15:49:18 witherspoon mboxctl[1269]: Reset: Success
Aug 03 15:49:15 witherspoon systemd[1]: Started Witherspoon Fan Watchdog Daemon.
Aug 03 15:49:15 witherspoon systemd[1]: Started Phosphor Fan Control Initialization.
Aug 03 15:49:15 witherspoon systemd[1]: Started Phosphor poweron watchdog.
Aug 03 15:49:16 witherspoon systemd[1]: Created slice system-fsi\x2dbind.slice.
Aug 03 15:49:18 witherspoon kernel: ucd9000 11-0064: Device ID UCD90160|2.3.4.0000|110603
Aug 03 15:49:18 witherspoon kernel[937]: [  391.420000] ucd9000 11-0064: Device ID UCD90160|2.3.4.0000|110603
Aug 03 15:49:16 witherspoon systemd[1]: Created slice system-phosphor\x2dfan\x2dpresence\x2dtach.slice.
Aug 03 15:49:16 witherspoon systemd[1]: Created slice system-op\x2dpower\x2dstart.slice.
