-- Logs begin at Mon 2017-09-18 18:58:58 UTC, end at Mon 2017-09-18 19:12:54 UTC. --
Sep 18 18:58:58 witherspoon kernel: Booting Linux on physical CPU 0x0
Sep 18 18:58:58 witherspoon kernel: Linux version 4.10.17-c4227b43277bbd0992d10d764d4958239786503d (jenkins@openbmc-builder1) (gcc version 6.2.0 (GCC) ) #1 Mon Sep 18 18:11:27 UTC 2017
Sep 18 18:58:58 witherspoon kernel: CPU: ARMv6-compatible processor [410fb767] revision 7 (ARMv7), cr=00c5387d
Sep 18 18:58:58 witherspoon kernel: CPU: PIPT / VIPT nonaliasing data cache, VIPT nonaliasing instruction cache
Sep 18 18:58:58 witherspoon kernel: OF: fdt:Machine model: Witherspoon BMC
Sep 18 18:58:58 witherspoon kernel: Memory policy: Data cache writeback
Sep 18 18:58:58 witherspoon kernel: SOC Rev: 04030303
Sep 18 18:58:58 witherspoon kernel: On node 0 totalpages: 110592
Sep 18 18:58:58 witherspoon kernel: free_area_init_node: node 0, pgdat 806038a4, node_mem_map 9ec1a000
Sep 18 18:58:58 witherspoon kernel:   Normal zone: 992 pages used for memmap
Sep 18 18:58:58 witherspoon kernel:   Normal zone: 0 pages reserved
Sep 18 18:58:58 witherspoon kernel:   Normal zone: 110592 pages, LIFO batch:31
Sep 18 18:58:58 witherspoon kernel: pcpu-alloc: s0 r0 d32768 u32768 alloc=1*32768
Sep 18 18:58:58 witherspoon kernel: pcpu-alloc: [0] 0 
Sep 18 18:58:58 witherspoon kernel: Built 1 zonelists in Zone order, mobility grouping on.  Total pages: 109600
Sep 18 18:58:58 witherspoon kernel: Kernel command line: console=ttyS4,115200n8 root=/dev/ram rw
Sep 18 18:58:58 witherspoon kernel: PID hash table entries: 2048 (order: 1, 8192 bytes)
Sep 18 18:58:58 witherspoon kernel: Dentry cache hash table entries: 65536 (order: 6, 262144 bytes)
Sep 18 18:58:58 witherspoon kernel: Inode-cache hash table entries: 32768 (order: 5, 131072 bytes)
Sep 18 18:58:58 witherspoon kernel: Memory: 430408K/442368K available (4077K kernel code, 281K rwdata, 1196K rodata, 284K init, 111K bss, 11960K reserved, 0K cma-reserved)
Sep 18 18:58:58 witherspoon kernel: Virtual kernel memory layout:
                                        vector  : 0xffff0000 - 0xffff1000   (   4 kB)
                                        fixmap  : 0xffc00000 - 0xfff00000   (3072 kB)
                                        vmalloc : 0x9f800000 - 0xff800000   (1536 MB)
                                        lowmem  : 0x80000000 - 0x9f000000   ( 496 MB)
                                          .text : 0x80008000 - 0x804036e0   (4078 kB)
                                          .init : 0x80589000 - 0x805d0000   ( 284 kB)
                                          .data : 0x805d0000 - 0x806167a8   ( 282 kB)
                                           .bss : 0x806167a8 - 0x80632678   ( 112 kB)
Sep 18 18:58:58 witherspoon kernel: NR_IRQS:16 nr_irqs:16 16
Sep 18 18:58:58 witherspoon kernel: i2c controller registered, irq 16
Sep 18 18:58:58 witherspoon kernel: clocksource: moxart_timer: mask: 0xffffffff max_cycles: 0xffffffff, max_idle_ns: 77222644334 ns
Sep 18 18:58:58 witherspoon kernel: sched_clock: 32 bits at 100 Hz, resolution 10000000ns, wraps every 21474836475000000ns
Sep 18 18:58:58 witherspoon kernel: Calibrating delay loop... 789.70 BogoMIPS (lpj=3948544)
Sep 18 18:58:58 witherspoon kernel: pid_max: default: 32768 minimum: 301
Sep 18 18:58:58 witherspoon kernel: Mount-cache hash table entries: 1024 (order: 0, 4096 bytes)
Sep 18 18:58:58 witherspoon kernel: Mountpoint-cache hash table entries: 1024 (order: 0, 4096 bytes)
Sep 18 18:58:58 witherspoon kernel: CPU: Testing write buffer coherency: ok
Sep 18 18:58:58 witherspoon kernel: ftrace: allocating 14991 entries in 44 pages
Sep 18 18:58:58 witherspoon kernel: Setting up static identity map for 0x80008200 - 0x8000825c
Sep 18 18:58:58 witherspoon kernel: devtmpfs: initialized
Sep 18 18:58:58 witherspoon kernel: clocksource: jiffies: mask: 0xffffffff max_cycles: 0xffffffff, max_idle_ns: 19112604462750000 ns
Sep 18 18:58:58 witherspoon kernel: futex hash table entries: 256 (order: -1, 3072 bytes)
Sep 18 18:58:58 witherspoon kernel: pinctrl core: initialized pinctrl subsystem
Sep 18 18:58:58 witherspoon kernel: NET: Registered protocol family 16
Sep 18 18:58:58 witherspoon kernel: DMA: preallocated 256 KiB pool for atomic coherent allocations
Sep 18 18:58:58 witherspoon kernel: usbcore: registered new interface driver usbfs
Sep 18 18:58:58 witherspoon kernel: usbcore: registered new interface driver hub
Sep 18 18:58:58 witherspoon kernel: usbcore: registered new device driver usb
Sep 18 18:58:58 witherspoon kernel: clocksource: Switched to clocksource moxart_timer
Sep 18 18:58:58 witherspoon kernel: NET: Registered protocol family 2
Sep 18 18:58:58 witherspoon kernel: TCP established hash table entries: 4096 (order: 2, 16384 bytes)
Sep 18 18:58:58 witherspoon kernel: TCP bind hash table entries: 4096 (order: 2, 16384 bytes)
Sep 18 18:58:58 witherspoon kernel: TCP: Hash tables configured (established 4096 bind 4096)
Sep 18 18:58:58 witherspoon kernel: UDP hash table entries: 256 (order: 0, 4096 bytes)
Sep 18 18:58:58 witherspoon kernel: UDP-Lite hash table entries: 256 (order: 0, 4096 bytes)
Sep 18 18:58:58 witherspoon kernel: NET: Registered protocol family 1
Sep 18 18:58:58 witherspoon kernel: Trying to unpack rootfs image as initramfs...
Sep 18 18:58:58 witherspoon kernel: Freeing initrd memory: 1548K
Sep 18 18:58:58 witherspoon kernel: workingset: timestamp_bits=30 max_order=17 bucket_order=0
Sep 18 18:58:58 witherspoon kernel: squashfs: version 4.0 (2009/01/31) Phillip Lougher
Sep 18 18:58:58 witherspoon kernel: jffs2: version 2.2. (SUMMARY)  © 2001-2006 Red Hat, Inc.
Sep 18 18:58:58 witherspoon kernel: Block layer SCSI generic (bsg) driver version 0.4 loaded (major 250)
Sep 18 18:58:58 witherspoon kernel: io scheduler noop registered
Sep 18 18:58:58 witherspoon kernel: io scheduler deadline registered
Sep 18 18:58:58 witherspoon kernel: io scheduler cfq registered (default)
Sep 18 18:58:58 witherspoon kernel: ipmi-bt-host 1e789140.ibt: Found bt bmc device
Sep 18 18:58:58 witherspoon kernel: ipmi-bt-host 1e789140.ibt: Using IRQ 22
Sep 18 18:58:58 witherspoon kernel: Serial: 8250/16550 driver, 6 ports, IRQ sharing enabled
Sep 18 18:58:58 witherspoon kernel: 1e787000.vuart: ttyS5 at MMIO 0x1e787000 (irq = 22, base_baud = 1500000) is a 16550A
Sep 18 18:58:58 witherspoon kernel: 1e783000.serial: ttyS0 at MMIO 0x1e783000 (irq = 23, base_baud = 1500000) is a 16550A
Sep 18 18:58:58 witherspoon kernel: 1e78d000.serial: ttyS1 at MMIO 0x1e78d000 (irq = 24, base_baud = 1500000) is a 16550A
Sep 18 18:58:58 witherspoon kernel: 1e784000.serial: ttyS4 at MMIO 0x1e784000 (irq = 25, base_baud = 1500000) is a 16550A
Sep 18 18:58:58 witherspoon kernel: console [ttyS4] enabled
Sep 18 18:58:58 witherspoon kernel: timeriomem_rng 1e6e2078.hwrng: 32bits from 0xf00e2078 @ 1us
Sep 18 18:58:58 witherspoon kernel: random: fast init done
Sep 18 18:58:58 witherspoon kernel: random: crng init done
Sep 18 18:58:58 witherspoon kernel: brd: module loaded
Sep 18 18:58:58 witherspoon kernel: loop: module loaded
Sep 18 18:58:58 witherspoon kernel: aspeed-lpc-ctrl 1e789080.lpc-ctrl: Loaded at 0x98000000 (0x04000000)
Sep 18 18:58:58 witherspoon kernel: aspeed-smc 1e620000.flash-controller: Using IRQ 18
Sep 18 18:58:58 witherspoon kernel: aspeed-smc 1e620000.flash-controller: DMA support disabled.
Sep 18 18:58:58 witherspoon kernel: aspeed-smc 1e620000.flash-controller: mx25l25635e (32768 Kbytes)
Sep 18 18:58:58 witherspoon kernel: aspeed-smc 1e620000.flash-controller: CE0 window [ 0x20000000 - 0x22000000 ] 32MB
Sep 18 18:58:58 witherspoon kernel: aspeed-smc 1e620000.flash-controller: CE1 window [ 0x22000000 - 0x2a000000 ] 128MB
Sep 18 18:58:58 witherspoon kernel: 5 ofpart partitions found on MTD device bmc
Sep 18 18:58:58 witherspoon kernel: Creating 5 MTD partitions on "bmc":
Sep 18 18:58:58 witherspoon kernel: 0x000000000000-0x000000060000 : "u-boot"
Sep 18 18:58:58 witherspoon kernel: 0x000000060000-0x000000080000 : "u-boot-env"
Sep 18 18:58:58 witherspoon kernel: 0x000000080000-0x0000004c0000 : "kernel"
Sep 18 18:58:58 witherspoon kernel: 0x0000004c0000-0x000001c00000 : "rofs"
Sep 18 18:58:58 witherspoon kernel: 0x000001c00000-0x000002000000 : "rwfs"
Sep 18 18:58:58 witherspoon kernel: aspeed-smc 1e620000.flash-controller: mx25l25635e (32768 Kbytes)
Sep 18 18:58:58 witherspoon kernel: aspeed-smc 1e620000.flash-controller: CE1 window [ 0x22000000 - 0x24000000 ] 32MB
Sep 18 18:58:58 witherspoon kernel: aspeed-smc 1e620000.flash-controller: CE2 window [ 0x24000000 - 0x2c000000 ] 128MB
Sep 18 18:58:58 witherspoon kernel: aspeed-smc 1e630000.flash-controller: mx66l1g45g (131072 Kbytes)
Sep 18 18:58:58 witherspoon kernel: aspeed-smc 1e630000.flash-controller: CE0 window resized to 120MB (AST2500 HW quirk)
Sep 18 18:58:58 witherspoon kernel: aspeed-smc 1e630000.flash-controller: CE0 window [ 0x30000000 - 0x37800000 ] 120MB
Sep 18 18:58:58 witherspoon kernel: aspeed-smc 1e630000.flash-controller: CE0 window too small for chip 128MB
Sep 18 18:58:58 witherspoon kernel: aspeed-smc 1e630000.flash-controller: CE1 window [ 0x37800000 - 0x38000000 ] 8MB
Sep 18 18:58:58 witherspoon kernel: libphy: Fixed MDIO Bus: probed
Sep 18 18:58:59 witherspoon kernel: ftgmac100 1e660000.ethernet: Read MAC address 70:e2:84:14:23:e1 from chip
Sep 18 18:58:59 witherspoon kernel: ftgmac100 1e660000.ethernet: Using NCSI interface
Sep 18 18:58:59 witherspoon kernel: ftgmac100 1e660000.ethernet eth0: irq 20, mapped at f0060000
Sep 18 18:58:59 witherspoon kernel: ehci_hcd: USB 2.0 'Enhanced' Host Controller (EHCI) Driver
Sep 18 18:58:59 witherspoon kernel: ehci-platform: EHCI generic platform driver
Sep 18 18:58:59 witherspoon kernel: i2c /dev entries driver
Sep 18 18:58:59 witherspoon kernel: aspeed-i2c-bus 1e78a0c0.i2c-bus: i2c bus 2 registered, irq 26
Sep 18 18:58:59 witherspoon kernel: aspeed-i2c-bus 1e78a100.i2c-bus: i2c bus 3 registered, irq 27
Sep 18 18:58:59 witherspoon kernel: aspeed-i2c-bus 1e78a140.i2c-bus: i2c bus 4 registered, irq 28
Sep 18 18:58:59 witherspoon kernel: aspeed-i2c-bus 1e78a180.i2c-bus: i2c bus 5 registered, irq 29
Sep 18 18:58:59 witherspoon kernel: aspeed-i2c-bus 1e78a380.i2c-bus: i2c bus 9 registered, irq 30
Sep 18 18:58:59 witherspoon kernel: aspeed-i2c-bus 1e78a3c0.i2c-bus: i2c bus 10 registered, irq 31
Sep 18 18:58:59 witherspoon kernel: rtc-rv8803 11-0032: Voltage low, temperature compensation stopped.
Sep 18 18:58:59 witherspoon kernel: rtc-rv8803 11-0032: An alarm maybe have been missed.
Sep 18 18:58:59 witherspoon kernel: rtc-rv8803 11-0032: rtc core: registered rx8900 as rtc0
Sep 18 18:58:59 witherspoon kernel: at24 11-0051: 8192 byte 24c64 EEPROM, writable, 1 bytes/write
Sep 18 18:58:59 witherspoon kernel: aspeed-i2c-bus 1e78a400.i2c-bus: i2c bus 11 registered, irq 32
Sep 18 18:58:59 witherspoon kernel: aspeed-i2c-bus 1e78a440.i2c-bus: i2c bus 12 registered, irq 33
Sep 18 18:58:59 witherspoon kernel: aspeed-i2c-bus 1e78a480.i2c-bus: i2c bus 13 registered, irq 34
Sep 18 18:58:59 witherspoon kernel: Driver for 1-wire Dallas network protocol.
Sep 18 18:58:59 witherspoon kernel: lm75 9-004a: hwmon0: sensor 'tmp275'
Sep 18 18:58:59 witherspoon kernel: ucd9000 11-0064: Device ID UCD90160|2.3.4.0000|110603
Sep 18 18:58:59 witherspoon kernel: leds-pca955x 3-0060: leds-pca955x: Using pca9552 16-bit LED driver at slave address 0x60
Sep 18 18:58:59 witherspoon kernel: leds-pca955x 3-0060: gpios 238...253
Sep 18 18:58:59 witherspoon kernel: leds-pca955x 11-0060: leds-pca955x: Using pca9552 16-bit LED driver at slave address 0x60
Sep 18 18:58:59 witherspoon kernel: leds-pca955x 11-0060: gpios 222...237
Sep 18 18:58:59 witherspoon kernel: usbcore: registered new interface driver usbhid
Sep 18 18:58:59 witherspoon kernel: usbhid: USB HID core driver
Sep 18 18:58:59 witherspoon kernel: NET: Registered protocol family 10
Sep 18 18:58:59 witherspoon kernel: Segment Routing with IPv6
Sep 18 18:58:59 witherspoon kernel: NET: Registered protocol family 17
Sep 18 18:58:59 witherspoon kernel: 8021q: 802.1Q VLAN Support v1.8
Sep 18 18:58:59 witherspoon kernel: input: gpio-keys-polled as /devices/platform/gpio-keys-polled/input/input1
Sep 18 18:58:59 witherspoon kernel: console [netcon0] enabled
Sep 18 18:58:59 witherspoon kernel: netconsole: network logging started
Sep 18 18:58:59 witherspoon kernel: input: gpio-keys as /devices/platform/gpio-keys/input/input2
Sep 18 18:58:59 witherspoon kernel: rtc-rv8803 11-0032: setting system clock to 2017-09-18 18:58:51 UTC (1505761131)
Sep 18 18:58:59 witherspoon kernel: Freeing unused kernel memory: 284K
Sep 18 18:58:59 witherspoon kernel: This architecture does not have kernel memory protection.
Sep 18 18:58:59 witherspoon kernel: jffs2: notice: (542) jffs2_build_xattr_subsystem: complete building xattr subsystem, 1 of xdatum (1 unchecked, 0 orphan) and 12 of xref (0 dead, 2 orphan) found.
Sep 18 18:58:59 witherspoon systemd[1]: Failed to insert module 'autofs4': No such file or directory
Sep 18 18:58:59 witherspoon systemd[1]: systemd 232 running in system mode. (+PAM -AUDIT -SELINUX -IMA -APPARMOR -SMACK +SYSVINIT -UTMP -LIBCRYPTSETUP -GCRYPT -GNUTLS +ACL +XZ -LZ4 -SECCOMP +BLKID -ELFUTILS +KMOD -IDN)
Sep 18 18:58:59 witherspoon systemd[1]: Detected architecture arm.
Sep 18 18:58:59 witherspoon systemd[1]: Set hostname to <witherspoon>.
Sep 18 18:58:59 witherspoon systemd[1]: Reached target Remote File Systems.
Sep 18 18:58:59 witherspoon systemd[1]: Started Dispatch Password Requests to Console Directory Watch.
Sep 18 18:58:59 witherspoon systemd[1]: Listening on udev Kernel Socket.
Sep 18 18:58:59 witherspoon systemd[1]: Created slice System Slice.
Sep 18 18:58:59 witherspoon systemd[1]: Mounting Debug File System...
Sep 18 18:58:59 witherspoon systemd[1]: Created slice system-obmc\x2dconsole.slice.
Sep 18 18:58:59 witherspoon systemd[1]: Reached target Slices.
Sep 18 18:58:59 witherspoon systemd-journald[564]: Journal started
Sep 18 18:58:59 witherspoon systemd-journald[564]: Runtime journal (/run/log/journal/cc6e1404d87444e8a089dfdb00a18f7d) is 0B, max 0B, 0B free.
Sep 18 18:58:58 witherspoon systemd-sysctl[565]: Couldn't write '16' to 'kernel/sysrq', ignoring: No such file or directory
Sep 18 18:58:58 witherspoon systemd-sysctl[565]: Couldn't write 'fq_codel' to 'net/core/default_qdisc', ignoring: No such file or directory
Sep 18 18:58:59 witherspoon systemd[1]: Started Remount Root and Kernel File Systems.
Sep 18 18:58:59 witherspoon systemd[1]: Starting Flush Journal to Persistent Storage...
Sep 18 18:58:59 witherspoon systemd[1]: Starting Create Static Device Nodes in /dev...
Sep 18 18:58:59 witherspoon systemd-journald[564]: Runtime journal (/run/log/journal/cc6e1404d87444e8a089dfdb00a18f7d) is 0B, max 0B, 0B free.
Sep 18 18:58:59 witherspoon systemd[1]: Started Flush Journal to Persistent Storage.
Sep 18 18:58:59 witherspoon systemd[1]: Started Create Static Device Nodes in /dev.
Sep 18 18:59:00 witherspoon systemd[1]: Reached target Local File Systems (Pre).
Sep 18 18:59:00 witherspoon systemd[1]: Mounting /var/volatile...
Sep 18 18:59:00 witherspoon systemd[1]: Mounting /usr/local...
Sep 18 18:59:00 witherspoon systemd[1]: Starting udev Kernel Device Manager...
Sep 18 18:59:00 witherspoon systemd[1]: Mounted /usr/local.
Sep 18 18:59:00 witherspoon systemd[1]: Mounted /var/volatile.
Sep 18 18:59:00 witherspoon systemd[1]: Reached target Local File Systems.
Sep 18 18:59:00 witherspoon systemd[1]: Starting Create Volatile Files and Directories...
Sep 18 18:59:00 witherspoon systemd[1]: Starting Load/Save Random Seed...
Sep 18 18:59:00 witherspoon systemd-tmpfiles[688]: "/var/tmp" already exists and is not a directory.
Sep 18 18:59:00 witherspoon systemd-tmpfiles[688]: "/var/log" already exists and is not a directory.
Sep 18 18:59:00 witherspoon systemd[1]: Started Create Volatile Files and Directories.
Sep 18 18:59:00 witherspoon systemd[1]: Starting Network Time Synchronization...
Sep 18 18:59:00 witherspoon systemd[1]: Started udev Kernel Device Manager.
Sep 18 18:59:01 witherspoon systemd[1]: Started Load/Save Random Seed.
Sep 18 18:59:01 witherspoon systemd[1]: Started Network Time Synchronization.
Sep 18 18:59:01 witherspoon systemd[1]: Reached target System Time Synchronized.
Sep 18 18:59:02 witherspoon systemd[1]: Started udev Coldplug all Devices.
Sep 18 18:59:02 witherspoon systemd[1]: Reached target System Initialization.
Sep 18 18:59:02 witherspoon systemd[1]: Listening on Phosphor Host Console SSH Per-Connection socket.
Sep 18 18:59:02 witherspoon systemd[1]: Listening on Phosphor DBUS Browser socket.
Sep 18 18:59:02 witherspoon systemd[1]: Listening on D-Bus System Message Bus Socket.
Sep 18 18:59:02 witherspoon systemd[1]: Listening on Avahi mDNS/DNS-SD Stack Activation Socket.
Sep 18 18:59:02 witherspoon systemd[1]: Started Daily Cleanup of Temporary Directories.
Sep 18 18:59:02 witherspoon systemd[1]: Reached target Timers.
Sep 18 18:59:02 witherspoon systemd[1]: Listening on dropbear.socket.
Sep 18 18:59:02 witherspoon systemd[1]: Listening on phosphor-ipmi-net.socket.
Sep 18 18:59:02 witherspoon systemd[1]: Listening on Phosphor Webserver socket.
Sep 18 18:59:03 witherspoon systemd[1]: Reached target Sockets.
Sep 18 18:59:03 witherspoon systemd[1]: Reached target Basic System.
Sep 18 18:59:03 witherspoon systemd[1]: Starting Phosphor Download Manager...
Sep 18 18:59:03 witherspoon systemd[1]: Starting Updates symlinks for active PNOR version...
Sep 18 18:59:03 witherspoon systemd[1]: Started Hardware RNG Entropy Gatherer Daemon.
Sep 18 18:59:03 witherspoon systemd[1]: Started Phosphor Dump core monitor..
Sep 18 18:59:03 witherspoon systemd[1]: Starting Phosphor Inventory Manager...
Sep 18 18:59:03 witherspoon systemd[1]: Starting Phosphor Inventory Manager...
Sep 18 18:59:03 witherspoon systemd[1]: Starting Phosphor IPMI BT DBus Bridge...
Sep 18 18:59:03 witherspoon systemd[1]: Starting Phosphor Settings Daemon...
Sep 18 18:59:03 witherspoon systemd[1]: Starting Clear one time boot overrides...
Sep 18 18:59:03 witherspoon systemd[1]: Started System Logging Service.
Sep 18 18:59:04 witherspoon systemd[1]: Starting Avahi mDNS/DNS-SD Stack...
Sep 18 18:59:04 witherspoon systemd[1]: Starting Check PNOR UBI format...
Sep 18 18:59:04 witherspoon systemd[1]: Starting Phosphor DBus Service Discovery Manager...
Sep 18 18:59:04 witherspoon systemd[1]: Starting Phosphor Chassis0 Control...
Sep 18 18:59:04 witherspoon systemd[1]: Starting Phosphor Download Manager...
Sep 18 18:59:04 witherspoon systemd[1]: Starting Remount the squashfs and ubi volumes after a reboot...
Sep 18 18:59:04 witherspoon systemd[1]: Starting Phosphor LED Group Management Daemon...
Sep 18 18:59:04 witherspoon systemd[1]: Reached target Containers.
Sep 18 18:59:04 witherspoon systemd[1]: Starting Phosphor Network Manager...
Sep 18 18:59:04 witherspoon systemd[1]: Starting Phosphor BMC0 Control...
Sep 18 18:59:04 witherspoon systemd[1]: Starting Phosphor Dump Manager...
Sep 18 18:59:04 witherspoon systemd[1]: Starting Phosphor Sensor Manager...
Sep 18 18:59:04 witherspoon systemd[1]: Started D-Bus System Message Bus.
Sep 18 18:59:07 witherspoon kernel: ubi7: default fastmap pool size: 100
Sep 18 18:59:07 witherspoon kernel: ubi7: default fastmap WL pool size: 50
Sep 18 18:59:07 witherspoon kernel: ubi7: attaching mtd7
Sep 18 18:59:07 witherspoon kernel: ubi7: scanning is finished
Sep 18 18:59:08 witherspoon obmc-flash-bios[965]: UBI device number 7, total 2048 LEBs (133955584 bytes, 127.8 MiB), available 1110 LEBs (72602880 bytes, 69.2 MiB), LEB size 65408 bytes (63.9 KiB)
Sep 18 18:59:08 witherspoon kernel: ubi7: attached mtd7 (name "pnor", size 128 MiB)
Sep 18 18:59:08 witherspoon kernel: ubi7: PEB size: 65536 bytes (64 KiB), LEB size: 65408 bytes
Sep 18 18:59:08 witherspoon kernel: ubi7: min./max. I/O unit sizes: 1/256, sub-page size 1
Sep 18 18:59:08 witherspoon kernel: ubi7: VID header offset: 64 (aligned 64), data offset: 128
Sep 18 18:59:08 witherspoon kernel: ubi7: good PEBs: 2048, bad PEBs: 0, corrupted PEBs: 0
Sep 18 18:59:08 witherspoon kernel: ubi7: user volume: 4, internal volumes: 1, max. volumes count: 128
Sep 18 18:59:08 witherspoon kernel: ubi7: max/mean erase counter: 25/16, WL threshold: 4096, image sequence number: 91395301
Sep 18 18:59:08 witherspoon kernel: ubi7: available PEBs: 1110, total reserved PEBs: 938, PEBs reserved for bad PEB handling: 0
Sep 18 18:59:08 witherspoon kernel: ubi7: background thread "ubi_bgt7d" started, PID 993
Sep 18 18:59:08 witherspoon obmc-flash-bios[951]: '/var/lib/phosphor-software-manager/pnor/ro' -> '/media/pnor-ro-8764baa3'
Sep 18 18:59:08 witherspoon obmc-flash-bios[951]: '/var/lib/phosphor-software-manager/pnor/rw' -> '/media/pnor-rw-8764baa3'
Sep 18 18:59:08 witherspoon obmc-flash-bios[951]: '/var/lib/phosphor-software-manager/pnor/prsv' -> '/media/pnor-prsv'
Sep 18 18:59:09 witherspoon avahi-daemon[960]: Found user 'avahi' (UID 999) and group 'avahi' (GID 999).
Sep 18 18:59:09 witherspoon avahi-daemon[960]: Successfully dropped root privileges.
Sep 18 18:59:09 witherspoon avahi-daemon[960]: avahi-daemon 0.6.32 starting up.
Sep 18 18:59:11 witherspoon avahi-daemon[960]: Successfully called chroot().
Sep 18 18:59:11 witherspoon avahi-daemon[960]: Successfully dropped remaining capabilities.
Sep 18 18:59:11 witherspoon avahi-daemon[960]: Loading service file /services/obmc_console.service.
Sep 18 18:59:11 witherspoon avahi-daemon[960]: Loading service file /services/phosphor_rest.service.
Sep 18 18:59:11 witherspoon avahi-daemon[960]: Loading service file /services/sftp-ssh.service.
Sep 18 18:59:11 witherspoon avahi-daemon[960]: Loading service file /services/sftp.service.
Sep 18 18:59:11 witherspoon avahi-daemon[960]: Loading service file /services/ssh.service.
Sep 18 18:59:11 witherspoon avahi-daemon[960]: Network interface enumeration completed.
Sep 18 18:59:11 witherspoon avahi-daemon[960]: Server startup complete. Host name is witherspoon.local. Local service cookie is 4042548556.
Sep 18 18:59:11 witherspoon avahi-daemon[960]: Service "witherspoon" (/services/ssh.service) successfully established.
Sep 18 18:59:11 witherspoon avahi-daemon[960]: Service "sftp" (/services/sftp.service) successfully established.
Sep 18 18:59:11 witherspoon avahi-daemon[960]: Service "witherspoon" (/services/sftp-ssh.service) successfully established.
Sep 18 18:59:11 witherspoon avahi-daemon[960]: Service "phosphor_rest" (/services/phosphor_rest.service) successfully established.
Sep 18 18:59:11 witherspoon avahi-daemon[960]: Service "obmc_console" (/services/obmc_console.service) successfully established.
Sep 18 18:59:12 witherspoon systemd[1]: Started Avahi mDNS/DNS-SD Stack.
Sep 18 18:59:12 witherspoon systemd[1]: Started Phosphor IPMI BT DBus Bridge.
Sep 18 18:59:12 witherspoon systemd[1]: Starting Network Service...
Sep 18 18:59:12 witherspoon systemd[1]: Starting Phosphor Log Manager...
Sep 18 18:59:12 witherspoon systemd[1]: Starting Remount the ubi volume after a reboot...
Sep 18 18:59:12 witherspoon systemd[1]: Starting Phosphor User Manager...
Sep 18 18:59:12 witherspoon systemd[1]: Started Kernel Logging Service.
Sep 18 18:59:12 witherspoon kernel[1018]: klogd started: BusyBox v1.24.1 (2017-06-16 19:29:08 UTC)
Sep 18 18:59:12 witherspoon kernel[1018]: [    0.000000] Booting Linux on physical CPU 0x0
Sep 18 18:59:12 witherspoon kernel[1018]: [    0.000000] Linux version 4.10.17-c4227b43277bbd0992d10d764d4958239786503d (jenkins@openbmc-builder1) (gcc version 6.2.0 (GCC) ) #1 Mon Sep 18 18:11:27 UTC 2017
Sep 18 18:59:12 witherspoon kernel[1018]: [    0.000000] CPU: ARMv6-compatible processor [410fb767] revision 7 (ARMv7), cr=00c5387d
Sep 18 18:59:12 witherspoon kernel[1018]: [    0.000000] CPU: PIPT / VIPT nonaliasing data cache, VIPT nonaliasing instruction cache
Sep 18 18:59:12 witherspoon kernel[1018]: [    0.000000] OF: fdt:Machine model: Witherspoon BMC
Sep 18 18:59:12 witherspoon kernel[1018]: [    0.000000] Memory policy: Data cache writeback
Sep 18 18:59:12 witherspoon kernel[1018]: [    0.000000] SOC Rev: 04030303
Sep 18 18:59:12 witherspoon kernel[1018]: [    0.000000] On node 0 totalpages: 110592
Sep 18 18:59:12 witherspoon kernel[1018]: [    0.000000] free_area_init_node: node 0, pgdat 806038a4, node_mem_map 9ec1a000
Sep 18 18:59:12 witherspoon kernel[1018]: [    0.000000]   Normal zone: 992 pages used for memmap
Sep 18 18:59:12 witherspoon kernel[1018]: [    0.000000]   Normal zone: 0 pages reserved
Sep 18 18:59:12 witherspoon kernel[1018]: [    0.000000]   Normal zone: 110592 pages, LIFO batch:31
Sep 18 18:59:12 witherspoon kernel[1018]: [    0.000000] pcpu-alloc: s0 r0 d32768 u32768 alloc=1*32768
Sep 18 18:59:12 witherspoon kernel[1018]: [    0.000000] pcpu-alloc: [0] 0
Sep 18 18:59:12 witherspoon kernel[1018]: [    0.000000] Built 1 zonelists in Zone order, mobility grouping on.  Total pages: 109600
Sep 18 18:59:12 witherspoon kernel[1018]: [    0.000000] Kernel command line: console=ttyS4,115200n8 root=/dev/ram rw
Sep 18 18:59:12 witherspoon kernel[1018]: [    0.000000] PID hash table entries: 2048 (order: 1, 8192 bytes)
Sep 18 18:59:12 witherspoon kernel[1018]: [    0.000000] Dentry cache hash table entries: 65536 (order: 6, 262144 bytes)
Sep 18 18:59:12 witherspoon kernel[1018]: [    0.000000] Inode-cache hash table entries: 32768 (order: 5, 131072 bytes)
Sep 18 18:59:12 witherspoon kernel[1018]: [    0.000000] Memory: 430408K/442368K available (4077K kernel code, 281K rwdata, 1196K rodata, 284K init, 111K bss, 11960K reserved, 0K cma-reserved)
Sep 18 18:59:12 witherspoon kernel[1018]: [    0.000000] Virtual kernel memory layout:
Sep 18 18:59:12 witherspoon kernel[1018]: [    0.000000]     vector  : 0xffff0000 - 0xffff1000   (   4 kB)
Sep 18 18:59:12 witherspoon kernel[1018]: [    0.000000]     fixmap  : 0xffc00000 - 0xfff00000   (3072 kB)
Sep 18 18:59:12 witherspoon kernel[1018]: [    0.000000]     vmalloc : 0x9f800000 - 0xff800000   (1536 MB)
Sep 18 18:59:13 witherspoon systemd[1]: Started Updates symlinks for active PNOR version.
Sep 18 18:59:12 witherspoon kernel[1018]: [    0.000000]     lowmem  : 0x80000000 - 0x9f000000   ( 496 MB)
Sep 18 18:59:12 witherspoon kernel[1018]: [    0.000000]       .text : 0x80008000 - 0x804036e0   (4078 kB)
Sep 18 18:59:13 witherspoon systemd[1]: Started Clear one time boot overrides.
Sep 18 18:59:12 witherspoon kernel[1018]: [    0.000000]       .init : 0x80589000 - 0x805d0000   ( 284 kB)
Sep 18 18:59:13 witherspoon systemd[1]: Started Check PNOR UBI format.
Sep 18 18:59:12 witherspoon kernel[1018]: [    0.000000]       .data : 0x805d0000 - 0x806167a8   ( 282 kB)
Sep 18 18:59:13 witherspoon systemd[1]: Found device /dev/aspeed-lpc-ctrl.
Sep 18 18:59:12 witherspoon kernel[1018]: [    0.000000]        .bss : 0x806167a8 - 0x80632678   ( 112 kB)
Sep 18 18:59:13 witherspoon systemd[1]: Found device /dev/aspeed-mbox.
Sep 18 18:59:12 witherspoon kernel[1018]: [    0.000000] NR_IRQS:16 nr_irqs:16 16
Sep 18 18:59:12 witherspoon kernel[1018]: [    0.000000] i2c controller registered, irq 16
Sep 18 18:59:12 witherspoon kernel[1018]: [    0.000000] clocksource: moxart_timer: mask: 0xffffffff max_cycles: 0xffffffff, max_idle_ns: 77222644334 ns
Sep 18 18:59:12 witherspoon kernel[1018]: [    0.000000] sched_clock: 32 bits at 100 Hz, resolution 10000000ns, wraps every 21474836475000000ns
Sep 18 18:59:12 witherspoon kernel[1018]: [    0.090000] Calibrating delay loop... 789.70 BogoMIPS (lpj=3948544)
Sep 18 18:59:12 witherspoon kernel[1018]: [    0.090000] pid_max: default: 32768 minimum: 301
Sep 18 18:59:12 witherspoon kernel[1018]: [    0.090000] Mount-cache hash table entries: 1024 (order: 0, 4096 bytes)
Sep 18 18:59:12 witherspoon kernel[1018]: [    0.090000] Mountpoint-cache hash table entries: 1024 (order: 0, 4096 bytes)
Sep 18 18:59:12 witherspoon kernel[1018]: [    0.090000] CPU: Testing write buffer coherency: ok
Sep 18 18:59:12 witherspoon kernel[1018]: [    0.090000] ftrace: allocating 14991 entries in 44 pages
Sep 18 18:59:12 witherspoon kernel[1018]: [    0.120000] Setting up static identity map for 0x80008200 - 0x8000825c
Sep 18 18:59:12 witherspoon kernel[1018]: [    0.130000] devtmpfs: initialized
Sep 18 18:59:12 witherspoon kernel[1018]: [    0.140000] clocksource: jiffies: mask: 0xffffffff max_cycles: 0xffffffff, max_idle_ns: 19112604462750000 ns
Sep 18 18:59:12 witherspoon kernel[1018]: [    0.140000] futex hash table entries: 256 (order: -1, 3072 bytes)
Sep 18 18:59:12 witherspoon kernel[1018]: [    0.140000] pinctrl core: initialized pinctrl subsystem
Sep 18 18:59:12 witherspoon kernel[1018]: [    0.140000] NET: Registered protocol family 16
Sep 18 18:59:12 witherspoon kernel[1018]: [    0.140000] DMA: preallocated 256 KiB pool for atomic coherent allocations
Sep 18 18:59:12 witherspoon kernel[1018]: [    0.210000] usbcore: registered new interface driver usbfs
Sep 18 18:59:12 witherspoon kernel[1018]: [    0.210000] usbcore: registered new interface driver hub
Sep 18 18:59:15 witherspoon systemd[1]: Found device /dev/ttyS4.
Sep 18 18:59:12 witherspoon kernel[1018]: [    0.210000] usbcore: registered new device driver usb
Sep 18 18:59:12 witherspoon kernel[1018]: [    0.220000] clocksource: Switched to clocksource moxart_timer
Sep 18 18:59:12 witherspoon kernel[1018]: [    0.240000] NET: Registered protocol family 2
Sep 18 18:59:12 witherspoon kernel[1018]: [    0.240000] TCP established hash table entries: 4096 (order: 2, 16384 bytes)
Sep 18 18:59:12 witherspoon kernel[1018]: [    0.240000] TCP bind hash table entries: 4096 (order: 2, 16384 bytes)
Sep 18 18:59:12 witherspoon kernel[1018]: [    0.240000] TCP: Hash tables configured (established 4096 bind 4096)
Sep 18 18:59:15 witherspoon systemd[1]: Found device /dev/ttyVUART0.
Sep 18 18:59:12 witherspoon kernel[1018]: [    0.240000] UDP hash table entries: 256 (order: 0, 4096 bytes)
Sep 18 18:59:12 witherspoon kernel[1018]: [    0.240000] UDP-Lite hash table entries: 256 (order: 0, 4096 bytes)
Sep 18 18:59:12 witherspoon kernel[1018]: [    0.240000] NET: Registered protocol family 1
Sep 18 18:59:12 witherspoon kernel[1018]: [    0.240000] Trying to unpack rootfs image as initramfs...
Sep 18 18:59:12 witherspoon kernel[1018]: [    1.910000] Freeing initrd memory: 1548K
Sep 18 18:59:12 witherspoon kernel[1018]: [    1.910000] workingset: timestamp_bits=30 max_order=17 bucket_order=0
Sep 18 18:59:12 witherspoon kernel[1018]: [    1.910000] squashfs: version 4.0 (2009/01/31) Phillip Lougher
Sep 18 18:59:12 witherspoon kernel[1018]: [    1.910000] jffs2: version 2.2. (SUMMARY)  © 2001-2006 Red Hat, Inc.
Sep 18 18:59:12 witherspoon kernel[1018]: [    1.910000] Block layer SCSI generic (bsg) driver version 0.4 loaded (major 250)
Sep 18 18:59:12 witherspoon kernel[1018]: [    1.910000] io scheduler noop registered
Sep 18 18:59:12 witherspoon kernel[1018]: [    1.910000] io scheduler deadline registered
Sep 18 18:59:12 witherspoon kernel[1018]: [    1.910000] io scheduler cfq registered (default)
Sep 18 18:59:12 witherspoon kernel[1018]: [    2.060000] ipmi-bt-host 1e789140.ibt: Found bt bmc device
Sep 18 18:59:12 witherspoon kernel[1018]: [    2.060000] ipmi-bt-host 1e789140.ibt: Using IRQ 22
Sep 18 18:59:12 witherspoon kernel[1018]: [    2.060000] Serial: 8250/16550 driver, 6 ports, IRQ sharing enabled
Sep 18 18:59:12 witherspoon kernel[1018]: [    2.060000] 1e787000.vuart: ttyS5 at MMIO 0x1e787000 (irq = 22, base_baud = 1500000) is a 16550A
Sep 18 18:59:12 witherspoon kernel[1018]: [    2.060000] 1e783000.serial: ttyS0 at MMIO 0x1e783000 (irq = 23, base_baud = 1500000) is a 16550A
Sep 18 18:59:12 witherspoon kernel[1018]: [    2.060000] 1e78d000.serial: ttyS1 at MMIO 0x1e78d000 (irq = 24, base_baud = 1500000) is a 16550A
Sep 18 18:59:12 witherspoon kernel[1018]: [    2.060000] 1e784000.serial: ttyS4 at MMIO 0x1e784000 (irq = 25, base_baud = 1500000) is a 16550A
Sep 18 18:59:12 witherspoon kernel[1018]: [    2.410000] console [ttyS4] enabled
Sep 18 18:59:17 witherspoon systemd-networkd[1014]: Enumeration completed
Sep 18 18:59:12 witherspoon kernel[1018]: [    2.600000] timeriomem_rng 1e6e2078.hwrng: 32bits from 0xf00e2078 @ 1us
Sep 18 18:59:17 witherspoon systemd-networkd[1014]: eth0: IPv6 enabled for interface: Success
Sep 18 18:59:17 witherspoon kernel: 8021q: adding VLAN 0 to HW filter on device eth0
Sep 18 18:59:12 witherspoon kernel[1018]: [    2.620000] random: fast init done
Sep 18 18:59:17 witherspoon systemd-networkd[1014]: eth0: Gained carrier
Sep 18 18:59:12 witherspoon kernel[1018]: [    2.650000] random: crng init done
Sep 18 18:59:17 witherspoon systemd-timesyncd[690]: Network configuration changed, trying to establish connection.
Sep 18 18:59:12 witherspoon kernel[1018]: [    2.650000] brd: module loaded
Sep 18 18:59:12 witherspoon kernel[1018]: [    2.680000] loop: module loaded
Sep 18 18:59:18 witherspoon systemd[1]: Started Network Service.
Sep 18 18:59:12 witherspoon kernel[1018]: [    2.690000] aspeed-lpc-ctrl 1e789080.lpc-ctrl: Loaded at 0x98000000 (0x04000000)
Sep 18 18:59:18 witherspoon kernel: ubi0: default fastmap pool size: 25
Sep 18 18:59:18 witherspoon kernel: ubi0: default fastmap WL pool size: 12
Sep 18 18:59:18 witherspoon kernel: ubi0: attaching mtd0
Sep 18 18:59:18 witherspoon kernel: ubi0: scanning is finished
Sep 18 18:59:18 witherspoon kernel: ubi0 error: ubi_read_volume_table: the layout volume was not found
Sep 18 18:59:18 witherspoon kernel: ubi0 error: ubi_attach_mtd_dev: failed to attach mtd0, error -22
Sep 18 18:59:12 witherspoon kernel[1018]: [    2.700000] aspeed-smc 1e620000.flash-controller: Using IRQ 18
Sep 18 18:59:12 witherspoon kernel[1018]: [    2.700000] aspeed-smc 1e620000.flash-controller: DMA support disabled.
Sep 18 18:59:12 witherspoon kernel[1018]: [    2.700000] aspeed-smc 1e620000.flash-controller: mx25l25635e (32768 Kbytes)
Sep 18 18:59:12 witherspoon kernel[1018]: [    2.720000] aspeed-smc 1e620000.flash-controller: CE0 window [ 0x20000000 - 0x22000000 ] 32MB
Sep 18 18:59:12 witherspoon kernel[1018]: [    2.720000] aspeed-smc 1e620000.flash-controller: CE1 window [ 0x22000000 - 0x2a000000 ] 128MB
Sep 18 18:59:12 witherspoon kernel[1018]: [    2.720000] 5 ofpart partitions found on MTD device bmc
Sep 18 18:59:12 witherspoon kernel[1018]: [    2.720000] Creating 5 MTD partitions on "bmc":
Sep 18 18:59:12 witherspoon kernel[1018]: [    2.750000] 0x000000000000-0x000000060000 : "u-boot"
Sep 18 18:59:12 witherspoon kernel[1018]: [    2.750000] 0x000000060000-0x000000080000 : "u-boot-env"
Sep 18 18:59:12 witherspoon kernel[1018]: [    2.750000] 0x000000080000-0x0000004c0000 : "kernel"
Sep 18 18:59:12 witherspoon kernel[1018]: [    2.750000] 0x0000004c0000-0x000001c00000 : "rofs"
Sep 18 18:59:12 witherspoon kernel[1018]: [    2.750000] 0x000001c00000-0x000002000000 : "rwfs"
Sep 18 18:59:12 witherspoon kernel[1018]: [    2.800000] aspeed-smc 1e620000.flash-controller: mx25l25635e (32768 Kbytes)
Sep 18 18:59:12 witherspoon kernel[1018]: [    2.800000] aspeed-smc 1e620000.flash-controller: CE1 window [ 0x22000000 - 0x24000000 ] 32MB
Sep 18 18:59:12 witherspoon kernel[1018]: [    2.810000] aspeed-smc 1e620000.flash-controller: CE2 window [ 0x24000000 - 0x2c000000 ] 128MB
Sep 18 18:59:12 witherspoon kernel[1018]: [    2.810000] aspeed-smc 1e630000.flash-controller: mx66l1g45g (131072 Kbytes)
Sep 18 18:59:12 witherspoon kernel[1018]: [    2.830000] aspeed-smc 1e630000.flash-controller: CE0 window resized to 120MB (AST2500 HW quirk)
Sep 18 18:59:12 witherspoon kernel[1018]: [    2.830000] aspeed-smc 1e630000.flash-controller: CE0 window [ 0x30000000 - 0x37800000 ] 120MB
Sep 18 18:59:19 witherspoon obmc-flash-bmc[1016]: ubinfo: error!: cannot get information about UBI device 0
Sep 18 18:59:19 witherspoon obmc-flash-bmc[1016]:         error 2 (No such file or directory)
Sep 18 18:59:19 witherspoon systemd-networkd[1014]: eth0: Gained IPv6LL
Sep 18 18:59:12 witherspoon kernel[1018]: [    2.830000] aspeed-smc 1e630000.flash-controller: CE0 window too small for chip 128MB
Sep 18 18:59:19 witherspoon systemd[1]: Started Remount the ubi volume after a reboot.
Sep 18 18:59:12 witherspoon kernel[1018]: [    2.860000] aspeed-smc 1e630000.flash-controller: CE1 window [ 0x37800000 - 0x38000000 ] 8MB
Sep 18 18:59:12 witherspoon kernel[1018]: [    3.540000] libphy: Fixed MDIO Bus: probed
Sep 18 18:59:12 witherspoon kernel[1018]: [    3.540000] ftgmac100 1e660000.ethernet: Read MAC address 70:e2:84:14:23:e1 from chip
Sep 18 18:59:12 witherspoon kernel[1018]: [    3.660000] ftgmac100 1e660000.ethernet: Using NCSI interface
Sep 18 18:59:12 witherspoon kernel[1018]: [    3.660000] ftgmac100 1e660000.ethernet eth0: irq 20, mapped at f0060000
Sep 18 18:59:12 witherspoon kernel[1018]: [    3.660000] ehci_hcd: USB 2.0 'Enhanced' Host Controller (EHCI) Driver
Sep 18 18:59:12 witherspoon kernel[1018]: [    3.660000] ehci-platform: EHCI generic platform driver
Sep 18 18:59:12 witherspoon kernel[1018]: [    3.840000] i2c /dev entries driver
Sep 18 18:59:12 witherspoon kernel[1018]: [    3.840000] aspeed-i2c-bus 1e78a0c0.i2c-bus: i2c bus 2 registered, irq 26
Sep 18 18:59:12 witherspoon kernel[1018]: [    3.840000] aspeed-i2c-bus 1e78a100.i2c-bus: i2c bus 3 registered, irq 27
Sep 18 18:59:12 witherspoon kernel[1018]: [    3.840000] aspeed-i2c-bus 1e78a140.i2c-bus: i2c bus 4 registered, irq 28
Sep 18 18:59:12 witherspoon kernel[1018]: [    3.840000] aspeed-i2c-bus 1e78a180.i2c-bus: i2c bus 5 registered, irq 29
Sep 18 18:59:12 witherspoon kernel[1018]: [    3.840000] aspeed-i2c-bus 1e78a380.i2c-bus: i2c bus 9 registered, irq 30
Sep 18 18:59:12 witherspoon kernel[1018]: [    3.840000] aspeed-i2c-bus 1e78a3c0.i2c-bus: i2c bus 10 registered, irq 31
Sep 18 18:59:12 witherspoon kernel[1018]: [    3.840000] rtc-rv8803 11-0032: Voltage low, temperature compensation stopped.
Sep 18 18:59:12 witherspoon kernel[1018]: [    3.840000] rtc-rv8803 11-0032: An alarm maybe have been missed.
Sep 18 18:59:12 witherspoon kernel[1018]: [    3.940000] rtc-rv8803 11-0032: rtc core: registered rx8900 as rtc0
Sep 18 18:59:12 witherspoon kernel[1018]: [    3.950000] at24 11-0051: 8192 byte 24c64 EEPROM, writable, 1 bytes/write
Sep 18 18:59:12 witherspoon kernel[1018]: [    3.950000] aspeed-i2c-bus 1e78a400.i2c-bus: i2c bus 11 registered, irq 32
Sep 18 18:59:12 witherspoon kernel[1018]: [    3.950000] aspeed-i2c-bus 1e78a440.i2c-bus: i2c bus 12 registered, irq 33
Sep 18 18:59:12 witherspoon kernel[1018]: [    3.950000] aspeed-i2c-bus 1e78a480.i2c-bus: i2c bus 13 registered, irq 34
Sep 18 18:59:12 witherspoon kernel[1018]: [    3.950000] Driver for 1-wire Dallas network protocol.
Sep 18 18:59:12 witherspoon kernel[1018]: [    3.950000] lm75 9-004a: hwmon0: sensor 'tmp275'
Sep 18 18:59:12 witherspoon kernel[1018]: [    5.710000] ucd9000 11-0064: Device ID UCD90160|2.3.4.0000|110603
Sep 18 18:59:12 witherspoon kernel[1018]: [    6.420000] leds-pca955x 3-0060: leds-pca955x: Using pca9552 16-bit LED driver at slave address 0x60
Sep 18 18:59:12 witherspoon kernel[1018]: [    6.430000] leds-pca955x 3-0060: gpios 238...253
Sep 18 18:59:12 witherspoon kernel[1018]: [    6.440000] leds-pca955x 11-0060: leds-pca955x: Using pca9552 16-bit LED driver at slave address 0x60
Sep 18 18:59:12 witherspoon kernel[1018]: [    6.450000] leds-pca955x 11-0060: gpios 222...237
Sep 18 18:59:12 witherspoon kernel[1018]: [    6.450000] usbcore: registered new interface driver usbhid
Sep 18 18:59:12 witherspoon kernel[1018]: [    6.460000] usbhid: USB HID core driver
Sep 18 18:59:12 witherspoon kernel[1018]: [    6.510000] NET: Registered protocol family 10
Sep 18 18:59:21 witherspoon kernel: ftgmac100 1e660000.ethernet eth0: ncsi: removed vlan tag 0 at index 1
Sep 18 18:59:21 witherspoon kernel: ftgmac100 1e660000.ethernet eth0: ncsi: removed vlan tag 0 at index 2
Sep 18 18:59:21 witherspoon kernel: ftgmac100 1e660000.ethernet eth0: no vlan ids left to set
Sep 18 18:59:21 witherspoon kernel: ftgmac100 1e660000.ethernet eth0: NCSI interface up
Sep 18 18:59:12 witherspoon kernel[1018]: [    6.510000] Segment Routing with IPv6
Sep 18 18:59:12 witherspoon kernel[1018]: [    6.520000] NET: Registered protocol family 17
Sep 18 18:59:12 witherspoon kernel[1018]: [    6.520000] 8021q: 802.1Q VLAN Support v1.8
Sep 18 18:59:12 witherspoon kernel[1018]: [    6.540000] input: gpio-keys-polled as /devices/platform/gpio-keys-polled/input/input1
Sep 18 18:59:12 witherspoon kernel[1018]: [    6.560000] console [netcon0] enabled
Sep 18 18:59:12 witherspoon kernel[1018]: [    6.570000] netconsole: network logging started
Sep 18 18:59:12 witherspoon kernel[1018]: [    6.570000] input: gpio-keys as /devices/platform/gpio-keys/input/input2
Sep 18 18:59:12 witherspoon kernel[1018]: [    6.590000] rtc-rv8803 11-0032: setting system clock to 2017-09-18 18:58:51 UTC (1505761131)
Sep 18 18:59:12 witherspoon kernel[1018]: [    6.600000] Freeing unused kernel memory: 284K
Sep 18 18:59:12 witherspoon kernel[1018]: [    6.600000] This architecture does not have kernel memory protection.
Sep 18 18:59:12 witherspoon kernel[1018]: [    8.130000] jffs2: notice: (542) jffs2_build_xattr_subsystem: complete building xattr subsystem, 1 of xdatum (1 unchecked, 0 orphan) and 12 of xref (0 dead, 2 orphan) found.
Sep 18 18:59:12 witherspoon kernel[1018]: [   10.330000] systemd[1]: Failed to insert module 'autofs4': No such file or directory
Sep 18 18:59:12 witherspoon kernel[1018]: [   10.330000] systemd[1]: systemd 232 running in system mode. (+PAM -AUDIT -SELINUX -IMA -APPARMOR -SMACK +SYSVINIT -UTMP -LIBCRYPTSETUP -GCRYPT -GNUTLS +ACL +XZ -LZ4 -SECCOMP +BLKID -ELFUTILS +KMOD -IDN)
Sep 18 18:59:12 witherspoon kernel[1018]: [   10.330000] systemd[1]: Detected architecture arm.
Sep 18 18:59:12 witherspoon kernel[1018]: [   10.580000] systemd[1]: Set hostname to <witherspoon>.
Sep 18 18:59:12 witherspoon kernel[1018]: [   12.260000] systemd[1]: Reached target Remote File Systems.
Sep 18 18:59:12 witherspoon kernel[1018]: [   12.310000] systemd[1]: Started Dispatch Password Requests to Console Directory Watch.
Sep 18 18:59:12 witherspoon kernel[1018]: [   12.350000] systemd[1]: Listening on udev Kernel Socket.
Sep 18 18:59:12 witherspoon kernel[1018]: [   12.390000] systemd[1]: Created slice System Slice.
Sep 18 18:59:12 witherspoon kernel[1018]: [   12.430000] systemd[1]: Mounting Debug File System...
Sep 18 18:59:12 witherspoon kernel[1018]: [   12.520000] systemd[1]: Created slice system-obmc\x2dconsole.slice.
Sep 18 18:59:12 witherspoon kernel[1018]: [   12.570000] systemd[1]: Reached target Slices.
Sep 18 18:59:12 witherspoon kernel[1018]: [   14.950000] systemd-journald[564]: Received request to flush runtime journal from PID 1
Sep 18 18:59:12 witherspoon kernel[1018]: [   22.270000] ubi7: default fastmap pool size: 100
Sep 18 18:59:12 witherspoon kernel[1018]: [   22.270000] ubi7: default fastmap WL pool size: 50
Sep 18 18:59:12 witherspoon kernel[1018]: [   22.270000] ubi7: attaching mtd7
Sep 18 18:59:12 witherspoon kernel[1018]: [   22.270000] ubi7: scanning is finished
Sep 18 18:59:12 witherspoon kernel[1018]: [   23.060000] ubi7: attached mtd7 (name "pnor", size 128 MiB)
Sep 18 18:59:12 witherspoon kernel[1018]: [   23.060000] ubi7: PEB size: 65536 bytes (64 KiB), LEB size: 65408 bytes
Sep 18 18:59:12 witherspoon kernel[1018]: [   23.060000] ubi7: min./max. I/O unit sizes: 1/256, sub-page size 1
Sep 18 18:59:12 witherspoon kernel[1018]: [   23.060000] ubi7: VID header offset: 64 (aligned 64), data offset: 128
Sep 18 18:59:12 witherspoon kernel[1018]: [   23.060000] ubi7: good PEBs: 2048, bad PEBs: 0, corrupted PEBs: 0
Sep 18 18:59:12 witherspoon kernel[1018]: [   23.060000] ubi7: user volume: 4, internal volumes: 1, max. volumes count: 128
Sep 18 18:59:12 witherspoon kernel[1018]: [   23.060000] ubi7: max/mean erase counter: 25/16, WL threshold: 4096, image sequence number: 91395301
Sep 18 18:59:12 witherspoon kernel[1018]: [   23.060000] ubi7: available PEBs: 1110, total reserved PEBs: 938, PEBs reserved for bad PEB handling: 0
Sep 18 18:59:12 witherspoon kernel[1018]: [   23.060000] ubi7: background thread "ubi_bgt7d" started, PID 993
Sep 18 18:59:17 witherspoon avahi-daemon[960]: Joining mDNS multicast group on interface eth0.IPv4 with address 9.3.86.161.
Sep 18 18:59:17 witherspoon avahi-daemon[960]: New relevant interface eth0.IPv4 for mDNS.
Sep 18 18:59:17 witherspoon avahi-daemon[960]: Registering new address record for 9.3.86.161 on eth0.IPv4.
Sep 18 18:59:17 witherspoon kernel[1018]: [   32.650000] 8021q: adding VLAN 0 to HW filter on device eth0
Sep 18 18:59:18 witherspoon kernel[1018]: [   33.450000] ubi0: default fastmap pool size: 25
Sep 18 18:59:18 witherspoon kernel[1018]: [   33.450000] ubi0: default fastmap WL pool size: 12
Sep 18 18:59:18 witherspoon kernel[1018]: [   33.450000] ubi0: attaching mtd0
Sep 18 18:59:18 witherspoon kernel[1018]: [   33.450000] ubi0: scanning is finished
Sep 18 18:59:18 witherspoon kernel[1018]: [   33.450000] ubi0 error: ubi_read_volume_table: the layout volume was not found
Sep 18 18:59:18 witherspoon kernel[1018]: [   33.450000] ubi0 error: ubi_attach_mtd_dev: failed to attach mtd0, error -22
Sep 18 18:59:19 witherspoon avahi-daemon[960]: Joining mDNS multicast group on interface eth0.IPv6 with address fe80::72e2:84ff:fe14:23e1.
Sep 18 18:59:19 witherspoon avahi-daemon[960]: New relevant interface eth0.IPv6 for mDNS.
Sep 18 18:59:19 witherspoon avahi-daemon[960]: Registering new address record for fe80::72e2:84ff:fe14:23e1 on eth0.*.
Sep 18 18:59:21 witherspoon kernel[1018]: [   36.300000] ftgmac100 1e660000.ethernet eth0: ncsi: removed vlan tag 0 at index 1
Sep 18 18:59:21 witherspoon kernel[1018]: [   36.300000] ftgmac100 1e660000.ethernet eth0: ncsi: removed vlan tag 0 at index 2
Sep 18 18:59:21 witherspoon kernel[1018]: [   36.300000] ftgmac100 1e660000.ethernet eth0: no vlan ids left to set
Sep 18 18:59:21 witherspoon kernel[1018]: [   36.300000] ftgmac100 1e660000.ethernet eth0: NCSI interface up
Sep 18 18:59:24 witherspoon avahi-daemon[960]: Withdrawing address record for 9.3.86.161 on eth0.
Sep 18 18:59:24 witherspoon avahi-daemon[960]: Host name conflict, retrying with witherspoon-2
Sep 18 18:59:25 witherspoon systemd[1]: Started Phosphor Dump Manager.
Sep 18 18:59:25 witherspoon systemd[1]: Started Phosphor Download Manager.
Sep 18 18:59:25 witherspoon avahi-daemon[960]: Registering new address record for fe80::72e2:84ff:fe14:23e1 on eth0.*.
Sep 18 18:59:25 witherspoon avahi-daemon[960]: Registering new address record for 9.3.86.161 on eth0.IPv4.
Sep 18 18:59:25 witherspoon systemd[1]: Started Phosphor Inventory Manager.
Sep 18 18:59:25 witherspoon systemd[1]: Started Phosphor Settings Daemon.
Sep 18 18:59:25 witherspoon systemd[1]: Started Phosphor BMC0 Control.
Sep 18 18:59:25 witherspoon systemd[1]: Started Phosphor Log Manager.
Sep 18 18:59:25 witherspoon systemd[1]: Started Phosphor LED Group Management Daemon.
Sep 18 18:59:25 witherspoon systemd[1]: Created slice system-xyz.openbmc_project.led.controller.slice.
Sep 18 18:59:25 witherspoon systemd[1]: Started Phosphor sysfs LED controller.
Sep 18 18:59:25 witherspoon systemd[1]: Started Phosphor sysfs LED controller.
Sep 18 18:59:25 witherspoon systemd[1]: Started Phosphor sysfs LED controller.
Sep 18 18:59:25 witherspoon systemd[1]: Started Phosphor sysfs LED controller.
Sep 18 18:59:25 witherspoon systemd[1]: Started Phosphor sysfs LED controller.
Sep 18 18:59:25 witherspoon systemd[1]: Started Phosphor sysfs LED controller.
Sep 18 18:59:25 witherspoon systemd[1]: Started Phosphor sysfs LED controller.
Sep 18 18:59:25 witherspoon systemd[1]: Started Phosphor sysfs LED controller.
Sep 18 18:59:25 witherspoon systemd[1]: Started Phosphor sysfs LED controller.
Sep 18 18:59:26 witherspoon systemd[1]: Started Phosphor sysfs LED controller.
Sep 18 18:59:26 witherspoon systemd[1]: Reached target Network.
Sep 18 18:59:26 witherspoon systemd[1]: Started Lightweight SLP Server.
Sep 18 18:59:26 witherspoon systemd[1]: Starting Permit User Sessions...
Sep 18 18:59:26 witherspoon systemd[1]: Started Phosphor Console Muxer listening on device /dev/ttyVUART0.
Sep 18 18:59:26 witherspoon systemd[1]: Created slice system-xyz.openbmc_project.Hwmon.slice.
Sep 18 18:59:26 witherspoon systemd[1]: Created slice system-dropbear.slice.
Sep 18 18:59:26 witherspoon avahi-daemon[960]: Withdrawing address record for 9.3.86.161 on eth0.
Sep 18 18:59:26 witherspoon avahi-daemon[960]: Host name conflict, retrying with witherspoon-3
Sep 18 18:59:26 witherspoon avahi-daemon[960]: Registering new address record for fe80::72e2:84ff:fe14:23e1 on eth0.*.
Sep 18 18:59:26 witherspoon avahi-daemon[960]: Registering new address record for 9.3.86.161 on eth0.IPv4.
Sep 18 18:59:26 witherspoon systemd[1]: Started SSH Per-Connection Server (9.41.165.94:53688).
Sep 18 18:59:26 witherspoon avahi-daemon[960]: Withdrawing address record for 9.3.86.161 on eth0.
Sep 18 18:59:26 witherspoon avahi-daemon[960]: Host name conflict, retrying with witherspoon-4
Sep 18 18:59:26 witherspoon avahi-daemon[960]: Registering new address record for fe80::72e2:84ff:fe14:23e1 on eth0.*.
Sep 18 18:59:26 witherspoon avahi-daemon[960]: Registering new address record for 9.3.86.161 on eth0.IPv4.
Sep 18 18:59:27 witherspoon kernel: block ubiblock7_0: created from ubi7:0(pnor-ro-8764baa3)
Sep 18 18:59:27 witherspoon kernel[1018]: [   42.500000] block ubiblock7_0: created from ubi7:0(pnor-ro-8764baa3)
Sep 18 18:59:27 witherspoon avahi-daemon[960]: Withdrawing address record for 9.3.86.161 on eth0.
Sep 18 18:59:27 witherspoon avahi-daemon[960]: Host name conflict, retrying with witherspoon-5
Sep 18 18:59:27 witherspoon avahi-daemon[960]: Registering new address record for fe80::72e2:84ff:fe14:23e1 on eth0.*.
Sep 18 18:59:27 witherspoon avahi-daemon[960]: Registering new address record for 9.3.86.161 on eth0.IPv4.
Sep 18 18:59:28 witherspoon systemd[1]: Started Permit User Sessions.
Sep 18 18:59:28 witherspoon systemd[1]: Started Serial Getty on ttyS4.
Sep 18 18:59:28 witherspoon systemd[1]: Reached target Login Prompts.
Sep 18 18:59:28 witherspoon dropbear[1051]: Failed loading /etc/dropbear/dropbear_dss_host_key
Sep 18 18:59:28 witherspoon dropbear[1051]: Failed loading /etc/dropbear/dropbear_ecdsa_host_key
Sep 18 18:59:28 witherspoon dropbear[1051]: Child connection from ::ffff:9.41.165.94:53688
Sep 18 18:59:29 witherspoon avahi-daemon[960]: Withdrawing address record for 9.3.86.161 on eth0.
Sep 18 18:59:30 witherspoon kernel: UBIFS (ubi7:1): UBIFS: mounted UBI device 7, volume 1, name "pnor-rw-8764baa3"
Sep 18 18:59:30 witherspoon kernel: UBIFS (ubi7:1): LEB size: 65408 bytes (63 KiB), min./max. I/O unit sizes: 8 bytes/256 bytes
Sep 18 18:59:30 witherspoon kernel: UBIFS (ubi7:1): FS size: 16155776 bytes (15 MiB, 247 LEBs), journal size 784896 bytes (0 MiB, 12 LEBs)
Sep 18 18:59:30 witherspoon kernel: UBIFS (ubi7:1): reserved for root: 763076 bytes (745 KiB)
Sep 18 18:59:30 witherspoon kernel: UBIFS (ubi7:1): media format: w5/r0 (latest is w5/r0), UUID 59D39303-7BBE-44B8-9113-75E32AFC4B32, small LPT model
Sep 18 18:59:30 witherspoon kernel: UBIFS (ubi7:1): background thread "ubifs_bgt7_1" started, PID 1067
Sep 18 18:59:29 witherspoon avahi-daemon[960]: Host name conflict, retrying with witherspoon-6
Sep 18 18:59:29 witherspoon avahi-daemon[960]: Registering new address record for fe80::72e2:84ff:fe14:23e1 on eth0.*.
Sep 18 18:59:29 witherspoon avahi-daemon[960]: Registering new address record for 9.3.86.161 on eth0.IPv4.
Sep 18 18:59:29 witherspoon kernel[1018]: [   44.560000] UBIFS (ubi7:1): UBIFS: mounted UBI device 7, volume 1, name "pnor-rw-8764baa3"
Sep 18 18:59:29 witherspoon kernel[1018]: [   44.560000] UBIFS (ubi7:1): LEB size: 65408 bytes (63 KiB), min./max. I/O unit sizes: 8 bytes/256 bytes
Sep 18 18:59:29 witherspoon kernel[1018]: [   44.560000] UBIFS (ubi7:1): FS size: 16155776 bytes (15 MiB, 247 LEBs), journal size 784896 bytes (0 MiB, 12 LEBs)
Sep 18 18:59:29 witherspoon kernel[1018]: [   44.560000] UBIFS (ubi7:1): reserved for root: 763076 bytes (745 KiB)
Sep 18 18:59:29 witherspoon kernel[1018]: [   44.560000] UBIFS (ubi7:1): media format: w5/r0 (latest is w5/r0), UUID 59D39303-7BBE-44B8-9113-75E32AFC4B32, small LPT model
Sep 18 18:59:29 witherspoon kernel[1018]: [   44.560000] UBIFS (ubi7:1): background thread "ubifs_bgt7_1" started, PID 1067
Sep 18 18:59:30 witherspoon avahi-daemon[960]: Withdrawing address record for 9.3.86.161 on eth0.
Sep 18 18:59:30 witherspoon avahi-daemon[960]: Host name conflict, retrying with witherspoon-7
Sep 18 18:59:30 witherspoon avahi-daemon[960]: Registering new address record for fe80::72e2:84ff:fe14:23e1 on eth0.*.
Sep 18 18:59:30 witherspoon avahi-daemon[960]: Registering new address record for 9.3.86.161 on eth0.IPv4.
Sep 18 18:59:31 witherspoon kernel: UBIFS (ubi7:2): UBIFS: mounted UBI device 7, volume 2, name "pnor-prsv"
Sep 18 18:59:31 witherspoon kernel: UBIFS (ubi7:2): LEB size: 65408 bytes (63 KiB), min./max. I/O unit sizes: 8 bytes/256 bytes
Sep 18 18:59:31 witherspoon kernel: UBIFS (ubi7:2): FS size: 1504384 bytes (1 MiB, 23 LEBs), journal size 523265 bytes (0 MiB, 6 LEBs)
Sep 18 18:59:31 witherspoon kernel: UBIFS (ubi7:2): reserved for root: 71055 bytes (69 KiB)
Sep 18 18:59:31 witherspoon kernel: UBIFS (ubi7:2): media format: w5/r0 (latest is w5/r0), UUID 36B3B1E1-197C-4042-A5BB-1F5E6D63DF0B, small LPT model
Sep 18 18:59:31 witherspoon kernel[1018]: [   46.040000] UBIFS (ubi7:2): UBIFS: mounted UBI device 7, volume 2, name "pnor-prsv"
Sep 18 18:59:31 witherspoon kernel[1018]: [   46.040000] UBIFS (ubi7:2): LEB size: 65408 bytes (63 KiB), min./max. I/O unit sizes: 8 bytes/256 bytes
Sep 18 18:59:31 witherspoon kernel[1018]: [   46.040000] UBIFS (ubi7:2): FS size: 1504384 bytes (1 MiB, 23 LEBs), journal size 523265 bytes (0 MiB, 6 LEBs)
Sep 18 18:59:31 witherspoon kernel[1018]: [   46.040000] UBIFS (ubi7:2): reserved for root: 71055 bytes (69 KiB)
Sep 18 18:59:31 witherspoon kernel[1018]: [   46.040000] UBIFS (ubi7:2): media format: w5/r0 (latest is w5/r0), UUID 36B3B1E1-197C-4042-A5BB-1F5E6D63DF0B, small LPT model
Sep 18 18:59:31 witherspoon kernel: UBIFS (ubi7:2): background thread "ubifs_bgt7_2" started, PID 1075
Sep 18 18:59:31 witherspoon kernel[1018]: [   46.130000] UBIFS (ubi7:2): background thread "ubifs_bgt7_2" started, PID 1075
Sep 18 18:59:31 witherspoon avahi-daemon[960]: Withdrawing address record for 9.3.86.161 on eth0.
Sep 18 18:59:31 witherspoon avahi-daemon[960]: Host name conflict, retrying with witherspoon-8
Sep 18 18:59:31 witherspoon avahi-daemon[960]: Registering new address record for fe80::72e2:84ff:fe14:23e1 on eth0.*.
Sep 18 18:59:31 witherspoon avahi-daemon[960]: Registering new address record for 9.3.86.161 on eth0.IPv4.
Sep 18 18:59:31 witherspoon systemd-networkd[1014]: eth0: Configured
Sep 18 18:59:31 witherspoon systemd-timesyncd[690]: Network configuration changed, trying to establish connection.
Sep 18 18:59:32 witherspoon systemd[1]: Started Remount the squashfs and ubi volumes after a reboot.
Sep 18 18:59:32 witherspoon systemd[1]: Reached target Multi-User System.
Sep 18 18:59:32 witherspoon avahi-daemon[960]: Withdrawing address record for 9.3.86.161 on eth0.
Sep 18 18:59:32 witherspoon avahi-daemon[960]: Host name conflict, retrying with witherspoon-9
Sep 18 18:59:32 witherspoon avahi-daemon[960]: Registering new address record for fe80::72e2:84ff:fe14:23e1 on eth0.*.
Sep 18 18:59:32 witherspoon avahi-daemon[960]: Registering new address record for 9.3.86.161 on eth0.IPv4.
Sep 18 18:59:34 witherspoon dropbear[1051]: PAM password auth succeeded for 'root' from ::ffff:9.41.165.94:53688
Sep 18 18:59:34 witherspoon dropbear[1082]: lastlog_perform_login: Couldn't stat /var/log/lastlog: No such file or directory
Sep 18 18:59:34 witherspoon dropbear[1082]: lastlog_openseek: /var/log/lastlog is not a file or directory!
Sep 18 18:59:34 witherspoon avahi-daemon[960]: Withdrawing address record for 9.3.86.161 on eth0.
Sep 18 18:59:34 witherspoon avahi-daemon[960]: Host name conflict, retrying with witherspoon-10
Sep 18 18:59:34 witherspoon avahi-daemon[960]: Registering new address record for fe80::72e2:84ff:fe14:23e1 on eth0.*.
Sep 18 18:59:34 witherspoon avahi-daemon[960]: Registering new address record for 9.3.86.161 on eth0.IPv4.
Sep 18 18:59:35 witherspoon avahi-daemon[960]: Withdrawing address record for 9.3.86.161 on eth0.
Sep 18 18:59:35 witherspoon avahi-daemon[960]: Host name conflict, retrying with witherspoon-11
Sep 18 18:59:35 witherspoon avahi-daemon[960]: Registering new address record for fe80::72e2:84ff:fe14:23e1 on eth0.*.
Sep 18 18:59:35 witherspoon avahi-daemon[960]: Registering new address record for 9.3.86.161 on eth0.IPv4.
Sep 18 18:59:35 witherspoon systemd[1]: Started Phosphor Download Manager.
Sep 18 18:59:35 witherspoon download_manager.py[950]: Running Download Manager
Sep 18 18:59:36 witherspoon systemd[1]: Started Phosphor Chassis0 Control.
Sep 18 18:59:36 witherspoon chassis_control.py[963]: Running ChassisControlService
Sep 18 18:59:36 witherspoon avahi-daemon[960]: Withdrawing address record for 9.3.86.161 on eth0.
Sep 18 18:59:36 witherspoon avahi-daemon[960]: Host name conflict, retrying with witherspoon-12
Sep 18 18:59:36 witherspoon avahi-daemon[960]: Registering new address record for fe80::72e2:84ff:fe14:23e1 on eth0.*.
Sep 18 18:59:36 witherspoon avahi-daemon[960]: Registering new address record for 9.3.86.161 on eth0.IPv4.
Sep 18 18:59:36 witherspoon inventory_items.py[954]: Loading from cache: /var/cache/obmc/org.openbmc.inventory.system.chassis.motherboard.apss@org.openbmc.InventoryItem.props
Sep 18 18:59:36 witherspoon inventory_items.py[954]: Loading from cache: /var/cache/obmc/org.openbmc.inventory.system.chassis.motherboard@org.openbmc.InventoryItem.props
Sep 18 18:59:37 witherspoon sensor_manager2.py[970]: Setting boot count to 3
Sep 18 18:59:37 witherspoon systemd[1]: Started Phosphor Sensor Manager.
Sep 18 18:59:37 witherspoon sensor_manager2.py[970]: Starting sensor manager
Sep 18 18:59:37 witherspoon inventory_items.py[954]: Loading from cache: /var/cache/obmc/org.openbmc.inventory.system.chassis.motherboard.refclock@org.openbmc.InventoryItem.props
Sep 18 18:59:37 witherspoon inventory_items.py[954]: Loading from cache: /var/cache/obmc/org.openbmc.inventory.system.chassis.motherboard.cpu1.core7@org.openbmc.InventoryItem.props
Sep 18 18:59:37 witherspoon inventory_items.py[954]: Loading from cache: /var/cache/obmc/org.openbmc.inventory.system.chassis.motherboard.cpu1.core4@org.openbmc.InventoryItem.props
Sep 18 18:59:37 witherspoon inventory_items.py[954]: Loading from cache: /var/cache/obmc/org.openbmc.inventory.system.chassis.motherboard.cpu1.core1@org.openbmc.InventoryItem.props
Sep 18 18:59:37 witherspoon inventory_items.py[954]: Loading from cache: /var/cache/obmc/org.openbmc.inventory.system.chassis.motherboard.cpu1.core10@org.openbmc.InventoryItem.props
Sep 18 18:59:37 witherspoon inventory_items.py[954]: Loading from cache: /var/cache/obmc/org.openbmc.inventory.system.chassis.motherboard.todclock@org.openbmc.InventoryItem.props
Sep 18 18:59:37 witherspoon inventory_items.py[954]: Loading from cache: /var/cache/obmc/org.openbmc.inventory.system.chassis.motherboard.cpu1@org.openbmc.InventoryItem.props
Sep 18 18:59:37 witherspoon inventory_items.py[954]: Loading from cache: /var/cache/obmc/org.openbmc.inventory.system.chassis.motherboard.bmc@org.openbmc.InventoryItem.props
Sep 18 18:59:37 witherspoon inventory_items.py[954]: Caching: /org/openbmc/inventory/system/chassis/motherboard/bmc
Sep 18 18:59:37 witherspoon inventory_items.py[954]: Loading from cache: /var/cache/obmc/org.openbmc.inventory.system.chassis.motherboard.cpu0.core1@org.openbmc.InventoryItem.props
Sep 18 18:59:37 witherspoon inventory_items.py[954]: Loading from cache: /var/cache/obmc/org.openbmc.inventory.system.chassis.motherboard.cpu0.core7@org.openbmc.InventoryItem.props
Sep 18 18:59:37 witherspoon inventory_items.py[954]: Loading from cache: /var/cache/obmc/org.openbmc.inventory.system.chassis.motherboard.cpu0.core4@org.openbmc.InventoryItem.props
Sep 18 18:59:37 witherspoon inventory_items.py[954]: Loading from cache: /var/cache/obmc/org.openbmc.inventory.system.chassis.motherboard.pcieclock@org.openbmc.InventoryItem.props
Sep 18 18:59:37 witherspoon inventory_items.py[954]: Loading from cache: /var/cache/obmc/org.openbmc.inventory.system.chassis.motherboard.cpu0.core10@org.openbmc.InventoryItem.props
Sep 18 18:59:37 witherspoon systemd[1]: Started Phosphor Inventory Manager.
Sep 18 18:59:38 witherspoon phosphor-mapper[962]: ObjectMapper startup complete.  Discovery in progress...
Sep 18 18:59:38 witherspoon avahi-daemon[960]: Server startup complete. Host name is witherspoon-12.local. Local service cookie is 4042548556.
Sep 18 18:59:38 witherspoon inventory_items.py[954]: Running Inventory Manager
Sep 18 18:59:38 witherspoon avahi-daemon[960]: Service name conflict for "sftp" (/services/sftp.service), retrying with "sftp #2".
Sep 18 18:59:38 witherspoon avahi-daemon[960]: Service name conflict for "obmc_console" (/services/obmc_console.service), retrying with "obmc_console #2".
Sep 18 18:59:38 witherspoon avahi-daemon[960]: Service name conflict for "phosphor_rest" (/services/phosphor_rest.service), retrying with "phosphor_rest #2".
Sep 18 18:59:38 witherspoon avahi-daemon[1013]: ../../avahi-0.6.32/avahi-daemon/chroot.c: open() failed: No such file or directory
Sep 18 18:59:38 witherspoon avahi-daemon[960]: Failed to open /usr/share/dbus-1/interfaces/org.freedesktop.Avahi.Server.xml: Invalid argument
Sep 18 18:59:38 witherspoon avahi-daemon[960]: Failed to load introspection data.
Sep 18 18:59:39 witherspoon systemd[1]: Started Phosphor User Manager.
Sep 18 18:59:39 witherspoon obmc-phosphor-userd[1017]: Started
Sep 18 18:59:39 witherspoon avahi-daemon[960]: Service "witherspoon-12" (/services/ssh.service) successfully established.
Sep 18 18:59:39 witherspoon avahi-daemon[960]: Service "witherspoon-12" (/services/sftp-ssh.service) successfully established.
Sep 18 18:59:39 witherspoon avahi-daemon[960]: Service name conflict for "phosphor_rest" (/services/phosphor_rest.service), retrying with "phosphor_rest #3".
Sep 18 18:59:39 witherspoon avahi-daemon[960]: Service name conflict for "sftp" (/services/sftp.service), retrying with "sftp #3".
Sep 18 18:59:39 witherspoon avahi-daemon[960]: Service name conflict for "obmc_console" (/services/obmc_console.service), retrying with "obmc_console #3".
Sep 18 18:59:39 witherspoon systemd[1]: Started Phosphor Network Manager.
Sep 18 18:59:39 witherspoon netman.py[967]: Started
Sep 18 18:59:40 witherspoon avahi-daemon[960]: Service name conflict for "sftp" (/services/sftp.service), retrying with "sftp #4".
Sep 18 18:59:40 witherspoon avahi-daemon[960]: Service name conflict for "phosphor_rest" (/services/phosphor_rest.service), retrying with "phosphor_rest #4".
Sep 18 18:59:40 witherspoon avahi-daemon[960]: Service name conflict for "obmc_console" (/services/obmc_console.service), retrying with "obmc_console #4".
Sep 18 18:59:41 witherspoon avahi-daemon[960]: Service name conflict for "obmc_console" (/services/obmc_console.service), retrying with "obmc_console #5".
Sep 18 18:59:41 witherspoon avahi-daemon[960]: Service name conflict for "phosphor_rest" (/services/phosphor_rest.service), retrying with "phosphor_rest #5".
Sep 18 18:59:41 witherspoon avahi-daemon[960]: Service name conflict for "sftp" (/services/sftp.service), retrying with "sftp #5".
Sep 18 18:59:42 witherspoon avahi-daemon[960]: Service name conflict for "sftp" (/services/sftp.service), retrying with "sftp #6".
Sep 18 18:59:42 witherspoon avahi-daemon[960]: Service name conflict for "obmc_console" (/services/obmc_console.service), retrying with "obmc_console #6".
Sep 18 18:59:42 witherspoon avahi-daemon[960]: Service name conflict for "phosphor_rest" (/services/phosphor_rest.service), retrying with "phosphor_rest #6".
Sep 18 18:59:43 witherspoon avahi-daemon[960]: Service name conflict for "sftp" (/services/sftp.service), retrying with "sftp #7".
Sep 18 18:59:43 witherspoon avahi-daemon[960]: Service name conflict for "obmc_console" (/services/obmc_console.service), retrying with "obmc_console #7".
Sep 18 18:59:43 witherspoon avahi-daemon[960]: Service name conflict for "phosphor_rest" (/services/phosphor_rest.service), retrying with "phosphor_rest #7".
Sep 18 18:59:44 witherspoon avahi-daemon[960]: Service name conflict for "obmc_console" (/services/obmc_console.service), retrying with "obmc_console #8".
Sep 18 18:59:44 witherspoon avahi-daemon[960]: Service name conflict for "sftp" (/services/sftp.service), retrying with "sftp #8".
Sep 18 18:59:44 witherspoon avahi-daemon[960]: Service name conflict for "phosphor_rest" (/services/phosphor_rest.service), retrying with "phosphor_rest #8".
Sep 18 18:59:45 witherspoon avahi-daemon[960]: Service name conflict for "phosphor_rest" (/services/phosphor_rest.service), retrying with "phosphor_rest #9".
Sep 18 18:59:45 witherspoon avahi-daemon[960]: Service name conflict for "obmc_console" (/services/obmc_console.service), retrying with "obmc_console #9".
Sep 18 18:59:45 witherspoon avahi-daemon[960]: Service name conflict for "sftp" (/services/sftp.service), retrying with "sftp #9".
Sep 18 18:59:46 witherspoon avahi-daemon[960]: Service name conflict for "phosphor_rest" (/services/phosphor_rest.service), retrying with "phosphor_rest #10".
Sep 18 18:59:46 witherspoon avahi-daemon[960]: Service name conflict for "obmc_console" (/services/obmc_console.service), retrying with "obmc_console #10".
Sep 18 18:59:46 witherspoon avahi-daemon[960]: Service name conflict for "sftp" (/services/sftp.service), retrying with "sftp #10".
Sep 18 18:59:47 witherspoon avahi-daemon[960]: Service name conflict for "sftp" (/services/sftp.service), retrying with "sftp #11".
Sep 18 18:59:47 witherspoon avahi-daemon[960]: Service name conflict for "phosphor_rest" (/services/phosphor_rest.service), retrying with "phosphor_rest #11".
Sep 18 18:59:48 witherspoon avahi-daemon[960]: Service name conflict for "obmc_console" (/services/obmc_console.service), retrying with "obmc_console #11".
Sep 18 18:59:49 witherspoon avahi-daemon[960]: Service name conflict for "obmc_console" (/services/obmc_console.service), retrying with "obmc_console #12".
Sep 18 18:59:49 witherspoon avahi-daemon[960]: Service name conflict for "phosphor_rest" (/services/phosphor_rest.service), retrying with "phosphor_rest #12".
Sep 18 18:59:49 witherspoon avahi-daemon[960]: Service name conflict for "sftp" (/services/sftp.service), retrying with "sftp #12".
Sep 18 18:59:50 witherspoon phosphor-mapper[962]: ObjectMapper discovery complete
Sep 18 18:59:50 witherspoon systemd[1]: Started Phosphor DBus Service Discovery Manager.
Sep 18 18:59:50 witherspoon systemd[1]: Started Phosphor Hwmon Poller.
Sep 18 18:59:50 witherspoon systemd[1]: Reached target Phosphor Object Mapper.
Sep 18 18:59:50 witherspoon systemd[1]: Starting Wait for /xyz/openbmc_project/time/owner...
Sep 18 18:59:50 witherspoon systemd[1]: Starting Wait for /xyz/openbmc_project/state/chassis0...
Sep 18 18:59:50 witherspoon systemd[1]: Starting Wait for /xyz/openbmc_project/time/sync_method...
Sep 18 18:59:50 witherspoon systemd[1]: Starting Wait for /org/openbmc/control/bmc0...
Sep 18 18:59:50 witherspoon systemd[1]: Starting Wait for /xyz/openbmc_project/control/host0/auto_reboot...
Sep 18 18:59:50 witherspoon systemd[1]: Starting Wait for /xyz/openbmc_project/control/host0/boot/one_time...
Sep 18 18:59:50 witherspoon systemd[1]: Starting Wait for /org/openbmc/managers/System...
Sep 18 18:59:50 witherspoon systemd[1]: Starting Wait for /xyz/openbmc_project/led/groups/bmc_booted...
Sep 18 18:59:50 witherspoon systemd[1]: Starting OpenBMC Software Update Manager...
Sep 18 18:59:50 witherspoon avahi-daemon[960]: Service name conflict for "obmc_console" (/services/obmc_console.service), retrying with "obmc_console #13".
Sep 18 18:59:50 witherspoon avahi-daemon[960]: Service name conflict for "sftp" (/services/sftp.service), retrying with "sftp #13".
Sep 18 18:59:50 witherspoon avahi-daemon[960]: Service name conflict for "phosphor_rest" (/services/phosphor_rest.service), retrying with "phosphor_rest #13".
Sep 18 18:59:51 witherspoon systemd[1]: Starting OpenPower Software Update Manager...
Sep 18 18:59:51 witherspoon systemd[1]: Starting Wait for /xyz/openbmc_project/inventory...
Sep 18 18:59:51 witherspoon systemd[1]: Starting Wait for /org/openbmc/NetworkManager/Interface...
Sep 18 18:59:51 witherspoon systemd[1]: Starting Phosphor Settings Manager...
Sep 18 18:59:51 witherspoon systemd[1]: Starting Wait for /xyz/openbmc_project/control/host0/boot...
Sep 18 18:59:51 witherspoon systemd[1]: Starting Wait for /xyz/openbmc_project/control/host0/power_restore_policy...
Sep 18 18:59:51 witherspoon systemd[1]: Starting Wait for /xyz/openbmc_project/state/host0...
Sep 18 18:59:51 witherspoon systemd[1]: Starting Phoshpor System Manager...
Sep 18 18:59:51 witherspoon systemd[1]: Starting Wait for /org/openbmc/control/power0...
Sep 18 18:59:51 witherspoon systemd[1]: Started Phosphor DBus Monitor.
Sep 18 18:59:51 witherspoon systemd[1]: Starting Phosphor Network Manager...
Sep 18 18:59:51 witherspoon systemd[1]: Starting Wait for /xyz/openbmc_project/led/groups...
Sep 18 18:59:51 witherspoon systemd[1]: Starting Wait for /org/openbmc/managers/Download...
Sep 18 18:59:51 witherspoon systemd[1]: Starting Wait for /xyz/openbmc_project/control/host0/restriction_mode...
Sep 18 18:59:51 witherspoon systemd[1]: Starting Wait for /xyz/openbmc_project/control/host0...
Sep 18 18:59:51 witherspoon systemd[1]: Reached target Webserver (pre).
Sep 18 18:59:51 witherspoon systemd[1]: Started Phosphor Webserver.
Sep 18 18:59:51 witherspoon systemd[1]: Started Phosphor Hwmon Poller.
Sep 18 18:59:51 witherspoon systemd[1]: Started Phosphor Hwmon Poller.
Sep 18 18:59:51 witherspoon systemd[1]: Started Phosphor Hwmon Poller.
Sep 18 18:59:51 witherspoon systemd[1]: Started Phosphor Hwmon Poller.
Sep 18 18:59:51 witherspoon systemd[1]: Started Phosphor Hwmon Poller.
Sep 18 18:59:51 witherspoon systemd[1]: Started Phosphor Hwmon Poller.
Sep 18 18:59:51 witherspoon systemd[1]: Started Phosphor Hwmon Poller.
Sep 18 18:59:51 witherspoon avahi-daemon[960]: Service name conflict for "sftp" (/services/sftp.service), retrying with "sftp #14".
Sep 18 18:59:51 witherspoon avahi-daemon[960]: Service name conflict for "obmc_console" (/services/obmc_console.service), retrying with "obmc_console #14".
Sep 18 18:59:51 witherspoon avahi-daemon[960]: Service name conflict for "phosphor_rest" (/services/phosphor_rest.service), retrying with "phosphor_rest #14".
Sep 18 18:59:52 witherspoon avahi-daemon[960]: Service name conflict for "phosphor_rest" (/services/phosphor_rest.service), retrying with "phosphor_rest #15".
Sep 18 18:59:52 witherspoon avahi-daemon[960]: Service name conflict for "sftp" (/services/sftp.service), retrying with "sftp #15".
Sep 18 18:59:52 witherspoon avahi-daemon[960]: Service name conflict for "obmc_console" (/services/obmc_console.service), retrying with "obmc_console #15".
Sep 18 18:59:53 witherspoon systemd[1]: Started Wait for /xyz/openbmc_project/time/sync_method.
Sep 18 18:59:53 witherspoon systemd[1]: Started Wait for /org/openbmc/control/bmc0.
Sep 18 18:59:53 witherspoon systemd[1]: Started Wait for /xyz/openbmc_project/led/groups/bmc_booted.
Sep 18 18:59:54 witherspoon systemd[1]: Started Wait for /xyz/openbmc_project/control/host0/auto_reboot.
Sep 18 18:59:54 witherspoon systemd[1]: Started Wait for /xyz/openbmc_project/control/host0/boot/one_time.
Sep 18 18:59:56 witherspoon systemd[1]: Started OpenBMC Software Update Manager.
Sep 18 18:59:57 witherspoon systemd[1]: Started Phosphor Network Manager.
Sep 18 18:59:57 witherspoon systemd[1]: Started Wait for /xyz/openbmc_project/control/host0/power_restore_policy.
Sep 18 18:59:57 witherspoon systemd[1]: Started Wait for /xyz/openbmc_project/control/host0/boot.
Sep 18 18:59:57 witherspoon phosphor-network-manager[1108]: ConfigParser: Key not found
Sep 18 18:59:57 witherspoon phosphor-network-manager[1108]: The operation failed internally.
Sep 18 18:59:57 witherspoon phosphor-network-manager[1108]: Exception occured during getting of DHCP value
Sep 18 18:59:58 witherspoon systemd[1]: Started Wait for /xyz/openbmc_project/time/owner.
Sep 18 18:59:58 witherspoon systemd[1]: Started Wait for /org/openbmc/NetworkManager/Interface.
Sep 18 18:59:58 witherspoon systemd[1]: Started Wait for /xyz/openbmc_project/led/groups.
Sep 18 18:59:58 witherspoon dbus[971]: [system] Activating via systemd: service name='org.freedesktop.hostname1' unit='dbus-org.freedesktop.hostname1.service'
Sep 18 18:59:58 witherspoon systemd[1]: Started Wait for /xyz/openbmc_project/control/host0/restriction_mode.
Sep 18 18:59:58 witherspoon systemd[1]: Started OpenPower Software Update Manager.
Sep 18 18:59:58 witherspoon systemd[1]: Started Phosphor MBOX Daemon.
Sep 18 18:59:58 witherspoon systemd[1]: Starting Create a ubi volume for pnor patches...
Sep 18 18:59:58 witherspoon systemd[1]: Starting Phosphor Version Software Manager...
Sep 18 18:59:58 witherspoon systemd[1]: Started FRU Fault monitor service.
Sep 18 18:59:58 witherspoon systemd[1]: Started Phosphor DNS Settings Cache Manager.
Sep 18 18:59:59 witherspoon systemd[1]: Started Wait for /xyz/openbmc_project/inventory.
Sep 18 18:59:59 witherspoon systemd[1]: Starting Hostname Service...
Sep 18 19:00:00 witherspoon systemd[1]: Starting OpenPOWER OCC controller...
Sep 18 19:00:00 witherspoon systemd[1]: Starting Phosphor MAX31785 MSL...
Sep 18 19:00:00 witherspoon systemd[1]: Started Phosphor Cooling Type.
Sep 18 19:00:00 witherspoon systemd[1]: Started Phosphor GPIO 0 Presence.
Sep 18 19:00:00 witherspoon systemd[1]: Starting Read OpenPOWER-format VPD from EEPROM...
Sep 18 19:00:00 witherspoon systemd[1]: Started Phosphor GPIO 1 Presence.
Sep 18 19:00:00 witherspoon systemd[1]: Started Phosphor Version Software Manager.
Sep 18 19:00:01 witherspoon dbus[971]: [system] Successfully activated service 'org.freedesktop.hostname1'
Sep 18 19:00:01 witherspoon systemd[1]: Started Hostname Service.
Sep 18 19:00:02 witherspoon kernel: UBIFS (ubi7:3): UBIFS: mounted UBI device 7, volume 3, name "pnor-patch"
Sep 18 19:00:02 witherspoon kernel: UBIFS (ubi7:3): LEB size: 65408 bytes (63 KiB), min./max. I/O unit sizes: 8 bytes/256 bytes
Sep 18 19:00:02 witherspoon kernel: UBIFS (ubi7:3): FS size: 16155776 bytes (15 MiB, 247 LEBs), journal size 784896 bytes (0 MiB, 12 LEBs)
Sep 18 19:00:02 witherspoon kernel: UBIFS (ubi7:3): reserved for root: 763076 bytes (745 KiB)
Sep 18 19:00:02 witherspoon kernel: UBIFS (ubi7:3): media format: w5/r0 (latest is w5/r0), UUID 4D589EF4-9175-4F76-B384-1965B1D7B962, small LPT model
Sep 18 19:00:02 witherspoon kernel[1018]: [   77.380000] UBIFS (ubi7:3): UBIFS: mounted UBI device 7, volume 3, name "pnor-patch"
Sep 18 19:00:02 witherspoon kernel[1018]: [   77.380000] UBIFS (ubi7:3): LEB size: 65408 bytes (63 KiB), min./max. I/O unit sizes: 8 bytes/256 bytes
Sep 18 19:00:02 witherspoon kernel[1018]: [   77.380000] UBIFS (ubi7:3): FS size: 16155776 bytes (15 MiB, 247 LEBs), journal size 784896 bytes (0 MiB, 12 LEBs)
Sep 18 19:00:02 witherspoon kernel[1018]: [   77.380000] UBIFS (ubi7:3): reserved for root: 763076 bytes (745 KiB)
Sep 18 19:00:02 witherspoon kernel[1018]: [   77.380000] UBIFS (ubi7:3): media format: w5/r0 (latest is w5/r0), UUID 4D589EF4-9175-4F76-B384-1965B1D7B962, small LPT model
Sep 18 19:00:02 witherspoon kernel: UBIFS (ubi7:3): background thread "ubifs_bgt7_3" started, PID 1163
Sep 18 19:00:02 witherspoon kernel[1018]: [   77.460000] UBIFS (ubi7:3): background thread "ubifs_bgt7_3" started, PID 1163
Sep 18 19:00:02 witherspoon phosphor-gpio-presence[1155]: Updating inventory present property
Sep 18 19:00:02 witherspoon phosphor-gpio-presence[1153]: Updating inventory present property
Sep 18 19:00:02 witherspoon systemd[1]: Started Create a ubi volume for pnor patches.
Sep 18 19:00:07 witherspoon system_manager.py[1105]: Running System State: BASE_APPS
Sep 18 19:00:07 witherspoon system_manager.py[1105]: SystemManager Init Done
Sep 18 19:00:07 witherspoon systemd[1]: Started Phoshpor System Manager.
Sep 18 19:00:07 witherspoon system_manager.py[1105]: Running SystemManager
Sep 18 19:00:09 witherspoon systemd[1]: Started Wait for /org/openbmc/managers/Download.
Sep 18 19:00:09 witherspoon systemd[1]: Starting Phosphor BMC Code Update...
Sep 18 19:00:11 witherspoon systemd[1]: Started OpenPOWER OCC controller.
Sep 18 19:00:12 witherspoon phosphor-fru-fault-monitor[1136]: Failed to get response from the method.
Sep 18 19:00:12 witherspoon avahi-daemon[960]: Service name conflict for "sftp" (/services/sftp.service), retrying with "sftp #16".
Sep 18 19:00:12 witherspoon avahi-daemon[960]: Service name conflict for "phosphor_rest" (/services/phosphor_rest.service), retrying with "phosphor_rest #16".
Sep 18 19:00:12 witherspoon avahi-daemon[960]: Service name conflict for "obmc_console" (/services/obmc_console.service), retrying with "obmc_console #16".
Sep 18 19:00:14 witherspoon systemd[1]: Started Phosphor MAX31785 MSL.
Sep 18 19:00:16 witherspoon settings_manager.py[1101]: Running HostSettingsService
Sep 18 19:00:16 witherspoon systemd[1]: Started Phosphor Settings Manager.
Sep 18 19:00:16 witherspoon systemd[1]: Starting Wait for /org/openbmc/settings/host0...
Sep 18 19:00:17 witherspoon system_manager.py[1105]: SystemManager Goto System State: BMC_STARTING
Sep 18 19:00:17 witherspoon system_manager.py[1105]: Running System State: BMC_STARTING
Sep 18 19:00:18 witherspoon systemd[1]: Started Phosphor BMC Code Update.
Sep 18 19:00:18 witherspoon bmc_update.py[1165]: Running Bmc Flash Control
Sep 18 19:00:18 witherspoon dbus[971]: [system] Activating via systemd: service name='org.freedesktop.journal1' unit='dbus-org.freedesktop.journal1.service'
Sep 18 19:00:18 witherspoon systemd[1]: Starting Journal Dbus Service...
Sep 18 19:00:18 witherspoon dbus[971]: [system] Successfully activated service 'org.freedesktop.journal1'
Sep 18 19:00:19 witherspoon systemd[1]: Started Journal Dbus Service.
Sep 18 19:00:19 witherspoon systemd[1]: Started Read OpenPOWER-format VPD from EEPROM.
Sep 18 19:00:19 witherspoon phosphor-fru-fault-monitor[1136]: /xyz/openbmc_project/logging/entry/1
Sep 18 19:00:26 witherspoon phosphor-gevent[1113]: Traceback (most recent call last):
Sep 18 19:00:26 witherspoon phosphor-gevent[1113]:   File "/usr/lib/python2.7/site-packages/gevent/greenlet.py", line 327, in run
Sep 18 19:00:27 witherspoon phosphor-gevent[1113]:     result = self._run(*self.args, **self.kwargs)
Sep 18 19:00:27 witherspoon phosphor-gevent[1113]:   File "/usr/lib/python2.7/site-packages/gevent/server.py", line 102, in wrap_socket_and_handle
Sep 18 19:00:27 witherspoon phosphor-gevent[1113]:     ssl_socket = self.wrap_socket(client_socket, **self.ssl_args)
Sep 18 19:00:27 witherspoon phosphor-gevent[1113]:   File "/usr/lib/python2.7/site-packages/gevent/ssl.py", line 404, in wrap_socket
Sep 18 19:00:27 witherspoon phosphor-gevent[1113]:     ciphers=ciphers)
Sep 18 19:00:27 witherspoon phosphor-gevent[1113]:   File "/usr/lib/python2.7/site-packages/gevent/ssl.py", line 113, in __init__
Sep 18 19:00:27 witherspoon phosphor-gevent[1113]:     self.do_handshake()
Sep 18 19:00:27 witherspoon phosphor-gevent[1113]:   File "/usr/lib/python2.7/site-packages/gevent/ssl.py", line 324, in do_handshake
Sep 18 19:00:27 witherspoon phosphor-gevent[1113]:     return self._sslobj.do_handshake()
Sep 18 19:00:27 witherspoon phosphor-gevent[1113]: SSLEOFError: EOF occurred in violation of protocol (_ssl.c:590)
Sep 18 19:00:27 witherspoon phosphor-gevent[1113]: <Greenlet at 0x75fc5490: <bound method WSGIServer.wrap_socket_and_handle of <WSGIServer at 0x75f9bbd0 fileno=5 address=('::3402:eb76:b0dd:6076%1986059680', 443, 0, 1986059680)>>(<socket at 0x75e728b0 fileno=9>, ('::80e9:5e76:8e91:f402%1995041564', 36844, 0, 199)> failed with SSLEOFError
Sep 18 19:00:27 witherspoon phosphor-gevent[1113]: Traceback (most recent call last):
Sep 18 19:00:27 witherspoon phosphor-gevent[1113]:   File "/usr/lib/python2.7/site-packages/gevent/greenlet.py", line 327, in run
Sep 18 19:00:27 witherspoon phosphor-gevent[1113]:     result = self._run(*self.args, **self.kwargs)
Sep 18 19:00:27 witherspoon phosphor-gevent[1113]:   File "/usr/lib/python2.7/site-packages/gevent/server.py", line 102, in wrap_socket_and_handle
Sep 18 19:00:27 witherspoon phosphor-gevent[1113]:     ssl_socket = self.wrap_socket(client_socket, **self.ssl_args)
Sep 18 19:00:27 witherspoon phosphor-gevent[1113]:   File "/usr/lib/python2.7/site-packages/gevent/ssl.py", line 404, in wrap_socket
Sep 18 19:00:27 witherspoon phosphor-gevent[1113]:     ciphers=ciphers)
Sep 18 19:00:27 witherspoon phosphor-gevent[1113]:   File "/usr/lib/python2.7/site-packages/gevent/ssl.py", line 113, in __init__
Sep 18 19:00:27 witherspoon phosphor-gevent[1113]:     self.do_handshake()
Sep 18 19:00:27 witherspoon phosphor-gevent[1113]:   File "/usr/lib/python2.7/site-packages/gevent/ssl.py", line 324, in do_handshake
Sep 18 19:00:27 witherspoon phosphor-gevent[1113]:     return self._sslobj.do_handshake()
Sep 18 19:00:27 witherspoon phosphor-gevent[1113]: SSLEOFError: EOF occurred in violation of protocol (_ssl.c:590)
Sep 18 19:00:27 witherspoon phosphor-gevent[1113]: <Greenlet at 0x75fc5760: <bound method WSGIServer.wrap_socket_and_handle of <WSGIServer at 0x75f9bbd0 fileno=5 address=('::3402:eb76:b0dd:6076%1986059680', 443, 0, 1986059680)>>(<socket at 0x75e72850 fileno=10>, ('::80e9:5e76:8e91:f402%1995041564', 36848, 0, 199)> failed with SSLEOFError
Sep 18 19:00:27 witherspoon phosphor-gevent[1113]: ::80e9:5e76:8e91:f402%1995041564 - - [2017-09-18 19:00:27] "POST /login HTTP/1.1" 200 320 0.097189
Sep 18 19:00:28 witherspoon phosphor-gevent[1113]: ::80e9:5e76:8e91:f402%1995041564 - - [2017-09-18 19:00:28] "GET /xyz/openbmc_project/state/chassis0//attr/CurrentPowerState HTTP/1.1" 404 312 0.643399
Sep 18 19:00:28 witherspoon systemd[1]: Started Wait for /org/openbmc/managers/System.
Sep 18 19:00:28 witherspoon systemd[1]: Starting Phosphor Chassis State Manager...
Sep 18 19:00:28 witherspoon systemd[1]: Starting Phosphor Reset Button0...
Sep 18 19:00:28 witherspoon systemd[1]: Starting Phosphor Power0 Control...
Sep 18 19:00:28 witherspoon systemd[1]: Starting Phosphor BMC State Manager...
Sep 18 19:00:28 witherspoon systemd[1]: Starting Phosphor Power Button0...
Sep 18 19:00:29 witherspoon phosphor-chassis-state-manager[1182]: Initial Chassis State will be Off
Sep 18 19:00:29 witherspoon systemd[1]: Started Phosphor Chassis State Manager.
Sep 18 19:00:29 witherspoon phosphor-bmc-state-manager[1185]: Setting the BMCState field
Sep 18 19:00:29 witherspoon phosphor-bmc-state-manager[1185]: Setting the BMCState field
Sep 18 19:00:29 witherspoon systemd[1]: Started Phosphor BMC State Manager.
Sep 18 19:00:29 witherspoon system_manager.py[1105]: New object: /org/openbmc/control/power0 (:1.88)
Sep 18 19:00:30 witherspoon systemd[1]: Started Wait for /org/openbmc/settings/host0.
Sep 18 19:00:30 witherspoon systemd[1]: Started Phosphor Inband IPMI.
Sep 18 19:00:30 witherspoon button_power.exe[1186]: GPIO Lookup:  POWER_BUTTON = 347,both
Sep 18 19:00:30 witherspoon systemd[1]: Started Phosphor Power Button0.
Sep 18 19:00:30 witherspoon button_reset.exe[1183]: GPIO Lookup:  RESET_BUTTON = 353,both
Sep 18 19:00:30 witherspoon systemd[1]: Started Phosphor Reset Button0.
Sep 18 19:00:30 witherspoon system_manager.py[1105]: Power GPIO config: ['SYS_PWROK_BUFF', '', [('SOFTWARE_PGOOD', True), ('BMC_POWER_UP', True)], [('BMC_CP0_RESET_N', False)], [], 'FSI_DATA', 'FSI_CLK', 'FSI_ENABLE', 'CRONUS_SEL', []]
Sep 18 19:00:30 witherspoon power_control.exe[1184]: Power GPIO latch output:
Sep 18 19:00:30 witherspoon power_control.exe[1184]: Power GPIO power good input: SYS_PWROK_BUFF
Sep 18 19:00:30 witherspoon power_control.exe[1184]: Power GPIO 2 power_up outputs
Sep 18 19:00:30 witherspoon power_control.exe[1184]: Power GPIO power_up[0] = SOFTWARE_PGOOD active HIGH
Sep 18 19:00:30 witherspoon power_control.exe[1184]: Power GPIO power_up[1] = BMC_POWER_UP active HIGH
Sep 18 19:00:30 witherspoon power_control.exe[1184]: Power GPIO 1 reset outputs
Sep 18 19:00:30 witherspoon power_control.exe[1184]: Power GPIO reset[0] = BMC_CP0_RESET_N active LOW
Sep 18 19:00:30 witherspoon power_control.exe[1184]: Power GPIO 0 pci reset outputs
Sep 18 19:00:30 witherspoon power_control.exe[1184]: FSI DATA GPIO: FSI_DATA
Sep 18 19:00:30 witherspoon power_control.exe[1184]: FSI CLK GPIO: FSI_CLK
Sep 18 19:00:30 witherspoon power_control.exe[1184]: FSI ENABLE GPIO: FSI_ENABLE
Sep 18 19:00:30 witherspoon power_control.exe[1184]: CRONUS SEL GPIO: CRONUS_SEL
Sep 18 19:00:30 witherspoon power_control.exe[1184]: Hostctl GPIO optionals: 0
Sep 18 19:00:30 witherspoon power_control.exe[1184]: GPIO Lookup:  SYS_PWROK_BUFF = 306,in
Sep 18 19:00:31 witherspoon phosphor-gevent[1113]: ::80e9:5e76:8e91:f402%1995041564 - - [2017-09-18 19:00:31] "POST /login HTTP/1.1" 200 320 0.057095
Sep 18 19:00:31 witherspoon power_control.exe[1184]: GPIO Lookup:  SOFTWARE_PGOOD = 417,out
Sep 18 19:00:31 witherspoon power_control.exe[1184]: GPIO Lookup:  BMC_POWER_UP = 305,out
Sep 18 19:00:31 witherspoon power_control.exe[1184]: GPIO Lookup:  BMC_CP0_RESET_N = 281,out
Sep 18 19:00:31 witherspoon power_control.exe[1184]: Pgood state: 0
Sep 18 19:00:31 witherspoon systemd[1]: Started Phosphor Power0 Control.
Sep 18 19:00:32 witherspoon phosphor-gevent[1113]: ::80e9:5e76:8e91:f402%1995041564 - - [2017-09-18 19:00:32] "GET /xyz/openbmc_project/state/chassis0//attr/CurrentPowerState HTTP/1.1" 404 312 1.038705
Sep 18 19:00:32 witherspoon avahi-daemon[960]: Service name conflict for "sftp" (/services/sftp.service), retrying with "sftp #17".
Sep 18 19:00:32 witherspoon avahi-daemon[960]: Service name conflict for "phosphor_rest" (/services/phosphor_rest.service), retrying with "phosphor_rest #17".
Sep 18 19:00:32 witherspoon avahi-daemon[960]: Service name conflict for "obmc_console" (/services/obmc_console.service), retrying with "obmc_console #17".
Sep 18 19:00:35 witherspoon phosphor-gevent[1113]: ::80e9:5e76:8e91:f402%1995041564 - - [2017-09-18 19:00:35] "POST /login HTTP/1.1" 200 320 0.039224
Sep 18 19:00:35 witherspoon phosphor-gevent[1113]: ::80e9:5e76:8e91:f402%1995041564 - - [2017-09-18 19:00:35] "GET /xyz/openbmc_project/state/chassis0//attr/CurrentPowerState HTTP/1.1" 404 312 0.652974
Sep 18 19:00:36 witherspoon systemd[1]: Started Wait for /org/openbmc/control/power0.
Sep 18 19:00:36 witherspoon systemd[1]: Starting Phosphor Time Manager daemon...
Sep 18 19:00:36 witherspoon systemd[1]: Starting Check Chassis0 pgood and create a file to indicate it...
Sep 18 19:00:36 witherspoon systemd[1]: Started Wait for /xyz/openbmc_project/state/chassis0.
Sep 18 19:00:37 witherspoon timemanager[1210]: Registering dbus methods
Sep 18 19:00:37 witherspoon timemanager[1210]: Last known time_mode: NTP
Sep 18 19:00:37 witherspoon timemanager[1210]: Last known time_owner: BMC
Sep 18 19:00:37 witherspoon timemanager[1210]: Empty DhcpNtp string
Sep 18 19:00:37 witherspoon timemanager[1210]: Reading Power Control key: pgood
Sep 18 19:00:38 witherspoon timemanager[1210]: Changing settings *allowed* now
Sep 18 19:00:38 witherspoon phosphor-gevent[1113]: ::80e9:5e76:8e91:f402%1995041564 - - [2017-09-18 19:00:38] "POST /login HTTP/1.1" 200 320 0.080673
Sep 18 19:00:38 witherspoon timemanager[1210]: Owner is already set to : BMC
Sep 18 19:00:38 witherspoon timemanager[1210]: Requested_Mode: NTP Current_Mode: NTP
Sep 18 19:00:38 witherspoon timemanager[1210]: Mode is already set to : NTP
Sep 18 19:00:38 witherspoon timemanager[1210]: Getting System Settings: use_dhcp_ntp
Sep 18 19:00:38 witherspoon systemd[1]: Started Check Chassis0 pgood and create a file to indicate it.
Sep 18 19:00:38 witherspoon systemd[1]: Reached target Chassis0 power on after reset.
Sep 18 19:00:38 witherspoon systemd[1]: Reached target Chassis0 (Reset Check).
Sep 18 19:00:38 witherspoon systemd[1]: Started Wait for /xyz/openbmc_project/control/host0.
Sep 18 19:00:38 witherspoon systemd[1]: Reached target Host0 running after reset.
Sep 18 19:00:38 witherspoon systemd[1]: Starting Phosphor Host State Manager...
Sep 18 19:00:38 witherspoon systemd[1]: Reached target Host0 (Reset Check).
Sep 18 19:00:38 witherspoon timemanager[1210]: use_dhcp_ntp = yes
Sep 18 19:00:38 witherspoon timemanager[1210]: Last known host_offset:0
Sep 18 19:00:38 witherspoon timemanager[1210]: Initial Uptime Usec: 1505761124909559
Sep 18 19:00:39 witherspoon systemd[1]: Started Phosphor Time Manager daemon.
Sep 18 19:00:39 witherspoon phosphor-gevent[1113]: ::80e9:5e76:8e91:f402%1995041564 - - [2017-09-18 19:00:39] "GET /xyz/openbmc_project/state/chassis0//attr/CurrentPowerState HTTP/1.1" 200 216 0.668926
Sep 18 19:00:39 witherspoon phosphor-gevent[1113]: ::80e9:5e76:8e91:f402%1995041564 - - [2017-09-18 19:00:39] "POST /login HTTP/1.1" 200 320 0.130819
Sep 18 19:00:39 witherspoon phosphor-host-state-manager[1224]: Initial Host State will be Off
Sep 18 19:00:39 witherspoon phosphor-host-state-manager[1224]: External request to reset reboot count
Sep 18 19:00:40 witherspoon systemd[1]: Started Phosphor Host State Manager.
Sep 18 19:00:40 witherspoon phosphor-gevent[1113]: ::80e9:5e76:8e91:f402%1995041564 - - [2017-09-18 19:00:40] "GET /xyz/openbmc_project/state/chassis0//attr/CurrentPowerState HTTP/1.1" 200 216 0.784577
Sep 18 19:00:40 witherspoon phosphor-gevent[1113]: ::80e9:5e76:8e91:f402%1995041564 - - [2017-09-18 19:00:40] "POST /login HTTP/1.1" 200 320 0.098861
Sep 18 19:00:40 witherspoon phosphor-gevent[1113]: ::80e9:5e76:8e91:f402%1995041564 - - [2017-09-18 19:00:40] "GET /xyz/openbmc_project/state/host0//attr/BootProgress HTTP/1.1" 404 309 0.273262
Sep 18 19:00:41 witherspoon phosphor-gevent[1113]: ::80e9:5e76:8e91:f402%1995041564 - - [2017-09-18 19:00:41] "POST /login HTTP/1.1" 200 320 0.032782
Sep 18 19:00:41 witherspoon phosphor-gevent[1113]: ::80e9:5e76:8e91:f402%1995041564 - - [2017-09-18 19:00:41] "GET /xyz/openbmc_project/state/host0//attr/CurrentHostState HTTP/1.1" 404 309 0.217871
Sep 18 19:00:41 witherspoon systemd[1]: Started Wait for /xyz/openbmc_project/state/host0.
Sep 18 19:00:41 witherspoon systemd[1]: Starting Reboot If Enabled...
Sep 18 19:00:42 witherspoon phosphor-discover-system-state[1225]: Host power is off, checking power policy
Sep 18 19:00:42 witherspoon phosphor-discover-system-state[1225]: power_policy=RESTORE, restoring last state
Sep 18 19:00:42 witherspoon phosphor-host-state-manager[1224]: Host State transaction request
Sep 18 19:00:43 witherspoon systemd[1]: Created slice system-op\x2dwait\x2dpower\x2doff.slice.
Sep 18 19:00:43 witherspoon systemd[1]: Created slice system-ir35221\x2doff\x2dunbind.slice.
Sep 18 19:00:43 witherspoon systemd[1]: Stopped target Chassis0 (Reset Check).
Sep 18 19:00:43 witherspoon systemd[1]: Starting Wait for /org/openbmc/control/chassis0...
Sep 18 19:00:43 witherspoon systemd[1]: Created slice system-op\x2docc\x2ddisable.slice.
Sep 18 19:00:43 witherspoon systemd[1]: Starting OpenPOWER OCC Active Disable...
Sep 18 19:00:43 witherspoon systemd[1]: Created slice system-vcs_off_poweroff.slice.
Sep 18 19:00:43 witherspoon systemd[1]: Starting Wait for /org/openbmc/HostIpmi/1...
Sep 18 19:00:43 witherspoon systemd[1]: Stopped target Host0 (Reset Check).
Sep 18 19:00:43 witherspoon systemd[1]: Created slice system-obmc\x2dled\x2dgroup\x2dstop.slice.
Sep 18 19:00:43 witherspoon systemd[1]: Created slice system-op\x2dpower\x2dstop.slice.
Sep 18 19:00:43 witherspoon systemd[1]: Created slice system-ir35221\x2doff\x2dbind.slice.
Sep 18 19:00:43 witherspoon systemd[1]: Starting Phosphor MAX31785 MSL...
Sep 18 19:00:43 witherspoon systemd[1]: Starting Wait for /xyz/openbmc_project/led/groups/power_on...
Sep 18 19:00:43 witherspoon systemd[1]: Started Phosphor Cooling Type.
Sep 18 19:00:43 witherspoon systemd[1]: Started Reboot If Enabled.
Sep 18 19:00:43 witherspoon systemd[1]: Started Wait for /org/openbmc/control/chassis0.
Sep 18 19:00:44 witherspoon systemd[1]: Started OpenPOWER OCC Active Disable.
Sep 18 19:00:44 witherspoon systemd[1]: Started Wait for /org/openbmc/HostIpmi/1.
Sep 18 19:00:44 witherspoon systemd[1]: Starting Soft power off of the host...
Sep 18 19:00:44 witherspoon systemd[1]: Started Wait for /xyz/openbmc_project/led/groups/power_on.
Sep 18 19:00:44 witherspoon systemd[1]: Starting Assert power_on LED...
Sep 18 19:00:45 witherspoon systemd[1]: Started Assert power_on LED.
Sep 18 19:00:45 witherspoon ipmid[1196]: Pushing cmd on to queue
Sep 18 19:00:45 witherspoon ipmid[1196]: Pushing cmd on to queue
Sep 18 19:00:45 witherspoon ipmid[1196]: Asserting SMS Attention
Sep 18 19:00:45 witherspoon ipmid[1196]: SMS Attention asserted
Sep 18 19:00:46 witherspoon systemd[1]: Started Phosphor MAX31785 MSL.
Sep 18 19:00:46 witherspoon systemd[1]: Reached target Phosphor System - Standby.
Sep 18 19:00:46 witherspoon systemd[1]: Reached target Stop Host0 (Pre).
Sep 18 19:00:46 witherspoon systemd[1]: Starting Power off mode unbind ir35221 device driver devs...
Sep 18 19:00:46 witherspoon systemd[1]: Starting Assert bmc_booted LED...
Sep 18 19:00:46 witherspoon systemd[1]: Reached target Stop Hosti (Pre).
Sep 18 19:00:46 witherspoon systemd[1]: Reached target Hosti (Stopping).
Sep 18 19:00:46 witherspoon systemd[1]: Reached target Hosti (Stopped).
Sep 18 19:00:46 witherspoon systemd[1]: Reached target Poweri Off (Pre).
Sep 18 19:00:46 witherspoon systemd[1]: Reached target Poweri Off.
Sep 18 19:00:46 witherspoon phosphor-bmc-state-manager[1185]: BMC_READY
Sep 18 19:00:46 witherspoon phosphor-bmc-state-manager[1185]: Setting the BMCState field
Sep 18 19:00:46 witherspoon systemd[1]: xyz.openbmc_project.Hwmon@ahb-apb-i2c\x401e78a000-i2c\x2dbus\x40140-ir35221\x4070.service: Unit not needed anymore. Stopping.
Sep 18 19:00:46 witherspoon systemd[1]: Stopping Phosphor Hwmon Poller...
Sep 18 19:00:46 witherspoon systemd[1]: Stopped Phosphor Hwmon Poller.
Sep 18 19:00:46 witherspoon systemd[1]: xyz.openbmc_project.Hwmon@ahb-apb-i2c\x401e78a000-i2c\x2dbus\x40140-ir35221\x4071.service: Unit not needed anymore. Stopping.
Sep 18 19:00:46 witherspoon systemd[1]: Stopping Phosphor Hwmon Poller...
Sep 18 19:00:46 witherspoon systemd[1]: Stopped Phosphor Hwmon Poller.
Sep 18 19:00:46 witherspoon systemd[1]: Started Power off mode unbind ir35221 device driver devs.
Sep 18 19:00:46 witherspoon systemd[1]: xyz.openbmc_project.Hwmon@ahb-apb-i2c\x401e78a000-i2c\x2dbus\x40180-ir35221\x4070.service: Unit not needed anymore. Stopping.
Sep 18 19:00:46 witherspoon systemd[1]: xyz.openbmc_project.Hwmon@ahb-apb-i2c\x401e78a000-i2c\x2dbus\x40180-ir35221\x4071.service: Unit not needed anymore. Stopping.
Sep 18 19:00:47 witherspoon systemd[1]: Stopping Phosphor Hwmon Poller...
Sep 18 19:00:47 witherspoon systemd[1]: Stopping Phosphor Hwmon Poller...
Sep 18 19:00:47 witherspoon systemd[1]: Stopped Phosphor Hwmon Poller.
Sep 18 19:00:47 witherspoon systemd[1]: Stopped Phosphor Hwmon Poller.
Sep 18 19:00:48 witherspoon ipmid[1196]: Host control timeout hit!
Sep 18 19:00:48 witherspoon ipmid[1196]: Timer expired
Sep 18 19:00:48 witherspoon phosphor-softpoweroff[1243]: Host control signal values
Sep 18 19:00:48 witherspoon phosphor-softpoweroff[1243]: Timeout on host attention, continue with power down
Sep 18 19:00:48 witherspoon systemd[1]: Started Soft power off of the host.
Sep 18 19:00:48 witherspoon systemd[1]: Reached target Host0 (Stopping).
Sep 18 19:00:48 witherspoon systemd[1]: Reached target Host0 (Stopped).
Sep 18 19:00:48 witherspoon systemd[1]: Reached target Power0 Off (Pre).
Sep 18 19:00:48 witherspoon systemd[1]: Started Stop Power0.
Sep 18 19:00:48 witherspoon systemd[1]: Starting Wait for Power0 to turn off...
Sep 18 19:00:51 witherspoon phosphor-ledmanager[966]: Asserting LEDs
Sep 18 19:00:51 witherspoon systemd[1]: Started Assert bmc_booted LED.
Sep 18 19:00:52 witherspoon phosphor-gevent[1113]: ::80e9:5e76:8e91:f402%1995041564 - - [2017-09-18 19:00:52] "POST /login HTTP/1.1" 200 320 0.038718
Sep 18 19:00:52 witherspoon avahi-daemon[960]: Service name conflict for "phosphor_rest" (/services/phosphor_rest.service), retrying with "phosphor_rest #18".
Sep 18 19:00:52 witherspoon avahi-daemon[960]: Service name conflict for "obmc_console" (/services/obmc_console.service), retrying with "obmc_console #18".
Sep 18 19:00:52 witherspoon avahi-daemon[960]: Service name conflict for "sftp" (/services/sftp.service), retrying with "sftp #18".
Sep 18 19:00:53 witherspoon power_control.exe[1184]: Power already at requested state: 0
Sep 18 19:00:54 witherspoon phosphor-gevent[1113]: ::80e9:5e76:8e91:f402%1995041564 - - [2017-09-18 19:00:54] "GET /xyz/openbmc_project/state/chassis0//attr/CurrentPowerState HTTP/1.1" 200 216 2.005480
Sep 18 19:00:54 witherspoon systemd[1]: Started Wait for Power0 to turn off.
Sep 18 19:00:54 witherspoon systemd[1]: Reached target Power0 Off.
Sep 18 19:00:54 witherspoon systemd[1]: Starting Disable VCS on a power off...
Sep 18 19:00:54 witherspoon phosphor-gevent[1113]: ::80e9:5e76:8e91:f402%1995041564 - - [2017-09-18 19:00:54] "POST /login HTTP/1.1" 200 320 0.032562
Sep 18 19:00:55 witherspoon systemd[1]: Started Disable VCS on a power off.
Sep 18 19:00:55 witherspoon systemd[1]: Starting Power off mode bind ir35221 device driver devs...
Sep 18 19:00:55 witherspoon systemd[1]: Started Phosphor Hwmon Poller.
Sep 18 19:00:55 witherspoon systemd[1]: Started Phosphor Hwmon Poller.
Sep 18 19:00:56 witherspoon systemd[1]: Started Phosphor Hwmon Poller.
Sep 18 19:00:56 witherspoon systemd[1]: Started Power off mode bind ir35221 device driver devs.
Sep 18 19:00:56 witherspoon systemd[1]: Started Phosphor Hwmon Poller.
Sep 18 19:00:56 witherspoon systemd[1]: Reached target Chassis0 (Power Off).
Sep 18 19:00:56 witherspoon systemd[1]: Reached target Stop Host0.
Sep 18 19:00:56 witherspoon systemd[1]: Reached target Power0 Host Off.
Sep 18 19:00:56 witherspoon systemd[1]: Startup finished in 10.126s (kernel) + 2min 1.846s (userspace) = 2min 11.973s.
Sep 18 19:00:56 witherspoon phosphor-chassis-state-manager[1182]: Received signal that power OFF is complete
Sep 18 19:00:56 witherspoon phosphor-chassis-state-manager[1182]: Change to Chassis Power State
Sep 18 19:00:56 witherspoon phosphor-host-state-manager[1224]: Received signal that host is off
Sep 18 19:00:56 witherspoon phosphor-host-state-manager[1224]: Change to Host State
Sep 18 19:00:57 witherspoon phosphor-gevent[1113]: ::80e9:5e76:8e91:f402%1995041564 - - [2017-09-18 19:00:57] "GET /xyz/openbmc_project/state/host0//attr/BootProgress HTTP/1.1" 200 234 2.843381
Sep 18 19:00:58 witherspoon phosphor-gevent[1113]: ::80e9:5e76:8e91:f402%1995041564 - - [2017-09-18 19:00:58] "POST /login HTTP/1.1" 200 320 0.032782
Sep 18 19:00:58 witherspoon phosphor-gevent[1113]: ::80e9:5e76:8e91:f402%1995041564 - - [2017-09-18 19:00:58] "GET /xyz/openbmc_project/state/host0//attr/CurrentHostState HTTP/1.1" 200 212 0.332281
Sep 18 19:00:58 witherspoon phosphor-gevent[1113]: ::80e9:5e76:8e91:f402%1995041564 - - [2017-09-18 19:00:58] "POST /login HTTP/1.1" 200 320 0.033083
Sep 18 19:00:59 witherspoon phosphor-gevent[1113]: ::80e9:5e76:8e91:f402%1995041564 - - [2017-09-18 19:00:59] "GET /xyz/openbmc_project/logging/entry//list HTTP/1.1" 200 214 0.328713
Sep 18 19:00:59 witherspoon phosphor-gevent[1113]: ::80e9:5e76:8e91:f402%1995041564 - - [2017-09-18 19:00:59] "POST /login HTTP/1.1" 200 320 0.032626
Sep 18 19:01:00 witherspoon phosphor-gevent[1113]: ::80e9:5e76:8e91:f402%1995041564 - - [2017-09-18 19:01:00] "GET /xyz/openbmc_project/logging/entry//list HTTP/1.1" 200 214 0.389101
Sep 18 19:01:00 witherspoon phosphor-gevent[1113]: ::80e9:5e76:8e91:f402%1995041564 - - [2017-09-18 19:01:00] "POST /login HTTP/1.1" 200 320 0.045647
