[    0.240000] UDP hash table entries: 256 (order: 0, 4096 bytes)
[    0.240000] UDP-Lite hash table entries: 256 (order: 0, 4096 bytes)
[    0.240000] NET: Registered protocol family 1
[    0.240000] Trying to unpack rootfs image as initramfs...
[    1.910000] Freeing initrd memory: 1548K
[    1.910000] workingset: timestamp_bits=30 max_order=17 bucket_order=0
[    1.910000] squashfs: version 4.0 (2009/01/31) Phillip Lougher
[    1.910000] jffs2: version 2.2. (SUMMARY)  Â© 2001-2006 Red Hat, Inc.
[    1.910000] Block layer SCSI generic (bsg) driver version 0.4 loaded (major 250)
[    1.910000] io scheduler noop registered
[    1.910000] io scheduler deadline registered
[    1.910000] io scheduler cfq registered (default)
[    2.060000] ipmi-bt-host 1e789140.ibt: Found bt bmc device
[    2.060000] ipmi-bt-host 1e789140.ibt: Using IRQ 22
[    2.060000] Serial: 8250/16550 driver, 6 ports, IRQ sharing enabled
[    2.060000] 1e787000.vuart: ttyS0 at MMIO 0x1e787000 (irq = 22, base_baud = 1500000) is a 16550A
[    2.060000] 1e783000.serial: ttyS1 at MMIO 0x1e783000 (irq = 23, base_baud = 1500000) is a 16550A
[    2.060000] 1e78d000.serial: ttyS2 at MMIO 0x1e78d000 (irq = 24, base_baud = 1500000) is a 16550A
[    2.060000] 1e784000.serial: ttyS4 at MMIO 0x1e784000 (irq = 25, base_baud = 1500000) is a 16550A
[    2.410000] console [ttyS4] enabled
[    2.600000] timeriomem_rng 1e6e2078.hwrng: 32bits from 0xf00e2078 @ 1us
[    2.610000] random: fast init done
[    2.660000] brd: module loaded
[    2.680000] random: crng init done
[    2.690000] loop: module loaded
[    2.690000] aspeed-lpc-ctrl 1e789080.lpc-ctrl: Loaded at 0x98000000 (0x04000000)
[    2.700000] aspeed-smc 1e620000.flash-controller: Using IRQ 18
[    2.700000] aspeed-smc 1e620000.flash-controller: DMA support disabled.
[    2.720000] aspeed-smc 1e620000.flash-controller: mx25l25635e (32768 Kbytes)
[    2.720000] aspeed-smc 1e620000.flash-controller: CE0 window [ 0x20000000 - 0x22000000 ] 32MB
[    2.720000] aspeed-smc 1e620000.flash-controller: CE1 window [ 0x22000000 - 0x2a000000 ] 128MB
[    2.720000] 5 ofpart partitions found on MTD device bmc
[    2.740000] Creating 5 MTD partitions on "bmc":
[    2.740000] 0x000000000000-0x000000060000 : "u-boot"
[    2.740000] 0x000000060000-0x000000080000 : "u-boot-env"
[    2.740000] 0x000000080000-0x0000004c0000 : "kernel"
[    2.780000] 0x0000004c0000-0x000001c00000 : "rofs"
[    2.790000] 0x000001c00000-0x000002000000 : "rwfs"
[    2.800000] aspeed-smc 1e620000.flash-controller: mx25l25635e (32768 Kbytes)
[    2.810000] aspeed-smc 1e620000.flash-controller: CE1 window [ 0x22000000 - 0x24000000 ] 32MB
[    2.810000] aspeed-smc 1e620000.flash-controller: CE2 window [ 0x24000000 - 0x2c000000 ] 128MB
[    2.830000] aspeed-smc 1e630000.flash-controller: mx66l1g45g (131072 Kbytes)
[    2.840000] aspeed-smc 1e630000.flash-controller: CE0 window resized to 120MB (AST2500 HW quirk)
[    2.840000] aspeed-smc 1e630000.flash-controller: CE0 window [ 0x30000000 - 0x37800000 ] 120MB
[    2.860000] aspeed-smc 1e630000.flash-controller: CE0 window too small for chip 128MB
[    2.860000] aspeed-smc 1e630000.flash-controller: CE1 window [ 0x37800000 - 0x38000000 ] 8MB
[    3.630000] libphy: Fixed MDIO Bus: probed
[    3.630000] ftgmac100 1e660000.ethernet: Read MAC address 70:e2:84:14:23:e1 from chip
[    3.630000] ftgmac100 1e660000.ethernet: Using NCSI interface
[    3.630000] ftgmac100 1e660000.ethernet eth0: irq 20, mapped at f0060000
[    3.630000] ehci_hcd: USB 2.0 'Enhanced' Host Controller (EHCI) Driver
[    3.630000] ehci-platform: EHCI generic platform driver
[    3.840000]  fsi0: can't read slave 00:00 -5
[    3.840000] i2c /dev entries driver
[    3.840000] aspeed-i2c-bus 1e78a0c0.i2c-bus: i2c bus 2 registered, irq 26
[    3.840000] aspeed-i2c-bus 1e78a100.i2c-bus: i2c bus 3 registered, irq 27
[    3.840000] aspeed-i2c-bus 1e78a140.i2c-bus: i2c bus 4 registered, irq 28
[    3.840000] aspeed-i2c-bus 1e78a180.i2c-bus: i2c bus 5 registered, irq 29
[    3.840000] aspeed-i2c-bus 1e78a380.i2c-bus: i2c bus 9 registered, irq 30
[    3.840000] aspeed-i2c-bus 1e78a3c0.i2c-bus: i2c bus 10 registered, irq 31
[    3.840000] rtc-rv8803 11-0032: Voltage low, temperature compensation stopped.
[    3.840000] rtc-rv8803 11-0032: An alarm maybe have been missed.
[    3.950000] rtc-rv8803 11-0032: rtc core: registered rx8900 as rtc0
[    3.960000] at24 11-0051: 8192 byte 24c64 EEPROM, writable, 1 bytes/write
[    3.960000] aspeed-i2c-bus 1e78a400.i2c-bus: i2c bus 11 registered, irq 32
[    3.960000] aspeed-i2c-bus 1e78a440.i2c-bus: i2c bus 12 registered, irq 33
[    3.960000] aspeed-i2c-bus 1e78a480.i2c-bus: i2c bus 13 registered, irq 34
[    3.960000] Driver for 1-wire Dallas network protocol.
[    3.960000] lm75 9-004a: hwmon0: sensor 'tmp275'
[    4.780000] ucd9000 11-0064: Device ID UCD90160|2.3.4.0000|110603
[    5.110000] leds-pca955x 3-0060: leds-pca955x: Using pca9552 16-bit LED driver at slave address 0x60
[    5.120000] leds-pca955x 3-0060: gpios 264...279
[    5.130000] leds-pca955x 11-0060: leds-pca955x: Using pca9552 16-bit LED driver at slave address 0x60
[    5.140000] leds-pca955x 11-0060: gpios 248...263
[    5.150000] usbcore: registered new interface driver usbhid
[    5.150000] usbhid: USB HID core driver
[    5.210000] NET: Registered protocol family 10
[    5.210000] Segment Routing with IPv6
[    5.220000] NET: Registered protocol family 17
[    5.220000] 8021q: 802.1Q VLAN Support v1.8
[    5.230000] input: gpio-keys-polled as /devices/platform/gpio-keys-polled/input/input1
[    5.260000] console [netcon0] enabled
[    5.270000] netconsole: network logging started
[    5.270000] input: gpio-keys as /devices/platform/gpio-keys/input/input2
[    5.280000] rtc-rv8803 11-0032: setting system clock to 2017-08-10 02:40:36 UTC (1502332836)
[    5.290000] Freeing unused kernel memory: 280K
[    5.290000] This architecture does not have kernel memory protection.
[    6.840000] jffs2: notice: (536) jffs2_build_xattr_subsystem: complete building xattr subsystem, 1 of xdatum (0 unchecked, 0 orphan) and 11 of xref (0 dead, 1 orphan) found.
[    8.890000] systemd[1]: Failed to insert module 'autofs4': No such file or directory
[    9.080000] systemd[1]: systemd 232 running in system mode. (+PAM -AUDIT -SELINUX -IMA -APPARMOR -SMACK +SYSVINIT -UTMP -LIBCRYPTSETUP -GCRYPT -GNUTLS +ACL +XZ -LZ4 -SECCOMP +BLKID -ELFUTILS +KMOD -IDN)
[    9.080000] systemd[1]: Detected architecture arm.
[    9.260000] systemd[1]: Set hostname to <witherspoon>.
[   10.840000] systemd[1]: Listening on udev Kernel Socket.
[   10.970000] systemd[1]: Started Forward Password Requests to Wall Directory Watch.
[   11.010000] systemd[1]: Listening on Network Service Netlink Socket.
[   11.050000] systemd[1]: Listening on /dev/initctl Compatibility Named Pipe.
[   11.090000] systemd[1]: Reached target Remote File Systems.
[   11.130000] systemd[1]: Listening on Journal Socket.
[   11.170000] systemd[1]: Started Dispatch Password Requests to Console Directory Watch.
[   13.480000] systemd-journald[554]: Received request to flush runtime journal from PID 1
[   18.550000] ubi7: default fastmap pool size: 100
[   18.550000] ubi7: default fastmap WL pool size: 50
[   18.550000] ubi7: attaching mtd7
[   18.550000] ubi7: scanning is finished
[   18.690000] ubi7: attached mtd7 (name "pnor", size 128 MiB)
[   18.690000] ubi7: PEB size: 65536 bytes (64 KiB), LEB size: 65408 bytes
[   18.690000] ubi7: min./max. I/O unit sizes: 1/256, sub-page size 1
[   18.690000] ubi7: VID header offset: 64 (aligned 64), data offset: 128
[   18.690000] ubi7: good PEBs: 2048, bad PEBs: 0, corrupted PEBs: 0
[   18.690000] ubi7: user volume: 3, internal volumes: 1, max. volumes count: 128
[   18.690000] ubi7: max/mean erase counter: 1/0, WL threshold: 4096, image sequence number: 175615265
[   18.690000] ubi7: available PEBs: 1367, total reserved PEBs: 681, PEBs reserved for bad PEB handling: 0
[   18.690000] ubi7: background thread "ubi_bgt7d" started, PID 961
[   19.470000] UBIFS (ubi7:0): background thread "ubifs_bgt7_0" started, PID 973
[   20.850000] UBIFS (ubi7:0): UBIFS: mounted UBI device 7, volume 0, name "pnor-rw-2b6dcac8"
[   20.850000] UBIFS (ubi7:0): LEB size: 65408 bytes (63 KiB), min./max. I/O unit sizes: 8 bytes/256 bytes
[   20.850000] UBIFS (ubi7:0): FS size: 16155776 bytes (15 MiB, 247 LEBs), journal size 784896 bytes (0 MiB, 12 LEBs)
[   20.850000] UBIFS (ubi7:0): reserved for root: 763076 bytes (745 KiB)
[   20.850000] UBIFS (ubi7:0): media format: w5/r0 (latest is w5/r0), UUID 4DC3803D-713F-4B7D-A8C8-AB287E688744, small LPT model
[   30.050000] ftgmac100 1e660000.ethernet eth0: NCSI interface up
[   40.470000] block ubiblock7_1: created from ubi7:1(pnor-ro-2b6dcac8)
[   40.690000] UBIFS (ubi7:2): background thread "ubifs_bgt7_2" started, PID 1029
[   42.390000] UBIFS (ubi7:2): UBIFS: mounted UBI device 7, volume 2, name "pnor-prsv"
[   42.390000] UBIFS (ubi7:2): LEB size: 65408 bytes (63 KiB), min./max. I/O unit sizes: 8 bytes/256 bytes
[   42.390000] UBIFS (ubi7:2): FS size: 1504384 bytes (1 MiB, 23 LEBs), journal size 523265 bytes (0 MiB, 6 LEBs)
[   42.390000] UBIFS (ubi7:2): reserved for root: 71055 bytes (69 KiB)
[   42.390000] UBIFS (ubi7:2): media format: w5/r0 (latest is w5/r0), UUID 644A5261-6731-4E50-AD57-9F11BF61A256, small LPT model
[   47.530000] UBIFS (ubi7:3): default file-system created
[   47.530000] UBIFS (ubi7:3): UBIFS: mounted UBI device 7, volume 3, name "pnor-patch"
[   47.530000] UBIFS (ubi7:3): LEB size: 65408 bytes (63 KiB), min./max. I/O unit sizes: 8 bytes/256 bytes
[   47.880000] UBIFS (ubi7:3): FS size: 16155776 bytes (15 MiB, 247 LEBs), journal size 784896 bytes (0 MiB, 12 LEBs)
[   47.880000] UBIFS (ubi7:3): reserved for root: 763076 bytes (745 KiB)
[   47.880000] UBIFS (ubi7:3): media format: w5/r0 (latest is w5/r0), UUID 3B37228A-DD07-4120-B8EF-7BE425FC4688, small LPT model
[   47.880000] UBIFS (ubi7:3): background thread "ubifs_bgt7_3" started, PID 1056
[  382.590000] ucd9000 11-0064: Device ID UCD90160|2.3.4.0000|110603
[  390.340000]  fsi0: fsi: found chip c0020d1e at 00:00:00
[  390.340000]  slave@00:00: engine[2]: type 4, version 6, addr c00 size 400
[  390.340000]  slave@00:00: engine[3]: type 5, version 7, addr 1000 size 400
[  390.830000]  slave@00:00: engine[4]: type 6, version 1, addr 1400 size 400
[  390.830000]  slave@00:00: engine[5]: type 7, version 3, addr 1800 size 400
[  391.000000]  slave@00:00: engine[8]: type 22, version 1, addr 2400 size 400
[  391.000000] sbefifo 00:00:00:06: Found sbefifo device
[  391.000000] occ-hwmon occ1-dev0: failed to get OCC poll response: -19
[  391.000000]  slave@00:00: engine[9]: type 20, version 2, addr 2800 size 800
[  391.000000]  slave@00:00: engine[11]: type 1a, version 1, addr 3000 size 400
[  391.000000]  slave@00:00: engine[12]: type 1c, version 1, addr 3400 size 400
[  391.000000] fsi-master-hub 00:00:00:0a: hub version 92010800 (8 links)
[  391.000000]  slave@00:00: engine[14]: type 1b, version 1, addr 40000 size 8000
[  391.000000]  slave@00:00: engine[15]: type 1b, version 1, addr 48000 size 8000
[  391.180000]  slave@00:00: engine[16]: type 1b, version 1, addr 50000 size 8000
[  391.180000]  slave@00:00: engine[17]: type 1b, version 1, addr 58000 size 8000
[  391.180000]  slave@00:00: engine[18]: type 1b, version 1, addr 60000 size 8000
[  391.180000]  slave@00:00: engine[19]: type 1b, version 1, addr 68000 size 8000
[  391.180000]  slave@00:00: engine[20]: type 1b, version 1, addr 70000 size 8000
[  391.180000]  slave@00:00: engine[21]: type 1b, version 1, addr 78000 size 8000
[  393.800000] ucd9000 11-0064: Device ID UCD90160|2.3.4.0000|110603
[  395.410000]  slave@00:00: status: 0xc4000511, sisc: 0x82040000
[  524.440000] ucd9000 11-0064: Device ID UCD90160|2.3.4.0000|110603
[  532.660000]  fsi0: fsi: found chip c0020d1e at 00:00:00
[  532.660000]  slave@00:00: engine[2]: type 4, version 6, addr c00 size 400
[  532.660000]  slave@00:00: engine[3]: type 5, version 7, addr 1000 size 400
[  533.200000]  slave@00:00: engine[4]: type 6, version 1, addr 1400 size 400
[  533.200000]  slave@00:00: engine[5]: type 7, version 3, addr 1800 size 400
[  533.350000]  slave@00:00: engine[8]: type 22, version 1, addr 2400 size 400
[  533.350000] sbefifo 00:00:00:06: Found sbefifo device
[  533.350000] occ-hwmon occ1-dev0: failed to get OCC poll response: -19
[  533.350000]  slave@00:00: engine[9]: type 20, version 2, addr 2800 size 800
[  533.350000]  slave@00:00: engine[11]: type 1a, version 1, addr 3000 size 400
[  533.350000]  slave@00:00: engine[12]: type 1c, version 1, addr 3400 size 400
[  533.350000] fsi-master-hub 00:00:00:0a: hub version 92010800 (8 links)
[  533.350000]  slave@00:00: engine[14]: type 1b, version 1, addr 40000 size 8000
[  533.500000]  slave@00:00: engine[15]: type 1b, version 1, addr 48000 size 8000
[  533.500000]  slave@00:00: engine[16]: type 1b, version 1, addr 50000 size 8000
[  533.500000]  slave@00:00: engine[17]: type 1b, version 1, addr 58000 size 8000
[  533.500000]  slave@00:00: engine[18]: type 1b, version 1, addr 60000 size 8000
[  533.500000]  slave@00:00: engine[19]: type 1b, version 1, addr 68000 size 8000
[  533.500000]  slave@00:00: engine[20]: type 1b, version 1, addr 70000 size 8000
[  533.500000]  slave@00:00: engine[21]: type 1b, version 1, addr 78000 size 8000
[  536.270000] ucd9000 11-0064: Device ID UCD90160|2.3.4.0000|110603
[  537.800000]  slave@00:00: status: 0xc4000511, sisc: 0x82040000
