-- Logs begin at Wed 2017-08-09 16:17:27 UTC, end at Wed 2017-08-09 16:33:46 UTC. --
Aug 09 16:17:27 witherspoon kernel: Booting Linux on physical CPU 0x0
Aug 09 16:17:27 witherspoon kernel: Linux version 4.10.17-baeb50beb784ac5993d2bfb5d06d909971b60506 (jenkins@openbmc-builder1) (gcc version 6.2.0 (GCC) ) #1 Wed Aug 9 13:23:33 UTC 2017
Aug 09 16:17:27 witherspoon kernel: CPU: ARMv6-compatible processor [410fb767] revision 7 (ARMv7), cr=00c5387d
Aug 09 16:17:27 witherspoon kernel: CPU: PIPT / VIPT nonaliasing data cache, VIPT nonaliasing instruction cache
Aug 09 16:17:27 witherspoon kernel: OF: fdt:Machine model: Witherspoon BMC
Aug 09 16:17:27 witherspoon kernel: Memory policy: Data cache writeback
Aug 09 16:17:27 witherspoon kernel: SOC Rev: 04030303
Aug 09 16:17:27 witherspoon kernel: On node 0 totalpages: 110592
Aug 09 16:17:27 witherspoon kernel: free_area_init_node: node 0, pgdat 805ff5f4, node_mem_map 9ec1a000
Aug 09 16:17:27 witherspoon kernel:   Normal zone: 992 pages used for memmap
Aug 09 16:17:27 witherspoon kernel:   Normal zone: 0 pages reserved
Aug 09 16:17:27 witherspoon kernel:   Normal zone: 110592 pages, LIFO batch:31
Aug 09 16:17:27 witherspoon kernel: pcpu-alloc: s0 r0 d32768 u32768 alloc=1*32768
Aug 09 16:17:27 witherspoon kernel: pcpu-alloc: [0] 0 
Aug 09 16:17:27 witherspoon kernel: Built 1 zonelists in Zone order, mobility grouping on.  Total pages: 109600
Aug 09 16:17:27 witherspoon kernel: Kernel command line: console=ttyS4,115200n8 root=/dev/ram rw
Aug 09 16:17:27 witherspoon kernel: PID hash table entries: 2048 (order: 1, 8192 bytes)
Aug 09 16:17:27 witherspoon kernel: Dentry cache hash table entries: 65536 (order: 6, 262144 bytes)
Aug 09 16:17:27 witherspoon kernel: Inode-cache hash table entries: 32768 (order: 5, 131072 bytes)
Aug 09 16:17:27 witherspoon kernel: Memory: 430432K/442368K available (4065K kernel code, 280K rwdata, 1192K rodata, 284K init, 111K bss, 11936K reserved, 0K cma-reserved)
Aug 09 16:17:27 witherspoon kernel: Virtual kernel memory layout:
                                        vector  : 0xffff0000 - 0xffff1000   (   4 kB)
                                        fixmap  : 0xffc00000 - 0xfff00000   (3072 kB)
                                        vmalloc : 0x9f800000 - 0xff800000   (1536 MB)
                                        lowmem  : 0x80000000 - 0x9f000000   ( 496 MB)
                                          .text : 0x80008000 - 0x80400950   (4067 kB)
                                          .init : 0x80585000 - 0x805cc000   ( 284 kB)
                                          .data : 0x805cc000 - 0x80612358   ( 281 kB)
                                           .bss : 0x80612358 - 0x8062e1f8   ( 112 kB)
Aug 09 16:17:27 witherspoon kernel: NR_IRQS:16 nr_irqs:16 16
Aug 09 16:17:27 witherspoon kernel: i2c controller registered, irq 16
Aug 09 16:17:27 witherspoon kernel: clocksource: moxart_timer: mask: 0xffffffff max_cycles: 0xffffffff, max_idle_ns: 77222644334 ns
Aug 09 16:17:27 witherspoon kernel: sched_clock: 32 bits at 100 Hz, resolution 10000000ns, wraps every 21474836475000000ns
Aug 09 16:17:27 witherspoon kernel: Calibrating delay loop... 789.70 BogoMIPS (lpj=3948544)
Aug 09 16:17:27 witherspoon kernel: pid_max: default: 32768 minimum: 301
Aug 09 16:17:27 witherspoon kernel: Mount-cache hash table entries: 1024 (order: 0, 4096 bytes)
Aug 09 16:17:27 witherspoon kernel: Mountpoint-cache hash table entries: 1024 (order: 0, 4096 bytes)
Aug 09 16:17:27 witherspoon kernel: CPU: Testing write buffer coherency: ok
Aug 09 16:17:27 witherspoon kernel: ftrace: allocating 14934 entries in 44 pages
Aug 09 16:17:27 witherspoon kernel: Setting up static identity map for 0x80008200 - 0x8000825c
Aug 09 16:17:27 witherspoon kernel: devtmpfs: initialized
Aug 09 16:17:27 witherspoon kernel: clocksource: jiffies: mask: 0xffffffff max_cycles: 0xffffffff, max_idle_ns: 19112604462750000 ns
Aug 09 16:17:27 witherspoon kernel: futex hash table entries: 256 (order: -1, 3072 bytes)
Aug 09 16:17:27 witherspoon kernel: pinctrl core: initialized pinctrl subsystem
Aug 09 16:17:27 witherspoon kernel: NET: Registered protocol family 16
Aug 09 16:17:27 witherspoon kernel: DMA: preallocated 256 KiB pool for atomic coherent allocations
Aug 09 16:17:27 witherspoon kernel: usbcore: registered new interface driver usbfs
Aug 09 16:17:27 witherspoon kernel: usbcore: registered new interface driver hub
Aug 09 16:17:27 witherspoon kernel: usbcore: registered new device driver usb
Aug 09 16:17:27 witherspoon kernel: clocksource: Switched to clocksource moxart_timer
Aug 09 16:17:27 witherspoon kernel: NET: Registered protocol family 2
Aug 09 16:17:27 witherspoon kernel: TCP established hash table entries: 4096 (order: 2, 16384 bytes)
Aug 09 16:17:27 witherspoon kernel: TCP bind hash table entries: 4096 (order: 2, 16384 bytes)
Aug 09 16:17:27 witherspoon kernel: TCP: Hash tables configured (established 4096 bind 4096)
Aug 09 16:17:27 witherspoon kernel: UDP hash table entries: 256 (order: 0, 4096 bytes)
Aug 09 16:17:27 witherspoon kernel: UDP-Lite hash table entries: 256 (order: 0, 4096 bytes)
Aug 09 16:17:27 witherspoon kernel: NET: Registered protocol family 1
Aug 09 16:17:27 witherspoon kernel: Trying to unpack rootfs image as initramfs...
Aug 09 16:17:27 witherspoon kernel: Freeing initrd memory: 1544K
Aug 09 16:17:27 witherspoon kernel: workingset: timestamp_bits=30 max_order=17 bucket_order=0
Aug 09 16:17:27 witherspoon kernel: squashfs: version 4.0 (2009/01/31) Phillip Lougher
Aug 09 16:17:27 witherspoon kernel: jffs2: version 2.2. (SUMMARY)  © 2001-2006 Red Hat, Inc.
Aug 09 16:17:27 witherspoon kernel: Block layer SCSI generic (bsg) driver version 0.4 loaded (major 250)
Aug 09 16:17:27 witherspoon kernel: io scheduler noop registered
Aug 09 16:17:27 witherspoon kernel: io scheduler deadline registered
Aug 09 16:17:27 witherspoon kernel: io scheduler cfq registered (default)
Aug 09 16:17:27 witherspoon kernel: ipmi-bt-host 1e789140.ibt: Found bt bmc device
Aug 09 16:17:27 witherspoon kernel: ipmi-bt-host 1e789140.ibt: Using IRQ 22
Aug 09 16:17:27 witherspoon kernel: Serial: 8250/16550 driver, 6 ports, IRQ sharing enabled
Aug 09 16:17:27 witherspoon kernel: 1e787000.vuart: ttyS0 at MMIO 0x1e787000 (irq = 22, base_baud = 1500000) is a 16550A
Aug 09 16:17:27 witherspoon kernel: 1e783000.serial: ttyS1 at MMIO 0x1e783000 (irq = 23, base_baud = 1500000) is a 16550A
Aug 09 16:17:27 witherspoon kernel: 1e78d000.serial: ttyS2 at MMIO 0x1e78d000 (irq = 24, base_baud = 1500000) is a 16550A
Aug 09 16:17:27 witherspoon kernel: 1e784000.serial: ttyS4 at MMIO 0x1e784000 (irq = 25, base_baud = 1500000) is a 16550A
Aug 09 16:17:27 witherspoon kernel: console [ttyS4] enabled
Aug 09 16:17:27 witherspoon kernel: timeriomem_rng 1e6e2078.hwrng: 32bits from 0xf00e2078 @ 1us
Aug 09 16:17:27 witherspoon kernel: random: fast init done
Aug 09 16:17:27 witherspoon kernel: random: crng init done
Aug 09 16:17:27 witherspoon kernel: brd: module loaded
Aug 09 16:17:27 witherspoon kernel: loop: module loaded
Aug 09 16:17:27 witherspoon kernel: aspeed-lpc-ctrl 1e789080.lpc-ctrl: Loaded at 0x98000000 (0x04000000)
Aug 09 16:17:27 witherspoon kernel: aspeed-smc 1e620000.flash-controller: Using IRQ 18
Aug 09 16:17:27 witherspoon kernel: aspeed-smc 1e620000.flash-controller: DMA support disabled.
Aug 09 16:17:27 witherspoon kernel: aspeed-smc 1e620000.flash-controller: mx25l25635e (32768 Kbytes)
Aug 09 16:17:27 witherspoon kernel: aspeed-smc 1e620000.flash-controller: CE0 window [ 0x20000000 - 0x22000000 ] 32MB
Aug 09 16:17:27 witherspoon kernel: aspeed-smc 1e620000.flash-controller: CE1 window [ 0x22000000 - 0x2a000000 ] 128MB
Aug 09 16:17:27 witherspoon kernel: 5 ofpart partitions found on MTD device bmc
Aug 09 16:17:27 witherspoon kernel: Creating 5 MTD partitions on "bmc":
Aug 09 16:17:27 witherspoon kernel: 0x000000000000-0x000000060000 : "u-boot"
Aug 09 16:17:27 witherspoon kernel: 0x000000060000-0x000000080000 : "u-boot-env"
Aug 09 16:17:27 witherspoon kernel: 0x000000080000-0x0000004c0000 : "kernel"
Aug 09 16:17:27 witherspoon kernel: 0x0000004c0000-0x000001c00000 : "rofs"
Aug 09 16:17:27 witherspoon kernel: 0x000001c00000-0x000002000000 : "rwfs"
Aug 09 16:17:27 witherspoon kernel: aspeed-smc 1e620000.flash-controller: mx25l25635e (32768 Kbytes)
Aug 09 16:17:27 witherspoon kernel: aspeed-smc 1e620000.flash-controller: CE1 window [ 0x22000000 - 0x24000000 ] 32MB
Aug 09 16:17:27 witherspoon kernel: aspeed-smc 1e620000.flash-controller: CE2 window [ 0x24000000 - 0x2c000000 ] 128MB
Aug 09 16:17:27 witherspoon kernel: aspeed-smc 1e630000.flash-controller: mx66l1g45g (131072 Kbytes)
Aug 09 16:17:27 witherspoon kernel: aspeed-smc 1e630000.flash-controller: CE0 window resized to 120MB (AST2500 HW quirk)
Aug 09 16:17:27 witherspoon kernel: aspeed-smc 1e630000.flash-controller: CE0 window [ 0x30000000 - 0x37800000 ] 120MB
Aug 09 16:17:27 witherspoon kernel: aspeed-smc 1e630000.flash-controller: CE0 window too small for chip 128MB
Aug 09 16:17:27 witherspoon kernel: aspeed-smc 1e630000.flash-controller: CE1 window [ 0x37800000 - 0x38000000 ] 8MB
Aug 09 16:17:27 witherspoon kernel: libphy: Fixed MDIO Bus: probed
Aug 09 16:17:27 witherspoon kernel: ftgmac100 1e660000.ethernet: Read MAC address 70:e2:84:14:23:e1 from chip
Aug 09 16:17:27 witherspoon kernel: ftgmac100 1e660000.ethernet: Using NCSI interface
Aug 09 16:17:27 witherspoon kernel: ftgmac100 1e660000.ethernet eth0: irq 20, mapped at f0060000
Aug 09 16:17:27 witherspoon kernel: ehci_hcd: USB 2.0 'Enhanced' Host Controller (EHCI) Driver
Aug 09 16:17:27 witherspoon kernel: ehci-platform: EHCI generic platform driver
Aug 09 16:17:27 witherspoon kernel:  fsi0: can't read slave 00:00 -5
Aug 09 16:17:27 witherspoon kernel: i2c /dev entries driver
Aug 09 16:17:27 witherspoon kernel: aspeed-i2c-bus 1e78a0c0.i2c-bus: i2c bus 2 registered, irq 26
Aug 09 16:17:27 witherspoon kernel: aspeed-i2c-bus 1e78a100.i2c-bus: i2c bus 3 registered, irq 27
Aug 09 16:17:27 witherspoon kernel: aspeed-i2c-bus 1e78a140.i2c-bus: i2c bus 4 registered, irq 28
Aug 09 16:17:27 witherspoon kernel: aspeed-i2c-bus 1e78a180.i2c-bus: i2c bus 5 registered, irq 29
Aug 09 16:17:27 witherspoon kernel: aspeed-i2c-bus 1e78a380.i2c-bus: i2c bus 9 registered, irq 30
Aug 09 16:17:27 witherspoon kernel: aspeed-i2c-bus 1e78a3c0.i2c-bus: i2c bus 10 registered, irq 31
Aug 09 16:17:27 witherspoon kernel: rtc-rv8803 11-0032: Voltage low, temperature compensation stopped.
Aug 09 16:17:27 witherspoon kernel: rtc-rv8803 11-0032: An alarm maybe have been missed.
Aug 09 16:17:27 witherspoon kernel: rtc-rv8803 11-0032: rtc core: registered rx8900 as rtc0
Aug 09 16:17:27 witherspoon kernel: at24 11-0051: 8192 byte 24c64 EEPROM, writable, 1 bytes/write
Aug 09 16:17:27 witherspoon kernel: aspeed-i2c-bus 1e78a400.i2c-bus: i2c bus 11 registered, irq 32
Aug 09 16:17:27 witherspoon kernel: aspeed-i2c-bus 1e78a440.i2c-bus: i2c bus 12 registered, irq 33
Aug 09 16:17:27 witherspoon kernel: aspeed-i2c-bus 1e78a480.i2c-bus: i2c bus 13 registered, irq 34
Aug 09 16:17:27 witherspoon kernel: Driver for 1-wire Dallas network protocol.
Aug 09 16:17:27 witherspoon kernel: lm75 9-004a: hwmon0: sensor 'tmp275'
Aug 09 16:17:27 witherspoon kernel: ucd9000 11-0064: Device ID UCD90160|2.3.4.0000|110603
Aug 09 16:17:27 witherspoon kernel: leds-pca955x 3-0060: leds-pca955x: Using pca9552 16-bit LED driver at slave address 0x60
Aug 09 16:17:27 witherspoon kernel: leds-pca955x 3-0060: gpios 264...279
Aug 09 16:17:27 witherspoon kernel: leds-pca955x 11-0060: leds-pca955x: Using pca9552 16-bit LED driver at slave address 0x60
Aug 09 16:17:27 witherspoon kernel: leds-pca955x 11-0060: gpios 248...263
Aug 09 16:17:27 witherspoon kernel: usbcore: registered new interface driver usbhid
Aug 09 16:17:27 witherspoon kernel: usbhid: USB HID core driver
Aug 09 16:17:27 witherspoon kernel: NET: Registered protocol family 10
Aug 09 16:17:27 witherspoon kernel: Segment Routing with IPv6
Aug 09 16:17:27 witherspoon kernel: NET: Registered protocol family 17
Aug 09 16:17:27 witherspoon kernel: 8021q: 802.1Q VLAN Support v1.8
Aug 09 16:17:27 witherspoon kernel: console [netcon0] enabled
Aug 09 16:17:27 witherspoon kernel: netconsole: network logging started
Aug 09 16:17:27 witherspoon kernel: input: gpio-keys as /devices/platform/gpio-keys/input/input0
Aug 09 16:17:27 witherspoon kernel: rtc-rv8803 11-0032: setting system clock to 2017-08-09 16:17:19 UTC (1502295439)
Aug 09 16:17:27 witherspoon kernel: Freeing unused kernel memory: 284K
Aug 09 16:17:27 witherspoon kernel: This architecture does not have kernel memory protection.
Aug 09 16:17:27 witherspoon kernel: jffs2: notice: (531) jffs2_build_xattr_subsystem: complete building xattr subsystem, 1 of xdatum (0 unchecked, 0 orphan) and 13 of xref (0 dead, 3 orphan) found.
Aug 09 16:17:27 witherspoon systemd[1]: Failed to insert module 'autofs4': No such file or directory
Aug 09 16:17:27 witherspoon systemd[1]: systemd 232 running in system mode. (+PAM -AUDIT -SELINUX -IMA -APPARMOR -SMACK +SYSVINIT -UTMP -LIBCRYPTSETUP -GCRYPT -GNUTLS +ACL +XZ -LZ4 -SECCOMP +BLKID -ELFUTILS +KMOD -IDN)
Aug 09 16:17:27 witherspoon systemd[1]: Detected architecture arm.
Aug 09 16:17:27 witherspoon systemd[1]: Set hostname to <witherspoon>.
Aug 09 16:17:27 witherspoon systemd[1]: Started Dispatch Password Requests to Console Directory Watch.
Aug 09 16:17:27 witherspoon systemd[1]: Reached target Remote File Systems.
Aug 09 16:17:27 witherspoon systemd[1]: Reached target Swap.
Aug 09 16:17:27 witherspoon systemd[1]: Listening on udev Kernel Socket.
Aug 09 16:17:27 witherspoon systemd[1]: Listening on Syslog Socket.
Aug 09 16:17:27 witherspoon systemd[1]: Listening on Journal Socket (/dev/log).
Aug 09 16:17:27 witherspoon systemd[1]: Listening on /dev/initctl Compatibility Named Pipe.
Aug 09 16:17:27 witherspoon systemd-journald[662]: Journal started
Aug 09 16:17:27 witherspoon systemd-journald[662]: Runtime journal (/run/log/journal/cc6e1404d87444e8a089dfdb00a18f7d) is 0B, max 0B, 0B free.
Aug 09 16:17:27 witherspoon systemd-sysctl[661]: Couldn't write '16' to 'kernel/sysrq', ignoring: No such file or directory
Aug 09 16:17:27 witherspoon systemd-sysctl[661]: Couldn't write 'fq_codel' to 'net/core/default_qdisc', ignoring: No such file or directory
Aug 09 16:17:27 witherspoon systemd[1]: Starting Flush Journal to Persistent Storage...
Aug 09 16:17:27 witherspoon systemd[1]: Started Create Static Device Nodes in /dev.
Aug 09 16:17:27 witherspoon systemd-journald[662]: Runtime journal (/run/log/journal/cc6e1404d87444e8a089dfdb00a18f7d) is 0B, max 0B, 0B free.
Aug 09 16:17:27 witherspoon systemd[1]: Reached target Local File Systems (Pre).
Aug 09 16:17:28 witherspoon systemd[1]: Mounting /var/volatile...
Aug 09 16:17:28 witherspoon systemd[1]: Starting udev Kernel Device Manager...
Aug 09 16:17:28 witherspoon systemd[1]: Started Flush Journal to Persistent Storage.
Aug 09 16:17:28 witherspoon systemd[1]: Mounted /var/volatile.
Aug 09 16:17:28 witherspoon systemd[1]: Starting Load/Save Random Seed...
Aug 09 16:17:28 witherspoon systemd[1]: Reached target Local File Systems.
Aug 09 16:17:28 witherspoon systemd[1]: Starting Create Volatile Files and Directories...
Aug 09 16:17:28 witherspoon systemd[1]: Starting Rebuild Journal Catalog...
Aug 09 16:17:28 witherspoon systemd[1]: Started Load/Save Random Seed.
Aug 09 16:17:28 witherspoon systemd[1]: Started Rebuild Journal Catalog.
Aug 09 16:17:28 witherspoon systemd[1]: Starting Update is Completed...
Aug 09 16:17:29 witherspoon systemd[1]: Started udev Kernel Device Manager.
Aug 09 16:17:29 witherspoon systemd[1]: Started udev Coldplug all Devices.
Aug 09 16:17:29 witherspoon systemd-tmpfiles[675]: "/var/tmp" already exists and is not a directory.
Aug 09 16:17:29 witherspoon systemd[1]: Started Update is Completed.
Aug 09 16:17:29 witherspoon systemd-tmpfiles[675]: "/var/log" already exists and is not a directory.
Aug 09 16:17:29 witherspoon systemd[1]: Started Create Volatile Files and Directories.
Aug 09 16:17:29 witherspoon systemd[1]: Starting Network Time Synchronization...
Aug 09 16:17:30 witherspoon systemd[1]: dev-hugepages.mount: Couldn't determine result for ConditionVirtualization=!private-users, assuming failed: No such file or directory
Aug 09 16:17:30 witherspoon systemd[1]: Created slice system-xyz.openbmc_project.Hwmon.slice.
Aug 09 16:17:31 witherspoon systemd[1]: Found device /dev/aspeed-lpc-ctrl.
Aug 09 16:17:31 witherspoon systemd[1]: Started Network Time Synchronization.
Aug 09 16:17:31 witherspoon systemd[1]: Found device /dev/aspeed-mbox.
Aug 09 16:17:31 witherspoon systemd[1]: Found device /dev/ttyS4.
Aug 09 16:17:31 witherspoon systemd[1]: Found device /dev/ttyVUART0.
Aug 09 16:17:32 witherspoon systemd[1]: Created slice system-xyz.openbmc_project.led.controller.slice.
Aug 09 16:17:32 witherspoon systemd[1]: dev-hugepages.mount: Couldn't determine result for ConditionVirtualization=!private-users, assuming failed: No such file or directory
Aug 09 16:17:32 witherspoon systemd[1]: Reached target System Time Synchronized.
Aug 09 16:17:32 witherspoon systemd[1]: Reached target System Initialization.
Aug 09 16:17:32 witherspoon systemd[1]: Listening on Avahi mDNS/DNS-SD Stack Activation Socket.
Aug 09 16:17:32 witherspoon systemd[1]: Listening on phosphor-ipmi-net.socket.
Aug 09 16:17:32 witherspoon systemd[1]: Listening on D-Bus System Message Bus Socket.
Aug 09 16:17:32 witherspoon systemd[1]: Started Daily Cleanup of Temporary Directories.
Aug 09 16:17:32 witherspoon systemd[1]: Reached target Timers.
Aug 09 16:17:32 witherspoon systemd[1]: Listening on Phosphor Webserver socket.
Aug 09 16:17:32 witherspoon systemd[1]: Listening on dropbear.socket.
Aug 09 16:17:32 witherspoon systemd[1]: Listening on Phosphor DBUS Browser socket.
Aug 09 16:17:32 witherspoon systemd[1]: Listening on Phosphor Host Console SSH Per-Connection socket.
Aug 09 16:17:32 witherspoon systemd[1]: Reached target Sockets.
Aug 09 16:17:32 witherspoon systemd[1]: Reached target Basic System.
Aug 09 16:17:32 witherspoon systemd[1]: Starting Phosphor Chassis0 Control...
Aug 09 16:17:33 witherspoon systemd[1]: Started Phosphor Console Muxer listening on device /dev/ttyVUART0.
Aug 09 16:17:33 witherspoon systemd[1]: Starting Phosphor Inventory Manager...
Aug 09 16:17:33 witherspoon systemd[1]: Starting Phosphor BMC0 Control...
Aug 09 16:17:33 witherspoon systemd[1]: Started Phosphor sysfs LED controller.
Aug 09 16:17:33 witherspoon systemd[1]: Starting Phosphor LED Group Management Daemon...
Aug 09 16:17:33 witherspoon systemd[1]: Started Phosphor sysfs LED controller.
Aug 09 16:17:33 witherspoon systemd[1]: Started Phosphor sysfs LED controller.
Aug 09 16:17:33 witherspoon systemd[1]: Started Phosphor sysfs LED controller.
Aug 09 16:17:33 witherspoon systemd[1]: Started Phosphor sysfs LED controller.
Aug 09 16:17:33 witherspoon systemd[1]: Starting Phosphor Dump Manager...
Aug 09 16:17:33 witherspoon systemd[1]: Started D-Bus System Message Bus.
Aug 09 16:17:37 witherspoon systemd[1]: Started Phosphor Inventory Manager.
Aug 09 16:17:37 witherspoon systemd[1]: Started Phosphor LED Group Management Daemon.
Aug 09 16:17:37 witherspoon systemd[1]: Starting Network Service...
Aug 09 16:17:37 witherspoon systemd[1]: Started Phosphor sysfs LED controller.
Aug 09 16:17:37 witherspoon systemd[1]: Started System Logging Service.
Aug 09 16:17:37 witherspoon systemd[1]: Starting Phosphor Settings Daemon...
Aug 09 16:17:37 witherspoon systemd[1]: Started Phosphor sysfs LED controller.
Aug 09 16:17:37 witherspoon systemd[1]: Starting Phosphor Network Manager...
Aug 09 16:17:37 witherspoon systemd[1]: Starting Phosphor IPMI BT DBus Bridge...
Aug 09 16:17:38 witherspoon systemd[1]: Starting Phosphor DBus Service Discovery Manager...
Aug 09 16:17:38 witherspoon systemd[1]: Starting Phosphor User Manager...
Aug 09 16:17:38 witherspoon systemd[1]: Starting Remount the squashfs and ubi volumes after a reboot...
Aug 09 16:17:38 witherspoon systemd[1]: Starting Phosphor Inventory Manager...
Aug 09 16:17:38 witherspoon systemd[1]: Started Phosphor sysfs LED controller.
Aug 09 16:17:38 witherspoon systemd-networkd[950]: Enumeration completed
Aug 09 16:17:38 witherspoon systemd[1]: Starting Phosphor Log Manager...
Aug 09 16:17:38 witherspoon systemd[1]: Starting Phosphor Download Manager...
Aug 09 16:17:38 witherspoon systemd[1]: Reached target Containers.
Aug 09 16:17:38 witherspoon systemd[1]: Started Phosphor Dump core monitor..
Aug 09 16:17:38 witherspoon systemd[1]: Started Hardware RNG Entropy Gatherer Daemon.
Aug 09 16:17:38 witherspoon systemd-networkd[950]: eth0: IPv6 enabled for interface: Success
Aug 09 16:17:38 witherspoon systemd[1]: Starting Phosphor Sensor Manager...
Aug 09 16:17:38 witherspoon systemd[1]: Started Kernel Logging Service.
Aug 09 16:17:38 witherspoon systemd[1]: Starting Clear one time boot overrides...
Aug 09 16:17:39 witherspoon kernel[967]: klogd started: BusyBox v1.24.1 (2017-06-16 19:29:08 UTC)
Aug 09 16:17:38 witherspoon systemd[1]: Started Phosphor sysfs LED controller.
Aug 09 16:17:39 witherspoon kernel[967]: [    0.000000] Booting Linux on physical CPU 0x0
Aug 09 16:17:38 witherspoon systemd-networkd[950]: eth0: Gained carrier
Aug 09 16:17:39 witherspoon kernel[967]: [    0.000000] Linux version 4.10.17-baeb50beb784ac5993d2bfb5d06d909971b60506 (jenkins@openbmc-builder1) (gcc version 6.2.0 (GCC) ) #1 Wed Aug 9 13:23:33 UTC 2017
Aug 09 16:17:38 witherspoon systemd[1]: Starting Phosphor Download Manager...
Aug 09 16:17:39 witherspoon kernel[967]: [    0.000000] CPU: ARMv6-compatible processor [410fb767] revision 7 (ARMv7), cr=00c5387d
Aug 09 16:17:39 witherspoon systemd[1]: Started Phosphor sysfs LED controller.
Aug 09 16:17:39 witherspoon kernel[967]: [    0.000000] CPU: PIPT / VIPT nonaliasing data cache, VIPT nonaliasing instruction cache
Aug 09 16:17:39 witherspoon systemd[1]: Starting OpenBMC Software Update Manager...
Aug 09 16:17:39 witherspoon kernel[967]: [    0.000000] OF: fdt:Machine model: Witherspoon BMC
Aug 09 16:17:39 witherspoon systemd[1]: Starting Avahi mDNS/DNS-SD Stack...
Aug 09 16:17:39 witherspoon kernel[967]: [    0.000000] Memory policy: Data cache writeback
Aug 09 16:17:39 witherspoon systemd[1]: Started Network Service.
Aug 09 16:17:39 witherspoon kernel[967]: [    0.000000] SOC Rev: 04030303
Aug 09 16:17:39 witherspoon systemd-timesyncd[923]: Network configuration changed, trying to establish connection.
Aug 09 16:17:39 witherspoon kernel[967]: [    0.000000] On node 0 totalpages: 110592
Aug 09 16:17:42 witherspoon kernel: ubi7: default fastmap pool size: 100
Aug 09 16:17:42 witherspoon kernel: ubi7: default fastmap WL pool size: 50
Aug 09 16:17:42 witherspoon kernel: ubi7: attaching mtd7
Aug 09 16:17:42 witherspoon kernel: ubi7: scanning is finished
Aug 09 16:17:42 witherspoon kernel: ubi7: attached mtd7 (name "pnor", size 128 MiB)
Aug 09 16:17:42 witherspoon kernel: ubi7: PEB size: 65536 bytes (64 KiB), LEB size: 65408 bytes
Aug 09 16:17:42 witherspoon kernel: ubi7: min./max. I/O unit sizes: 1/256, sub-page size 1
Aug 09 16:17:42 witherspoon kernel: ubi7: VID header offset: 64 (aligned 64), data offset: 128
Aug 09 16:17:42 witherspoon kernel: ubi7: good PEBs: 2048, bad PEBs: 0, corrupted PEBs: 0
Aug 09 16:17:42 witherspoon kernel: ubi7: user volume: 4, internal volumes: 1, max. volumes count: 128
Aug 09 16:17:42 witherspoon kernel: ubi7: max/mean erase counter: 1/0, WL threshold: 4096, image sequence number: 1613407033
Aug 09 16:17:42 witherspoon kernel: ubi7: available PEBs: 1110, total reserved PEBs: 938, PEBs reserved for bad PEB handling: 0
Aug 09 16:17:42 witherspoon kernel: ubi7: background thread "ubi_bgt7d" started, PID 992
Aug 09 16:17:42 witherspoon kernel: ftgmac100 1e660000.ethernet eth0: NCSI interface up
Aug 09 16:17:39 witherspoon systemd[1]: Started Phosphor BMC0 Control.
Aug 09 16:17:39 witherspoon kernel[967]: [    0.000000] free_area_init_node: node 0, pgdat 805ff5f4, node_mem_map 9ec1a000
Aug 09 16:17:39 witherspoon systemd[1]: Started Phosphor Settings Daemon.
Aug 09 16:17:39 witherspoon kernel[967]: [    0.000000]   Normal zone: 992 pages used for memmap
Aug 09 16:17:39 witherspoon systemd[1]: Started Phosphor IPMI BT DBus Bridge.
Aug 09 16:17:39 witherspoon kernel[967]: [    0.000000]   Normal zone: 0 pages reserved
Aug 09 16:17:39 witherspoon systemd[1]: Reached target Network.
Aug 09 16:17:39 witherspoon kernel[967]: [    0.000000]   Normal zone: 110592 pages, LIFO batch:31
Aug 09 16:17:39 witherspoon systemd[1]: Started Lightweight SLP Server.
Aug 09 16:17:39 witherspoon kernel[967]: [    0.000000] pcpu-alloc: s0 r0 d32768 u32768 alloc=1*32768
Aug 09 16:17:39 witherspoon systemd[1]: Starting Permit User Sessions...
Aug 09 16:17:39 witherspoon kernel[967]: [    0.000000] pcpu-alloc: [0] 0
Aug 09 16:17:40 witherspoon systemd[1]: Started Clear one time boot overrides.
Aug 09 16:17:39 witherspoon kernel[967]: [    0.000000] Built 1 zonelists in Zone order, mobility grouping on.  Total pages: 109600
Aug 09 16:17:40 witherspoon systemd[1]: Started Permit User Sessions.
Aug 09 16:17:39 witherspoon kernel[967]: [    0.000000] Kernel command line: console=ttyS4,115200n8 root=/dev/ram rw
Aug 09 16:17:43 witherspoon kernel: UBIFS (ubi7:0): UBIFS: mounted UBI device 7, volume 0, name "pnor-rw-136cf504"
Aug 09 16:17:43 witherspoon kernel: UBIFS (ubi7:0): LEB size: 65408 bytes (63 KiB), min./max. I/O unit sizes: 8 bytes/256 bytes
Aug 09 16:17:43 witherspoon kernel: UBIFS (ubi7:0): FS size: 16155776 bytes (15 MiB, 247 LEBs), journal size 784896 bytes (0 MiB, 12 LEBs)
Aug 09 16:17:43 witherspoon kernel: UBIFS (ubi7:0): reserved for root: 763076 bytes (745 KiB)
Aug 09 16:17:43 witherspoon kernel: UBIFS (ubi7:0): media format: w5/r0 (latest is w5/r0), UUID FD59E80D-F7C1-4E3D-BA65-47A452939965, small LPT model
Aug 09 16:17:43 witherspoon kernel: UBIFS (ubi7:0): background thread "ubifs_bgt7_0" started, PID 1003
Aug 09 16:17:40 witherspoon systemd[1]: Started Serial Getty on ttyS4.
Aug 09 16:17:39 witherspoon kernel[967]: [    0.000000] PID hash table entries: 2048 (order: 1, 8192 bytes)
Aug 09 16:17:40 witherspoon systemd[1]: Reached target Login Prompts.
Aug 09 16:17:39 witherspoon kernel[967]: [    0.000000] Dentry cache hash table entries: 65536 (order: 6, 262144 bytes)
Aug 09 16:17:40 witherspoon systemd-networkd[950]: eth0: Gained IPv6LL
Aug 09 16:17:43 witherspoon obmc-flash-bios[959]: UBI device number 7, total 2048 LEBs (133955584 bytes, 127.8 MiB), available 1110 LEBs (72602880 bytes, 69.2 MiB), LEB size 65408 bytes (63.9 KiB)
Aug 09 16:17:39 witherspoon kernel[967]: [    0.000000] Inode-cache hash table entries: 32768 (order: 5, 131072 bytes)
Aug 09 16:17:40 witherspoon systemd[1]: Started OpenBMC Software Update Manager.
Aug 09 16:17:39 witherspoon kernel[967]: [    0.000000] Memory: 430432K/442368K available (4065K kernel code, 280K rwdata, 1192K rodata, 284K init, 111K bss, 11936K reserved, 0K cma-reserved)
Aug 09 16:17:41 witherspoon systemd[1]: Started Phosphor Download Manager.
Aug 09 16:17:39 witherspoon kernel[967]: [    0.000000] Virtual kernel memory layout:
Aug 09 16:17:41 witherspoon systemd[1]: Started Phosphor Dump Manager.
Aug 09 16:17:39 witherspoon kernel[967]: [    0.000000]     vector  : 0xffff0000 - 0xffff1000   (   4 kB)
Aug 09 16:17:41 witherspoon systemd[1]: Started Phosphor Log Manager.
Aug 09 16:17:39 witherspoon kernel[967]: [    0.000000]     fixmap  : 0xffc00000 - 0xfff00000   (3072 kB)
Aug 09 16:17:41 witherspoon systemd[1]: Started Avahi mDNS/DNS-SD Stack.
Aug 09 16:17:39 witherspoon kernel[967]: [    0.000000]     vmalloc : 0x9f800000 - 0xff800000   (1536 MB)
Aug 09 16:17:39 witherspoon kernel[967]: [    0.000000]     lowmem  : 0x80000000 - 0x9f000000   ( 496 MB)
Aug 09 16:17:39 witherspoon kernel[967]: [    0.000000]       .text : 0x80008000 - 0x80400950   (4067 kB)
Aug 09 16:17:39 witherspoon kernel[967]: [    0.000000]       .init : 0x80585000 - 0x805cc000   ( 284 kB)
Aug 09 16:17:39 witherspoon kernel[967]: [    0.000000]       .data : 0x805cc000 - 0x80612358   ( 281 kB)
Aug 09 16:17:39 witherspoon kernel[967]: [    0.000000]        .bss : 0x80612358 - 0x8062e1f8   ( 112 kB)
Aug 09 16:17:39 witherspoon kernel[967]: [    0.000000] NR_IRQS:16 nr_irqs:16 16
Aug 09 16:17:39 witherspoon kernel[967]: [    0.000000] i2c controller registered, irq 16
Aug 09 16:17:39 witherspoon kernel[967]: [    0.000000] clocksource: moxart_timer: mask: 0xffffffff max_cycles: 0xffffffff, max_idle_ns: 77222644334 ns
Aug 09 16:17:39 witherspoon kernel[967]: [    0.000000] sched_clock: 32 bits at 100 Hz, resolution 10000000ns, wraps every 21474836475000000ns
Aug 09 16:17:39 witherspoon kernel[967]: [    0.090000] Calibrating delay loop... 789.70 BogoMIPS (lpj=3948544)
Aug 09 16:17:39 witherspoon kernel[967]: [    0.090000] pid_max: default: 32768 minimum: 301
Aug 09 16:17:39 witherspoon kernel[967]: [    0.090000] Mount-cache hash table entries: 1024 (order: 0, 4096 bytes)
Aug 09 16:17:39 witherspoon kernel[967]: [    0.090000] Mountpoint-cache hash table entries: 1024 (order: 0, 4096 bytes)
Aug 09 16:17:39 witherspoon kernel[967]: [    0.090000] CPU: Testing write buffer coherency: ok
Aug 09 16:17:39 witherspoon kernel[967]: [    0.090000] ftrace: allocating 14934 entries in 44 pages
Aug 09 16:17:39 witherspoon kernel[967]: [    0.120000] Setting up static identity map for 0x80008200 - 0x8000825c
Aug 09 16:17:39 witherspoon kernel[967]: [    0.120000] devtmpfs: initialized
Aug 09 16:17:39 witherspoon kernel[967]: [    0.150000] clocksource: jiffies: mask: 0xffffffff max_cycles: 0xffffffff, max_idle_ns: 19112604462750000 ns
Aug 09 16:17:39 witherspoon kernel[967]: [    0.150000] futex hash table entries: 256 (order: -1, 3072 bytes)
Aug 09 16:17:39 witherspoon kernel[967]: [    0.150000] pinctrl core: initialized pinctrl subsystem
Aug 09 16:17:39 witherspoon kernel[967]: [    0.150000] NET: Registered protocol family 16
Aug 09 16:17:39 witherspoon kernel[967]: [    0.150000] DMA: preallocated 256 KiB pool for atomic coherent allocations
Aug 09 16:17:39 witherspoon kernel[967]: [    0.220000] usbcore: registered new interface driver usbfs
Aug 09 16:17:39 witherspoon kernel[967]: [    0.220000] usbcore: registered new interface driver hub
Aug 09 16:17:39 witherspoon kernel[967]: [    0.220000] usbcore: registered new device driver usb
Aug 09 16:17:39 witherspoon kernel[967]: [    0.220000] clocksource: Switched to clocksource moxart_timer
Aug 09 16:17:39 witherspoon kernel[967]: [    0.230000] NET: Registered protocol family 2
Aug 09 16:17:39 witherspoon kernel[967]: [    0.230000] TCP established hash table entries: 4096 (order: 2, 16384 bytes)
Aug 09 16:17:39 witherspoon kernel[967]: [    0.230000] TCP bind hash table entries: 4096 (order: 2, 16384 bytes)
Aug 09 16:17:39 witherspoon kernel[967]: [    0.230000] TCP: Hash tables configured (established 4096 bind 4096)
Aug 09 16:17:39 witherspoon kernel[967]: [    0.230000] UDP hash table entries: 256 (order: 0, 4096 bytes)
Aug 09 16:17:39 witherspoon kernel[967]: [    0.230000] UDP-Lite hash table entries: 256 (order: 0, 4096 bytes)
Aug 09 16:17:39 witherspoon kernel[967]: [    0.230000] NET: Registered protocol family 1
Aug 09 16:17:39 witherspoon kernel[967]: [    0.230000] Trying to unpack rootfs image as initramfs...
Aug 09 16:17:39 witherspoon kernel[967]: [    1.910000] Freeing initrd memory: 1544K
Aug 09 16:17:39 witherspoon kernel[967]: [    1.910000] workingset: timestamp_bits=30 max_order=17 bucket_order=0
Aug 09 16:17:39 witherspoon kernel[967]: [    1.910000] squashfs: version 4.0 (2009/01/31) Phillip Lougher
Aug 09 16:17:39 witherspoon kernel[967]: [    1.910000] jffs2: version 2.2. (SUMMARY)  © 2001-2006 Red Hat, Inc.
Aug 09 16:17:39 witherspoon kernel[967]: [    1.910000] Block layer SCSI generic (bsg) driver version 0.4 loaded (major 250)
Aug 09 16:17:39 witherspoon kernel[967]: [    1.910000] io scheduler noop registered
Aug 09 16:17:39 witherspoon kernel[967]: [    1.910000] io scheduler deadline registered
Aug 09 16:17:39 witherspoon kernel[967]: [    1.910000] io scheduler cfq registered (default)
Aug 09 16:17:39 witherspoon kernel[967]: [    2.060000] ipmi-bt-host 1e789140.ibt: Found bt bmc device
Aug 09 16:17:39 witherspoon kernel[967]: [    2.060000] ipmi-bt-host 1e789140.ibt: Using IRQ 22
Aug 09 16:17:39 witherspoon kernel[967]: [    2.060000] Serial: 8250/16550 driver, 6 ports, IRQ sharing enabled
Aug 09 16:17:39 witherspoon kernel[967]: [    2.060000] 1e787000.vuart: ttyS0 at MMIO 0x1e787000 (irq = 22, base_baud = 1500000) is a 16550A
Aug 09 16:17:39 witherspoon kernel[967]: [    2.060000] 1e783000.serial: ttyS1 at MMIO 0x1e783000 (irq = 23, base_baud = 1500000) is a 16550A
Aug 09 16:17:39 witherspoon kernel[967]: [    2.060000] 1e78d000.serial: ttyS2 at MMIO 0x1e78d000 (irq = 24, base_baud = 1500000) is a 16550A
Aug 09 16:17:39 witherspoon kernel[967]: [    2.060000] 1e784000.serial: ttyS4 at MMIO 0x1e784000 (irq = 25, base_baud = 1500000) is a 16550A
Aug 09 16:17:39 witherspoon kernel[967]: [    2.430000] console [ttyS4] enabled
Aug 09 16:17:39 witherspoon kernel[967]: [    2.590000] timeriomem_rng 1e6e2078.hwrng: 32bits from 0xf00e2078 @ 1us
Aug 09 16:17:39 witherspoon kernel[967]: [    2.600000] random: fast init done
Aug 09 16:17:39 witherspoon kernel[967]: [    2.630000] random: crng init done
Aug 09 16:17:39 witherspoon kernel[967]: [    2.650000] brd: module loaded
Aug 09 16:17:39 witherspoon kernel[967]: [    2.670000] loop: module loaded
Aug 09 16:17:39 witherspoon kernel[967]: [    2.680000] aspeed-lpc-ctrl 1e789080.lpc-ctrl: Loaded at 0x98000000 (0x04000000)
Aug 09 16:17:39 witherspoon kernel[967]: [    2.690000] aspeed-smc 1e620000.flash-controller: Using IRQ 18
Aug 09 16:17:39 witherspoon kernel[967]: [    2.690000] aspeed-smc 1e620000.flash-controller: DMA support disabled.
Aug 09 16:17:39 witherspoon kernel[967]: [    2.700000] aspeed-smc 1e620000.flash-controller: mx25l25635e (32768 Kbytes)
Aug 09 16:17:39 witherspoon kernel[967]: [    2.700000] aspeed-smc 1e620000.flash-controller: CE0 window [ 0x20000000 - 0x22000000 ] 32MB
Aug 09 16:17:39 witherspoon kernel[967]: [    2.700000] aspeed-smc 1e620000.flash-controller: CE1 window [ 0x22000000 - 0x2a000000 ] 128MB
Aug 09 16:17:39 witherspoon kernel[967]: [    2.730000] 5 ofpart partitions found on MTD device bmc
Aug 09 16:17:39 witherspoon kernel[967]: [    2.730000] Creating 5 MTD partitions on "bmc":
Aug 09 16:17:39 witherspoon kernel[967]: [    2.740000] 0x000000000000-0x000000060000 : "u-boot"
Aug 09 16:17:39 witherspoon kernel[967]: [    2.740000] 0x000000060000-0x000000080000 : "u-boot-env"
Aug 09 16:17:39 witherspoon kernel[967]: [    2.760000] 0x000000080000-0x0000004c0000 : "kernel"
Aug 09 16:17:39 witherspoon kernel[967]: [    2.770000] 0x0000004c0000-0x000001c00000 : "rofs"
Aug 09 16:17:39 witherspoon kernel[967]: [    2.780000] 0x000001c00000-0x000002000000 : "rwfs"
Aug 09 16:17:39 witherspoon kernel[967]: [    2.790000] aspeed-smc 1e620000.flash-controller: mx25l25635e (32768 Kbytes)
Aug 09 16:17:39 witherspoon kernel[967]: [    2.800000] aspeed-smc 1e620000.flash-controller: CE1 window [ 0x22000000 - 0x24000000 ] 32MB
Aug 09 16:17:39 witherspoon kernel[967]: [    2.800000] aspeed-smc 1e620000.flash-controller: CE2 window [ 0x24000000 - 0x2c000000 ] 128MB
Aug 09 16:17:39 witherspoon kernel[967]: [    2.820000] aspeed-smc 1e630000.flash-controller: mx66l1g45g (131072 Kbytes)
Aug 09 16:17:39 witherspoon kernel[967]: [    2.830000] aspeed-smc 1e630000.flash-controller: CE0 window resized to 120MB (AST2500 HW quirk)
Aug 09 16:17:39 witherspoon kernel[967]: [    2.830000] aspeed-smc 1e630000.flash-controller: CE0 window [ 0x30000000 - 0x37800000 ] 120MB
Aug 09 16:17:39 witherspoon kernel[967]: [    2.850000] aspeed-smc 1e630000.flash-controller: CE0 window too small for chip 128MB
Aug 09 16:17:39 witherspoon kernel[967]: [    2.850000] aspeed-smc 1e630000.flash-controller: CE1 window [ 0x37800000 - 0x38000000 ] 8MB
Aug 09 16:17:39 witherspoon kernel[967]: [    3.620000] libphy: Fixed MDIO Bus: probed
Aug 09 16:17:39 witherspoon kernel[967]: [    3.620000] ftgmac100 1e660000.ethernet: Read MAC address 70:e2:84:14:23:e1 from chip
Aug 09 16:17:39 witherspoon kernel[967]: [    3.620000] ftgmac100 1e660000.ethernet: Using NCSI interface
Aug 09 16:17:39 witherspoon kernel[967]: [    3.620000] ftgmac100 1e660000.ethernet eth0: irq 20, mapped at f0060000
Aug 09 16:17:39 witherspoon kernel[967]: [    3.620000] ehci_hcd: USB 2.0 'Enhanced' Host Controller (EHCI) Driver
Aug 09 16:17:39 witherspoon kernel[967]: [    3.620000] ehci-platform: EHCI generic platform driver
Aug 09 16:17:39 witherspoon kernel[967]: [    3.840000]  fsi0: can't read slave 00:00 -5
Aug 09 16:17:39 witherspoon kernel[967]: [    3.860000] i2c /dev entries driver
Aug 09 16:17:39 witherspoon kernel[967]: [    3.870000] aspeed-i2c-bus 1e78a0c0.i2c-bus: i2c bus 2 registered, irq 26
Aug 09 16:17:39 witherspoon kernel[967]: [    3.880000] aspeed-i2c-bus 1e78a100.i2c-bus: i2c bus 3 registered, irq 27
Aug 09 16:17:39 witherspoon kernel[967]: [    3.890000] aspeed-i2c-bus 1e78a140.i2c-bus: i2c bus 4 registered, irq 28
Aug 09 16:17:39 witherspoon kernel[967]: [    3.900000] aspeed-i2c-bus 1e78a180.i2c-bus: i2c bus 5 registered, irq 29
Aug 09 16:17:39 witherspoon kernel[967]: [    3.910000] aspeed-i2c-bus 1e78a380.i2c-bus: i2c bus 9 registered, irq 30
Aug 09 16:17:40 witherspoon kernel[967]: [    3.920000] aspeed-i2c-bus 1e78a3c0.i2c-bus: i2c bus 10 registered, irq 31
Aug 09 16:17:40 witherspoon kernel[967]: [    3.930000] rtc-rv8803 11-0032: Voltage low, temperature compensation stopped.
Aug 09 16:17:40 witherspoon kernel[967]: [    3.940000] rtc-rv8803 11-0032: An alarm maybe have been missed.
Aug 09 16:17:40 witherspoon kernel[967]: [    3.950000] rtc-rv8803 11-0032: rtc core: registered rx8900 as rtc0
Aug 09 16:17:40 witherspoon kernel[967]: [    3.960000] at24 11-0051: 8192 byte 24c64 EEPROM, writable, 1 bytes/write
Aug 09 16:17:40 witherspoon kernel[967]: [    3.970000] aspeed-i2c-bus 1e78a400.i2c-bus: i2c bus 11 registered, irq 32
Aug 09 16:17:40 witherspoon kernel[967]: [    3.970000] aspeed-i2c-bus 1e78a440.i2c-bus: i2c bus 12 registered, irq 33
Aug 09 16:17:40 witherspoon kernel[967]: [    3.980000] aspeed-i2c-bus 1e78a480.i2c-bus: i2c bus 13 registered, irq 34
Aug 09 16:17:40 witherspoon kernel[967]: [    3.990000] Driver for 1-wire Dallas network protocol.
Aug 09 16:17:40 witherspoon kernel[967]: [    4.000000] lm75 9-004a: hwmon0: sensor 'tmp275'
Aug 09 16:17:40 witherspoon kernel[967]: [    4.840000] ucd9000 11-0064: Device ID UCD90160|2.3.4.0000|110603
Aug 09 16:17:40 witherspoon kernel[967]: [    5.170000] leds-pca955x 3-0060: leds-pca955x: Using pca9552 16-bit LED driver at slave address 0x60
Aug 09 16:17:40 witherspoon kernel[967]: [    5.180000] leds-pca955x 3-0060: gpios 264...279
Aug 09 16:17:40 witherspoon kernel[967]: [    5.190000] leds-pca955x 11-0060: leds-pca955x: Using pca9552 16-bit LED driver at slave address 0x60
Aug 09 16:17:40 witherspoon kernel[967]: [    5.200000] leds-pca955x 11-0060: gpios 248...263
Aug 09 16:17:40 witherspoon kernel[967]: [    5.210000] usbcore: registered new interface driver usbhid
Aug 09 16:17:40 witherspoon kernel[967]: [    5.210000] usbhid: USB HID core driver
Aug 09 16:17:40 witherspoon kernel[967]: [    5.270000] NET: Registered protocol family 10
Aug 09 16:17:40 witherspoon kernel[967]: [    5.270000] Segment Routing with IPv6
Aug 09 16:17:40 witherspoon kernel[967]: [    5.280000] NET: Registered protocol family 17
Aug 09 16:17:40 witherspoon kernel[967]: [    5.280000] 8021q: 802.1Q VLAN Support v1.8
Aug 09 16:17:40 witherspoon kernel[967]: [    5.310000] console [netcon0] enabled
Aug 09 16:17:40 witherspoon kernel[967]: [    5.310000] netconsole: network logging started
Aug 09 16:17:40 witherspoon kernel[967]: [    5.320000] input: gpio-keys as /devices/platform/gpio-keys/input/input0
Aug 09 16:17:40 witherspoon kernel[967]: [    5.330000] rtc-rv8803 11-0032: setting system clock to 2017-08-09 16:17:19 UTC (1502295439)
Aug 09 16:17:40 witherspoon kernel[967]: [    5.340000] Freeing unused kernel memory: 284K
Aug 09 16:17:40 witherspoon kernel[967]: [    5.340000] This architecture does not have kernel memory protection.
Aug 09 16:17:40 witherspoon kernel[967]: [    6.770000] jffs2: notice: (531) jffs2_build_xattr_subsystem: complete building xattr subsystem, 1 of xdatum (0 unchecked, 0 orphan) and 13 of xref (0 dead, 3 orphan) found.
Aug 09 16:17:40 witherspoon kernel[967]: [    8.940000] systemd[1]: Failed to insert module 'autofs4': No such file or directory
Aug 09 16:17:40 witherspoon kernel[967]: [    9.130000] systemd[1]: systemd 232 running in system mode. (+PAM -AUDIT -SELINUX -IMA -APPARMOR -SMACK +SYSVINIT -UTMP -LIBCRYPTSETUP -GCRYPT -GNUTLS +ACL +XZ -LZ4 -SECCOMP +BLKID -ELFUTILS +KMOD -IDN)
Aug 09 16:17:40 witherspoon kernel[967]: [    9.130000] systemd[1]: Detected architecture arm.
Aug 09 16:17:40 witherspoon kernel[967]: [    9.250000] systemd[1]: Set hostname to <witherspoon>.
Aug 09 16:17:40 witherspoon kernel[967]: [   10.830000] systemd[1]: Started Dispatch Password Requests to Console Directory Watch.
Aug 09 16:17:40 witherspoon kernel[967]: [   10.960000] systemd[1]: Reached target Remote File Systems.
Aug 09 16:17:40 witherspoon kernel[967]: [   11.000000] systemd[1]: Reached target Swap.
Aug 09 16:17:40 witherspoon kernel[967]: [   11.030000] systemd[1]: Listening on udev Kernel Socket.
Aug 09 16:17:40 witherspoon kernel[967]: [   11.070000] systemd[1]: Listening on Syslog Socket.
Aug 09 16:17:40 witherspoon kernel[967]: [   11.100000] systemd[1]: Listening on Journal Socket (/dev/log).
Aug 09 16:17:40 witherspoon kernel[967]: [   11.140000] systemd[1]: Listening on /dev/initctl Compatibility Named Pipe.
Aug 09 16:17:40 witherspoon kernel[967]: [   13.770000] systemd-journald[662]: Received request to flush runtime journal from PID 1
Aug 09 16:17:41 witherspoon avahi-daemon[973]: Found user 'avahi' (UID 999) and group 'avahi' (GID 999).
Aug 09 16:17:41 witherspoon avahi-daemon[973]: Successfully dropped root privileges.
Aug 09 16:17:41 witherspoon avahi-daemon[973]: avahi-daemon 0.6.32 starting up.
Aug 09 16:17:41 witherspoon kernel[967]: [   27.730000] ubi7: default fastmap pool size: 100
Aug 09 16:17:41 witherspoon kernel[967]: [   27.730000] ubi7: default fastmap WL pool size: 50
Aug 09 16:17:41 witherspoon kernel[967]: [   27.730000] ubi7: attaching mtd7
Aug 09 16:17:41 witherspoon kernel[967]: [   27.730000] ubi7: scanning is finished
Aug 09 16:17:42 witherspoon kernel[967]: [   27.790000] ubi7: attached mtd7 (name "pnor", size 128 MiB)
Aug 09 16:17:42 witherspoon kernel[967]: [   27.790000] ubi7: PEB size: 65536 bytes (64 KiB), LEB size: 65408 bytes
Aug 09 16:17:42 witherspoon kernel[967]: [   27.790000] ubi7: min./max. I/O unit sizes: 1/256, sub-page size 1
Aug 09 16:17:42 witherspoon kernel[967]: [   27.790000] ubi7: VID header offset: 64 (aligned 64), data offset: 128
Aug 09 16:17:42 witherspoon kernel[967]: [   27.790000] ubi7: good PEBs: 2048, bad PEBs: 0, corrupted PEBs: 0
Aug 09 16:17:42 witherspoon kernel[967]: [   27.790000] ubi7: user volume: 4, internal volumes: 1, max. volumes count: 128
Aug 09 16:17:42 witherspoon kernel[967]: [   27.790000] ubi7: max/mean erase counter: 1/0, WL threshold: 4096, image sequence number: 1613407033
Aug 09 16:17:42 witherspoon kernel[967]: [   27.790000] ubi7: available PEBs: 1110, total reserved PEBs: 938, PEBs reserved for bad PEB handling: 0
Aug 09 16:17:42 witherspoon kernel[967]: [   27.790000] ubi7: background thread "ubi_bgt7d" started, PID 992
Aug 09 16:17:42 witherspoon kernel[967]: [   27.870000] ftgmac100 1e660000.ethernet eth0: NCSI interface up
Aug 09 16:17:42 witherspoon avahi-daemon[973]: Successfully called chroot().
Aug 09 16:17:42 witherspoon avahi-daemon[973]: Successfully dropped remaining capabilities.
Aug 09 16:17:42 witherspoon avahi-daemon[973]: Loading service file /services/obmc_console.service.
Aug 09 16:17:42 witherspoon avahi-daemon[973]: Loading service file /services/phosphor_rest.service.
Aug 09 16:17:42 witherspoon avahi-daemon[973]: Loading service file /services/sftp-ssh.service.
Aug 09 16:17:42 witherspoon avahi-daemon[973]: Loading service file /services/sftp.service.
Aug 09 16:17:42 witherspoon avahi-daemon[973]: Loading service file /services/ssh.service.
Aug 09 16:17:42 witherspoon avahi-daemon[973]: Joining mDNS multicast group on interface eth0.IPv6 with address fe80::72e2:84ff:fe14:23e1.
Aug 09 16:17:42 witherspoon avahi-daemon[973]: New relevant interface eth0.IPv6 for mDNS.
Aug 09 16:17:42 witherspoon avahi-daemon[973]: Joining mDNS multicast group on interface eth0.IPv4 with address 9.3.86.161.
Aug 09 16:17:42 witherspoon avahi-daemon[973]: New relevant interface eth0.IPv4 for mDNS.
Aug 09 16:17:42 witherspoon avahi-daemon[973]: Network interface enumeration completed.
Aug 09 16:17:42 witherspoon avahi-daemon[973]: Registering new address record for fe80::72e2:84ff:fe14:23e1 on eth0.*.
Aug 09 16:17:42 witherspoon avahi-daemon[973]: Registering new address record for 9.3.86.161 on eth0.IPv4.
Aug 09 16:17:42 witherspoon kernel[967]: [   28.550000] UBIFS (ubi7:0): UBIFS: mounted UBI device 7, volume 0, name "pnor-rw-136cf504"
Aug 09 16:17:42 witherspoon kernel[967]: [   28.670000] UBIFS (ubi7:0): LEB size: 65408 bytes (63 KiB), min./max. I/O unit sizes: 8 bytes/256 bytes
Aug 09 16:17:42 witherspoon kernel[967]: [   28.670000] UBIFS (ubi7:0): FS size: 16155776 bytes (15 MiB, 247 LEBs), journal size 784896 bytes (0 MiB, 12 LEBs)
Aug 09 16:17:42 witherspoon kernel[967]: [   28.670000] UBIFS (ubi7:0): reserved for root: 763076 bytes (745 KiB)
Aug 09 16:17:42 witherspoon kernel[967]: [   28.670000] UBIFS (ubi7:0): media format: w5/r0 (latest is w5/r0), UUID FD59E80D-F7C1-4E3D-BA65-47A452939965, small LPT model
Aug 09 16:17:42 witherspoon kernel[967]: [   28.670000] UBIFS (ubi7:0): background thread "ubifs_bgt7_0" started, PID 1003
Aug 09 16:17:43 witherspoon avahi-daemon[973]: Server startup complete. Host name is witherspoon.local. Local service cookie is 1508801432.
Aug 09 16:17:43 witherspoon avahi-daemon[973]: Service name conflict for "sftp" (/services/sftp.service), retrying with "sftp #2".
Aug 09 16:17:43 witherspoon avahi-daemon[973]: Service name conflict for "obmc_console" (/services/obmc_console.service), retrying with "obmc_console #2".
Aug 09 16:17:43 witherspoon avahi-daemon[973]: Service name conflict for "phosphor_rest" (/services/phosphor_rest.service), retrying with "phosphor_rest #2".
Aug 09 16:17:44 witherspoon avahi-daemon[973]: Service "witherspoon" (/services/ssh.service) successfully established.
Aug 09 16:17:44 witherspoon avahi-daemon[973]: Service "witherspoon" (/services/sftp-ssh.service) successfully established.
Aug 09 16:17:45 witherspoon avahi-daemon[973]: Service name conflict for "phosphor_rest" (/services/phosphor_rest.service), retrying with "phosphor_rest #3".
Aug 09 16:17:45 witherspoon avahi-daemon[973]: Service name conflict for "obmc_console" (/services/obmc_console.service), retrying with "obmc_console #3".
Aug 09 16:17:45 witherspoon avahi-daemon[973]: Service name conflict for "sftp" (/services/sftp.service), retrying with "sftp #3".
Aug 09 16:17:46 witherspoon avahi-daemon[973]: Service name conflict for "sftp" (/services/sftp.service), retrying with "sftp #4".
Aug 09 16:17:46 witherspoon avahi-daemon[973]: Service name conflict for "phosphor_rest" (/services/phosphor_rest.service), retrying with "phosphor_rest #4".
Aug 09 16:17:46 witherspoon avahi-daemon[973]: Service name conflict for "obmc_console" (/services/obmc_console.service), retrying with "obmc_console #4".
Aug 09 16:17:47 witherspoon avahi-daemon[973]: Service name conflict for "phosphor_rest" (/services/phosphor_rest.service), retrying with "phosphor_rest #5".
Aug 09 16:17:47 witherspoon avahi-daemon[973]: Service name conflict for "obmc_console" (/services/obmc_console.service), retrying with "obmc_console #5".
Aug 09 16:17:47 witherspoon avahi-daemon[973]: Service name conflict for "sftp" (/services/sftp.service), retrying with "sftp #5".
Aug 09 16:17:48 witherspoon avahi-daemon[973]: Service name conflict for "phosphor_rest" (/services/phosphor_rest.service), retrying with "phosphor_rest #6".
Aug 09 16:17:48 witherspoon avahi-daemon[973]: Service name conflict for "sftp" (/services/sftp.service), retrying with "sftp #6".
Aug 09 16:17:49 witherspoon avahi-daemon[973]: Service "obmc_console #5" (/services/obmc_console.service) successfully established.
Aug 09 16:17:49 witherspoon avahi-daemon[973]: Service name conflict for "phosphor_rest" (/services/phosphor_rest.service), retrying with "phosphor_rest #7".
Aug 09 16:17:49 witherspoon avahi-daemon[973]: Service name conflict for "sftp" (/services/sftp.service), retrying with "sftp #7".
Aug 09 16:17:51 witherspoon avahi-daemon[973]: Service name conflict for "sftp" (/services/sftp.service), retrying with "sftp #8".
Aug 09 16:17:51 witherspoon avahi-daemon[973]: Service name conflict for "phosphor_rest" (/services/phosphor_rest.service), retrying with "phosphor_rest #8".
Aug 09 16:17:52 witherspoon avahi-daemon[973]: Service name conflict for "phosphor_rest" (/services/phosphor_rest.service), retrying with "phosphor_rest #9".
Aug 09 16:17:52 witherspoon avahi-daemon[973]: Service name conflict for "sftp" (/services/sftp.service), retrying with "sftp #9".
Aug 09 16:17:53 witherspoon avahi-daemon[973]: Service name conflict for "phosphor_rest" (/services/phosphor_rest.service), retrying with "phosphor_rest #10".
Aug 09 16:17:53 witherspoon avahi-daemon[973]: Service name conflict for "sftp" (/services/sftp.service), retrying with "sftp #10".
Aug 09 16:17:53 witherspoon systemd-networkd[950]: eth0: Configured
Aug 09 16:17:53 witherspoon systemd-timesyncd[923]: Network configuration changed, trying to establish connection.
Aug 09 16:17:54 witherspoon avahi-daemon[973]: Service name conflict for "phosphor_rest" (/services/phosphor_rest.service), retrying with "phosphor_rest #11".
Aug 09 16:17:54 witherspoon avahi-daemon[973]: Service name conflict for "sftp" (/services/sftp.service), retrying with "sftp #11".
Aug 09 16:17:55 witherspoon kernel: block ubiblock7_1: created from ubi7:1(pnor-ro-136cf504)
Aug 09 16:17:55 witherspoon kernel[967]: [   40.740000] block ubiblock7_1: created from ubi7:1(pnor-ro-136cf504)
Aug 09 16:17:55 witherspoon kernel: UBIFS (ubi7:2): UBIFS: mounted UBI device 7, volume 2, name "pnor-prsv"
Aug 09 16:17:55 witherspoon kernel: UBIFS (ubi7:2): LEB size: 65408 bytes (63 KiB), min./max. I/O unit sizes: 8 bytes/256 bytes
Aug 09 16:17:55 witherspoon kernel: UBIFS (ubi7:2): FS size: 1504384 bytes (1 MiB, 23 LEBs), journal size 523265 bytes (0 MiB, 6 LEBs)
Aug 09 16:17:55 witherspoon kernel: UBIFS (ubi7:2): reserved for root: 71055 bytes (69 KiB)
Aug 09 16:17:55 witherspoon kernel: UBIFS (ubi7:2): media format: w5/r0 (latest is w5/r0), UUID D400F8DD-ACE5-45CE-8A6B-A6E9309F1A81, small LPT model
Aug 09 16:17:55 witherspoon kernel: UBIFS (ubi7:2): background thread "ubifs_bgt7_2" started, PID 1023
Aug 09 16:17:55 witherspoon kernel[967]: [   41.160000] UBIFS (ubi7:2): UBIFS: mounted UBI device 7, volume 2, name "pnor-prsv"
Aug 09 16:17:55 witherspoon kernel[967]: [   41.160000] UBIFS (ubi7:2): LEB size: 65408 bytes (63 KiB), min./max. I/O unit sizes: 8 bytes/256 bytes
Aug 09 16:17:55 witherspoon kernel[967]: [   41.160000] UBIFS (ubi7:2): FS size: 1504384 bytes (1 MiB, 23 LEBs), journal size 523265 bytes (0 MiB, 6 LEBs)
Aug 09 16:17:55 witherspoon kernel[967]: [   41.160000] UBIFS (ubi7:2): reserved for root: 71055 bytes (69 KiB)
Aug 09 16:17:55 witherspoon kernel[967]: [   41.160000] UBIFS (ubi7:2): media format: w5/r0 (latest is w5/r0), UUID D400F8DD-ACE5-45CE-8A6B-A6E9309F1A81, small LPT model
Aug 09 16:17:55 witherspoon kernel[967]: [   41.160000] UBIFS (ubi7:2): background thread "ubifs_bgt7_2" started, PID 1023
Aug 09 16:17:55 witherspoon avahi-daemon[973]: Service name conflict for "phosphor_rest" (/services/phosphor_rest.service), retrying with "phosphor_rest #12".
Aug 09 16:17:55 witherspoon avahi-daemon[973]: Service name conflict for "sftp" (/services/sftp.service), retrying with "sftp #12".
Aug 09 16:17:57 witherspoon avahi-daemon[973]: Service name conflict for "phosphor_rest" (/services/phosphor_rest.service), retrying with "phosphor_rest #13".
Aug 09 16:17:57 witherspoon avahi-daemon[973]: Service name conflict for "sftp" (/services/sftp.service), retrying with "sftp #13".
Aug 09 16:17:58 witherspoon avahi-daemon[973]: Service name conflict for "sftp" (/services/sftp.service), retrying with "sftp #14".
Aug 09 16:17:58 witherspoon avahi-daemon[973]: Service name conflict for "phosphor_rest" (/services/phosphor_rest.service), retrying with "phosphor_rest #14".
Aug 09 16:17:58 witherspoon systemd[1]: Started Remount the squashfs and ubi volumes after a reboot.
Aug 09 16:17:58 witherspoon systemd[1]: Reached target Multi-User System.
Aug 09 16:17:58 witherspoon systemd[1]: Starting OpenPower Software Update Manager...
Aug 09 16:17:58 witherspoon openpower-update-manager[1029]: Error in reading file
Aug 09 16:17:58 witherspoon systemd[1]: Started OpenPower Software Update Manager.
Aug 09 16:17:58 witherspoon systemd[1]: Starting Phosphor Version Software Manager...
Aug 09 16:17:58 witherspoon systemd[1]: Started Phosphor MBOX Daemon.
Aug 09 16:17:58 witherspoon systemd[1]: Mounting /usr/local...
Aug 09 16:17:59 witherspoon systemd[1]: Mounted /usr/local.
Aug 09 16:17:59 witherspoon systemd[1]: Starting Create a ubi volume for pnor patches...
Aug 09 16:17:59 witherspoon systemd[1]: Started Create a ubi volume for pnor patches.
Aug 09 16:17:59 witherspoon kernel: UBIFS (ubi7:3): UBIFS: mounted UBI device 7, volume 3, name "pnor-patch"
Aug 09 16:17:59 witherspoon kernel: UBIFS (ubi7:3): LEB size: 65408 bytes (63 KiB), min./max. I/O unit sizes: 8 bytes/256 bytes
Aug 09 16:17:59 witherspoon kernel: UBIFS (ubi7:3): FS size: 16155776 bytes (15 MiB, 247 LEBs), journal size 784896 bytes (0 MiB, 12 LEBs)
Aug 09 16:17:59 witherspoon kernel: UBIFS (ubi7:3): reserved for root: 763076 bytes (745 KiB)
Aug 09 16:17:59 witherspoon kernel: UBIFS (ubi7:3): media format: w5/r0 (latest is w5/r0), UUID 4ADA7344-7D09-42E2-AB07-B9DC1D0DD5D3, small LPT model
Aug 09 16:17:59 witherspoon kernel: UBIFS (ubi7:3): background thread "ubifs_bgt7_3" started, PID 1050
Aug 09 16:17:59 witherspoon kernel[967]: [   45.210000] UBIFS (ubi7:3): UBIFS: mounted UBI device 7, volume 3, name "pnor-patch"
Aug 09 16:17:59 witherspoon kernel[967]: [   45.210000] UBIFS (ubi7:3): LEB size: 65408 bytes (63 KiB), min./max. I/O unit sizes: 8 bytes/256 bytes
Aug 09 16:17:59 witherspoon kernel[967]: [   45.210000] UBIFS (ubi7:3): FS size: 16155776 bytes (15 MiB, 247 LEBs), journal size 784896 bytes (0 MiB, 12 LEBs)
Aug 09 16:17:59 witherspoon kernel[967]: [   45.210000] UBIFS (ubi7:3): reserved for root: 763076 bytes (745 KiB)
Aug 09 16:17:59 witherspoon kernel[967]: [   45.210000] UBIFS (ubi7:3): media format: w5/r0 (latest is w5/r0), UUID 4ADA7344-7D09-42E2-AB07-B9DC1D0DD5D3, small LPT model
Aug 09 16:17:59 witherspoon kernel[967]: [   45.210000] UBIFS (ubi7:3): background thread "ubifs_bgt7_3" started, PID 1050
Aug 09 16:18:00 witherspoon avahi-daemon[973]: Service "sftp #14" (/services/sftp.service) successfully established.
Aug 09 16:18:00 witherspoon avahi-daemon[973]: Service "phosphor_rest #14" (/services/phosphor_rest.service) successfully established.
Aug 09 16:18:02 witherspoon systemd[1]: Started Phosphor Version Software Manager.
Aug 09 16:18:02 witherspoon avahi-daemon[973]: Service name conflict for "sftp" (/services/sftp.service), retrying with "sftp #15".
Aug 09 16:18:02 witherspoon avahi-daemon[973]: Service name conflict for "phosphor_rest" (/services/phosphor_rest.service), retrying with "phosphor_rest #15".
Aug 09 16:18:02 witherspoon chassis_control.py[934]: Running ChassisControlService
Aug 09 16:18:02 witherspoon systemd[1]: Started Phosphor Chassis0 Control.
Aug 09 16:18:02 witherspoon download_manager.py[970]: Running Download Manager
Aug 09 16:18:02 witherspoon systemd[1]: Started Phosphor Download Manager.
Aug 09 16:18:02 witherspoon sensor_manager2.py[966]: Setting boot count to 3
Aug 09 16:18:02 witherspoon sensor_manager2.py[966]: Starting sensor manager
Aug 09 16:18:02 witherspoon systemd[1]: Started Phosphor Sensor Manager.
Aug 09 16:18:04 witherspoon phosphor-mapper[957]: ObjectMapper startup complete.  Discovery in progress...
Aug 09 16:18:05 witherspoon systemd[1]: Started Phosphor User Manager.
Aug 09 16:18:05 witherspoon obmc-phosphor-userd[958]: Started
Aug 09 16:18:05 witherspoon systemd[1]: Started Phosphor Network Manager.
Aug 09 16:18:05 witherspoon netman.py[955]: Started
Aug 09 16:18:05 witherspoon avahi-daemon[985]: ../../avahi-0.6.32/avahi-daemon/chroot.c: open() failed: No such file or directory
Aug 09 16:18:05 witherspoon avahi-daemon[973]: Failed to open /usr/share/dbus-1/interfaces/org.freedesktop.Avahi.Server.xml: Invalid argument
Aug 09 16:18:05 witherspoon avahi-daemon[973]: Failed to load introspection data.
Aug 09 16:18:06 witherspoon inventory_items.py[960]: Loading from cache: /var/cache/obmc/org.openbmc.inventory.system.chassis.motherboard.apss@org.openbmc.InventoryItem.props
Aug 09 16:18:06 witherspoon inventory_items.py[960]: Loading from cache: /var/cache/obmc/org.openbmc.inventory.system.chassis.motherboard@org.openbmc.InventoryItem.props
Aug 09 16:18:06 witherspoon inventory_items.py[960]: Loading from cache: /var/cache/obmc/org.openbmc.inventory.system.chassis.motherboard.refclock@org.openbmc.InventoryItem.props
Aug 09 16:18:06 witherspoon inventory_items.py[960]: Loading from cache: /var/cache/obmc/org.openbmc.inventory.system.chassis.motherboard.cpu1.core7@org.openbmc.InventoryItem.props
Aug 09 16:18:06 witherspoon inventory_items.py[960]: Loading from cache: /var/cache/obmc/org.openbmc.inventory.system.chassis.motherboard.cpu1.core4@org.openbmc.InventoryItem.props
Aug 09 16:18:06 witherspoon inventory_items.py[960]: Loading from cache: /var/cache/obmc/org.openbmc.inventory.system.chassis.motherboard.cpu1.core1@org.openbmc.InventoryItem.props
Aug 09 16:18:06 witherspoon inventory_items.py[960]: Loading from cache: /var/cache/obmc/org.openbmc.inventory.system.chassis.motherboard.cpu1.core10@org.openbmc.InventoryItem.props
Aug 09 16:18:06 witherspoon inventory_items.py[960]: Loading from cache: /var/cache/obmc/org.openbmc.inventory.system.chassis.motherboard.todclock@org.openbmc.InventoryItem.props
Aug 09 16:18:06 witherspoon inventory_items.py[960]: Loading from cache: /var/cache/obmc/org.openbmc.inventory.system.chassis.motherboard.cpu1@org.openbmc.InventoryItem.props
Aug 09 16:18:06 witherspoon inventory_items.py[960]: Loading from cache: /var/cache/obmc/org.openbmc.inventory.system.chassis.motherboard.bmc@org.openbmc.InventoryItem.props
Aug 09 16:18:06 witherspoon inventory_items.py[960]: Caching: /org/openbmc/inventory/system/chassis/motherboard/bmc
Aug 09 16:18:06 witherspoon inventory_items.py[960]: Loading from cache: /var/cache/obmc/org.openbmc.inventory.system.chassis.motherboard.cpu0.core1@org.openbmc.InventoryItem.props
Aug 09 16:18:06 witherspoon inventory_items.py[960]: Loading from cache: /var/cache/obmc/org.openbmc.inventory.system.chassis.motherboard.cpu0.core7@org.openbmc.InventoryItem.props
Aug 09 16:18:06 witherspoon inventory_items.py[960]: Loading from cache: /var/cache/obmc/org.openbmc.inventory.system.chassis.motherboard.cpu0.core4@org.openbmc.InventoryItem.props
Aug 09 16:18:06 witherspoon inventory_items.py[960]: Loading from cache: /var/cache/obmc/org.openbmc.inventory.system.chassis.motherboard.pcieclock@org.openbmc.InventoryItem.props
Aug 09 16:18:06 witherspoon inventory_items.py[960]: Loading from cache: /var/cache/obmc/org.openbmc.inventory.system.chassis.motherboard.cpu0.core10@org.openbmc.InventoryItem.props
Aug 09 16:18:06 witherspoon systemd[1]: Started Phosphor Inventory Manager.
Aug 09 16:18:06 witherspoon inventory_items.py[960]: Running Inventory Manager
Aug 09 16:18:17 witherspoon phosphor-mapper[957]: ObjectMapper discovery complete
Aug 09 16:18:17 witherspoon systemd[1]: Started Phosphor DBus Service Discovery Manager.
Aug 09 16:18:17 witherspoon systemd[1]: Started Phosphor Hwmon Poller.
Aug 09 16:18:17 witherspoon systemd[1]: Started Phosphor Hwmon Poller.
Aug 09 16:18:17 witherspoon systemd[1]: Reached target Phosphor Object Mapper.
Aug 09 16:18:17 witherspoon systemd[1]: Starting Wait for /xyz/openbmc_project/control/host0...
Aug 09 16:18:17 witherspoon systemd[1]: Starting Wait for /xyz/openbmc_project/led/groups...
Aug 09 16:18:17 witherspoon systemd[1]: Starting Wait for /xyz/openbmc_project/control/host0/boot_source...
Aug 09 16:18:17 witherspoon systemd[1]: Starting Wait for /org/openbmc/managers/System...
Aug 09 16:18:17 witherspoon systemd[1]: Starting Wait for /org/openbmc/control/flash/bios...
Aug 09 16:18:17 witherspoon systemd[1]: Starting Phoshpor System Manager...
Aug 09 16:18:17 witherspoon systemd[1]: Reached target Webserver (pre).
Aug 09 16:18:17 witherspoon systemd[1]: Starting Wait for /org/openbmc/control/power0...
Aug 09 16:18:17 witherspoon systemd[1]: Starting Wait for /xyz/openbmc_project/time/owner...
Aug 09 16:18:17 witherspoon systemd[1]: Started Phosphor DBus Monitor.
Aug 09 16:18:17 witherspoon systemd[1]: Starting Wait for /org/openbmc/control/bmc0...
Aug 09 16:18:17 witherspoon systemd[1]: Starting Phosphor Network Manager...
Aug 09 16:18:17 witherspoon systemd[1]: Starting Wait for /xyz/openbmc_project/state/chassis0...
Aug 09 16:18:17 witherspoon systemd[1]: Starting Wait for /org/openbmc/NetworkManager/Interface...
Aug 09 16:18:17 witherspoon systemd[1]: Starting Wait for /xyz/openbmc_project/state/host0...
Aug 09 16:18:17 witherspoon systemd[1]: Starting Wait for /xyz/openbmc_project/led/groups/bmc_booted...
Aug 09 16:18:17 witherspoon systemd[1]: Starting Wait for /xyz/openbmc_project/inventory...
Aug 09 16:18:17 witherspoon systemd[1]: Starting Wait for /xyz/openbmc_project/control/host0/boot_mode...
Aug 09 16:18:17 witherspoon systemd[1]: Starting Phosphor Settings Manager...
Aug 09 16:18:17 witherspoon systemd[1]: Starting Wait for /org/openbmc/managers/Download...
Aug 09 16:18:17 witherspoon systemd[1]: Starting Wait for /xyz/openbmc_project/control/host0/restriction_mode...
Aug 09 16:18:17 witherspoon systemd[1]: Starting Wait for /xyz/openbmc_project/control/host0/power_restore_policy...
Aug 09 16:18:17 witherspoon systemd[1]: Starting Wait for /xyz/openbmc_project/time/sync_method...
Aug 09 16:18:17 witherspoon systemd[1]: Starting Wait for /xyz/openbmc_project/control/host0/auto_reboot...
Aug 09 16:18:17 witherspoon systemd[1]: Started Phosphor Hwmon Poller.
Aug 09 16:18:17 witherspoon systemd[1]: Started Phosphor Hwmon Poller.
Aug 09 16:18:17 witherspoon systemd[1]: Started Phosphor Hwmon Poller.
Aug 09 16:18:17 witherspoon systemd[1]: Started Phosphor Hwmon Poller.
Aug 09 16:18:19 witherspoon avahi-daemon[973]: Service name conflict for "phosphor_rest" (/services/phosphor_rest.service), retrying with "phosphor_rest #16".
Aug 09 16:18:19 witherspoon avahi-daemon[973]: Service name conflict for "sftp" (/services/sftp.service), retrying with "sftp #16".
Aug 09 16:18:20 witherspoon phosphor-network-manager[1064]: ConfigParser: Section not found
Aug 09 16:18:20 witherspoon phosphor-network-manager[1064]: The operation failed internally.
Aug 09 16:18:20 witherspoon phosphor-network-manager[1064]: ConfigParser: Section not found
Aug 09 16:18:20 witherspoon phosphor-network-manager[1064]: The operation failed internally.
Aug 09 16:18:20 witherspoon phosphor-network-manager[1064]: ConfigParser: Key not found
Aug 09 16:18:20 witherspoon phosphor-network-manager[1064]: The operation failed internally.
Aug 09 16:18:23 witherspoon systemd[1]: Started Wait for /xyz/openbmc_project/control/host0/power_restore_policy.
Aug 09 16:18:23 witherspoon systemd[1]: Started Wait for /org/openbmc/control/bmc0.
Aug 09 16:18:23 witherspoon systemd[1]: Started Wait for /xyz/openbmc_project/led/groups/bmc_booted.
Aug 09 16:18:24 witherspoon systemd[1]: Started Wait for /org/openbmc/NetworkManager/Interface.
Aug 09 16:18:24 witherspoon systemd[1]: Started Phosphor DNS Settings Cache Manager.
Aug 09 16:18:24 witherspoon systemd[1]: Started Wait for /xyz/openbmc_project/control/host0/restriction_mode.
Aug 09 16:18:24 witherspoon systemd[1]: Started Wait for /xyz/openbmc_project/time/owner.
Aug 09 16:18:24 witherspoon systemd[1]: Started Wait for /xyz/openbmc_project/control/host0/boot_source.
Aug 09 16:18:24 witherspoon systemd[1]: Started Wait for /xyz/openbmc_project/time/sync_method.
Aug 09 16:18:25 witherspoon systemd[1]: Started Wait for /xyz/openbmc_project/inventory.
Aug 09 16:18:25 witherspoon systemd[1]: Started Wait for /xyz/openbmc_project/control/host0/boot_mode.
Aug 09 16:18:25 witherspoon systemd[1]: Started Wait for /org/openbmc/managers/Download.
Aug 09 16:18:25 witherspoon systemd[1]: Started Wait for /xyz/openbmc_project/control/host0/auto_reboot.
Aug 09 16:18:25 witherspoon systemd[1]: Starting Phosphor BMC Code Update...
Aug 09 16:18:25 witherspoon systemd[1]: Starting Phosphor BIOS Code Update...
Aug 09 16:18:25 witherspoon systemd[1]: Starting OpenPOWER OCC controller...
Aug 09 16:18:26 witherspoon systemd[1]: Starting Read OpenPOWER-format VPD from EEPROM...
Aug 09 16:18:26 witherspoon systemd[1]: Started Phosphor GPIO 1 Presence.
Aug 09 16:18:26 witherspoon systemd[1]: Started Phosphor Cooling Type.
Aug 09 16:18:26 witherspoon systemd[1]: Started Phosphor GPIO 0 Presence.
Aug 09 16:18:26 witherspoon systemd[1]: Started Phosphor BIOS Code Update.
Aug 09 16:18:26 witherspoon phosphor-gpio-presence[1104]: Updating inventory present property
Aug 09 16:18:27 witherspoon phosphor-gpio-presence[1102]: Updating inventory present property
Aug 09 16:18:29 witherspoon systemd[1]: Started Wait for /xyz/openbmc_project/led/groups.
Aug 09 16:18:29 witherspoon systemd[1]: Started FRU Fault monitor service.
Aug 09 16:18:32 witherspoon system_manager.py[1059]: Running System State: BASE_APPS
Aug 09 16:18:33 witherspoon system_manager.py[1059]: SystemManager Init Done
Aug 09 16:18:33 witherspoon system_manager.py[1059]: Running SystemManager
Aug 09 16:18:33 witherspoon systemd[1]: Started Phoshpor System Manager.
Aug 09 16:18:34 witherspoon dbus[945]: [system] Activating via systemd: service name='org.freedesktop.journal1' unit='dbus-org.freedesktop.journal1.service'
Aug 09 16:18:34 witherspoon systemd[1]: Starting Journal Dbus Service...
Aug 09 16:18:34 witherspoon dbus[945]: [system] Successfully activated service 'org.freedesktop.journal1'
Aug 09 16:18:34 witherspoon systemd[1]: Started Journal Dbus Service.
Aug 09 16:18:34 witherspoon phosphor-log-manager[962]: Failed to find metadata
Aug 09 16:18:34 witherspoon phosphor-fru-fault-monitor[1105]: /xyz/openbmc_project/logging/entry/3
Aug 09 16:18:34 witherspoon dbus[945]: [system] Activating via systemd: service name='org.freedesktop.hostname1' unit='dbus-org.freedesktop.hostname1.service'
Aug 09 16:18:34 witherspoon systemd[1]: Starting Hostname Service...
Aug 09 16:18:35 witherspoon dbus[945]: [system] Successfully activated service 'org.freedesktop.hostname1'
Aug 09 16:18:35 witherspoon systemd[1]: Started Hostname Service.
Aug 09 16:18:35 witherspoon systemd[1]: Started Phosphor Network Manager.
Aug 09 16:18:37 witherspoon systemd[1]: Started Phosphor BMC Code Update.
Aug 09 16:18:37 witherspoon bmc_update.py[1095]: Running Bmc Flash Control
Aug 09 16:18:37 witherspoon systemd[1]: Started OpenPOWER OCC controller.
Aug 09 16:18:38 witherspoon systemd[1]: Started Phosphor Settings Manager.
Aug 09 16:18:38 witherspoon systemd[1]: Starting Wait for /org/openbmc/settings/host0...
Aug 09 16:18:38 witherspoon settings_manager.py[1071]: Running HostSettingsService
Aug 09 16:18:38 witherspoon system_manager.py[1059]: SystemManager Goto System State: BMC_STARTING
Aug 09 16:18:38 witherspoon system_manager.py[1059]: Running System State: BMC_STARTING
Aug 09 16:18:38 witherspoon avahi-daemon[973]: Service name conflict for "sftp" (/services/sftp.service), retrying with "sftp #17".
Aug 09 16:18:38 witherspoon avahi-daemon[973]: Service name conflict for "phosphor_rest" (/services/phosphor_rest.service), retrying with "phosphor_rest #17".
Aug 09 16:18:39 witherspoon systemd[1]: Started Read OpenPOWER-format VPD from EEPROM.
Aug 09 16:18:45 witherspoon systemd[1]: Started Wait for /org/openbmc/managers/System.
Aug 09 16:18:45 witherspoon systemd[1]: Starting Phosphor Power Button0...
Aug 09 16:18:45 witherspoon systemd[1]: Starting Phosphor Chassis State Manager...
Aug 09 16:18:45 witherspoon systemd[1]: Starting Phosphor Host State Manager...
Aug 09 16:18:45 witherspoon systemd[1]: Starting Phosphor Power0 Control...
Aug 09 16:18:45 witherspoon systemd[1]: Starting Phosphor Reset Button0...
Aug 09 16:18:45 witherspoon systemd[1]: Starting Phosphor BMC State Manager...
Aug 09 16:18:45 witherspoon systemd[1]: Started Wait for /org/openbmc/settings/host0.
Aug 09 16:18:45 witherspoon systemd[1]: Started Phosphor Inband IPMI.
Aug 09 16:18:46 witherspoon phosphor-bmc-state-manager[1119]: Setting the BMCState field
Aug 09 16:18:46 witherspoon phosphor-bmc-state-manager[1119]: Setting the BMCState field
Aug 09 16:18:47 witherspoon systemd[1]: Started Wait for /org/openbmc/control/flash/bios.
Aug 09 16:18:47 witherspoon systemd[1]: Started Phosphor BMC State Manager.
Aug 09 16:18:47 witherspoon systemd[1]: Started Initialize BIOS Flash.
Aug 09 16:18:47 witherspoon phosphor-chassis-state-manager[1115]: Initial Chassis State will be Off
Aug 09 16:18:47 witherspoon systemd[1]: Started Phosphor Chassis State Manager.
Aug 09 16:18:47 witherspoon system_manager.py[1059]: New object: /org/openbmc/control/power0 (:1.84)
Aug 09 16:18:47 witherspoon button_reset.exe[1118]: GPIO Lookup:  RESET_BUTTON = 353,both
Aug 09 16:18:47 witherspoon systemd[1]: Started Phosphor Reset Button0.
Aug 09 16:18:48 witherspoon button_power.exe[1114]: GPIO Lookup:  POWER_BUTTON = 347,both
Aug 09 16:18:48 witherspoon systemd[1]: Started Phosphor Power Button0.
Aug 09 16:18:48 witherspoon system_manager.py[1059]: Power GPIO config: ['SYS_PWROK_BUFF', '', [('SOFTWARE_PGOOD', True), ('BMC_POWER_UP', True)], [('BMC_CP0_RESET_N', False)], [], 'FSI_DATA', 'FSI_CLK', 'FSI_ENABLE', 'CRONUS_SEL', []]
Aug 09 16:18:48 witherspoon power_control.exe[1117]: Power GPIO latch output:
Aug 09 16:18:48 witherspoon power_control.exe[1117]: Power GPIO power good input: SYS_PWROK_BUFF
Aug 09 16:18:48 witherspoon power_control.exe[1117]: Power GPIO 2 power_up outputs
Aug 09 16:18:48 witherspoon power_control.exe[1117]: Power GPIO power_up[0] = SOFTWARE_PGOOD active HIGH
Aug 09 16:18:48 witherspoon power_control.exe[1117]: Power GPIO power_up[1] = BMC_POWER_UP active HIGH
Aug 09 16:18:48 witherspoon power_control.exe[1117]: Power GPIO 1 reset outputs
Aug 09 16:18:48 witherspoon power_control.exe[1117]: Power GPIO reset[0] = BMC_CP0_RESET_N active LOW
Aug 09 16:18:48 witherspoon power_control.exe[1117]: Power GPIO 0 pci reset outputs
Aug 09 16:18:48 witherspoon power_control.exe[1117]: FSI DATA GPIO: FSI_DATA
Aug 09 16:18:48 witherspoon power_control.exe[1117]: FSI CLK GPIO: FSI_CLK
Aug 09 16:18:48 witherspoon power_control.exe[1117]: FSI ENABLE GPIO: FSI_ENABLE
Aug 09 16:18:48 witherspoon power_control.exe[1117]: CRONUS SEL GPIO: CRONUS_SEL
Aug 09 16:18:48 witherspoon power_control.exe[1117]: Hostctl GPIO optionals: 0
Aug 09 16:18:48 witherspoon power_control.exe[1117]: GPIO Lookup:  SYS_PWROK_BUFF = 306,in
Aug 09 16:18:48 witherspoon power_control.exe[1117]: GPIO Lookup:  SOFTWARE_PGOOD = 417,out
Aug 09 16:18:48 witherspoon power_control.exe[1117]: GPIO Lookup:  BMC_POWER_UP = 305,out
Aug 09 16:18:48 witherspoon power_control.exe[1117]: GPIO Lookup:  BMC_CP0_RESET_N = 281,out
Aug 09 16:18:48 witherspoon power_control.exe[1117]: Pgood state: 0
Aug 09 16:18:48 witherspoon systemd[1]: Started Phosphor Power0 Control.
Aug 09 16:18:49 witherspoon phosphor-host-state-manager[1116]: Initial Host State will be Off
Aug 09 16:18:50 witherspoon systemd[1]: Started Phosphor Host State Manager.
Aug 09 16:18:52 witherspoon flash_bios.exe[1096]: Starting flasher: bios,,/org/openbmc/control/flash/bios,
Aug 09 16:18:52 witherspoon flash_bios.exe[1096]: flasher: , BMC = 1, address = 0x0
Aug 09 16:18:52 witherspoon flash_bios.exe[1096]: Setting up flash
Aug 09 16:18:53 witherspoon flash_bios.exe[1096]: Starting flasher: bios,,/org/openbmc/control/flash/bios,
Aug 09 16:18:53 witherspoon flash_bios.exe[1096]: flasher: , BMC = 1, address = 0x0
Aug 09 16:18:53 witherspoon flash_bios.exe[1096]: Setting up flash
Aug 09 16:18:53 witherspoon system_manager.py[1059]: SystemManager Goto System State: BMC_READY
Aug 09 16:18:53 witherspoon system_manager.py[1059]: Running System State: BMC_READY
Aug 09 16:18:53 witherspoon systemd[1]: Started Wait for /org/openbmc/control/power0.
Aug 09 16:18:53 witherspoon systemd[1]: Starting Phosphor Time Manager daemon...
Aug 09 16:18:53 witherspoon systemd[1]: Starting Check Chassis0 pgood and create a file to indicate it...
Aug 09 16:18:54 witherspoon systemd[1]: Started Wait for /xyz/openbmc_project/state/chassis0.
Aug 09 16:18:54 witherspoon systemd[1]: Started Check Chassis0 pgood and create a file to indicate it.
Aug 09 16:18:54 witherspoon systemd[1]: Reached target Chassis0 power on after reset.
Aug 09 16:18:54 witherspoon systemd[1]: Reached target Chassis0 (Reset Check).
Aug 09 16:18:55 witherspoon timemanager[1155]: Registering dbus methods
Aug 09 16:18:55 witherspoon timemanager[1155]: Last known time_mode: NTP
Aug 09 16:18:55 witherspoon timemanager[1155]: Last known time_owner: BMC
Aug 09 16:18:55 witherspoon timemanager[1155]: Empty DhcpNtp string
Aug 09 16:18:55 witherspoon timemanager[1155]: Reading Power Control key: pgood
Aug 09 16:18:55 witherspoon timemanager[1155]: Changing settings *allowed* now
Aug 09 16:18:55 witherspoon systemd[1]: Started Wait for /xyz/openbmc_project/control/host0.
Aug 09 16:18:55 witherspoon systemd[1]: Reached target Host0 running after reset.
Aug 09 16:18:55 witherspoon systemd[1]: Reached target Host0 (Reset Check).
Aug 09 16:18:55 witherspoon systemd[1]: Started Wait for /xyz/openbmc_project/state/host0.
Aug 09 16:18:55 witherspoon systemd[1]: Starting Reboot If Enabled...
Aug 09 16:18:56 witherspoon timemanager[1155]: Owner is already set to : BMC
Aug 09 16:18:56 witherspoon timemanager[1155]: Requested_Mode: NTP Current_Mode: NTP
Aug 09 16:18:56 witherspoon timemanager[1155]: Mode is already set to : NTP
Aug 09 16:18:56 witherspoon timemanager[1155]: Getting System Settings: use_dhcp_ntp
Aug 09 16:18:56 witherspoon timemanager[1155]: use_dhcp_ntp = yes
Aug 09 16:18:56 witherspoon timemanager[1155]: Last known host_offset:0
Aug 09 16:18:56 witherspoon timemanager[1155]: Initial Uptime Usec: 1502295434167222
Aug 09 16:18:56 witherspoon systemd[1]: Started Phosphor Time Manager daemon.
Aug 09 16:18:56 witherspoon phosphor-discover-system-state[1169]: Host power is off, checking power policy
Aug 09 16:18:56 witherspoon systemd[1]: Started Reboot If Enabled.
Aug 09 16:18:56 witherspoon systemd[1]: Reached target Phosphor System - Standby.
Aug 09 16:18:56 witherspoon systemd[1]: Starting Assert bmc_booted LED...
Aug 09 16:18:56 witherspoon phosphor-bmc-state-manager[1119]: BMC_READY
Aug 09 16:18:56 witherspoon phosphor-bmc-state-manager[1119]: Setting the BMCState field
Aug 09 16:18:57 witherspoon phosphor-ledmanager[939]: Asserting LEDs
Aug 09 16:18:57 witherspoon systemd[1]: Started Assert bmc_booted LED.
Aug 09 16:18:57 witherspoon systemd[1]: Startup finished in 8.781s (kernel) + 1min 34.581s (userspace) = 1min 43.362s.
Aug 09 16:18:59 witherspoon avahi-daemon[973]: Service name conflict for "phosphor_rest" (/services/phosphor_rest.service), retrying with "phosphor_rest #18".
Aug 09 16:18:59 witherspoon avahi-daemon[973]: Service name conflict for "sftp" (/services/sftp.service), retrying with "sftp #18".
Aug 09 16:19:18 witherspoon avahi-daemon[973]: Service name conflict for "phosphor_rest" (/services/phosphor_rest.service), retrying with "phosphor_rest #19".
Aug 09 16:19:19 witherspoon avahi-daemon[973]: Service name conflict for "sftp" (/services/sftp.service), retrying with "sftp #19".
Aug 09 16:19:39 witherspoon avahi-daemon[973]: Service name conflict for "sftp" (/services/sftp.service), retrying with "sftp #20".
Aug 09 16:19:39 witherspoon avahi-daemon[973]: Service name conflict for "phosphor_rest" (/services/phosphor_rest.service), retrying with "phosphor_rest #20".
Aug 09 16:19:58 witherspoon avahi-daemon[973]: Service name conflict for "phosphor_rest" (/services/phosphor_rest.service), retrying with "phosphor_rest #21".
Aug 09 16:19:59 witherspoon avahi-daemon[973]: Service name conflict for "sftp" (/services/sftp.service), retrying with "sftp #21".
Aug 09 16:20:19 witherspoon avahi-daemon[973]: Service name conflict for "phosphor_rest" (/services/phosphor_rest.service), retrying with "phosphor_rest #22".
Aug 09 16:20:19 witherspoon avahi-daemon[973]: Service name conflict for "sftp" (/services/sftp.service), retrying with "sftp #22".
Aug 09 16:20:39 witherspoon avahi-daemon[973]: Service name conflict for "phosphor_rest" (/services/phosphor_rest.service), retrying with "phosphor_rest #23".
Aug 09 16:20:39 witherspoon avahi-daemon[973]: Service name conflict for "sftp" (/services/sftp.service), retrying with "sftp #23".
Aug 09 16:20:58 witherspoon avahi-daemon[973]: Service name conflict for "sftp" (/services/sftp.service), retrying with "sftp #24".
Aug 09 16:20:59 witherspoon avahi-daemon[973]: Service name conflict for "phosphor_rest" (/services/phosphor_rest.service), retrying with "phosphor_rest #24".
Aug 09 16:21:18 witherspoon avahi-daemon[973]: Service name conflict for "sftp" (/services/sftp.service), retrying with "sftp #25".
Aug 09 16:21:18 witherspoon avahi-daemon[973]: Service name conflict for "phosphor_rest" (/services/phosphor_rest.service), retrying with "phosphor_rest #25".
Aug 09 16:21:38 witherspoon avahi-daemon[973]: Service name conflict for "sftp" (/services/sftp.service), retrying with "sftp #26".
Aug 09 16:21:38 witherspoon avahi-daemon[973]: Service name conflict for "phosphor_rest" (/services/phosphor_rest.service), retrying with "phosphor_rest #26".
Aug 09 16:21:50 witherspoon systemd[1]: Started Phosphor Webserver.
Aug 09 16:21:59 witherspoon avahi-daemon[973]: Service name conflict for "sftp" (/services/sftp.service), retrying with "sftp #27".
Aug 09 16:21:59 witherspoon avahi-daemon[973]: Service name conflict for "phosphor_rest" (/services/phosphor_rest.service), retrying with "phosphor_rest #27".
Aug 09 16:22:02 witherspoon phosphor-gevent[1184]: ::8019:6576:8e91:f402%1995447068 - - [2017-08-09 16:22:02] "POST /login HTTP/1.1" 200 320 0.045060
Aug 09 16:22:02 witherspoon systemd[1]: Created slice system-dropbear.slice.
Aug 09 16:22:02 witherspoon systemd[1]: Started SSH Per-Connection Server (9.41.165.94:58004).
Aug 09 16:22:02 witherspoon dropbear[1186]: Failed loading /etc/dropbear/dropbear_dss_host_key
Aug 09 16:22:02 witherspoon dropbear[1186]: Failed loading /etc/dropbear/dropbear_ecdsa_host_key
Aug 09 16:22:02 witherspoon dropbear[1186]: Child connection from ::ffff:9.41.165.94:58004
Aug 09 16:22:03 witherspoon dropbear[1186]: PAM password auth succeeded for 'root' from ::ffff:9.41.165.94:58004
Aug 09 16:22:03 witherspoon dropbear[1187]: lastlog_perform_login: Couldn't stat /var/log/lastlog: No such file or directory
Aug 09 16:22:03 witherspoon dropbear[1187]: lastlog_openseek: /var/log/lastlog is not a file or directory!
Aug 09 16:22:04 witherspoon systemd[1]: Started SSH Per-Connection Server (9.41.165.94:58006).
Aug 09 16:22:04 witherspoon dropbear[1191]: Failed loading /etc/dropbear/dropbear_dss_host_key
Aug 09 16:22:04 witherspoon dropbear[1191]: Failed loading /etc/dropbear/dropbear_ecdsa_host_key
Aug 09 16:22:04 witherspoon dropbear[1191]: Child connection from ::ffff:9.41.165.94:58006
Aug 09 16:22:05 witherspoon dropbear[1191]: PAM password auth succeeded for 'root' from ::ffff:9.41.165.94:58006
Aug 09 16:22:05 witherspoon dropbear[1192]: lastlog_perform_login: Couldn't stat /var/log/lastlog: No such file or directory
Aug 09 16:22:05 witherspoon dropbear[1192]: lastlog_openseek: /var/log/lastlog is not a file or directory!
Aug 09 16:22:06 witherspoon systemd[1]: Started SSH Per-Connection Server (9.41.165.94:58008).
Aug 09 16:22:06 witherspoon dropbear[1198]: Failed loading /etc/dropbear/dropbear_dss_host_key
Aug 09 16:22:06 witherspoon dropbear[1198]: Failed loading /etc/dropbear/dropbear_ecdsa_host_key
Aug 09 16:22:06 witherspoon dropbear[1198]: Child connection from ::ffff:9.41.165.94:58008
Aug 09 16:22:06 witherspoon dropbear[1198]: PAM password auth succeeded for 'root' from ::ffff:9.41.165.94:58008
Aug 09 16:22:06 witherspoon dropbear[1199]: lastlog_perform_login: Couldn't stat /var/log/lastlog: No such file or directory
Aug 09 16:22:06 witherspoon dropbear[1199]: lastlog_openseek: /var/log/lastlog is not a file or directory!
Aug 09 16:22:08 witherspoon phosphor-gevent[1184]: ::8019:6576:8e91:f402%1995447068 - - [2017-08-09 16:22:08] "POST /login HTTP/1.1" 200 320 0.032799
Aug 09 16:22:08 witherspoon phosphor-gevent[1184]: ::8019:6576:8e91:f402%1995447068 - - [2017-08-09 16:22:08] "GET /xyz/openbmc_project/state/host0//attr/CurrentHostState HTTP/1.1" 200 212 0.104461
Aug 09 16:22:08 witherspoon dropbear[1186]: Exit (root): Error reading: Connection reset by peer
Aug 09 16:22:08 witherspoon dropbear[1191]: Exit (root): Exited normally
Aug 09 16:22:08 witherspoon dropbear[1198]: Exit (root): Exited normally
Aug 09 16:22:19 witherspoon avahi-daemon[973]: Service name conflict for "phosphor_rest" (/services/phosphor_rest.service), retrying with "phosphor_rest #28".
Aug 09 16:22:19 witherspoon avahi-daemon[973]: Service name conflict for "sftp" (/services/sftp.service), retrying with "sftp #28".
Aug 09 16:22:38 witherspoon avahi-daemon[973]: Service name conflict for "sftp" (/services/sftp.service), retrying with "sftp #29".
Aug 09 16:22:38 witherspoon avahi-daemon[973]: Service name conflict for "phosphor_rest" (/services/phosphor_rest.service), retrying with "phosphor_rest #29".
Aug 09 16:22:58 witherspoon avahi-daemon[973]: Service name conflict for "phosphor_rest" (/services/phosphor_rest.service), retrying with "phosphor_rest #30".
Aug 09 16:22:58 witherspoon avahi-daemon[973]: Service name conflict for "sftp" (/services/sftp.service), retrying with "sftp #30".
Aug 09 16:23:04 witherspoon avahi-daemon[973]: Withdrawing address record for fe80::72e2:84ff:fe14:23e1 on eth0.
Aug 09 16:23:04 witherspoon avahi-daemon[973]: Host name conflict, retrying with witherspoon-2
Aug 09 16:23:04 witherspoon avahi-daemon[973]: Registering new address record for fe80::72e2:84ff:fe14:23e1 on eth0.*.
Aug 09 16:23:04 witherspoon avahi-daemon[973]: Registering new address record for 9.3.86.161 on eth0.IPv4.
Aug 09 16:23:04 witherspoon avahi-daemon[973]: Withdrawing address record for 9.3.86.161 on eth0.
Aug 09 16:23:04 witherspoon avahi-daemon[973]: Host name conflict, retrying with witherspoon-3
Aug 09 16:23:04 witherspoon avahi-daemon[973]: Registering new address record for fe80::72e2:84ff:fe14:23e1 on eth0.*.
Aug 09 16:23:04 witherspoon avahi-daemon[973]: Registering new address record for 9.3.86.161 on eth0.IPv4.
Aug 09 16:23:05 witherspoon avahi-daemon[973]: Withdrawing address record for 9.3.86.161 on eth0.
Aug 09 16:23:05 witherspoon avahi-daemon[973]: Host name conflict, retrying with witherspoon-4
Aug 09 16:23:05 witherspoon avahi-daemon[973]: Registering new address record for fe80::72e2:84ff:fe14:23e1 on eth0.*.
Aug 09 16:23:05 witherspoon avahi-daemon[973]: Registering new address record for 9.3.86.161 on eth0.IPv4.
Aug 09 16:23:06 witherspoon avahi-daemon[973]: Withdrawing address record for 9.3.86.161 on eth0.
Aug 09 16:23:06 witherspoon avahi-daemon[973]: Host name conflict, retrying with witherspoon-5
Aug 09 16:23:06 witherspoon avahi-daemon[973]: Registering new address record for fe80::72e2:84ff:fe14:23e1 on eth0.*.
Aug 09 16:23:06 witherspoon avahi-daemon[973]: Registering new address record for 9.3.86.161 on eth0.IPv4.
Aug 09 16:23:07 witherspoon avahi-daemon[973]: Withdrawing address record for 9.3.86.161 on eth0.
Aug 09 16:23:07 witherspoon avahi-daemon[973]: Host name conflict, retrying with witherspoon-6
Aug 09 16:23:07 witherspoon avahi-daemon[973]: Registering new address record for fe80::72e2:84ff:fe14:23e1 on eth0.*.
Aug 09 16:23:07 witherspoon avahi-daemon[973]: Registering new address record for 9.3.86.161 on eth0.IPv4.
Aug 09 16:23:08 witherspoon avahi-daemon[973]: Withdrawing address record for 9.3.86.161 on eth0.
Aug 09 16:23:08 witherspoon avahi-daemon[973]: Host name conflict, retrying with witherspoon-7
Aug 09 16:23:08 witherspoon avahi-daemon[973]: Registering new address record for fe80::72e2:84ff:fe14:23e1 on eth0.*.
Aug 09 16:23:08 witherspoon avahi-daemon[973]: Registering new address record for 9.3.86.161 on eth0.IPv4.
Aug 09 16:23:09 witherspoon avahi-daemon[973]: Withdrawing address record for 9.3.86.161 on eth0.
Aug 09 16:23:09 witherspoon avahi-daemon[973]: Host name conflict, retrying with witherspoon-8
Aug 09 16:23:09 witherspoon avahi-daemon[973]: Registering new address record for fe80::72e2:84ff:fe14:23e1 on eth0.*.
Aug 09 16:23:09 witherspoon avahi-daemon[973]: Registering new address record for 9.3.86.161 on eth0.IPv4.
Aug 09 16:23:10 witherspoon avahi-daemon[973]: Withdrawing address record for 9.3.86.161 on eth0.
Aug 09 16:23:10 witherspoon avahi-daemon[973]: Host name conflict, retrying with witherspoon-9
Aug 09 16:23:10 witherspoon avahi-daemon[973]: Registering new address record for fe80::72e2:84ff:fe14:23e1 on eth0.*.
Aug 09 16:23:10 witherspoon avahi-daemon[973]: Registering new address record for 9.3.86.161 on eth0.IPv4.
Aug 09 16:23:11 witherspoon avahi-daemon[973]: Withdrawing address record for 9.3.86.161 on eth0.
Aug 09 16:23:11 witherspoon avahi-daemon[973]: Host name conflict, retrying with witherspoon-10
Aug 09 16:23:11 witherspoon avahi-daemon[973]: Registering new address record for fe80::72e2:84ff:fe14:23e1 on eth0.*.
Aug 09 16:23:11 witherspoon avahi-daemon[973]: Registering new address record for 9.3.86.161 on eth0.IPv4.
Aug 09 16:23:12 witherspoon avahi-daemon[973]: Withdrawing address record for 9.3.86.161 on eth0.
Aug 09 16:23:12 witherspoon avahi-daemon[973]: Host name conflict, retrying with witherspoon-11
Aug 09 16:23:12 witherspoon avahi-daemon[973]: Registering new address record for fe80::72e2:84ff:fe14:23e1 on eth0.*.
Aug 09 16:23:12 witherspoon avahi-daemon[973]: Registering new address record for 9.3.86.161 on eth0.IPv4.
Aug 09 16:23:13 witherspoon avahi-daemon[973]: Withdrawing address record for 9.3.86.161 on eth0.
Aug 09 16:23:13 witherspoon avahi-daemon[973]: Host name conflict, retrying with witherspoon-12
Aug 09 16:23:13 witherspoon avahi-daemon[973]: Registering new address record for fe80::72e2:84ff:fe14:23e1 on eth0.*.
Aug 09 16:23:13 witherspoon avahi-daemon[973]: Registering new address record for 9.3.86.161 on eth0.IPv4.
Aug 09 16:23:14 witherspoon avahi-daemon[973]: Withdrawing address record for 9.3.86.161 on eth0.
Aug 09 16:23:14 witherspoon avahi-daemon[973]: Host name conflict, retrying with witherspoon-13
Aug 09 16:23:14 witherspoon avahi-daemon[973]: Registering new address record for fe80::72e2:84ff:fe14:23e1 on eth0.*.
Aug 09 16:23:14 witherspoon avahi-daemon[973]: Registering new address record for 9.3.86.161 on eth0.IPv4.
Aug 09 16:23:15 witherspoon avahi-daemon[973]: Withdrawing address record for 9.3.86.161 on eth0.
Aug 09 16:23:15 witherspoon avahi-daemon[973]: Host name conflict, retrying with witherspoon-14
Aug 09 16:23:15 witherspoon avahi-daemon[973]: Registering new address record for fe80::72e2:84ff:fe14:23e1 on eth0.*.
Aug 09 16:23:15 witherspoon avahi-daemon[973]: Registering new address record for 9.3.86.161 on eth0.IPv4.
Aug 09 16:23:16 witherspoon avahi-daemon[973]: Withdrawing address record for 9.3.86.161 on eth0.
Aug 09 16:23:16 witherspoon avahi-daemon[973]: Host name conflict, retrying with witherspoon-15
Aug 09 16:23:16 witherspoon avahi-daemon[973]: Registering new address record for fe80::72e2:84ff:fe14:23e1 on eth0.*.
Aug 09 16:23:16 witherspoon avahi-daemon[973]: Registering new address record for 9.3.86.161 on eth0.IPv4.
Aug 09 16:23:17 witherspoon avahi-daemon[973]: Withdrawing address record for 9.3.86.161 on eth0.
Aug 09 16:23:17 witherspoon avahi-daemon[973]: Host name conflict, retrying with witherspoon-16
Aug 09 16:23:17 witherspoon avahi-daemon[973]: Registering new address record for fe80::72e2:84ff:fe14:23e1 on eth0.*.
Aug 09 16:23:17 witherspoon avahi-daemon[973]: Registering new address record for 9.3.86.161 on eth0.IPv4.
Aug 09 16:23:21 witherspoon systemd[1]: Started SSH Per-Connection Server (9.41.165.94:58036).
Aug 09 16:23:21 witherspoon dropbear[1210]: Failed loading /etc/dropbear/dropbear_dss_host_key
Aug 09 16:23:21 witherspoon dropbear[1210]: Failed loading /etc/dropbear/dropbear_ecdsa_host_key
Aug 09 16:23:21 witherspoon dropbear[1210]: Child connection from ::ffff:9.41.165.94:58036
Aug 09 16:23:21 witherspoon dropbear[1210]: PAM password auth succeeded for 'root' from ::ffff:9.41.165.94:58036
Aug 09 16:23:21 witherspoon dropbear[1211]: lastlog_perform_login: Couldn't stat /var/log/lastlog: No such file or directory
Aug 09 16:23:21 witherspoon dropbear[1211]: lastlog_openseek: /var/log/lastlog is not a file or directory!
Aug 09 16:23:23 witherspoon systemd[1]: Started SSH Per-Connection Server (9.41.165.94:58038).
Aug 09 16:23:23 witherspoon dropbear[1220]: Failed loading /etc/dropbear/dropbear_dss_host_key
Aug 09 16:23:23 witherspoon dropbear[1220]: Failed loading /etc/dropbear/dropbear_ecdsa_host_key
Aug 09 16:23:23 witherspoon dropbear[1220]: Child connection from ::ffff:9.41.165.94:58038
Aug 09 16:23:24 witherspoon dropbear[1220]: PAM password auth succeeded for 'root' from ::ffff:9.41.165.94:58038
Aug 09 16:23:24 witherspoon dropbear[1221]: lastlog_perform_login: Couldn't stat /var/log/lastlog: No such file or directory
Aug 09 16:23:24 witherspoon dropbear[1221]: lastlog_openseek: /var/log/lastlog is not a file or directory!
Aug 09 16:23:24 witherspoon systemd[1]: Started SSH Per-Connection Server (9.41.165.94:58040).
Aug 09 16:23:24 witherspoon dropbear[1227]: Failed loading /etc/dropbear/dropbear_dss_host_key
Aug 09 16:23:24 witherspoon dropbear[1227]: Failed loading /etc/dropbear/dropbear_ecdsa_host_key
Aug 09 16:23:24 witherspoon dropbear[1227]: Child connection from ::ffff:9.41.165.94:58040
Aug 09 16:23:24 witherspoon dropbear[1227]: PAM password auth succeeded for 'root' from ::ffff:9.41.165.94:58040
Aug 09 16:23:25 witherspoon dropbear[1228]: lastlog_perform_login: Couldn't stat /var/log/lastlog: No such file or directory
Aug 09 16:23:25 witherspoon dropbear[1228]: lastlog_openseek: /var/log/lastlog is not a file or directory!
Aug 09 16:23:26 witherspoon phosphor-gevent[1184]: ::8019:6576:8e91:f402%1995447068 - - [2017-08-09 16:23:26] "POST /login HTTP/1.1" 200 320 0.032041
Aug 09 16:23:26 witherspoon phosphor-gevent[1184]: ::8019:6576:8e91:f402%1995447068 - - [2017-08-09 16:23:26] "POST /login HTTP/1.1" 200 320 0.037434
Aug 09 16:23:26 witherspoon phosphor-gevent[1184]: ::8019:6576:8e91:f402%1995447068 - - [2017-08-09 16:23:26] "GET /xyz/openbmc_project/state/host0//attr/CurrentHostState HTTP/1.1" 200 212 0.074910
Aug 09 16:23:27 witherspoon systemd[1]: Created slice system-obmc\x2dconsole\x2dssh.slice.
Aug 09 16:23:27 witherspoon systemd[1]: Started Phosphor Host Console SSH Per-Connection (9.41.165.94:53324).
Aug 09 16:23:27 witherspoon dropbear[1234]: Failed loading /etc/dropbear/dropbear_dss_host_key
Aug 09 16:23:27 witherspoon dropbear[1234]: Failed loading /etc/dropbear/dropbear_ecdsa_host_key
Aug 09 16:23:27 witherspoon dropbear[1234]: Child connection from ::ffff:9.41.165.94:53324
Aug 09 16:23:27 witherspoon phosphor-gevent[1184]: ::8019:6576:8e91:f402%1995447068 - - [2017-08-09 16:23:27] "POST /login HTTP/1.1" 200 320 0.098753
Aug 09 16:23:28 witherspoon phosphor-host-state-manager[1116]: Host State transaction request
Aug 09 16:23:28 witherspoon dropbear[1234]: PAM password auth succeeded for 'root' from ::ffff:9.41.165.94:53324
Aug 09 16:23:28 witherspoon dropbear[1235]: lastlog_perform_login: Couldn't stat /var/log/lastlog: No such file or directory
Aug 09 16:23:28 witherspoon dropbear[1235]: lastlog_openseek: /var/log/lastlog is not a file or directory!
Aug 09 16:23:28 witherspoon systemd[1]: Created slice system-ir35221\x2doff\x2dbind.slice.
Aug 09 16:23:28 witherspoon systemd[1]: Starting Wait for /xyz/openbmc_project/led/groups/power_on...
Aug 09 16:23:28 witherspoon systemd[1]: Starting Wait for /org/openbmc/control/chassis0...
Aug 09 16:23:28 witherspoon systemd[1]: Starting Wait for /org/openbmc/HostIpmi/1...
Aug 09 16:23:28 witherspoon systemd[1]: Created slice system-obmc\x2dled\x2dgroup\x2dstop.slice.
Aug 09 16:23:28 witherspoon systemd[1]: Reached target Stop Hosti (Pre).
Aug 09 16:23:28 witherspoon systemd[1]: Created slice system-op\x2dwait\x2dpower\x2doff.slice.
Aug 09 16:23:28 witherspoon systemd[1]: Created slice system-vcs_off_poweroff.slice.
Aug 09 16:23:28 witherspoon systemd[1]: Reached target Stop Host0 (Pre).
Aug 09 16:23:28 witherspoon systemd[1]: Created slice system-ir35221\x2doff\x2dunbind.slice.
Aug 09 16:23:28 witherspoon systemd[1]: Starting Power off mode unbind ir35221 device driver devs...
Aug 09 16:23:28 witherspoon systemd[1]: Created slice system-op\x2dpower\x2dstop.slice.
Aug 09 16:23:28 witherspoon systemd[1]: Reached target Hosti (Stopping).
Aug 09 16:23:28 witherspoon systemd[1]: Reached target Hosti (Stopped).
Aug 09 16:23:28 witherspoon systemd[1]: Reached target Poweri Off (Pre).
Aug 09 16:23:28 witherspoon systemd[1]: Reached target Poweri Off.
Aug 09 16:23:28 witherspoon phosphor-gevent[1184]: ::8019:6576:8e91:f402%1995447068 - - [2017-08-09 16:23:28] "PUT /xyz/openbmc_project/state/host0//attr/RequestedHostTransition HTTP/1.1" 200 169 1.121751
Aug 09 16:23:29 witherspoon systemd[1]: Started Wait for /org/openbmc/HostIpmi/1.
Aug 09 16:23:29 witherspoon systemd[1]: Starting Soft power off of the host...
Aug 09 16:23:29 witherspoon systemd[1]: Started Wait for /xyz/openbmc_project/led/groups/power_on.
Aug 09 16:23:30 witherspoon phosphor-gevent[1184]: ::8019:6576:8e91:f402%1995447068 - - [2017-08-09 16:23:30] "POST /login HTTP/1.1" 200 320 0.037022
Aug 09 16:23:30 witherspoon systemd[1]: Started Wait for /org/openbmc/control/chassis0.
Aug 09 16:23:30 witherspoon systemd[1]: Started Power off mode unbind ir35221 device driver devs.
Aug 09 16:23:30 witherspoon systemd[1]: xyz.openbmc_project.Hwmon@ahb-apb-i2c\x401e78a000-i2c\x2dbus\x40180-ir35221\x4070.service: Service hold-off time over, scheduling restart.
Aug 09 16:23:30 witherspoon systemd[1]: xyz.openbmc_project.Hwmon@ahb-apb-i2c\x401e78a000-i2c\x2dbus\x40140-ir35221\x4070.service: Unit not needed anymore. Stopping.
Aug 09 16:23:30 witherspoon systemd[1]: xyz.openbmc_project.Hwmon@ahb-apb-i2c\x401e78a000-i2c\x2dbus\x40180-ir35221\x4071.service: Service hold-off time over, scheduling restart.
Aug 09 16:23:30 witherspoon systemd[1]: xyz.openbmc_project.Hwmon@ahb-apb-i2c\x401e78a000-i2c\x2dbus\x40140-ir35221\x4071.service: Service hold-off time over, scheduling restart.
Aug 09 16:23:30 witherspoon systemd[1]: xyz.openbmc_project.Hwmon@ahb-apb-i2c\x401e78a000-i2c\x2dbus\x40140-ir35221\x4070.service: Service hold-off time over, scheduling restart.
Aug 09 16:23:30 witherspoon systemd[1]: xyz.openbmc_project.Hwmon@ahb-apb-i2c\x401e78a000-i2c\x2dbus\x40140-ir35221\x4070.service: Stop job pending for unit, delaying automatic restart.
Aug 09 16:23:30 witherspoon systemd[1]: xyz.openbmc_project.Hwmon@ahb-apb-i2c\x401e78a000-i2c\x2dbus\x40140-ir35221\x4071.service: Unit not needed anymore. Stopping.
Aug 09 16:23:30 witherspoon systemd[1]: Requested transaction contradicts existing jobs: Transaction is destructive.
Aug 09 16:23:30 witherspoon systemd[1]: xyz.openbmc_project.Hwmon@ahb-apb-i2c\x401e78a000-i2c\x2dbus\x40140-ir35221\x4071.service: Failed to enqueue stop job, ignoring: Transaction is destructive.
Aug 09 16:23:30 witherspoon systemd[1]: xyz.openbmc_project.Hwmon@ahb-apb-i2c\x401e78a000-i2c\x2dbus\x40180-ir35221\x4070.service: Unit not needed anymore. Stopping.
Aug 09 16:23:30 witherspoon systemd[1]: Requested transaction contradicts existing jobs: Transaction is destructive.
Aug 09 16:23:30 witherspoon systemd[1]: xyz.openbmc_project.Hwmon@ahb-apb-i2c\x401e78a000-i2c\x2dbus\x40180-ir35221\x4070.service: Failed to enqueue stop job, ignoring: Transaction is destructive.
Aug 09 16:23:30 witherspoon systemd[1]: xyz.openbmc_project.Hwmon@ahb-apb-i2c\x401e78a000-i2c\x2dbus\x40180-ir35221\x4071.service: Unit not needed anymore. Stopping.
Aug 09 16:23:30 witherspoon systemd[1]: Requested transaction contradicts existing jobs: Transaction is destructive.
Aug 09 16:23:30 witherspoon systemd[1]: xyz.openbmc_project.Hwmon@ahb-apb-i2c\x401e78a000-i2c\x2dbus\x40180-ir35221\x4071.service: Failed to enqueue stop job, ignoring: Transaction is destructive.
Aug 09 16:23:30 witherspoon systemd[1]: Stopped Phosphor Hwmon Poller.
Aug 09 16:23:30 witherspoon systemd[1]: Started Phosphor Hwmon Poller.
Aug 09 16:23:30 witherspoon systemd[1]: xyz.openbmc_project.Hwmon@ahb-apb-i2c\x401e78a000-i2c\x2dbus\x40140-ir35221\x4071.service: Unit not needed anymore. Stopping.
Aug 09 16:23:30 witherspoon systemd[1]: Stopping Phosphor Hwmon Poller...
Aug 09 16:23:30 witherspoon systemd[1]: Stopped Phosphor Hwmon Poller.
Aug 09 16:23:30 witherspoon systemd[1]: Started Phosphor Hwmon Poller.
Aug 09 16:23:30 witherspoon systemd[1]: xyz.openbmc_project.Hwmon@ahb-apb-i2c\x401e78a000-i2c\x2dbus\x40180-ir35221\x4071.service: Unit not needed anymore. Stopping.
Aug 09 16:23:30 witherspoon systemd[1]: Stopping Phosphor Hwmon Poller...
Aug 09 16:23:30 witherspoon systemd[1]: Stopped Phosphor Hwmon Poller.
Aug 09 16:23:30 witherspoon systemd[1]: Stopped Phosphor Hwmon Poller.
Aug 09 16:23:30 witherspoon systemd[1]: Started Phosphor Hwmon Poller.
Aug 09 16:23:30 witherspoon systemd[1]: xyz.openbmc_project.Hwmon@ahb-apb-i2c\x401e78a000-i2c\x2dbus\x40180-ir35221\x4070.service: Unit not needed anymore. Stopping.
Aug 09 16:23:30 witherspoon systemd[1]: Stopping Phosphor Hwmon Poller...
Aug 09 16:23:30 witherspoon systemd[1]: Starting Assert power_on LED...
Aug 09 16:23:31 witherspoon systemd[1]: Stopped Phosphor Hwmon Poller.
Aug 09 16:23:31 witherspoon systemd[1]: Stopped Phosphor Hwmon Poller.
Aug 09 16:23:31 witherspoon systemd[1]: Stopped Phosphor Hwmon Poller.
Aug 09 16:23:32 witherspoon ipmid[1121]: Pushing cmd on to queue
Aug 09 16:23:32 witherspoon ipmid[1121]: Asserting SMS Attention
Aug 09 16:23:32 witherspoon phosphor-gevent[1184]: ::8019:6576:8e91:f402%1995447068 - - [2017-08-09 16:23:32] "GET /xyz/openbmc_project/state/chassis0//attr/CurrentPowerState HTTP/1.1" 200 216 2.715124
Aug 09 16:23:33 witherspoon phosphor-gevent[1184]: ::8019:6576:8e91:f402%1995447068 - - [2017-08-09 16:23:33] "POST /login HTTP/1.1" 200 320 0.032170
Aug 09 16:23:34 witherspoon ipmid[1121]: SMS Attention asserted
Aug 09 16:23:35 witherspoon phosphor-gevent[1184]: ::8019:6576:8e91:f402%1995447068 - - [2017-08-09 16:23:35] "GET /xyz/openbmc_project/state/host0//attr/CurrentHostState HTTP/1.1" 200 212 1.928100
Aug 09 16:23:35 witherspoon systemd[1]: Started Assert power_on LED.
Aug 09 16:23:35 witherspoon phosphor-gevent[1184]: ::8019:6576:8e91:f402%1995447068 - - [2017-08-09 16:23:35] "POST /login HTTP/1.1" 200 320 0.054108
