-- Logs begin at Tue 2017-07-18 03:47:27 UTC, end at Tue 2017-07-18 04:03:02 UTC. --
Jul 18 03:47:27 witherspoon kernel: Booting Linux on physical CPU 0x0
Jul 18 03:47:27 witherspoon kernel: Linux version 4.10.17-9f6d91f5597d0b09da1caac45574e24c6aeadc44 (jenkins@openbmc-builder1) (gcc version 6.2.0 (GCC) ) #1 Tue Jul 18 03:29:28 UTC 2017
Jul 18 03:47:27 witherspoon kernel: CPU: ARMv6-compatible processor [410fb767] revision 7 (ARMv7), cr=00c5387d
Jul 18 03:47:27 witherspoon kernel: CPU: PIPT / VIPT nonaliasing data cache, VIPT nonaliasing instruction cache
Jul 18 03:47:27 witherspoon kernel: OF: fdt:Machine model: Witherspoon BMC
Jul 18 03:47:27 witherspoon kernel: Memory policy: Data cache writeback
Jul 18 03:47:27 witherspoon kernel: SOC Rev: 04030303
Jul 18 03:47:27 witherspoon kernel: On node 0 totalpages: 110592
Jul 18 03:47:27 witherspoon kernel: free_area_init_node: node 0, pgdat 805f33ec, node_mem_map 9ec1a000
Jul 18 03:47:27 witherspoon kernel:   Normal zone: 992 pages used for memmap
Jul 18 03:47:27 witherspoon kernel:   Normal zone: 0 pages reserved
Jul 18 03:47:27 witherspoon kernel:   Normal zone: 110592 pages, LIFO batch:31
Jul 18 03:47:27 witherspoon kernel: pcpu-alloc: s0 r0 d32768 u32768 alloc=1*32768
Jul 18 03:47:27 witherspoon kernel: pcpu-alloc: [0] 0 
Jul 18 03:47:27 witherspoon kernel: Built 1 zonelists in Zone order, mobility grouping on.  Total pages: 109600
Jul 18 03:47:27 witherspoon kernel: Kernel command line: console=ttyS4,115200n8 root=/dev/ram rw
Jul 18 03:47:27 witherspoon kernel: PID hash table entries: 2048 (order: 1, 8192 bytes)
Jul 18 03:47:27 witherspoon kernel: Dentry cache hash table entries: 65536 (order: 6, 262144 bytes)
Jul 18 03:47:27 witherspoon kernel: Inode-cache hash table entries: 32768 (order: 5, 131072 bytes)
Jul 18 03:47:27 witherspoon kernel: Memory: 430508K/442368K available (4047K kernel code, 280K rwdata, 1168K rodata, 280K init, 111K bss, 11860K reserved, 0K cma-reserved)
Jul 18 03:47:27 witherspoon kernel: Virtual kernel memory layout:
                                        vector  : 0xffff0000 - 0xffff1000   (   4 kB)
                                        fixmap  : 0xffc00000 - 0xfff00000   (3072 kB)
                                        vmalloc : 0x9f800000 - 0xff800000   (1536 MB)
                                        lowmem  : 0x80000000 - 0x9f000000   ( 496 MB)
                                          .text : 0x80008000 - 0x803fc1a0   (4049 kB)
                                          .init : 0x8057a000 - 0x805c0000   ( 280 kB)
                                          .data : 0x805c0000 - 0x80606188   ( 281 kB)
                                           .bss : 0x80606188 - 0x80622038   ( 112 kB)
Jul 18 03:47:27 witherspoon kernel: NR_IRQS:16 nr_irqs:16 16
Jul 18 03:47:27 witherspoon kernel: i2c controller registered, irq 16
Jul 18 03:47:27 witherspoon kernel: clocksource: moxart_timer: mask: 0xffffffff max_cycles: 0xffffffff, max_idle_ns: 77222644334 ns
Jul 18 03:47:27 witherspoon kernel: sched_clock: 32 bits at 100 Hz, resolution 10000000ns, wraps every 21474836475000000ns
Jul 18 03:47:27 witherspoon kernel: Calibrating delay loop... 789.70 BogoMIPS (lpj=3948544)
Jul 18 03:47:27 witherspoon kernel: pid_max: default: 32768 minimum: 301
Jul 18 03:47:27 witherspoon kernel: Mount-cache hash table entries: 1024 (order: 0, 4096 bytes)
Jul 18 03:47:27 witherspoon kernel: Mountpoint-cache hash table entries: 1024 (order: 0, 4096 bytes)
Jul 18 03:47:27 witherspoon kernel: CPU: Testing write buffer coherency: ok
Jul 18 03:47:27 witherspoon kernel: ftrace: allocating 14862 entries in 44 pages
Jul 18 03:47:27 witherspoon kernel: Setting up static identity map for 0x80008200 - 0x8000825c
Jul 18 03:47:27 witherspoon kernel: devtmpfs: initialized
Jul 18 03:47:27 witherspoon kernel: clocksource: jiffies: mask: 0xffffffff max_cycles: 0xffffffff, max_idle_ns: 19112604462750000 ns
Jul 18 03:47:27 witherspoon kernel: futex hash table entries: 256 (order: -1, 3072 bytes)
Jul 18 03:47:27 witherspoon kernel: pinctrl core: initialized pinctrl subsystem
Jul 18 03:47:27 witherspoon kernel: NET: Registered protocol family 16
Jul 18 03:47:27 witherspoon kernel: DMA: preallocated 256 KiB pool for atomic coherent allocations
Jul 18 03:47:27 witherspoon kernel: usbcore: registered new interface driver usbfs
Jul 18 03:47:27 witherspoon kernel: usbcore: registered new interface driver hub
Jul 18 03:47:27 witherspoon kernel: usbcore: registered new device driver usb
Jul 18 03:47:27 witherspoon kernel: clocksource: Switched to clocksource moxart_timer
Jul 18 03:47:27 witherspoon kernel: NET: Registered protocol family 2
Jul 18 03:47:27 witherspoon kernel: TCP established hash table entries: 4096 (order: 2, 16384 bytes)
Jul 18 03:47:27 witherspoon kernel: TCP bind hash table entries: 4096 (order: 2, 16384 bytes)
Jul 18 03:47:27 witherspoon kernel: TCP: Hash tables configured (established 4096 bind 4096)
Jul 18 03:47:27 witherspoon kernel: UDP hash table entries: 256 (order: 0, 4096 bytes)
Jul 18 03:47:27 witherspoon kernel: UDP-Lite hash table entries: 256 (order: 0, 4096 bytes)
Jul 18 03:47:27 witherspoon kernel: NET: Registered protocol family 1
Jul 18 03:47:27 witherspoon kernel: Trying to unpack rootfs image as initramfs...
Jul 18 03:47:27 witherspoon kernel: Freeing initrd memory: 1548K
Jul 18 03:47:27 witherspoon kernel: workingset: timestamp_bits=30 max_order=17 bucket_order=0
Jul 18 03:47:27 witherspoon kernel: squashfs: version 4.0 (2009/01/31) Phillip Lougher
Jul 18 03:47:27 witherspoon kernel: jffs2: version 2.2. (SUMMARY)  © 2001-2006 Red Hat, Inc.
Jul 18 03:47:27 witherspoon kernel: Block layer SCSI generic (bsg) driver version 0.4 loaded (major 250)
Jul 18 03:47:27 witherspoon kernel: io scheduler noop registered
Jul 18 03:47:27 witherspoon kernel: io scheduler deadline registered
Jul 18 03:47:27 witherspoon kernel: io scheduler cfq registered (default)
Jul 18 03:47:27 witherspoon kernel: ipmi-bt-host 1e789140.ibt: Found bt bmc device
Jul 18 03:47:27 witherspoon kernel: ipmi-bt-host 1e789140.ibt: Using IRQ 22
Jul 18 03:47:27 witherspoon kernel: Serial: 8250/16550 driver, 6 ports, IRQ sharing enabled
Jul 18 03:47:27 witherspoon kernel: 1e783000.serial: ttyS0 at MMIO 0x1e783000 (irq = 23, base_baud = 1500000) is a 16550A
Jul 18 03:47:27 witherspoon kernel: 1e78d000.serial: ttyS1 at MMIO 0x1e78d000 (irq = 24, base_baud = 1500000) is a 16550A
Jul 18 03:47:27 witherspoon kernel: 1e784000.serial: ttyS4 at MMIO 0x1e784000 (irq = 25, base_baud = 1500000) is a 16550A
Jul 18 03:47:27 witherspoon kernel: console [ttyS4] enabled
Jul 18 03:47:27 witherspoon kernel: 1e787000.vuart: ttyS2 at MMIO 0x1e787000 (irq = 22, base_baud = 1500000) is a 16550A
Jul 18 03:47:27 witherspoon kernel: timeriomem_rng 1e6e2078.hwrng: 32bits from 0xf00e2078 @ 1us
Jul 18 03:47:27 witherspoon kernel: brd: module loaded
Jul 18 03:47:27 witherspoon kernel: loop: module loaded
Jul 18 03:47:27 witherspoon kernel: aspeed-lpc-ctrl 1e789080.lpc-ctrl: Loaded at 0x98000000 (0x04000000)
Jul 18 03:47:27 witherspoon kernel: aspeed-smc 1e620000.flash-controller: Using IRQ 18
Jul 18 03:47:27 witherspoon kernel: aspeed-smc 1e620000.flash-controller: DMA support disabled.
Jul 18 03:47:27 witherspoon kernel: aspeed-smc 1e620000.flash-controller: mx25l25635e (32768 Kbytes)
Jul 18 03:47:27 witherspoon kernel: aspeed-smc 1e620000.flash-controller: CE0 window [ 0x20000000 - 0x22000000 ] 32MB
Jul 18 03:47:27 witherspoon kernel: aspeed-smc 1e620000.flash-controller: CE1 window [ 0x22000000 - 0x2a000000 ] 128MB
Jul 18 03:47:27 witherspoon kernel: 5 ofpart partitions found on MTD device bmc
Jul 18 03:47:27 witherspoon kernel: Creating 5 MTD partitions on "bmc":
Jul 18 03:47:27 witherspoon kernel: 0x000000000000-0x000000060000 : "u-boot"
Jul 18 03:47:27 witherspoon kernel: 0x000000060000-0x000000080000 : "u-boot-env"
Jul 18 03:47:27 witherspoon kernel: 0x000000080000-0x0000004c0000 : "kernel"
Jul 18 03:47:27 witherspoon kernel: 0x0000004c0000-0x000001c00000 : "rofs"
Jul 18 03:47:27 witherspoon kernel: 0x000001c00000-0x000002000000 : "rwfs"
Jul 18 03:47:27 witherspoon kernel: aspeed-smc 1e620000.flash-controller: mx25l25635e (32768 Kbytes)
Jul 18 03:47:27 witherspoon kernel: aspeed-smc 1e620000.flash-controller: CE1 window [ 0x22000000 - 0x24000000 ] 32MB
Jul 18 03:47:27 witherspoon kernel: aspeed-smc 1e620000.flash-controller: CE2 window [ 0x24000000 - 0x2c000000 ] 128MB
Jul 18 03:47:27 witherspoon kernel: aspeed-smc 1e630000.flash-controller: mx66l1g45g (131072 Kbytes)
Jul 18 03:47:27 witherspoon kernel: aspeed-smc 1e630000.flash-controller: CE0 window resized to 120MB (AST2500 HW quirk)
Jul 18 03:47:27 witherspoon kernel: aspeed-smc 1e630000.flash-controller: CE0 window [ 0x30000000 - 0x37800000 ] 120MB
Jul 18 03:47:27 witherspoon kernel: aspeed-smc 1e630000.flash-controller: CE0 window too small for chip 128MB
Jul 18 03:47:27 witherspoon kernel: aspeed-smc 1e630000.flash-controller: CE1 window [ 0x37800000 - 0x38000000 ] 8MB
Jul 18 03:47:27 witherspoon kernel: libphy: Fixed MDIO Bus: probed
Jul 18 03:47:27 witherspoon kernel: ftgmac100 1e660000.ethernet: Read MAC address 70:e2:84:14:28:a9 from chip
Jul 18 03:47:27 witherspoon kernel: ftgmac100 1e660000.ethernet: Using NCSI interface
Jul 18 03:47:27 witherspoon kernel: ftgmac100 1e660000.ethernet eth0: irq 20, mapped at f0060000
Jul 18 03:47:27 witherspoon kernel: ehci_hcd: USB 2.0 'Enhanced' Host Controller (EHCI) Driver
Jul 18 03:47:27 witherspoon kernel: ehci-platform: EHCI generic platform driver
Jul 18 03:47:27 witherspoon kernel:  fsi0: can't read slave 00:00 -5
Jul 18 03:47:27 witherspoon kernel: i2c /dev entries driver
Jul 18 03:47:27 witherspoon kernel: aspeed-i2c-bus 1e78a0c0.i2c-bus: i2c bus 2 registered, irq 26
Jul 18 03:47:27 witherspoon kernel: aspeed-i2c-bus 1e78a100.i2c-bus: i2c bus 3 registered, irq 27
Jul 18 03:47:27 witherspoon kernel: aspeed-i2c-bus 1e78a140.i2c-bus: i2c bus 4 registered, irq 28
Jul 18 03:47:27 witherspoon kernel: aspeed-i2c-bus 1e78a180.i2c-bus: i2c bus 5 registered, irq 29
Jul 18 03:47:27 witherspoon kernel: aspeed-i2c-bus 1e78a380.i2c-bus: i2c bus 9 registered, irq 30
Jul 18 03:47:27 witherspoon kernel: aspeed-i2c-bus 1e78a3c0.i2c-bus: i2c bus 10 registered, irq 31
Jul 18 03:47:27 witherspoon kernel: rtc-rv8803 11-0032: Voltage low, temperature compensation stopped.
Jul 18 03:47:27 witherspoon kernel: rtc-rv8803 11-0032: rtc core: registered rx8900 as rtc0
Jul 18 03:47:27 witherspoon kernel: at24 11-0051: 8192 byte 24c64 EEPROM, writable, 1 bytes/write
Jul 18 03:47:27 witherspoon kernel: aspeed-i2c-bus 1e78a400.i2c-bus: i2c bus 11 registered, irq 32
Jul 18 03:47:27 witherspoon kernel: aspeed-i2c-bus 1e78a440.i2c-bus: i2c bus 12 registered, irq 33
Jul 18 03:47:27 witherspoon kernel: aspeed-i2c-bus 1e78a480.i2c-bus: i2c bus 13 registered, irq 34
Jul 18 03:47:27 witherspoon kernel: Driver for 1-wire Dallas network protocol.
Jul 18 03:47:27 witherspoon kernel: lm75 9-004a: hwmon0: sensor 'tmp275'
Jul 18 03:47:27 witherspoon kernel: random: fast init done
Jul 18 03:47:27 witherspoon kernel: ucd9000 11-0064: Device ID UCD90160|2.3.4.0000|110603
Jul 18 03:47:27 witherspoon kernel: leds-pca955x 11-0060: leds-pca955x: Using pca9552 16-bit LED driver at slave address 0x60
Jul 18 03:47:27 witherspoon kernel: leds-pca955x 11-0060: gpios 264...279
Jul 18 03:47:27 witherspoon kernel: usbcore: registered new interface driver usbhid
Jul 18 03:47:27 witherspoon kernel: usbhid: USB HID core driver
Jul 18 03:47:27 witherspoon kernel: bmp280: probe of 3-0077 failed with error -5
Jul 18 03:47:27 witherspoon kernel: dps310 3-0076: iio:device1: sensor 'dps310'
Jul 18 03:47:27 witherspoon kernel: NET: Registered protocol family 10
Jul 18 03:47:27 witherspoon kernel: Segment Routing with IPv6
Jul 18 03:47:27 witherspoon kernel: NET: Registered protocol family 17
Jul 18 03:47:27 witherspoon kernel: console [netcon0] enabled
Jul 18 03:47:27 witherspoon kernel: netconsole: network logging started
Jul 18 03:47:27 witherspoon kernel: input: gpio-keys as /devices/platform/gpio-keys/input/input0
Jul 18 03:47:27 witherspoon kernel: rtc-rv8803 11-0032: setting system clock to 2017-07-18 03:47:12 UTC (1500349632)
Jul 18 03:47:27 witherspoon kernel: Freeing unused kernel memory: 280K
Jul 18 03:47:27 witherspoon kernel: This architecture does not have kernel memory protection.
Jul 18 03:47:27 witherspoon kernel: jffs2: notice: (514) jffs2_build_xattr_subsystem: complete building xattr subsystem, 0 of xdatum (0 unchecked, 0 orphan) and 0 of xref (0 dead, 0 orphan) found.
Jul 18 03:47:27 witherspoon systemd[1]: Failed to insert module 'autofs4': No such file or directory
Jul 18 03:47:27 witherspoon systemd[1]: systemd 232 running in system mode. (+PAM -AUDIT -SELINUX -IMA -APPARMOR -SMACK +SYSVINIT -UTMP -LIBCRYPTSETUP -GCRYPT -GNUTLS +ACL +XZ -LZ4 -SECCOMP +BLKID -ELFUTILS +KMOD -IDN)
Jul 18 03:47:27 witherspoon systemd[1]: Detected architecture arm.
Jul 18 03:47:27 witherspoon systemd[1]: Set hostname to <witherspoon>.
Jul 18 03:47:27 witherspoon systemd[1]: Listening on Journal Socket (/dev/log).
Jul 18 03:47:27 witherspoon systemd[1]: Listening on /dev/initctl Compatibility Named Pipe.
Jul 18 03:47:27 witherspoon systemd[1]: Reached target Remote File Systems.
Jul 18 03:47:27 witherspoon systemd[1]: Listening on Syslog Socket.
Jul 18 03:47:27 witherspoon systemd[1]: Reached target Swap.
Jul 18 03:47:27 witherspoon systemd[1]: Started Dispatch Password Requests to Console Directory Watch.
Jul 18 03:47:27 witherspoon systemd[1]: Listening on udev Kernel Socket.
Jul 18 03:47:27 witherspoon systemd[1]: Created slice system-phosphor\x2dcooling\x2dtype.slice.
Jul 18 03:47:27 witherspoon systemd[1]: Listening on Network Service Netlink Socket.
Jul 18 03:47:27 witherspoon systemd[1]: Created slice system-phosphor\x2dreset\x2dhost\x2drunning.slice.
Jul 18 03:47:27 witherspoon systemd[1]: Created slice system-org.openbmc.control.Bmc.slice.
Jul 18 03:47:27 witherspoon systemd[1]: Reached target Slices.
Jul 18 03:47:27 witherspoon systemd[1]: Created slice system-org.openbmc.control.Power.slice.
Jul 18 03:47:27 witherspoon systemd[1]: Reached target Paths.
Jul 18 03:47:27 witherspoon systemd[1]: Listening on udev Control Socket.
Jul 18 03:47:27 witherspoon systemd[1]: dev-hugepages.mount: Couldn't determine result for ConditionVirtualization=!private-users, assuming failed: No such file or directory
Jul 18 03:47:27 witherspoon systemd[1]: Listening on Journal Socket.
Jul 18 03:47:27 witherspoon systemd[1]: Created slice system-org.openbmc.buttons.Power.slice.
Jul 18 03:47:27 witherspoon systemd[1]: Mounting Temporary Directory...
Jul 18 03:47:27 witherspoon systemd[1]: Created slice system-serial\x2dgetty.slice.
Jul 18 03:47:27 witherspoon systemd[1]: Mounted Debug File System.
Jul 18 03:47:27 witherspoon systemd-journald[644]: Journal started
Jul 18 03:47:27 witherspoon systemd-journald[644]: Runtime journal (/run/log/journal/12c6a00ebfdd479284cf09f39d1bc042) is 0B, max 0B, 0B free.
Jul 18 03:47:27 witherspoon systemd-sysctl[611]: Couldn't write '16' to 'kernel/sysrq', ignoring: No such file or directory
Jul 18 03:47:27 witherspoon systemd-sysctl[611]: Couldn't write 'fq_codel' to 'net/core/default_qdisc', ignoring: No such file or directory
Jul 18 03:47:27 witherspoon systemd[1]: Mounted Temporary Directory.
Jul 18 03:47:28 witherspoon systemd[1]: Started Journal Service.
Jul 18 03:47:28 witherspoon systemd[1]: Started Remount Root and Kernel File Systems.
Jul 18 03:47:28 witherspoon systemd[1]: Started Apply Kernel Variables.
Jul 18 03:47:28 witherspoon systemd[1]: Starting Create System Users...
Jul 18 03:47:28 witherspoon systemd[1]: Starting Flush Journal to Persistent Storage...
Jul 18 03:47:29 witherspoon systemd[1]: Started udev Coldplug all Devices.
Jul 18 03:47:29 witherspoon systemd[1]: Started Create System Users.
Jul 18 03:47:30 witherspoon systemd[1]: Starting Create Static Device Nodes in /dev...
Jul 18 03:47:30 witherspoon systemd-journald[644]: Runtime journal (/run/log/journal/12c6a00ebfdd479284cf09f39d1bc042) is 0B, max 0B, 0B free.
Jul 18 03:47:30 witherspoon systemd[1]: Started Flush Journal to Persistent Storage.
Jul 18 03:47:30 witherspoon systemd[1]: Started Create Static Device Nodes in /dev.
Jul 18 03:47:30 witherspoon systemd[1]: Starting udev Kernel Device Manager...
Jul 18 03:47:30 witherspoon systemd[1]: Reached target Local File Systems (Pre).
Jul 18 03:47:30 witherspoon systemd[1]: Mounting /var/volatile...
Jul 18 03:47:30 witherspoon systemd[1]: Mounted /var/volatile.
Jul 18 03:47:30 witherspoon systemd[1]: Starting Load/Save Random Seed...
Jul 18 03:47:30 witherspoon systemd[1]: Reached target Local File Systems.
Jul 18 03:47:30 witherspoon systemd[1]: Starting Rebuild Journal Catalog...
Jul 18 03:47:30 witherspoon systemd[1]: Starting Create Volatile Files and Directories...
Jul 18 03:47:31 witherspoon systemd[1]: Started Load/Save Random Seed.
Jul 18 03:47:31 witherspoon systemd[1]: Started Rebuild Journal Catalog.
Jul 18 03:47:31 witherspoon systemd[1]: Starting Update is Completed...
Jul 18 03:47:31 witherspoon systemd-tmpfiles[876]: "/var/tmp" already exists and is not a directory.
Jul 18 03:47:31 witherspoon systemd-tmpfiles[876]: "/var/log" already exists and is not a directory.
Jul 18 03:47:31 witherspoon systemd[1]: Started Create Volatile Files and Directories.
Jul 18 03:47:31 witherspoon systemd[1]: Starting Network Time Synchronization...
Jul 18 03:47:31 witherspoon systemd[1]: Starting Run pending postinsts...
Jul 18 03:47:31 witherspoon systemd[1]: Started Update is Completed.
Jul 18 03:47:32 witherspoon systemd[1]: Started udev Kernel Device Manager.
Jul 18 03:47:32 witherspoon run-postinsts[883]: Running postinst /etc/rpm-postinsts/libglib-2.0-0...
Jul 18 03:47:32 witherspoon systemd[1]: Started Network Time Synchronization.
Jul 18 03:47:32 witherspoon systemd[1]: Reached target System Time Synchronized.
Jul 18 03:47:34 witherspoon systemd[1]: Found device /dev/aspeed-lpc-ctrl.
Jul 18 03:47:34 witherspoon systemd[1]: Found device /dev/aspeed-mbox.
Jul 18 03:47:34 witherspoon systemd[1]: Found device /dev/ttyS4.
Jul 18 03:47:34 witherspoon systemd[1]: Found device /dev/ttyVUART0.
Jul 18 03:47:35 witherspoon run-postinsts[883]: rm: can't remove '/etc/rpm-postinsts': Invalid argument
Jul 18 03:47:35 witherspoon run-postinsts[883]:  Removing any system startup links for run-postinsts ...
Jul 18 03:47:35 witherspoon systemd[1]: Created slice system-xyz.openbmc_project.led.controller.slice.
Jul 18 03:47:35 witherspoon systemd[1]: dev-hugepages.mount: Couldn't determine result for ConditionVirtualization=!private-users, assuming failed: No such file or directory
Jul 18 03:47:35 witherspoon systemd[1]: Created slice system-xyz.openbmc_project.Hwmon.slice.
Jul 18 03:47:35 witherspoon systemctl[914]: Removed /etc/systemd/system/sysinit.target.wants/run-postinsts.service.
Jul 18 03:47:35 witherspoon systemd[1]: Reloading.
Jul 18 03:47:38 witherspoon systemd[1]: Started Run pending postinsts.
Jul 18 03:47:38 witherspoon systemd[1]: Reached target System Initialization.
Jul 18 03:47:38 witherspoon systemd[1]: Listening on Phosphor DBUS Browser socket.
Jul 18 03:47:38 witherspoon systemd[1]: Listening on phosphor-ipmi-net.socket.
Jul 18 03:47:38 witherspoon systemd[1]: Listening on Avahi mDNS/DNS-SD Stack Activation Socket.
Jul 18 03:47:38 witherspoon systemd[1]: Listening on dropbear.socket.
Jul 18 03:47:38 witherspoon systemd[1]: Listening on Phosphor Host Console SSH Per-Connection socket.
Jul 18 03:47:38 witherspoon systemd[1]: Listening on Phosphor Webserver socket.
Jul 18 03:47:38 witherspoon systemd[1]: Listening on D-Bus System Message Bus Socket.
Jul 18 03:47:38 witherspoon systemd[1]: Reached target Sockets.
Jul 18 03:47:38 witherspoon systemd[1]: Reached target Basic System.
Jul 18 03:47:38 witherspoon systemd[1]: Starting Phosphor BMC0 Control...
Jul 18 03:47:38 witherspoon systemd[1]: Started Phosphor MBOX Daemon.
Jul 18 03:47:38 witherspoon systemd[1]: Starting Phosphor Inventory Manager...
Jul 18 03:47:38 witherspoon systemd[1]: Started D-Bus System Message Bus.
Jul 18 03:47:40 witherspoon systemd[1]: Starting Phosphor IPMI BT DBus Bridge...
Jul 18 03:47:40 witherspoon systemd[1]: Started Phosphor Hwmon Poller.
Jul 18 03:47:40 witherspoon systemd[1]: Starting Phosphor Inventory Manager...
Jul 18 03:47:40 witherspoon systemd[1]: Started Phosphor Hwmon Poller.
Jul 18 03:47:40 witherspoon systemd[1]: Starting Phosphor LED Group Management Daemon...
Jul 18 03:47:40 witherspoon systemd[1]: Started Kernel Logging Service.
Jul 18 03:47:40 witherspoon kernel[936]: klogd started: BusyBox v1.24.1 (2017-05-26 20:43:23 UTC)
Jul 18 03:47:40 witherspoon kernel[936]: [    0.000000] Booting Linux on physical CPU 0x0
Jul 18 03:47:40 witherspoon kernel[936]: [    0.000000] Linux version 4.10.17-9f6d91f5597d0b09da1caac45574e24c6aeadc44 (jenkins@openbmc-builder1) (gcc version 6.2.0 (GCC) ) #1 Tue Jul 18 03:29:28 UTC 2017
Jul 18 03:47:40 witherspoon kernel[936]: [    0.000000] CPU: ARMv6-compatible processor [410fb767] revision 7 (ARMv7), cr=00c5387d
Jul 18 03:47:40 witherspoon kernel[936]: [    0.000000] CPU: PIPT / VIPT nonaliasing data cache, VIPT nonaliasing instruction cache
Jul 18 03:47:40 witherspoon kernel[936]: [    0.000000] OF: fdt:Machine model: Witherspoon BMC
Jul 18 03:47:40 witherspoon kernel[936]: [    0.000000] Memory policy: Data cache writeback
Jul 18 03:47:40 witherspoon kernel[936]: [    0.000000] SOC Rev: 04030303
Jul 18 03:47:40 witherspoon kernel[936]: [    0.000000] On node 0 totalpages: 110592
Jul 18 03:47:40 witherspoon kernel[936]: [    0.000000] free_area_init_node: node 0, pgdat 805f33ec, node_mem_map 9ec1a000
Jul 18 03:47:40 witherspoon systemd[1]: Starting Phosphor DBus Service Discovery Manager...
Jul 18 03:47:40 witherspoon kernel[936]: [    0.000000]   Normal zone: 992 pages used for memmap
Jul 18 03:47:41 witherspoon systemd[1]: Started Phosphor Hwmon Poller.
Jul 18 03:47:40 witherspoon kernel[936]: [    0.000000]   Normal zone: 0 pages reserved
Jul 18 03:47:41 witherspoon systemd[1]: Started Phosphor Console Muxer listening on device /dev/ttyVUART0.
Jul 18 03:47:40 witherspoon kernel[936]: [    0.000000]   Normal zone: 110592 pages, LIFO batch:31
Jul 18 03:47:41 witherspoon systemd[1]: Starting Avahi mDNS/DNS-SD Stack...
Jul 18 03:47:40 witherspoon kernel[936]: [    0.000000] pcpu-alloc: s0 r0 d32768 u32768 alloc=1*32768
Jul 18 03:47:41 witherspoon systemd[1]: Starting Phosphor Sensor Manager...
Jul 18 03:47:40 witherspoon kernel[936]: [    0.000000] pcpu-alloc: [0] 0
Jul 18 03:47:40 witherspoon kernel[936]: [    0.000000] Built 1 zonelists in Zone order, mobility grouping on.  Total pages: 109600
Jul 18 03:47:40 witherspoon kernel[936]: [    0.000000] Kernel command line: console=ttyS4,115200n8 root=/dev/ram rw
Jul 18 03:47:40 witherspoon kernel[936]: [    0.000000] PID hash table entries: 2048 (order: 1, 8192 bytes)
Jul 18 03:47:40 witherspoon kernel[936]: [    0.000000] Dentry cache hash table entries: 65536 (order: 6, 262144 bytes)
Jul 18 03:47:40 witherspoon kernel[936]: [    0.000000] Inode-cache hash table entries: 32768 (order: 5, 131072 bytes)
Jul 18 03:47:40 witherspoon kernel[936]: [    0.000000] Memory: 430508K/442368K available (4047K kernel code, 280K rwdata, 1168K rodata, 280K init, 111K bss, 11860K reserved, 0K cma-reserved)
Jul 18 03:47:40 witherspoon kernel[936]: [    0.000000] Virtual kernel memory layout:
Jul 18 03:47:40 witherspoon kernel[936]: [    0.000000]     vector  : 0xffff0000 - 0xffff1000   (   4 kB)
Jul 18 03:47:40 witherspoon kernel[936]: [    0.000000]     fixmap  : 0xffc00000 - 0xfff00000   (3072 kB)
Jul 18 03:47:40 witherspoon kernel[936]: [    0.000000]     vmalloc : 0x9f800000 - 0xff800000   (1536 MB)
Jul 18 03:47:40 witherspoon kernel[936]: [    0.000000]     lowmem  : 0x80000000 - 0x9f000000   ( 496 MB)
Jul 18 03:47:40 witherspoon kernel[936]: [    0.000000]       .text : 0x80008000 - 0x803fc1a0   (4049 kB)
Jul 18 03:47:40 witherspoon kernel[936]: [    0.000000]       .init : 0x8057a000 - 0x805c0000   ( 280 kB)
Jul 18 03:47:40 witherspoon kernel[936]: [    0.000000]       .data : 0x805c0000 - 0x80606188   ( 281 kB)
Jul 18 03:47:40 witherspoon kernel[936]: [    0.000000]        .bss : 0x80606188 - 0x80622038   ( 112 kB)
Jul 18 03:47:40 witherspoon kernel[936]: [    0.000000] NR_IRQS:16 nr_irqs:16 16
Jul 18 03:47:40 witherspoon kernel[936]: [    0.000000] i2c controller registered, irq 16
Jul 18 03:47:40 witherspoon kernel[936]: [    0.000000] clocksource: moxart_timer: mask: 0xffffffff max_cycles: 0xffffffff, max_idle_ns: 77222644334 ns
Jul 18 03:47:40 witherspoon kernel[936]: [    0.000000] sched_clock: 32 bits at 100 Hz, resolution 10000000ns, wraps every 21474836475000000ns
Jul 18 03:47:40 witherspoon kernel[936]: [    0.090000] Calibrating delay loop... 789.70 BogoMIPS (lpj=3948544)
Jul 18 03:47:40 witherspoon kernel[936]: [    0.090000] pid_max: default: 32768 minimum: 301
Jul 18 03:47:40 witherspoon kernel[936]: [    0.090000] Mount-cache hash table entries: 1024 (order: 0, 4096 bytes)
Jul 18 03:47:40 witherspoon kernel[936]: [    0.090000] Mountpoint-cache hash table entries: 1024 (order: 0, 4096 bytes)
Jul 18 03:47:40 witherspoon kernel[936]: [    0.090000] CPU: Testing write buffer coherency: ok
Jul 18 03:47:40 witherspoon kernel[936]: [    0.090000] ftrace: allocating 14862 entries in 44 pages
Jul 18 03:47:40 witherspoon kernel[936]: [    0.120000] Setting up static identity map for 0x80008200 - 0x8000825c
Jul 18 03:47:40 witherspoon kernel[936]: [    0.120000] devtmpfs: initialized
Jul 18 03:47:40 witherspoon kernel[936]: [    0.140000] clocksource: jiffies: mask: 0xffffffff max_cycles: 0xffffffff, max_idle_ns: 19112604462750000 ns
Jul 18 03:47:40 witherspoon kernel[936]: [    0.140000] futex hash table entries: 256 (order: -1, 3072 bytes)
Jul 18 03:47:40 witherspoon kernel[936]: [    0.140000] pinctrl core: initialized pinctrl subsystem
Jul 18 03:47:40 witherspoon kernel[936]: [    0.140000] NET: Registered protocol family 16
Jul 18 03:47:40 witherspoon kernel[936]: [    0.140000] DMA: preallocated 256 KiB pool for atomic coherent allocations
Jul 18 03:47:40 witherspoon kernel[936]: [    0.210000] usbcore: registered new interface driver usbfs
Jul 18 03:47:40 witherspoon kernel[936]: [    0.210000] usbcore: registered new interface driver hub
Jul 18 03:47:40 witherspoon kernel[936]: [    0.210000] usbcore: registered new device driver usb
Jul 18 03:47:40 witherspoon kernel[936]: [    0.220000] clocksource: Switched to clocksource moxart_timer
Jul 18 03:47:40 witherspoon kernel[936]: [    0.240000] NET: Registered protocol family 2
Jul 18 03:47:40 witherspoon kernel[936]: [    0.240000] TCP established hash table entries: 4096 (order: 2, 16384 bytes)
Jul 18 03:47:40 witherspoon kernel[936]: [    0.240000] TCP bind hash table entries: 4096 (order: 2, 16384 bytes)
Jul 18 03:47:40 witherspoon kernel[936]: [    0.240000] TCP: Hash tables configured (established 4096 bind 4096)
Jul 18 03:47:40 witherspoon kernel[936]: [    0.240000] UDP hash table entries: 256 (order: 0, 4096 bytes)
Jul 18 03:47:40 witherspoon kernel[936]: [    0.240000] UDP-Lite hash table entries: 256 (order: 0, 4096 bytes)
Jul 18 03:47:43 witherspoon systemd[1]: Starting Phosphor Log Manager...
Jul 18 03:47:40 witherspoon kernel[936]: [    0.240000] NET: Registered protocol family 1
Jul 18 03:47:43 witherspoon systemd[1]: Started System Logging Service.
Jul 18 03:47:40 witherspoon kernel[936]: [    0.240000] Trying to unpack rootfs image as initramfs...
Jul 18 03:47:43 witherspoon systemd[1]: Starting Phosphor Download Manager...
Jul 18 03:47:40 witherspoon kernel[936]: [    1.910000] Freeing initrd memory: 1548K
Jul 18 03:47:43 witherspoon systemd[1]: Started Phosphor Hwmon Poller.
Jul 18 03:47:40 witherspoon kernel[936]: [    1.910000] workingset: timestamp_bits=30 max_order=17 bucket_order=0
Jul 18 03:47:43 witherspoon systemd[1]: Reached target Containers.
Jul 18 03:47:40 witherspoon kernel[936]: [    1.910000] squashfs: version 4.0 (2009/01/31) Phillip Lougher
Jul 18 03:47:43 witherspoon systemd[1]: Started Phosphor Hwmon Poller.
Jul 18 03:47:40 witherspoon kernel[936]: [    1.910000] jffs2: version 2.2. (SUMMARY)  © 2001-2006 Red Hat, Inc.
Jul 18 03:47:43 witherspoon systemd[1]: Starting Phosphor Dump Manager...
Jul 18 03:47:40 witherspoon kernel[936]: [    1.910000] Block layer SCSI generic (bsg) driver version 0.4 loaded (major 250)
Jul 18 03:47:43 witherspoon systemd[1]: Starting Phosphor Chassis0 Control...
Jul 18 03:47:40 witherspoon kernel[936]: [    1.910000] io scheduler noop registered
Jul 18 03:47:40 witherspoon kernel[936]: [    1.910000] io scheduler deadline registered
Jul 18 03:47:40 witherspoon kernel[936]: [    1.910000] io scheduler cfq registered (default)
Jul 18 03:47:40 witherspoon kernel[936]: [    2.060000] ipmi-bt-host 1e789140.ibt: Found bt bmc device
Jul 18 03:47:40 witherspoon kernel[936]: [    2.060000] ipmi-bt-host 1e789140.ibt: Using IRQ 22
Jul 18 03:47:40 witherspoon kernel[936]: [    2.060000] Serial: 8250/16550 driver, 6 ports, IRQ sharing enabled
Jul 18 03:47:40 witherspoon kernel[936]: [    2.060000] 1e783000.serial: ttyS0 at MMIO 0x1e783000 (irq = 23, base_baud = 1500000) is a 16550A
Jul 18 03:47:40 witherspoon kernel[936]: [    2.060000] 1e78d000.serial: ttyS1 at MMIO 0x1e78d000 (irq = 24, base_baud = 1500000) is a 16550A
Jul 18 03:47:40 witherspoon kernel[936]: [    2.060000] 1e784000.serial: ttyS4 at MMIO 0x1e784000 (irq = 25, base_baud = 1500000) is a 16550A
Jul 18 03:47:40 witherspoon kernel[936]: [    2.430000] console [ttyS4] enabled
Jul 18 03:47:40 witherspoon kernel[936]: [    2.430000] 1e787000.vuart: ttyS2 at MMIO 0x1e787000 (irq = 22, base_baud = 1500000) is a 16550A
Jul 18 03:47:40 witherspoon kernel[936]: [    2.600000] timeriomem_rng 1e6e2078.hwrng: 32bits from 0xf00e2078 @ 1us
Jul 18 03:47:40 witherspoon kernel[936]: [    2.640000] brd: module loaded
Jul 18 03:47:40 witherspoon kernel[936]: [    2.660000] loop: module loaded
Jul 18 03:47:40 witherspoon kernel[936]: [    2.660000] aspeed-lpc-ctrl 1e789080.lpc-ctrl: Loaded at 0x98000000 (0x04000000)
Jul 18 03:47:40 witherspoon kernel[936]: [    2.660000] aspeed-smc 1e620000.flash-controller: Using IRQ 18
Jul 18 03:47:40 witherspoon kernel[936]: [    2.690000] aspeed-smc 1e620000.flash-controller: DMA support disabled.
Jul 18 03:47:40 witherspoon kernel[936]: [    2.690000] aspeed-smc 1e620000.flash-controller: mx25l25635e (32768 Kbytes)
Jul 18 03:47:40 witherspoon kernel[936]: [    2.690000] aspeed-smc 1e620000.flash-controller: CE0 window [ 0x20000000 - 0x22000000 ] 32MB
Jul 18 03:47:40 witherspoon kernel[936]: [    2.690000] aspeed-smc 1e620000.flash-controller: CE1 window [ 0x22000000 - 0x2a000000 ] 128MB
Jul 18 03:47:40 witherspoon kernel[936]: [    2.690000] 5 ofpart partitions found on MTD device bmc
Jul 18 03:47:40 witherspoon kernel[936]: [    2.730000] Creating 5 MTD partitions on "bmc":
Jul 18 03:47:40 witherspoon kernel[936]: [    2.730000] 0x000000000000-0x000000060000 : "u-boot"
Jul 18 03:47:40 witherspoon kernel[936]: [    2.730000] 0x000000060000-0x000000080000 : "u-boot-env"
Jul 18 03:47:40 witherspoon kernel[936]: [    2.730000] 0x000000080000-0x0000004c0000 : "kernel"
Jul 18 03:47:40 witherspoon kernel[936]: [    2.730000] 0x0000004c0000-0x000001c00000 : "rofs"
Jul 18 03:47:40 witherspoon kernel[936]: [    2.770000] 0x000001c00000-0x000002000000 : "rwfs"
Jul 18 03:47:40 witherspoon kernel[936]: [    2.770000] aspeed-smc 1e620000.flash-controller: mx25l25635e (32768 Kbytes)
Jul 18 03:47:40 witherspoon kernel[936]: [    2.770000] aspeed-smc 1e620000.flash-controller: CE1 window [ 0x22000000 - 0x24000000 ] 32MB
Jul 18 03:47:40 witherspoon kernel[936]: [    2.770000] aspeed-smc 1e620000.flash-controller: CE2 window [ 0x24000000 - 0x2c000000 ] 128MB
Jul 18 03:47:40 witherspoon kernel[936]: [    2.770000] aspeed-smc 1e630000.flash-controller: mx66l1g45g (131072 Kbytes)
Jul 18 03:47:40 witherspoon kernel[936]: [    2.820000] aspeed-smc 1e630000.flash-controller: CE0 window resized to 120MB (AST2500 HW quirk)
Jul 18 03:47:40 witherspoon kernel[936]: [    2.820000] aspeed-smc 1e630000.flash-controller: CE0 window [ 0x30000000 - 0x37800000 ] 120MB
Jul 18 03:47:40 witherspoon kernel[936]: [    2.820000] aspeed-smc 1e630000.flash-controller: CE0 window too small for chip 128MB
Jul 18 03:47:40 witherspoon kernel[936]: [    2.820000] aspeed-smc 1e630000.flash-controller: CE1 window [ 0x37800000 - 0x38000000 ] 8MB
Jul 18 03:47:40 witherspoon kernel[936]: [    3.620000] libphy: Fixed MDIO Bus: probed
Jul 18 03:47:40 witherspoon kernel[936]: [    3.620000] ftgmac100 1e660000.ethernet: Read MAC address 70:e2:84:14:28:a9 from chip
Jul 18 03:47:40 witherspoon kernel[936]: [    3.620000] ftgmac100 1e660000.ethernet: Using NCSI interface
Jul 18 03:47:40 witherspoon kernel[936]: [    3.620000] ftgmac100 1e660000.ethernet eth0: irq 20, mapped at f0060000
Jul 18 03:47:40 witherspoon kernel[936]: [    3.620000] ehci_hcd: USB 2.0 'Enhanced' Host Controller (EHCI) Driver
Jul 18 03:47:40 witherspoon kernel[936]: [    3.620000] ehci-platform: EHCI generic platform driver
Jul 18 03:47:40 witherspoon kernel[936]: [    3.730000]  fsi0: can't read slave 00:00 -5
Jul 18 03:47:40 witherspoon kernel[936]: [    3.840000] i2c /dev entries driver
Jul 18 03:47:40 witherspoon kernel[936]: [    3.840000] aspeed-i2c-bus 1e78a0c0.i2c-bus: i2c bus 2 registered, irq 26
Jul 18 03:47:40 witherspoon kernel[936]: [    3.840000] aspeed-i2c-bus 1e78a100.i2c-bus: i2c bus 3 registered, irq 27
Jul 18 03:47:40 witherspoon kernel[936]: [    3.840000] aspeed-i2c-bus 1e78a140.i2c-bus: i2c bus 4 registered, irq 28
Jul 18 03:47:40 witherspoon kernel[936]: [    3.840000] aspeed-i2c-bus 1e78a180.i2c-bus: i2c bus 5 registered, irq 29
Jul 18 03:47:40 witherspoon kernel[936]: [    3.840000] aspeed-i2c-bus 1e78a380.i2c-bus: i2c bus 9 registered, irq 30
Jul 18 03:47:40 witherspoon kernel[936]: [    3.840000] aspeed-i2c-bus 1e78a3c0.i2c-bus: i2c bus 10 registered, irq 31
Jul 18 03:47:40 witherspoon kernel[936]: [    3.840000] rtc-rv8803 11-0032: Voltage low, temperature compensation stopped.
Jul 18 03:47:40 witherspoon kernel[936]: [    3.920000] rtc-rv8803 11-0032: rtc core: registered rx8900 as rtc0
Jul 18 03:47:40 witherspoon kernel[936]: [    3.930000] at24 11-0051: 8192 byte 24c64 EEPROM, writable, 1 bytes/write
Jul 18 03:47:40 witherspoon kernel[936]: [    3.940000] aspeed-i2c-bus 1e78a400.i2c-bus: i2c bus 11 registered, irq 32
Jul 18 03:47:40 witherspoon kernel[936]: [    3.940000] aspeed-i2c-bus 1e78a440.i2c-bus: i2c bus 12 registered, irq 33
Jul 18 03:47:40 witherspoon kernel[936]: [    3.950000] aspeed-i2c-bus 1e78a480.i2c-bus: i2c bus 13 registered, irq 34
Jul 18 03:47:40 witherspoon kernel[936]: [    3.950000] Driver for 1-wire Dallas network protocol.
Jul 18 03:47:40 witherspoon kernel[936]: [    3.970000] lm75 9-004a: hwmon0: sensor 'tmp275'
Jul 18 03:47:40 witherspoon kernel[936]: [    4.000000] random: fast init done
Jul 18 03:47:40 witherspoon kernel[936]: [    4.390000] ucd9000 11-0064: Device ID UCD90160|2.3.4.0000|110603
Jul 18 03:47:40 witherspoon kernel[936]: [    4.720000] leds-pca955x 11-0060: leds-pca955x: Using pca9552 16-bit LED driver at slave address 0x60
Jul 18 03:47:40 witherspoon kernel[936]: [    4.730000] leds-pca955x 11-0060: gpios 264...279
Jul 18 03:47:40 witherspoon kernel[936]: [    4.740000] usbcore: registered new interface driver usbhid
Jul 18 03:47:40 witherspoon kernel[936]: [    4.740000] usbhid: USB HID core driver
Jul 18 03:47:40 witherspoon kernel[936]: [    4.750000] bmp280: probe of 3-0077 failed with error -5
Jul 18 03:47:40 witherspoon kernel[936]: [    4.770000] dps310 3-0076: iio:device1: sensor 'dps310'
Jul 18 03:47:40 witherspoon kernel[936]: [    4.770000] NET: Registered protocol family 10
Jul 18 03:47:40 witherspoon kernel[936]: [    4.780000] Segment Routing with IPv6
Jul 18 03:47:40 witherspoon kernel[936]: [    4.780000] NET: Registered protocol family 17
Jul 18 03:47:40 witherspoon kernel[936]: [    4.780000] console [netcon0] enabled
Jul 18 03:47:40 witherspoon kernel[936]: [    4.800000] netconsole: network logging started
Jul 18 03:47:40 witherspoon kernel[936]: [    4.800000] input: gpio-keys as /devices/platform/gpio-keys/input/input0
Jul 18 03:47:40 witherspoon kernel[936]: [    4.810000] rtc-rv8803 11-0032: setting system clock to 2017-07-18 03:47:12 UTC (1500349632)
Jul 18 03:47:40 witherspoon kernel[936]: [    4.820000] Freeing unused kernel memory: 280K
Jul 18 03:47:40 witherspoon kernel[936]: [    4.820000] This architecture does not have kernel memory protection.
Jul 18 03:47:40 witherspoon kernel[936]: [    6.280000] jffs2: notice: (514) jffs2_build_xattr_subsystem: complete building xattr subsystem, 0 of xdatum (0 unchecked, 0 orphan) and 0 of xref (0 dead, 0 orphan) found.
Jul 18 03:47:40 witherspoon kernel[936]: [    8.440000] systemd[1]: Failed to insert module 'autofs4': No such file or directory
Jul 18 03:47:40 witherspoon kernel[936]: [    8.660000] systemd[1]: systemd 232 running in system mode. (+PAM -AUDIT -SELINUX -IMA -APPARMOR -SMACK +SYSVINIT -UTMP -LIBCRYPTSETUP -GCRYPT -GNUTLS +ACL +XZ -LZ4 -SECCOMP +BLKID -ELFUTILS +KMOD -IDN)
Jul 18 03:47:40 witherspoon kernel[936]: [    8.660000] systemd[1]: Detected architecture arm.
Jul 18 03:47:40 witherspoon kernel[936]: [    8.830000] systemd[1]: Set hostname to <witherspoon>.
Jul 18 03:47:40 witherspoon kernel[936]: [   10.410000] systemd[1]: Listening on Journal Socket (/dev/log).
Jul 18 03:47:40 witherspoon kernel[936]: [   10.560000] systemd[1]: Listening on /dev/initctl Compatibility Named Pipe.
Jul 18 03:47:40 witherspoon kernel[936]: [   10.720000] systemd[1]: Reached target Remote File Systems.
Jul 18 03:47:40 witherspoon kernel[936]: [   10.880000] systemd[1]: Listening on Syslog Socket.
Jul 18 03:47:40 witherspoon kernel[936]: [   11.050000] systemd[1]: Reached target Swap.
Jul 18 03:47:40 witherspoon kernel[936]: [   11.230000] systemd[1]: Started Dispatch Password Requests to Console Directory Watch.
Jul 18 03:47:40 witherspoon kernel[936]: [   11.410000] systemd[1]: Listening on udev Kernel Socket.
Jul 18 03:47:40 witherspoon kernel[936]: [   13.870000] systemd[1]: Created slice system-phosphor\x2dcooling\x2dtype.slice.
Jul 18 03:47:40 witherspoon kernel[936]: [   14.130000] systemd[1]: Listening on Network Service Netlink Socket.
Jul 18 03:47:40 witherspoon kernel[936]: [   14.400000] systemd[1]: Created slice system-phosphor\x2dreset\x2dhost\x2drunning.slice.
Jul 18 03:47:40 witherspoon kernel[936]: [   14.680000] systemd[1]: Created slice system-org.openbmc.control.Bmc.slice.
Jul 18 03:47:40 witherspoon kernel[936]: [   14.960000] systemd[1]: Reached target Slices.
Jul 18 03:47:40 witherspoon kernel[936]: [   15.250000] systemd[1]: Created slice system-org.openbmc.control.Power.slice.
Jul 18 03:47:40 witherspoon kernel[936]: [   15.550000] systemd[1]: Reached target Paths.
Jul 18 03:47:40 witherspoon kernel[936]: [   15.850000] systemd[1]: Listening on udev Control Socket.
Jul 18 03:47:40 witherspoon kernel[936]: [   16.160000] systemd[1]: dev-hugepages.mount: Couldn't determine result for ConditionVirtualization=!private-users, assuming failed: No such file or directory
Jul 18 03:47:40 witherspoon kernel[936]: [   16.160000] systemd[1]: Listening on Journal Socket.
Jul 18 03:47:40 witherspoon kernel[936]: [   18.880000] systemd[1]: Created slice system-org.openbmc.buttons.Power.slice.
Jul 18 03:47:40 witherspoon kernel[936]: [   19.250000] systemd[1]: Mounting Temporary Directory...
Jul 18 03:47:40 witherspoon kernel[936]: [   19.250000] systemd[1]: Created slice system-serial\x2dgetty.slice.
Jul 18 03:47:40 witherspoon kernel[936]: [   19.250000] systemd[1]: Mounted Debug File System.
Jul 18 03:47:40 witherspoon kernel[936]: [   19.630000] systemd[1]: Mounted Temporary Directory.
Jul 18 03:47:40 witherspoon kernel[936]: [   20.010000] systemd[1]: Started Journal Service.
Jul 18 03:47:40 witherspoon kernel[936]: [   22.550000] systemd-journald[644]: Received request to flush runtime journal from PID 1
Jul 18 03:47:43 witherspoon avahi-daemon[940]: Found user 'avahi' (UID 999) and group 'avahi' (GID 999).
Jul 18 03:47:43 witherspoon avahi-daemon[940]: Successfully dropped root privileges.
Jul 18 03:47:43 witherspoon avahi-daemon[940]: avahi-daemon 0.6.32 starting up.
Jul 18 03:47:44 witherspoon avahi-daemon[940]: Successfully called chroot().
Jul 18 03:47:44 witherspoon avahi-daemon[940]: Successfully dropped remaining capabilities.
Jul 18 03:47:44 witherspoon avahi-daemon[940]: Loading service file /services/obmc_console.service.
Jul 18 03:47:45 witherspoon avahi-daemon[940]: Loading service file /services/phosphor_rest.service.
Jul 18 03:47:45 witherspoon systemd[1]: Started Phosphor Hwmon Poller.
Jul 18 03:47:45 witherspoon avahi-daemon[940]: Loading service file /services/sftp-ssh.service.
Jul 18 03:47:45 witherspoon systemd[1]: Starting Phosphor User Manager...
Jul 18 03:47:45 witherspoon avahi-daemon[940]: Loading service file /services/sftp.service.
Jul 18 03:47:45 witherspoon systemd[1]: Started Phosphor Dump core monitor..
Jul 18 03:47:45 witherspoon avahi-daemon[940]: Loading service file /services/ssh.service.
Jul 18 03:47:45 witherspoon systemd[1]: Started Phosphor sysfs LED controller.
Jul 18 03:47:45 witherspoon avahi-daemon[940]: Network interface enumeration completed.
Jul 18 03:47:45 witherspoon systemd[1]: Starting Network Service...
Jul 18 03:47:45 witherspoon avahi-daemon[940]: Server startup complete. Host name is witherspoon.local. Local service cookie is 644178860.
Jul 18 03:47:45 witherspoon systemd[1]: Started Phosphor Hwmon Poller.
Jul 18 03:47:45 witherspoon avahi-daemon[940]: Service "witherspoon" (/services/ssh.service) successfully established.
Jul 18 03:47:45 witherspoon systemd[1]: Starting OpenBMC Software Update Manager...
Jul 18 03:47:45 witherspoon avahi-daemon[940]: Service "sftp" (/services/sftp.service) successfully established.
Jul 18 03:47:45 witherspoon systemd[1]: Starting Phosphor Network Manager...
Jul 18 03:47:45 witherspoon avahi-daemon[940]: Service "witherspoon" (/services/sftp-ssh.service) successfully established.
Jul 18 03:47:46 witherspoon systemd[1]: Started Daily Cleanup of Temporary Directories.
Jul 18 03:47:45 witherspoon avahi-daemon[940]: Service "phosphor_rest" (/services/phosphor_rest.service) successfully established.
Jul 18 03:47:46 witherspoon systemd[1]: Reached target Timers.
Jul 18 03:47:45 witherspoon avahi-daemon[940]: Service "obmc_console" (/services/obmc_console.service) successfully established.
Jul 18 03:47:46 witherspoon systemd[1]: Starting OpenPower Software Update Manager...
Jul 18 03:47:46 witherspoon systemd[1]: Started Phosphor sysfs LED controller.
Jul 18 03:47:46 witherspoon systemd[1]: Starting Clear one time boot overrides...
Jul 18 03:47:46 witherspoon systemd[1]: Started Phosphor sysfs LED controller.
Jul 18 03:47:46 witherspoon systemd-networkd[955]: Could not create runtime directory: File exists
Jul 18 03:47:46 witherspoon systemd-networkd[955]: Could not create runtime directory 'links': File exists
Jul 18 03:47:46 witherspoon systemd-networkd[955]: Could not create runtime directory 'leases': File exists
Jul 18 03:47:46 witherspoon systemd[1]: Starting Phosphor Download Manager...
Jul 18 03:47:47 witherspoon kernel: random: crng init done
Jul 18 03:47:47 witherspoon kernel[936]: [   39.600000] random: crng init done
Jul 18 03:47:47 witherspoon systemd[1]: Started Clear one time boot overrides.
Jul 18 03:47:47 witherspoon systemd[1]: Started Phosphor Inventory Manager.
Jul 18 03:47:47 witherspoon systemd[1]: Started Phosphor BMC0 Control.
Jul 18 03:47:47 witherspoon systemd[1]: Started Phosphor IPMI BT DBus Bridge.
Jul 18 03:47:47 witherspoon systemd[1]: Started Phosphor Log Manager.
Jul 18 03:47:47 witherspoon systemd[1]: Started Avahi mDNS/DNS-SD Stack.
Jul 18 03:47:47 witherspoon systemd[1]: Started Phosphor LED Group Management Daemon.
Jul 18 03:47:47 witherspoon systemd[1]: Started Phosphor Dump Manager.
Jul 18 03:47:47 witherspoon systemd[1]: Started OpenBMC Software Update Manager.
Jul 18 03:47:48 witherspoon systemd[1]: Started Phosphor Download Manager.
Jul 18 03:47:49 witherspoon systemd[1]: Started OpenPower Software Update Manager.
Jul 18 03:47:49 witherspoon systemd[1]: Starting Phosphor Version Software Manager...
Jul 18 03:47:49 witherspoon systemd[1]: Started Phosphor Version Software Manager.
Jul 18 03:47:50 witherspoon systemd-networkd[955]: Enumeration completed
Jul 18 03:47:50 witherspoon systemd[1]: Started Network Service.
Jul 18 03:47:50 witherspoon avahi-daemon[940]: Joining mDNS multicast group on interface eth0.IPv4 with address 9.3.21.61.
Jul 18 03:47:50 witherspoon systemd-networkd[955]: eth0: IPv6 enabled for interface: Success
Jul 18 03:47:50 witherspoon avahi-daemon[940]: New relevant interface eth0.IPv4 for mDNS.
Jul 18 03:47:50 witherspoon systemd[1]: Reached target Network.
Jul 18 03:47:50 witherspoon avahi-daemon[940]: Registering new address record for 9.3.21.61 on eth0.IPv4.
Jul 18 03:47:50 witherspoon systemd[1]: Started Lightweight SLP Server.
Jul 18 03:47:50 witherspoon systemd-networkd[955]: eth0: Gained carrier
Jul 18 03:47:50 witherspoon systemd-timesyncd[882]: Network configuration changed, trying to establish connection.
Jul 18 03:47:50 witherspoon systemd[1]: Starting Permit User Sessions...
Jul 18 03:47:51 witherspoon systemd[1]: Started Permit User Sessions.
Jul 18 03:47:51 witherspoon systemd[1]: Started Serial Getty on ttyS4.
Jul 18 03:47:51 witherspoon systemd[1]: Reached target Login Prompts.
Jul 18 03:47:51 witherspoon systemd[1]: Reached target Multi-User System.
Jul 18 03:47:52 witherspoon avahi-daemon[940]: Joining mDNS multicast group on interface eth0.IPv6 with address fe80::72e2:84ff:fe14:28a9.
Jul 18 03:47:52 witherspoon systemd-networkd[955]: eth0: Gained IPv6LL
Jul 18 03:47:52 witherspoon avahi-daemon[940]: New relevant interface eth0.IPv6 for mDNS.
Jul 18 03:47:52 witherspoon avahi-daemon[940]: Registering new address record for fe80::72e2:84ff:fe14:28a9 on eth0.*.
Jul 18 03:47:54 witherspoon kernel: ftgmac100 1e660000.ethernet eth0: NCSI interface up
Jul 18 03:47:54 witherspoon kernel[936]: [   46.250000] ftgmac100 1e660000.ethernet eth0: NCSI interface up
Jul 18 03:47:59 witherspoon systemd[1]: Created slice system-dropbear.slice.
Jul 18 03:47:59 witherspoon systemd[1]: Started SSH Per-Connection Server (9.41.165.94:43738).
Jul 18 03:48:04 witherspoon inventory_items.py[927]: Loading from cache: /var/cache/obmc/org.openbmc.inventory.system.chassis.motherboard.apss@org.openbmc.InventoryItem.props
Jul 18 03:48:04 witherspoon inventory_items.py[927]: Loading from cache: /var/cache/obmc/org.openbmc.inventory.system.chassis.motherboard@org.openbmc.InventoryItem.props
Jul 18 03:48:04 witherspoon inventory_items.py[927]: Loading from cache: /var/cache/obmc/org.openbmc.inventory.system.chassis.motherboard.refclock@org.openbmc.InventoryItem.props
Jul 18 03:48:04 witherspoon inventory_items.py[927]: Loading from cache: /var/cache/obmc/org.openbmc.inventory.system.chassis.motherboard.todclock@org.openbmc.InventoryItem.props
Jul 18 03:48:04 witherspoon inventory_items.py[927]: Loading from cache: /var/cache/obmc/org.openbmc.inventory.system.chassis.motherboard.bmc@org.openbmc.InventoryItem.props
Jul 18 03:48:04 witherspoon chassis_control.py[950]: Running ChassisControlService
Jul 18 03:48:04 witherspoon systemd[1]: Started Phosphor Chassis0 Control.
Jul 18 03:48:04 witherspoon systemd-networkd[955]: eth0: Configured
Jul 18 03:48:04 witherspoon systemd-timesyncd[882]: Network configuration changed, trying to establish connection.
Jul 18 03:48:05 witherspoon systemd[1]: Started Phosphor Download Manager.
Jul 18 03:48:05 witherspoon download_manager.py[945]: Running Download Manager
Jul 18 03:48:05 witherspoon dropbear[974]: Failed loading /etc/dropbear/dropbear_dss_host_key
Jul 18 03:48:05 witherspoon dropbear[974]: Failed loading /etc/dropbear/dropbear_ecdsa_host_key
Jul 18 03:48:05 witherspoon inventory_items.py[927]: Caching: /org/openbmc/inventory/system/chassis/motherboard/bmc
Jul 18 03:48:05 witherspoon inventory_items.py[927]: Loading from cache: /var/cache/obmc/org.openbmc.inventory.system.chassis.motherboard.pcieclock@org.openbmc.InventoryItem.props
Jul 18 03:48:05 witherspoon systemd[1]: Started Phosphor Inventory Manager.
Jul 18 03:48:05 witherspoon inventory_items.py[927]: Running Inventory Manager
Jul 18 03:48:06 witherspoon sensor_manager2.py[941]: Setting boot count to 3
Jul 18 03:48:06 witherspoon sensor_manager2.py[941]: Deleting OCC device
Jul 18 03:48:06 witherspoon sensor_manager2.py[941]: sh: /sys/class/i2c-adapter/i2c-3/3-0050/online: No such file or directory
Jul 18 03:48:06 witherspoon sensor_manager2.py[941]: Deleting OCC device
Jul 18 03:48:06 witherspoon sensor_manager2.py[941]: sh: /sys/class/i2c-adapter/i2c-3/3-0050/online: No such file or directory
Jul 18 03:48:06 witherspoon systemd[1]: Started Phosphor Sensor Manager.
Jul 18 03:48:06 witherspoon sensor_manager2.py[941]: Starting sensor manager
Jul 18 03:48:06 witherspoon dropbear[974]: Child connection from ::ffff:9.41.165.94:43738
Jul 18 03:48:06 witherspoon phosphor-mapper[937]: ObjectMapper startup complete.  Discovery in progress...
Jul 18 03:48:07 witherspoon avahi-daemon[949]: ../../avahi-0.6.32/avahi-daemon/chroot.c: open() failed: No such file or directory
Jul 18 03:48:08 witherspoon avahi-daemon[940]: Failed to open /usr/share/dbus-1/interfaces/org.freedesktop.Avahi.Server.xml: Invalid argument
Jul 18 03:48:08 witherspoon avahi-daemon[940]: Failed to load introspection data.
Jul 18 03:48:10 witherspoon dropbear[974]: PAM password auth succeeded for 'root' from ::ffff:9.41.165.94:43738
Jul 18 03:48:10 witherspoon dropbear[977]: lastlog_perform_login: Couldn't stat /var/log/lastlog: No such file or directory
Jul 18 03:48:10 witherspoon dropbear[977]: lastlog_openseek: /var/log/lastlog is not a file or directory!
Jul 18 03:48:11 witherspoon systemd[1]: Started Phosphor User Manager.
Jul 18 03:48:11 witherspoon obmc-phosphor-userd[952]: Started
Jul 18 03:48:13 witherspoon netman.py[958]: Started
Jul 18 03:48:13 witherspoon systemd[1]: Started Phosphor Network Manager.
Jul 18 03:48:24 witherspoon phosphor-mapper[937]: ObjectMapper discovery complete
Jul 18 03:48:24 witherspoon systemd[1]: Started Phosphor DBus Service Discovery Manager.
Jul 18 03:48:24 witherspoon systemd[1]: Reached target Phosphor Object Mapper.
Jul 18 03:48:24 witherspoon systemd[1]: Starting Wait for /org/openbmc/managers/Download...
Jul 18 03:48:24 witherspoon systemd[1]: Starting Wait for /xyz/openbmc_project/led/groups/bmc_booted...
Jul 18 03:48:24 witherspoon systemd[1]: Starting Wait for /xyz/openbmc_project/control/host0...
Jul 18 03:48:24 witherspoon systemd[1]: Starting Wait for /xyz/openbmc_project/state/host0...
Jul 18 03:48:24 witherspoon systemd[1]: Starting Wait for /xyz/openbmc_project/led/groups...
Jul 18 03:48:24 witherspoon systemd[1]: Reached target Webserver (pre).
Jul 18 03:48:24 witherspoon systemd[1]: Started Phosphor Webserver.
Jul 18 03:48:24 witherspoon systemd[1]: Starting Wait for /xyz/openbmc_project/inventory...
Jul 18 03:48:24 witherspoon systemd[1]: Starting Wait for /org/openbmc/control/flash/bios...
Jul 18 03:48:24 witherspoon systemd[1]: Starting Wait for /org/openbmc/control/power0...
Jul 18 03:48:24 witherspoon systemd[1]: Starting Wait for /org/openbmc/NetworkManager/Interface...
Jul 18 03:48:24 witherspoon systemd[1]: Starting Wait for /org/openbmc/managers/System...
Jul 18 03:48:24 witherspoon systemd[1]: Starting Wait for /xyz/openbmc_project/state/chassis0...
Jul 18 03:48:24 witherspoon systemd[1]: Starting Phoshpor System Manager...
Jul 18 03:48:24 witherspoon systemd[1]: Starting Phosphor Settings Manager...
Jul 18 03:48:24 witherspoon systemd[1]: Starting Wait for /org/openbmc/control/bmc0...
Jul 18 03:48:24 witherspoon systemd[1]: Starting Wait for /org/openbmc/sensors...
Jul 18 03:48:27 witherspoon systemd[1]: Started Wait for /org/openbmc/sensors.
Jul 18 03:48:27 witherspoon systemd[1]: Started Phosphor Hwmon Poller.
Jul 18 03:48:27 witherspoon systemd[1]: Started Wait for /org/openbmc/control/bmc0.
Jul 18 03:48:27 witherspoon systemd[1]: Started Wait for /org/openbmc/NetworkManager/Interface.
Jul 18 03:48:27 witherspoon systemd[1]: Started Phosphor DNS Settings Cache Manager.
Jul 18 03:48:27 witherspoon systemd[1]: Started Wait for /xyz/openbmc_project/inventory.
Jul 18 03:48:28 witherspoon systemd[1]: Starting OpenPOWER OCC controller...
Jul 18 03:48:28 witherspoon systemd[1]: Started Phosphor Cooling Type.
Jul 18 03:48:32 witherspoon systemd[1]: Starting Read OpenPOWER-format VPD from EEPROM...
Jul 18 03:48:32 witherspoon systemd[1]: Started Wait for /org/openbmc/managers/Download.
Jul 18 03:48:32 witherspoon systemd[1]: Started Wait for /xyz/openbmc_project/led/groups/bmc_booted.
Jul 18 03:48:32 witherspoon systemd[1]: Started Wait for /xyz/openbmc_project/led/groups.
Jul 18 03:48:34 witherspoon system_manager.py[995]: Running System State: BASE_APPS
Jul 18 03:48:34 witherspoon system_manager.py[995]: SystemManager Init Done
Jul 18 03:48:34 witherspoon system_manager.py[995]: Running SystemManager
Jul 18 03:48:32 witherspoon systemd[1]: Started FRU Fault monitor service.
Jul 18 03:48:32 witherspoon systemd[1]: Starting Assert bmc_booted LED...
Jul 18 03:48:32 witherspoon systemd[1]: Starting Phosphor BMC Code Update...
Jul 18 03:48:32 witherspoon systemd[1]: Starting Phosphor BIOS Code Update...
Jul 18 03:48:33 witherspoon systemd[1]: Started Phoshpor System Manager.
Jul 18 03:48:34 witherspoon systemd[1]: Started Phosphor BIOS Code Update.
Jul 18 03:48:34 witherspoon systemd[1]: Started OpenPOWER OCC controller.
Jul 18 03:48:34 witherspoon system_manager.py[995]: SystemManager Goto System State: BMC_STARTING
Jul 18 03:48:34 witherspoon system_manager.py[995]: Running System State: BMC_STARTING
Jul 18 03:48:34 witherspoon system_manager.py[995]: New object: /org/openbmc/control/flash/bios (:1.48)
Jul 18 03:48:35 witherspoon systemd[1]: Started Assert bmc_booted LED.
Jul 18 03:48:39 witherspoon systemd[1]: Started Wait for /org/openbmc/control/flash/bios.
Jul 18 03:48:39 witherspoon systemd[1]: Started Initialize BIOS Flash.
Jul 18 03:48:39 witherspoon systemd[1]: Started Wait for /org/openbmc/managers/System.
Jul 18 03:48:39 witherspoon systemd[1]: Starting Phosphor Power0 Control...
Jul 18 03:48:39 witherspoon systemd[1]: Starting Phosphor Chassis State Manager...
Jul 18 03:48:39 witherspoon systemd[1]: Starting Phosphor Host State Manager...
Jul 18 03:48:39 witherspoon systemd[1]: Starting Phosphor BMC State Manager...
Jul 18 03:48:39 witherspoon systemd[1]: Starting Phosphor Reset Button0...
Jul 18 03:48:39 witherspoon systemd[1]: Starting Phosphor Power Button0...
Jul 18 03:48:41 witherspoon phosphor-chassis-state-manager[1026]: Initial Chassis State will be Off
Jul 18 03:48:41 witherspoon systemd[1]: Started Phosphor Chassis State Manager.
Jul 18 03:48:41 witherspoon phosphor-host-state-manager[1027]: Initial Host State will be Off
Jul 18 03:48:41 witherspoon systemd[1]: Started Phosphor Host State Manager.
Jul 18 03:48:41 witherspoon phosphor-bmc-state-manager[1028]: Setting the BMCState field
Jul 18 03:48:41 witherspoon phosphor-bmc-state-manager[1028]: Setting the BMCState field
Jul 18 03:48:41 witherspoon systemd[1]: Started Phosphor BMC State Manager.
Jul 18 03:48:43 witherspoon system_manager.py[995]: New object: /org/openbmc/control/power0 (:1.56)
Jul 18 03:48:43 witherspoon system_manager.py[995]: Power GPIO config: ['SYS_PWROK_BUFF', '', [('SOFTWARE_PGOOD', True), ('BMC_POWER_UP', True)], [('BMC_CP0_RESET_N', False)], [], 'FSI_DATA', 'FSI_CLK', 'FSI_ENABLE', 'CRONUS_SEL', []]
Jul 18 03:48:44 witherspoon flash_bios.exe[1014]: Starting flasher: bios,,/org/openbmc/control/flash/bios,
Jul 18 03:48:44 witherspoon flash_bios.exe[1014]: flasher: , BMC = 1, address = 0x0
Jul 18 03:48:44 witherspoon flash_bios.exe[1014]: Setting up flash
Jul 18 03:48:44 witherspoon flash_bios.exe[1014]: Starting flasher: bios,,/org/openbmc/control/flash/bios,
Jul 18 03:48:44 witherspoon flash_bios.exe[1014]: flasher: , BMC = 1, address = 0x0
Jul 18 03:48:44 witherspoon flash_bios.exe[1014]: Setting up flash
Jul 18 03:48:44 witherspoon hwmon.py[999]: Starting HWMON sensors
Jul 18 03:48:46 witherspoon button_power.exe[1030]: GPIO Lookup:  POWER_BUTTON = 347,both
Jul 18 03:48:46 witherspoon power_control.exe[1025]: Power GPIO latch output:
Jul 18 03:48:46 witherspoon power_control.exe[1025]: Power GPIO power good input: SYS_PWROK_BUFF
Jul 18 03:48:46 witherspoon power_control.exe[1025]: Power GPIO 2 power_up outputs
Jul 18 03:48:46 witherspoon power_control.exe[1025]: Power GPIO power_up[0] = SOFTWARE_PGOOD active HIGH
Jul 18 03:48:46 witherspoon power_control.exe[1025]: Power GPIO power_up[1] = BMC_POWER_UP active HIGH
Jul 18 03:48:46 witherspoon power_control.exe[1025]: Power GPIO 1 reset outputs
Jul 18 03:48:46 witherspoon power_control.exe[1025]: Power GPIO reset[0] = BMC_CP0_RESET_N active LOW
Jul 18 03:48:46 witherspoon power_control.exe[1025]: Power GPIO 0 pci reset outputs
Jul 18 03:48:46 witherspoon power_control.exe[1025]: FSI DATA GPIO: FSI_DATA
Jul 18 03:48:46 witherspoon power_control.exe[1025]: FSI CLK GPIO: FSI_CLK
Jul 18 03:48:46 witherspoon power_control.exe[1025]: FSI ENABLE GPIO: FSI_ENABLE
Jul 18 03:48:46 witherspoon power_control.exe[1025]: CRONUS SEL GPIO: CRONUS_SEL
Jul 18 03:48:46 witherspoon power_control.exe[1025]: Hostctl GPIO optionals: 0
Jul 18 03:48:46 witherspoon settings_manager.py[996]: Running HostSettingsService
Jul 18 03:48:46 witherspoon button_reset.exe[1029]: GPIO Lookup:  RESET_BUTTON = 353,both
Jul 18 03:48:46 witherspoon systemd[1]: Started Phosphor Settings Manager.
Jul 18 03:48:46 witherspoon systemd[1]: Starting Wait for /org/openbmc/settings/host0...
Jul 18 03:48:46 witherspoon systemd[1]: Started Phosphor Power Button0.
Jul 18 03:48:46 witherspoon systemd[1]: Started Phosphor Reset Button0.
Jul 18 03:48:46 witherspoon bmc_update.py[1013]: Running Bmc Flash Control
Jul 18 03:48:47 witherspoon systemd[1]: Started Phosphor BMC Code Update.
Jul 18 03:48:47 witherspoon power_control.exe[1025]: GPIO Lookup:  SYS_PWROK_BUFF = 306,in
Jul 18 03:48:47 witherspoon systemd[1]: Started Read OpenPOWER-format VPD from EEPROM.
Jul 18 03:48:47 witherspoon power_control.exe[1025]: GPIO Lookup:  SOFTWARE_PGOOD = 417,out
Jul 18 03:48:47 witherspoon power_control.exe[1025]: GPIO Lookup:  BMC_POWER_UP = 305,out
Jul 18 03:48:47 witherspoon power_control.exe[1025]: GPIO Lookup:  BMC_CP0_RESET_N = 281,out
Jul 18 03:48:47 witherspoon power_control.exe[1025]: Pgood state: 0
Jul 18 03:48:47 witherspoon systemd[1]: Started Phosphor Power0 Control.
Jul 18 03:48:48 witherspoon systemd[1]: Started Wait for /xyz/openbmc_project/state/chassis0.
Jul 18 03:48:49 witherspoon systemd[1]: Started Wait for /xyz/openbmc_project/state/host0.
Jul 18 03:48:50 witherspoon systemd[1]: Started Wait for /org/openbmc/settings/host0.
Jul 18 03:48:50 witherspoon systemd[1]: Started Phosphor Inband IPMI.
Jul 18 03:48:50 witherspoon systemd[1]: Starting Reboot If Enabled...
Jul 18 03:48:51 witherspoon system_manager.py[995]: SystemManager Goto System State: BMC_READY
Jul 18 03:48:51 witherspoon system_manager.py[995]: Running System State: BMC_READY
Jul 18 03:48:51 witherspoon systemd[1]: Started Wait for /org/openbmc/control/power0.
Jul 18 03:48:51 witherspoon systemd[1]: Starting Check Chassis0 pgood and create a file to indicate it...
Jul 18 03:48:51 witherspoon systemd[1]: Starting Phosphor Time Manager daemon...
Jul 18 03:48:51 witherspoon timemanager[1070]: Registering dbus methods
Jul 18 03:48:52 witherspoon timemanager[1070]: Last known time_mode: MANUAL
Jul 18 03:48:52 witherspoon timemanager[1070]: Last known time_owner: BMC
Jul 18 03:48:52 witherspoon timemanager[1070]: Empty DhcpNtp string
Jul 18 03:48:52 witherspoon timemanager[1070]: Reading Power Control key: pgood
Jul 18 03:48:52 witherspoon systemd[1]: Started Check Chassis0 pgood and create a file to indicate it.
Jul 18 03:48:52 witherspoon systemd[1]: Reached target Chassis0 power on after reset.
Jul 18 03:48:52 witherspoon systemd[1]: Reached target Chassis0 (Reset Check).
Jul 18 03:48:52 witherspoon timemanager[1070]: Changing settings *allowed* now
Jul 18 03:48:52 witherspoon timemanager[1070]: Getting System Settings: time_mode
Jul 18 03:48:52 witherspoon phosphor-discover-system-state[1067]: Host power is off, checking power policy
Jul 18 03:48:52 witherspoon systemd[1]: Started Reboot If Enabled.
Jul 18 03:48:52 witherspoon timemanager[1070]: Requested_Mode: MANUAL Current_Mode: MANUAL
Jul 18 03:48:52 witherspoon timemanager[1070]: Mode is already set to : MANUAL
Jul 18 03:48:52 witherspoon timemanager[1070]: Getting System Settings: time_owner
Jul 18 03:48:53 witherspoon timemanager[1070]: Owner is already set to : BMC
Jul 18 03:48:53 witherspoon timemanager[1070]: Getting System Settings: use_dhcp_ntp
Jul 18 03:48:53 witherspoon timemanager[1070]: use_dhcp_ntp = yes
Jul 18 03:48:53 witherspoon timemanager[1070]: Last known host_offset:0
Jul 18 03:48:53 witherspoon timemanager[1070]: Initial Uptime Usec: 1500349627681002
Jul 18 03:48:53 witherspoon systemd[1]: Started Phosphor Time Manager daemon.
Jul 18 03:48:55 witherspoon systemd[1]: Started Wait for /xyz/openbmc_project/control/host0.
Jul 18 03:48:55 witherspoon systemd[1]: Reached target Host0 running after reset.
Jul 18 03:48:55 witherspoon systemd[1]: Reached target Host0 (Reset Check).
Jul 18 03:48:55 witherspoon systemd[1]: Reached target Phosphor System - Standby.
Jul 18 03:48:55 witherspoon systemd[1]: Startup finished in 8.342s (kernel) + 1min 39.112s (userspace) = 1min 47.455s.
Jul 18 03:48:55 witherspoon phosphor-bmc-state-manager[1028]: BMC_READY
Jul 18 03:48:55 witherspoon phosphor-bmc-state-manager[1028]: Setting the BMCState field
Jul 18 03:49:04 witherspoon phosphor-gevent[988]: Traceback (most recent call last):
Jul 18 03:49:04 witherspoon phosphor-gevent[988]:   File "/usr/lib/python2.7/site-packages/gevent/greenlet.py", line 327, in run
Jul 18 03:49:04 witherspoon phosphor-gevent[988]:     result = self._run(*self.args, **self.kwargs)
Jul 18 03:49:04 witherspoon phosphor-gevent[988]:   File "/usr/lib/python2.7/site-packages/gevent/server.py", line 102, in wrap_socket_and_handle
Jul 18 03:49:04 witherspoon phosphor-gevent[988]:     ssl_socket = self.wrap_socket(client_socket, **self.ssl_args)
Jul 18 03:49:04 witherspoon phosphor-gevent[988]:   File "/usr/lib/python2.7/site-packages/gevent/ssl.py", line 404, in wrap_socket
Jul 18 03:49:04 witherspoon phosphor-gevent[988]:     ciphers=ciphers)
Jul 18 03:49:04 witherspoon phosphor-gevent[988]:   File "/usr/lib/python2.7/site-packages/gevent/ssl.py", line 113, in __init__
Jul 18 03:49:04 witherspoon phosphor-gevent[988]:     self.do_handshake()
Jul 18 03:49:04 witherspoon phosphor-gevent[988]:   File "/usr/lib/python2.7/site-packages/gevent/ssl.py", line 324, in do_handshake
Jul 18 03:49:04 witherspoon phosphor-gevent[988]:     return self._sslobj.do_handshake()
Jul 18 03:49:04 witherspoon phosphor-gevent[988]: SSLEOFError: EOF occurred in violation of protocol (_ssl.c:590)
Jul 18 03:49:04 witherspoon phosphor-gevent[988]: <Greenlet at 0x76032300: <bound method WSGIServer.wrap_socket_and_handle of <WSGIServer at 0x7600d8b0 fileno=5 address=('::34e2:f176:b0bd:6776%1986510240', 443, 0, 1986510240)>>(<socket at 0x75ee12d0 fileno=9>, ('::60c9:6576:8e91:f402%1995492124', 44760, 0, 199)> failed with SSLEOFError
Jul 18 03:49:04 witherspoon phosphor-gevent[988]: Traceback (most recent call last):
Jul 18 03:49:04 witherspoon phosphor-gevent[988]:   File "/usr/lib/python2.7/site-packages/gevent/greenlet.py", line 327, in run
Jul 18 03:49:04 witherspoon phosphor-gevent[988]:     result = self._run(*self.args, **self.kwargs)
Jul 18 03:49:04 witherspoon phosphor-gevent[988]:   File "/usr/lib/python2.7/site-packages/gevent/server.py", line 102, in wrap_socket_and_handle
Jul 18 03:49:04 witherspoon phosphor-gevent[988]:     ssl_socket = self.wrap_socket(client_socket, **self.ssl_args)
Jul 18 03:49:04 witherspoon phosphor-gevent[988]:   File "/usr/lib/python2.7/site-packages/gevent/ssl.py", line 404, in wrap_socket
Jul 18 03:49:04 witherspoon phosphor-gevent[988]:     ciphers=ciphers)
Jul 18 03:49:04 witherspoon phosphor-gevent[988]:   File "/usr/lib/python2.7/site-packages/gevent/ssl.py", line 113, in __init__
Jul 18 03:49:04 witherspoon phosphor-gevent[988]:     self.do_handshake()
Jul 18 03:49:04 witherspoon phosphor-gevent[988]:   File "/usr/lib/python2.7/site-packages/gevent/ssl.py", line 324, in do_handshake
Jul 18 03:49:04 witherspoon phosphor-gevent[988]:     return self._sslobj.do_handshake()
Jul 18 03:49:04 witherspoon phosphor-gevent[988]: SSLEOFError: EOF occurred in violation of protocol (_ssl.c:590)
Jul 18 03:49:04 witherspoon phosphor-gevent[988]: <Greenlet at 0x760325d0: <bound method WSGIServer.wrap_socket_and_handle of <WSGIServer at 0x7600d8b0 fileno=5 address=('::34e2:f176:b0bd:6776%1986510240', 443, 0, 1986510240)>>(<socket at 0x75ee1270 fileno=10>, ('::60c9:6576:8e91:f402%1995492124', 44762, 0, 199)> failed with SSLEOFError
Jul 18 03:49:04 witherspoon phosphor-gevent[988]: Traceback (most recent call last):
Jul 18 03:49:04 witherspoon phosphor-gevent[988]:   File "/usr/lib/python2.7/site-packages/gevent/greenlet.py", line 327, in run
Jul 18 03:49:04 witherspoon phosphor-gevent[988]:     result = self._run(*self.args, **self.kwargs)
Jul 18 03:49:04 witherspoon phosphor-gevent[988]:   File "/usr/lib/python2.7/site-packages/gevent/server.py", line 102, in wrap_socket_and_handle
Jul 18 03:49:04 witherspoon phosphor-gevent[988]:     ssl_socket = self.wrap_socket(client_socket, **self.ssl_args)
Jul 18 03:49:04 witherspoon phosphor-gevent[988]:   File "/usr/lib/python2.7/site-packages/gevent/ssl.py", line 404, in wrap_socket
Jul 18 03:49:04 witherspoon phosphor-gevent[988]:     ciphers=ciphers)
Jul 18 03:49:04 witherspoon phosphor-gevent[988]:   File "/usr/lib/python2.7/site-packages/gevent/ssl.py", line 113, in __init__
Jul 18 03:49:04 witherspoon phosphor-gevent[988]:     self.do_handshake()
Jul 18 03:49:04 witherspoon phosphor-gevent[988]:   File "/usr/lib/python2.7/site-packages/gevent/ssl.py", line 324, in do_handshake
Jul 18 03:49:04 witherspoon phosphor-gevent[988]:     return self._sslobj.do_handshake()
Jul 18 03:49:04 witherspoon phosphor-gevent[988]: SSLEOFError: EOF occurred in violation of protocol (_ssl.c:590)
Jul 18 03:49:04 witherspoon phosphor-gevent[988]: <Greenlet at 0x760322b0: <bound method WSGIServer.wrap_socket_and_handle of <WSGIServer at 0x7600d8b0 fileno=5 address=('::34e2:f176:b0bd:6776%1986510240', 443, 0, 1986510240)>>(<socket at 0x75ee1310 fileno=11>, ('::60c9:6576:8e91:f402%1995492124', 44764, 0, 199)> failed with SSLEOFError
Jul 18 03:49:23 witherspoon phosphor-gevent[988]: ::60c9:6576:8e91:f402%1995492124 - - [2017-07-18 03:49:23] "POST /login HTTP/1.1" 200 320 0.049595
Jul 18 03:49:24 witherspoon phosphor-gevent[988]: ::60c9:6576:8e91:f402%1995492124 - - [2017-07-18 03:49:24] "GET /xyz/openbmc_project/state/chassis0//attr/CurrentPowerState HTTP/1.1" 200 216 0.058764
Jul 18 03:49:24 witherspoon phosphor-gevent[988]: ::60c9:6576:8e91:f402%1995492124 - - [2017-07-18 03:49:24] "POST /login HTTP/1.1" 200 320 0.032740
Jul 18 03:49:24 witherspoon phosphor-gevent[988]: ::60c9:6576:8e91:f402%1995492124 - - [2017-07-18 03:49:24] "GET /xyz/openbmc_project/state/chassis0//attr/CurrentPowerState HTTP/1.1" 200 216 0.049102
Jul 18 03:49:24 witherspoon phosphor-gevent[988]: ::60c9:6576:8e91:f402%1995492124 - - [2017-07-18 03:49:24] "POST /login HTTP/1.1" 200 320 0.032729
Jul 18 03:49:24 witherspoon phosphor-gevent[988]: ::60c9:6576:8e91:f402%1995492124 - - [2017-07-18 03:49:24] "GET /org/openbmc/sensors/host/BootProgress/attr/value HTTP/1.1" 200 170 0.055654
Jul 18 03:49:24 witherspoon phosphor-gevent[988]: ::60c9:6576:8e91:f402%1995492124 - - [2017-07-18 03:49:24] "POST /login HTTP/1.1" 200 320 0.052067
Jul 18 03:49:24 witherspoon phosphor-gevent[988]: ::60c9:6576:8e91:f402%1995492124 - - [2017-07-18 03:49:24] "GET /xyz/openbmc_project/state/host0//attr/CurrentHostState HTTP/1.1" 200 212 0.066042
Jul 18 03:49:25 witherspoon phosphor-gevent[988]: ::60c9:6576:8e91:f402%1995492124 - - [2017-07-18 03:49:25] "POST /login HTTP/1.1" 200 320 0.032766
Jul 18 03:49:25 witherspoon phosphor-gevent[988]: ::60c9:6576:8e91:f402%1995492124 - - [2017-07-18 03:49:25] "GET /xyz/openbmc_project/logging/entry//list HTTP/1.1" 404 311 0.030175
Jul 18 03:49:25 witherspoon dropbear[974]: Exit (root): Error reading: Connection reset by peer
Jul 18 03:49:25 witherspoon systemd[1]: Started SSH Per-Connection Server (9.41.165.94:43756).
Jul 18 03:49:25 witherspoon dropbear[1088]: Failed loading /etc/dropbear/dropbear_dss_host_key
Jul 18 03:49:25 witherspoon dropbear[1088]: Failed loading /etc/dropbear/dropbear_ecdsa_host_key
Jul 18 03:49:25 witherspoon dropbear[1088]: Child connection from ::ffff:9.41.165.94:43756
Jul 18 03:49:26 witherspoon dropbear[1088]: PAM password auth succeeded for 'root' from ::ffff:9.41.165.94:43756
Jul 18 03:49:26 witherspoon dropbear[1089]: lastlog_perform_login: Couldn't stat /var/log/lastlog: No such file or directory
Jul 18 03:49:26 witherspoon dropbear[1089]: lastlog_openseek: /var/log/lastlog is not a file or directory!
Jul 18 03:49:27 witherspoon phosphor-gevent[988]: ::60c9:6576:8e91:f402%1995492124 - - [2017-07-18 03:49:27] "POST /login HTTP/1.1" 200 320 0.070525
Jul 18 03:49:27 witherspoon phosphor-gevent[988]: ::60c9:6576:8e91:f402%1995492124 - - [2017-07-18 03:49:27] "GET /xyz/openbmc_project/state/host0//attr/CurrentHostState HTTP/1.1" 200 212 0.052159
Jul 18 03:49:28 witherspoon dropbear[1088]: Exit (root): Exited normally
Jul 18 03:49:30 witherspoon systemd[1]: Started SSH Per-Connection Server (9.41.165.94:43760).
Jul 18 03:49:30 witherspoon dropbear[1098]: Failed loading /etc/dropbear/dropbear_dss_host_key
Jul 18 03:49:30 witherspoon dropbear[1098]: Failed loading /etc/dropbear/dropbear_ecdsa_host_key
Jul 18 03:49:30 witherspoon dropbear[1098]: Child connection from ::ffff:9.41.165.94:43760
Jul 18 03:49:31 witherspoon dropbear[1098]: PAM password auth succeeded for 'root' from ::ffff:9.41.165.94:43760
Jul 18 03:49:31 witherspoon dropbear[1099]: lastlog_perform_login: Couldn't stat /var/log/lastlog: No such file or directory
Jul 18 03:49:31 witherspoon dropbear[1099]: lastlog_openseek: /var/log/lastlog is not a file or directory!
Jul 18 03:49:33 witherspoon phosphor-gevent[988]: ::60c9:6576:8e91:f402%1995492124 - - [2017-07-18 03:49:33] "POST /login HTTP/1.1" 200 320 0.032922
Jul 18 03:49:33 witherspoon phosphor-gevent[988]: ::60c9:6576:8e91:f402%1995492124 - - [2017-07-18 03:49:33] "PUT /org/openbmc/settings/host0/attr/power_policy HTTP/1.1" 200 169 0.179119
Jul 18 03:49:33 witherspoon phosphor-gevent[988]: ::60c9:6576:8e91:f402%1995492124 - - [2017-07-18 03:49:33] "POST /login HTTP/1.1" 200 320 0.032784
Jul 18 03:49:33 witherspoon phosphor-gevent[988]: ::60c9:6576:8e91:f402%1995492124 - - [2017-07-18 03:49:33] "GET /org/openbmc/settings/host0/attr/power_policy HTTP/1.1" 200 185 0.072344
Jul 18 03:49:33 witherspoon systemd[1]: Started SSH Per-Connection Server (9.41.165.94:43766).
Jul 18 03:49:34 witherspoon dropbear[1105]: Failed loading /etc/dropbear/dropbear_dss_host_key
Jul 18 03:49:34 witherspoon dropbear[1105]: Failed loading /etc/dropbear/dropbear_ecdsa_host_key
Jul 18 03:49:34 witherspoon dropbear[1105]: Child connection from ::ffff:9.41.165.94:43766
Jul 18 03:49:34 witherspoon dropbear[1105]: PAM password auth succeeded for 'root' from ::ffff:9.41.165.94:43766
Jul 18 03:49:34 witherspoon dropbear[1106]: lastlog_perform_login: Couldn't stat /var/log/lastlog: No such file or directory
Jul 18 03:49:34 witherspoon dropbear[1106]: lastlog_openseek: /var/log/lastlog is not a file or directory!
Jul 18 03:49:35 witherspoon phosphor-gevent[988]: ::60c9:6576:8e91:f402%1995492124 - - [2017-07-18 03:49:35] "POST /login HTTP/1.1" 200 320 0.032474
Jul 18 03:49:36 witherspoon phosphor-gevent[988]: ::60c9:6576:8e91:f402%1995492124 - - [2017-07-18 03:49:36] "GET /xyz/openbmc_project/state/chassis0//attr/CurrentPowerState HTTP/1.1" 200 216 0.060540
Jul 18 03:49:36 witherspoon phosphor-gevent[988]: ::60c9:6576:8e91:f402%1995492124 - - [2017-07-18 03:49:36] "POST /login HTTP/1.1" 200 320 0.033501
Jul 18 03:49:36 witherspoon phosphor-gevent[988]: ::60c9:6576:8e91:f402%1995492124 - - [2017-07-18 03:49:36] "GET /xyz/openbmc_project/state/bmc0//attr/CurrentBMCState HTTP/1.1" 200 212 0.067573
Jul 18 03:49:36 witherspoon phosphor-gevent[988]: ::60c9:6576:8e91:f402%1995492124 - - [2017-07-18 03:49:36] "POST /login HTTP/1.1" 200 320 0.032659
Jul 18 03:49:36 witherspoon phosphor-gevent[988]: ::60c9:6576:8e91:f402%1995492124 - - [2017-07-18 03:49:36] "GET /org/openbmc/sensors/host/BootProgress/attr/value HTTP/1.1" 200 170 0.066576
Jul 18 03:49:36 witherspoon phosphor-gevent[988]: ::60c9:6576:8e91:f402%1995492124 - - [2017-07-18 03:49:36] "POST /login HTTP/1.1" 200 320 0.035301
Jul 18 03:49:36 witherspoon phosphor-gevent[988]: ::60c9:6576:8e91:f402%1995492124 - - [2017-07-18 03:49:36] "GET /xyz/openbmc_project/state/host0//attr/CurrentHostState HTTP/1.1" 200 212 0.069033
Jul 18 03:49:37 witherspoon phosphor-gevent[988]: ::60c9:6576:8e91:f402%1995492124 - - [2017-07-18 03:49:37] "POST /login HTTP/1.1" 200 320 0.033111
Jul 18 03:49:37 witherspoon phosphor-gevent[988]: ::60c9:6576:8e91:f402%1995492124 - - [2017-07-18 03:49:37] "GET /xyz/openbmc_project/logging/entry//list HTTP/1.1" 404 311 0.041310
Jul 18 03:49:37 witherspoon systemd[1]: Started SSH Per-Connection Server (9.41.165.94:43778).
Jul 18 03:49:37 witherspoon dropbear[1109]: Failed loading /etc/dropbear/dropbear_dss_host_key
Jul 18 03:49:37 witherspoon dropbear[1109]: Failed loading /etc/dropbear/dropbear_ecdsa_host_key
Jul 18 03:49:37 witherspoon dropbear[1109]: Child connection from ::ffff:9.41.165.94:43778
Jul 18 03:49:37 witherspoon dropbear[1109]: PAM password auth succeeded for 'root' from ::ffff:9.41.165.94:43778
Jul 18 03:50:09 witherspoon phosphor-gevent[988]: ::60c9:6576:8e91:f402%1995492124 - - [2017-07-18 03:50:09] "POST /login HTTP/1.1" 200 320 0.039386
Jul 18 03:50:10 witherspoon phosphor-gevent[988]: ::60c9:6576:8e91:f402%1995492124 - - [2017-07-18 03:50:10] "POST /org/openbmc/control/flash/bios//action/update HTTP/1.1" 200 169 0.307104
Jul 18 03:50:10 witherspoon flash_bios.exe[1014]: Starting flasher: bios,/tmp/witherspoon_20170704n.pnor,/org/openbmc/control/flash/bios,
Jul 18 03:50:10 witherspoon flash_bios.exe[1014]: flasher: /tmp/witherspoon_20170704n.pnor, BMC = 1, address = 0x0
Jul 18 03:50:10 witherspoon flash_bios.exe[1014]: Setting up flash
Jul 18 03:50:10 witherspoon phosphor-gevent[988]: ::60c9:6576:8e91:f402%1995492124 - - [2017-07-18 03:50:10] "POST /login HTTP/1.1" 200 320 0.032826
Jul 18 03:50:10 witherspoon phosphor-gevent[988]: ::60c9:6576:8e91:f402%1995492124 - - [2017-07-18 03:50:10] "GET /org/openbmc/control/flash/bios HTTP/1.1" 200 396 0.214066
Jul 18 03:50:11 witherspoon phosphor-gevent[988]: ::60c9:6576:8e91:f402%1995492124 - - [2017-07-18 03:50:11] "POST /login HTTP/1.1" 200 320 0.032780
Jul 18 03:50:11 witherspoon phosphor-gevent[988]: ::60c9:6576:8e91:f402%1995492124 - - [2017-07-18 03:50:11] "GET /org/openbmc/control/flash/bios HTTP/1.1" 200 396 0.223900
Jul 18 03:50:21 witherspoon phosphor-gevent[988]: ::60c9:6576:8e91:f402%1995492124 - - [2017-07-18 03:50:21] "POST /login HTTP/1.1" 200 320 0.032619
Jul 18 03:50:22 witherspoon phosphor-gevent[988]: ::60c9:6576:8e91:f402%1995492124 - - [2017-07-18 03:50:22] "GET /org/openbmc/control/flash/bios HTTP/1.1" 200 396 0.440279
Jul 18 03:50:32 witherspoon phosphor-gevent[988]: ::60c9:6576:8e91:f402%1995492124 - - [2017-07-18 03:50:32] "POST /login HTTP/1.1" 200 320 0.056307
Jul 18 03:50:33 witherspoon phosphor-gevent[988]: ::60c9:6576:8e91:f402%1995492124 - - [2017-07-18 03:50:33] "GET /org/openbmc/control/flash/bios HTTP/1.1" 200 396 0.155097
Jul 18 03:50:43 witherspoon phosphor-gevent[988]: ::60c9:6576:8e91:f402%1995492124 - - [2017-07-18 03:50:43] "POST /login HTTP/1.1" 200 320 0.050622
Jul 18 03:50:44 witherspoon phosphor-gevent[988]: ::60c9:6576:8e91:f402%1995492124 - - [2017-07-18 03:50:44] "GET /org/openbmc/control/flash/bios HTTP/1.1" 200 396 0.143853
Jul 18 03:50:54 witherspoon phosphor-gevent[988]: ::60c9:6576:8e91:f402%1995492124 - - [2017-07-18 03:50:54] "POST /login HTTP/1.1" 200 320 0.032710
Jul 18 03:50:54 witherspoon phosphor-gevent[988]: ::60c9:6576:8e91:f402%1995492124 - - [2017-07-18 03:50:54] "GET /org/openbmc/control/flash/bios HTTP/1.1" 200 396 0.748637
Jul 18 03:51:05 witherspoon phosphor-gevent[988]: ::60c9:6576:8e91:f402%1995492124 - - [2017-07-18 03:51:05] "POST /login HTTP/1.1" 200 320 0.033352
Jul 18 03:51:05 witherspoon phosphor-gevent[988]: ::60c9:6576:8e91:f402%1995492124 - - [2017-07-18 03:51:05] "GET /org/openbmc/control/flash/bios HTTP/1.1" 200 396 0.067849
Jul 18 03:51:15 witherspoon phosphor-gevent[988]: ::60c9:6576:8e91:f402%1995492124 - - [2017-07-18 03:51:15] "POST /login HTTP/1.1" 200 320 0.032816
Jul 18 03:51:16 witherspoon phosphor-gevent[988]: ::60c9:6576:8e91:f402%1995492124 - - [2017-07-18 03:51:16] "GET /org/openbmc/control/flash/bios HTTP/1.1" 200 396 0.926052
Jul 18 03:51:26 witherspoon phosphor-gevent[988]: ::60c9:6576:8e91:f402%1995492124 - - [2017-07-18 03:51:26] "POST /login HTTP/1.1" 200 320 0.038559
Jul 18 03:51:26 witherspoon phosphor-gevent[988]: ::60c9:6576:8e91:f402%1995492124 - - [2017-07-18 03:51:26] "GET /org/openbmc/control/flash/bios HTTP/1.1" 200 396 0.073011
Jul 18 03:51:36 witherspoon phosphor-gevent[988]: ::60c9:6576:8e91:f402%1995492124 - - [2017-07-18 03:51:36] "POST /login HTTP/1.1" 200 320 0.032886
Jul 18 03:51:36 witherspoon phosphor-gevent[988]: ::60c9:6576:8e91:f402%1995492124 - - [2017-07-18 03:51:36] "GET /org/openbmc/control/flash/bios HTTP/1.1" 200 396 0.067660
Jul 18 03:51:47 witherspoon phosphor-gevent[988]: ::60c9:6576:8e91:f402%1995492124 - - [2017-07-18 03:51:47] "POST /login HTTP/1.1" 200 320 0.032815
Jul 18 03:51:47 witherspoon phosphor-gevent[988]: ::60c9:6576:8e91:f402%1995492124 - - [2017-07-18 03:51:47] "GET /org/openbmc/control/flash/bios HTTP/1.1" 200 396 0.067617
Jul 18 03:51:57 witherspoon phosphor-gevent[988]: ::60c9:6576:8e91:f402%1995492124 - - [2017-07-18 03:51:57] "POST /login HTTP/1.1" 200 320 0.032878
Jul 18 03:51:57 witherspoon phosphor-gevent[988]: ::60c9:6576:8e91:f402%1995492124 - - [2017-07-18 03:51:57] "GET /org/openbmc/control/flash/bios HTTP/1.1" 200 396 0.068087
Jul 18 03:52:07 witherspoon phosphor-gevent[988]: ::60c9:6576:8e91:f402%1995492124 - - [2017-07-18 03:52:07] "POST /login HTTP/1.1" 200 320 0.032994
Jul 18 03:52:07 witherspoon phosphor-gevent[988]: ::60c9:6576:8e91:f402%1995492124 - - [2017-07-18 03:52:07] "GET /org/openbmc/control/flash/bios HTTP/1.1" 200 396 0.067716
Jul 18 03:52:18 witherspoon phosphor-gevent[988]: ::60c9:6576:8e91:f402%1995492124 - - [2017-07-18 03:52:18] "POST /login HTTP/1.1" 200 320 0.038826
Jul 18 03:52:18 witherspoon phosphor-gevent[988]: ::60c9:6576:8e91:f402%1995492124 - - [2017-07-18 03:52:18] "GET /org/openbmc/control/flash/bios HTTP/1.1" 200 401 0.067704
Jul 18 03:52:28 witherspoon phosphor-gevent[988]: ::60c9:6576:8e91:f402%1995492124 - - [2017-07-18 03:52:28] "POST /login HTTP/1.1" 200 320 0.032855
Jul 18 03:52:28 witherspoon phosphor-gevent[988]: ::60c9:6576:8e91:f402%1995492124 - - [2017-07-18 03:52:28] "GET /org/openbmc/control/flash/bios HTTP/1.1" 200 401 0.068723
Jul 18 03:52:38 witherspoon phosphor-gevent[988]: ::60c9:6576:8e91:f402%1995492124 - - [2017-07-18 03:52:38] "POST /login HTTP/1.1" 200 320 0.032878
Jul 18 03:52:38 witherspoon phosphor-gevent[988]: ::60c9:6576:8e91:f402%1995492124 - - [2017-07-18 03:52:38] "GET /org/openbmc/control/flash/bios HTTP/1.1" 200 401 0.068383
Jul 18 03:52:48 witherspoon phosphor-gevent[988]: ::60c9:6576:8e91:f402%1995492124 - - [2017-07-18 03:52:48] "POST /login HTTP/1.1" 200 320 0.032701
Jul 18 03:52:48 witherspoon phosphor-gevent[988]: ::60c9:6576:8e91:f402%1995492124 - - [2017-07-18 03:52:48] "GET /org/openbmc/control/flash/bios HTTP/1.1" 200 401 0.068018
Jul 18 03:52:59 witherspoon phosphor-gevent[988]: ::60c9:6576:8e91:f402%1995492124 - - [2017-07-18 03:52:59] "POST /login HTTP/1.1" 200 320 0.033575
Jul 18 03:52:59 witherspoon phosphor-gevent[988]: ::60c9:6576:8e91:f402%1995492124 - - [2017-07-18 03:52:59] "GET /org/openbmc/control/flash/bios HTTP/1.1" 200 400 0.259547
Jul 18 03:53:08 witherspoon flash_bios.exe[1014]: Erasing... (may take a while !) done !
Jul 18 03:53:08 witherspoon flash_bios.exe[1014]: About to program "/tmp/witherspoon_20170704n.pnor" at 0x00000000..0x04000000 !
Jul 18 03:53:08 witherspoon flash_bios.exe[1014]: Programming & Verifying...
Jul 18 03:53:08 witherspoon flash_bios.exe[1014]: Flash done
Jul 18 03:53:09 witherspoon phosphor-gevent[988]: ::60c9:6576:8e91:f402%1995492124 - - [2017-07-18 03:53:09] "POST /login HTTP/1.1" 200 320 0.038965
Jul 18 03:53:10 witherspoon phosphor-gevent[988]: ::60c9:6576:8e91:f402%1995492124 - - [2017-07-18 03:53:10] "GET /org/openbmc/control/flash/bios HTTP/1.1" 200 398 0.228966
Jul 18 03:53:10 witherspoon systemd[1]: Started SSH Per-Connection Server (9.41.165.94:43820).
Jul 18 03:53:10 witherspoon dropbear[1115]: Failed loading /etc/dropbear/dropbear_dss_host_key
Jul 18 03:53:10 witherspoon dropbear[1115]: Failed loading /etc/dropbear/dropbear_ecdsa_host_key
Jul 18 03:53:10 witherspoon dropbear[1115]: Child connection from ::ffff:9.41.165.94:43820
Jul 18 03:53:10 witherspoon dropbear[1115]: PAM password auth succeeded for 'root' from ::ffff:9.41.165.94:43820
Jul 18 03:53:10 witherspoon dropbear[1116]: lastlog_perform_login: Couldn't stat /var/log/lastlog: No such file or directory
Jul 18 03:53:10 witherspoon dropbear[1116]: lastlog_openseek: /var/log/lastlog is not a file or directory!
Jul 18 03:53:12 witherspoon phosphor-gevent[988]: ::60c9:6576:8e91:f402%1995492124 - - [2017-07-18 03:53:12] "POST /login HTTP/1.1" 200 320 0.085599
Jul 18 03:53:12 witherspoon phosphor-gevent[988]: ::60c9:6576:8e91:f402%1995492124 - - [2017-07-18 03:53:12] "GET /xyz/openbmc_project/state/host0//attr/CurrentHostState HTTP/1.1" 200 212 0.049284
Jul 18 03:53:12 witherspoon systemd[1]: Created slice system-obmc\x2dconsole\x2dssh.slice.
Jul 18 03:53:12 witherspoon systemd[1]: Started Phosphor Host Console SSH Per-Connection (9.41.165.94:60606).
Jul 18 03:53:12 witherspoon dropbear[1120]: Failed loading /etc/dropbear/dropbear_dss_host_key
Jul 18 03:53:12 witherspoon dropbear[1120]: Failed loading /etc/dropbear/dropbear_ecdsa_host_key
Jul 18 03:53:12 witherspoon dropbear[1120]: Child connection from ::ffff:9.41.165.94:60606
Jul 18 03:53:13 witherspoon dropbear[1120]: PAM password auth succeeded for 'root' from ::ffff:9.41.165.94:60606
Jul 18 03:53:13 witherspoon dropbear[1121]: lastlog_perform_login: Couldn't stat /var/log/lastlog: No such file or directory
Jul 18 03:53:13 witherspoon dropbear[1121]: lastlog_openseek: /var/log/lastlog is not a file or directory!
Jul 18 03:53:13 witherspoon phosphor-gevent[988]: ::60c9:6576:8e91:f402%1995492124 - - [2017-07-18 03:53:13] "POST /login HTTP/1.1" 200 320 0.032943
Jul 18 03:53:13 witherspoon phosphor-gevent[988]: ::60c9:6576:8e91:f402%1995492124 - - [2017-07-18 03:53:13] "PUT /org/openbmc/settings/host0/attr/power_policy HTTP/1.1" 200 169 0.165217
Jul 18 03:53:13 witherspoon phosphor-gevent[988]: ::60c9:6576:8e91:f402%1995492124 - - [2017-07-18 03:53:13] "POST /login HTTP/1.1" 200 320 0.033017
Jul 18 03:53:13 witherspoon phosphor-gevent[988]: ::60c9:6576:8e91:f402%1995492124 - - [2017-07-18 03:53:13] "GET /org/openbmc/settings/host0/attr/power_policy HTTP/1.1" 200 185 0.069704
Jul 18 03:53:13 witherspoon systemd[1]: Started SSH Per-Connection Server (9.41.165.94:43830).
Jul 18 03:53:14 witherspoon dropbear[1122]: Failed loading /etc/dropbear/dropbear_dss_host_key
Jul 18 03:53:14 witherspoon dropbear[1122]: Failed loading /etc/dropbear/dropbear_ecdsa_host_key
Jul 18 03:53:14 witherspoon dropbear[1122]: Child connection from ::ffff:9.41.165.94:43830
Jul 18 03:53:14 witherspoon dropbear[1122]: PAM password auth succeeded for 'root' from ::ffff:9.41.165.94:43830
Jul 18 03:53:14 witherspoon dropbear[1123]: lastlog_perform_login: Couldn't stat /var/log/lastlog: No such file or directory
Jul 18 03:53:14 witherspoon dropbear[1123]: lastlog_openseek: /var/log/lastlog is not a file or directory!
Jul 18 03:53:15 witherspoon phosphor-gevent[988]: ::60c9:6576:8e91:f402%1995492124 - - [2017-07-18 03:53:15] "POST /login HTTP/1.1" 200 320 0.033041
Jul 18 03:53:15 witherspoon phosphor-gevent[988]: ::60c9:6576:8e91:f402%1995492124 - - [2017-07-18 03:53:15] "GET /xyz/openbmc_project/state/chassis0//attr/CurrentPowerState HTTP/1.1" 200 216 0.069959
Jul 18 03:53:16 witherspoon phosphor-gevent[988]: ::60c9:6576:8e91:f402%1995492124 - - [2017-07-18 03:53:16] "POST /login HTTP/1.1" 200 320 0.039898
Jul 18 03:53:16 witherspoon phosphor-gevent[988]: ::60c9:6576:8e91:f402%1995492124 - - [2017-07-18 03:53:16] "GET /xyz/openbmc_project/state/bmc0//attr/CurrentBMCState HTTP/1.1" 200 212 0.057868
Jul 18 03:53:16 witherspoon phosphor-gevent[988]: ::60c9:6576:8e91:f402%1995492124 - - [2017-07-18 03:53:16] "POST /login HTTP/1.1" 200 320 0.033174
Jul 18 03:53:16 witherspoon phosphor-gevent[988]: ::60c9:6576:8e91:f402%1995492124 - - [2017-07-18 03:53:16] "GET /org/openbmc/sensors/host/BootProgress/attr/value HTTP/1.1" 200 170 0.095167
Jul 18 03:53:16 witherspoon phosphor-gevent[988]: ::60c9:6576:8e91:f402%1995492124 - - [2017-07-18 03:53:16] "POST /login HTTP/1.1" 200 320 0.035527
Jul 18 03:53:16 witherspoon phosphor-gevent[988]: ::60c9:6576:8e91:f402%1995492124 - - [2017-07-18 03:53:16] "GET /xyz/openbmc_project/state/host0//attr/CurrentHostState HTTP/1.1" 200 212 0.049664
Jul 18 03:53:17 witherspoon phosphor-gevent[988]: ::60c9:6576:8e91:f402%1995492124 - - [2017-07-18 03:53:17] "POST /login HTTP/1.1" 200 320 0.086909
Jul 18 03:53:17 witherspoon phosphor-host-state-manager[1027]: Host State transaction request
Jul 18 03:53:17 witherspoon phosphor-gevent[988]: ::60c9:6576:8e91:f402%1995492124 - - [2017-07-18 03:53:17] "PUT /xyz/openbmc_project/state/host0//attr/RequestedHostTransition HTTP/1.1" 200 169 0.249115
Jul 18 03:53:17 witherspoon systemd[1]: Created slice system-cfam_override.slice.
Jul 18 03:53:17 witherspoon systemd[1]: Created slice system-mapper\x2dsubtree\x2dremove.slice.
Jul 18 03:53:17 witherspoon systemd[1]: Created slice system-start_host.slice.
Jul 18 03:53:17 witherspoon systemd[1]: Created slice system-fsi\x2dbind.slice.
Jul 18 03:53:17 witherspoon systemd[1]: Starting Wait for /org/openbmc/control/chassis0...
Jul 18 03:53:17 witherspoon systemd[1]: Created slice system-ir35221\x2don\x2dbind.slice.
Jul 18 03:53:17 witherspoon systemd[1]: Created slice system-pcie\x2dslot\x2ddetect.slice.
Jul 18 03:53:17 witherspoon systemd[1]: Created slice system-avsbus\x2ddisable.slice.
Jul 18 03:53:17 witherspoon systemd[1]: Created slice system-ir35221\x2don\x2dunbind.slice.
Jul 18 03:53:17 witherspoon systemd[1]: Created slice system-vrm\x2dcontrol.slice.
Jul 18 03:53:18 witherspoon phosphor-hwmon-readd[951]: terminate called after throwing an instance of 'std::experimental::filesystem::v1::__cxx11::filesystem_error'
Jul 18 03:53:18 witherspoon phosphor-hwmon-readd[951]:   what():  filesystem error: cannot canonicalize: No such file or directory [/sys/class/hwmon/hwmon8] [/]
Jul 18 03:53:17 witherspoon systemd[1]: Created slice system-phosphor\x2dfan\x2dcontrol\x2dinit.slice.
Jul 18 03:53:17 witherspoon systemd[1]: Created slice system-vcs_off.slice.
Jul 18 03:53:17 witherspoon systemd[1]: Starting Wait for /xyz/openbmc_project/led/groups/power_on...
Jul 18 03:53:17 witherspoon systemd[1]: Created slice system-avsbus\x2denable.slice.
Jul 18 03:53:17 witherspoon systemd[1]: Created slice system-avsbus\x2dworkaround.slice.
Jul 18 03:53:18 witherspoon systemd[1]: Starting Witherspoon Fan Watchdog Reset...
Jul 18 03:53:18 witherspoon systemd[1]: Created slice system-phosphor\x2dwatchdog.slice.
Jul 18 03:53:18 witherspoon systemd[1]: Created slice system-phosphor\x2dgpio\x2dmonitor.slice.
Jul 18 03:53:18 witherspoon systemd[1]: Created slice system-phosphor\x2dfan\x2dpresence\x2dtach.slice.
Jul 18 03:53:18 witherspoon systemd[1]: Created slice system-ucd_disable_vcs.slice.
Jul 18 03:53:18 witherspoon systemd[1]: Starting Disable UCD VCS rails...
Jul 18 03:53:18 witherspoon systemd[1]: Created slice system-vcs_on.slice.
Jul 18 03:53:18 witherspoon systemd[1]: Created slice system-op\x2dpower\x2dstart.slice.
Jul 18 03:53:18 witherspoon systemd[1]: Created slice system-op\x2dwait\x2dpower\x2don.slice.
Jul 18 03:53:18 witherspoon systemd[1]: Starting Wait for Power0 to turn on...
Jul 18 03:53:18 witherspoon systemd[1]: Created slice system-vcs_workaround.slice.
Jul 18 03:53:18 witherspoon systemd[1]: Started Phosphor poweron watchdog.
Jul 18 03:53:18 witherspoon systemd[1]: Started Phosphor GPIO checkstop monitor.
Jul 18 03:53:18 witherspoon systemd[1]: Reached target Start Host checkstop monitor.
Jul 18 03:53:18 witherspoon systemd[1]: Starting power on mode unbind ir35221 device driver devs...
Jul 18 03:53:18 witherspoon systemd[1]: Starting mapper subtree-remove /xyz/openbmc_project/software:xyz.openbmc_project.Software.ActivationBlocksTransition...
Jul 18 03:53:18 witherspoon systemd[1]: Created slice system-fsi\x2dscan.slice.
Jul 18 03:53:19 witherspoon systemd[1]: xyz.openbmc_project.Hwmon@ahb-apb-i2c\x401e78a000-i2c\x2dbus\x40400-ucd90160\x4064.service: Main process exited, code=dumped, status=6/ABRT
Jul 18 03:53:19 witherspoon systemd[1]: xyz.openbmc_project.Hwmon@ahb-apb-i2c\x401e78a000-i2c\x2dbus\x40400-ucd90160\x4064.service: Unit entered failed state.
Jul 18 03:53:19 witherspoon systemd[1]: xyz.openbmc_project.Hwmon@ahb-apb-i2c\x401e78a000-i2c\x2dbus\x40400-ucd90160\x4064.service: Failed with result 'core-dump'.
Jul 18 03:53:19 witherspoon phosphor-gevent[988]: ::60c9:6576:8e91:f402%1995492124 - - [2017-07-18 03:53:19] "POST /login HTTP/1.1" 200 320 0.516650
Jul 18 03:53:19 witherspoon systemd[1]: Started Wait for /org/openbmc/control/chassis0.
Jul 18 03:53:19 witherspoon systemd[1]: Started Wait for /xyz/openbmc_project/led/groups/power_on.
Jul 18 03:53:19 witherspoon systemd[1]: Started Witherspoon Fan Watchdog Reset.
Jul 18 03:53:19 witherspoon systemd[1]: xyz.openbmc_project.Hwmon@ahb-apb-i2c\x401e78a000-i2c\x2dbus\x40400-ucd90160\x4064.service: Unit not needed anymore. Stopping.
Jul 18 03:53:19 witherspoon systemd[1]: Stopped Phosphor Hwmon Poller.
Jul 18 03:53:19 witherspoon systemd[1]: Starting Assert power_on LED...
Jul 18 03:53:19 witherspoon kernel: ucd9000 11-0064: Device ID UCD90160|2.3.4.0000|110603
Jul 18 03:53:19 witherspoon kernel[936]: [  371.990000] ucd9000 11-0064: Device ID UCD90160|2.3.4.0000|110603
Jul 18 03:53:19 witherspoon phosphor-hwmon-readd[946]: terminate called after throwing an instance of 'std::experimental::filesystem::v1::__cxx11::filesystem_error'
Jul 18 03:53:19 witherspoon phosphor-hwmon-readd[946]:   what():  filesystem error: cannot canonicalize: No such file or directory [/sys/class/hwmon/hwmon7] [/]
Jul 18 03:53:19 witherspoon systemd[1]: xyz.openbmc_project.Hwmon@ahb-apb-i2c\x401e78a000-i2c\x2dbus\x40180-ir35221\x4071.service: Main process exited, code=dumped, status=6/ABRT
Jul 18 03:53:19 witherspoon systemd[1]: xyz.openbmc_project.Hwmon@ahb-apb-i2c\x401e78a000-i2c\x2dbus\x40180-ir35221\x4071.service: Unit entered failed state.
Jul 18 03:53:19 witherspoon systemd[1]: xyz.openbmc_project.Hwmon@ahb-apb-i2c\x401e78a000-i2c\x2dbus\x40180-ir35221\x4071.service: Failed with result 'core-dump'.
Jul 18 03:53:19 witherspoon phosphor-hwmon-readd[931]: terminate called after throwing an instance of 'std::experimental::filesystem::v1::__cxx11::filesystem_error'
Jul 18 03:53:19 witherspoon phosphor-hwmon-readd[931]:   what():  filesystem error: cannot canonicalize: No such file or directory [/sys/class/hwmon/hwmon4] [/]
Jul 18 03:53:19 witherspoon phosphor-hwmon-readd[933]: terminate called after throwing an instance of 'std::experimental::filesystem::v1::__cxx11::filesystem_error'
Jul 18 03:53:19 witherspoon phosphor-hwmon-readd[933]:   what():  filesystem error: cannot canonicalize: No such file or directory [/sys/class/hwmon/hwmon5] [/]
Jul 18 03:53:19 witherspoon systemd[1]: xyz.openbmc_project.Hwmon@ahb-apb-i2c\x401e78a000-i2c\x2dbus\x40140-ir35221\x4070.service: Main process exited, code=dumped, status=6/ABRT
Jul 18 03:53:19 witherspoon systemd[1]: xyz.openbmc_project.Hwmon@ahb-apb-i2c\x401e78a000-i2c\x2dbus\x40140-ir35221\x4070.service: Unit entered failed state.
Jul 18 03:53:19 witherspoon systemd[1]: xyz.openbmc_project.Hwmon@ahb-apb-i2c\x401e78a000-i2c\x2dbus\x40140-ir35221\x4070.service: Failed with result 'core-dump'.
Jul 18 03:53:19 witherspoon systemd[1]: xyz.openbmc_project.Hwmon@ahb-apb-i2c\x401e78a000-i2c\x2dbus\x40180-ir35221\x4071.service: Service hold-off time over, scheduling restart.
Jul 18 03:53:19 witherspoon systemd[1]: Stopped Phosphor Hwmon Poller.
Jul 18 03:53:19 witherspoon systemd[1]: Started Phosphor Hwmon Poller.
Jul 18 03:53:20 witherspoon systemd[1]: xyz.openbmc_project.Hwmon@ahb-apb-i2c\x401e78a000-i2c\x2dbus\x40140-ir35221\x4071.service: Main process exited, code=dumped, status=6/ABRT
Jul 18 03:53:20 witherspoon systemd[1]: xyz.openbmc_project.Hwmon@ahb-apb-i2c\x401e78a000-i2c\x2dbus\x40140-ir35221\x4071.service: Unit entered failed state.
Jul 18 03:53:20 witherspoon systemd[1]: xyz.openbmc_project.Hwmon@ahb-apb-i2c\x401e78a000-i2c\x2dbus\x40140-ir35221\x4071.service: Failed with result 'core-dump'.
Jul 18 03:53:20 witherspoon systemd[1]: Started Disable UCD VCS rails.
Jul 18 03:53:20 witherspoon systemd[1]: Started power on mode unbind ir35221 device driver devs.
Jul 18 03:53:20 witherspoon systemd[1]: xyz.openbmc_project.Hwmon@ahb-apb-i2c\x401e78a000-i2c\x2dbus\x40140-ir35221\x4071.service: Unit not needed anymore. Stopping.
Jul 18 03:53:20 witherspoon systemd[1]: xyz.openbmc_project.Hwmon@ahb-apb-i2c\x401e78a000-i2c\x2dbus\x40140-ir35221\x4070.service: Service hold-off time over, scheduling restart.
Jul 18 03:53:20 witherspoon phosphor-hwmon-readd[1163]: Usage: /usr/sbin/phosphor-hwmon-readd [options]
Jul 18 03:53:20 witherspoon phosphor-hwmon-readd[1163]: Options:
Jul 18 03:53:20 witherspoon phosphor-hwmon-readd[1163]:     --help               print this menu
Jul 18 03:53:20 witherspoon phosphor-hwmon-readd[1163]:     --path=<path>        sysfs location to monitor
Jul 18 03:53:20 witherspoon phosphor-hwmon-readd[1163]:     --of-name=<path>     open firmware device name to monitor
Jul 18 03:53:20 witherspoon phosphor-hwmon-readd[947]: terminate called after throwing an instance of 'std::experimental::filesystem::v1::__cxx11::filesystem_error'
Jul 18 03:53:20 witherspoon phosphor-hwmon-readd[947]:   what():  filesystem error: cannot canonicalize: No such file or directory [/sys/class/hwmon/hwmon6] [/]
Jul 18 03:53:20 witherspoon systemd[1]: xyz.openbmc_project.Hwmon@ahb-apb-i2c\x401e78a000-i2c\x2dbus\x40180-ir35221\x4070.service: Main process exited, code=dumped, status=6/ABRT
Jul 18 03:53:20 witherspoon phosphor-hwmon-readd[1163]: ERROR: Path not specified or invalid.
Jul 18 03:53:20 witherspoon systemd[1]: xyz.openbmc_project.Hwmon@ahb-apb-i2c\x401e78a000-i2c\x2dbus\x40180-ir35221\x4070.service: Unit entered failed state.
Jul 18 03:53:20 witherspoon systemd[1]: xyz.openbmc_project.Hwmon@ahb-apb-i2c\x401e78a000-i2c\x2dbus\x40180-ir35221\x4070.service: Failed with result 'core-dump'.
Jul 18 03:53:20 witherspoon systemd[1]: xyz.openbmc_project.Hwmon@ahb-apb-i2c\x401e78a000-i2c\x2dbus\x40180-ir35221\x4071.service: Main process exited, code=exited, status=255/n/a
Jul 18 03:53:20 witherspoon systemd[1]: xyz.openbmc_project.Hwmon@ahb-apb-i2c\x401e78a000-i2c\x2dbus\x40180-ir35221\x4071.service: Unit entered failed state.
Jul 18 03:53:20 witherspoon systemd[1]: xyz.openbmc_project.Hwmon@ahb-apb-i2c\x401e78a000-i2c\x2dbus\x40180-ir35221\x4071.service: Failed with result 'exit-code'.
Jul 18 03:53:20 witherspoon systemd[1]: xyz.openbmc_project.Hwmon@ahb-apb-i2c\x401e78a000-i2c\x2dbus\x40180-ir35221\x4070.service: Unit not needed anymore. Stopping.
Jul 18 03:53:20 witherspoon systemd[1]: xyz.openbmc_project.Hwmon@ahb-apb-i2c\x401e78a000-i2c\x2dbus\x40140-ir35221\x4071.service: Service hold-off time over, scheduling restart.
Jul 18 03:53:20 witherspoon systemd[1]: xyz.openbmc_project.Hwmon@ahb-apb-i2c\x401e78a000-i2c\x2dbus\x40140-ir35221\x4071.service: Stop job pending for unit, delaying automatic restart.
Jul 18 03:53:20 witherspoon systemd[1]: xyz.openbmc_project.Hwmon@ahb-apb-i2c\x401e78a000-i2c\x2dbus\x40180-ir35221\x4071.service: Unit not needed anymore. Stopping.
Jul 18 03:53:20 witherspoon systemd[1]: xyz.openbmc_project.Hwmon@ahb-apb-i2c\x401e78a000-i2c\x2dbus\x40140-ir35221\x4070.service: Unit not needed anymore. Stopping.
Jul 18 03:53:20 witherspoon systemd[1]: Requested transaction contradicts existing jobs: Transaction is destructive.
Jul 18 03:53:20 witherspoon systemd[1]: xyz.openbmc_project.Hwmon@ahb-apb-i2c\x401e78a000-i2c\x2dbus\x40140-ir35221\x4070.service: Failed to enqueue stop job, ignoring: Transaction is destructive.
Jul 18 03:53:20 witherspoon systemd[1]: xyz.openbmc_project.Hwmon@ahb-apb-i2c\x401e78a000-i2c\x2dbus\x40140-ir35221\x4071.service: Service hold-off time over, scheduling restart.
Jul 18 03:53:20 witherspoon systemd[1]: xyz.openbmc_project.Hwmon@ahb-apb-i2c\x401e78a000-i2c\x2dbus\x40140-ir35221\x4071.service: Stop job pending for unit, delaying automatic restart.
Jul 18 03:53:20 witherspoon systemd[1]: xyz.openbmc_project.Hwmon@ahb-apb-i2c\x401e78a000-i2c\x2dbus\x40180-ir35221\x4071.service: Service hold-off time over, scheduling restart.
Jul 18 03:53:20 witherspoon systemd[1]: xyz.openbmc_project.Hwmon@ahb-apb-i2c\x401e78a000-i2c\x2dbus\x40180-ir35221\x4071.service: Stop job pending for unit, delaying automatic restart.
Jul 18 03:53:20 witherspoon systemd[1]: xyz.openbmc_project.Hwmon@ahb-apb-i2c\x401e78a000-i2c\x2dbus\x40180-ir35221\x4070.service: Service hold-off time over, scheduling restart.
Jul 18 03:53:20 witherspoon systemd[1]: xyz.openbmc_project.Hwmon@ahb-apb-i2c\x401e78a000-i2c\x2dbus\x40180-ir35221\x4070.service: Stop job pending for unit, delaying automatic restart.
Jul 18 03:53:20 witherspoon systemd[1]: Started Phosphor Hwmon Poller.
Jul 18 03:53:20 witherspoon systemd[1]: Stopped Phosphor Hwmon Poller.
Jul 18 03:53:20 witherspoon systemd[1]: Stopped Phosphor Hwmon Poller.
Jul 18 03:53:20 witherspoon systemd[1]: Stopped Phosphor Hwmon Poller.
Jul 18 03:53:20 witherspoon systemd[1]: Started Phosphor Hwmon Poller.
Jul 18 03:53:20 witherspoon systemd[1]: xyz.openbmc_project.Hwmon@ahb-apb-i2c\x401e78a000-i2c\x2dbus\x40140-ir35221\x4070.service: Unit not needed anymore. Stopping.
Jul 18 03:53:20 witherspoon systemd[1]: Stopping Phosphor Hwmon Poller...
Jul 18 03:53:20 witherspoon systemd[1]: Stopped Phosphor Hwmon Poller.
Jul 18 03:53:20 witherspoon systemd[1]: Starting Perform AVS bus workaround on VRMs...
Jul 18 03:53:20 witherspoon systemd[1]: Stopped Phosphor Hwmon Poller.
Jul 18 03:53:21 witherspoon systemd[1]: Started Perform AVS bus workaround on VRMs.
Jul 18 03:53:21 witherspoon systemd[1]: Starting Disable the AVS bus on the VRMs...
Jul 18 03:53:22 witherspoon systemd[1]: Started Disable the AVS bus on the VRMs.
Jul 18 03:53:22 witherspoon systemd[1]: Starting Apply voltage overrides to VRMs...
Jul 18 03:53:22 witherspoon vrm-control.sh[1204]: rail        set        read        current
