[    0.000000] Booting Linux on physical CPU 0x0
[    0.000000] Linux version 4.10.17-b2cd8101eec3c200940405f12582473617a520f7 (jenkins@openbmc-builder2) (gcc version 6.2.0 (GCC) ) #1 Thu Jul 13 20:21:59 UTC 2017
[    0.000000] CPU: ARM926EJ-S [41069265] revision 5 (ARMv5TEJ), cr=0005317f
[    0.000000] CPU: VIVT data cache, VIVT instruction cache
[    0.000000] OF: fdt:Machine model: Palmetto BMC
[    0.000000] Memory policy: Data cache writeback
[    0.000000] SOC Rev: 02010303
[    0.000000] On node 0 totalpages: 126976
[    0.000000] free_area_init_node: node 0, pgdat 80833a5c, node_mem_map 9ec1a000
[    0.000000]   Normal zone: 992 pages used for memmap
[    0.000000]   Normal zone: 0 pages reserved
[    0.000000]   Normal zone: 126976 pages, LIFO batch:31
[    0.000000] pcpu-alloc: s0 r0 d32768 u32768 alloc=1*32768
[    0.000000] pcpu-alloc: [0] 0 
[    0.000000] Built 1 zonelists in Zone order, mobility grouping on.  Total pages: 125984
[    0.000000] Kernel command line: console=ttyS4,115200n8 root=/dev/ram rw
[    0.000000] PID hash table entries: 2048 (order: 1, 8192 bytes)
[    0.000000] Dentry cache hash table entries: 65536 (order: 6, 262144 bytes)
[    0.000000] Inode-cache hash table entries: 32768 (order: 5, 131072 bytes)
[    0.000000] Memory: 494240K/507904K available (4096K kernel code, 276K rwdata, 1100K rodata, 1024K init, 111K bss, 13664K reserved, 0K cma-reserved)
[    0.000000] Virtual kernel memory layout:
[    0.000000]     vector  : 0xffff0000 - 0xffff1000   (   4 kB)
[    0.000000]     fixmap  : 0xffc00000 - 0xfff00000   (3072 kB)
[    0.000000]     vmalloc : 0x9f800000 - 0xff800000   (1536 MB)
[    0.000000]     lowmem  : 0x80000000 - 0x9f000000   ( 496 MB)
[    0.000000]       .text : 0x80008000 - 0x80500000   (5088 kB)
[    0.000000]       .init : 0x80700000 - 0x80800000   (1024 kB)
[    0.000000]       .data : 0x80800000 - 0x80845210   ( 277 kB)
[    0.000000]        .bss : 0x80845210 - 0x808611a0   ( 112 kB)
[    0.000000] NR_IRQS:16 nr_irqs:16 16
[    0.000000] i2c controller registered, irq 16
[    0.000000] clocksource: moxart_timer: mask: 0xffffffff max_cycles: 0xffffffff, max_idle_ns: 39817925974 ns
[    0.000000] sched_clock: 32 bits at 100 Hz, resolution 10000000ns, wraps every 21474836475000000ns
[    0.070000] Calibrating delay loop... 190.87 BogoMIPS (lpj=954368)
[    0.070000] pid_max: default: 32768 minimum: 301
[    0.070000] Mount-cache hash table entries: 1024 (order: 0, 4096 bytes)
[    0.070000] Mountpoint-cache hash table entries: 1024 (order: 0, 4096 bytes)
[    0.070000] CPU: Testing write buffer coherency: ok
[    0.070000] ftrace: allocating 14713 entries in 44 pages
[    0.130000] Setting up static identity map for 0x40100000 - 0x40100058
[    0.140000] devtmpfs: initialized
[    0.180000] clocksource: jiffies: mask: 0xffffffff max_cycles: 0xffffffff, max_idle_ns: 19112604462750000 ns
[    0.180000] futex hash table entries: 256 (order: -1, 3072 bytes)
[    0.180000] pinctrl core: initialized pinctrl subsystem
[    0.180000] NET: Registered protocol family 16
[    0.180000] DMA: preallocated 256 KiB pool for atomic coherent allocations
[    0.280000] clocksource: Switched to clocksource moxart_timer
[    0.320000] NET: Registered protocol family 2
[    0.320000] TCP established hash table entries: 4096 (order: 2, 16384 bytes)
[    0.320000] TCP bind hash table entries: 4096 (order: 2, 16384 bytes)
[    0.320000] TCP: Hash tables configured (established 4096 bind 4096)
[    0.320000] UDP hash table entries: 256 (order: 0, 4096 bytes)
[    0.320000] UDP-Lite hash table entries: 256 (order: 0, 4096 bytes)
[    0.320000] NET: Registered protocol family 1
[    0.320000] Trying to unpack rootfs image as initramfs...
[    4.910000] Freeing initrd memory: 1548K
[    4.910000] workingset: timestamp_bits=30 max_order=17 bucket_order=0
[    4.910000] squashfs: version 4.0 (2009/01/31) Phillip Lougher
[    4.910000] jffs2: version 2.2. (NAND) (SUMMARY)  Â© 2001-2006 Red Hat, Inc.
[    4.910000] io scheduler noop registered (default)
[    4.910000] GPIO line 312 (func_mode0) hogged as output/low
[    4.910000] GPIO line 313 (func_mode1) hogged as output/low
[    4.910000] GPIO line 314 (func_mode2) hogged as output/low
[    4.910000] GPIO line 292 (BMC_FAN_RESERVED_N) hogged as input
[    4.910000] GPIO line 293 (APSS_WDT_N) hogged as output/high
[    4.910000] GPIO line 301 (APSS_BOOT_MODE) hogged as output/high
[    4.910000] GPIO line 302 (APSS_RESET_N) hogged as output/high
[    4.910000] GPIO line 307 (SPIVID_STBY_RESET_N) hogged as output/high
[    4.910000] GPIO line 317 (BMC_POWER_UP) hogged as output/high
[    4.910000] GPIO line 333 (BMC_BATTERY_TEST) hogged as input
[    4.910000] GPIO line 336 (AST_HW_FAULT_N) hogged as input
[    4.910000] GPIO line 337 (AST_SYS_FAULT_N) hogged as input
[    4.910000] GPIO line 339 (BMC_FULL_SPEED_N) hogged as output/high
[    4.910000] GPIO line 343 (BMC_FAN_ERROR_N) hogged as output/high
[    4.910000] GPIO line 344 (BMC_WDT_RST1_P) hogged as input
[    4.910000] GPIO line 345 (BMC_WDT_RST2_P) hogged as input
[    4.910000] GPIO line 348 (PE_SLOT_TEST_EN_N) hogged as input
[    4.910000] GPIO line 349 (BMC_RTCRST_N) hogged as input
[    4.910000] GPIO line 350 (SYS_PWROK_BMC) hogged as output/high
[    4.910000] GPIO line 355 (BMC_TPM_INT_N) hogged as output/high
[    4.910000] ipmi-bt-host 1e789140.ibt: Found bt bmc device
[    4.910000] ipmi-bt-host 1e789140.ibt: Using IRQ 22
[    4.910000] Serial: 8250/16550 driver, 6 ports, IRQ sharing enabled
[    4.910000] console [ttyS4] disabled
[    4.910000] 1e784000.serial: ttyS4 at MMIO 0x1e784000 (irq = 23, base_baud = 1500000) is a 16550A
[    5.460000] console [ttyS4] enabled
[    5.460000] 1e787000.vuart: ttyS0 at MMIO 0x1e787000 (irq = 22, base_baud = 1500000) is a 16550A
[    5.460000] timeriomem_rng 1e6e2000.syscon:hwrng@1e6e2078: timeriomem_rng: resource is missing
[    5.460000] brd: module loaded
[    5.460000] loop: module loaded
[    5.460000] aspeed-lpc-ctrl 1e789080.lpc-ctrl: Loaded at 0x98000000 (0x01000000)
[    5.460000] aspeed-smc 1e620000.fmc: Using IRQ 18
[    5.460000] aspeed-smc 1e620000.fmc: DMA support disabled.
[    5.460000] aspeed-smc 1e620000.fmc: mx25l25635e (32768 Kbytes)
[    5.460000] aspeed-smc 1e620000.fmc: CE0 window [ 0x20000000 - 0x22000000 ] 32MB
[    5.460000] aspeed-smc 1e620000.fmc: CE1 window [ 0x22000000 - 0x26000000 ] 64MB
[    5.460000] 5 ofpart partitions found on MTD device bmc
[    5.460000] Creating 5 MTD partitions on "bmc":
[    5.460000] 0x000000000000-0x000000060000 : "u-boot"
[    5.460000] 0x000000060000-0x000000080000 : "u-boot-env"
[    5.740000] 0x000000080000-0x0000004c0000 : "kernel"
[    5.740000] 0x0000004c0000-0x000001c00000 : "rofs"
[    5.740000] 0x000001c00000-0x000002000000 : "rwfs"
[    5.740000] aspeed-smc 1e630000.spi: Error applying setting, reverse things back
[    5.740000] aspeed-smc 1e630000.spi: mx25l25635e (32768 Kbytes)
[    6.620000] libphy: Fixed MDIO Bus: probed
[    6.620000] ftgmac100 1e660000.ethernet: Read MAC address a0:42:3f:25:16:fe from chip
[    6.620000] ftgmac100 1e660000.ethernet: Using NCSI interface
[    6.620000] ftgmac100 1e660000.ethernet eth0: irq 20, mapped at f0060000
[    6.620000]  fsi0: can't read slave 00:00 -5
[    6.620000] i2c /dev entries driver
[    6.620000] at24 0-0050: 32768 byte 24c256 EEPROM, writable, 64 bytes/write
[    6.930000] rtc-ds1307 0-0068: rtc core: registered ds3231 as rtc0
[    6.940000] aspeed-i2c-bus 1e78a040.i2c-bus: i2c bus 0 registered, irq 24
[    6.940000] aspeed-i2c-bus 1e78a080.i2c-bus: i2c bus 1 registered, irq 25
[    6.950000] aspeed-i2c-bus 1e78a0c0.i2c-bus: i2c bus 2 registered, irq 26
[    6.950000] aspeed-i2c-bus 1e78a100.i2c-bus: i2c bus 3 registered, irq 27
[    6.980000] aspeed-i2c-bus 1e78a140.i2c-bus: i2c bus 4 registered, irq 28
[    6.980000] aspeed-i2c-bus 1e78a180.i2c-bus: i2c bus 5 registered, irq 29
[    6.980000] aspeed-i2c-bus 1e78a1c0.i2c-bus: i2c bus 6 registered, irq 30
[    7.010000] aspeed-i2c-bus 1e78a300.i2c-bus: i2c bus 7 registered, irq 31
[    7.010000] Driver for 1-wire Dallas network protocol.
[    7.050000] ip_tables: (C) 2000-2006 Netfilter Core Team
[    7.050000] NET: Registered protocol family 10
[    7.050000] Segment Routing with IPv6
[    7.070000] NET: Registered protocol family 17
[    7.070000] 8021q: 802.1Q VLAN Support v1.8
[    7.070000] rtc-ds1307 0-0068: setting system clock to 2017-07-14 05:06:15 UTC (1500008775)
[    7.110000] Freeing unused kernel memory: 1024K
[    8.280000] jffs2: notice: (442) jffs2_build_xattr_subsystem: complete building xattr subsystem, 0 of xdatum (0 unchecked, 0 orphan) and 0 of xref (0 dead, 0 orphan) found.
[   13.320000] random: systemd: uninitialized urandom read (16 bytes read)
[   13.320000] systemd[1]: systemd 232 running in system mode. (+PAM -AUDIT -SELINUX -IMA -APPARMOR -SMACK +SYSVINIT -UTMP -LIBCRYPTSETUP -GCRYPT -GNUTLS +ACL +XZ -LZ4 -SECCOMP +BLKID -ELFUTILS +KMOD -IDN)
[   13.320000] systemd[1]: Detected architecture arm.
[   13.830000] systemd[1]: Set hostname to <palmetto>.
[   14.360000] random: systemd: uninitialized urandom read (16 bytes read)
[   14.630000] random: systemd-sysv-ge: uninitialized urandom read (16 bytes read)
[   14.910000] random: systemd: uninitialized urandom read (16 bytes read)
[   14.910000] random: systemd: uninitialized urandom read (16 bytes read)
[   14.910000] random: systemd: uninitialized urandom read (16 bytes read)
[   14.910000] random: systemd: uninitialized urandom read (16 bytes read)
[   14.910000] random: systemd: uninitialized urandom read (16 bytes read)
[   15.190000] random: systemd: uninitialized urandom read (16 bytes read)
[   15.190000] random: systemd: uninitialized urandom read (16 bytes read)
[   16.370000] systemd[1]: Listening on udev Kernel Socket.
[   16.680000] systemd[1]: Listening on Journal Socket.
[   16.990000] systemd[1]: Listening on Journal Socket (/dev/log).
[   17.310000] systemd[1]: Listening on /dev/initctl Compatibility Named Pipe.
[   17.630000] systemd[1]: Started Forward Password Requests to Wall Directory Watch.
[   17.960000] systemd[1]: Reached target Remote File Systems.
[   18.290000] systemd[1]: Started Dispatch Password Requests to Console Directory Watch.
[   18.630000] systemd[1]: Listening on udev Control Socket.
[   18.970000] systemd[1]: Listening on Network Service Netlink Socket.
[   19.320000] systemd[1]: Listening on Syslog Socket.
[   19.670000] systemd[1]: Reached target Paths.
[   20.030000] systemd[1]: Reached target Swap.
[   20.390000] systemd[1]: Created slice System Slice.
[   20.760000] systemd[1]: Created slice system-serial\x2dgetty.slice.
[   21.130000] systemd[1]: Created slice system-phosphor\x2dreset\x2dhost\x2dcheck.slice.
[   21.510000] systemd[1]: Starting udev Coldplug all Devices...
[   21.890000] systemd[1]: Created slice system-org.openbmc.control.Host.slice.
[   23.880000] systemd[1]: Starting Journal Service...
[   24.290000] systemd[1]: Created slice system-getty.slice.
[   24.710000] systemd[1]: Starting Remount Root and Kernel File Systems...
[   24.710000] systemd[1]: Reached target Slices.
[   24.710000] systemd[1]: dev-hugepages.mount: Couldn't determine result for ConditionVirtualization=!private-users, assuming failed: No such file or directory
[   24.710000] systemd[1]: Created slice system-phosphor\x2dreset\x2dhost\x2drunning.slice.
[   24.710000] systemd[1]: Created slice system-obmc\x2dconsole.slice.
[   25.130000] systemd[1]: Created slice system-mapper\x2dwait.slice.
[   25.560000] systemd[1]: Created slice system-obmc\x2dled\x2dgroup\x2dstart.slice.
[   25.990000] systemd[1]: Starting Apply Kernel Variables...
[   26.430000] random: fast init done
[   29.160000] systemd[1]: Started Journal Service.
[   32.570000] systemd-journald[551]: Received request to flush runtime journal from PID 1
[   63.630000] ftgmac100 1e660000.ethernet eth0: NCSI interface up
[  185.920000] random: crng init done
[  429.210000] ftgmac100 1e660000.ethernet eth0: NCSI interface down
[  431.610000] ftgmac100 1e660000.ethernet eth0: NCSI interface up
[  479.470000] ftgmac100 1e660000.ethernet eth0: NCSI interface down
[  481.930000] ftgmac100 1e660000.ethernet eth0: NCSI interface up
[  524.830000] ftgmac100 1e660000.ethernet eth0: NCSI interface down
[  527.330000] ftgmac100 1e660000.ethernet eth0: NCSI interface up
[  570.240000] ftgmac100 1e660000.ethernet eth0: NCSI interface down
[  572.290000] ftgmac100 1e660000.ethernet eth0: NCSI interface up
