-- Logs begin at Fri 2017-07-14 05:06:33 UTC, end at Fri 2017-07-14 05:27:48 UTC. --
Jul 14 05:06:33 palmetto kernel: Booting Linux on physical CPU 0x0
Jul 14 05:06:33 palmetto kernel: Linux version 4.10.17-b2cd8101eec3c200940405f12582473617a520f7 (jenkins@openbmc-builder2) (gcc version 6.2.0 (GCC) ) #1 Thu Jul 13 20:21:59 UTC 2017
Jul 14 05:06:33 palmetto kernel: CPU: ARM926EJ-S [41069265] revision 5 (ARMv5TEJ), cr=0005317f
Jul 14 05:06:33 palmetto kernel: CPU: VIVT data cache, VIVT instruction cache
Jul 14 05:06:33 palmetto kernel: OF: fdt:Machine model: Palmetto BMC
Jul 14 05:06:33 palmetto kernel: Memory policy: Data cache writeback
Jul 14 05:06:33 palmetto kernel: SOC Rev: 02010303
Jul 14 05:06:33 palmetto kernel: On node 0 totalpages: 126976
Jul 14 05:06:33 palmetto kernel: free_area_init_node: node 0, pgdat 80833a5c, node_mem_map 9ec1a000
Jul 14 05:06:33 palmetto kernel:   Normal zone: 992 pages used for memmap
Jul 14 05:06:33 palmetto kernel:   Normal zone: 0 pages reserved
Jul 14 05:06:33 palmetto kernel:   Normal zone: 126976 pages, LIFO batch:31
Jul 14 05:06:33 palmetto kernel: pcpu-alloc: s0 r0 d32768 u32768 alloc=1*32768
Jul 14 05:06:33 palmetto kernel: pcpu-alloc: [0] 0 
Jul 14 05:06:33 palmetto kernel: Built 1 zonelists in Zone order, mobility grouping on.  Total pages: 125984
Jul 14 05:06:33 palmetto kernel: Kernel command line: console=ttyS4,115200n8 root=/dev/ram rw
Jul 14 05:06:33 palmetto kernel: PID hash table entries: 2048 (order: 1, 8192 bytes)
Jul 14 05:06:33 palmetto kernel: Dentry cache hash table entries: 65536 (order: 6, 262144 bytes)
Jul 14 05:06:33 palmetto kernel: Inode-cache hash table entries: 32768 (order: 5, 131072 bytes)
Jul 14 05:06:33 palmetto kernel: Memory: 494240K/507904K available (4096K kernel code, 276K rwdata, 1100K rodata, 1024K init, 111K bss, 13664K reserved, 0K cma-reserved)
Jul 14 05:06:33 palmetto kernel: Virtual kernel memory layout:
                                     vector  : 0xffff0000 - 0xffff1000   (   4 kB)
                                     fixmap  : 0xffc00000 - 0xfff00000   (3072 kB)
                                     vmalloc : 0x9f800000 - 0xff800000   (1536 MB)
                                     lowmem  : 0x80000000 - 0x9f000000   ( 496 MB)
                                       .text : 0x80008000 - 0x80500000   (5088 kB)
                                       .init : 0x80700000 - 0x80800000   (1024 kB)
                                       .data : 0x80800000 - 0x80845210   ( 277 kB)
                                        .bss : 0x80845210 - 0x808611a0   ( 112 kB)
Jul 14 05:06:33 palmetto kernel: NR_IRQS:16 nr_irqs:16 16
Jul 14 05:06:33 palmetto kernel: i2c controller registered, irq 16
Jul 14 05:06:33 palmetto kernel: clocksource: moxart_timer: mask: 0xffffffff max_cycles: 0xffffffff, max_idle_ns: 39817925974 ns
Jul 14 05:06:33 palmetto kernel: sched_clock: 32 bits at 100 Hz, resolution 10000000ns, wraps every 21474836475000000ns
Jul 14 05:06:33 palmetto kernel: Calibrating delay loop... 190.87 BogoMIPS (lpj=954368)
Jul 14 05:06:33 palmetto kernel: pid_max: default: 32768 minimum: 301
Jul 14 05:06:33 palmetto kernel: Mount-cache hash table entries: 1024 (order: 0, 4096 bytes)
Jul 14 05:06:33 palmetto kernel: Mountpoint-cache hash table entries: 1024 (order: 0, 4096 bytes)
Jul 14 05:06:33 palmetto kernel: CPU: Testing write buffer coherency: ok
Jul 14 05:06:33 palmetto kernel: ftrace: allocating 14713 entries in 44 pages
Jul 14 05:06:33 palmetto kernel: Setting up static identity map for 0x40100000 - 0x40100058
Jul 14 05:06:33 palmetto kernel: devtmpfs: initialized
Jul 14 05:06:33 palmetto kernel: clocksource: jiffies: mask: 0xffffffff max_cycles: 0xffffffff, max_idle_ns: 19112604462750000 ns
Jul 14 05:06:33 palmetto kernel: futex hash table entries: 256 (order: -1, 3072 bytes)
Jul 14 05:06:33 palmetto kernel: pinctrl core: initialized pinctrl subsystem
Jul 14 05:06:33 palmetto kernel: NET: Registered protocol family 16
Jul 14 05:06:33 palmetto kernel: DMA: preallocated 256 KiB pool for atomic coherent allocations
Jul 14 05:06:33 palmetto kernel: clocksource: Switched to clocksource moxart_timer
Jul 14 05:06:33 palmetto kernel: NET: Registered protocol family 2
Jul 14 05:06:33 palmetto kernel: TCP established hash table entries: 4096 (order: 2, 16384 bytes)
Jul 14 05:06:33 palmetto kernel: TCP bind hash table entries: 4096 (order: 2, 16384 bytes)
Jul 14 05:06:33 palmetto kernel: TCP: Hash tables configured (established 4096 bind 4096)
Jul 14 05:06:33 palmetto kernel: UDP hash table entries: 256 (order: 0, 4096 bytes)
Jul 14 05:06:33 palmetto kernel: UDP-Lite hash table entries: 256 (order: 0, 4096 bytes)
Jul 14 05:06:33 palmetto kernel: NET: Registered protocol family 1
Jul 14 05:06:33 palmetto kernel: Trying to unpack rootfs image as initramfs...
Jul 14 05:06:33 palmetto kernel: Freeing initrd memory: 1548K
Jul 14 05:06:33 palmetto kernel: workingset: timestamp_bits=30 max_order=17 bucket_order=0
Jul 14 05:06:33 palmetto kernel: squashfs: version 4.0 (2009/01/31) Phillip Lougher
Jul 14 05:06:33 palmetto kernel: jffs2: version 2.2. (NAND) (SUMMARY)  © 2001-2006 Red Hat, Inc.
Jul 14 05:06:33 palmetto kernel: io scheduler noop registered (default)
Jul 14 05:06:33 palmetto kernel: GPIO line 312 (func_mode0) hogged as output/low
Jul 14 05:06:33 palmetto kernel: GPIO line 313 (func_mode1) hogged as output/low
Jul 14 05:06:33 palmetto kernel: GPIO line 314 (func_mode2) hogged as output/low
Jul 14 05:06:33 palmetto kernel: GPIO line 292 (BMC_FAN_RESERVED_N) hogged as input
Jul 14 05:06:33 palmetto kernel: GPIO line 293 (APSS_WDT_N) hogged as output/high
Jul 14 05:06:33 palmetto kernel: GPIO line 301 (APSS_BOOT_MODE) hogged as output/high
Jul 14 05:06:33 palmetto kernel: GPIO line 302 (APSS_RESET_N) hogged as output/high
Jul 14 05:06:33 palmetto kernel: GPIO line 307 (SPIVID_STBY_RESET_N) hogged as output/high
Jul 14 05:06:33 palmetto kernel: GPIO line 317 (BMC_POWER_UP) hogged as output/high
Jul 14 05:06:33 palmetto kernel: GPIO line 333 (BMC_BATTERY_TEST) hogged as input
Jul 14 05:06:33 palmetto kernel: GPIO line 336 (AST_HW_FAULT_N) hogged as input
Jul 14 05:06:33 palmetto kernel: GPIO line 337 (AST_SYS_FAULT_N) hogged as input
Jul 14 05:06:33 palmetto kernel: GPIO line 339 (BMC_FULL_SPEED_N) hogged as output/high
Jul 14 05:06:33 palmetto kernel: GPIO line 343 (BMC_FAN_ERROR_N) hogged as output/high
Jul 14 05:06:33 palmetto kernel: GPIO line 344 (BMC_WDT_RST1_P) hogged as input
Jul 14 05:06:33 palmetto kernel: GPIO line 345 (BMC_WDT_RST2_P) hogged as input
Jul 14 05:06:33 palmetto kernel: GPIO line 348 (PE_SLOT_TEST_EN_N) hogged as input
Jul 14 05:06:33 palmetto kernel: GPIO line 349 (BMC_RTCRST_N) hogged as input
Jul 14 05:06:33 palmetto kernel: GPIO line 350 (SYS_PWROK_BMC) hogged as output/high
Jul 14 05:06:33 palmetto kernel: GPIO line 355 (BMC_TPM_INT_N) hogged as output/high
Jul 14 05:06:33 palmetto kernel: ipmi-bt-host 1e789140.ibt: Found bt bmc device
Jul 14 05:06:33 palmetto kernel: ipmi-bt-host 1e789140.ibt: Using IRQ 22
Jul 14 05:06:33 palmetto kernel: Serial: 8250/16550 driver, 6 ports, IRQ sharing enabled
Jul 14 05:06:33 palmetto kernel: console [ttyS4] disabled
Jul 14 05:06:33 palmetto kernel: 1e784000.serial: ttyS4 at MMIO 0x1e784000 (irq = 23, base_baud = 1500000) is a 16550A
Jul 14 05:06:33 palmetto kernel: console [ttyS4] enabled
Jul 14 05:06:33 palmetto kernel: 1e787000.vuart: ttyS0 at MMIO 0x1e787000 (irq = 22, base_baud = 1500000) is a 16550A
Jul 14 05:06:33 palmetto kernel: timeriomem_rng 1e6e2000.syscon:hwrng@1e6e2078: timeriomem_rng: resource is missing
Jul 14 05:06:33 palmetto kernel: brd: module loaded
Jul 14 05:06:33 palmetto kernel: loop: module loaded
Jul 14 05:06:33 palmetto kernel: aspeed-lpc-ctrl 1e789080.lpc-ctrl: Loaded at 0x98000000 (0x01000000)
Jul 14 05:06:33 palmetto kernel: aspeed-smc 1e620000.fmc: Using IRQ 18
Jul 14 05:06:33 palmetto kernel: aspeed-smc 1e620000.fmc: DMA support disabled.
Jul 14 05:06:33 palmetto kernel: aspeed-smc 1e620000.fmc: mx25l25635e (32768 Kbytes)
Jul 14 05:06:33 palmetto kernel: aspeed-smc 1e620000.fmc: CE0 window [ 0x20000000 - 0x22000000 ] 32MB
Jul 14 05:06:33 palmetto kernel: aspeed-smc 1e620000.fmc: CE1 window [ 0x22000000 - 0x26000000 ] 64MB
Jul 14 05:06:33 palmetto kernel: 5 ofpart partitions found on MTD device bmc
Jul 14 05:06:33 palmetto kernel: Creating 5 MTD partitions on "bmc":
Jul 14 05:06:33 palmetto kernel: 0x000000000000-0x000000060000 : "u-boot"
Jul 14 05:06:33 palmetto kernel: 0x000000060000-0x000000080000 : "u-boot-env"
Jul 14 05:06:33 palmetto kernel: 0x000000080000-0x0000004c0000 : "kernel"
Jul 14 05:06:33 palmetto kernel: 0x0000004c0000-0x000001c00000 : "rofs"
Jul 14 05:06:33 palmetto kernel: 0x000001c00000-0x000002000000 : "rwfs"
Jul 14 05:06:33 palmetto kernel: aspeed-smc 1e630000.spi: Error applying setting, reverse things back
Jul 14 05:06:33 palmetto kernel: aspeed-smc 1e630000.spi: mx25l25635e (32768 Kbytes)
Jul 14 05:06:33 palmetto kernel: libphy: Fixed MDIO Bus: probed
Jul 14 05:06:33 palmetto kernel: ftgmac100 1e660000.ethernet: Read MAC address a0:42:3f:25:16:fe from chip
Jul 14 05:06:33 palmetto kernel: ftgmac100 1e660000.ethernet: Using NCSI interface
Jul 14 05:06:33 palmetto kernel: ftgmac100 1e660000.ethernet eth0: irq 20, mapped at f0060000
Jul 14 05:06:33 palmetto kernel:  fsi0: can't read slave 00:00 -5
Jul 14 05:06:33 palmetto kernel: i2c /dev entries driver
Jul 14 05:06:33 palmetto kernel: at24 0-0050: 32768 byte 24c256 EEPROM, writable, 64 bytes/write
Jul 14 05:06:33 palmetto kernel: rtc-ds1307 0-0068: rtc core: registered ds3231 as rtc0
Jul 14 05:06:33 palmetto kernel: aspeed-i2c-bus 1e78a040.i2c-bus: i2c bus 0 registered, irq 24
Jul 14 05:06:33 palmetto kernel: aspeed-i2c-bus 1e78a080.i2c-bus: i2c bus 1 registered, irq 25
Jul 14 05:06:33 palmetto kernel: aspeed-i2c-bus 1e78a0c0.i2c-bus: i2c bus 2 registered, irq 26
Jul 14 05:06:33 palmetto kernel: aspeed-i2c-bus 1e78a100.i2c-bus: i2c bus 3 registered, irq 27
Jul 14 05:06:33 palmetto kernel: aspeed-i2c-bus 1e78a140.i2c-bus: i2c bus 4 registered, irq 28
Jul 14 05:06:33 palmetto kernel: aspeed-i2c-bus 1e78a180.i2c-bus: i2c bus 5 registered, irq 29
Jul 14 05:06:33 palmetto kernel: aspeed-i2c-bus 1e78a1c0.i2c-bus: i2c bus 6 registered, irq 30
Jul 14 05:06:33 palmetto kernel: aspeed-i2c-bus 1e78a300.i2c-bus: i2c bus 7 registered, irq 31
Jul 14 05:06:33 palmetto kernel: Driver for 1-wire Dallas network protocol.
Jul 14 05:06:33 palmetto kernel: ip_tables: (C) 2000-2006 Netfilter Core Team
Jul 14 05:06:33 palmetto kernel: NET: Registered protocol family 10
Jul 14 05:06:33 palmetto kernel: Segment Routing with IPv6
Jul 14 05:06:33 palmetto kernel: NET: Registered protocol family 17
Jul 14 05:06:33 palmetto kernel: 8021q: 802.1Q VLAN Support v1.8
Jul 14 05:06:33 palmetto kernel: rtc-ds1307 0-0068: setting system clock to 2017-07-14 05:06:15 UTC (1500008775)
Jul 14 05:06:33 palmetto kernel: Freeing unused kernel memory: 1024K
Jul 14 05:06:33 palmetto kernel: jffs2: notice: (442) jffs2_build_xattr_subsystem: complete building xattr subsystem, 0 of xdatum (0 unchecked, 0 orphan) and 0 of xref (0 dead, 0 orphan) found.
Jul 14 05:06:33 palmetto kernel: random: systemd: uninitialized urandom read (16 bytes read)
Jul 14 05:06:33 palmetto systemd[1]: systemd 232 running in system mode. (+PAM -AUDIT -SELINUX -IMA -APPARMOR -SMACK +SYSVINIT -UTMP -LIBCRYPTSETUP -GCRYPT -GNUTLS +ACL +XZ -LZ4 -SECCOMP +BLKID -ELFUTILS +KMOD -IDN)
Jul 14 05:06:33 palmetto systemd[1]: Detected architecture arm.
Jul 14 05:06:33 palmetto systemd[1]: Set hostname to <palmetto>.
Jul 14 05:06:33 palmetto kernel: random: systemd: uninitialized urandom read (16 bytes read)
Jul 14 05:06:33 palmetto kernel: random: systemd-sysv-ge: uninitialized urandom read (16 bytes read)
Jul 14 05:06:33 palmetto kernel: random: systemd: uninitialized urandom read (16 bytes read)
Jul 14 05:06:33 palmetto kernel: random: systemd: uninitialized urandom read (16 bytes read)
Jul 14 05:06:33 palmetto kernel: random: systemd: uninitialized urandom read (16 bytes read)
Jul 14 05:06:33 palmetto kernel: random: systemd: uninitialized urandom read (16 bytes read)
Jul 14 05:06:33 palmetto kernel: random: systemd: uninitialized urandom read (16 bytes read)
Jul 14 05:06:33 palmetto kernel: random: systemd: uninitialized urandom read (16 bytes read)
Jul 14 05:06:33 palmetto kernel: random: systemd: uninitialized urandom read (16 bytes read)
Jul 14 05:06:33 palmetto systemd[1]: Listening on udev Kernel Socket.
Jul 14 05:06:33 palmetto systemd[1]: Listening on Journal Socket.
Jul 14 05:06:33 palmetto systemd[1]: Listening on Journal Socket (/dev/log).
Jul 14 05:06:33 palmetto systemd[1]: Listening on /dev/initctl Compatibility Named Pipe.
Jul 14 05:06:33 palmetto systemd[1]: Started Forward Password Requests to Wall Directory Watch.
Jul 14 05:06:33 palmetto systemd[1]: Reached target Remote File Systems.
Jul 14 05:06:33 palmetto systemd[1]: Started Dispatch Password Requests to Console Directory Watch.
Jul 14 05:06:33 palmetto systemd[1]: Listening on udev Control Socket.
Jul 14 05:06:33 palmetto systemd[1]: Listening on Network Service Netlink Socket.
Jul 14 05:06:33 palmetto systemd[1]: Listening on Syslog Socket.
Jul 14 05:06:33 palmetto systemd[1]: Reached target Paths.
Jul 14 05:06:33 palmetto systemd[1]: Reached target Swap.
Jul 14 05:06:33 palmetto systemd[1]: Created slice System Slice.
Jul 14 05:06:33 palmetto systemd[1]: Created slice system-serial\x2dgetty.slice.
Jul 14 05:06:33 palmetto systemd[1]: Created slice system-phosphor\x2dreset\x2dhost\x2dcheck.slice.
Jul 14 05:06:33 palmetto systemd[1]: Starting udev Coldplug all Devices...
Jul 14 05:06:33 palmetto systemd[1]: Created slice system-org.openbmc.control.Host.slice.
Jul 14 05:06:33 palmetto systemd[1]: Starting Journal Service...
Jul 14 05:06:33 palmetto systemd[1]: Created slice system-getty.slice.
Jul 14 05:06:33 palmetto systemd[1]: Starting Remount Root and Kernel File Systems...
Jul 14 05:06:33 palmetto systemd[1]: Reached target Slices.
Jul 14 05:06:33 palmetto systemd[1]: dev-hugepages.mount: Couldn't determine result for ConditionVirtualization=!private-users, assuming failed: No such file or directory
Jul 14 05:06:33 palmetto systemd[1]: Created slice system-phosphor\x2dreset\x2dhost\x2drunning.slice.
Jul 14 05:06:33 palmetto systemd[1]: Created slice system-obmc\x2dconsole.slice.
Jul 14 05:06:33 palmetto systemd[1]: Created slice system-mapper\x2dwait.slice.
Jul 14 05:06:33 palmetto systemd-journald[551]: Journal started
Jul 14 05:06:33 palmetto systemd-journald[551]: Runtime journal (/run/log/journal/dda9bd67873c4cff9410a04dbbd102e1) is 0B, max 0B, 0B free.
Jul 14 05:06:34 palmetto systemd[1]: Created slice system-obmc\x2dled\x2dgroup\x2dstart.slice.
Jul 14 05:06:34 palmetto systemd[1]: Starting Apply Kernel Variables...
Jul 14 05:06:34 palmetto systemd-sysctl[558]: Couldn't write '16' to 'kernel/sysrq', ignoring: No such file or directory
Jul 14 05:06:35 palmetto systemd-sysctl[558]: Couldn't write 'fq_codel' to 'net/core/default_qdisc', ignoring: No such file or directory
Jul 14 05:06:35 palmetto kernel: random: fast init done
Jul 14 05:06:38 palmetto systemd[1]: Started Journal Service.
Jul 14 05:06:38 palmetto systemd[1]: Started Remount Root and Kernel File Systems.
Jul 14 05:06:38 palmetto systemd[1]: Started Apply Kernel Variables.
Jul 14 05:06:38 palmetto systemd[1]: Starting Create System Users...
Jul 14 05:06:38 palmetto systemd[1]: Starting Flush Journal to Persistent Storage...
Jul 14 05:06:39 palmetto systemd[1]: Started udev Coldplug all Devices.
Jul 14 05:06:39 palmetto systemd[1]: Started Create System Users.
Jul 14 05:06:39 palmetto systemd[1]: Starting Create Static Device Nodes in /dev...
Jul 14 05:06:39 palmetto systemd[1]: Started Create Static Device Nodes in /dev.
Jul 14 05:06:39 palmetto systemd[1]: Reached target Local File Systems (Pre).
Jul 14 05:06:39 palmetto systemd[1]: Mounting /var/volatile...
Jul 14 05:06:39 palmetto systemd[1]: Starting udev Kernel Device Manager...
Jul 14 05:06:40 palmetto systemd[1]: Mounted /var/volatile.
Jul 14 05:06:40 palmetto systemd[1]: Started udev Kernel Device Manager.
Jul 14 05:06:41 palmetto systemd[1]: Starting Load/Save Random Seed...
Jul 14 05:06:41 palmetto systemd[1]: Reached target Local File Systems.
Jul 14 05:06:41 palmetto systemd[1]: Starting Rebuild Journal Catalog...
Jul 14 05:06:41 palmetto systemd-journald[551]: Runtime journal (/run/log/journal/dda9bd67873c4cff9410a04dbbd102e1) is 8.0M, max 64.0M, 56.0M free.
Jul 14 05:06:41 palmetto systemd[1]: Started Flush Journal to Persistent Storage.
Jul 14 05:06:41 palmetto systemd[1]: Starting Create Volatile Files and Directories...
Jul 14 05:06:41 palmetto systemd[1]: Started Load/Save Random Seed.
Jul 14 05:06:41 palmetto systemd[1]: Started Rebuild Journal Catalog.
Jul 14 05:06:41 palmetto systemd[1]: Starting Update is Completed...
Jul 14 05:06:41 palmetto systemd-tmpfiles[776]: "/var/tmp" already exists and is not a directory.
Jul 14 05:06:41 palmetto systemd-tmpfiles[776]: "/var/log" already exists and is not a directory.
Jul 14 05:06:42 palmetto systemd[1]: Started Create Volatile Files and Directories.
Jul 14 05:06:42 palmetto systemd[1]: Starting Network Time Synchronization...
Jul 14 05:06:42 palmetto systemd[1]: Starting Run pending postinsts...
Jul 14 05:06:42 palmetto systemd[1]: Started Update is Completed.
Jul 14 05:06:43 palmetto systemd[1]: Started Network Time Synchronization.
Jul 14 05:06:43 palmetto systemd[1]: Reached target System Time Synchronized.
Jul 14 05:06:43 palmetto run-postinsts[783]: Running postinst /etc/rpm-postinsts/libglib-2.0-0...
Jul 14 05:06:45 palmetto systemd[1]: Found device /dev/ttyS4.
Jul 14 05:06:45 palmetto systemd[1]: Found device /dev/ttyVUART0.
Jul 14 05:06:47 palmetto run-postinsts[783]: rm: can't remove '/etc/rpm-postinsts': Invalid argument
Jul 14 05:06:47 palmetto run-postinsts[783]:  Removing any system startup links for run-postinsts ...
Jul 14 05:06:47 palmetto systemd[1]: Created slice system-xyz.openbmc_project.led.controller.slice.
Jul 14 05:06:47 palmetto systemd[1]: dev-hugepages.mount: Couldn't determine result for ConditionVirtualization=!private-users, assuming failed: No such file or directory
Jul 14 05:06:47 palmetto systemd[1]: Created slice system-xyz.openbmc_project.Hwmon.slice.
Jul 14 05:06:47 palmetto systemctl[803]: Removed /etc/systemd/system/sysinit.target.wants/run-postinsts.service.
Jul 14 05:06:47 palmetto systemd[1]: Reloading.
Jul 14 05:06:50 palmetto systemd[1]: Started Run pending postinsts.
Jul 14 05:06:51 palmetto systemd[1]: Reached target System Initialization.
Jul 14 05:06:51 palmetto systemd[1]: Listening on D-Bus System Message Bus Socket.
Jul 14 05:06:51 palmetto systemd[1]: Listening on dropbear.socket.
Jul 14 05:06:51 palmetto systemd[1]: Listening on Phosphor Webserver socket.
Jul 14 05:06:51 palmetto systemd[1]: Listening on Avahi mDNS/DNS-SD Stack Activation Socket.
Jul 14 05:06:51 palmetto systemd[1]: Listening on phosphor-ipmi-net.socket.
Jul 14 05:06:51 palmetto systemd[1]: Started Daily Cleanup of Temporary Directories.
Jul 14 05:06:51 palmetto systemd[1]: Reached target Timers.
Jul 14 05:06:51 palmetto systemd[1]: Listening on Phosphor DBUS Browser socket.
Jul 14 05:06:51 palmetto systemd[1]: Listening on Phosphor Host Console SSH Per-Connection socket.
Jul 14 05:06:51 palmetto systemd[1]: Reached target Sockets.
Jul 14 05:06:51 palmetto systemd[1]: Reached target Basic System.
Jul 14 05:06:51 palmetto systemd[1]: Starting OpenPower Software Update Manager...
Jul 14 05:06:51 palmetto systemd[1]: Starting OpenBMC Software Update Manager...
Jul 14 05:06:51 palmetto systemd[1]: Started Phosphor sysfs LED controller.
Jul 14 05:06:51 palmetto systemd[1]: Reached target Containers.
Jul 14 05:06:51 palmetto systemd[1]: Started Hardware RNG Entropy Gatherer Daemon.
Jul 14 05:06:51 palmetto systemd[1]: Starting Phosphor Download Manager...
Jul 14 05:06:51 palmetto systemd[1]: Starting Phosphor Log Manager...
Jul 14 05:06:52 palmetto systemd[1]: Starting Avahi mDNS/DNS-SD Stack...
Jul 14 05:06:52 palmetto systemd[1]: Started Phosphor Hwmon Poller.
Jul 14 05:06:52 palmetto systemd[1]: Starting Phosphor Download Manager...
Jul 14 05:06:52 palmetto systemd[1]: Starting Phosphor BMC0 Control...
Jul 14 05:06:52 palmetto systemd[1]: Started Phosphor Hwmon Poller.
Jul 14 05:06:52 palmetto systemd[1]: Starting Phosphor Network Manager...
Jul 14 05:06:52 palmetto systemd[1]: Started Phosphor sysfs LED controller.
Jul 14 05:06:52 palmetto systemd[1]: Starting Phosphor Inventory Manager...
Jul 14 05:06:52 palmetto rngd[817]: read error
Jul 14 05:06:52 palmetto rngd[817]: read error
Jul 14 05:06:52 palmetto rngd[817]: read error
Jul 14 05:06:52 palmetto rngd[817]: read error
Jul 14 05:06:52 palmetto rngd[817]: read error
Jul 14 05:06:52 palmetto rngd[817]: read error
Jul 14 05:06:52 palmetto rngd[817]: read error
Jul 14 05:06:52 palmetto rngd[817]: read error
Jul 14 05:06:52 palmetto rngd[817]: read error
Jul 14 05:06:53 palmetto rngd[817]: read error
Jul 14 05:06:53 palmetto rngd[817]: No entropy sources working, exiting rngd
Jul 14 05:06:53 palmetto systemd[1]: Started System Logging Service.
Jul 14 05:07:00 palmetto avahi-daemon[820]: Found user 'avahi' (UID 999) and group 'avahi' (GID 999).
Jul 14 05:06:55 palmetto systemd[1]: Starting Phosphor LED Group Management Daemon...
Jul 14 05:07:00 palmetto avahi-daemon[820]: Successfully dropped root privileges.
Jul 14 05:06:55 palmetto systemd[1]: Started Phosphor sysfs LED controller.
Jul 14 05:06:55 palmetto systemd[1]: Started Phosphor Dump core monitor..
Jul 14 05:06:55 palmetto systemd[1]: Starting Phosphor Inventory Manager...
Jul 14 05:06:55 palmetto systemd[1]: Starting Phosphor User Manager...
Jul 14 05:06:55 palmetto systemd[1]: Starting Phosphor Dump Manager...
Jul 14 05:06:55 palmetto systemd[1]: Starting Phosphor Chassis0 Control...
Jul 14 05:06:55 palmetto systemd[1]: Started D-Bus System Message Bus.
Jul 14 05:07:00 palmetto avahi-daemon[820]: avahi-daemon 0.6.32 starting up.
Jul 14 05:07:00 palmetto avahi-daemon[820]: Successfully called chroot().
Jul 14 05:07:00 palmetto avahi-daemon[820]: Successfully dropped remaining capabilities.
Jul 14 05:07:00 palmetto avahi-daemon[820]: Loading service file /services/obmc_console.service.
Jul 14 05:07:01 palmetto avahi-daemon[820]: Loading service file /services/phosphor_rest.service.
Jul 14 05:07:01 palmetto avahi-daemon[820]: Loading service file /services/sftp-ssh.service.
Jul 14 05:07:01 palmetto avahi-daemon[820]: Loading service file /services/sftp.service.
Jul 14 05:07:01 palmetto avahi-daemon[820]: Loading service file /services/ssh.service.
Jul 14 05:07:01 palmetto avahi-daemon[820]: Network interface enumeration completed.
Jul 14 05:07:01 palmetto avahi-daemon[820]: Server startup complete. Host name is palmetto.local. Local service cookie is 1480431612.
Jul 14 05:07:01 palmetto avahi-daemon[820]: Service "palmetto" (/services/ssh.service) successfully established.
Jul 14 05:07:01 palmetto avahi-daemon[820]: Service "sftp" (/services/sftp.service) successfully established.
Jul 14 05:07:01 palmetto avahi-daemon[820]: Service "palmetto" (/services/sftp-ssh.service) successfully established.
Jul 14 05:07:01 palmetto avahi-daemon[820]: Service "phosphor_rest" (/services/phosphor_rest.service) successfully established.
Jul 14 05:07:01 palmetto avahi-daemon[820]: Service "obmc_console" (/services/obmc_console.service) successfully established.
Jul 14 05:07:01 palmetto systemd[1]: Started Avahi mDNS/DNS-SD Stack.
Jul 14 05:07:01 palmetto systemd[1]: Starting Network Service...
Jul 14 05:07:01 palmetto systemd[1]: Started Kernel Logging Service.
Jul 14 05:07:02 palmetto kernel[841]: klogd started: BusyBox v1.24.1 (2017-06-16 19:28:55 UTC)
Jul 14 05:07:01 palmetto systemd[1]: Starting Phosphor DBus Service Discovery Manager...
Jul 14 05:07:02 palmetto kernel[841]: [    0.000000] Booting Linux on physical CPU 0x0
Jul 14 05:07:01 palmetto systemd[1]: Starting Phosphor IPMI BT DBus Bridge...
Jul 14 05:07:02 palmetto kernel[841]: [    0.000000] Linux version 4.10.17-b2cd8101eec3c200940405f12582473617a520f7 (jenkins@openbmc-builder2) (gcc version 6.2.0 (GCC) ) #1 Thu Jul 13 20:21:59 UTC 2017
Jul 14 05:07:01 palmetto systemd[1]: Starting Phosphor Network Manager...
Jul 14 05:07:02 palmetto kernel[841]: [    0.000000] CPU: ARM926EJ-S [41069265] revision 5 (ARMv5TEJ), cr=0005317f
Jul 14 05:07:01 palmetto systemd[1]: Starting Phosphor Sensor Manager...
Jul 14 05:07:02 palmetto kernel[841]: [    0.000000] CPU: VIVT data cache, VIVT instruction cache
Jul 14 05:07:01 palmetto systemd[1]: Started Phosphor Console Muxer listening on device /dev/ttyVUART0.
Jul 14 05:07:02 palmetto kernel[841]: [    0.000000] OF: fdt:Machine model: Palmetto BMC
Jul 14 05:07:01 palmetto systemd[1]: Starting Clear one time boot overrides...
Jul 14 05:07:02 palmetto kernel[841]: [    0.000000] Memory policy: Data cache writeback
Jul 14 05:07:02 palmetto systemd[1]: Started Phosphor Log Manager.
Jul 14 05:07:02 palmetto kernel[841]: [    0.000000] SOC Rev: 02010303
Jul 14 05:07:02 palmetto systemd[1]: Started Clear one time boot overrides.
Jul 14 05:07:02 palmetto kernel[841]: [    0.000000] On node 0 totalpages: 126976
Jul 14 05:07:03 palmetto systemd[1]: Started Phosphor IPMI BT DBus Bridge.
Jul 14 05:07:02 palmetto kernel[841]: [    0.000000] free_area_init_node: node 0, pgdat 80833a5c, node_mem_map 9ec1a000
Jul 14 05:07:04 palmetto systemd[1]: Started Phosphor Inventory Manager.
Jul 14 05:07:02 palmetto kernel[841]: [    0.000000]   Normal zone: 992 pages used for memmap
Jul 14 05:07:04 palmetto systemd[1]: Started Phosphor LED Group Management Daemon.
Jul 14 05:07:02 palmetto kernel[841]: [    0.000000]   Normal zone: 0 pages reserved
Jul 14 05:07:04 palmetto systemd[1]: Started Phosphor Download Manager.
Jul 14 05:07:02 palmetto kernel[841]: [    0.000000]   Normal zone: 126976 pages, LIFO batch:31
Jul 14 05:07:04 palmetto systemd[1]: Started OpenBMC Software Update Manager.
Jul 14 05:07:02 palmetto kernel[841]: [    0.000000] pcpu-alloc: s0 r0 d32768 u32768 alloc=1*32768
Jul 14 05:07:02 palmetto kernel[841]: [    0.000000] pcpu-alloc: [0] 0
Jul 14 05:07:02 palmetto kernel[841]: [    0.000000] Built 1 zonelists in Zone order, mobility grouping on.  Total pages: 125984
Jul 14 05:07:02 palmetto kernel[841]: [    0.000000] Kernel command line: console=ttyS4,115200n8 root=/dev/ram rw
Jul 14 05:07:02 palmetto kernel[841]: [    0.000000] PID hash table entries: 2048 (order: 1, 8192 bytes)
Jul 14 05:07:02 palmetto kernel[841]: [    0.000000] Dentry cache hash table entries: 65536 (order: 6, 262144 bytes)
Jul 14 05:07:02 palmetto kernel[841]: [    0.000000] Inode-cache hash table entries: 32768 (order: 5, 131072 bytes)
Jul 14 05:07:02 palmetto kernel[841]: [    0.000000] Memory: 494240K/507904K available (4096K kernel code, 276K rwdata, 1100K rodata, 1024K init, 111K bss, 13664K reserved, 0K cma-reserved)
Jul 14 05:07:02 palmetto kernel[841]: [    0.000000] Virtual kernel memory layout:
Jul 14 05:07:02 palmetto kernel[841]: [    0.000000]     vector  : 0xffff0000 - 0xffff1000   (   4 kB)
Jul 14 05:07:02 palmetto kernel[841]: [    0.000000]     fixmap  : 0xffc00000 - 0xfff00000   (3072 kB)
Jul 14 05:07:02 palmetto kernel[841]: [    0.000000]     vmalloc : 0x9f800000 - 0xff800000   (1536 MB)
Jul 14 05:07:02 palmetto kernel[841]: [    0.000000]     lowmem  : 0x80000000 - 0x9f000000   ( 496 MB)
Jul 14 05:07:02 palmetto kernel[841]: [    0.000000]       .text : 0x80008000 - 0x80500000   (5088 kB)
Jul 14 05:07:02 palmetto kernel[841]: [    0.000000]       .init : 0x80700000 - 0x80800000   (1024 kB)
Jul 14 05:07:02 palmetto kernel[841]: [    0.000000]       .data : 0x80800000 - 0x80845210   ( 277 kB)
Jul 14 05:07:05 palmetto systemd[1]: Started OpenPower Software Update Manager.
Jul 14 05:07:02 palmetto kernel[841]: [    0.000000]        .bss : 0x80845210 - 0x808611a0   ( 112 kB)
Jul 14 05:07:05 palmetto systemd[1]: Starting Phosphor Version Software Manager...
Jul 14 05:07:02 palmetto kernel[841]: [    0.000000] NR_IRQS:16 nr_irqs:16 16
Jul 14 05:07:02 palmetto kernel[841]: [    0.000000] i2c controller registered, irq 16
Jul 14 05:07:02 palmetto kernel[841]: [    0.000000] clocksource: moxart_timer: mask: 0xffffffff max_cycles: 0xffffffff, max_idle_ns: 39817925974 ns
Jul 14 05:07:02 palmetto kernel[841]: [    0.000000] sched_clock: 32 bits at 100 Hz, resolution 10000000ns, wraps every 21474836475000000ns
Jul 14 05:07:02 palmetto kernel[841]: [    0.070000] Calibrating delay loop... 190.87 BogoMIPS (lpj=954368)
Jul 14 05:07:02 palmetto kernel[841]: [    0.070000] pid_max: default: 32768 minimum: 301
Jul 14 05:07:02 palmetto kernel[841]: [    0.070000] Mount-cache hash table entries: 1024 (order: 0, 4096 bytes)
Jul 14 05:07:02 palmetto kernel[841]: [    0.070000] Mountpoint-cache hash table entries: 1024 (order: 0, 4096 bytes)
Jul 14 05:07:02 palmetto kernel[841]: [    0.070000] CPU: Testing write buffer coherency: ok
Jul 14 05:07:02 palmetto kernel[841]: [    0.070000] ftrace: allocating 14713 entries in 44 pages
Jul 14 05:07:02 palmetto kernel[841]: [    0.130000] Setting up static identity map for 0x40100000 - 0x40100058
Jul 14 05:07:02 palmetto kernel[841]: [    0.140000] devtmpfs: initialized
Jul 14 05:07:02 palmetto kernel[841]: [    0.180000] clocksource: jiffies: mask: 0xffffffff max_cycles: 0xffffffff, max_idle_ns: 19112604462750000 ns
Jul 14 05:07:02 palmetto kernel[841]: [    0.180000] futex hash table entries: 256 (order: -1, 3072 bytes)
Jul 14 05:07:02 palmetto kernel[841]: [    0.180000] pinctrl core: initialized pinctrl subsystem
Jul 14 05:07:02 palmetto kernel[841]: [    0.180000] NET: Registered protocol family 16
Jul 14 05:07:02 palmetto kernel[841]: [    0.180000] DMA: preallocated 256 KiB pool for atomic coherent allocations
Jul 14 05:07:02 palmetto kernel[841]: [    0.280000] clocksource: Switched to clocksource moxart_timer
Jul 14 05:07:02 palmetto kernel[841]: [    0.320000] NET: Registered protocol family 2
Jul 14 05:07:02 palmetto kernel[841]: [    0.320000] TCP established hash table entries: 4096 (order: 2, 16384 bytes)
Jul 14 05:07:02 palmetto kernel[841]: [    0.320000] TCP bind hash table entries: 4096 (order: 2, 16384 bytes)
Jul 14 05:07:02 palmetto kernel[841]: [    0.320000] TCP: Hash tables configured (established 4096 bind 4096)
Jul 14 05:07:02 palmetto kernel[841]: [    0.320000] UDP hash table entries: 256 (order: 0, 4096 bytes)
Jul 14 05:07:02 palmetto kernel[841]: [    0.320000] UDP-Lite hash table entries: 256 (order: 0, 4096 bytes)
Jul 14 05:07:02 palmetto kernel[841]: [    0.320000] NET: Registered protocol family 1
Jul 14 05:07:02 palmetto kernel[841]: [    0.320000] Trying to unpack rootfs image as initramfs...
Jul 14 05:07:02 palmetto kernel[841]: [    4.910000] Freeing initrd memory: 1548K
Jul 14 05:07:02 palmetto kernel[841]: [    4.910000] workingset: timestamp_bits=30 max_order=17 bucket_order=0
Jul 14 05:07:06 palmetto phosphor-network-manager[844]: ConfigParser: Section not found
Jul 14 05:07:02 palmetto kernel[841]: [    4.910000] squashfs: version 4.0 (2009/01/31) Phillip Lougher
Jul 14 05:07:06 palmetto phosphor-network-manager[844]: The operation failed internally.
Jul 14 05:07:02 palmetto kernel[841]: [    4.910000] jffs2: version 2.2. (NAND) (SUMMARY)  © 2001-2006 Red Hat, Inc.
Jul 14 05:07:06 palmetto systemd[1]: Started Phosphor Dump Manager.
Jul 14 05:07:02 palmetto kernel[841]: [    4.910000] io scheduler noop registered (default)
Jul 14 05:07:06 palmetto phosphor-network-manager[844]: Error in mapper call
Jul 14 05:07:02 palmetto kernel[841]: [    4.910000] GPIO line 312 (func_mode0) hogged as output/low
Jul 14 05:07:02 palmetto kernel[841]: [    4.910000] GPIO line 313 (func_mode1) hogged as output/low
Jul 14 05:07:02 palmetto kernel[841]: [    4.910000] GPIO line 314 (func_mode2) hogged as output/low
Jul 14 05:07:06 palmetto systemd[1]: Started Phosphor BMC0 Control.
Jul 14 05:07:02 palmetto kernel[841]: [    4.910000] GPIO line 292 (BMC_FAN_RESERVED_N) hogged as input
Jul 14 05:07:02 palmetto kernel[841]: [    4.910000] GPIO line 293 (APSS_WDT_N) hogged as output/high
Jul 14 05:07:02 palmetto kernel[841]: [    4.910000] GPIO line 301 (APSS_BOOT_MODE) hogged as output/high
Jul 14 05:07:02 palmetto kernel[841]: [    4.910000] GPIO line 302 (APSS_RESET_N) hogged as output/high
Jul 14 05:07:02 palmetto kernel[841]: [    4.910000] GPIO line 307 (SPIVID_STBY_RESET_N) hogged as output/high
Jul 14 05:07:02 palmetto kernel[841]: [    4.910000] GPIO line 317 (BMC_POWER_UP) hogged as output/high
Jul 14 05:07:02 palmetto kernel[841]: [    4.910000] GPIO line 333 (BMC_BATTERY_TEST) hogged as input
Jul 14 05:07:02 palmetto kernel[841]: [    4.910000] GPIO line 336 (AST_HW_FAULT_N) hogged as input
Jul 14 05:07:02 palmetto kernel[841]: [    4.910000] GPIO line 337 (AST_SYS_FAULT_N) hogged as input
Jul 14 05:07:06 palmetto systemd[1]: Starting Hostname Service...
Jul 14 05:07:02 palmetto kernel[841]: [    4.910000] GPIO line 339 (BMC_FULL_SPEED_N) hogged as output/high
Jul 14 05:07:06 palmetto systemd[859]: systemd-hostnamed.service: Failed at step NETWORK spawning /lib/systemd/systemd-hostnamed: Invalid argument
Jul 14 05:07:02 palmetto kernel[841]: [    4.910000] GPIO line 343 (BMC_FAN_ERROR_N) hogged as output/high
Jul 14 05:07:06 palmetto systemd[1]: systemd-hostnamed.service: Main process exited, code=exited, status=225/NETWORK
Jul 14 05:07:02 palmetto kernel[841]: [    4.910000] GPIO line 344 (BMC_WDT_RST1_P) hogged as input
Jul 14 05:07:06 palmetto systemd[1]: Failed to start Hostname Service.
Jul 14 05:07:02 palmetto kernel[841]: [    4.910000] GPIO line 345 (BMC_WDT_RST2_P) hogged as input
Jul 14 05:07:06 palmetto systemd[1]: systemd-hostnamed.service: Unit entered failed state.
Jul 14 05:07:02 palmetto kernel[841]: [    4.910000] GPIO line 348 (PE_SLOT_TEST_EN_N) hogged as input
Jul 14 05:07:06 palmetto systemd[1]: systemd-hostnamed.service: Failed with result 'exit-code'.
Jul 14 05:07:02 palmetto kernel[841]: [    4.910000] GPIO line 349 (BMC_RTCRST_N) hogged as input
Jul 14 05:07:02 palmetto kernel[841]: [    4.910000] GPIO line 350 (SYS_PWROK_BMC) hogged as output/high
Jul 14 05:07:02 palmetto kernel[841]: [    4.910000] GPIO line 355 (BMC_TPM_INT_N) hogged as output/high
Jul 14 05:07:02 palmetto kernel[841]: [    4.910000] ipmi-bt-host 1e789140.ibt: Found bt bmc device
Jul 14 05:07:02 palmetto kernel[841]: [    4.910000] ipmi-bt-host 1e789140.ibt: Using IRQ 22
Jul 14 05:07:02 palmetto kernel[841]: [    4.910000] Serial: 8250/16550 driver, 6 ports, IRQ sharing enabled
Jul 14 05:07:02 palmetto kernel[841]: [    4.910000] console [ttyS4] disabled
Jul 14 05:07:02 palmetto kernel[841]: [    4.910000] 1e784000.serial: ttyS4 at MMIO 0x1e784000 (irq = 23, base_baud = 1500000) is a 16550A
Jul 14 05:07:02 palmetto kernel[841]: [    5.460000] console [ttyS4] enabled
Jul 14 05:07:02 palmetto kernel[841]: [    5.460000] 1e787000.vuart: ttyS0 at MMIO 0x1e787000 (irq = 22, base_baud = 1500000) is a 16550A
Jul 14 05:07:02 palmetto kernel[841]: [    5.460000] timeriomem_rng 1e6e2000.syscon:hwrng@1e6e2078: timeriomem_rng: resource is missing
Jul 14 05:07:02 palmetto kernel[841]: [    5.460000] brd: module loaded
Jul 14 05:07:02 palmetto kernel[841]: [    5.460000] loop: module loaded
Jul 14 05:07:02 palmetto kernel[841]: [    5.460000] aspeed-lpc-ctrl 1e789080.lpc-ctrl: Loaded at 0x98000000 (0x01000000)
Jul 14 05:07:02 palmetto kernel[841]: [    5.460000] aspeed-smc 1e620000.fmc: Using IRQ 18
Jul 14 05:07:02 palmetto kernel[841]: [    5.460000] aspeed-smc 1e620000.fmc: DMA support disabled.
Jul 14 05:07:02 palmetto kernel[841]: [    5.460000] aspeed-smc 1e620000.fmc: mx25l25635e (32768 Kbytes)
Jul 14 05:07:02 palmetto kernel[841]: [    5.460000] aspeed-smc 1e620000.fmc: CE0 window [ 0x20000000 - 0x22000000 ] 32MB
Jul 14 05:07:02 palmetto kernel[841]: [    5.460000] aspeed-smc 1e620000.fmc: CE1 window [ 0x22000000 - 0x26000000 ] 64MB
Jul 14 05:07:02 palmetto kernel[841]: [    5.460000] 5 ofpart partitions found on MTD device bmc
Jul 14 05:07:02 palmetto kernel[841]: [    5.460000] Creating 5 MTD partitions on "bmc":
Jul 14 05:07:02 palmetto kernel[841]: [    5.460000] 0x000000000000-0x000000060000 : "u-boot"
Jul 14 05:07:02 palmetto kernel[841]: [    5.460000] 0x000000060000-0x000000080000 : "u-boot-env"
Jul 14 05:07:02 palmetto kernel[841]: [    5.740000] 0x000000080000-0x0000004c0000 : "kernel"
Jul 14 05:07:02 palmetto kernel[841]: [    5.740000] 0x0000004c0000-0x000001c00000 : "rofs"
Jul 14 05:07:02 palmetto kernel[841]: [    5.740000] 0x000001c00000-0x000002000000 : "rwfs"
Jul 14 05:07:02 palmetto kernel[841]: [    5.740000] aspeed-smc 1e630000.spi: Error applying setting, reverse things back
Jul 14 05:07:02 palmetto kernel[841]: [    5.740000] aspeed-smc 1e630000.spi: mx25l25635e (32768 Kbytes)
Jul 14 05:07:02 palmetto kernel[841]: [    6.620000] libphy: Fixed MDIO Bus: probed
Jul 14 05:07:02 palmetto kernel[841]: [    6.620000] ftgmac100 1e660000.ethernet: Read MAC address a0:42:3f:25:16:fe from chip
Jul 14 05:07:02 palmetto kernel[841]: [    6.620000] ftgmac100 1e660000.ethernet: Using NCSI interface
Jul 14 05:07:02 palmetto kernel[841]: [    6.620000] ftgmac100 1e660000.ethernet eth0: irq 20, mapped at f0060000
Jul 14 05:07:02 palmetto kernel[841]: [    6.620000]  fsi0: can't read slave 00:00 -5
Jul 14 05:07:02 palmetto kernel[841]: [    6.620000] i2c /dev entries driver
Jul 14 05:07:02 palmetto kernel[841]: [    6.620000] at24 0-0050: 32768 byte 24c256 EEPROM, writable, 64 bytes/write
Jul 14 05:07:02 palmetto kernel[841]: [    6.930000] rtc-ds1307 0-0068: rtc core: registered ds3231 as rtc0
Jul 14 05:07:02 palmetto kernel[841]: [    6.940000] aspeed-i2c-bus 1e78a040.i2c-bus: i2c bus 0 registered, irq 24
Jul 14 05:07:02 palmetto kernel[841]: [    6.940000] aspeed-i2c-bus 1e78a080.i2c-bus: i2c bus 1 registered, irq 25
Jul 14 05:07:02 palmetto kernel[841]: [    6.950000] aspeed-i2c-bus 1e78a0c0.i2c-bus: i2c bus 2 registered, irq 26
Jul 14 05:07:02 palmetto kernel[841]: [    6.950000] aspeed-i2c-bus 1e78a100.i2c-bus: i2c bus 3 registered, irq 27
Jul 14 05:07:02 palmetto kernel[841]: [    6.980000] aspeed-i2c-bus 1e78a140.i2c-bus: i2c bus 4 registered, irq 28
Jul 14 05:07:02 palmetto kernel[841]: [    6.980000] aspeed-i2c-bus 1e78a180.i2c-bus: i2c bus 5 registered, irq 29
Jul 14 05:07:02 palmetto kernel[841]: [    6.980000] aspeed-i2c-bus 1e78a1c0.i2c-bus: i2c bus 6 registered, irq 30
Jul 14 05:07:02 palmetto kernel[841]: [    7.010000] aspeed-i2c-bus 1e78a300.i2c-bus: i2c bus 7 registered, irq 31
Jul 14 05:07:02 palmetto kernel[841]: [    7.010000] Driver for 1-wire Dallas network protocol.
Jul 14 05:07:02 palmetto kernel[841]: [    7.050000] ip_tables: (C) 2000-2006 Netfilter Core Team
Jul 14 05:07:02 palmetto kernel[841]: [    7.050000] NET: Registered protocol family 10
Jul 14 05:07:02 palmetto kernel[841]: [    7.050000] Segment Routing with IPv6
Jul 14 05:07:02 palmetto kernel[841]: [    7.070000] NET: Registered protocol family 17
Jul 14 05:07:02 palmetto kernel[841]: [    7.070000] 8021q: 802.1Q VLAN Support v1.8
Jul 14 05:07:02 palmetto kernel[841]: [    7.070000] rtc-ds1307 0-0068: setting system clock to 2017-07-14 05:06:15 UTC (1500008775)
Jul 14 05:07:02 palmetto kernel[841]: [    7.110000] Freeing unused kernel memory: 1024K
Jul 14 05:07:02 palmetto kernel[841]: [    8.280000] jffs2: notice: (442) jffs2_build_xattr_subsystem: complete building xattr subsystem, 0 of xdatum (0 unchecked, 0 orphan) and 0 of xref (0 dead, 0 orphan) found.
Jul 14 05:07:02 palmetto kernel[841]: [   13.320000] random: systemd: uninitialized urandom read (16 bytes read)
Jul 14 05:07:02 palmetto kernel[841]: [   13.320000] systemd[1]: systemd 232 running in system mode. (+PAM -AUDIT -SELINUX -IMA -APPARMOR -SMACK +SYSVINIT -UTMP -LIBCRYPTSETUP -GCRYPT -GNUTLS +ACL +XZ -LZ4 -SECCOMP +BLKID -ELFUTILS +KMOD -IDN)
Jul 14 05:07:02 palmetto kernel[841]: [   13.320000] systemd[1]: Detected architecture arm.
Jul 14 05:07:02 palmetto kernel[841]: [   13.830000] systemd[1]: Set hostname to <palmetto>.
Jul 14 05:07:02 palmetto kernel[841]: [   14.360000] random: systemd: uninitialized urandom read (16 bytes read)
Jul 14 05:07:02 palmetto kernel[841]: [   14.630000] random: systemd-sysv-ge: uninitialized urandom read (16 bytes read)
Jul 14 05:07:02 palmetto kernel[841]: [   14.910000] random: systemd: uninitialized urandom read (16 bytes read)
Jul 14 05:07:02 palmetto kernel[841]: [   14.910000] random: systemd: uninitialized urandom read (16 bytes read)
Jul 14 05:07:02 palmetto kernel[841]: [   14.910000] random: systemd: uninitialized urandom read (16 bytes read)
Jul 14 05:07:02 palmetto kernel[841]: [   14.910000] random: systemd: uninitialized urandom read (16 bytes read)
Jul 14 05:07:02 palmetto kernel[841]: [   14.910000] random: systemd: uninitialized urandom read (16 bytes read)
Jul 14 05:07:02 palmetto kernel[841]: [   15.190000] random: systemd: uninitialized urandom read (16 bytes read)
Jul 14 05:07:02 palmetto kernel[841]: [   15.190000] random: systemd: uninitialized urandom read (16 bytes read)
Jul 14 05:07:02 palmetto kernel[841]: [   16.370000] systemd[1]: Listening on udev Kernel Socket.
Jul 14 05:07:02 palmetto kernel[841]: [   16.680000] systemd[1]: Listening on Journal Socket.
Jul 14 05:07:02 palmetto kernel[841]: [   16.990000] systemd[1]: Listening on Journal Socket (/dev/log).
Jul 14 05:07:02 palmetto kernel[841]: [   17.310000] systemd[1]: Listening on /dev/initctl Compatibility Named Pipe.
Jul 14 05:07:02 palmetto kernel[841]: [   17.630000] systemd[1]: Started Forward Password Requests to Wall Directory Watch.
Jul 14 05:07:02 palmetto kernel[841]: [   17.960000] systemd[1]: Reached target Remote File Systems.
Jul 14 05:07:02 palmetto kernel[841]: [   18.290000] systemd[1]: Started Dispatch Password Requests to Console Directory Watch.
Jul 14 05:07:02 palmetto kernel[841]: [   18.630000] systemd[1]: Listening on udev Control Socket.
Jul 14 05:07:02 palmetto kernel[841]: [   18.970000] systemd[1]: Listening on Network Service Netlink Socket.
Jul 14 05:07:02 palmetto kernel[841]: [   19.320000] systemd[1]: Listening on Syslog Socket.
Jul 14 05:07:02 palmetto kernel[841]: [   19.670000] systemd[1]: Reached target Paths.
Jul 14 05:07:02 palmetto kernel[841]: [   20.030000] systemd[1]: Reached target Swap.
Jul 14 05:07:02 palmetto kernel[841]: [   20.390000] systemd[1]: Created slice System Slice.
Jul 14 05:07:02 palmetto kernel[841]: [   20.760000] systemd[1]: Created slice system-serial\x2dgetty.slice.
Jul 14 05:07:02 palmetto kernel[841]: [   21.130000] systemd[1]: Created slice system-phosphor\x2dreset\x2dhost\x2dcheck.slice.
Jul 14 05:07:02 palmetto kernel[841]: [   21.510000] systemd[1]: Starting udev Coldplug all Devices...
Jul 14 05:07:02 palmetto kernel[841]: [   21.890000] systemd[1]: Created slice system-org.openbmc.control.Host.slice.
Jul 14 05:07:02 palmetto kernel[841]: [   23.880000] systemd[1]: Starting Journal Service...
Jul 14 05:07:02 palmetto kernel[841]: [   24.290000] systemd[1]: Created slice system-getty.slice.
Jul 14 05:07:02 palmetto kernel[841]: [   24.710000] systemd[1]: Starting Remount Root and Kernel File Systems...
Jul 14 05:07:02 palmetto kernel[841]: [   24.710000] systemd[1]: Reached target Slices.
Jul 14 05:07:02 palmetto kernel[841]: [   24.710000] systemd[1]: dev-hugepages.mount: Couldn't determine result for ConditionVirtualization=!private-users, assuming failed: No such file or directory
Jul 14 05:07:02 palmetto kernel[841]: [   24.710000] systemd[1]: Created slice system-phosphor\x2dreset\x2dhost\x2drunning.slice.
Jul 14 05:07:02 palmetto kernel[841]: [   24.710000] systemd[1]: Created slice system-obmc\x2dconsole.slice.
Jul 14 05:07:02 palmetto kernel[841]: [   25.130000] systemd[1]: Created slice system-mapper\x2dwait.slice.
Jul 14 05:07:02 palmetto kernel[841]: [   25.560000] systemd[1]: Created slice system-obmc\x2dled\x2dgroup\x2dstart.slice.
Jul 14 05:07:02 palmetto kernel[841]: [   25.990000] systemd[1]: Starting Apply Kernel Variables...
Jul 14 05:07:02 palmetto kernel[841]: [   26.430000] random: fast init done
Jul 14 05:07:02 palmetto kernel[841]: [   29.160000] systemd[1]: Started Journal Service.
Jul 14 05:07:02 palmetto kernel[841]: [   32.570000] systemd-journald[551]: Received request to flush runtime journal from PID 1
Jul 14 05:07:06 palmetto dbus[837]: [system] Activating via systemd: service name='org.freedesktop.hostname1' unit='dbus-org.freedesktop.hostname1.service'
Jul 14 05:07:08 palmetto systemd-networkd[840]: Enumeration completed
Jul 14 05:07:08 palmetto systemd[1]: Started Network Service.
Jul 14 05:07:08 palmetto systemd[1]: Reached target Network.
Jul 14 05:07:08 palmetto systemd[1]: Starting Permit User Sessions...
Jul 14 05:07:08 palmetto systemd-networkd[840]: eth0: IPv6 enabled for interface: Success
Jul 14 05:07:08 palmetto systemd[1]: Started Lightweight SLP Server.
Jul 14 05:07:08 palmetto avahi-daemon[820]: Joining mDNS multicast group on interface eth0.IPv4 with address 9.3.164.147.
Jul 14 05:07:08 palmetto avahi-daemon[820]: New relevant interface eth0.IPv4 for mDNS.
Jul 14 05:07:08 palmetto avahi-daemon[820]: Registering new address record for 9.3.164.147 on eth0.IPv4.
Jul 14 05:07:08 palmetto systemd-networkd[840]: eth0: Gained carrier
Jul 14 05:07:08 palmetto systemd-timesyncd[782]: Network configuration changed, trying to establish connection.
Jul 14 05:07:09 palmetto systemd[1]: Started Permit User Sessions.
Jul 14 05:07:09 palmetto systemd[1]: Started Serial Getty on ttyS4.
Jul 14 05:07:09 palmetto systemd[1]: Reached target Login Prompts.
Jul 14 05:07:09 palmetto systemd[1]: Reached target Multi-User System.
Jul 14 05:07:10 palmetto avahi-daemon[820]: Joining mDNS multicast group on interface eth0.IPv6 with address fe80::a242:3fff:fe25:16fe.
Jul 14 05:07:10 palmetto systemd-networkd[840]: eth0: Gained IPv6LL
Jul 14 05:07:10 palmetto avahi-daemon[820]: New relevant interface eth0.IPv6 for mDNS.
Jul 14 05:07:10 palmetto avahi-daemon[820]: Registering new address record for fe80::a242:3fff:fe25:16fe on eth0.*.
Jul 14 05:07:11 palmetto systemd[1]: Started Phosphor Version Software Manager.
Jul 14 05:07:12 palmetto kernel: ftgmac100 1e660000.ethernet eth0: NCSI interface up
Jul 14 05:07:12 palmetto kernel[841]: [   63.630000] ftgmac100 1e660000.ethernet eth0: NCSI interface up
Jul 14 05:07:16 palmetto systemd[1]: Created slice system-dropbear.slice.
Jul 14 05:07:16 palmetto systemd[1]: Started SSH Per-Connection Server (9.41.165.94:50804).
Jul 14 05:07:18 palmetto dropbear[868]: Failed loading /etc/dropbear/dropbear_dss_host_key
Jul 14 05:07:18 palmetto dropbear[868]: Failed loading /etc/dropbear/dropbear_ecdsa_host_key
Jul 14 05:07:18 palmetto dropbear[868]: Child connection from ::ffff:9.41.165.94:50804
Jul 14 05:07:23 palmetto systemd-networkd[840]: eth0: Configured
Jul 14 05:07:23 palmetto systemd-timesyncd[782]: Network configuration changed, trying to establish connection.
Jul 14 05:07:30 palmetto dropbear[868]: PAM password auth succeeded for 'root' from ::ffff:9.41.165.94:50804
Jul 14 05:07:30 palmetto dropbear[869]: lastlog_perform_login: Couldn't stat /var/log/lastlog: No such file or directory
Jul 14 05:07:30 palmetto dropbear[869]: lastlog_openseek: /var/log/lastlog is not a file or directory!
Jul 14 05:07:31 palmetto dbus[837]: [system] Failed to activate service 'org.freedesktop.hostname1': timed out
Jul 14 05:07:31 palmetto phosphor-network-manager[844]: Failed to get hostname
Jul 14 05:07:31 palmetto phosphor-network-manager[844]: The operation failed internally.
Jul 14 05:07:31 palmetto phosphor-network-manager[844]: Error in mapper call
Jul 14 05:07:31 palmetto systemd[1]: Started Phosphor Network Manager.
Jul 14 05:07:34 palmetto systemd[1]: Started Phosphor Chassis0 Control.
Jul 14 05:07:34 palmetto chassis_control.py[836]: Running ChassisControlService
Jul 14 05:07:34 palmetto systemd[1]: Started Phosphor Download Manager.
Jul 14 05:07:34 palmetto download_manager.py[822]: Running Download Manager
Jul 14 05:07:35 palmetto sensor_manager2.py[845]: Deleting OCC device
Jul 14 05:07:35 palmetto systemd[1]: Started Phosphor Sensor Manager.
Jul 14 05:07:35 palmetto sensor_manager2.py[845]: sh: /sys/class/i2c-adapter/i2c-3/3-0050/online: Permission denied
Jul 14 05:07:35 palmetto sensor_manager2.py[845]: Setting boot count to 3
Jul 14 05:07:35 palmetto sensor_manager2.py[845]: Starting sensor manager
Jul 14 05:07:36 palmetto phosphor-mapper[842]: ObjectMapper startup complete.  Discovery in progress...
Jul 14 05:07:37 palmetto avahi-daemon[839]: ../../avahi-0.6.32/avahi-daemon/chroot.c: open() failed: No such file or directory
Jul 14 05:07:37 palmetto avahi-daemon[820]: Failed to open /usr/share/dbus-1/interfaces/org.freedesktop.Avahi.Server.xml: Invalid argument
Jul 14 05:07:37 palmetto avahi-daemon[820]: Failed to load introspection data.
Jul 14 05:07:38 palmetto systemd[1]: Started Phosphor User Manager.
Jul 14 05:07:38 palmetto obmc-phosphor-userd[834]: Started
Jul 14 05:07:39 palmetto netman.py[825]: Started
Jul 14 05:07:39 palmetto systemd[1]: Started Phosphor Network Manager.
Jul 14 05:07:43 palmetto inventory_items.py[833]: Loading from cache: /var/cache/obmc/org.openbmc.inventory.system.chassis.motherboard.bmc@org.openbmc.InventoryItem.props
Jul 14 05:07:43 palmetto inventory_items.py[833]: Caching: /org/openbmc/inventory/system/chassis/motherboard/bmc
Jul 14 05:07:43 palmetto inventory_items.py[833]: Running Inventory Manager
Jul 14 05:07:43 palmetto systemd[1]: Started Phosphor Inventory Manager.
Jul 14 05:07:50 palmetto phosphor-mapper[842]: ObjectMapper discovery complete
Jul 14 05:07:50 palmetto systemd[1]: Started Phosphor DBus Service Discovery Manager.
Jul 14 05:07:50 palmetto systemd[1]: Reached target Phosphor Object Mapper.
Jul 14 05:07:50 palmetto systemd[1]: Starting Wait for /xyz/openbmc_project/control/host0...
Jul 14 05:07:50 palmetto systemd[1]: Starting Wait for /xyz/openbmc_project/led/groups...
Jul 14 05:07:50 palmetto systemd[1]: Starting Wait for /org/openbmc/managers/Download...
Jul 14 05:07:50 palmetto systemd[1]: Starting Wait for /xyz/openbmc_project/led/groups/bmc_booted...
Jul 14 05:07:50 palmetto systemd[1]: Reached target Webserver (pre).
Jul 14 05:07:50 palmetto systemd[1]: Started Phosphor Webserver.
Jul 14 05:07:50 palmetto systemd[1]: Starting Wait for /org/openbmc/control/flash/bios...
Jul 14 05:07:50 palmetto systemd[1]: Starting Wait for /org/openbmc/control/power0...
Jul 14 05:07:50 palmetto systemd[1]: Starting Wait for /xyz/openbmc_project/state/chassis0...
Jul 14 05:07:50 palmetto systemd[1]: Starting Wait for /org/openbmc/sensors...
Jul 14 05:07:50 palmetto systemd[1]: Starting Phoshpor System Manager...
Jul 14 05:07:50 palmetto systemd[1]: Starting Phosphor Settings Manager...
Jul 14 05:07:50 palmetto systemd[1]: Starting Wait for /xyz/openbmc_project/state/host0...
Jul 14 05:07:50 palmetto systemd[1]: Started Phosphor DBus Monitor.
Jul 14 05:07:50 palmetto systemd[1]: Starting Wait for /org/openbmc/managers/System...
Jul 14 05:07:50 palmetto systemd[1]: Starting Wait for /org/openbmc/NetworkManager/Interface...
Jul 14 05:07:50 palmetto systemd[1]: Starting Wait for /org/openbmc/control/bmc0...
Jul 14 05:07:56 palmetto systemd[1]: Started Wait for /org/openbmc/control/bmc0.
Jul 14 05:07:56 palmetto systemd[1]: Started Wait for /org/openbmc/managers/Download.
Jul 14 05:07:56 palmetto systemd[1]: Starting Phosphor BIOS Code Update...
Jul 14 05:07:56 palmetto systemd[1]: Starting Phosphor BMC Code Update...
Jul 14 05:07:56 palmetto systemd[1]: Started Wait for /xyz/openbmc_project/led/groups.
Jul 14 05:07:57 palmetto systemd[1]: Started FRU Fault monitor service.
Jul 14 05:07:57 palmetto systemd[1]: Started Wait for /xyz/openbmc_project/led/groups/bmc_booted.
Jul 14 05:07:57 palmetto systemd[1]: Starting Assert bmc_booted LED...
Jul 14 05:07:57 palmetto systemd[1]: Started Wait for /org/openbmc/sensors.
Jul 14 05:07:57 palmetto systemd[1]: Started Phosphor Hwmon Poller.
Jul 14 05:07:57 palmetto systemd[1]: Started Wait for /org/openbmc/NetworkManager/Interface.
Jul 14 05:07:57 palmetto systemd[1]: Started Phosphor DNS Settings Cache Manager.
Jul 14 05:07:58 palmetto phosphor-ledmanager[830]: Asserting LEDs
Jul 14 05:07:58 palmetto systemd[1]: Started Phosphor BIOS Code Update.
Jul 14 05:07:58 palmetto systemd[1]: Started Assert bmc_booted LED.
Jul 14 05:08:02 palmetto systemd[1]: Started Wait for /org/openbmc/control/flash/bios.
Jul 14 05:08:02 palmetto systemd[1]: Started Initialize BIOS Flash.
Jul 14 05:08:05 palmetto flash_bios.exe[894]: Starting flasher: bios,,/org/openbmc/control/flash/bios,
Jul 14 05:08:05 palmetto flash_bios.exe[894]: flasher: , BMC = 1, address = 0x0
Jul 14 05:08:05 palmetto flash_bios.exe[894]: Setting up flash
Jul 14 05:08:06 palmetto flash_bios.exe[894]: Starting flasher: bios,,/org/openbmc/control/flash/bios,
Jul 14 05:08:06 palmetto flash_bios.exe[894]: flasher: , BMC = 1, address = 0x0
Jul 14 05:08:06 palmetto flash_bios.exe[894]: Setting up flash
Jul 14 05:08:07 palmetto system_manager.py[885]: Running System State: BASE_APPS
Jul 14 05:08:08 palmetto system_manager.py[885]: SystemManager Init Done
Jul 14 05:08:08 palmetto system_manager.py[885]: Running SystemManager
Jul 14 05:08:08 palmetto systemd[1]: Started Phoshpor System Manager.
Jul 14 05:08:08 palmetto system_manager.py[885]: SystemManager Goto System State: BMC_STARTING
Jul 14 05:08:08 palmetto system_manager.py[885]: Running System State: BMC_STARTING
Jul 14 05:08:08 palmetto settings_manager.py[886]: Running HostSettingsService
Jul 14 05:08:08 palmetto systemd[1]: Started Phosphor Settings Manager.
Jul 14 05:08:08 palmetto systemd[1]: Starting Wait for /org/openbmc/settings/host0...
Jul 14 05:08:11 palmetto hwmon.py[900]: HWMON add: /org/openbmc/sensors/temperature/rtc : /sys/class/hwmon/hwmon0/temp1_input
Jul 14 05:08:12 palmetto sensor_manager2.py[845]: Register: HwmonSensor : /org/openbmc/sensors/temperature/rtc
Jul 14 05:08:12 palmetto hwmon.py[900]: Setting: units = C
Jul 14 05:08:12 palmetto hwmon.py[900]: Setting: scale = -3
Jul 14 05:08:12 palmetto hwmon.py[900]: HWMON add: /org/openbmc/sensors/temperature/ambient : /sys/class/hwmon/hwmon1/temp1_input
Jul 14 05:08:12 palmetto sensor_manager2.py[845]: Register: HwmonSensor : /org/openbmc/sensors/temperature/ambient
Jul 14 05:08:12 palmetto hwmon.py[900]: Setting: units = C
Jul 14 05:08:12 palmetto hwmon.py[900]: Setting: scale = -3
Jul 14 05:08:12 palmetto hwmon.py[900]: Starting HWMON sensors
Jul 14 05:08:12 palmetto systemd[1]: Started Wait for /org/openbmc/settings/host0.
Jul 14 05:08:12 palmetto systemd[1]: Started Phosphor Inband IPMI.
Jul 14 05:08:12 palmetto systemd[1]: Started Wait for /org/openbmc/managers/System.
Jul 14 05:08:12 palmetto systemd[1]: Starting Phosphor BMC State Manager...
Jul 14 05:08:12 palmetto systemd[1]: Starting Phosphor Power Button0...
Jul 14 05:08:12 palmetto systemd[1]: Starting OpenPOWER Host0 Control...
Jul 14 05:08:12 palmetto systemd[1]: Starting Phosphor Power0 Control...
Jul 14 05:08:12 palmetto systemd[1]: Starting Phosphor Chassis State Manager...
Jul 14 05:08:12 palmetto systemd[1]: Starting Phosphor Host State Manager...
Jul 14 05:08:13 palmetto phosphor-chassis-state-manager[928]: Initial Chassis State will be Off
Jul 14 05:08:13 palmetto systemd[1]: Started Phosphor Chassis State Manager.
Jul 14 05:08:13 palmetto phosphor-bmc-state-manager[924]: Setting the BMCState field
Jul 14 05:08:13 palmetto phosphor-bmc-state-manager[924]: Setting the BMCState field
Jul 14 05:08:13 palmetto systemd[1]: Started Phosphor BMC State Manager.
Jul 14 05:08:15 palmetto phosphor-host-state-manager[929]: Initial Host State will be Off
Jul 14 05:08:15 palmetto systemd[1]: Started Phosphor Host State Manager.
Jul 14 05:08:15 palmetto system_manager.py[885]: New object: /org/openbmc/control/host0 (:1.55)
Jul 14 05:08:16 palmetto system_manager.py[885]: Power GPIO config: ['PGOOD', '', [('POWER_PIN', False)], [('USB_RESET', False)], [], 'FSI_DATA', 'FSI_CLK', 'FSI_ENABLE', 'CRONUS_SEL', [('BMC_THROTTLE', True), ('IDBTN', False)]]
Jul 14 05:08:17 palmetto control_host.exe[926]: Power GPIO latch output:
Jul 14 05:08:17 palmetto control_host.exe[926]: Power GPIO power good input: PGOOD
Jul 14 05:08:17 palmetto control_host.exe[926]: Power GPIO 1 power_up outputs
Jul 14 05:08:17 palmetto control_host.exe[926]: Power GPIO power_up[0] = POWER_PIN active LOW
Jul 14 05:08:17 palmetto control_host.exe[926]: Power GPIO 1 reset outputs
Jul 14 05:08:17 palmetto control_host.exe[926]: Power GPIO reset[0] = USB_RESET active LOW
Jul 14 05:08:17 palmetto control_host.exe[926]: Power GPIO 0 pci reset outputs
Jul 14 05:08:17 palmetto control_host.exe[926]: FSI DATA GPIO: FSI_DATA
Jul 14 05:08:17 palmetto control_host.exe[926]: FSI CLK GPIO: FSI_CLK
Jul 14 05:08:17 palmetto control_host.exe[926]: FSI ENABLE GPIO: FSI_ENABLE
Jul 14 05:08:17 palmetto control_host.exe[926]: CRONUS SEL GPIO: CRONUS_SEL
Jul 14 05:08:17 palmetto control_host.exe[926]: Hostctl GPIO optionals: 2
Jul 14 05:08:17 palmetto control_host.exe[926]: Hostctl optional GPIO[0] = BMC_THROTTLE active HIGH
Jul 14 05:08:17 palmetto control_host.exe[926]: Hostctl optional GPIO[1] = IDBTN active LOW
Jul 14 05:08:17 palmetto button_power.exe[925]: GPIO Lookup:  POWER_BUTTON = 324,both
Jul 14 05:08:17 palmetto systemd[1]: Started Phosphor Power Button0.
Jul 14 05:08:17 palmetto control_host.exe[926]: GPIO Lookup:  FSI_DATA = 297,out
Jul 14 05:08:17 palmetto control_host.exe[926]: GPIO Lookup:  FSI_CLK = 296,out
Jul 14 05:08:17 palmetto control_host.exe[926]: GPIO Lookup:  FSI_ENABLE = 316,out
Jul 14 05:08:18 palmetto system_manager.py[885]: New object: /org/openbmc/control/power0 (:1.57)
Jul 14 05:08:18 palmetto system_manager.py[885]: Power GPIO config: ['PGOOD', '', [('POWER_PIN', False)], [('USB_RESET', False)], [], 'FSI_DATA', 'FSI_CLK', 'FSI_ENABLE', 'CRONUS_SEL', [('BMC_THROTTLE', True), ('IDBTN', False)]]
Jul 14 05:08:18 palmetto power_control.exe[927]: Power GPIO latch output:
Jul 14 05:08:18 palmetto power_control.exe[927]: Power GPIO power good input: PGOOD
Jul 14 05:08:18 palmetto power_control.exe[927]: Power GPIO 1 power_up outputs
Jul 14 05:08:18 palmetto power_control.exe[927]: Power GPIO power_up[0] = POWER_PIN active LOW
Jul 14 05:08:18 palmetto power_control.exe[927]: Power GPIO 1 reset outputs
Jul 14 05:08:18 palmetto power_control.exe[927]: Power GPIO reset[0] = USB_RESET active LOW
Jul 14 05:08:18 palmetto power_control.exe[927]: Power GPIO 0 pci reset outputs
Jul 14 05:08:18 palmetto power_control.exe[927]: FSI DATA GPIO: FSI_DATA
Jul 14 05:08:18 palmetto power_control.exe[927]: FSI CLK GPIO: FSI_CLK
Jul 14 05:08:18 palmetto power_control.exe[927]: FSI ENABLE GPIO: FSI_ENABLE
Jul 14 05:08:18 palmetto power_control.exe[927]: CRONUS SEL GPIO: CRONUS_SEL
Jul 14 05:08:18 palmetto power_control.exe[927]: Hostctl GPIO optionals: 2
Jul 14 05:08:18 palmetto power_control.exe[927]: Hostctl optional GPIO[0] = BMC_THROTTLE active HIGH
Jul 14 05:08:18 palmetto power_control.exe[927]: Hostctl optional GPIO[1] = IDBTN active LOW
Jul 14 05:08:18 palmetto systemd[1]: Started Phosphor Power0 Control.
Jul 14 05:08:19 palmetto control_host.exe[926]: GPIO Lookup:  CRONUS_SEL = 298,out
Jul 14 05:08:19 palmetto control_host.exe[926]: GPIO Lookup:  BMC_THROTTLE = 367,out
Jul 14 05:08:19 palmetto control_host.exe[926]: GPIO Lookup:  IDBTN = 427,out
Jul 14 05:08:19 palmetto power_control.exe[927]: GPIO Lookup:  PGOOD = 315,in
Jul 14 05:08:19 palmetto power_control.exe[927]: GPIO Lookup:  POWER_PIN = 325,out
Jul 14 05:08:19 palmetto power_control.exe[927]: GPIO Lookup:  USB_RESET = 306,out
Jul 14 05:08:19 palmetto power_control.exe[927]: Pgood state: 0
Jul 14 05:08:19 palmetto bmc_update.py[895]: Running Bmc Flash Control
Jul 14 05:08:18 palmetto systemd[1]: Started Phosphor BMC Code Update.
Jul 14 05:08:19 palmetto systemd[1]: Started OpenPOWER Host0 Control.
Jul 14 05:08:20 palmetto systemd[1]: Started Wait for /xyz/openbmc_project/state/chassis0.
Jul 14 05:08:21 palmetto systemd[1]: Started Wait for /xyz/openbmc_project/state/host0.
Jul 14 05:08:21 palmetto systemd[1]: Starting Reboot If Enabled...
Jul 14 05:08:22 palmetto systemd[1]: Started Wait for /org/openbmc/control/power0.
Jul 14 05:08:22 palmetto systemd[1]: Starting Phosphor Time Manager daemon...
Jul 14 05:08:22 palmetto systemd[1]: Starting Check Chassis0 pgood and create a file to indicate it...
Jul 14 05:08:23 palmetto timemanager[955]: Registering dbus methods
Jul 14 05:08:23 palmetto timemanager[955]: Last known time_mode: NTP
Jul 14 05:08:23 palmetto timemanager[955]: Last known time_owner: BMC
Jul 14 05:08:23 palmetto timemanager[955]: Empty DhcpNtp string
Jul 14 05:08:23 palmetto timemanager[955]: Reading Power Control key: pgood
Jul 14 05:08:24 palmetto timemanager[955]: Changing settings *allowed* now
Jul 14 05:08:24 palmetto timemanager[955]: Getting System Settings: time_mode
Jul 14 05:08:24 palmetto phosphor-discover-system-state[953]: Host power is off, checking power policy
Jul 14 05:08:24 palmetto systemd[1]: Started Reboot If Enabled.
Jul 14 05:08:24 palmetto timemanager[955]: Requested_Mode: NTP Current_Mode: NTP
Jul 14 05:08:24 palmetto timemanager[955]: Mode is already set to : NTP
Jul 14 05:08:24 palmetto timemanager[955]: Getting System Settings: time_owner
Jul 14 05:08:24 palmetto timemanager[955]: Owner is already set to : BMC
Jul 14 05:08:24 palmetto timemanager[955]: Getting System Settings: use_dhcp_ntp
Jul 14 05:08:24 palmetto timemanager[955]: use_dhcp_ntp = yes
Jul 14 05:08:24 palmetto timemanager[955]: Last known host_offset:0
Jul 14 05:08:24 palmetto timemanager[955]: Initial Uptime Usec: 1500008768406506
Jul 14 05:08:24 palmetto systemd[1]: Started Phosphor Time Manager daemon.
Jul 14 05:08:25 palmetto systemd[1]: Started Wait for /xyz/openbmc_project/control/host0.
Jul 14 05:08:26 palmetto systemd[1]: Started Check Chassis0 pgood and create a file to indicate it.
Jul 14 05:08:26 palmetto systemd[1]: Reached target Chassis0 power on after reset.
Jul 14 05:08:26 palmetto systemd[1]: Reached target Chassis0 (Reset Check).
Jul 14 05:08:26 palmetto systemd[1]: Reached target Host0 running after reset.
Jul 14 05:08:26 palmetto systemd[1]: Reached target Host0 (Reset Check).
Jul 14 05:08:26 palmetto systemd[1]: Reached target Phosphor System - Standby.
Jul 14 05:08:26 palmetto systemd[1]: Startup finished in 12.860s (kernel) + 2min 4.960s (userspace) = 2min 17.821s.
Jul 14 05:08:26 palmetto phosphor-bmc-state-manager[924]: BMC_READY
Jul 14 05:08:26 palmetto phosphor-bmc-state-manager[924]: Setting the BMCState field
Jul 14 05:08:40 palmetto phosphor-gevent[880]: Traceback (most recent call last):
Jul 14 05:08:40 palmetto phosphor-gevent[880]:   File "/usr/lib/python2.7/site-packages/gevent/greenlet.py", line 327, in run
Jul 14 05:08:40 palmetto phosphor-gevent[880]:     result = self._run(*self.args, **self.kwargs)
Jul 14 05:08:40 palmetto phosphor-gevent[880]:   File "/usr/lib/python2.7/site-packages/gevent/server.py", line 102, in wrap_socket_and_handle
Jul 14 05:08:40 palmetto phosphor-gevent[880]:     ssl_socket = self.wrap_socket(client_socket, **self.ssl_args)
Jul 14 05:08:40 palmetto phosphor-gevent[880]:   File "/usr/lib/python2.7/site-packages/gevent/ssl.py", line 404, in wrap_socket
Jul 14 05:08:40 palmetto phosphor-gevent[880]:     ciphers=ciphers)
Jul 14 05:08:40 palmetto phosphor-gevent[880]:   File "/usr/lib/python2.7/site-packages/gevent/ssl.py", line 113, in __init__
Jul 14 05:08:40 palmetto phosphor-gevent[880]:     self.do_handshake()
Jul 14 05:08:40 palmetto phosphor-gevent[880]:   File "/usr/lib/python2.7/site-packages/gevent/ssl.py", line 324, in do_handshake
Jul 14 05:08:40 palmetto phosphor-gevent[880]:     return self._sslobj.do_handshake()
Jul 14 05:08:40 palmetto phosphor-gevent[880]: SSLEOFError: EOF occurred in violation of protocol (_ssl.c:590)
Jul 14 05:08:40 palmetto phosphor-gevent[880]: <Greenlet at 0x760203f0: <bound method WSGIServer.wrap_socket_and_handle of <WSGIServer at 0x75ff6b30 fileno=5 address=('::143b:f176:b0bd:6676%1986444704', 443, 0, 1986444704)>>(<socket at 0x75ecc810 fileno=9>, ('::60c9:6476:8e91:f402%1995449340', 57764, 0, 199)> failed with SSLEOFError
Jul 14 05:08:40 palmetto phosphor-gevent[880]: Traceback (most recent call last):
Jul 14 05:08:40 palmetto phosphor-gevent[880]:   File "/usr/lib/python2.7/site-packages/gevent/greenlet.py", line 327, in run
Jul 14 05:08:40 palmetto phosphor-gevent[880]:     result = self._run(*self.args, **self.kwargs)
Jul 14 05:08:40 palmetto phosphor-gevent[880]:   File "/usr/lib/python2.7/site-packages/gevent/server.py", line 102, in wrap_socket_and_handle
Jul 14 05:08:40 palmetto phosphor-gevent[880]:     ssl_socket = self.wrap_socket(client_socket, **self.ssl_args)
Jul 14 05:08:40 palmetto phosphor-gevent[880]:   File "/usr/lib/python2.7/site-packages/gevent/ssl.py", line 404, in wrap_socket
Jul 14 05:08:40 palmetto phosphor-gevent[880]:     ciphers=ciphers)
Jul 14 05:08:40 palmetto phosphor-gevent[880]:   File "/usr/lib/python2.7/site-packages/gevent/ssl.py", line 113, in __init__
Jul 14 05:08:40 palmetto phosphor-gevent[880]:     self.do_handshake()
Jul 14 05:08:40 palmetto phosphor-gevent[880]:   File "/usr/lib/python2.7/site-packages/gevent/ssl.py", line 324, in do_handshake
Jul 14 05:08:41 palmetto phosphor-gevent[880]:     return self._sslobj.do_handshake()
Jul 14 05:08:41 palmetto phosphor-gevent[880]: SSLEOFError: EOF occurred in violation of protocol (_ssl.c:590)
Jul 14 05:08:41 palmetto phosphor-gevent[880]: <Greenlet at 0x760206c0: <bound method WSGIServer.wrap_socket_and_handle of <WSGIServer at 0x75ff6b30 fileno=5 address=('::143b:f176:b0bd:6676%1986444704', 443, 0, 1986444704)>>(<socket at 0x75ecc7b0 fileno=10>, ('::60c9:6476:8e91:f402%1995449340', 57768, 0, 199)> failed with SSLEOFError
Jul 14 05:08:41 palmetto phosphor-gevent[880]: Traceback (most recent call last):
Jul 14 05:08:41 palmetto phosphor-gevent[880]:   File "/usr/lib/python2.7/site-packages/gevent/greenlet.py", line 327, in run
Jul 14 05:08:41 palmetto phosphor-gevent[880]:     result = self._run(*self.args, **self.kwargs)
Jul 14 05:08:41 palmetto phosphor-gevent[880]:   File "/usr/lib/python2.7/site-packages/gevent/server.py", line 102, in wrap_socket_and_handle
Jul 14 05:08:41 palmetto phosphor-gevent[880]:     ssl_socket = self.wrap_socket(client_socket, **self.ssl_args)
Jul 14 05:08:41 palmetto phosphor-gevent[880]:   File "/usr/lib/python2.7/site-packages/gevent/ssl.py", line 404, in wrap_socket
Jul 14 05:08:41 palmetto phosphor-gevent[880]:     ciphers=ciphers)
Jul 14 05:08:41 palmetto phosphor-gevent[880]:   File "/usr/lib/python2.7/site-packages/gevent/ssl.py", line 113, in __init__
Jul 14 05:08:41 palmetto phosphor-gevent[880]:     self.do_handshake()
Jul 14 05:08:41 palmetto phosphor-gevent[880]:   File "/usr/lib/python2.7/site-packages/gevent/ssl.py", line 324, in do_handshake
Jul 14 05:08:41 palmetto phosphor-gevent[880]:     return self._sslobj.do_handshake()
Jul 14 05:08:41 palmetto phosphor-gevent[880]: SSLEOFError: EOF occurred in violation of protocol (_ssl.c:590)
Jul 14 05:08:41 palmetto phosphor-gevent[880]: <Greenlet at 0x760203a0: <bound method WSGIServer.wrap_socket_and_handle of <WSGIServer at 0x75ff6b30 fileno=5 address=('::143b:f176:b0bd:6676%1986444704', 443, 0, 1986444704)>>(<socket at 0x75ecc850 fileno=11>, ('::60c9:6476:8e91:f402%1995449340', 57770, 0, 199)> failed with SSLEOFError
Jul 14 05:08:43 palmetto phosphor-gevent[880]: ::60c9:6476:8e91:f402%1995449340 - - [2017-07-14 05:08:43] "POST /login HTTP/1.1" 200 320 0.061470
Jul 14 05:08:43 palmetto phosphor-gevent[880]: ::60c9:6476:8e91:f402%1995449340 - - [2017-07-14 05:08:43] "GET /xyz/openbmc_project/state/chassis0//attr/CurrentPowerState HTTP/1.1" 200 216 0.076218
Jul 14 05:08:44 palmetto phosphor-gevent[880]: ::60c9:6476:8e91:f402%1995449340 - - [2017-07-14 05:08:44] "POST /login HTTP/1.1" 200 320 0.046197
Jul 14 05:08:44 palmetto phosphor-gevent[880]: ::60c9:6476:8e91:f402%1995449340 - - [2017-07-14 05:08:44] "GET /xyz/openbmc_project/state/chassis0//attr/CurrentPowerState HTTP/1.1" 200 216 0.063274
Jul 14 05:08:44 palmetto phosphor-gevent[880]: ::60c9:6476:8e91:f402%1995449340 - - [2017-07-14 05:08:44] "POST /login HTTP/1.1" 200 320 0.043889
Jul 14 05:08:44 palmetto phosphor-gevent[880]: ::60c9:6476:8e91:f402%1995449340 - - [2017-07-14 05:08:44] "GET /org/openbmc/sensors/host/BootProgress/attr/value HTTP/1.1" 200 170 0.067809
Jul 14 05:08:45 palmetto phosphor-gevent[880]: ::60c9:6476:8e91:f402%1995449340 - - [2017-07-14 05:08:45] "POST /login HTTP/1.1" 200 320 0.044549
Jul 14 05:08:45 palmetto phosphor-gevent[880]: ::60c9:6476:8e91:f402%1995449340 - - [2017-07-14 05:08:45] "GET /xyz/openbmc_project/state/host0//attr/CurrentHostState HTTP/1.1" 200 212 0.064446
Jul 14 05:08:45 palmetto phosphor-gevent[880]: ::60c9:6476:8e91:f402%1995449340 - - [2017-07-14 05:08:45] "POST /login HTTP/1.1" 200 320 0.045138
Jul 14 05:08:45 palmetto phosphor-gevent[880]: ::60c9:6476:8e91:f402%1995449340 - - [2017-07-14 05:08:45] "GET /xyz/openbmc_project/logging/entry//list HTTP/1.1" 404 311 0.041226
Jul 14 05:08:45 palmetto dropbear[868]: Exit (root): Exited normally
Jul 14 05:08:46 palmetto systemd[1]: Started SSH Per-Connection Server (9.41.165.94:50826).
Jul 14 05:08:46 palmetto dropbear[974]: Failed loading /etc/dropbear/dropbear_dss_host_key
Jul 14 05:08:46 palmetto dropbear[974]: Failed loading /etc/dropbear/dropbear_ecdsa_host_key
Jul 14 05:08:46 palmetto dropbear[974]: Child connection from ::ffff:9.41.165.94:50826
Jul 14 05:08:47 palmetto dropbear[974]: PAM password auth succeeded for 'root' from ::ffff:9.41.165.94:50826
Jul 14 05:08:47 palmetto dropbear[975]: lastlog_perform_login: Couldn't stat /var/log/lastlog: No such file or directory
Jul 14 05:08:47 palmetto dropbear[975]: lastlog_openseek: /var/log/lastlog is not a file or directory!
Jul 14 05:08:49 palmetto phosphor-gevent[880]: ::60c9:6476:8e91:f402%1995449340 - - [2017-07-14 05:08:49] "POST /login HTTP/1.1" 200 320 0.045841
Jul 14 05:08:49 palmetto phosphor-gevent[880]: ::60c9:6476:8e91:f402%1995449340 - - [2017-07-14 05:08:49] "GET /xyz/openbmc_project/state/host0//attr/CurrentHostState HTTP/1.1" 200 212 0.067998
Jul 14 05:08:49 palmetto dropbear[974]: Exit (root): Exited normally
Jul 14 05:09:14 palmetto kernel: random: crng init done
Jul 14 05:09:14 palmetto kernel[841]: [  185.920000] random: crng init done
Jul 14 05:09:25 palmetto systemd[1]: Started SSH Per-Connection Server (9.41.165.94:35372).
Jul 14 05:09:25 palmetto dropbear[984]: Failed loading /etc/dropbear/dropbear_dss_host_key
Jul 14 05:09:25 palmetto dropbear[984]: Failed loading /etc/dropbear/dropbear_ecdsa_host_key
Jul 14 05:09:25 palmetto dropbear[984]: Child connection from ::ffff:9.41.165.94:35372
Jul 14 05:09:26 palmetto dropbear[984]: PAM password auth succeeded for 'root' from ::ffff:9.41.165.94:35372
Jul 14 05:09:26 palmetto dropbear[985]: lastlog_perform_login: Couldn't stat /var/log/lastlog: No such file or directory
Jul 14 05:09:26 palmetto dropbear[985]: lastlog_openseek: /var/log/lastlog is not a file or directory!
Jul 14 05:09:28 palmetto phosphor-gevent[880]: ::60c9:6476:8e91:f402%1995449340 - - [2017-07-14 05:09:28] "POST /login HTTP/1.1" 200 320 0.044735
Jul 14 05:09:29 palmetto phosphor-gevent[880]: ::60c9:6476:8e91:f402%1995449340 - - [2017-07-14 05:09:29] "PUT /org/openbmc/settings/host0/attr/power_policy HTTP/1.1" 200 169 0.229735
Jul 14 05:09:29 palmetto phosphor-gevent[880]: ::60c9:6476:8e91:f402%1995449340 - - [2017-07-14 05:09:29] "POST /login HTTP/1.1" 200 320 0.061681
Jul 14 05:09:29 palmetto phosphor-gevent[880]: ::60c9:6476:8e91:f402%1995449340 - - [2017-07-14 05:09:29] "GET /org/openbmc/settings/host0/attr/power_policy HTTP/1.1" 200 185 0.092234
Jul 14 05:09:29 palmetto systemd[1]: Started SSH Per-Connection Server (9.41.165.94:35378).
Jul 14 05:09:29 palmetto dropbear[991]: Failed loading /etc/dropbear/dropbear_dss_host_key
Jul 14 05:09:29 palmetto dropbear[991]: Failed loading /etc/dropbear/dropbear_ecdsa_host_key
Jul 14 05:09:29 palmetto dropbear[991]: Child connection from ::ffff:9.41.165.94:35378
Jul 14 05:09:30 palmetto dropbear[991]: PAM password auth succeeded for 'root' from ::ffff:9.41.165.94:35378
Jul 14 05:09:31 palmetto dropbear[992]: lastlog_perform_login: Couldn't stat /var/log/lastlog: No such file or directory
Jul 14 05:09:31 palmetto dropbear[992]: lastlog_openseek: /var/log/lastlog is not a file or directory!
Jul 14 05:09:32 palmetto phosphor-gevent[880]: ::60c9:6476:8e91:f402%1995449340 - - [2017-07-14 05:09:32] "POST /login HTTP/1.1" 200 320 0.044801
Jul 14 05:09:32 palmetto phosphor-gevent[880]: ::60c9:6476:8e91:f402%1995449340 - - [2017-07-14 05:09:32] "GET /xyz/openbmc_project/state/chassis0//attr/CurrentPowerState HTTP/1.1" 200 216 0.076839
Jul 14 05:09:33 palmetto phosphor-gevent[880]: ::60c9:6476:8e91:f402%1995449340 - - [2017-07-14 05:09:33] "POST /login HTTP/1.1" 200 320 0.054811
Jul 14 05:09:33 palmetto phosphor-gevent[880]: ::60c9:6476:8e91:f402%1995449340 - - [2017-07-14 05:09:33] "GET /xyz/openbmc_project/state/bmc0//attr/CurrentBMCState HTTP/1.1" 200 212 0.064190
Jul 14 05:09:33 palmetto phosphor-gevent[880]: ::60c9:6476:8e91:f402%1995449340 - - [2017-07-14 05:09:33] "POST /login HTTP/1.1" 200 320 0.043896
Jul 14 05:09:33 palmetto phosphor-gevent[880]: ::60c9:6476:8e91:f402%1995449340 - - [2017-07-14 05:09:33] "GET /org/openbmc/sensors/host/BootProgress/attr/value HTTP/1.1" 200 170 0.069303
Jul 14 05:09:33 palmetto phosphor-gevent[880]: ::60c9:6476:8e91:f402%1995449340 - - [2017-07-14 05:09:33] "POST /login HTTP/1.1" 200 320 0.044515
Jul 14 05:09:34 palmetto phosphor-gevent[880]: ::60c9:6476:8e91:f402%1995449340 - - [2017-07-14 05:09:34] "GET /xyz/openbmc_project/state/host0//attr/CurrentHostState HTTP/1.1" 200 212 0.065564
Jul 14 05:09:34 palmetto phosphor-gevent[880]: ::60c9:6476:8e91:f402%1995449340 - - [2017-07-14 05:09:34] "POST /login HTTP/1.1" 200 320 0.045051
Jul 14 05:09:34 palmetto phosphor-gevent[880]: ::60c9:6476:8e91:f402%1995449340 - - [2017-07-14 05:09:34] "GET /xyz/openbmc_project/logging/entry//list HTTP/1.1" 404 311 0.037590
Jul 14 05:09:34 palmetto systemd[1]: Started SSH Per-Connection Server (9.41.165.94:35390).
Jul 14 05:09:34 palmetto dropbear[995]: Failed loading /etc/dropbear/dropbear_dss_host_key
Jul 14 05:09:34 palmetto dropbear[995]: Failed loading /etc/dropbear/dropbear_ecdsa_host_key
Jul 14 05:09:34 palmetto dropbear[995]: Child connection from ::ffff:9.41.165.94:35390
Jul 14 05:09:35 palmetto dropbear[995]: PAM password auth succeeded for 'root' from ::ffff:9.41.165.94:35390
Jul 14 05:10:09 palmetto phosphor-gevent[880]: ::60c9:6476:8e91:f402%1995449340 - - [2017-07-14 05:10:09] "POST /login HTTP/1.1" 200 320 0.053844
Jul 14 05:10:09 palmetto phosphor-gevent[880]: ::60c9:6476:8e91:f402%1995449340 - - [2017-07-14 05:10:09] "POST /org/openbmc/control/flash/bios//action/update HTTP/1.1" 200 169 0.293346
Jul 14 05:10:10 palmetto flash_bios.exe[894]: Starting flasher: bios,/tmp/palmetto.pnor,/org/openbmc/control/flash/bios,
Jul 14 05:10:10 palmetto flash_bios.exe[894]: flasher: /tmp/palmetto.pnor, BMC = 1, address = 0x0
Jul 14 05:10:10 palmetto flash_bios.exe[894]: Setting up flash
Jul 14 05:10:10 palmetto phosphor-gevent[880]: ::60c9:6476:8e91:f402%1995449340 - - [2017-07-14 05:10:10] "POST /login HTTP/1.1" 200 320 0.044059
Jul 14 05:10:10 palmetto phosphor-gevent[880]: ::60c9:6476:8e91:f402%1995449340 - - [2017-07-14 05:10:10] "GET /org/openbmc/control/flash/bios HTTP/1.1" 200 383 0.236951
Jul 14 05:10:11 palmetto phosphor-gevent[880]: ::60c9:6476:8e91:f402%1995449340 - - [2017-07-14 05:10:11] "POST /login HTTP/1.1" 200 320 0.044140
Jul 14 05:10:11 palmetto phosphor-gevent[880]: ::60c9:6476:8e91:f402%1995449340 - - [2017-07-14 05:10:11] "GET /org/openbmc/control/flash/bios HTTP/1.1" 200 383 0.267265
Jul 14 05:10:22 palmetto phosphor-gevent[880]: ::60c9:6476:8e91:f402%1995449340 - - [2017-07-14 05:10:22] "POST /login HTTP/1.1" 200 320 0.052045
Jul 14 05:10:22 palmetto phosphor-gevent[880]: ::60c9:6476:8e91:f402%1995449340 - - [2017-07-14 05:10:22] "GET /org/openbmc/control/flash/bios HTTP/1.1" 200 383 0.087896
Jul 14 05:10:33 palmetto phosphor-gevent[880]: ::60c9:6476:8e91:f402%1995449340 - - [2017-07-14 05:10:33] "POST /login HTTP/1.1" 200 320 0.044091
Jul 14 05:10:33 palmetto phosphor-gevent[880]: ::60c9:6476:8e91:f402%1995449340 - - [2017-07-14 05:10:33] "GET /org/openbmc/control/flash/bios HTTP/1.1" 200 383 0.704852
Jul 14 05:10:44 palmetto phosphor-gevent[880]: ::60c9:6476:8e91:f402%1995449340 - - [2017-07-14 05:10:44] "POST /login HTTP/1.1" 200 320 0.043885
Jul 14 05:10:44 palmetto phosphor-gevent[880]: ::60c9:6476:8e91:f402%1995449340 - - [2017-07-14 05:10:44] "GET /org/openbmc/control/flash/bios HTTP/1.1" 200 383 0.088698
Jul 14 05:10:55 palmetto phosphor-gevent[880]: ::60c9:6476:8e91:f402%1995449340 - - [2017-07-14 05:10:55] "POST /login HTTP/1.1" 200 320 0.873194
Jul 14 05:10:55 palmetto phosphor-gevent[880]: ::60c9:6476:8e91:f402%1995449340 - - [2017-07-14 05:10:55] "GET /org/openbmc/control/flash/bios HTTP/1.1" 200 383 0.087965
Jul 14 05:11:05 palmetto phosphor-gevent[880]: ::60c9:6476:8e91:f402%1995449340 - - [2017-07-14 05:11:05] "POST /login HTTP/1.1" 200 320 0.044652
Jul 14 05:11:06 palmetto phosphor-gevent[880]: ::60c9:6476:8e91:f402%1995449340 - - [2017-07-14 05:11:06] "GET /org/openbmc/control/flash/bios HTTP/1.1" 200 383 0.088573
Jul 14 05:11:17 palmetto phosphor-gevent[880]: ::60c9:6476:8e91:f402%1995449340 - - [2017-07-14 05:11:17] "POST /login HTTP/1.1" 200 320 0.045015
Jul 14 05:11:17 palmetto phosphor-gevent[880]: ::60c9:6476:8e91:f402%1995449340 - - [2017-07-14 05:11:17] "GET /org/openbmc/control/flash/bios HTTP/1.1" 200 383 0.095982
Jul 14 05:11:27 palmetto phosphor-gevent[880]: ::60c9:6476:8e91:f402%1995449340 - - [2017-07-14 05:11:27] "POST /login HTTP/1.1" 200 320 0.044617
Jul 14 05:11:28 palmetto phosphor-gevent[880]: ::60c9:6476:8e91:f402%1995449340 - - [2017-07-14 05:11:28] "GET /org/openbmc/control/flash/bios HTTP/1.1" 200 383 0.179756
Jul 14 05:11:38 palmetto phosphor-gevent[880]: ::60c9:6476:8e91:f402%1995449340 - - [2017-07-14 05:11:38] "POST /login HTTP/1.1" 200 320 0.044190
Jul 14 05:11:39 palmetto phosphor-gevent[880]: ::60c9:6476:8e91:f402%1995449340 - - [2017-07-14 05:11:39] "GET /org/openbmc/control/flash/bios HTTP/1.1" 200 383 0.411344
Jul 14 05:11:49 palmetto phosphor-gevent[880]: ::60c9:6476:8e91:f402%1995449340 - - [2017-07-14 05:11:49] "POST /login HTTP/1.1" 200 320 0.044088
Jul 14 05:11:50 palmetto phosphor-gevent[880]: ::60c9:6476:8e91:f402%1995449340 - - [2017-07-14 05:11:50] "GET /org/openbmc/control/flash/bios HTTP/1.1" 200 383 0.544768
Jul 14 05:12:00 palmetto phosphor-gevent[880]: ::60c9:6476:8e91:f402%1995449340 - - [2017-07-14 05:12:00] "POST /login HTTP/1.1" 200 320 0.044837
Jul 14 05:12:01 palmetto phosphor-gevent[880]: ::60c9:6476:8e91:f402%1995449340 - - [2017-07-14 05:12:01] "GET /org/openbmc/control/flash/bios HTTP/1.1" 200 388 0.087678
Jul 14 05:12:11 palmetto phosphor-gevent[880]: ::60c9:6476:8e91:f402%1995449340 - - [2017-07-14 05:12:11] "POST /login HTTP/1.1" 200 320 0.361952
Jul 14 05:12:11 palmetto phosphor-gevent[880]: ::60c9:6476:8e91:f402%1995449340 - - [2017-07-14 05:12:11] "GET /org/openbmc/control/flash/bios HTTP/1.1" 200 388 0.095499
Jul 14 05:12:22 palmetto phosphor-gevent[880]: ::60c9:6476:8e91:f402%1995449340 - - [2017-07-14 05:12:22] "POST /login HTTP/1.1" 200 320 0.044355
Jul 14 05:12:22 palmetto phosphor-gevent[880]: ::60c9:6476:8e91:f402%1995449340 - - [2017-07-14 05:12:22] "GET /org/openbmc/control/flash/bios HTTP/1.1" 200 388 0.087705
Jul 14 05:12:33 palmetto phosphor-gevent[880]: ::60c9:6476:8e91:f402%1995449340 - - [2017-07-14 05:12:33] "POST /login HTTP/1.1" 200 320 0.044475
Jul 14 05:12:33 palmetto phosphor-gevent[880]: ::60c9:6476:8e91:f402%1995449340 - - [2017-07-14 05:12:33] "GET /org/openbmc/control/flash/bios HTTP/1.1" 200 388 0.087536
Jul 14 05:12:44 palmetto phosphor-gevent[880]: ::60c9:6476:8e91:f402%1995449340 - - [2017-07-14 05:12:44] "POST /login HTTP/1.1" 200 320 0.045162
Jul 14 05:12:44 palmetto phosphor-gevent[880]: ::60c9:6476:8e91:f402%1995449340 - - [2017-07-14 05:12:44] "GET /org/openbmc/control/flash/bios HTTP/1.1" 200 388 0.089088
Jul 14 05:12:54 palmetto phosphor-gevent[880]: ::60c9:6476:8e91:f402%1995449340 - - [2017-07-14 05:12:54] "POST /login HTTP/1.1" 200 320 0.045290
Jul 14 05:12:55 palmetto flash_bios.exe[894]: Erasing... (may take a while !) done !
Jul 14 05:12:55 palmetto flash_bios.exe[894]: About to program "/tmp/palmetto.pnor" at 0x00000000..0x02000000 !
Jul 14 05:12:55 palmetto flash_bios.exe[894]: Programming & Verifying...
Jul 14 05:12:55 palmetto flash_bios.exe[894]: Flash done
Jul 14 05:12:55 palmetto phosphor-gevent[880]: ::60c9:6476:8e91:f402%1995449340 - - [2017-07-14 05:12:55] "GET /org/openbmc/control/flash/bios HTTP/1.1" 200 389 0.829417
Jul 14 05:13:05 palmetto phosphor-gevent[880]: ::60c9:6476:8e91:f402%1995449340 - - [2017-07-14 05:13:05] "POST /login HTTP/1.1" 200 320 0.059009
Jul 14 05:13:06 palmetto phosphor-gevent[880]: ::60c9:6476:8e91:f402%1995449340 - - [2017-07-14 05:13:06] "GET /org/openbmc/control/flash/bios HTTP/1.1" 200 385 0.088853
Jul 14 05:13:06 palmetto systemd[1]: Started SSH Per-Connection Server (9.41.165.94:35438).
Jul 14 05:13:06 palmetto dropbear[1001]: Failed loading /etc/dropbear/dropbear_dss_host_key
Jul 14 05:13:06 palmetto dropbear[1001]: Failed loading /etc/dropbear/dropbear_ecdsa_host_key
Jul 14 05:13:06 palmetto dropbear[1001]: Child connection from ::ffff:9.41.165.94:35438
Jul 14 05:13:07 palmetto dropbear[1001]: PAM password auth succeeded for 'root' from ::ffff:9.41.165.94:35438
Jul 14 05:13:07 palmetto dropbear[1002]: lastlog_perform_login: Couldn't stat /var/log/lastlog: No such file or directory
Jul 14 05:13:07 palmetto dropbear[1002]: lastlog_openseek: /var/log/lastlog is not a file or directory!
Jul 14 05:13:09 palmetto phosphor-gevent[880]: ::60c9:6476:8e91:f402%1995449340 - - [2017-07-14 05:13:09] "POST /login HTTP/1.1" 200 320 0.044989
Jul 14 05:13:09 palmetto phosphor-gevent[880]: ::60c9:6476:8e91:f402%1995449340 - - [2017-07-14 05:13:09] "GET /xyz/openbmc_project/state/host0//attr/CurrentHostState HTTP/1.1" 200 212 0.064173
Jul 14 05:13:09 palmetto systemd[1]: Created slice system-obmc\x2dconsole\x2dssh.slice.
Jul 14 05:13:09 palmetto systemd[1]: Started Phosphor Host Console SSH Per-Connection (9.41.165.94:50300).
Jul 14 05:13:09 palmetto dropbear[1006]: Failed loading /etc/dropbear/dropbear_dss_host_key
Jul 14 05:13:09 palmetto dropbear[1006]: Failed loading /etc/dropbear/dropbear_ecdsa_host_key
Jul 14 05:13:09 palmetto dropbear[1006]: Child connection from ::ffff:9.41.165.94:50300
Jul 14 05:13:10 palmetto phosphor-gevent[880]: ::60c9:6476:8e91:f402%1995449340 - - [2017-07-14 05:13:10] "POST /login HTTP/1.1" 200 320 0.044275
Jul 14 05:13:10 palmetto phosphor-gevent[880]: ::60c9:6476:8e91:f402%1995449340 - - [2017-07-14 05:13:10] "PUT /org/openbmc/settings/host0/attr/power_policy HTTP/1.1" 200 169 0.335300
Jul 14 05:13:11 palmetto dropbear[1006]: PAM password auth succeeded for 'root' from ::ffff:9.41.165.94:50300
Jul 14 05:13:11 palmetto dropbear[1007]: lastlog_perform_login: Couldn't stat /var/log/lastlog: No such file or directory
Jul 14 05:13:11 palmetto dropbear[1007]: lastlog_openseek: /var/log/lastlog is not a file or directory!
Jul 14 05:13:11 palmetto phosphor-gevent[880]: ::60c9:6476:8e91:f402%1995449340 - - [2017-07-14 05:13:11] "POST /login HTTP/1.1" 200 320 0.044556
Jul 14 05:13:11 palmetto phosphor-gevent[880]: ::60c9:6476:8e91:f402%1995449340 - - [2017-07-14 05:13:11] "GET /org/openbmc/settings/host0/attr/power_policy HTTP/1.1" 200 185 0.102156
Jul 14 05:13:11 palmetto systemd[1]: Started SSH Per-Connection Server (9.41.165.94:35448).
Jul 14 05:13:11 palmetto dropbear[1008]: Failed loading /etc/dropbear/dropbear_dss_host_key
Jul 14 05:13:11 palmetto dropbear[1008]: Failed loading /etc/dropbear/dropbear_ecdsa_host_key
Jul 14 05:13:11 palmetto dropbear[1008]: Child connection from ::ffff:9.41.165.94:35448
Jul 14 05:13:13 palmetto dropbear[1008]: PAM password auth succeeded for 'root' from ::ffff:9.41.165.94:35448
Jul 14 05:13:13 palmetto dropbear[1009]: lastlog_perform_login: Couldn't stat /var/log/lastlog: No such file or directory
Jul 14 05:13:13 palmetto dropbear[1009]: lastlog_openseek: /var/log/lastlog is not a file or directory!
Jul 14 05:13:14 palmetto phosphor-gevent[880]: ::60c9:6476:8e91:f402%1995449340 - - [2017-07-14 05:13:14] "POST /login HTTP/1.1" 200 320 0.044979
Jul 14 05:13:14 palmetto phosphor-gevent[880]: ::60c9:6476:8e91:f402%1995449340 - - [2017-07-14 05:13:14] "GET /xyz/openbmc_project/state/chassis0//attr/CurrentPowerState HTTP/1.1" 200 216 0.067080
Jul 14 05:13:14 palmetto phosphor-gevent[880]: ::60c9:6476:8e91:f402%1995449340 - - [2017-07-14 05:13:14] "POST /login HTTP/1.1" 200 320 0.048262
Jul 14 05:13:15 palmetto phosphor-gevent[880]: ::60c9:6476:8e91:f402%1995449340 - - [2017-07-14 05:13:15] "GET /xyz/openbmc_project/state/bmc0//attr/CurrentBMCState HTTP/1.1" 200 212 0.063589
Jul 14 05:13:15 palmetto phosphor-gevent[880]: ::60c9:6476:8e91:f402%1995449340 - - [2017-07-14 05:13:15] "POST /login HTTP/1.1" 200 320 0.052431
Jul 14 05:13:15 palmetto phosphor-gevent[880]: ::60c9:6476:8e91:f402%1995449340 - - [2017-07-14 05:13:15] "GET /org/openbmc/sensors/host/BootProgress/attr/value HTTP/1.1" 200 170 0.070059
Jul 14 05:13:15 palmetto phosphor-gevent[880]: ::60c9:6476:8e91:f402%1995449340 - - [2017-07-14 05:13:15] "POST /login HTTP/1.1" 200 320 0.045695
Jul 14 05:13:15 palmetto phosphor-gevent[880]: ::60c9:6476:8e91:f402%1995449340 - - [2017-07-14 05:13:15] "GET /xyz/openbmc_project/state/host0//attr/CurrentHostState HTTP/1.1" 200 212 0.063899
Jul 14 05:13:16 palmetto phosphor-gevent[880]: ::60c9:6476:8e91:f402%1995449340 - - [2017-07-14 05:13:16] "POST /login HTTP/1.1" 200 320 0.051342
Jul 14 05:13:16 palmetto phosphor-host-state-manager[929]: Host State transaction request
Jul 14 05:13:16 palmetto phosphor-gevent[880]: ::60c9:6476:8e91:f402%1995449340 - - [2017-07-14 05:13:16] "PUT /xyz/openbmc_project/state/host0//attr/RequestedHostTransition HTTP/1.1" 200 169 0.304803
Jul 14 05:13:16 palmetto systemd[1]: Starting Wait for /xyz/openbmc_project/led/groups/power_on...
Jul 14 05:13:16 palmetto systemd[1]: Created slice system-op\x2dinit\x2dpnor.slice.
Jul 14 05:13:16 palmetto systemd[1]: Created slice system-op\x2dwait\x2dpower\x2don.slice.
Jul 14 05:13:16 palmetto systemd[1]: Created slice system-phosphor\x2dgpio\x2dmonitor.slice.
Jul 14 05:13:16 palmetto systemd[1]: Created slice system-phosphor\x2dfan\x2dcontrol\x2dinit.slice.
Jul 14 05:13:16 palmetto systemd[1]: Created slice system-obmc\x2denable\x2dhost\x2dwatchdog.slice.
Jul 14 05:13:16 palmetto systemd[1]: Starting Wait for /org/openbmc/control/host0...
Jul 14 05:13:16 palmetto systemd[1]: Starting Wait for /org/openbmc/control/chassis0...
Jul 14 05:13:16 palmetto systemd[1]: Created slice system-op\x2dpower\x2dstart.slice.
Jul 14 05:13:17 palmetto systemd[1]: Starting Start Power0...
Jul 14 05:13:17 palmetto systemd[1]: Created slice system-op\x2dstart\x2dhost.slice.
Jul 14 05:13:17 palmetto systemd[1]: Created slice system-phosphor\x2dfan\x2dpresence\x2dtach.slice.
Jul 14 05:13:17 palmetto systemd[1]: Created slice system-pcie\x2dslot\x2ddetect.slice.
Jul 14 05:13:17 palmetto systemd[1]: Starting Wait for /xyz/openbmc_project/watchdog/host0...
Jul 14 05:13:17 palmetto systemd[1]: Created slice system-mapper\x2dsubtree\x2dremove.slice.
Jul 14 05:13:17 palmetto systemd[1]: Starting mapper subtree-remove /xyz/openbmc_project/software:xyz.openbmc_project.Software.ActivationBlocksTransition...
Jul 14 05:13:17 palmetto power_control.exe[927]: PowerControl: setting power up POWER_PIN to 0
Jul 14 05:13:17 palmetto timemanager[955]:  PGOOD has changed..
Jul 14 05:13:18 palmetto kernel: ftgmac100 1e660000.ethernet eth0: NCSI interface down
Jul 14 05:13:18 palmetto system_manager.py[885]: Running System State: HOST_POWERING_ON
Jul 14 05:13:17 palmetto kernel[841]: [  429.210000] ftgmac100 1e660000.ethernet eth0: NCSI interface down
Jul 14 05:13:17 palmetto systemd[1]: Started Phosphor GPIO checkstop monitor.
Jul 14 05:13:17 palmetto systemd[1]: Reached target Start Host checkstop monitor.
Jul 14 05:13:17 palmetto systemd[1]: Starting Wait for Power0 to turn on...
Jul 14 05:13:17 palmetto systemd[1]: Created slice system-phosphor\x2dwatchdog.slice.
Jul 14 05:13:17 palmetto systemd[1]: Started Phosphor poweron watchdog.
Jul 14 05:13:18 palmetto systemd[1]: Started Wait for /xyz/openbmc_project/led/groups/power_on.
Jul 14 05:13:18 palmetto systemd[1]: Started Wait for /org/openbmc/control/chassis0.
Jul 14 05:13:18 palmetto systemd[1]: Started Start Power0.
Jul 14 05:13:19 palmetto systemd[1]: Started Wait for /org/openbmc/control/host0.
Jul 14 05:13:19 palmetto phosphor-gpio-monitor[1021]: Failed to open device
Jul 14 05:13:19 palmetto phosphor-gpio-monitor[1021]: terminate called after throwing an instance of 'std::runtime_error'
Jul 14 05:13:19 palmetto phosphor-gpio-monitor[1021]:   what():  Failed to open device
Jul 14 05:13:19 palmetto systemd[1]: Starting Assert power_on LED...
Jul 14 05:13:19 palmetto systemd[1]: Started mapper subtree-remove /xyz/openbmc_project/software:xyz.openbmc_project.Software.ActivationBlocksTransition.
Jul 14 05:13:19 palmetto systemd[1]: phosphor-gpio-monitor@checkstop.service: Main process exited, code=dumped, status=6/ABRT
Jul 14 05:13:19 palmetto systemd[1]: phosphor-gpio-monitor@checkstop.service: Unit entered failed state.
Jul 14 05:13:19 palmetto systemd[1]: phosphor-gpio-monitor@checkstop.service: Failed with result 'core-dump'.
Jul 14 05:13:20 palmetto power_control.exe[927]: PowerControl: pgood: 1, setting reset USB_RESET to 1
Jul 14 05:13:20 palmetto system_manager.py[885]: Running System State: HOST_POWERED_ON
Jul 14 05:13:20 palmetto timemanager[955]:  PGOOD has changed..
Jul 14 05:13:20 palmetto timemanager[955]: Changing time settings is *deferred* now
Jul 14 05:13:20 palmetto systemd[1]: Started Wait for Power0 to turn on.
Jul 14 05:13:20 palmetto kernel: ftgmac100 1e660000.ethernet eth0: NCSI interface up
Jul 14 05:13:20 palmetto kernel[841]: [  431.610000] ftgmac100 1e660000.ethernet eth0: NCSI interface up
Jul 14 05:13:20 palmetto timemanager[955]:  User Settings have changed..
Jul 14 05:13:20 palmetto phosphor-ledmanager[830]: Asserting LEDs
Jul 14 05:13:20 palmetto systemd[1]: Started Assert power_on LED.
Jul 14 05:13:20 palmetto systemd[1]: Reached target Power0 On.
Jul 14 05:13:20 palmetto systemd[1]: Reached target Power0 (On).
Jul 14 05:13:20 palmetto systemd[1]: Started Phosphor Fan Control Initialization.
Jul 14 05:13:20 palmetto systemd[1]: Starting PCIE Slot Presence Detection For Chassis0...
Jul 14 05:13:20 palmetto systemd[1]: Starting Start Host0...
Jul 14 05:13:20 palmetto systemd[1]: Starting Init PNOR for Host0...
Jul 14 05:13:20 palmetto systemd[1]: Started Phosphor Fan Presence Tach Daemon.
Jul 14 05:13:20 palmetto systemd[1]: Reached target Chassis0 (Power On).
Jul 14 05:13:21 palmetto phosphor-gevent[880]: ::60c9:6476:8e91:f402%1995449340 - - [2017-07-14 05:13:21] "POST /login HTTP/1.1" 200 320 0.045371
Jul 14 05:13:21 palmetto pflash[1037]: Flash info:
Jul 14 05:13:21 palmetto pflash[1037]: -----------
Jul 14 05:13:21 palmetto pflash[1037]: Name          = /dev/mtd6
Jul 14 05:13:21 palmetto pflash[1037]: Total size    = 32MB
Jul 14 05:13:21 palmetto pflash[1037]: Erase granule = 64KB
Jul 14 05:13:21 palmetto pflash[1037]: TOC@0x00000000 Partitions:
Jul 14 05:13:21 palmetto pflash[1037]: -----------
Jul 14 05:13:21 palmetto pflash[1037]: ID=00            part 00000000..00001000 (actual=00001000)
Jul 14 05:13:21 palmetto pflash[1037]: ID=01             HBI 00010000..005b0000 (actual=005a0000) [ECC]
Jul 14 05:13:21 palmetto pflash[1037]: ID=02            MVPD 005b0000..00640000 (actual=00090000) [ECC]
Jul 14 05:13:21 palmetto pflash[1037]: ID=03            CVPD 00640000..00688000 (actual=00048000) [ECC]
Jul 14 05:13:21 palmetto pflash[1037]: ID=04           DJVPD 00688000..006d0000 (actual=00048000) [ECC]
Jul 14 05:13:21 palmetto pflash[1037]: ID=05             HBD 006d0000..00730000 (actual=00060000) [ECC]
Jul 14 05:13:21 palmetto pflash[1037]: ID=06            SBEC 00730000..007c0000 (actual=00090000) [ECC]
Jul 14 05:13:21 palmetto pflash[1037]: ID=07             SBE 007c0000..00808000 (actual=00048000) [ECC]
Jul 14 05:13:21 palmetto pflash[1037]: ID=08        ATTR_TMP 00808000..00810000 (actual=00008000)
Jul 14 05:13:21 palmetto pflash[1037]: ID=09       ATTR_PERM 00810000..00818000 (actual=00008000) [ECC]
Jul 14 05:13:21 palmetto pflash[1037]: ID=10            WINK 00818000..00938000 (actual=00120000) [ECC]
Jul 14 05:13:21 palmetto pflash[1037]: ID=11           GUARD 00938000..0093d000 (actual=00005000) [ECC]
Jul 14 05:13:21 palmetto pflash[1037]: ID=12            HBEL 0093d000..00961000 (actual=00024000) [ECC]
Jul 14 05:13:21 palmetto pflash[1037]: ID=13         PAYLOAD 00961000..00a61000 (actual=00100000)
Jul 14 05:13:21 palmetto pflash[1037]: ID=14      BOOTKERNEL 00a61000..01961000 (actual=00f00000)
Jul 14 05:13:21 palmetto pflash[1037]: ID=15           NVRAM 01961000..019f1000 (actual=00090000)
Jul 14 05:13:21 palmetto pflash[1037]: ID=16            HBRT 019f1000..01d51000 (actual=00360000) [ECC]
Jul 14 05:13:21 palmetto pflash[1037]: ID=17             OCC 01d51000..01e71000 (actual=00120000) [ECC]
Jul 14 05:13:21 palmetto pflash[1037]: ID=18         FIRDATA 01e71000..01e74000 (actual=00003000) [ECC]
Jul 14 05:13:21 palmetto pflash[1037]: ID=19            CAPP 01e74000..01e98000 (actual=00024000) [ECC]
Jul 14 05:13:21 palmetto pflash[1037]: ID=20         SECBOOT 01e98000..01ebc000 (actual=00024000) [ECC]
Jul 14 05:13:21 palmetto pflash[1037]: ID=21         BMC_INV 01ebc000..01ec5000 (actual=00009000)
Jul 14 05:13:21 palmetto pflash[1037]: ID=22     IMA_CATALOG 01ec5000..01ece000 (actual=00009000) [ECC]
Jul 14 05:13:21 palmetto pflash[1037]: ID=23             HBB 01f67000..01ff7000 (actual=00090000) [ECC]
Jul 14 05:13:21 palmetto pflash[1037]: ID=24         VERSION 01ff7000..01ff8000 (actual=00001000)
Jul 14 05:13:21 palmetto pflash[1037]: ID=25     BACKUP_PART 01ff8000..02000000 (actual=00000000)
Jul 14 05:13:21 palmetto systemd[1]: Started Init PNOR for Host0.
Jul 14 05:13:22 palmetto control_host.exe[926]: Booting host
Jul 14 05:13:22 palmetto control_host.exe[926]: ERROR HostControl: GPIO sequence failed (rc=2)
Jul 14 05:13:22 palmetto systemd[1]: Started Start Host0.
Jul 14 05:13:22 palmetto systemd[1]: Reached target Host0 (Starting).
Jul 14 05:13:22 palmetto systemd[1]: Reached target Host0 (Started).
Jul 14 05:13:22 palmetto systemd[1]: Created slice system-phosphor\x2dfan\x2dcontrol.slice.
Jul 14 05:13:22 palmetto systemd[1]: Created slice system-phosphor\x2dfan\x2dmonitor.slice.
Jul 14 05:13:22 palmetto phosphor-chassis-state-manager[928]: Received signal that power ON is complete
Jul 14 05:13:22 palmetto phosphor-chassis-state-manager[928]: Change to Chassis Power State
Jul 14 05:13:23 palmetto systemd[1]: Starting Phosphor Fan Monitor Daemon...
Jul 14 05:13:23 palmetto systemd[1]: Started Phosphor Fan Monitor Daemon.
Jul 14 05:13:23 palmetto systemd[1]: Started Phosphor Fan Control Daemon.
Jul 14 05:13:23 palmetto systemd[1]: Reached target Fan Control Ready.
Jul 14 05:13:23 palmetto phosphor-gevent[880]: ::60c9:6476:8e91:f402%1995449340 - - [2017-07-14 05:13:23] "GET /xyz/openbmc_project/state/chassis0//attr/CurrentPowerState HTTP/1.1" 200 215 1.730334
Jul 14 05:13:24 palmetto systemd[1]: Started PCIE Slot Presence Detection For Chassis0.
Jul 14 05:13:24 palmetto phosphor-gevent[880]: ::60c9:6476:8e91:f402%1995449340 - - [2017-07-14 05:13:24] "POST /login HTTP/1.1" 200 320 0.045086
Jul 14 05:13:24 palmetto systemd[1]: Started Wait for /xyz/openbmc_project/watchdog/host0.
Jul 14 05:13:24 palmetto systemd[1]: Starting Start Watchdog0...
Jul 14 05:13:25 palmetto phosphor-gevent[880]: ::60c9:6476:8e91:f402%1995449340 - - [2017-07-14 05:13:25] "GET /xyz/openbmc_project/state/bmc0//attr/CurrentBMCState HTTP/1.1" 200 212 0.447860
Jul 14 05:13:25 palmetto phosphor-watchdog[1023]: watchdog: enabled and started
Jul 14 05:13:25 palmetto systemd[1]: Started Start Watchdog0.
Jul 14 05:13:25 palmetto systemd[1]: Reached target Start Host0.
Jul 14 05:13:25 palmetto phosphor-host-state-manager[929]: Received signal that host is running
Jul 14 05:13:25 palmetto phosphor-host-state-manager[929]: Change to Host State
Jul 14 05:13:25 palmetto phosphor-gevent[880]: ::60c9:6476:8e91:f402%1995449340 - - [2017-07-14 05:13:25] "POST /login HTTP/1.1" 200 320 0.053325
Jul 14 05:13:25 palmetto phosphor-gevent[880]: ::60c9:6476:8e91:f402%1995449340 - - [2017-07-14 05:13:25] "GET /org/openbmc/sensors/host/BootProgress/attr/value HTTP/1.1" 200 170 0.068762
Jul 14 05:13:26 palmetto phosphor-gevent[880]: ::60c9:6476:8e91:f402%1995449340 - - [2017-07-14 05:13:26] "POST /login HTTP/1.1" 200 320 0.045065
Jul 14 05:13:26 palmetto phosphor-gevent[880]: ::60c9:6476:8e91:f402%1995449340 - - [2017-07-14 05:13:26] "GET /xyz/openbmc_project/state/host0//attr/CurrentHostState HTTP/1.1" 200 216 0.065230
Jul 14 05:13:26 palmetto phosphor-gevent[880]: ::60c9:6476:8e91:f402%1995449340 - - [2017-07-14 05:13:26] "POST /login HTTP/1.1" 200 320 0.092516
Jul 14 05:13:26 palmetto phosphor-gevent[880]: ::60c9:6476:8e91:f402%1995449340 - - [2017-07-14 05:13:26] "GET /xyz/openbmc_project/state/chassis0//attr/CurrentPowerState HTTP/1.1" 200 215 0.064480
Jul 14 05:13:27 palmetto phosphor-gevent[880]: ::60c9:6476:8e91:f402%1995449340 - - [2017-07-14 05:13:27] "POST /login HTTP/1.1" 200 320 0.046246
Jul 14 05:13:27 palmetto phosphor-gevent[880]: ::60c9:6476:8e91:f402%1995449340 - - [2017-07-14 05:13:27] "GET /org/openbmc/sensors/host/BootProgress/attr/value HTTP/1.1" 200 170 0.067899
Jul 14 05:13:27 palmetto phosphor-gevent[880]: ::60c9:6476:8e91:f402%1995449340 - - [2017-07-14 05:13:27] "POST /login HTTP/1.1" 200 320 0.046734
Jul 14 05:13:27 palmetto phosphor-gevent[880]: ::60c9:6476:8e91:f402%1995449340 - - [2017-07-14 05:13:27] "GET /xyz/openbmc_project/state/host0//attr/CurrentHostState HTTP/1.1" 200 216 0.064675
Jul 14 05:13:38 palmetto phosphor-gevent[880]: ::60c9:6476:8e91:f402%1995449340 - - [2017-07-14 05:13:38] "POST /login HTTP/1.1" 200 320 0.055590
Jul 14 05:13:38 palmetto phosphor-gevent[880]: ::60c9:6476:8e91:f402%1995449340 - - [2017-07-14 05:13:38] "GET /xyz/openbmc_project/state/chassis0//attr/CurrentPowerState HTTP/1.1" 200 215 0.069371
Jul 14 05:13:38 palmetto phosphor-gevent[880]: ::60c9:6476:8e91:f402%1995449340 - - [2017-07-14 05:13:38] "POST /login HTTP/1.1" 200 320 0.045084
Jul 14 05:13:38 palmetto phosphor-gevent[880]: ::60c9:6476:8e91:f402%1995449340 - - [2017-07-14 05:13:38] "GET /org/openbmc/sensors/host/BootProgress/attr/value HTTP/1.1" 200 170 0.070962
Jul 14 05:13:38 palmetto phosphor-gevent[880]: ::60c9:6476:8e91:f402%1995449340 - - [2017-07-14 05:13:38] "POST /login HTTP/1.1" 200 320 0.047400
Jul 14 05:13:39 palmetto phosphor-gevent[880]: ::60c9:6476:8e91:f402%1995449340 - - [2017-07-14 05:13:39] "GET /xyz/openbmc_project/state/host0//attr/CurrentHostState HTTP/1.1" 200 216 0.064168
Jul 14 05:13:49 palmetto phosphor-gevent[880]: ::60c9:6476:8e91:f402%1995449340 - - [2017-07-14 05:13:49] "POST /login HTTP/1.1" 200 320 0.045813
Jul 14 05:13:49 palmetto phosphor-gevent[880]: ::60c9:6476:8e91:f402%1995449340 - - [2017-07-14 05:13:49] "GET /xyz/openbmc_project/state/chassis0//attr/CurrentPowerState HTTP/1.1" 200 215 0.067142
