-- Logs begin at Fri 2017-08-25 15:08:30 UTC, end at Fri 2017-08-25 15:21:58 UTC. --
Aug 25 15:08:30 witherspoon kernel: Booting Linux on physical CPU 0x0
Aug 25 15:08:30 witherspoon kernel: Linux version 4.10.17-1a4df30c39cf5ee0e3d2528c409787ccbb4a672a (jenkins@openbmc-builder2) (gcc version 6.2.0 (GCC) ) #1 Fri Aug 25 14:50:19 UTC 2017
Aug 25 15:08:30 witherspoon kernel: CPU: ARMv6-compatible processor [410fb767] revision 7 (ARMv7), cr=00c5387d
Aug 25 15:08:30 witherspoon kernel: CPU: PIPT / VIPT nonaliasing data cache, VIPT nonaliasing instruction cache
Aug 25 15:08:30 witherspoon kernel: OF: fdt:Machine model: Witherspoon BMC
Aug 25 15:08:30 witherspoon kernel: Memory policy: Data cache writeback
Aug 25 15:08:30 witherspoon kernel: SOC Rev: 04030303
Aug 25 15:08:30 witherspoon kernel: On node 0 totalpages: 110592
Aug 25 15:08:30 witherspoon kernel: free_area_init_node: node 0, pgdat 80601864, node_mem_map 9ec1a000
Aug 25 15:08:30 witherspoon kernel:   Normal zone: 992 pages used for memmap
Aug 25 15:08:30 witherspoon kernel:   Normal zone: 0 pages reserved
Aug 25 15:08:30 witherspoon kernel:   Normal zone: 110592 pages, LIFO batch:31
Aug 25 15:08:30 witherspoon kernel: pcpu-alloc: s0 r0 d32768 u32768 alloc=1*32768
Aug 25 15:08:30 witherspoon kernel: pcpu-alloc: [0] 0 
Aug 25 15:08:30 witherspoon kernel: Built 1 zonelists in Zone order, mobility grouping on.  Total pages: 109600
Aug 25 15:08:30 witherspoon kernel: Kernel command line: console=ttyS4,115200n8 root=/dev/ram rw
Aug 25 15:08:30 witherspoon kernel: PID hash table entries: 2048 (order: 1, 8192 bytes)
Aug 25 15:08:30 witherspoon kernel: Dentry cache hash table entries: 65536 (order: 6, 262144 bytes)
Aug 25 15:08:30 witherspoon kernel: Inode-cache hash table entries: 32768 (order: 5, 131072 bytes)
Aug 25 15:08:30 witherspoon kernel: Memory: 430424K/442368K available (4074K kernel code, 281K rwdata, 1196K rodata, 280K init, 111K bss, 11944K reserved, 0K cma-reserved)
Aug 25 15:08:30 witherspoon kernel: Virtual kernel memory layout:
                                        vector  : 0xffff0000 - 0xffff1000   (   4 kB)
                                        fixmap  : 0xffc00000 - 0xfff00000   (3072 kB)
                                        vmalloc : 0x9f800000 - 0xff800000   (1536 MB)
                                        lowmem  : 0x80000000 - 0x9f000000   ( 496 MB)
                                          .text : 0x80008000 - 0x80402cb0   (4076 kB)
                                          .init : 0x80588000 - 0x805ce000   ( 280 kB)
                                          .data : 0x805ce000 - 0x80614710   ( 282 kB)
                                           .bss : 0x80614710 - 0x806305b8   ( 112 kB)
Aug 25 15:08:30 witherspoon kernel: NR_IRQS:16 nr_irqs:16 16
Aug 25 15:08:30 witherspoon kernel: i2c controller registered, irq 16
Aug 25 15:08:30 witherspoon kernel: clocksource: moxart_timer: mask: 0xffffffff max_cycles: 0xffffffff, max_idle_ns: 77222644334 ns
Aug 25 15:08:30 witherspoon kernel: sched_clock: 32 bits at 100 Hz, resolution 10000000ns, wraps every 21474836475000000ns
Aug 25 15:08:30 witherspoon kernel: Calibrating delay loop... 789.70 BogoMIPS (lpj=3948544)
Aug 25 15:08:30 witherspoon kernel: pid_max: default: 32768 minimum: 301
Aug 25 15:08:30 witherspoon kernel: Mount-cache hash table entries: 1024 (order: 0, 4096 bytes)
Aug 25 15:08:30 witherspoon kernel: Mountpoint-cache hash table entries: 1024 (order: 0, 4096 bytes)
Aug 25 15:08:30 witherspoon kernel: CPU: Testing write buffer coherency: ok
Aug 25 15:08:30 witherspoon kernel: ftrace: allocating 14972 entries in 44 pages
Aug 25 15:08:30 witherspoon kernel: Setting up static identity map for 0x80008200 - 0x8000825c
Aug 25 15:08:30 witherspoon kernel: devtmpfs: initialized
Aug 25 15:08:30 witherspoon kernel: clocksource: jiffies: mask: 0xffffffff max_cycles: 0xffffffff, max_idle_ns: 19112604462750000 ns
Aug 25 15:08:30 witherspoon kernel: futex hash table entries: 256 (order: -1, 3072 bytes)
Aug 25 15:08:30 witherspoon kernel: pinctrl core: initialized pinctrl subsystem
Aug 25 15:08:30 witherspoon kernel: NET: Registered protocol family 16
Aug 25 15:08:30 witherspoon kernel: DMA: preallocated 256 KiB pool for atomic coherent allocations
Aug 25 15:08:30 witherspoon kernel: usbcore: registered new interface driver usbfs
Aug 25 15:08:30 witherspoon kernel: usbcore: registered new interface driver hub
Aug 25 15:08:30 witherspoon kernel: usbcore: registered new device driver usb
Aug 25 15:08:30 witherspoon kernel: clocksource: Switched to clocksource moxart_timer
Aug 25 15:08:30 witherspoon kernel: NET: Registered protocol family 2
Aug 25 15:08:30 witherspoon kernel: TCP established hash table entries: 4096 (order: 2, 16384 bytes)
Aug 25 15:08:30 witherspoon kernel: TCP bind hash table entries: 4096 (order: 2, 16384 bytes)
Aug 25 15:08:30 witherspoon kernel: TCP: Hash tables configured (established 4096 bind 4096)
Aug 25 15:08:30 witherspoon kernel: UDP hash table entries: 256 (order: 0, 4096 bytes)
Aug 25 15:08:30 witherspoon kernel: UDP-Lite hash table entries: 256 (order: 0, 4096 bytes)
Aug 25 15:08:30 witherspoon kernel: NET: Registered protocol family 1
Aug 25 15:08:30 witherspoon kernel: Trying to unpack rootfs image as initramfs...
Aug 25 15:08:30 witherspoon kernel: Freeing initrd memory: 1544K
Aug 25 15:08:30 witherspoon kernel: workingset: timestamp_bits=30 max_order=17 bucket_order=0
Aug 25 15:08:30 witherspoon kernel: squashfs: version 4.0 (2009/01/31) Phillip Lougher
Aug 25 15:08:30 witherspoon kernel: jffs2: version 2.2. (SUMMARY)  © 2001-2006 Red Hat, Inc.
Aug 25 15:08:30 witherspoon kernel: Block layer SCSI generic (bsg) driver version 0.4 loaded (major 250)
Aug 25 15:08:30 witherspoon kernel: io scheduler noop registered
Aug 25 15:08:30 witherspoon kernel: io scheduler deadline registered
Aug 25 15:08:30 witherspoon kernel: io scheduler cfq registered (default)
Aug 25 15:08:30 witherspoon kernel: ipmi-bt-host 1e789140.ibt: Found bt bmc device
Aug 25 15:08:30 witherspoon kernel: ipmi-bt-host 1e789140.ibt: Using IRQ 22
Aug 25 15:08:30 witherspoon kernel: Serial: 8250/16550 driver, 6 ports, IRQ sharing enabled
Aug 25 15:08:30 witherspoon kernel: 1e787000.vuart: ttyS0 at MMIO 0x1e787000 (irq = 22, base_baud = 1500000) is a 16550A
Aug 25 15:08:30 witherspoon kernel: 1e783000.serial: ttyS1 at MMIO 0x1e783000 (irq = 23, base_baud = 1500000) is a 16550A
Aug 25 15:08:30 witherspoon kernel: 1e78d000.serial: ttyS2 at MMIO 0x1e78d000 (irq = 24, base_baud = 1500000) is a 16550A
Aug 25 15:08:30 witherspoon kernel: 1e784000.serial: ttyS4 at MMIO 0x1e784000 (irq = 25, base_baud = 1500000) is a 16550A
Aug 25 15:08:30 witherspoon kernel: console [ttyS4] enabled
Aug 25 15:08:30 witherspoon kernel: timeriomem_rng 1e6e2078.hwrng: 32bits from 0xf00e2078 @ 1us
Aug 25 15:08:30 witherspoon kernel: random: fast init done
Aug 25 15:08:30 witherspoon kernel: brd: module loaded
Aug 25 15:08:30 witherspoon kernel: loop: module loaded
Aug 25 15:08:30 witherspoon kernel: aspeed-lpc-ctrl 1e789080.lpc-ctrl: Loaded at 0x98000000 (0x04000000)
Aug 25 15:08:30 witherspoon kernel: aspeed-smc 1e620000.flash-controller: Using IRQ 18
Aug 25 15:08:30 witherspoon kernel: aspeed-smc 1e620000.flash-controller: DMA support disabled.
Aug 25 15:08:30 witherspoon kernel: aspeed-smc 1e620000.flash-controller: mx25l25635e (32768 Kbytes)
Aug 25 15:08:30 witherspoon kernel: aspeed-smc 1e620000.flash-controller: CE0 window [ 0x20000000 - 0x22000000 ] 32MB
Aug 25 15:08:30 witherspoon kernel: aspeed-smc 1e620000.flash-controller: CE1 window [ 0x22000000 - 0x2a000000 ] 128MB
Aug 25 15:08:30 witherspoon kernel: 5 ofpart partitions found on MTD device bmc
Aug 25 15:08:30 witherspoon kernel: Creating 5 MTD partitions on "bmc":
Aug 25 15:08:30 witherspoon kernel: 0x000000000000-0x000000060000 : "u-boot"
Aug 25 15:08:30 witherspoon kernel: 0x000000060000-0x000000080000 : "u-boot-env"
Aug 25 15:08:30 witherspoon kernel: 0x000000080000-0x0000004c0000 : "kernel"
Aug 25 15:08:30 witherspoon kernel: 0x0000004c0000-0x000001c00000 : "rofs"
Aug 25 15:08:30 witherspoon kernel: 0x000001c00000-0x000002000000 : "rwfs"
Aug 25 15:08:30 witherspoon kernel: aspeed-smc 1e620000.flash-controller: mx25l25635e (32768 Kbytes)
Aug 25 15:08:30 witherspoon kernel: aspeed-smc 1e620000.flash-controller: CE1 window [ 0x22000000 - 0x24000000 ] 32MB
Aug 25 15:08:30 witherspoon kernel: aspeed-smc 1e620000.flash-controller: CE2 window [ 0x24000000 - 0x2c000000 ] 128MB
Aug 25 15:08:30 witherspoon kernel: aspeed-smc 1e630000.flash-controller: mx66l1g45g (131072 Kbytes)
Aug 25 15:08:30 witherspoon kernel: aspeed-smc 1e630000.flash-controller: CE0 window resized to 120MB (AST2500 HW quirk)
Aug 25 15:08:30 witherspoon kernel: aspeed-smc 1e630000.flash-controller: CE0 window [ 0x30000000 - 0x37800000 ] 120MB
Aug 25 15:08:30 witherspoon kernel: aspeed-smc 1e630000.flash-controller: CE0 window too small for chip 128MB
Aug 25 15:08:30 witherspoon kernel: aspeed-smc 1e630000.flash-controller: CE1 window [ 0x37800000 - 0x38000000 ] 8MB
Aug 25 15:08:30 witherspoon kernel: libphy: Fixed MDIO Bus: probed
Aug 25 15:08:30 witherspoon kernel: ftgmac100 1e660000.ethernet: Read MAC address 70:e2:84:14:28:a9 from chip
Aug 25 15:08:30 witherspoon kernel: ftgmac100 1e660000.ethernet: Using NCSI interface
Aug 25 15:08:30 witherspoon kernel: ftgmac100 1e660000.ethernet eth0: irq 20, mapped at f0060000
Aug 25 15:08:30 witherspoon kernel: ehci_hcd: USB 2.0 'Enhanced' Host Controller (EHCI) Driver
Aug 25 15:08:30 witherspoon kernel: ehci-platform: EHCI generic platform driver
Aug 25 15:08:30 witherspoon kernel:  fsi0: can't read slave 00:00 -5
Aug 25 15:08:30 witherspoon kernel: i2c /dev entries driver
Aug 25 15:08:30 witherspoon kernel: aspeed-i2c-bus 1e78a0c0.i2c-bus: i2c bus 2 registered, irq 26
Aug 25 15:08:30 witherspoon kernel: aspeed-i2c-bus 1e78a100.i2c-bus: i2c bus 3 registered, irq 27
Aug 25 15:08:30 witherspoon kernel: aspeed-i2c-bus 1e78a140.i2c-bus: i2c bus 4 registered, irq 28
Aug 25 15:08:30 witherspoon kernel: aspeed-i2c-bus 1e78a180.i2c-bus: i2c bus 5 registered, irq 29
Aug 25 15:08:30 witherspoon kernel: aspeed-i2c-bus 1e78a380.i2c-bus: i2c bus 9 registered, irq 30
Aug 25 15:08:30 witherspoon kernel: aspeed-i2c-bus 1e78a3c0.i2c-bus: i2c bus 10 registered, irq 31
Aug 25 15:08:30 witherspoon kernel: rtc-rv8803 11-0032: Voltage low, temperature compensation stopped.
Aug 25 15:08:30 witherspoon kernel: rtc-rv8803 11-0032: rtc core: registered rx8900 as rtc0
Aug 25 15:08:30 witherspoon kernel: at24 11-0051: 8192 byte 24c64 EEPROM, writable, 1 bytes/write
Aug 25 15:08:30 witherspoon kernel: aspeed-i2c-bus 1e78a400.i2c-bus: i2c bus 11 registered, irq 32
Aug 25 15:08:30 witherspoon kernel: aspeed-i2c-bus 1e78a440.i2c-bus: i2c bus 12 registered, irq 33
Aug 25 15:08:30 witherspoon kernel: aspeed-i2c-bus 1e78a480.i2c-bus: i2c bus 13 registered, irq 34
Aug 25 15:08:30 witherspoon kernel: Driver for 1-wire Dallas network protocol.
Aug 25 15:08:30 witherspoon kernel: lm75 9-004a: hwmon0: sensor 'tmp275'
Aug 25 15:08:30 witherspoon kernel: random: crng init done
Aug 25 15:08:30 witherspoon kernel: ucd9000 11-0064: Device ID UCD90160|2.3.4.0000|110603
Aug 25 15:08:30 witherspoon kernel: leds-pca955x 3-0060: leds-pca955x: Using pca9552 16-bit LED driver at slave address 0x60
Aug 25 15:08:30 witherspoon kernel: leds-pca955x 3-0060: gpios 264...279
Aug 25 15:08:30 witherspoon kernel: leds-pca955x 11-0060: leds-pca955x: Using pca9552 16-bit LED driver at slave address 0x60
Aug 25 15:08:30 witherspoon kernel: leds-pca955x 11-0060: gpios 248...263
Aug 25 15:08:31 witherspoon kernel: usbcore: registered new interface driver usbhid
Aug 25 15:08:31 witherspoon kernel: usbhid: USB HID core driver
Aug 25 15:08:31 witherspoon kernel: dps310 3-0076: iio:device1: sensor 'dps310'
Aug 25 15:08:31 witherspoon kernel: NET: Registered protocol family 10
Aug 25 15:08:31 witherspoon kernel: Segment Routing with IPv6
Aug 25 15:08:31 witherspoon kernel: NET: Registered protocol family 17
Aug 25 15:08:31 witherspoon kernel: 8021q: 802.1Q VLAN Support v1.8
Aug 25 15:08:31 witherspoon kernel: input: gpio-keys-polled as /devices/platform/gpio-keys-polled/input/input1
Aug 25 15:08:31 witherspoon kernel: console [netcon0] enabled
Aug 25 15:08:31 witherspoon kernel: netconsole: network logging started
Aug 25 15:08:31 witherspoon kernel: input: gpio-keys as /devices/platform/gpio-keys/input/input2
Aug 25 15:08:31 witherspoon kernel: rtc-rv8803 11-0032: setting system clock to 2017-08-25 15:08:23 UTC (1503673703)
Aug 25 15:08:31 witherspoon kernel: Freeing unused kernel memory: 280K
Aug 25 15:08:31 witherspoon kernel: This architecture does not have kernel memory protection.
Aug 25 15:08:31 witherspoon kernel: jffs2: notice: (540) jffs2_build_xattr_subsystem: complete building xattr subsystem, 1 of xdatum (1 unchecked, 0 orphan) and 13 of xref (0 dead, 3 orphan) found.
Aug 25 15:08:31 witherspoon systemd[1]: Failed to insert module 'autofs4': No such file or directory
Aug 25 15:08:31 witherspoon systemd[1]: systemd 232 running in system mode. (+PAM -AUDIT -SELINUX -IMA -APPARMOR -SMACK +SYSVINIT -UTMP -LIBCRYPTSETUP -GCRYPT -GNUTLS +ACL +XZ -LZ4 -SECCOMP +BLKID -ELFUTILS +KMOD -IDN)
Aug 25 15:08:31 witherspoon systemd[1]: Detected architecture arm.
Aug 25 15:08:31 witherspoon systemd[1]: Set hostname to <witherspoon>.
Aug 25 15:08:31 witherspoon systemd[1]: [/lib/systemd/system/obmc-flash-bios-updatesymlinks.service:9] Unknown lvalue 'WantedBy' in section 'Service'
Aug 25 15:08:31 witherspoon systemd[1]: Reached target Swap.
Aug 25 15:08:31 witherspoon systemd[1]: Listening on /dev/initctl Compatibility Named Pipe.
Aug 25 15:08:31 witherspoon systemd[1]: Listening on Journal Socket.
Aug 25 15:08:31 witherspoon systemd[1]: Started Dispatch Password Requests to Console Directory Watch.
Aug 25 15:08:31 witherspoon systemd[1]: Listening on Journal Socket (/dev/log).
Aug 25 15:08:31 witherspoon systemd[1]: Listening on Network Service Netlink Socket.
Aug 25 15:08:31 witherspoon systemd-journald[562]: Journal started
Aug 25 15:08:31 witherspoon systemd-journald[562]: Runtime journal (/run/log/journal/12c6a00ebfdd479284cf09f39d1bc042) is 0B, max 0B, 0B free.
Aug 25 15:08:31 witherspoon systemd-sysctl[560]: Couldn't write '16' to 'kernel/sysrq', ignoring: No such file or directory
Aug 25 15:08:31 witherspoon systemd-sysctl[560]: Couldn't write 'fq_codel' to 'net/core/default_qdisc', ignoring: No such file or directory
Aug 25 15:08:31 witherspoon systemd[1]: Started Apply Kernel Variables.
Aug 25 15:08:31 witherspoon systemd[1]: Started Remount Root and Kernel File Systems.
Aug 25 15:08:31 witherspoon systemd[1]: Starting Create Static Device Nodes in /dev...
Aug 25 15:08:31 witherspoon systemd[1]: Starting Flush Journal to Persistent Storage...
Aug 25 15:08:31 witherspoon systemd-journald[562]: Runtime journal (/run/log/journal/12c6a00ebfdd479284cf09f39d1bc042) is 0B, max 0B, 0B free.
Aug 25 15:08:31 witherspoon systemd[1]: Started Flush Journal to Persistent Storage.
Aug 25 15:08:31 witherspoon systemd[1]: Started Create Static Device Nodes in /dev.
Aug 25 15:08:31 witherspoon systemd[1]: Starting udev Kernel Device Manager...
Aug 25 15:08:32 witherspoon systemd[1]: Reached target Local File Systems (Pre).
Aug 25 15:08:32 witherspoon systemd[1]: Mounting /var/volatile...
Aug 25 15:08:32 witherspoon systemd[1]: Mounting /usr/local...
Aug 25 15:08:32 witherspoon systemd[1]: Mounted /usr/local.
Aug 25 15:08:32 witherspoon systemd[1]: Mounted /var/volatile.
Aug 25 15:08:32 witherspoon systemd[1]: Starting Load/Save Random Seed...
Aug 25 15:08:32 witherspoon systemd[1]: Reached target Local File Systems.
Aug 25 15:08:32 witherspoon systemd[1]: Starting Create Volatile Files and Directories...
Aug 25 15:08:32 witherspoon systemd[1]: Started Load/Save Random Seed.
Aug 25 15:08:32 witherspoon systemd-tmpfiles[686]: "/var/tmp" already exists and is not a directory.
Aug 25 15:08:32 witherspoon systemd-tmpfiles[686]: "/var/log" already exists and is not a directory.
Aug 25 15:08:32 witherspoon systemd[1]: Started Create Volatile Files and Directories.
Aug 25 15:08:32 witherspoon systemd[1]: Starting Network Time Synchronization...
Aug 25 15:08:33 witherspoon systemd[1]: Started udev Kernel Device Manager.
Aug 25 15:08:35 witherspoon systemd[1]: Started udev Coldplug all Devices.
Aug 25 15:08:35 witherspoon systemd[1]: Started Network Time Synchronization.
Aug 25 15:08:35 witherspoon systemd[1]: Found device /dev/aspeed-lpc-ctrl.
Aug 25 15:08:35 witherspoon systemd[1]: Found device /dev/aspeed-mbox.
Aug 25 15:08:35 witherspoon systemd[1]: Found device /dev/ttyS4.
Aug 25 15:08:35 witherspoon systemd[1]: Found device /dev/ttyVUART0.
Aug 25 15:08:36 witherspoon systemd[1]: Created slice system-xyz.openbmc_project.led.controller.slice.
Aug 25 15:08:36 witherspoon systemd[1]: dev-hugepages.mount: Couldn't determine result for ConditionVirtualization=!private-users, assuming failed: No such file or directory
Aug 25 15:08:36 witherspoon systemd[1]: Created slice system-xyz.openbmc_project.Hwmon.slice.
Aug 25 15:08:36 witherspoon systemd[1]: Reached target System Time Synchronized.
Aug 25 15:08:36 witherspoon systemd[1]: Reached target System Initialization.
Aug 25 15:08:36 witherspoon systemd[1]: Listening on Phosphor DBUS Browser socket.
Aug 25 15:08:36 witherspoon systemd[1]: Listening on Phosphor Webserver socket.
Aug 25 15:08:36 witherspoon systemd[1]: Listening on D-Bus System Message Bus Socket.
Aug 25 15:08:36 witherspoon systemd[1]: Listening on Avahi mDNS/DNS-SD Stack Activation Socket.
Aug 25 15:08:36 witherspoon systemd[1]: Listening on phosphor-ipmi-net.socket.
Aug 25 15:08:36 witherspoon systemd[1]: Started Daily Cleanup of Temporary Directories.
Aug 25 15:08:37 witherspoon systemd[1]: Reached target Timers.
Aug 25 15:08:37 witherspoon systemd[1]: Listening on dropbear.socket.
Aug 25 15:08:37 witherspoon systemd[1]: Listening on Phosphor Host Console SSH Per-Connection socket.
Aug 25 15:08:37 witherspoon systemd[1]: Reached target Sockets.
Aug 25 15:08:37 witherspoon systemd[1]: Reached target Basic System.
Aug 25 15:08:37 witherspoon systemd[1]: Started D-Bus System Message Bus.
Aug 25 15:08:37 witherspoon systemd[1]: Starting Network Service...
Aug 25 15:08:37 witherspoon systemd[1]: Started Hardware RNG Entropy Gatherer Daemon.
Aug 25 15:08:38 witherspoon systemd[1]: Started Phosphor sysfs LED controller.
Aug 25 15:08:38 witherspoon systemd[1]: Started Phosphor sysfs LED controller.
Aug 25 15:08:38 witherspoon systemd[1]: Starting Phosphor Download Manager...
Aug 25 15:08:38 witherspoon systemd[1]: Started Phosphor sysfs LED controller.
Aug 25 15:08:38 witherspoon systemd[1]: Starting Phosphor IPMI BT DBus Bridge...
Aug 25 15:08:38 witherspoon systemd[1]: Started Phosphor sysfs LED controller.
Aug 25 15:08:38 witherspoon systemd[1]: Started Phosphor sysfs LED controller.
Aug 25 15:08:38 witherspoon systemd[1]: Started System Logging Service.
Aug 25 15:08:38 witherspoon systemd[1]: Reached target Containers.
Aug 25 15:08:38 witherspoon systemd[1]: Starting Remount the squashfs and ubi volumes after a reboot...
Aug 25 15:08:38 witherspoon systemd[1]: Starting Phosphor Log Manager...
Aug 25 15:08:38 witherspoon systemd[1]: Starting Avahi mDNS/DNS-SD Stack...
Aug 25 15:08:38 witherspoon systemd[1]: Started Kernel Logging Service.
Aug 25 15:08:38 witherspoon systemd[1]: Started Phosphor Console Muxer listening on device /dev/ttyVUART0.
Aug 25 15:08:38 witherspoon systemd[1]: Starting Clear one time boot overrides...
Aug 25 15:08:38 witherspoon systemd[1]: Starting Phosphor Inventory Manager...
Aug 25 15:08:39 witherspoon systemd[1]: Starting Phosphor Chassis0 Control...
Aug 25 15:08:39 witherspoon systemd[1]: Starting Phosphor LED Group Management Daemon...
Aug 25 15:08:39 witherspoon systemd[1]: Started Phosphor sysfs LED controller.
Aug 25 15:08:39 witherspoon systemd[1]: Starting OpenBMC Software Update Manager...
Aug 25 15:08:39 witherspoon systemd[1]: Starting Phosphor Settings Daemon...
Aug 25 15:08:39 witherspoon systemd[1]: Started Phosphor sysfs LED controller.
Aug 25 15:08:39 witherspoon systemd[1]: Starting Updates symlinks for active PNOR version...
Aug 25 15:08:39 witherspoon systemd[1]: Started Phosphor sysfs LED controller.
Aug 25 15:08:39 witherspoon systemd[1]: Started Phosphor sysfs LED controller.
Aug 25 15:08:39 witherspoon systemd[1]: Starting Phosphor Sensor Manager...
Aug 25 15:08:39 witherspoon systemd[1]: Started Phosphor sysfs LED controller.
Aug 25 15:08:39 witherspoon systemd[1]: Starting Phosphor DBus Service Discovery Manager...
Aug 25 15:08:39 witherspoon systemd[1]: Starting Phosphor BMC0 Control...
Aug 25 15:08:39 witherspoon systemd-networkd[948]: Could not create runtime directory: File exists
Aug 25 15:08:39 witherspoon systemd-networkd[948]: Could not create runtime directory 'links': File exists
Aug 25 15:08:39 witherspoon systemd-networkd[948]: Could not create runtime directory 'leases': File exists
Aug 25 15:08:39 witherspoon systemd[1]: Starting Phosphor Download Manager...
Aug 25 15:08:40 witherspoon systemd[1]: Started Phosphor Dump core monitor..
Aug 25 15:08:40 witherspoon systemd[1]: Starting Phosphor Dump Manager...
Aug 25 15:08:42 witherspoon kernel: ubi7: default fastmap pool size: 100
Aug 25 15:08:42 witherspoon kernel: ubi7: default fastmap WL pool size: 50
Aug 25 15:08:42 witherspoon kernel: ubi7: attaching mtd7
Aug 25 15:08:40 witherspoon systemd[1]: Starting Phosphor User Manager...
Aug 25 15:08:40 witherspoon systemd[1]: Starting Phosphor Inventory Manager...
Aug 25 15:08:40 witherspoon systemd[1]: Starting Phosphor Network Manager...
Aug 25 15:08:40 witherspoon systemd[1]: Started Clear one time boot overrides.
Aug 25 15:08:41 witherspoon systemd[1]: Started Phosphor IPMI BT DBus Bridge.
Aug 25 15:08:43 witherspoon kernel: 8021q: adding VLAN 0 to HW filter on device eth0
Aug 25 15:08:43 witherspoon kernel: ubi7: scanning is finished
Aug 25 15:08:43 witherspoon kernel: ubi7: attached mtd7 (name "pnor", size 128 MiB)
Aug 25 15:08:43 witherspoon kernel: ubi7: PEB size: 65536 bytes (64 KiB), LEB size: 65408 bytes
Aug 25 15:08:43 witherspoon kernel: ubi7: min./max. I/O unit sizes: 1/256, sub-page size 1
Aug 25 15:08:43 witherspoon kernel: ubi7: VID header offset: 64 (aligned 64), data offset: 128
Aug 25 15:08:43 witherspoon kernel: ubi7: good PEBs: 2048, bad PEBs: 0, corrupted PEBs: 0
Aug 25 15:08:43 witherspoon kernel: ubi7: user volume: 4, internal volumes: 1, max. volumes count: 128
Aug 25 15:08:43 witherspoon kernel: ubi7: max/mean erase counter: 2/0, WL threshold: 4096, image sequence number: 605829288
Aug 25 15:08:43 witherspoon kernel: ubi7: available PEBs: 1110, total reserved PEBs: 938, PEBs reserved for bad PEB handling: 0
Aug 25 15:08:43 witherspoon kernel: ubi7: background thread "ubi_bgt7d" started, PID 1005
Aug 25 15:08:42 witherspoon kernel[961]: klogd started: BusyBox v1.24.1 (2017-06-16 19:28:48 UTC)
Aug 25 15:08:42 witherspoon systemd-networkd[948]: Enumeration completed
Aug 25 15:08:42 witherspoon kernel[961]: [    0.000000] Booting Linux on physical CPU 0x0
Aug 25 15:08:42 witherspoon systemd[1]: Started Network Service.
Aug 25 15:08:42 witherspoon kernel[961]: [    0.000000] Linux version 4.10.17-1a4df30c39cf5ee0e3d2528c409787ccbb4a672a (jenkins@openbmc-builder2) (gcc version 6.2.0 (GCC) ) #1 Fri Aug 25 14:50:19 UTC 2017
Aug 25 15:08:42 witherspoon systemd[1]: Reached target Network.
Aug 25 15:08:42 witherspoon kernel[961]: [    0.000000] CPU: ARMv6-compatible processor [410fb767] revision 7 (ARMv7), cr=00c5387d
Aug 25 15:08:44 witherspoon obmc-flash-bios[958]: UBI device number 7, total 2048 LEBs (133955584 bytes, 127.8 MiB), available 1110 LEBs (72602880 bytes, 69.2 MiB), LEB size 65408 bytes (63.9 KiB)
Aug 25 15:08:42 witherspoon systemd[1]: Started Lightweight SLP Server.
Aug 25 15:08:42 witherspoon kernel[961]: [    0.000000] CPU: PIPT / VIPT nonaliasing data cache, VIPT nonaliasing instruction cache
Aug 25 15:08:42 witherspoon systemd-networkd[948]: eth0: IPv6 enabled for interface: Success
Aug 25 15:08:42 witherspoon kernel[961]: [    0.000000] OF: fdt:Machine model: Witherspoon BMC
Aug 25 15:08:42 witherspoon systemd[1]: Starting Permit User Sessions...
Aug 25 15:08:42 witherspoon kernel[961]: [    0.000000] Memory policy: Data cache writeback
Aug 25 15:08:42 witherspoon systemd-networkd[948]: eth0: Gained carrier
Aug 25 15:08:42 witherspoon kernel[961]: [    0.000000] SOC Rev: 04030303
Aug 25 15:08:42 witherspoon systemd-timesyncd[690]: Network configuration changed, trying to establish connection.
Aug 25 15:08:42 witherspoon kernel[961]: [    0.000000] On node 0 totalpages: 110592
Aug 25 15:08:43 witherspoon systemd[1]: Started Avahi mDNS/DNS-SD Stack.
Aug 25 15:08:42 witherspoon kernel[961]: [    0.000000] free_area_init_node: node 0, pgdat 80601864, node_mem_map 9ec1a000
Aug 25 15:08:44 witherspoon systemd[1]: Started Phosphor Dump Manager.
Aug 25 15:08:42 witherspoon kernel[961]: [    0.000000]   Normal zone: 992 pages used for memmap
Aug 25 15:08:44 witherspoon systemd[1]: Started Phosphor Download Manager.
Aug 25 15:08:42 witherspoon kernel[961]: [    0.000000]   Normal zone: 0 pages reserved
Aug 25 15:08:44 witherspoon systemd-networkd[948]: eth0: Gained IPv6LL
Aug 25 15:08:42 witherspoon kernel[961]: [    0.000000]   Normal zone: 110592 pages, LIFO batch:31
Aug 25 15:08:44 witherspoon systemd[1]: Started Permit User Sessions.
Aug 25 15:08:42 witherspoon kernel[961]: [    0.000000] pcpu-alloc: s0 r0 d32768 u32768 alloc=1*32768
Aug 25 15:08:44 witherspoon systemd[1]: Started Serial Getty on ttyS4.
Aug 25 15:08:42 witherspoon kernel[961]: [    0.000000] pcpu-alloc: [0] 0
Aug 25 15:08:44 witherspoon systemd[1]: Reached target Login Prompts.
Aug 25 15:08:42 witherspoon kernel[961]: [    0.000000] Built 1 zonelists in Zone order, mobility grouping on.  Total pages: 109600
Aug 25 15:08:44 witherspoon systemd[1]: Started OpenBMC Software Update Manager.
Aug 25 15:08:42 witherspoon kernel[961]: [    0.000000] Kernel command line: console=ttyS4,115200n8 root=/dev/ram rw
Aug 25 15:08:45 witherspoon systemd[1]: Started Phosphor Settings Daemon.
Aug 25 15:08:47 witherspoon kernel: UBIFS (ubi7:0): UBIFS: mounted UBI device 7, volume 0, name "pnor-rw-fd2cbe15"
Aug 25 15:08:47 witherspoon kernel: UBIFS (ubi7:0): LEB size: 65408 bytes (63 KiB), min./max. I/O unit sizes: 8 bytes/256 bytes
Aug 25 15:08:47 witherspoon kernel: UBIFS (ubi7:0): FS size: 16155776 bytes (15 MiB, 247 LEBs), journal size 784896 bytes (0 MiB, 12 LEBs)
Aug 25 15:08:47 witherspoon kernel: UBIFS (ubi7:0): reserved for root: 763076 bytes (745 KiB)
Aug 25 15:08:47 witherspoon kernel: UBIFS (ubi7:0): media format: w5/r0 (latest is w5/r0), UUID 4AF0ADB7-33C0-4F5E-8ACF-D445B878A0EA, small LPT model
Aug 25 15:08:47 witherspoon kernel: UBIFS (ubi7:0): background thread "ubifs_bgt7_0" started, PID 1026
Aug 25 15:08:42 witherspoon kernel[961]: [    0.000000] PID hash table entries: 2048 (order: 1, 8192 bytes)
Aug 25 15:08:47 witherspoon obmc-flash-bios[971]: '/var/lib/phosphor-software-manager/pnor/ro' -> '/media/pnor-ro-136cf504'
Aug 25 15:08:45 witherspoon systemd[1]: Started Phosphor Log Manager.
Aug 25 15:08:42 witherspoon kernel[961]: [    0.000000] Dentry cache hash table entries: 65536 (order: 6, 262144 bytes)
Aug 25 15:08:47 witherspoon obmc-flash-bios[971]: '/var/lib/phosphor-software-manager/pnor/rw' -> '/media/pnor-rw-136cf504'
Aug 25 15:08:45 witherspoon systemd[1]: Started Phosphor Inventory Manager.
Aug 25 15:08:42 witherspoon kernel[961]: [    0.000000] Inode-cache hash table entries: 32768 (order: 5, 131072 bytes)
Aug 25 15:08:45 witherspoon systemd[1]: Started Phosphor LED Group Management Daemon.
Aug 25 15:08:42 witherspoon kernel[961]: [    0.000000] Memory: 430424K/442368K available (4074K kernel code, 281K rwdata, 1196K rodata, 280K init, 111K bss, 11944K reserved, 0K cma-reserved)
Aug 25 15:08:46 witherspoon systemd[1]: Started Updates symlinks for active PNOR version.
Aug 25 15:08:42 witherspoon kernel[961]: [    0.000000] Virtual kernel memory layout:
Aug 25 15:08:42 witherspoon kernel[961]: [    0.000000]     vector  : 0xffff0000 - 0xffff1000   (   4 kB)
Aug 25 15:08:42 witherspoon kernel[961]: [    0.000000]     fixmap  : 0xffc00000 - 0xfff00000   (3072 kB)
Aug 25 15:08:42 witherspoon kernel[961]: [    0.000000]     vmalloc : 0x9f800000 - 0xff800000   (1536 MB)
Aug 25 15:08:42 witherspoon kernel[961]: [    0.000000]     lowmem  : 0x80000000 - 0x9f000000   ( 496 MB)
Aug 25 15:08:42 witherspoon kernel[961]: [    0.000000]       .text : 0x80008000 - 0x80402cb0   (4076 kB)
Aug 25 15:08:42 witherspoon kernel[961]: [    0.000000]       .init : 0x80588000 - 0x805ce000   ( 280 kB)
Aug 25 15:08:42 witherspoon kernel[961]: [    0.000000]       .data : 0x805ce000 - 0x80614710   ( 282 kB)
Aug 25 15:08:42 witherspoon kernel[961]: [    0.000000]        .bss : 0x80614710 - 0x806305b8   ( 112 kB)
Aug 25 15:08:42 witherspoon kernel[961]: [    0.000000] NR_IRQS:16 nr_irqs:16 16
Aug 25 15:08:42 witherspoon kernel[961]: [    0.000000] i2c controller registered, irq 16
Aug 25 15:08:42 witherspoon kernel[961]: [    0.000000] clocksource: moxart_timer: mask: 0xffffffff max_cycles: 0xffffffff, max_idle_ns: 77222644334 ns
Aug 25 15:08:42 witherspoon kernel[961]: [    0.000000] sched_clock: 32 bits at 100 Hz, resolution 10000000ns, wraps every 21474836475000000ns
Aug 25 15:08:42 witherspoon kernel[961]: [    0.090000] Calibrating delay loop... 789.70 BogoMIPS (lpj=3948544)
Aug 25 15:08:42 witherspoon kernel[961]: [    0.090000] pid_max: default: 32768 minimum: 301
Aug 25 15:08:42 witherspoon kernel[961]: [    0.090000] Mount-cache hash table entries: 1024 (order: 0, 4096 bytes)
Aug 25 15:08:42 witherspoon kernel[961]: [    0.090000] Mountpoint-cache hash table entries: 1024 (order: 0, 4096 bytes)
Aug 25 15:08:42 witherspoon kernel[961]: [    0.090000] CPU: Testing write buffer coherency: ok
Aug 25 15:08:42 witherspoon kernel[961]: [    0.090000] ftrace: allocating 14972 entries in 44 pages
Aug 25 15:08:42 witherspoon kernel[961]: [    0.120000] Setting up static identity map for 0x80008200 - 0x8000825c
Aug 25 15:08:42 witherspoon kernel[961]: [    0.120000] devtmpfs: initialized
Aug 25 15:08:42 witherspoon kernel[961]: [    0.140000] clocksource: jiffies: mask: 0xffffffff max_cycles: 0xffffffff, max_idle_ns: 19112604462750000 ns
Aug 25 15:08:42 witherspoon kernel[961]: [    0.140000] futex hash table entries: 256 (order: -1, 3072 bytes)
Aug 25 15:08:42 witherspoon kernel[961]: [    0.140000] pinctrl core: initialized pinctrl subsystem
Aug 25 15:08:42 witherspoon kernel[961]: [    0.140000] NET: Registered protocol family 16
Aug 25 15:08:42 witherspoon kernel[961]: [    0.150000] DMA: preallocated 256 KiB pool for atomic coherent allocations
Aug 25 15:08:42 witherspoon kernel[961]: [    0.220000] usbcore: registered new interface driver usbfs
Aug 25 15:08:42 witherspoon kernel[961]: [    0.220000] usbcore: registered new interface driver hub
Aug 25 15:08:48 witherspoon kernel: ftgmac100 1e660000.ethernet eth0: ncsi: removed vlan tag 0 at index 1
Aug 25 15:08:48 witherspoon kernel: ftgmac100 1e660000.ethernet eth0: ncsi: removed vlan tag 0 at index 2
Aug 25 15:08:48 witherspoon kernel: ftgmac100 1e660000.ethernet eth0: no vlan ids left to set
Aug 25 15:08:48 witherspoon kernel: ftgmac100 1e660000.ethernet eth0: NCSI interface up
Aug 25 15:08:42 witherspoon kernel[961]: [    0.220000] usbcore: registered new device driver usb
Aug 25 15:08:42 witherspoon kernel[961]: [    0.220000] clocksource: Switched to clocksource moxart_timer
Aug 25 15:08:42 witherspoon kernel[961]: [    0.230000] NET: Registered protocol family 2
Aug 25 15:08:42 witherspoon kernel[961]: [    0.230000] TCP established hash table entries: 4096 (order: 2, 16384 bytes)
Aug 25 15:08:42 witherspoon kernel[961]: [    0.230000] TCP bind hash table entries: 4096 (order: 2, 16384 bytes)
Aug 25 15:08:42 witherspoon kernel[961]: [    0.230000] TCP: Hash tables configured (established 4096 bind 4096)
Aug 25 15:08:42 witherspoon kernel[961]: [    0.230000] UDP hash table entries: 256 (order: 0, 4096 bytes)
Aug 25 15:08:42 witherspoon kernel[961]: [    0.230000] UDP-Lite hash table entries: 256 (order: 0, 4096 bytes)
Aug 25 15:08:42 witherspoon kernel[961]: [    0.230000] NET: Registered protocol family 1
Aug 25 15:08:42 witherspoon kernel[961]: [    0.240000] Trying to unpack rootfs image as initramfs...
Aug 25 15:08:42 witherspoon kernel[961]: [    1.910000] Freeing initrd memory: 1544K
Aug 25 15:08:42 witherspoon kernel[961]: [    1.910000] workingset: timestamp_bits=30 max_order=17 bucket_order=0
Aug 25 15:08:42 witherspoon kernel[961]: [    1.910000] squashfs: version 4.0 (2009/01/31) Phillip Lougher
Aug 25 15:08:42 witherspoon kernel[961]: [    1.910000] jffs2: version 2.2. (SUMMARY)  © 2001-2006 Red Hat, Inc.
Aug 25 15:08:42 witherspoon kernel[961]: [    1.910000] Block layer SCSI generic (bsg) driver version 0.4 loaded (major 250)
Aug 25 15:08:42 witherspoon kernel[961]: [    1.910000] io scheduler noop registered
Aug 25 15:08:42 witherspoon kernel[961]: [    1.910000] io scheduler deadline registered
Aug 25 15:08:42 witherspoon kernel[961]: [    1.910000] io scheduler cfq registered (default)
Aug 25 15:08:42 witherspoon kernel[961]: [    2.060000] ipmi-bt-host 1e789140.ibt: Found bt bmc device
Aug 25 15:08:42 witherspoon kernel[961]: [    2.060000] ipmi-bt-host 1e789140.ibt: Using IRQ 22
Aug 25 15:08:42 witherspoon kernel[961]: [    2.060000] Serial: 8250/16550 driver, 6 ports, IRQ sharing enabled
Aug 25 15:08:42 witherspoon kernel[961]: [    2.060000] 1e787000.vuart: ttyS0 at MMIO 0x1e787000 (irq = 22, base_baud = 1500000) is a 16550A
Aug 25 15:08:42 witherspoon kernel[961]: [    2.060000] 1e783000.serial: ttyS1 at MMIO 0x1e783000 (irq = 23, base_baud = 1500000) is a 16550A
Aug 25 15:08:42 witherspoon kernel[961]: [    2.060000] 1e78d000.serial: ttyS2 at MMIO 0x1e78d000 (irq = 24, base_baud = 1500000) is a 16550A
Aug 25 15:08:42 witherspoon kernel[961]: [    2.060000] 1e784000.serial: ttyS4 at MMIO 0x1e784000 (irq = 25, base_baud = 1500000) is a 16550A
Aug 25 15:08:42 witherspoon kernel[961]: [    2.410000] console [ttyS4] enabled
Aug 25 15:08:42 witherspoon kernel[961]: [    2.600000] timeriomem_rng 1e6e2078.hwrng: 32bits from 0xf00e2078 @ 1us
Aug 25 15:08:42 witherspoon kernel[961]: [    2.620000] random: fast init done
Aug 25 15:08:42 witherspoon kernel[961]: [    2.640000] brd: module loaded
Aug 25 15:08:42 witherspoon kernel[961]: [    2.670000] loop: module loaded
Aug 25 15:08:42 witherspoon kernel[961]: [    2.670000] aspeed-lpc-ctrl 1e789080.lpc-ctrl: Loaded at 0x98000000 (0x04000000)
Aug 25 15:08:42 witherspoon kernel[961]: [    2.680000] aspeed-smc 1e620000.flash-controller: Using IRQ 18
Aug 25 15:08:42 witherspoon kernel[961]: [    2.680000] aspeed-smc 1e620000.flash-controller: DMA support disabled.
Aug 25 15:08:42 witherspoon kernel[961]: [    2.700000] aspeed-smc 1e620000.flash-controller: mx25l25635e (32768 Kbytes)
Aug 25 15:08:42 witherspoon kernel[961]: [    2.700000] aspeed-smc 1e620000.flash-controller: CE0 window [ 0x20000000 - 0x22000000 ] 32MB
Aug 25 15:08:42 witherspoon kernel[961]: [    2.700000] aspeed-smc 1e620000.flash-controller: CE1 window [ 0x22000000 - 0x2a000000 ] 128MB
Aug 25 15:08:42 witherspoon kernel[961]: [    2.720000] 5 ofpart partitions found on MTD device bmc
Aug 25 15:08:42 witherspoon kernel[961]: [    2.720000] Creating 5 MTD partitions on "bmc":
Aug 25 15:08:42 witherspoon kernel[961]: [    2.720000] 0x000000000000-0x000000060000 : "u-boot"
Aug 25 15:08:42 witherspoon kernel[961]: [    2.720000] 0x000000060000-0x000000080000 : "u-boot-env"
Aug 25 15:08:42 witherspoon kernel[961]: [    2.760000] 0x000000080000-0x0000004c0000 : "kernel"
Aug 25 15:08:42 witherspoon kernel[961]: [    2.760000] 0x0000004c0000-0x000001c00000 : "rofs"
Aug 25 15:08:42 witherspoon kernel[961]: [    2.780000] 0x000001c00000-0x000002000000 : "rwfs"
Aug 25 15:08:42 witherspoon kernel[961]: [    2.780000] aspeed-smc 1e620000.flash-controller: mx25l25635e (32768 Kbytes)
Aug 25 15:08:42 witherspoon kernel[961]: [    2.790000] aspeed-smc 1e620000.flash-controller: CE1 window [ 0x22000000 - 0x24000000 ] 32MB
Aug 25 15:08:42 witherspoon kernel[961]: [    2.790000] aspeed-smc 1e620000.flash-controller: CE2 window [ 0x24000000 - 0x2c000000 ] 128MB
Aug 25 15:08:42 witherspoon kernel[961]: [    2.820000] aspeed-smc 1e630000.flash-controller: mx66l1g45g (131072 Kbytes)
Aug 25 15:08:42 witherspoon kernel[961]: [    2.820000] aspeed-smc 1e630000.flash-controller: CE0 window resized to 120MB (AST2500 HW quirk)
Aug 25 15:08:42 witherspoon kernel[961]: [    2.830000] aspeed-smc 1e630000.flash-controller: CE0 window [ 0x30000000 - 0x37800000 ] 120MB
Aug 25 15:08:42 witherspoon kernel[961]: [    2.830000] aspeed-smc 1e630000.flash-controller: CE0 window too small for chip 128MB
Aug 25 15:08:42 witherspoon kernel[961]: [    2.830000] aspeed-smc 1e630000.flash-controller: CE1 window [ 0x37800000 - 0x38000000 ] 8MB
Aug 25 15:08:42 witherspoon kernel[961]: [    3.580000] libphy: Fixed MDIO Bus: probed
Aug 25 15:08:42 witherspoon kernel[961]: [    3.580000] ftgmac100 1e660000.ethernet: Read MAC address 70:e2:84:14:28:a9 from chip
Aug 25 15:08:42 witherspoon kernel[961]: [    3.580000] ftgmac100 1e660000.ethernet: Using NCSI interface
Aug 25 15:08:42 witherspoon kernel[961]: [    3.580000] ftgmac100 1e660000.ethernet eth0: irq 20, mapped at f0060000
Aug 25 15:08:42 witherspoon kernel[961]: [    3.580000] ehci_hcd: USB 2.0 'Enhanced' Host Controller (EHCI) Driver
Aug 25 15:08:42 witherspoon kernel[961]: [    3.580000] ehci-platform: EHCI generic platform driver
Aug 25 15:08:42 witherspoon kernel[961]: [    3.830000]  fsi0: can't read slave 00:00 -5
Aug 25 15:08:42 witherspoon kernel[961]: [    3.830000] i2c /dev entries driver
Aug 25 15:08:42 witherspoon kernel[961]: [    3.830000] aspeed-i2c-bus 1e78a0c0.i2c-bus: i2c bus 2 registered, irq 26
Aug 25 15:08:42 witherspoon kernel[961]: [    3.830000] aspeed-i2c-bus 1e78a100.i2c-bus: i2c bus 3 registered, irq 27
Aug 25 15:08:42 witherspoon kernel[961]: [    3.830000] aspeed-i2c-bus 1e78a140.i2c-bus: i2c bus 4 registered, irq 28
Aug 25 15:08:42 witherspoon kernel[961]: [    3.830000] aspeed-i2c-bus 1e78a180.i2c-bus: i2c bus 5 registered, irq 29
Aug 25 15:08:42 witherspoon kernel[961]: [    3.830000] aspeed-i2c-bus 1e78a380.i2c-bus: i2c bus 9 registered, irq 30
Aug 25 15:08:42 witherspoon kernel[961]: [    3.830000] aspeed-i2c-bus 1e78a3c0.i2c-bus: i2c bus 10 registered, irq 31
Aug 25 15:08:42 witherspoon kernel[961]: [    3.830000] rtc-rv8803 11-0032: Voltage low, temperature compensation stopped.
Aug 25 15:08:42 witherspoon kernel[961]: [    3.930000] rtc-rv8803 11-0032: rtc core: registered rx8900 as rtc0
Aug 25 15:08:42 witherspoon kernel[961]: [    3.940000] at24 11-0051: 8192 byte 24c64 EEPROM, writable, 1 bytes/write
Aug 25 15:08:42 witherspoon kernel[961]: [    3.940000] aspeed-i2c-bus 1e78a400.i2c-bus: i2c bus 11 registered, irq 32
Aug 25 15:08:42 witherspoon kernel[961]: [    3.940000] aspeed-i2c-bus 1e78a440.i2c-bus: i2c bus 12 registered, irq 33
Aug 25 15:08:42 witherspoon kernel[961]: [    3.940000] aspeed-i2c-bus 1e78a480.i2c-bus: i2c bus 13 registered, irq 34
Aug 25 15:08:42 witherspoon kernel[961]: [    3.940000] Driver for 1-wire Dallas network protocol.
Aug 25 15:08:42 witherspoon kernel[961]: [    3.940000] lm75 9-004a: hwmon0: sensor 'tmp275'
Aug 25 15:08:42 witherspoon kernel[961]: [    4.020000] random: crng init done
Aug 25 15:08:42 witherspoon kernel[961]: [    5.650000] ucd9000 11-0064: Device ID UCD90160|2.3.4.0000|110603
Aug 25 15:08:42 witherspoon kernel[961]: [    6.320000] leds-pca955x 3-0060: leds-pca955x: Using pca9552 16-bit LED driver at slave address 0x60
Aug 25 15:08:42 witherspoon kernel[961]: [    6.340000] leds-pca955x 3-0060: gpios 264...279
Aug 25 15:08:42 witherspoon kernel[961]: [    6.340000] leds-pca955x 11-0060: leds-pca955x: Using pca9552 16-bit LED driver at slave address 0x60
Aug 25 15:08:42 witherspoon kernel[961]: [    6.350000] leds-pca955x 11-0060: gpios 248...263
Aug 25 15:08:42 witherspoon kernel[961]: [    6.360000] usbcore: registered new interface driver usbhid
Aug 25 15:08:42 witherspoon kernel[961]: [    6.360000] usbhid: USB HID core driver
Aug 25 15:08:42 witherspoon kernel[961]: [    6.390000] dps310 3-0076: iio:device1: sensor 'dps310'
Aug 25 15:08:42 witherspoon kernel[961]: [    6.390000] NET: Registered protocol family 10
Aug 25 15:08:42 witherspoon kernel[961]: [    6.400000] Segment Routing with IPv6
Aug 25 15:08:42 witherspoon kernel[961]: [    6.400000] NET: Registered protocol family 17
Aug 25 15:08:42 witherspoon kernel[961]: [    6.400000] 8021q: 802.1Q VLAN Support v1.8
Aug 25 15:08:42 witherspoon kernel[961]: [    6.420000] input: gpio-keys-polled as /devices/platform/gpio-keys-polled/input/input1
Aug 25 15:08:42 witherspoon kernel[961]: [    6.450000] console [netcon0] enabled
Aug 25 15:08:42 witherspoon kernel[961]: [    6.450000] netconsole: network logging started
Aug 25 15:08:42 witherspoon kernel[961]: [    6.460000] input: gpio-keys as /devices/platform/gpio-keys/input/input2
Aug 25 15:08:42 witherspoon kernel[961]: [    6.470000] rtc-rv8803 11-0032: setting system clock to 2017-08-25 15:08:23 UTC (1503673703)
Aug 25 15:08:42 witherspoon kernel[961]: [    6.480000] Freeing unused kernel memory: 280K
Aug 25 15:08:42 witherspoon kernel[961]: [    6.480000] This architecture does not have kernel memory protection.
Aug 25 15:08:42 witherspoon kernel[961]: [    8.160000] jffs2: notice: (540) jffs2_build_xattr_subsystem: complete building xattr subsystem, 1 of xdatum (1 unchecked, 0 orphan) and 13 of xref (0 dead, 3 orphan) found.
Aug 25 15:08:43 witherspoon kernel[961]: [   10.270000] systemd[1]: Failed to insert module 'autofs4': No such file or directory
Aug 25 15:08:43 witherspoon kernel[961]: [   10.470000] systemd[1]: systemd 232 running in system mode. (+PAM -AUDIT -SELINUX -IMA -APPARMOR -SMACK +SYSVINIT -UTMP -LIBCRYPTSETUP -GCRYPT -GNUTLS +ACL +XZ -LZ4 -SECCOMP +BLKID -ELFUTILS +KMOD -IDN)
Aug 25 15:08:43 witherspoon kernel[961]: [   10.470000] systemd[1]: Detected architecture arm.
Aug 25 15:08:43 witherspoon kernel[961]: [   10.570000] systemd[1]: Set hostname to <witherspoon>.
Aug 25 15:08:43 witherspoon kernel[961]: [   11.740000] systemd[1]: [/lib/systemd/system/obmc-flash-bios-updatesymlinks.service:9] Unknown lvalue 'WantedBy' in section 'Service'
Aug 25 15:08:43 witherspoon kernel[961]: [   12.150000] systemd[1]: Reached target Swap.
Aug 25 15:08:43 witherspoon kernel[961]: [   12.270000] systemd[1]: Listening on /dev/initctl Compatibility Named Pipe.
Aug 25 15:08:43 witherspoon kernel[961]: [   12.310000] systemd[1]: Listening on Journal Socket.
Aug 25 15:08:43 witherspoon kernel[961]: [   12.350000] systemd[1]: Started Dispatch Password Requests to Console Directory Watch.
Aug 25 15:08:43 witherspoon kernel[961]: [   12.390000] systemd[1]: Listening on Journal Socket (/dev/log).
Aug 25 15:08:43 witherspoon kernel[961]: [   12.430000] systemd[1]: Listening on Network Service Netlink Socket.
Aug 25 15:08:43 witherspoon kernel[961]: [   14.710000] systemd-journald[562]: Received request to flush runtime journal from PID 1
Aug 25 15:08:43 witherspoon kernel[961]: [   24.970000] ubi7: default fastmap pool size: 100
Aug 25 15:08:43 witherspoon kernel[961]: [   24.970000] ubi7: default fastmap WL pool size: 50
Aug 25 15:08:43 witherspoon kernel[961]: [   24.970000] ubi7: attaching mtd7
Aug 25 15:08:43 witherspoon kernel[961]: [   25.740000] 8021q: adding VLAN 0 to HW filter on device eth0
Aug 25 15:08:43 witherspoon kernel[961]: [   25.880000] ubi7: scanning is finished
Aug 25 15:08:43 witherspoon kernel[961]: [   26.150000] ubi7: attached mtd7 (name "pnor", size 128 MiB)
Aug 25 15:08:43 witherspoon kernel[961]: [   26.150000] ubi7: PEB size: 65536 bytes (64 KiB), LEB size: 65408 bytes
Aug 25 15:08:43 witherspoon kernel[961]: [   26.150000] ubi7: min./max. I/O unit sizes: 1/256, sub-page size 1
Aug 25 15:08:43 witherspoon kernel[961]: [   26.150000] ubi7: VID header offset: 64 (aligned 64), data offset: 128
Aug 25 15:08:43 witherspoon kernel[961]: [   26.150000] ubi7: good PEBs: 2048, bad PEBs: 0, corrupted PEBs: 0
Aug 25 15:08:43 witherspoon kernel[961]: [   26.150000] ubi7: user volume: 4, internal volumes: 1, max. volumes count: 128
Aug 25 15:08:43 witherspoon kernel[961]: [   26.150000] ubi7: max/mean erase counter: 2/0, WL threshold: 4096, image sequence number: 605829288
Aug 25 15:08:43 witherspoon kernel[961]: [   26.210000] ubi7: available PEBs: 1110, total reserved PEBs: 938, PEBs reserved for bad PEB handling: 0
Aug 25 15:08:43 witherspoon kernel[961]: [   26.210000] ubi7: background thread "ubi_bgt7d" started, PID 1005
Aug 25 15:08:43 witherspoon avahi-daemon[960]: Found user 'avahi' (UID 999) and group 'avahi' (GID 999).
Aug 25 15:08:43 witherspoon avahi-daemon[960]: Successfully dropped root privileges.
Aug 25 15:08:43 witherspoon avahi-daemon[960]: avahi-daemon 0.6.32 starting up.
Aug 25 15:08:51 witherspoon systemd[1]: Started Phosphor BMC0 Control.
Aug 25 15:08:44 witherspoon avahi-daemon[960]: Successfully called chroot().
Aug 25 15:08:44 witherspoon avahi-daemon[960]: Successfully dropped remaining capabilities.
Aug 25 15:08:44 witherspoon avahi-daemon[960]: Loading service file /services/obmc_console.service.
Aug 25 15:08:45 witherspoon avahi-daemon[960]: Loading service file /services/phosphor_rest.service.
Aug 25 15:08:46 witherspoon avahi-daemon[960]: Loading service file /services/sftp-ssh.service.
Aug 25 15:08:46 witherspoon avahi-daemon[960]: Loading service file /services/sftp.service.
Aug 25 15:08:46 witherspoon avahi-daemon[960]: Loading service file /services/ssh.service.
Aug 25 15:08:46 witherspoon avahi-daemon[960]: Joining mDNS multicast group on interface eth0.IPv6 with address fe80::72e2:84ff:fe14:28a9.
Aug 25 15:08:46 witherspoon avahi-daemon[960]: New relevant interface eth0.IPv6 for mDNS.
Aug 25 15:08:46 witherspoon avahi-daemon[960]: Joining mDNS multicast group on interface eth0.IPv4 with address 9.3.21.61.
Aug 25 15:08:46 witherspoon avahi-daemon[960]: New relevant interface eth0.IPv4 for mDNS.
Aug 25 15:08:46 witherspoon avahi-daemon[960]: Network interface enumeration completed.
Aug 25 15:08:46 witherspoon avahi-daemon[960]: Registering new address record for fe80::72e2:84ff:fe14:28a9 on eth0.*.
Aug 25 15:08:46 witherspoon avahi-daemon[960]: Registering new address record for 9.3.21.61 on eth0.IPv4.
Aug 25 15:08:46 witherspoon kernel[961]: [   29.130000] UBIFS (ubi7:0): UBIFS: mounted UBI device 7, volume 0, name "pnor-rw-fd2cbe15"
Aug 25 15:08:46 witherspoon kernel[961]: [   29.130000] UBIFS (ubi7:0): LEB size: 65408 bytes (63 KiB), min./max. I/O unit sizes: 8 bytes/256 bytes
Aug 25 15:08:46 witherspoon kernel[961]: [   29.130000] UBIFS (ubi7:0): FS size: 16155776 bytes (15 MiB, 247 LEBs), journal size 784896 bytes (0 MiB, 12 LEBs)
Aug 25 15:08:46 witherspoon kernel[961]: [   29.130000] UBIFS (ubi7:0): reserved for root: 763076 bytes (745 KiB)
Aug 25 15:08:46 witherspoon kernel[961]: [   29.130000] UBIFS (ubi7:0): media format: w5/r0 (latest is w5/r0), UUID 4AF0ADB7-33C0-4F5E-8ACF-D445B878A0EA, small LPT model
Aug 25 15:08:46 witherspoon kernel[961]: [   29.130000] UBIFS (ubi7:0): background thread "ubifs_bgt7_0" started, PID 1026
Aug 25 15:08:47 witherspoon avahi-daemon[960]: Server startup complete. Host name is witherspoon.local. Local service cookie is 3374256056.
Aug 25 15:08:47 witherspoon kernel[961]: [   30.750000] ftgmac100 1e660000.ethernet eth0: ncsi: removed vlan tag 0 at index 1
Aug 25 15:08:47 witherspoon kernel[961]: [   30.750000] ftgmac100 1e660000.ethernet eth0: ncsi: removed vlan tag 0 at index 2
Aug 25 15:08:47 witherspoon kernel[961]: [   30.750000] ftgmac100 1e660000.ethernet eth0: no vlan ids left to set
Aug 25 15:08:47 witherspoon kernel[961]: [   30.750000] ftgmac100 1e660000.ethernet eth0: NCSI interface up
Aug 25 15:08:48 witherspoon avahi-daemon[960]: Service "witherspoon" (/services/ssh.service) successfully established.
Aug 25 15:08:48 witherspoon avahi-daemon[960]: Service "sftp" (/services/sftp.service) successfully established.
Aug 25 15:08:48 witherspoon avahi-daemon[960]: Service "witherspoon" (/services/sftp-ssh.service) successfully established.
Aug 25 15:08:48 witherspoon avahi-daemon[960]: Service "phosphor_rest" (/services/phosphor_rest.service) successfully established.
Aug 25 15:08:48 witherspoon avahi-daemon[960]: Service "obmc_console" (/services/obmc_console.service) successfully established.
Aug 25 15:08:53 witherspoon systemd[1]: Created slice system-dropbear.slice.
Aug 25 15:08:53 witherspoon systemd[1]: Started SSH Per-Connection Server (9.41.165.94:53048).
Aug 25 15:08:54 witherspoon dropbear[1042]: Failed loading /etc/dropbear/dropbear_dss_host_key
Aug 25 15:08:54 witherspoon dropbear[1042]: Failed loading /etc/dropbear/dropbear_ecdsa_host_key
Aug 25 15:08:54 witherspoon dropbear[1042]: Child connection from ::ffff:9.41.165.94:53048
Aug 25 15:08:57 witherspoon systemd-networkd[948]: eth0: Configured
Aug 25 15:08:57 witherspoon systemd-timesyncd[690]: Network configuration changed, trying to establish connection.
Aug 25 15:09:00 witherspoon dropbear[1042]: PAM password auth succeeded for 'root' from ::ffff:9.41.165.94:53048
Aug 25 15:09:00 witherspoon dropbear[1043]: lastlog_perform_login: Couldn't stat /var/log/lastlog: No such file or directory
Aug 25 15:09:00 witherspoon dropbear[1043]: lastlog_openseek: /var/log/lastlog is not a file or directory!
Aug 25 15:09:02 witherspoon kernel: block ubiblock7_1: created from ubi7:1(pnor-ro-fd2cbe15)
Aug 25 15:09:02 witherspoon kernel: UBIFS (ubi7:2): UBIFS: mounted UBI device 7, volume 2, name "pnor-prsv"
Aug 25 15:09:02 witherspoon kernel: UBIFS (ubi7:2): LEB size: 65408 bytes (63 KiB), min./max. I/O unit sizes: 8 bytes/256 bytes
Aug 25 15:09:02 witherspoon kernel: UBIFS (ubi7:2): FS size: 1504384 bytes (1 MiB, 23 LEBs), journal size 523265 bytes (0 MiB, 6 LEBs)
Aug 25 15:09:02 witherspoon kernel: UBIFS (ubi7:2): reserved for root: 71055 bytes (69 KiB)
Aug 25 15:09:02 witherspoon kernel: UBIFS (ubi7:2): media format: w5/r0 (latest is w5/r0), UUID 80F70A7F-029B-4950-9F97-85EE4392B687, small LPT model
Aug 25 15:09:02 witherspoon kernel[961]: [   45.330000] block ubiblock7_1: created from ubi7:1(pnor-ro-fd2cbe15)
Aug 25 15:09:02 witherspoon kernel[961]: [   45.330000] UBIFS (ubi7:2): UBIFS: mounted UBI device 7, volume 2, name "pnor-prsv"
Aug 25 15:09:02 witherspoon kernel[961]: [   45.330000] UBIFS (ubi7:2): LEB size: 65408 bytes (63 KiB), min./max. I/O unit sizes: 8 bytes/256 bytes
Aug 25 15:09:02 witherspoon kernel[961]: [   45.330000] UBIFS (ubi7:2): FS size: 1504384 bytes (1 MiB, 23 LEBs), journal size 523265 bytes (0 MiB, 6 LEBs)
Aug 25 15:09:02 witherspoon kernel[961]: [   45.330000] UBIFS (ubi7:2): reserved for root: 71055 bytes (69 KiB)
Aug 25 15:09:02 witherspoon kernel[961]: [   45.330000] UBIFS (ubi7:2): media format: w5/r0 (latest is w5/r0), UUID 80F70A7F-029B-4950-9F97-85EE4392B687, small LPT model
Aug 25 15:09:03 witherspoon kernel: UBIFS (ubi7:2): background thread "ubifs_bgt7_2" started, PID 1062
Aug 25 15:09:03 witherspoon kernel[961]: [   45.750000] UBIFS (ubi7:2): background thread "ubifs_bgt7_2" started, PID 1062
Aug 25 15:09:05 witherspoon systemd[1]: Started Remount the squashfs and ubi volumes after a reboot.
Aug 25 15:09:05 witherspoon systemd[1]: Reached target Multi-User System.
Aug 25 15:09:05 witherspoon systemd[1]: Starting OpenPower Software Update Manager...
Aug 25 15:09:06 witherspoon openpower-update-manager[1068]: Error in reading file
Aug 25 15:09:06 witherspoon systemd[1]: Started OpenPower Software Update Manager.
Aug 25 15:09:06 witherspoon systemd[1]: Starting Create a ubi volume for pnor patches...
Aug 25 15:09:06 witherspoon systemd[1]: Started Phosphor MBOX Daemon.
Aug 25 15:09:06 witherspoon systemd[1]: Starting Phosphor Version Software Manager...
Aug 25 15:09:07 witherspoon kernel: UBIFS (ubi7:3): UBIFS: mounted UBI device 7, volume 3, name "pnor-patch"
Aug 25 15:09:07 witherspoon kernel: UBIFS (ubi7:3): LEB size: 65408 bytes (63 KiB), min./max. I/O unit sizes: 8 bytes/256 bytes
Aug 25 15:09:07 witherspoon kernel: UBIFS (ubi7:3): FS size: 16155776 bytes (15 MiB, 247 LEBs), journal size 784896 bytes (0 MiB, 12 LEBs)
Aug 25 15:09:07 witherspoon kernel: UBIFS (ubi7:3): reserved for root: 763076 bytes (745 KiB)
Aug 25 15:09:07 witherspoon kernel: UBIFS (ubi7:3): media format: w5/r0 (latest is w5/r0), UUID 583ED3F9-0FF8-4F46-9EB5-10DE6BB5D70A, small LPT model
Aug 25 15:09:07 witherspoon kernel[961]: [   49.890000] UBIFS (ubi7:3): UBIFS: mounted UBI device 7, volume 3, name "pnor-patch"
Aug 25 15:09:07 witherspoon kernel[961]: [   49.890000] UBIFS (ubi7:3): LEB size: 65408 bytes (63 KiB), min./max. I/O unit sizes: 8 bytes/256 bytes
Aug 25 15:09:07 witherspoon kernel[961]: [   49.890000] UBIFS (ubi7:3): FS size: 16155776 bytes (15 MiB, 247 LEBs), journal size 784896 bytes (0 MiB, 12 LEBs)
Aug 25 15:09:07 witherspoon kernel[961]: [   49.890000] UBIFS (ubi7:3): reserved for root: 763076 bytes (745 KiB)
Aug 25 15:09:07 witherspoon kernel[961]: [   49.890000] UBIFS (ubi7:3): media format: w5/r0 (latest is w5/r0), UUID 583ED3F9-0FF8-4F46-9EB5-10DE6BB5D70A, small LPT model
Aug 25 15:09:07 witherspoon kernel: UBIFS (ubi7:3): background thread "ubifs_bgt7_3" started, PID 1084
Aug 25 15:09:07 witherspoon kernel[961]: [   50.090000] UBIFS (ubi7:3): background thread "ubifs_bgt7_3" started, PID 1084
Aug 25 15:09:07 witherspoon sensor_manager2.py[974]: Setting boot count to 3
Aug 25 15:09:07 witherspoon sensor_manager2.py[974]: Starting sensor manager
Aug 25 15:09:07 witherspoon chassis_control.py[965]: Running ChassisControlService
Aug 25 15:09:07 witherspoon inventory_items.py[964]: Loading from cache: /var/cache/obmc/org.openbmc.inventory.system.chassis.motherboard.apss@org.openbmc.InventoryItem.props
Aug 25 15:09:07 witherspoon inventory_items.py[964]: Loading from cache: /var/cache/obmc/org.openbmc.inventory.system.chassis.motherboard@org.openbmc.InventoryItem.props
Aug 25 15:09:07 witherspoon inventory_items.py[964]: Loading from cache: /var/cache/obmc/org.openbmc.inventory.system.chassis.motherboard.refclock@org.openbmc.InventoryItem.props
Aug 25 15:09:07 witherspoon inventory_items.py[964]: Loading from cache: /var/cache/obmc/org.openbmc.inventory.system.chassis.motherboard.cpu1.core7@org.openbmc.InventoryItem.props
Aug 25 15:09:07 witherspoon inventory_items.py[964]: Loading from cache: /var/cache/obmc/org.openbmc.inventory.system.chassis.motherboard.cpu1.core4@org.openbmc.InventoryItem.props
Aug 25 15:09:07 witherspoon inventory_items.py[964]: Loading from cache: /var/cache/obmc/org.openbmc.inventory.system.chassis.motherboard.cpu1.core1@org.openbmc.InventoryItem.props
Aug 25 15:09:07 witherspoon inventory_items.py[964]: Loading from cache: /var/cache/obmc/org.openbmc.inventory.system.chassis.motherboard.cpu1.core10@org.openbmc.InventoryItem.props
Aug 25 15:09:07 witherspoon download_manager.py[978]: Running Download Manager
Aug 25 15:09:08 witherspoon systemd[1]: Started Phosphor Sensor Manager.
Aug 25 15:09:08 witherspoon systemd[1]: Started Phosphor Chassis0 Control.
Aug 25 15:09:08 witherspoon systemd[1]: Started Phosphor Download Manager.
Aug 25 15:09:08 witherspoon systemd[1]: Started Create a ubi volume for pnor patches.
Aug 25 15:09:08 witherspoon inventory_items.py[964]: Loading from cache: /var/cache/obmc/org.openbmc.inventory.system.chassis.motherboard.todclock@org.openbmc.InventoryItem.props
Aug 25 15:09:08 witherspoon inventory_items.py[964]: Loading from cache: /var/cache/obmc/org.openbmc.inventory.system.chassis.motherboard.cpu1@org.openbmc.InventoryItem.props
Aug 25 15:09:08 witherspoon inventory_items.py[964]: Loading from cache: /var/cache/obmc/org.openbmc.inventory.system.chassis.motherboard.bmc@org.openbmc.InventoryItem.props
Aug 25 15:09:08 witherspoon inventory_items.py[964]: Caching: /org/openbmc/inventory/system/chassis/motherboard/bmc
Aug 25 15:09:08 witherspoon inventory_items.py[964]: Loading from cache: /var/cache/obmc/org.openbmc.inventory.system.chassis.motherboard.cpu0.core1@org.openbmc.InventoryItem.props
Aug 25 15:09:08 witherspoon inventory_items.py[964]: Loading from cache: /var/cache/obmc/org.openbmc.inventory.system.chassis.motherboard.cpu0.core7@org.openbmc.InventoryItem.props
Aug 25 15:09:08 witherspoon inventory_items.py[964]: Loading from cache: /var/cache/obmc/org.openbmc.inventory.system.chassis.motherboard.cpu0.core4@org.openbmc.InventoryItem.props
Aug 25 15:09:08 witherspoon inventory_items.py[964]: Loading from cache: /var/cache/obmc/org.openbmc.inventory.system.chassis.motherboard.pcieclock@org.openbmc.InventoryItem.props
Aug 25 15:09:09 witherspoon inventory_items.py[964]: Loading from cache: /var/cache/obmc/org.openbmc.inventory.system.chassis.motherboard.cpu0.core10@org.openbmc.InventoryItem.props
Aug 25 15:09:09 witherspoon systemd[1]: Started Phosphor Inventory Manager.
Aug 25 15:09:09 witherspoon inventory_items.py[964]: Running Inventory Manager
Aug 25 15:09:09 witherspoon systemd[1]: Started Phosphor Version Software Manager.
Aug 25 15:09:10 witherspoon phosphor-mapper[976]: ObjectMapper startup complete.  Discovery in progress...
Aug 25 15:09:10 witherspoon obmc-phosphor-userd[982]: Started
Aug 25 15:09:10 witherspoon systemd[1]: Started Phosphor User Manager.
Aug 25 15:09:11 witherspoon avahi-daemon[1006]: ../../avahi-0.6.32/avahi-daemon/chroot.c: open() failed: No such file or directory
Aug 25 15:09:11 witherspoon avahi-daemon[960]: Failed to open /usr/share/dbus-1/interfaces/org.freedesktop.Avahi.Server.xml: Invalid argument
Aug 25 15:09:11 witherspoon avahi-daemon[960]: Failed to load introspection data.
Aug 25 15:09:11 witherspoon netman.py[984]: Started
Aug 25 15:09:11 witherspoon systemd[1]: Started Phosphor Network Manager.
Aug 25 15:09:23 witherspoon phosphor-mapper[976]: ObjectMapper discovery complete
Aug 25 15:09:23 witherspoon systemd[1]: Started Phosphor DBus Service Discovery Manager.
Aug 25 15:09:23 witherspoon systemd[1]: Started Phosphor Hwmon Poller.
Aug 25 15:09:23 witherspoon systemd[1]: Started Phosphor Hwmon Poller.
Aug 25 15:09:23 witherspoon systemd[1]: Reached target Phosphor Object Mapper.
Aug 25 15:09:23 witherspoon systemd[1]: Starting Wait for /xyz/openbmc_project/time/owner...
Aug 25 15:09:23 witherspoon systemd[1]: Starting Wait for /xyz/openbmc_project/time/sync_method...
Aug 25 15:09:23 witherspoon systemd[1]: Starting Phoshpor System Manager...
Aug 25 15:09:23 witherspoon systemd[1]: Starting Wait for /org/openbmc/NetworkManager/Interface...
Aug 25 15:09:23 witherspoon systemd[1]: Starting Wait for /xyz/openbmc_project/control/host0/power_restore_policy...
Aug 25 15:09:23 witherspoon systemd[1]: Starting Wait for /xyz/openbmc_project/control/host0/auto_reboot...
Aug 25 15:09:23 witherspoon systemd[1]: Starting Wait for /xyz/openbmc_project/inventory...
Aug 25 15:09:23 witherspoon systemd[1]: Starting Wait for /xyz/openbmc_project/state/host0...
Aug 25 15:09:23 witherspoon systemd[1]: Starting Wait for /xyz/openbmc_project/control/host0/boot_mode...
Aug 25 15:09:23 witherspoon systemd[1]: Starting Wait for /xyz/openbmc_project/control/host0/restriction_mode...
Aug 25 15:09:23 witherspoon systemd[1]: Starting Wait for /org/openbmc/managers/Download...
Aug 25 15:09:23 witherspoon systemd[1]: Starting Phosphor Settings Manager...
Aug 25 15:09:23 witherspoon systemd[1]: Starting Wait for /xyz/openbmc_project/led/groups/bmc_booted...
Aug 25 15:09:25 witherspoon systemd[1]: Starting Wait for /org/openbmc/managers/System...
Aug 25 15:09:25 witherspoon systemd[1]: Starting Wait for /xyz/openbmc_project/led/groups...
Aug 25 15:09:25 witherspoon systemd[1]: Starting Wait for /org/openbmc/control/bmc0...
Aug 25 15:09:25 witherspoon systemd[1]: Starting Wait for /org/openbmc/control/power0...
Aug 25 15:09:25 witherspoon systemd[1]: Reached target Webserver (pre).
Aug 25 15:09:25 witherspoon systemd[1]: Started Phosphor Webserver.
Aug 25 15:09:25 witherspoon systemd[1]: Started Phosphor DBus Monitor.
Aug 25 15:09:26 witherspoon systemd[1]: Starting Phosphor Network Manager...
Aug 25 15:09:26 witherspoon systemd[1]: Starting Wait for /xyz/openbmc_project/state/chassis0...
Aug 25 15:09:27 witherspoon systemd[1]: Starting Wait for /xyz/openbmc_project/control/host0...
Aug 25 15:09:27 witherspoon systemd[1]: Starting Wait for /xyz/openbmc_project/control/host0/boot_source...
Aug 25 15:09:27 witherspoon systemd[1]: Started Phosphor Hwmon Poller.
Aug 25 15:09:27 witherspoon systemd[1]: Started Phosphor Hwmon Poller.
Aug 25 15:09:27 witherspoon systemd[1]: Started Phosphor Hwmon Poller.
Aug 25 15:09:27 witherspoon systemd[1]: Started Phosphor Hwmon Poller.
Aug 25 15:09:28 witherspoon systemd[1]: Started Wait for /xyz/openbmc_project/time/owner.
Aug 25 15:09:28 witherspoon systemd[1]: Started Wait for /xyz/openbmc_project/time/sync_method.
Aug 25 15:09:28 witherspoon systemd[1]: Started Wait for /org/openbmc/NetworkManager/Interface.
Aug 25 15:09:28 witherspoon systemd[1]: Started Wait for /xyz/openbmc_project/control/host0/power_restore_policy.
Aug 25 15:09:28 witherspoon systemd[1]: Started Wait for /xyz/openbmc_project/control/host0/auto_reboot.
Aug 25 15:09:28 witherspoon systemd[1]: Started Wait for /xyz/openbmc_project/inventory.
Aug 25 15:09:28 witherspoon systemd[1]: Started Wait for /xyz/openbmc_project/control/host0/boot_mode.
Aug 25 15:09:28 witherspoon systemd[1]: Started Wait for /xyz/openbmc_project/control/host0/restriction_mode.
Aug 25 15:09:28 witherspoon systemd[1]: Started Wait for /org/openbmc/managers/Download.
Aug 25 15:09:28 witherspoon systemd[1]: Started Wait for /xyz/openbmc_project/led/groups/bmc_booted.
Aug 25 15:09:28 witherspoon systemd[1]: Started Wait for /org/openbmc/control/bmc0.
Aug 25 15:09:29 witherspoon phosphor-network-manager[1121]: ConfigParser: Key not found
Aug 25 15:09:29 witherspoon phosphor-network-manager[1121]: The operation failed internally.
Aug 25 15:09:29 witherspoon phosphor-network-manager[1121]: Exception occured during getting of DHCP value
Aug 25 15:09:29 witherspoon systemd[1]: Starting Phosphor BMC Code Update...
Aug 25 15:09:29 witherspoon dbus[947]: [system] Activating via systemd: service name='org.freedesktop.hostname1' unit='dbus-org.freedesktop.hostname1.service'
Aug 25 15:09:29 witherspoon systemd[1]: Starting Read OpenPOWER-format VPD from EEPROM...
Aug 25 15:09:29 witherspoon systemd[1]: Started Phosphor GPIO 1 Presence.
Aug 25 15:09:29 witherspoon systemd[1]: Starting OpenPOWER OCC controller...
Aug 25 15:09:29 witherspoon systemd[1]: Started Phosphor GPIO 0 Presence.
Aug 25 15:09:29 witherspoon systemd[1]: Started Phosphor Cooling Type.
Aug 25 15:09:29 witherspoon systemd[1]: Started Phosphor DNS Settings Cache Manager.
Aug 25 15:09:31 witherspoon systemd[1]: Starting Hostname Service...
Aug 25 15:09:31 witherspoon phosphor-gpio-presence[1134]: Updating inventory present property
Aug 25 15:09:31 witherspoon systemd[1]: Started Wait for /xyz/openbmc_project/led/groups.
Aug 25 15:09:31 witherspoon systemd[1]: Started FRU Fault monitor service.
Aug 25 15:09:32 witherspoon phosphor-gpio-presence[1132]: Updating inventory present property
Aug 25 15:09:33 witherspoon dbus[947]: [system] Successfully activated service 'org.freedesktop.hostname1'
Aug 25 15:09:33 witherspoon systemd[1]: Started Hostname Service.
Aug 25 15:09:33 witherspoon systemd[1]: Started Phosphor Network Manager.
Aug 25 15:09:37 witherspoon systemd[1]: Started Wait for /xyz/openbmc_project/control/host0/boot_source.
Aug 25 15:09:40 witherspoon system_manager.py[1092]: Running System State: BASE_APPS
Aug 25 15:09:40 witherspoon system_manager.py[1092]: SystemManager Init Done
Aug 25 15:09:40 witherspoon systemd[1]: Started Phoshpor System Manager.
Aug 25 15:09:40 witherspoon system_manager.py[1092]: Running SystemManager
Aug 25 15:09:42 witherspoon systemd[1]: Started OpenPOWER OCC controller.
Aug 25 15:09:43 witherspoon systemd[1]: Started Phosphor BMC Code Update.
Aug 25 15:09:43 witherspoon bmc_update.py[1130]: Running Bmc Flash Control
Aug 25 15:09:44 witherspoon settings_manager.py[1101]: Running HostSettingsService
Aug 25 15:09:44 witherspoon systemd[1]: Started Phosphor Settings Manager.
Aug 25 15:09:44 witherspoon system_manager.py[1092]: SystemManager Goto System State: BMC_STARTING
Aug 25 15:09:44 witherspoon system_manager.py[1092]: Running System State: BMC_STARTING
Aug 25 15:09:44 witherspoon systemd[1]: Starting Wait for /org/openbmc/settings/host0...
Aug 25 15:09:45 witherspoon systemd[1]: Started Read OpenPOWER-format VPD from EEPROM.
Aug 25 15:09:51 witherspoon systemd[1]: Started Wait for /org/openbmc/managers/System.
Aug 25 15:09:51 witherspoon systemd[1]: Starting Phosphor Power Button0...
Aug 25 15:09:51 witherspoon systemd[1]: Starting Phosphor BMC State Manager...
Aug 25 15:09:52 witherspoon systemd[1]: Starting Phosphor Power0 Control...
Aug 25 15:09:52 witherspoon systemd[1]: Starting Phosphor Chassis State Manager...
Aug 25 15:09:52 witherspoon systemd[1]: Starting Phosphor Reset Button0...
Aug 25 15:09:52 witherspoon system_manager.py[1092]: New object: /org/openbmc/control/power0 (:1.76)
Aug 25 15:09:52 witherspoon systemd[1]: Started Wait for /org/openbmc/settings/host0.
Aug 25 15:09:52 witherspoon systemd[1]: Started Phosphor Inband IPMI.
Aug 25 15:09:53 witherspoon system_manager.py[1092]: Power GPIO config: ['SYS_PWROK_BUFF', '', [('SOFTWARE_PGOOD', True), ('BMC_POWER_UP', True)], [('BMC_CP0_RESET_N', False)], [], 'FSI_DATA', 'FSI_CLK', 'FSI_ENABLE', 'CRONUS_SEL', []]
Aug 25 15:09:53 witherspoon button_reset.exe[1157]: GPIO Lookup:  RESET_BUTTON = 353,both
Aug 25 15:09:53 witherspoon phosphor-bmc-state-manager[1147]: Setting the BMCState field
Aug 25 15:09:53 witherspoon phosphor-bmc-state-manager[1147]: Setting the BMCState field
Aug 25 15:09:53 witherspoon systemd[1]: Started Phosphor Reset Button0.
Aug 25 15:09:53 witherspoon systemd[1]: Started Phosphor BMC State Manager.
Aug 25 15:09:53 witherspoon button_power.exe[1146]: GPIO Lookup:  POWER_BUTTON = 347,both
Aug 25 15:09:53 witherspoon systemd[1]: Started Phosphor Power Button0.
Aug 25 15:09:53 witherspoon power_control.exe[1148]: Power GPIO latch output:
Aug 25 15:09:53 witherspoon power_control.exe[1148]: Power GPIO power good input: SYS_PWROK_BUFF
Aug 25 15:09:53 witherspoon power_control.exe[1148]: Power GPIO 2 power_up outputs
Aug 25 15:09:53 witherspoon power_control.exe[1148]: Power GPIO power_up[0] = SOFTWARE_PGOOD active HIGH
Aug 25 15:09:53 witherspoon power_control.exe[1148]: Power GPIO power_up[1] = BMC_POWER_UP active HIGH
Aug 25 15:09:53 witherspoon power_control.exe[1148]: Power GPIO 1 reset outputs
Aug 25 15:09:53 witherspoon power_control.exe[1148]: Power GPIO reset[0] = BMC_CP0_RESET_N active LOW
Aug 25 15:09:53 witherspoon power_control.exe[1148]: Power GPIO 0 pci reset outputs
Aug 25 15:09:53 witherspoon power_control.exe[1148]: FSI DATA GPIO: FSI_DATA
Aug 25 15:09:53 witherspoon power_control.exe[1148]: FSI CLK GPIO: FSI_CLK
Aug 25 15:09:53 witherspoon power_control.exe[1148]: FSI ENABLE GPIO: FSI_ENABLE
Aug 25 15:09:53 witherspoon power_control.exe[1148]: CRONUS SEL GPIO: CRONUS_SEL
Aug 25 15:09:53 witherspoon power_control.exe[1148]: Hostctl GPIO optionals: 0
Aug 25 15:09:54 witherspoon phosphor-chassis-state-manager[1156]: Initial Chassis State will be Off
Aug 25 15:09:54 witherspoon systemd[1]: Started Phosphor Chassis State Manager.
Aug 25 15:09:54 witherspoon power_control.exe[1148]: GPIO Lookup:  SYS_PWROK_BUFF = 306,in
Aug 25 15:09:54 witherspoon power_control.exe[1148]: GPIO Lookup:  SOFTWARE_PGOOD = 417,out
Aug 25 15:09:54 witherspoon power_control.exe[1148]: GPIO Lookup:  BMC_POWER_UP = 305,out
Aug 25 15:09:55 witherspoon power_control.exe[1148]: GPIO Lookup:  BMC_CP0_RESET_N = 281,out
Aug 25 15:09:55 witherspoon power_control.exe[1148]: Pgood state: 0
Aug 25 15:09:55 witherspoon systemd[1]: Started Phosphor Power0 Control.
Aug 25 15:09:56 witherspoon phosphor-gevent[1119]: Traceback (most recent call last):
Aug 25 15:09:56 witherspoon phosphor-gevent[1119]:   File "/usr/lib/python2.7/site-packages/gevent/greenlet.py", line 327, in run
Aug 25 15:09:56 witherspoon phosphor-gevent[1119]:     result = self._run(*self.args, **self.kwargs)
Aug 25 15:09:56 witherspoon phosphor-gevent[1119]:   File "/usr/lib/python2.7/site-packages/gevent/server.py", line 102, in wrap_socket_and_handle
Aug 25 15:09:56 witherspoon phosphor-gevent[1119]:     ssl_socket = self.wrap_socket(client_socket, **self.ssl_args)
Aug 25 15:09:56 witherspoon phosphor-gevent[1119]:   File "/usr/lib/python2.7/site-packages/gevent/ssl.py", line 404, in wrap_socket
Aug 25 15:09:56 witherspoon phosphor-gevent[1119]:     ciphers=ciphers)
Aug 25 15:09:56 witherspoon phosphor-gevent[1119]:   File "/usr/lib/python2.7/site-packages/gevent/ssl.py", line 113, in __init__
Aug 25 15:09:56 witherspoon phosphor-gevent[1119]:     self.do_handshake()
Aug 25 15:09:56 witherspoon phosphor-gevent[1119]:   File "/usr/lib/python2.7/site-packages/gevent/ssl.py", line 324, in do_handshake
Aug 25 15:09:56 witherspoon phosphor-gevent[1119]:     return self._sslobj.do_handshake()
Aug 25 15:09:56 witherspoon phosphor-gevent[1119]: SSLEOFError: EOF occurred in violation of protocol (_ssl.c:590)
Aug 25 15:09:56 witherspoon phosphor-gevent[1119]: <Greenlet at 0x76025490: <bound method WSGIServer.wrap_socket_and_handle of <WSGIServer at 0x75ffcbb0 fileno=5 address=('::34f2:f076:b0cd:6676%1986448800', 443, 0, 1986448800)>>(<socket at 0x75ed2890 fileno=9>, ('::80d9:6476:8e91:f402%1995430684', 54070, 0, 199)> failed with SSLEOFError
Aug 25 15:09:56 witherspoon phosphor-gevent[1119]: Traceback (most recent call last):
Aug 25 15:09:56 witherspoon phosphor-gevent[1119]:   File "/usr/lib/python2.7/site-packages/gevent/greenlet.py", line 327, in run
Aug 25 15:09:56 witherspoon phosphor-gevent[1119]:     result = self._run(*self.args, **self.kwargs)
Aug 25 15:09:56 witherspoon phosphor-gevent[1119]:   File "/usr/lib/python2.7/site-packages/gevent/server.py", line 102, in wrap_socket_and_handle
Aug 25 15:09:56 witherspoon phosphor-gevent[1119]:     ssl_socket = self.wrap_socket(client_socket, **self.ssl_args)
Aug 25 15:09:56 witherspoon phosphor-gevent[1119]:   File "/usr/lib/python2.7/site-packages/gevent/ssl.py", line 404, in wrap_socket
Aug 25 15:09:56 witherspoon phosphor-gevent[1119]:     ciphers=ciphers)
Aug 25 15:09:56 witherspoon phosphor-gevent[1119]:   File "/usr/lib/python2.7/site-packages/gevent/ssl.py", line 113, in __init__
Aug 25 15:09:56 witherspoon phosphor-gevent[1119]:     self.do_handshake()
Aug 25 15:09:56 witherspoon phosphor-gevent[1119]:   File "/usr/lib/python2.7/site-packages/gevent/ssl.py", line 324, in do_handshake
Aug 25 15:09:56 witherspoon phosphor-gevent[1119]:     return self._sslobj.do_handshake()
Aug 25 15:09:56 witherspoon phosphor-gevent[1119]: SSLEOFError: EOF occurred in violation of protocol (_ssl.c:590)
Aug 25 15:09:56 witherspoon phosphor-gevent[1119]: <Greenlet at 0x76025760: <bound method WSGIServer.wrap_socket_and_handle of <WSGIServer at 0x75ffcbb0 fileno=5 address=('::34f2:f076:b0cd:6676%1986448800', 443, 0, 1986448800)>>(<socket at 0x75ed2830 fileno=10>, ('::80d9:6476:8e91:f402%1995430684', 54072, 0, 199)> failed with SSLEOFError
Aug 25 15:09:57 witherspoon phosphor-gevent[1119]: Traceback (most recent call last):
Aug 25 15:09:57 witherspoon phosphor-gevent[1119]:   File "/usr/lib/python2.7/site-packages/gevent/greenlet.py", line 327, in run
Aug 25 15:09:57 witherspoon phosphor-gevent[1119]:     result = self._run(*self.args, **self.kwargs)
Aug 25 15:09:57 witherspoon phosphor-gevent[1119]:   File "/usr/lib/python2.7/site-packages/gevent/server.py", line 102, in wrap_socket_and_handle
Aug 25 15:09:57 witherspoon phosphor-gevent[1119]:     ssl_socket = self.wrap_socket(client_socket, **self.ssl_args)
Aug 25 15:09:57 witherspoon phosphor-gevent[1119]:   File "/usr/lib/python2.7/site-packages/gevent/ssl.py", line 404, in wrap_socket
Aug 25 15:09:57 witherspoon phosphor-gevent[1119]:     ciphers=ciphers)
Aug 25 15:09:57 witherspoon phosphor-gevent[1119]:   File "/usr/lib/python2.7/site-packages/gevent/ssl.py", line 113, in __init__
Aug 25 15:09:57 witherspoon phosphor-gevent[1119]:     self.do_handshake()
Aug 25 15:09:57 witherspoon phosphor-gevent[1119]:   File "/usr/lib/python2.7/site-packages/gevent/ssl.py", line 324, in do_handshake
Aug 25 15:09:57 witherspoon phosphor-gevent[1119]:     return self._sslobj.do_handshake()
Aug 25 15:09:57 witherspoon phosphor-gevent[1119]: SSLEOFError: EOF occurred in violation of protocol (_ssl.c:590)
Aug 25 15:09:57 witherspoon phosphor-gevent[1119]: <Greenlet at 0x76025440: <bound method WSGIServer.wrap_socket_and_handle of <WSGIServer at 0x75ffcbb0 fileno=5 address=('::34f2:f076:b0cd:6676%1986448800', 443, 0, 1986448800)>>(<socket at 0x75ed28d0 fileno=11>, ('::80d9:6476:8e91:f402%1995430684', 54074, 0, 199)> failed with SSLEOFError
Aug 25 15:09:59 witherspoon systemd[1]: Started Wait for /org/openbmc/control/power0.
Aug 25 15:09:59 witherspoon systemd[1]: Starting Phosphor Time Manager daemon...
Aug 25 15:09:59 witherspoon systemd[1]: Starting Check Chassis0 pgood and create a file to indicate it...
Aug 25 15:09:59 witherspoon systemd[1]: Started Wait for /xyz/openbmc_project/state/chassis0.
Aug 25 15:10:00 witherspoon timemanager[1175]: Registering dbus methods
Aug 25 15:10:00 witherspoon timemanager[1175]: Last known time_mode: NTP
Aug 25 15:10:00 witherspoon timemanager[1175]: Last known time_owner: BMC
Aug 25 15:10:00 witherspoon timemanager[1175]: Empty DhcpNtp string
Aug 25 15:10:00 witherspoon timemanager[1175]: Reading Power Control key: pgood
Aug 25 15:10:00 witherspoon systemd[1]: Started Wait for /xyz/openbmc_project/control/host0.
Aug 25 15:10:01 witherspoon timemanager[1175]: Changing settings *allowed* now
Aug 25 15:10:01 witherspoon timemanager[1175]: Owner is already set to : BMC
Aug 25 15:10:01 witherspoon systemd[1]: Started Check Chassis0 pgood and create a file to indicate it.
Aug 25 15:10:01 witherspoon systemd[1]: Reached target Chassis0 power on after reset.
Aug 25 15:10:01 witherspoon systemd[1]: Reached target Host0 running after reset.
Aug 25 15:10:01 witherspoon systemd[1]: Starting Phosphor Host State Manager...
Aug 25 15:10:01 witherspoon systemd[1]: Reached target Host0 (Reset Check).
Aug 25 15:10:01 witherspoon systemd[1]: Reached target Chassis0 (Reset Check).
Aug 25 15:10:01 witherspoon timemanager[1175]: Requested_Mode: NTP Current_Mode: NTP
Aug 25 15:10:01 witherspoon timemanager[1175]: Mode is already set to : NTP
Aug 25 15:10:01 witherspoon timemanager[1175]: Getting System Settings: use_dhcp_ntp
Aug 25 15:10:01 witherspoon timemanager[1175]: use_dhcp_ntp = yes
Aug 25 15:10:01 witherspoon timemanager[1175]: Last known host_offset:0
Aug 25 15:10:01 witherspoon timemanager[1175]: Initial Uptime Usec: 1503673697026541
Aug 25 15:10:01 witherspoon systemd[1]: Started Phosphor Time Manager daemon.
Aug 25 15:10:02 witherspoon phosphor-host-state-manager[1187]: Initial Host State will be Off
Aug 25 15:10:02 witherspoon systemd[1]: Started Phosphor Host State Manager.
Aug 25 15:10:03 witherspoon systemd[1]: Started Wait for /xyz/openbmc_project/state/host0.
Aug 25 15:10:03 witherspoon systemd[1]: Starting Reboot If Enabled...
Aug 25 15:10:04 witherspoon phosphor-discover-system-state[1190]: Host power is off, checking power policy
Aug 25 15:10:04 witherspoon systemd[1]: Started Reboot If Enabled.
Aug 25 15:10:04 witherspoon systemd[1]: Reached target Phosphor System - Standby.
Aug 25 15:10:04 witherspoon systemd[1]: Starting Assert bmc_booted LED...
Aug 25 15:10:04 witherspoon phosphor-bmc-state-manager[1147]: BMC_READY
Aug 25 15:10:04 witherspoon phosphor-bmc-state-manager[1147]: Setting the BMCState field
Aug 25 15:10:04 witherspoon phosphor-ledmanager[966]: Asserting LEDs
Aug 25 15:10:04 witherspoon systemd[1]: Started Assert bmc_booted LED.
Aug 25 15:10:04 witherspoon systemd[1]: Startup finished in 10.102s (kernel) + 1min 37.730s (userspace) = 1min 47.833s.
Aug 25 15:10:12 witherspoon phosphor-gevent[1119]: ::80d9:6476:8e91:f402%1995430684 - - [2017-08-25 15:10:12] "POST /login HTTP/1.1" 200 320 0.045171
Aug 25 15:10:13 witherspoon phosphor-gevent[1119]: ::80d9:6476:8e91:f402%1995430684 - - [2017-08-25 15:10:13] "GET /xyz/openbmc_project/state/chassis0//attr/CurrentPowerState HTTP/1.1" 200 216 0.059446
Aug 25 15:10:13 witherspoon phosphor-gevent[1119]: ::80d9:6476:8e91:f402%1995430684 - - [2017-08-25 15:10:13] "POST /login HTTP/1.1" 200 320 0.052691
Aug 25 15:10:13 witherspoon phosphor-gevent[1119]: ::80d9:6476:8e91:f402%1995430684 - - [2017-08-25 15:10:13] "GET /xyz/openbmc_project/state/chassis0//attr/CurrentPowerState HTTP/1.1" 200 216 0.065191
Aug 25 15:10:13 witherspoon phosphor-gevent[1119]: ::80d9:6476:8e91:f402%1995430684 - - [2017-08-25 15:10:13] "POST /login HTTP/1.1" 200 320 0.034545
Aug 25 15:10:13 witherspoon phosphor-gevent[1119]: ::80d9:6476:8e91:f402%1995430684 - - [2017-08-25 15:10:13] "GET /xyz/openbmc_project/state/host0//attr/CurrentHostState HTTP/1.1" 200 212 0.075911
Aug 25 15:10:13 witherspoon phosphor-gevent[1119]: ::80d9:6476:8e91:f402%1995430684 - - [2017-08-25 15:10:13] "POST /login HTTP/1.1" 200 320 0.033009
Aug 25 15:10:13 witherspoon phosphor-gevent[1119]: ::80d9:6476:8e91:f402%1995430684 - - [2017-08-25 15:10:13] "GET /xyz/openbmc_project/logging/entry//list HTTP/1.1" 200 214 0.046964
Aug 25 15:10:14 witherspoon phosphor-gevent[1119]: ::80d9:6476:8e91:f402%1995430684 - - [2017-08-25 15:10:14] "POST /login HTTP/1.1" 200 320 0.032921
Aug 25 15:10:14 witherspoon phosphor-gevent[1119]: ::80d9:6476:8e91:f402%1995430684 - - [2017-08-25 15:10:14] "GET /xyz/openbmc_project/logging/entry//list HTTP/1.1" 200 214 0.038431
Aug 25 15:10:14 witherspoon phosphor-gevent[1119]: ::80d9:6476:8e91:f402%1995430684 - - [2017-08-25 15:10:14] "POST /login HTTP/1.1" 200 320 0.043545
Aug 25 15:10:14 witherspoon phosphor-gevent[1119]: ::80d9:6476:8e91:f402%1995430684 - - [2017-08-25 15:10:14] "DELETE /xyz/openbmc_project/logging/entry/1 HTTP/1.1" 200 169 0.082426
Aug 25 15:10:14 witherspoon phosphor-gevent[1119]: ::80d9:6476:8e91:f402%1995430684 - - [2017-08-25 15:10:14] "POST /login HTTP/1.1" 200 320 0.038745
Aug 25 15:10:15 witherspoon phosphor-gevent[1119]: ::80d9:6476:8e91:f402%1995430684 - - [2017-08-25 15:10:15] "GET /xyz/openbmc_project/state/host0//attr/CurrentHostState HTTP/1.1" 200 212 1.123116
Aug 25 15:10:16 witherspoon dropbear[1042]: Exit (root): Exited normally
Aug 25 15:11:26 witherspoon systemd[1]: Started SSH Per-Connection Server (9.41.165.94:53090).
Aug 25 15:11:26 witherspoon dropbear[1207]: Failed loading /etc/dropbear/dropbear_dss_host_key
Aug 25 15:11:26 witherspoon dropbear[1207]: Failed loading /etc/dropbear/dropbear_ecdsa_host_key
Aug 25 15:11:26 witherspoon dropbear[1207]: Child connection from ::ffff:9.41.165.94:53090
Aug 25 15:11:26 witherspoon dropbear[1207]: PAM password auth succeeded for 'root' from ::ffff:9.41.165.94:53090
Aug 25 15:11:26 witherspoon dropbear[1208]: lastlog_perform_login: Couldn't stat /var/log/lastlog: No such file or directory
Aug 25 15:11:26 witherspoon dropbear[1208]: lastlog_openseek: /var/log/lastlog is not a file or directory!
Aug 25 15:11:28 witherspoon systemd[1]: Started SSH Per-Connection Server (9.41.165.94:53092).
Aug 25 15:11:28 witherspoon dropbear[1217]: Failed loading /etc/dropbear/dropbear_dss_host_key
Aug 25 15:11:28 witherspoon dropbear[1217]: Failed loading /etc/dropbear/dropbear_ecdsa_host_key
Aug 25 15:11:28 witherspoon dropbear[1217]: Child connection from ::ffff:9.41.165.94:53092
Aug 25 15:11:28 witherspoon dropbear[1217]: PAM password auth succeeded for 'root' from ::ffff:9.41.165.94:53092
Aug 25 15:11:29 witherspoon dropbear[1218]: lastlog_perform_login: Couldn't stat /var/log/lastlog: No such file or directory
Aug 25 15:11:29 witherspoon dropbear[1218]: lastlog_openseek: /var/log/lastlog is not a file or directory!
Aug 25 15:11:29 witherspoon systemd[1]: Started SSH Per-Connection Server (9.41.165.94:53094).
Aug 25 15:11:29 witherspoon dropbear[1224]: Failed loading /etc/dropbear/dropbear_dss_host_key
Aug 25 15:11:29 witherspoon dropbear[1224]: Failed loading /etc/dropbear/dropbear_ecdsa_host_key
Aug 25 15:11:29 witherspoon dropbear[1224]: Child connection from ::ffff:9.41.165.94:53094
Aug 25 15:11:29 witherspoon dropbear[1224]: PAM password auth succeeded for 'root' from ::ffff:9.41.165.94:53094
Aug 25 15:11:29 witherspoon dropbear[1225]: lastlog_perform_login: Couldn't stat /var/log/lastlog: No such file or directory
Aug 25 15:11:29 witherspoon dropbear[1225]: lastlog_openseek: /var/log/lastlog is not a file or directory!
Aug 25 15:11:31 witherspoon phosphor-gevent[1119]: ::80d9:6476:8e91:f402%1995430684 - - [2017-08-25 15:11:31] "POST /login HTTP/1.1" 200 320 0.032862
Aug 25 15:11:31 witherspoon phosphor-gevent[1119]: ::80d9:6476:8e91:f402%1995430684 - - [2017-08-25 15:11:31] "POST /login HTTP/1.1" 200 320 0.056099
Aug 25 15:11:31 witherspoon phosphor-gevent[1119]: ::80d9:6476:8e91:f402%1995430684 - - [2017-08-25 15:11:31] "GET /xyz/openbmc_project/state/host0//attr/CurrentHostState HTTP/1.1" 200 212 0.109208
Aug 25 15:11:31 witherspoon systemd[1]: Created slice system-obmc\x2dconsole\x2dssh.slice.
Aug 25 15:11:31 witherspoon systemd[1]: Started Phosphor Host Console SSH Per-Connection (9.41.165.94:41650).
Aug 25 15:11:32 witherspoon dropbear[1231]: Failed loading /etc/dropbear/dropbear_dss_host_key
Aug 25 15:11:32 witherspoon dropbear[1231]: Failed loading /etc/dropbear/dropbear_ecdsa_host_key
Aug 25 15:11:32 witherspoon dropbear[1231]: Child connection from ::ffff:9.41.165.94:41650
Aug 25 15:11:32 witherspoon phosphor-gevent[1119]: ::80d9:6476:8e91:f402%1995430684 - - [2017-08-25 15:11:32] "POST /login HTTP/1.1" 200 320 0.112767
Aug 25 15:11:32 witherspoon phosphor-host-state-manager[1187]: Host State transaction request
Aug 25 15:11:32 witherspoon dropbear[1231]: PAM password auth succeeded for 'root' from ::ffff:9.41.165.94:41650
Aug 25 15:11:32 witherspoon dropbear[1232]: lastlog_perform_login: Couldn't stat /var/log/lastlog: No such file or directory
Aug 25 15:11:32 witherspoon dropbear[1232]: lastlog_openseek: /var/log/lastlog is not a file or directory!
Aug 25 15:11:33 witherspoon phosphor-gevent[1119]: ::80d9:6476:8e91:f402%1995430684 - - [2017-08-25 15:11:33] "PUT /xyz/openbmc_project/state/host0//attr/RequestedHostTransition HTTP/1.1" 200 169 0.629114
Aug 25 15:11:33 witherspoon systemd[1]: Reached target Stop Host0 (Pre).
Aug 25 15:11:33 witherspoon systemd[1]: Starting Wait for /xyz/openbmc_project/led/groups/power_on...
Aug 25 15:11:33 witherspoon systemd[1]: Stopped target Chassis0 (Reset Check).
Aug 25 15:11:33 witherspoon systemd[1]: Created slice system-op\x2dwait\x2dpower\x2doff.slice.
Aug 25 15:11:33 witherspoon systemd[1]: Stopped target Chassis0 power on after reset.
Aug 25 15:11:33 witherspoon systemd[1]: Created slice system-op\x2dpower\x2dstop.slice.
Aug 25 15:11:33 witherspoon systemd[1]: Reached target Stop Hosti (Pre).
Aug 25 15:11:33 witherspoon systemd[1]: Reached target Hosti (Stopping).
Aug 25 15:11:33 witherspoon systemd[1]: Starting Wait for /org/openbmc/HostIpmi/1...
Aug 25 15:11:33 witherspoon systemd[1]: Created slice system-obmc\x2dled\x2dgroup\x2dstop.slice.
Aug 25 15:11:33 witherspoon systemd[1]: Reached target Hosti (Stopped).
Aug 25 15:11:33 witherspoon systemd[1]: Reached target Poweri Off (Pre).
Aug 25 15:11:33 witherspoon systemd[1]: Reached target Poweri Off.
Aug 25 15:11:33 witherspoon systemd[1]: Stopped target Host0 running after reset.
Aug 25 15:11:33 witherspoon systemd[1]: Stopped target Host0 (Reset Check).
Aug 25 15:11:33 witherspoon systemd[1]: Created slice system-vcs_off_poweroff.slice.
Aug 25 15:11:33 witherspoon systemd[1]: Starting Wait for /org/openbmc/control/chassis0...
Aug 25 15:11:33 witherspoon systemd[1]: Created slice system-ir35221\x2doff\x2dunbind.slice.
Aug 25 15:11:33 witherspoon systemd[1]: Starting Power off mode unbind ir35221 device driver devs...
Aug 25 15:11:33 witherspoon systemd[1]: Created slice system-ir35221\x2doff\x2dbind.slice.
Aug 25 15:11:33 witherspoon systemd[1]: Started Power off mode unbind ir35221 device driver devs.
Aug 25 15:11:33 witherspoon systemd[1]: xyz.openbmc_project.Hwmon@ahb-apb-i2c\x401e78a000-i2c\x2dbus\x40140-ir35221\x4071.service: Unit not needed anymore. Stopping.
Aug 25 15:11:34 witherspoon phosphor-gevent[1119]: ::80d9:6476:8e91:f402%1995430684 - - [2017-08-25 15:11:34] "POST /login HTTP/1.1" 200 320 0.536764
Aug 25 15:11:33 witherspoon systemd[1]: xyz.openbmc_project.Hwmon@ahb-apb-i2c\x401e78a000-i2c\x2dbus\x40180-ir35221\x4070.service: Unit not needed anymore. Stopping.
Aug 25 15:11:33 witherspoon systemd[1]: xyz.openbmc_project.Hwmon@ahb-apb-i2c\x401e78a000-i2c\x2dbus\x40180-ir35221\x4071.service: Unit not needed anymore. Stopping.
Aug 25 15:11:33 witherspoon systemd[1]: Stopping Phosphor Hwmon Poller...
Aug 25 15:11:33 witherspoon systemd[1]: Stopping Phosphor Hwmon Poller...
Aug 25 15:11:33 witherspoon systemd[1]: Stopping Phosphor Hwmon Poller...
Aug 25 15:11:33 witherspoon systemd[1]: Stopped Phosphor Hwmon Poller.
Aug 25 15:11:33 witherspoon systemd[1]: Stopped Phosphor Hwmon Poller.
Aug 25 15:11:33 witherspoon systemd[1]: Stopped Phosphor Hwmon Poller.
Aug 25 15:11:34 witherspoon systemd[1]: Started Wait for /xyz/openbmc_project/led/groups/power_on.
Aug 25 15:11:34 witherspoon systemd[1]: xyz.openbmc_project.Hwmon@ahb-apb-i2c\x401e78a000-i2c\x2dbus\x40140-ir35221\x4070.service: Unit not needed anymore. Stopping.
Aug 25 15:11:34 witherspoon systemd[1]: Stopping Phosphor Hwmon Poller...
Aug 25 15:11:34 witherspoon systemd[1]: Starting Assert power_on LED...
Aug 25 15:11:34 witherspoon systemd[1]: Stopped Phosphor Hwmon Poller.
Aug 25 15:11:37 witherspoon systemd[1]: Started Wait for /org/openbmc/HostIpmi/1.
Aug 25 15:11:37 witherspoon systemd[1]: Starting Soft power off of the host...
Aug 25 15:11:37 witherspoon phosphor-gevent[1119]: ::80d9:6476:8e91:f402%1995430684 - - [2017-08-25 15:11:37] "GET /xyz/openbmc_project/state/chassis0//attr/CurrentPowerState HTTP/1.1" 200 216 3.171334
Aug 25 15:11:38 witherspoon phosphor-gevent[1119]: ::80d9:6476:8e91:f402%1995430684 - - [2017-08-25 15:11:38] "POST /login HTTP/1.1" 200 320 0.032779
Aug 25 15:11:38 witherspoon systemd[1]: Started Wait for /org/openbmc/control/chassis0.
Aug 25 15:11:38 witherspoon ipmid[1160]: Pushing cmd on to queue
Aug 25 15:11:38 witherspoon ipmid[1160]: Pushing cmd on to queue
Aug 25 15:11:38 witherspoon ipmid[1160]: Asserting SMS Attention
Aug 25 15:11:39 witherspoon systemd[1]: Started Assert power_on LED.
Aug 25 15:11:39 witherspoon ipmid[1160]: SMS Attention asserted
Aug 25 15:11:39 witherspoon phosphor-gevent[1119]: ::80d9:6476:8e91:f402%1995430684 - - [2017-08-25 15:11:39] "GET /xyz/openbmc_project/state/host0//attr/CurrentHostState HTTP/1.1" 200 212 1.016979
Aug 25 15:11:39 witherspoon phosphor-gevent[1119]: ::80d9:6476:8e91:f402%1995430684 - - [2017-08-25 15:11:39] "POST /login HTTP/1.1" 200 320 0.101145
Aug 25 15:11:40 witherspoon phosphor-host-state-manager[1187]: Host State transaction request
Aug 25 15:11:40 witherspoon systemd[1]: Created slice system-ir35221\x2don\x2dbind.slice.
Aug 25 15:11:40 witherspoon systemd[1]: Created slice system-avsbus\x2ddisable.slice.
Aug 25 15:11:40 witherspoon systemd[1]: Created slice system-phosphor\x2dgpio\x2dmonitor.slice.
Aug 25 15:11:40 witherspoon systemd[1]: Started Witherspoon Fan Watchdog Daemon.
Aug 25 15:11:40 witherspoon systemd[1]: Created slice system-phosphor\x2dwatchdog.slice.
Aug 25 15:11:40 witherspoon systemd[1]: Started Phosphor poweron watchdog.
Aug 25 15:11:40 witherspoon systemd[1]: Starting Witherspoon Fan Watchdog Reset...
Aug 25 15:11:40 witherspoon systemd[1]: Created slice system-fsi\x2dscan.slice.
Aug 25 15:11:40 witherspoon systemd[1]: Created slice system-vcs_on.slice.
Aug 25 15:11:40 witherspoon systemd[1]: Created slice system-cfam_override.slice.
Aug 25 15:11:40 witherspoon systemd[1]: Starting Updates symlinks for active PNOR version...
Aug 25 15:11:40 witherspoon systemd[1]: Created slice system-obmc\x2denable\x2dhost\x2dwatchdog.slice.
Aug 25 15:11:40 witherspoon systemd[1]: Started Phosphor GPIO checkstop monitor.
Aug 25 15:11:40 witherspoon systemd[1]: Created slice system-pcie\x2dslot\x2ddetect.slice.
Aug 25 15:11:40 witherspoon systemd[1]: Reached target Powerwitherspoon-fan-watchdog (On).
Aug 25 15:11:40 witherspoon systemd[1]: Starting Wait for /xyz/openbmc_project/watchdog/host0...
Aug 25 15:11:40 witherspoon systemd[1]: Starting Assert power_on LED...
Aug 25 15:11:40 witherspoon systemd[1]: Created slice system-op\x2dpower\x2dstart.slice.
Aug 25 15:11:41 witherspoon phosphor-gevent[1119]: ::80d9:6476:8e91:f402%1995430684 - - [2017-08-25 15:11:41] "PUT /xyz/openbmc_project/state/host0//attr/RequestedHostTransition HTTP/1.1" 200 169 1.330308
Aug 25 15:11:41 witherspoon systemd[1]: Created slice system-ucd_disable_vcs.slice.
Aug 25 15:11:41 witherspoon systemd[1]: Created slice system-mboxd\x2dreload.slice.
Aug 25 15:11:41 witherspoon systemd[1]: Starting Reload mboxd during power on...
Aug 25 15:11:41 witherspoon systemd[1]: Created slice system-fsi\x2dbind.slice.
Aug 25 15:11:41 witherspoon systemd[1]: Starting Disable UCD VCS rails...
Aug 25 15:11:41 witherspoon mboxctl[1276]: Reset: Success
Aug 25 15:11:41 witherspoon obmc-flash-bios[1262]: '/var/lib/phosphor-software-manager/pnor/ro' -> '/media/pnor-ro-136cf504'
Aug 25 15:11:41 witherspoon systemd[1]: Created slice system-phosphor\x2dfan\x2dpresence\x2dtach.slice.
Aug 25 15:11:41 witherspoon systemd[1]: Created slice system-vcs_workaround.slice.
Aug 25 15:11:41 witherspoon systemd[1]: Created slice system-avsbus\x2denable.slice.
Aug 25 15:11:41 witherspoon systemd[1]: Created slice system-op\x2dwait\x2dpower\x2don.slice.
Aug 25 15:11:41 witherspoon systemd[1]: Stopped Assert power_on LED.
Aug 25 15:11:41 witherspoon systemd[1]: Stopped Power off mode unbind ir35221 device driver devs.
Aug 25 15:11:41 witherspoon systemd[1]: Created slice system-vcs_off.slice.
Aug 25 15:11:41 witherspoon systemd[1]: Created slice system-phosphor\x2dfan\x2dcontrol\x2dinit.slice.
Aug 25 15:11:41 witherspoon systemd[1]: Started Phosphor Fan Control Initialization.
Aug 25 15:11:41 witherspoon systemd[1]: Starting Wait for Power0 to turn on...
Aug 25 15:11:41 witherspoon systemd[1]: Created slice system-vrm\x2dcontrol.slice.
Aug 25 15:11:41 witherspoon systemd[1]: Created slice system-power\x2dworkarounds.slice.
Aug 25 15:11:42 witherspoon systemd[1]: Created slice system-mapper\x2dsubtree\x2dremove.slice.
Aug 25 15:11:42 witherspoon systemd[1]: Starting mapper subtree-remove /xyz/openbmc_project/software:xyz.openbmc_project.Software.ActivationBlocksTransition...
Aug 25 15:11:42 witherspoon systemd[1]: Created slice system-start_host.slice.
Aug 25 15:11:42 witherspoon systemd[1]: Created slice system-ir35221\x2don\x2dunbind.slice.
Aug 25 15:11:42 witherspoon systemd[1]: Starting power on mode unbind ir35221 device driver devs...
Aug 25 15:11:42 witherspoon systemd[1]: Stopped target Stop Host0 (Pre).
Aug 25 15:11:42 witherspoon ipmid[1160]: Host control timeout hit!
Aug 25 15:11:42 witherspoon ipmid[1160]: Timer expired
Aug 25 15:11:42 witherspoon phosphor-gevent[1119]: ::80d9:6476:8e91:f402%1995430684 - - [2017-08-25 15:11:42] "POST /login HTTP/1.1" 200 320 0.033126
Aug 25 15:11:42 witherspoon obmc-flash-bios[1262]: '/var/lib/phosphor-software-manager/pnor/rw' -> '/media/pnor-rw-136cf504'
Aug 25 15:11:43 witherspoon systemd[1]: xyz.openbmc_project.Ipmi.Internal.SoftPowerOff.service: Main process exited, code=killed, status=15/TERM
Aug 25 15:11:43 witherspoon systemd[1]: Stopped Soft power off of the host.
Aug 25 15:11:43 witherspoon systemd[1]: xyz.openbmc_project.Ipmi.Internal.SoftPowerOff.service: Unit entered failed state.
Aug 25 15:11:43 witherspoon systemd[1]: xyz.openbmc_project.Ipmi.Internal.SoftPowerOff.service: Failed with result 'signal'.
Aug 25 15:11:43 witherspoon systemd[1]: Started Witherspoon Fan Watchdog Reset.
Aug 25 15:11:43 witherspoon systemd[1]: Started Updates symlinks for active PNOR version.
Aug 25 15:11:43 witherspoon systemd[1]: Started Assert power_on LED.
Aug 25 15:11:43 witherspoon systemd[1]: Started Reload mboxd during power on.
Aug 25 15:11:43 witherspoon systemd[1]: Started power on mode unbind ir35221 device driver devs.
Aug 25 15:11:43 witherspoon phosphor-host-state-manager[1187]: Received signal that host is off
Aug 25 15:11:43 witherspoon phosphor-host-state-manager[1187]: Change to Host State
Aug 25 15:11:43 witherspoon phosphor-chassis-state-manager[1156]: Received signal that power OFF is complete
Aug 25 15:11:43 witherspoon phosphor-chassis-state-manager[1156]: Change to Chassis Power State
Aug 25 15:11:43 witherspoon kernel: ucd9000 11-0064: Device ID UCD90160|2.3.4.0000|110603
Aug 25 15:11:43 witherspoon kernel[961]: [  206.850000] ucd9000 11-0064: Device ID UCD90160|2.3.4.0000|110603
Aug 25 15:11:44 witherspoon systemd[1]: Started Disable UCD VCS rails.
Aug 25 15:11:44 witherspoon systemd[1]: Starting Perform power workarounds on VRMs...
Aug 25 15:11:45 witherspoon phosphor-gevent[1119]: ::80d9:6476:8e91:f402%1995430684 - - [2017-08-25 15:11:45] "GET /xyz/openbmc_project/state/chassis0//attr/CurrentPowerState HTTP/1.1" 200 216 2.742905
Aug 25 15:11:45 witherspoon systemd[1]: Started mapper subtree-remove /xyz/openbmc_project/software:xyz.openbmc_project.Software.ActivationBlocksTransition.
Aug 25 15:11:45 witherspoon kernel: ucd9000 11-0064: Device ID UCD90160|2.3.4.0000|110603
Aug 25 15:11:45 witherspoon kernel[961]: [  208.800000] ucd9000 11-0064: Device ID UCD90160|2.3.4.0000|110603
Aug 25 15:11:46 witherspoon systemd[1]: Started Perform power workarounds on VRMs.
Aug 25 15:11:46 witherspoon systemd[1]: Starting Disable the AVS bus on the VRMs...
Aug 25 15:11:47 witherspoon systemd[1]: Started Disable the AVS bus on the VRMs.
Aug 25 15:11:47 witherspoon systemd[1]: Starting Apply voltage overrides to VRMs...
Aug 25 15:11:47 witherspoon vrm-control.sh[1364]: rail        set        read        current
Aug 25 15:11:47 witherspoon vrm-control.sh[1364]: -------        ------- ------- -------
Aug 25 15:11:47 witherspoon systemd[1]: Started Wait for /xyz/openbmc_project/watchdog/host0.
Aug 25 15:11:47 witherspoon vrm-control.sh[1364]: vdna        0.898V        0.004V        0.000A
Aug 25 15:11:48 witherspoon vrm-control.sh[1364]: vdnb        0.898V        0.004V        0.000A
Aug 25 15:11:48 witherspoon systemd[1]: Started Apply voltage overrides to VRMs.
Aug 25 15:11:48 witherspoon systemd[1]: Starting Enable the AVS bus on VRMs...
Aug 25 15:11:48 witherspoon systemd[1]: Started Enable the AVS bus on VRMs.
Aug 25 15:11:48 witherspoon systemd[1]: Starting Disable VCS before Witherspoon power on...
Aug 25 15:11:49 witherspoon systemd[1]: Started Disable VCS before Witherspoon power on.
Aug 25 15:11:49 witherspoon systemd[1]: Reached target Power0 On (Pre).
Aug 25 15:11:49 witherspoon systemd[1]: Starting Start Power0...
Aug 25 15:11:49 witherspoon power_control.exe[1148]: PowerControl: setting power up SOFTWARE_PGOOD to 1
Aug 25 15:11:49 witherspoon power_control.exe[1148]: PowerControl: setting power up BMC_POWER_UP to 1
Aug 25 15:11:49 witherspoon systemd[1]: Started Start Power0.
Aug 25 15:11:49 witherspoon system_manager.py[1092]: Running System State: HOST_POWERING_ON
Aug 25 15:11:49 witherspoon timemanager[1175]:  PGOOD has changed..
Aug 25 15:11:49 witherspoon system_manager.py[1092]: Running System State: HOST_POWERED_ON
Aug 25 15:11:49 witherspoon timemanager[1175]:  User Settings have changed..
Aug 25 15:11:49 witherspoon timemanager[1175]:  PGOOD has changed..
Aug 25 15:11:49 witherspoon timemanager[1175]: Changing time settings is *deferred* now
Aug 25 15:11:49 witherspoon power_control.exe[1148]: PowerControl: pgood: 1, setting reset BMC_CP0_RESET_N to 1
Aug 25 15:11:49 witherspoon systemd[1]: Started Wait for Power0 to turn on.
Aug 25 15:11:49 witherspoon systemd[1]: Reached target Power0 On.
Aug 25 15:11:49 witherspoon systemd[1]: Reached target Power0 (On).
Aug 25 15:11:49 witherspoon systemd[1]: Started Phosphor Fan Control Initialization.
Aug 25 15:11:49 witherspoon systemd[1]: Starting PCIE Slot Presence Detection For Chassis0...
Aug 25 15:11:49 witherspoon systemd[1]: Starting Scan FSI devices...
Aug 25 15:11:50 witherspoon systemd[1]: Started Phosphor Fan Presence Tach Daemon.
Aug 25 15:11:50 witherspoon systemd[1]: Started Scan FSI devices.
Aug 25 15:11:51 witherspoon kernel: occ-hwmon occ1-dev0: failed to get OCC poll response: -19
Aug 25 15:11:50 witherspoon kernel[961]: [  213.560000] occ-hwmon occ1-dev0: failed to get OCC poll response: -19
Aug 25 15:11:50 witherspoon systemd[1]: Starting Run VCS workaround on host0...
Aug 25 15:11:51 witherspoon openpower-proc-control[1511]: P9 procedure vcsWorkaround not needed
Aug 25 15:11:51 witherspoon systemd[1]: Started Run VCS workaround on host0.
Aug 25 15:11:51 witherspoon systemd[1]: Starting Turn VCS on...
Aug 25 15:11:51 witherspoon systemd[1]: Started PCIE Slot Presence Detection For Chassis0.
Aug 25 15:11:53 witherspoon kernel: ucd9000 11-0064: Device ID UCD90160|2.3.4.0000|110603
Aug 25 15:11:53 witherspoon kernel[961]: [  216.300000] ucd9000 11-0064: Device ID UCD90160|2.3.4.0000|110603
Aug 25 15:11:54 witherspoon systemd[1]: Started Turn VCS on.
Aug 25 15:11:54 witherspoon systemd[1]: Starting Power on bind ir35221 device driver devs...
Aug 25 15:11:54 witherspoon systemd[1]: Started Phosphor Hwmon Poller.
Aug 25 15:11:54 witherspoon systemd[1]: Started Phosphor Hwmon Poller.
Aug 25 15:11:55 witherspoon systemd[1]: Started Power on bind ir35221 device driver devs.
Aug 25 15:11:55 witherspoon systemd[1]: Reached target Chassis0 (Power On).
Aug 25 15:11:55 witherspoon systemd[1]: Reached target Start Host0 (Pre).
Aug 25 15:11:55 witherspoon systemd[1]: Starting Start host0 SBE...
Aug 25 15:11:55 witherspoon openpower-proc-control[1551]: Running P9 procedure startHost
Aug 25 15:11:55 witherspoon kernel:  slave@00:00: status: 0xc4000511, sisc: 0x82040000
Aug 25 15:11:55 witherspoon kernel[961]: [  218.190000]  slave@00:00: status: 0xc4000511, sisc: 0x82040000
Aug 25 15:11:55 witherspoon phosphor-chassis-state-manager[1156]: Received signal that power ON is complete
Aug 25 15:11:55 witherspoon phosphor-chassis-state-manager[1156]: Change to Chassis Power State
Aug 25 15:11:55 witherspoon systemd[1]: Started Phosphor Hwmon Poller.
Aug 25 15:11:55 witherspoon systemd[1]: Started Phosphor Hwmon Poller.
Aug 25 15:11:56 witherspoon phosphor-gevent[1119]: ::80d9:6476:8e91:f402%1995430684 - - [2017-08-25 15:11:56] "POST /login HTTP/1.1" 200 320 0.032729
Aug 25 15:11:56 witherspoon openpower-proc-control[1551]: Setting SBE seeprom side to 1
Aug 25 15:11:56 witherspoon systemd[1]: Started Start host0 SBE.
Aug 25 15:11:56 witherspoon systemd[1]: Reached target Host0 (Starting).
Aug 25 15:11:56 witherspoon systemd[1]: Reached target Host0 (Started).
Aug 25 15:11:56 witherspoon systemd[1]: Starting Start Watchdog0...
Aug 25 15:11:56 witherspoon phosphor-gevent[1119]: ::80d9:6476:8e91:f402%1995430684 - - [2017-08-25 15:11:56] "GET /xyz/openbmc_project/state/chassis0//attr/CurrentPowerState HTTP/1.1" 200 215 0.707195
Aug 25 15:11:57 witherspoon phosphor-gevent[1119]: ::80d9:6476:8e91:f402%1995430684 - - [2017-08-25 15:11:57] "POST /login HTTP/1.1" 200 320 0.033097
Aug 25 15:11:57 witherspoon phosphor-watchdog[1260]: watchdog: enabled and started
Aug 25 15:11:57 witherspoon systemd[1]: Started Start Watchdog0.
