-- Logs begin at Wed 2017-08-23 03:43:06 UTC, end at Wed 2017-08-23 03:51:14 UTC. --
Aug 23 03:43:06 witherspoon kernel: Booting Linux on physical CPU 0x0
Aug 23 03:43:06 witherspoon kernel: Linux version 4.10.17-1a4df30c39cf5ee0e3d2528c409787ccbb4a672a (jenkins@openbmc-builder1) (gcc version 6.2.0 (GCC) ) #1 Wed Aug 23 02:50:54 UTC 2017
Aug 23 03:43:06 witherspoon kernel: CPU: ARMv6-compatible processor [410fb767] revision 7 (ARMv7), cr=00c5387d
Aug 23 03:43:06 witherspoon kernel: CPU: PIPT / VIPT nonaliasing data cache, VIPT nonaliasing instruction cache
Aug 23 03:43:06 witherspoon kernel: OF: fdt:Machine model: Witherspoon BMC
Aug 23 03:43:06 witherspoon kernel: Memory policy: Data cache writeback
Aug 23 03:43:06 witherspoon kernel: SOC Rev: 04030303
Aug 23 03:43:06 witherspoon kernel: On node 0 totalpages: 110592
Aug 23 03:43:06 witherspoon kernel: free_area_init_node: node 0, pgdat 80601864, node_mem_map 9ec1a000
Aug 23 03:43:06 witherspoon kernel:   Normal zone: 992 pages used for memmap
Aug 23 03:43:06 witherspoon kernel:   Normal zone: 0 pages reserved
Aug 23 03:43:06 witherspoon kernel:   Normal zone: 110592 pages, LIFO batch:31
Aug 23 03:43:06 witherspoon kernel: pcpu-alloc: s0 r0 d32768 u32768 alloc=1*32768
Aug 23 03:43:06 witherspoon kernel: pcpu-alloc: [0] 0 
Aug 23 03:43:06 witherspoon kernel: Built 1 zonelists in Zone order, mobility grouping on.  Total pages: 109600
Aug 23 03:43:06 witherspoon kernel: Kernel command line: console=ttyS4,115200n8 root=/dev/ram rw
Aug 23 03:43:06 witherspoon kernel: PID hash table entries: 2048 (order: 1, 8192 bytes)
Aug 23 03:43:06 witherspoon kernel: Dentry cache hash table entries: 65536 (order: 6, 262144 bytes)
Aug 23 03:43:06 witherspoon kernel: Inode-cache hash table entries: 32768 (order: 5, 131072 bytes)
Aug 23 03:43:06 witherspoon kernel: Memory: 430424K/442368K available (4074K kernel code, 281K rwdata, 1196K rodata, 280K init, 111K bss, 11944K reserved, 0K cma-reserved)
Aug 23 03:43:06 witherspoon kernel: Virtual kernel memory layout:
                                        vector  : 0xffff0000 - 0xffff1000   (   4 kB)
                                        fixmap  : 0xffc00000 - 0xfff00000   (3072 kB)
                                        vmalloc : 0x9f800000 - 0xff800000   (1536 MB)
                                        lowmem  : 0x80000000 - 0x9f000000   ( 496 MB)
                                          .text : 0x80008000 - 0x80402cb0   (4076 kB)
                                          .init : 0x80588000 - 0x805ce000   ( 280 kB)
                                          .data : 0x805ce000 - 0x80614710   ( 282 kB)
                                           .bss : 0x80614710 - 0x806305b8   ( 112 kB)
Aug 23 03:43:06 witherspoon kernel: NR_IRQS:16 nr_irqs:16 16
Aug 23 03:43:06 witherspoon kernel: i2c controller registered, irq 16
Aug 23 03:43:06 witherspoon kernel: clocksource: moxart_timer: mask: 0xffffffff max_cycles: 0xffffffff, max_idle_ns: 77222644334 ns
Aug 23 03:43:06 witherspoon kernel: sched_clock: 32 bits at 100 Hz, resolution 10000000ns, wraps every 21474836475000000ns
Aug 23 03:43:06 witherspoon kernel: Calibrating delay loop... 789.70 BogoMIPS (lpj=3948544)
Aug 23 03:43:06 witherspoon kernel: pid_max: default: 32768 minimum: 301
Aug 23 03:43:06 witherspoon kernel: Mount-cache hash table entries: 1024 (order: 0, 4096 bytes)
Aug 23 03:43:06 witherspoon kernel: Mountpoint-cache hash table entries: 1024 (order: 0, 4096 bytes)
Aug 23 03:43:06 witherspoon kernel: CPU: Testing write buffer coherency: ok
Aug 23 03:43:06 witherspoon kernel: ftrace: allocating 14972 entries in 44 pages
Aug 23 03:43:06 witherspoon kernel: Setting up static identity map for 0x80008200 - 0x8000825c
Aug 23 03:43:06 witherspoon kernel: devtmpfs: initialized
Aug 23 03:43:06 witherspoon kernel: clocksource: jiffies: mask: 0xffffffff max_cycles: 0xffffffff, max_idle_ns: 19112604462750000 ns
Aug 23 03:43:06 witherspoon kernel: futex hash table entries: 256 (order: -1, 3072 bytes)
Aug 23 03:43:06 witherspoon kernel: pinctrl core: initialized pinctrl subsystem
Aug 23 03:43:06 witherspoon kernel: NET: Registered protocol family 16
Aug 23 03:43:06 witherspoon kernel: DMA: preallocated 256 KiB pool for atomic coherent allocations
Aug 23 03:43:06 witherspoon kernel: usbcore: registered new interface driver usbfs
Aug 23 03:43:06 witherspoon kernel: usbcore: registered new interface driver hub
Aug 23 03:43:06 witherspoon kernel: usbcore: registered new device driver usb
Aug 23 03:43:06 witherspoon kernel: clocksource: Switched to clocksource moxart_timer
Aug 23 03:43:06 witherspoon kernel: NET: Registered protocol family 2
Aug 23 03:43:06 witherspoon kernel: TCP established hash table entries: 4096 (order: 2, 16384 bytes)
Aug 23 03:43:06 witherspoon kernel: TCP bind hash table entries: 4096 (order: 2, 16384 bytes)
Aug 23 03:43:06 witherspoon kernel: TCP: Hash tables configured (established 4096 bind 4096)
Aug 23 03:43:06 witherspoon kernel: UDP hash table entries: 256 (order: 0, 4096 bytes)
Aug 23 03:43:06 witherspoon kernel: UDP-Lite hash table entries: 256 (order: 0, 4096 bytes)
Aug 23 03:43:06 witherspoon kernel: NET: Registered protocol family 1
Aug 23 03:43:06 witherspoon kernel: Trying to unpack rootfs image as initramfs...
Aug 23 03:43:06 witherspoon kernel: Freeing initrd memory: 1544K
Aug 23 03:43:06 witherspoon kernel: workingset: timestamp_bits=30 max_order=17 bucket_order=0
Aug 23 03:43:06 witherspoon kernel: squashfs: version 4.0 (2009/01/31) Phillip Lougher
Aug 23 03:43:06 witherspoon kernel: jffs2: version 2.2. (SUMMARY)  © 2001-2006 Red Hat, Inc.
Aug 23 03:43:06 witherspoon kernel: Block layer SCSI generic (bsg) driver version 0.4 loaded (major 250)
Aug 23 03:43:06 witherspoon kernel: io scheduler noop registered
Aug 23 03:43:06 witherspoon kernel: io scheduler deadline registered
Aug 23 03:43:06 witherspoon kernel: io scheduler cfq registered (default)
Aug 23 03:43:06 witherspoon kernel: ipmi-bt-host 1e789140.ibt: Found bt bmc device
Aug 23 03:43:06 witherspoon kernel: ipmi-bt-host 1e789140.ibt: Using IRQ 22
Aug 23 03:43:06 witherspoon kernel: Serial: 8250/16550 driver, 6 ports, IRQ sharing enabled
Aug 23 03:43:06 witherspoon kernel: 1e787000.vuart: ttyS0 at MMIO 0x1e787000 (irq = 22, base_baud = 1500000) is a 16550A
Aug 23 03:43:06 witherspoon kernel: 1e783000.serial: ttyS1 at MMIO 0x1e783000 (irq = 23, base_baud = 1500000) is a 16550A
Aug 23 03:43:06 witherspoon kernel: 1e78d000.serial: ttyS2 at MMIO 0x1e78d000 (irq = 24, base_baud = 1500000) is a 16550A
Aug 23 03:43:06 witherspoon kernel: 1e784000.serial: ttyS4 at MMIO 0x1e784000 (irq = 25, base_baud = 1500000) is a 16550A
Aug 23 03:43:06 witherspoon kernel: console [ttyS4] enabled
Aug 23 03:43:06 witherspoon kernel: timeriomem_rng 1e6e2078.hwrng: 32bits from 0xf00e2078 @ 1us
Aug 23 03:43:06 witherspoon kernel: random: fast init done
Aug 23 03:43:06 witherspoon kernel: brd: module loaded
Aug 23 03:43:06 witherspoon kernel: loop: module loaded
Aug 23 03:43:06 witherspoon kernel: aspeed-lpc-ctrl 1e789080.lpc-ctrl: Loaded at 0x98000000 (0x04000000)
Aug 23 03:43:06 witherspoon kernel: aspeed-smc 1e620000.flash-controller: Using IRQ 18
Aug 23 03:43:06 witherspoon kernel: aspeed-smc 1e620000.flash-controller: DMA support disabled.
Aug 23 03:43:06 witherspoon kernel: aspeed-smc 1e620000.flash-controller: mx25l25635e (32768 Kbytes)
Aug 23 03:43:06 witherspoon kernel: aspeed-smc 1e620000.flash-controller: CE0 window [ 0x20000000 - 0x22000000 ] 32MB
Aug 23 03:43:06 witherspoon kernel: aspeed-smc 1e620000.flash-controller: CE1 window [ 0x22000000 - 0x2a000000 ] 128MB
Aug 23 03:43:06 witherspoon kernel: 5 ofpart partitions found on MTD device bmc
Aug 23 03:43:07 witherspoon kernel: Creating 5 MTD partitions on "bmc":
Aug 23 03:43:07 witherspoon kernel: 0x000000000000-0x000000060000 : "u-boot"
Aug 23 03:43:07 witherspoon kernel: 0x000000060000-0x000000080000 : "u-boot-env"
Aug 23 03:43:07 witherspoon kernel: random: crng init done
Aug 23 03:43:07 witherspoon kernel: 0x000000080000-0x0000004c0000 : "kernel"
Aug 23 03:43:07 witherspoon kernel: 0x0000004c0000-0x000001c00000 : "rofs"
Aug 23 03:43:07 witherspoon kernel: 0x000001c00000-0x000002000000 : "rwfs"
Aug 23 03:43:07 witherspoon kernel: aspeed-smc 1e620000.flash-controller: mx25l25635e (32768 Kbytes)
Aug 23 03:43:07 witherspoon kernel: aspeed-smc 1e620000.flash-controller: CE1 window [ 0x22000000 - 0x24000000 ] 32MB
Aug 23 03:43:07 witherspoon kernel: aspeed-smc 1e620000.flash-controller: CE2 window [ 0x24000000 - 0x2c000000 ] 128MB
Aug 23 03:43:07 witherspoon kernel: aspeed-smc 1e630000.flash-controller: mx66l1g45g (131072 Kbytes)
Aug 23 03:43:07 witherspoon kernel: aspeed-smc 1e630000.flash-controller: CE0 window resized to 120MB (AST2500 HW quirk)
Aug 23 03:43:07 witherspoon kernel: aspeed-smc 1e630000.flash-controller: CE0 window [ 0x30000000 - 0x37800000 ] 120MB
Aug 23 03:43:07 witherspoon kernel: aspeed-smc 1e630000.flash-controller: CE0 window too small for chip 128MB
Aug 23 03:43:07 witherspoon kernel: aspeed-smc 1e630000.flash-controller: CE1 window [ 0x37800000 - 0x38000000 ] 8MB
Aug 23 03:43:07 witherspoon kernel: libphy: Fixed MDIO Bus: probed
Aug 23 03:43:07 witherspoon kernel: ftgmac100 1e660000.ethernet: Read MAC address 70:e2:84:14:23:e1 from chip
Aug 23 03:43:07 witherspoon kernel: ftgmac100 1e660000.ethernet: Using NCSI interface
Aug 23 03:43:07 witherspoon kernel: ftgmac100 1e660000.ethernet eth0: irq 20, mapped at f0060000
Aug 23 03:43:07 witherspoon kernel: ehci_hcd: USB 2.0 'Enhanced' Host Controller (EHCI) Driver
Aug 23 03:43:07 witherspoon kernel: ehci-platform: EHCI generic platform driver
Aug 23 03:43:07 witherspoon kernel:  fsi0: can't read slave 00:00 -5
Aug 23 03:43:07 witherspoon kernel: i2c /dev entries driver
Aug 23 03:43:07 witherspoon kernel: aspeed-i2c-bus 1e78a0c0.i2c-bus: i2c bus 2 registered, irq 26
Aug 23 03:43:07 witherspoon kernel: aspeed-i2c-bus 1e78a100.i2c-bus: i2c bus 3 registered, irq 27
Aug 23 03:43:07 witherspoon kernel: aspeed-i2c-bus 1e78a140.i2c-bus: i2c bus 4 registered, irq 28
Aug 23 03:43:07 witherspoon kernel: aspeed-i2c-bus 1e78a180.i2c-bus: i2c bus 5 registered, irq 29
Aug 23 03:43:07 witherspoon kernel: aspeed-i2c-bus 1e78a380.i2c-bus: i2c bus 9 registered, irq 30
Aug 23 03:43:07 witherspoon kernel: aspeed-i2c-bus 1e78a3c0.i2c-bus: i2c bus 10 registered, irq 31
Aug 23 03:43:07 witherspoon kernel: rtc-rv8803 11-0032: Voltage low, temperature compensation stopped.
Aug 23 03:43:07 witherspoon kernel: rtc-rv8803 11-0032: An alarm maybe have been missed.
Aug 23 03:43:07 witherspoon kernel: rtc-rv8803 11-0032: rtc core: registered rx8900 as rtc0
Aug 23 03:43:07 witherspoon kernel: at24 11-0051: 8192 byte 24c64 EEPROM, writable, 1 bytes/write
Aug 23 03:43:07 witherspoon kernel: aspeed-i2c-bus 1e78a400.i2c-bus: i2c bus 11 registered, irq 32
Aug 23 03:43:07 witherspoon kernel: aspeed-i2c-bus 1e78a440.i2c-bus: i2c bus 12 registered, irq 33
Aug 23 03:43:07 witherspoon kernel: aspeed-i2c-bus 1e78a480.i2c-bus: i2c bus 13 registered, irq 34
Aug 23 03:43:07 witherspoon kernel: Driver for 1-wire Dallas network protocol.
Aug 23 03:43:07 witherspoon kernel: lm75 9-004a: hwmon0: sensor 'tmp275'
Aug 23 03:43:07 witherspoon kernel: ucd9000 11-0064: Device ID UCD90160|2.3.4.0000|110603
Aug 23 03:43:07 witherspoon kernel: leds-pca955x 3-0060: leds-pca955x: Using pca9552 16-bit LED driver at slave address 0x60
Aug 23 03:43:07 witherspoon kernel: leds-pca955x 3-0060: gpios 264...279
Aug 23 03:43:07 witherspoon kernel: leds-pca955x 11-0060: leds-pca955x: Using pca9552 16-bit LED driver at slave address 0x60
Aug 23 03:43:07 witherspoon kernel: leds-pca955x 11-0060: gpios 248...263
Aug 23 03:43:07 witherspoon kernel: usbcore: registered new interface driver usbhid
Aug 23 03:43:07 witherspoon kernel: usbhid: USB HID core driver
Aug 23 03:43:07 witherspoon kernel: NET: Registered protocol family 10
Aug 23 03:43:07 witherspoon kernel: Segment Routing with IPv6
Aug 23 03:43:07 witherspoon kernel: NET: Registered protocol family 17
Aug 23 03:43:07 witherspoon kernel: 8021q: 802.1Q VLAN Support v1.8
Aug 23 03:43:07 witherspoon kernel: input: gpio-keys-polled as /devices/platform/gpio-keys-polled/input/input1
Aug 23 03:43:07 witherspoon kernel: console [netcon0] enabled
Aug 23 03:43:07 witherspoon kernel: netconsole: network logging started
Aug 23 03:43:07 witherspoon kernel: input: gpio-keys as /devices/platform/gpio-keys/input/input2
Aug 23 03:43:07 witherspoon kernel: rtc-rv8803 11-0032: setting system clock to 2017-08-23 03:42:59 UTC (1503459779)
Aug 23 03:43:07 witherspoon kernel: Freeing unused kernel memory: 280K
Aug 23 03:43:07 witherspoon kernel: This architecture does not have kernel memory protection.
Aug 23 03:43:07 witherspoon kernel: jffs2: notice: (540) jffs2_build_xattr_subsystem: complete building xattr subsystem, 0 of xdatum (0 unchecked, 0 orphan) and 0 of xref (0 dead, 0 orphan) found.
Aug 23 03:43:07 witherspoon systemd[1]: Failed to insert module 'autofs4': No such file or directory
Aug 23 03:43:07 witherspoon systemd[1]: systemd 232 running in system mode. (+PAM -AUDIT -SELINUX -IMA -APPARMOR -SMACK +SYSVINIT -UTMP -LIBCRYPTSETUP -GCRYPT -GNUTLS +ACL +XZ -LZ4 -SECCOMP +BLKID -ELFUTILS +KMOD -IDN)
Aug 23 03:43:07 witherspoon systemd[1]: Detected architecture arm.
Aug 23 03:43:07 witherspoon systemd[1]: Set hostname to <witherspoon>.
Aug 23 03:43:07 witherspoon systemd[1]: Listening on udev Control Socket.
Aug 23 03:43:07 witherspoon systemd[1]: Listening on Journal Socket (/dev/log).
Aug 23 03:43:07 witherspoon systemd[1]: Reached target Swap.
Aug 23 03:43:07 witherspoon systemd[1]: Started Dispatch Password Requests to Console Directory Watch.
Aug 23 03:43:07 witherspoon systemd[1]: Listening on Journal Socket.
Aug 23 03:43:07 witherspoon systemd[1]: Listening on Syslog Socket.
Aug 23 03:43:07 witherspoon systemd[1]: Listening on udev Kernel Socket.
Aug 23 03:43:07 witherspoon systemd-journald[565]: Journal started
Aug 23 03:43:07 witherspoon systemd-journald[565]: Runtime journal (/run/log/journal/cc6e1404d87444e8a089dfdb00a18f7d) is 0B, max 0B, 0B free.
Aug 23 03:43:07 witherspoon systemd-sysctl[659]: Couldn't write '16' to 'kernel/sysrq', ignoring: No such file or directory
Aug 23 03:43:07 witherspoon systemd-sysctl[659]: Couldn't write 'fq_codel' to 'net/core/default_qdisc', ignoring: No such file or directory
Aug 23 03:43:07 witherspoon systemd[1]: Started Remount Root and Kernel File Systems.
Aug 23 03:43:07 witherspoon systemd[1]: Started Apply Kernel Variables.
Aug 23 03:43:07 witherspoon systemd[1]: Starting Create System Users...
Aug 23 03:43:07 witherspoon systemd[1]: Starting Flush Journal to Persistent Storage...
Aug 23 03:43:08 witherspoon systemd-journald[565]: Runtime journal (/run/log/journal/cc6e1404d87444e8a089dfdb00a18f7d) is 0B, max 0B, 0B free.
Aug 23 03:43:08 witherspoon systemd[1]: Started Flush Journal to Persistent Storage.
Aug 23 03:43:08 witherspoon systemd[1]: Started udev Coldplug all Devices.
Aug 23 03:43:08 witherspoon systemd[1]: Started Create System Users.
Aug 23 03:43:08 witherspoon systemd[1]: Starting Create Static Device Nodes in /dev...
Aug 23 03:43:08 witherspoon systemd[1]: Started Create Static Device Nodes in /dev.
Aug 23 03:43:08 witherspoon systemd[1]: Starting udev Kernel Device Manager...
Aug 23 03:43:08 witherspoon systemd[1]: Reached target Local File Systems (Pre).
Aug 23 03:43:08 witherspoon systemd[1]: Mounting /var/volatile...
Aug 23 03:43:09 witherspoon systemd[1]: Mounting /usr/local...
Aug 23 03:43:09 witherspoon systemd[1]: Mounted /var/volatile.
Aug 23 03:43:09 witherspoon systemd[1]: Mounted /usr/local.
Aug 23 03:43:09 witherspoon systemd[1]: Reached target Local File Systems.
Aug 23 03:43:09 witherspoon systemd[1]: Starting Create Volatile Files and Directories...
Aug 23 03:43:09 witherspoon systemd[1]: Starting Rebuild Journal Catalog...
Aug 23 03:43:09 witherspoon systemd[1]: Starting Load/Save Random Seed...
Aug 23 03:43:10 witherspoon systemd[1]: Started udev Kernel Device Manager.
Aug 23 03:43:11 witherspoon systemd-udevd[934]: rename '/dev/mtd/.tmp-c90:15' '/dev/mtd/' failed: Not a directory
Aug 23 03:43:11 witherspoon systemd-udevd[931]: rename '/dev/mtd/.tmp-c90:13' '/dev/mtd/' failed: Not a directory
Aug 23 03:43:11 witherspoon systemd-udevd[933]: rename '/dev/mtd/.tmp-c90:1' '/dev/mtd/' failed: Not a directory
Aug 23 03:43:11 witherspoon systemd-udevd[932]: rename '/dev/mtd/.tmp-c90:11' '/dev/mtd/' failed: Not a directory
Aug 23 03:43:11 witherspoon systemd-udevd[927]: rename '/dev/mtd/.tmp-c90:9' '/dev/mtd/' failed: Not a directory
Aug 23 03:43:11 witherspoon systemd-udevd[935]: rename '/dev/mtd/.tmp-c90:7' '/dev/mtd/' failed: Not a directory
Aug 23 03:43:11 witherspoon systemd-udevd[930]: rename '/dev/mtd/.tmp-c90:3' '/dev/mtd/' failed: Not a directory
Aug 23 03:43:11 witherspoon systemd-udevd[936]: rename '/dev/mtd/.tmp-c90:5' '/dev/mtd/' failed: Not a directory
Aug 23 03:43:11 witherspoon systemd[1]: Found device /dev/aspeed-lpc-ctrl.
Aug 23 03:43:11 witherspoon systemd[1]: Found device /dev/aspeed-mbox.
Aug 23 03:43:11 witherspoon systemd[1]: Found device /dev/ttyS4.
Aug 23 03:43:11 witherspoon systemd[1]: Found device /dev/ttyVUART0.
Aug 23 03:43:12 witherspoon systemd-tmpfiles[924]: "/var/tmp" already exists and is not a directory.
Aug 23 03:43:12 witherspoon systemd-tmpfiles[924]: "/var/log" already exists and is not a directory.
Aug 23 03:43:12 witherspoon systemd[1]: Started Create Volatile Files and Directories.
Aug 23 03:43:13 witherspoon systemd[1]: Started Rebuild Journal Catalog.
Aug 23 03:43:13 witherspoon systemd[1]: Started Load/Save Random Seed.
Aug 23 03:43:13 witherspoon systemd[1]: Created slice system-xyz.openbmc_project.led.controller.slice.
Aug 23 03:43:14 witherspoon systemd[1]: Created slice system-xyz.openbmc_project.Hwmon.slice.
Aug 23 03:43:14 witherspoon systemd[1]: dev-hugepages.mount: Couldn't determine result for ConditionVirtualization=!private-users, assuming failed: No such file or directory
Aug 23 03:43:14 witherspoon systemd[1]: Starting Network Time Synchronization...
Aug 23 03:43:14 witherspoon systemd[1]: Starting Update is Completed...
Aug 23 03:43:14 witherspoon systemd[1]: Started Network Time Synchronization.
Aug 23 03:43:15 witherspoon systemd[1]: Started Update is Completed.
Aug 23 03:43:15 witherspoon systemd[1]: Reached target System Initialization.
Aug 23 03:43:15 witherspoon systemd[1]: Started Daily Cleanup of Temporary Directories.
Aug 23 03:43:15 witherspoon systemd[1]: Reached target Timers.
Aug 23 03:43:15 witherspoon systemd[1]: Listening on phosphor-ipmi-net.socket.
Aug 23 03:43:15 witherspoon systemd[1]: Listening on D-Bus System Message Bus Socket.
Aug 23 03:43:16 witherspoon systemd[1]: Listening on Phosphor DBUS Browser socket.
Aug 23 03:43:16 witherspoon systemd[1]: Listening on dropbear.socket.
Aug 23 03:43:16 witherspoon systemd[1]: Listening on Phosphor Host Console SSH Per-Connection socket.
Aug 23 03:43:16 witherspoon systemd[1]: Listening on Phosphor Webserver socket.
Aug 23 03:43:16 witherspoon systemd[1]: Listening on Avahi mDNS/DNS-SD Stack Activation Socket.
Aug 23 03:43:17 witherspoon systemd[1]: Reached target Sockets.
Aug 23 03:43:17 witherspoon systemd[1]: Reached target Basic System.
Aug 23 03:43:17 witherspoon systemd[1]: Starting Remount the squashfs and ubi volumes after a reboot...
Aug 23 03:43:17 witherspoon systemd[1]: Starting Avahi mDNS/DNS-SD Stack...
Aug 23 03:43:17 witherspoon systemd[1]: Starting Phosphor BMC0 Control...
Aug 23 03:43:17 witherspoon systemd[1]: Started Phosphor sysfs LED controller.
Aug 23 03:43:17 witherspoon systemd[1]: Started Phosphor sysfs LED controller.
Aug 23 03:43:18 witherspoon systemd[1]: Starting Clear one time boot overrides...
Aug 23 03:43:18 witherspoon systemd[1]: Started Phosphor sysfs LED controller.
Aug 23 03:43:18 witherspoon systemd[1]: Starting Phosphor LED Group Management Daemon...
Aug 23 03:43:18 witherspoon systemd[1]: Starting Phosphor Download Manager...
Aug 23 03:43:18 witherspoon systemd[1]: Starting Phosphor User Manager...
Aug 23 03:43:18 witherspoon systemd[1]: Started Phosphor sysfs LED controller.
Aug 23 03:43:19 witherspoon systemd[1]: Started Hardware RNG Entropy Gatherer Daemon.
Aug 23 03:43:19 witherspoon systemd[1]: Started Phosphor Dump core monitor..
Aug 23 03:43:19 witherspoon avahi-daemon[955]: Found user 'avahi' (UID 999) and group 'avahi' (GID 999).
Aug 23 03:43:19 witherspoon avahi-daemon[955]: Successfully dropped root privileges.
Aug 23 03:43:19 witherspoon avahi-daemon[955]: avahi-daemon 0.6.32 starting up.
Aug 23 03:43:19 witherspoon systemd[1]: Started Phosphor Console Muxer listening on device /dev/ttyVUART0.
Aug 23 03:43:20 witherspoon systemd[1]: Starting Updates symlinks for active PNOR version...
Aug 23 03:43:20 witherspoon systemd[1]: Started Phosphor sysfs LED controller.
Aug 23 03:43:20 witherspoon obmc-flash-bios[972]: ls: /media/pnor-ro-*: No such file or directory
Aug 23 03:43:20 witherspoon systemd[1]: Reached target Containers.
Aug 23 03:43:20 witherspoon systemd[1]: Started Phosphor sysfs LED controller.
Aug 23 03:43:20 witherspoon systemd[1]: Starting Phosphor IPMI BT DBus Bridge...
Aug 23 03:43:20 witherspoon systemd[1]: Started D-Bus System Message Bus.
Aug 23 03:43:22 witherspoon avahi-daemon[955]: Successfully called chroot().
Aug 23 03:43:22 witherspoon avahi-daemon[955]: Successfully dropped remaining capabilities.
Aug 23 03:43:22 witherspoon avahi-daemon[955]: Loading service file /services/obmc_console.service.
Aug 23 03:43:22 witherspoon avahi-daemon[955]: Loading service file /services/phosphor_rest.service.
Aug 23 03:43:22 witherspoon avahi-daemon[955]: Loading service file /services/sftp-ssh.service.
Aug 23 03:43:22 witherspoon avahi-daemon[955]: Loading service file /services/sftp.service.
Aug 23 03:43:22 witherspoon avahi-daemon[955]: Loading service file /services/ssh.service.
Aug 23 03:43:22 witherspoon avahi-daemon[955]: Network interface enumeration completed.
Aug 23 03:43:22 witherspoon avahi-daemon[955]: Server startup complete. Host name is witherspoon.local. Local service cookie is 2898940288.
Aug 23 03:43:22 witherspoon avahi-daemon[955]: Service "witherspoon" (/services/ssh.service) successfully established.
Aug 23 03:43:22 witherspoon avahi-daemon[955]: Service "sftp" (/services/sftp.service) successfully established.
Aug 23 03:43:22 witherspoon avahi-daemon[955]: Service "witherspoon" (/services/sftp-ssh.service) successfully established.
Aug 23 03:43:22 witherspoon avahi-daemon[955]: Service "phosphor_rest" (/services/phosphor_rest.service) successfully established.
Aug 23 03:43:22 witherspoon avahi-daemon[955]: Service "obmc_console" (/services/obmc_console.service) successfully established.
Aug 23 03:43:22 witherspoon systemd[1]: Started Avahi mDNS/DNS-SD Stack.
Aug 23 03:43:22 witherspoon systemd[1]: Started Phosphor IPMI BT DBus Bridge.
Aug 23 03:43:22 witherspoon systemd[1]: Started Phosphor sysfs LED controller.
Aug 23 03:43:22 witherspoon systemd[1]: Starting Phosphor Settings Daemon...
Aug 23 03:43:23 witherspoon systemd[1]: Started Phosphor sysfs LED controller.
Aug 23 03:43:23 witherspoon systemd[1]: Started Phosphor sysfs LED controller.
Aug 23 03:43:23 witherspoon systemd[1]: Starting Phosphor Chassis0 Control...
Aug 23 03:43:23 witherspoon systemd[1]: Started System Logging Service.
Aug 23 03:43:23 witherspoon systemd[1]: Starting Phosphor Download Manager...
Aug 23 03:43:23 witherspoon systemd[1]: Starting Phosphor DBus Service Discovery Manager...
Aug 23 03:43:23 witherspoon systemd[1]: Starting Phosphor Inventory Manager...
Aug 23 03:43:23 witherspoon systemd[1]: Starting Phosphor Inventory Manager...
Aug 23 03:43:23 witherspoon systemd[1]: Starting Phosphor Network Manager...
Aug 23 03:43:23 witherspoon systemd[1]: Starting Network Service...
Aug 23 03:43:23 witherspoon systemd[1]: Starting Remount the ubi volume after a reboot...
Aug 23 03:43:23 witherspoon systemd[1]: Started Kernel Logging Service.
Aug 23 03:43:24 witherspoon systemd[1]: Starting Phosphor Sensor Manager...
Aug 23 03:43:24 witherspoon systemd[1]: Starting Phosphor Log Manager...
Aug 23 03:43:24 witherspoon systemd[1]: Started Phosphor sysfs LED controller.
Aug 23 03:43:24 witherspoon kernel[995]: klogd started: BusyBox v1.24.1 (2017-06-16 19:29:08 UTC)
Aug 23 03:43:24 witherspoon kernel[995]: [    0.000000] Booting Linux on physical CPU 0x0
Aug 23 03:43:24 witherspoon kernel[995]: [    0.000000] Linux version 4.10.17-1a4df30c39cf5ee0e3d2528c409787ccbb4a672a (jenkins@openbmc-builder1) (gcc version 6.2.0 (GCC) ) #1 Wed Aug 23 02:50:54 UTC 2017
Aug 23 03:43:24 witherspoon kernel[995]: [    0.000000] CPU: ARMv6-compatible processor [410fb767] revision 7 (ARMv7), cr=00c5387d
Aug 23 03:43:24 witherspoon kernel[995]: [    0.000000] CPU: PIPT / VIPT nonaliasing data cache, VIPT nonaliasing instruction cache
Aug 23 03:43:24 witherspoon kernel[995]: [    0.000000] OF: fdt:Machine model: Witherspoon BMC
Aug 23 03:43:24 witherspoon systemd[1]: Starting Phosphor Dump Manager...
Aug 23 03:43:24 witherspoon kernel[995]: [    0.000000] Memory policy: Data cache writeback
Aug 23 03:43:24 witherspoon systemd[1]: Reached target System Time Synchronized.
Aug 23 03:43:24 witherspoon kernel[995]: [    0.000000] SOC Rev: 04030303
Aug 23 03:43:24 witherspoon systemd[1]: Started Remount the squashfs and ubi volumes after a reboot.
Aug 23 03:43:25 witherspoon obmc-flash-bmc[994]: hexdump: /dev/mtd: Is a directory
Aug 23 03:43:24 witherspoon kernel[995]: [    0.000000] On node 0 totalpages: 110592
Aug 23 03:43:24 witherspoon systemd[1]: Started Clear one time boot overrides.
Aug 23 03:43:24 witherspoon kernel[995]: [    0.000000] free_area_init_node: node 0, pgdat 80601864, node_mem_map 9ec1a000
Aug 23 03:43:24 witherspoon systemd[1]: Started Updates symlinks for active PNOR version.
Aug 23 03:43:24 witherspoon kernel[995]: [    0.000000]   Normal zone: 992 pages used for memmap
Aug 23 03:43:25 witherspoon systemd[1]: Started Phosphor LED Group Management Daemon.
Aug 23 03:43:24 witherspoon kernel[995]: [    0.000000]   Normal zone: 0 pages reserved
Aug 23 03:43:25 witherspoon systemd[1]: Started Phosphor Download Manager.
Aug 23 03:43:24 witherspoon kernel[995]: [    0.000000]   Normal zone: 110592 pages, LIFO batch:31
Aug 23 03:43:25 witherspoon systemd[1]: Starting OpenPower Software Update Manager...
Aug 23 03:43:24 witherspoon kernel[995]: [    0.000000] pcpu-alloc: s0 r0 d32768 u32768 alloc=1*32768
Aug 23 03:43:25 witherspoon systemd[1]: Started Phosphor Settings Daemon.
Aug 23 03:43:24 witherspoon kernel[995]: [    0.000000] pcpu-alloc: [0] 0
Aug 23 03:43:24 witherspoon kernel[995]: [    0.000000] Built 1 zonelists in Zone order, mobility grouping on.  Total pages: 109600
Aug 23 03:43:26 witherspoon systemd[1]: Started Phosphor Dump Manager.
Aug 23 03:43:24 witherspoon kernel[995]: [    0.000000] Kernel command line: console=ttyS4,115200n8 root=/dev/ram rw
Aug 23 03:43:27 witherspoon systemd[1]: Started Phosphor BMC0 Control.
Aug 23 03:43:24 witherspoon kernel[995]: [    0.000000] PID hash table entries: 2048 (order: 1, 8192 bytes)
Aug 23 03:43:24 witherspoon kernel[995]: [    0.000000] Dentry cache hash table entries: 65536 (order: 6, 262144 bytes)
Aug 23 03:43:24 witherspoon kernel[995]: [    0.000000] Inode-cache hash table entries: 32768 (order: 5, 131072 bytes)
Aug 23 03:43:24 witherspoon kernel[995]: [    0.000000] Memory: 430424K/442368K available (4074K kernel code, 281K rwdata, 1196K rodata, 280K init, 111K bss, 11944K reserved, 0K cma-reserved)
Aug 23 03:43:24 witherspoon kernel[995]: [    0.000000] Virtual kernel memory layout:
Aug 23 03:43:24 witherspoon kernel[995]: [    0.000000]     vector  : 0xffff0000 - 0xffff1000   (   4 kB)
Aug 23 03:43:24 witherspoon kernel[995]: [    0.000000]     fixmap  : 0xffc00000 - 0xfff00000   (3072 kB)
Aug 23 03:43:24 witherspoon kernel[995]: [    0.000000]     vmalloc : 0x9f800000 - 0xff800000   (1536 MB)
Aug 23 03:43:24 witherspoon kernel[995]: [    0.000000]     lowmem  : 0x80000000 - 0x9f000000   ( 496 MB)
Aug 23 03:43:24 witherspoon kernel[995]: [    0.000000]       .text : 0x80008000 - 0x80402cb0   (4076 kB)
Aug 23 03:43:24 witherspoon kernel[995]: [    0.000000]       .init : 0x80588000 - 0x805ce000   ( 280 kB)
Aug 23 03:43:27 witherspoon systemd[1]: Started Phosphor Inventory Manager.
Aug 23 03:43:24 witherspoon kernel[995]: [    0.000000]       .data : 0x805ce000 - 0x80614710   ( 282 kB)
Aug 23 03:43:24 witherspoon kernel[995]: [    0.000000]        .bss : 0x80614710 - 0x806305b8   ( 112 kB)
Aug 23 03:43:24 witherspoon kernel[995]: [    0.000000] NR_IRQS:16 nr_irqs:16 16
Aug 23 03:43:24 witherspoon kernel[995]: [    0.000000] i2c controller registered, irq 16
Aug 23 03:43:24 witherspoon kernel[995]: [    0.000000] clocksource: moxart_timer: mask: 0xffffffff max_cycles: 0xffffffff, max_idle_ns: 77222644334 ns
Aug 23 03:43:24 witherspoon kernel[995]: [    0.000000] sched_clock: 32 bits at 100 Hz, resolution 10000000ns, wraps every 21474836475000000ns
Aug 23 03:43:24 witherspoon kernel[995]: [    0.090000] Calibrating delay loop... 789.70 BogoMIPS (lpj=3948544)
Aug 23 03:43:24 witherspoon kernel[995]: [    0.090000] pid_max: default: 32768 minimum: 301
Aug 23 03:43:24 witherspoon kernel[995]: [    0.090000] Mount-cache hash table entries: 1024 (order: 0, 4096 bytes)
Aug 23 03:43:24 witherspoon kernel[995]: [    0.090000] Mountpoint-cache hash table entries: 1024 (order: 0, 4096 bytes)
Aug 23 03:43:24 witherspoon kernel[995]: [    0.090000] CPU: Testing write buffer coherency: ok
Aug 23 03:43:24 witherspoon kernel[995]: [    0.090000] ftrace: allocating 14972 entries in 44 pages
Aug 23 03:43:24 witherspoon kernel[995]: [    0.120000] Setting up static identity map for 0x80008200 - 0x8000825c
Aug 23 03:43:24 witherspoon kernel[995]: [    0.120000] devtmpfs: initialized
Aug 23 03:43:24 witherspoon kernel[995]: [    0.140000] clocksource: jiffies: mask: 0xffffffff max_cycles: 0xffffffff, max_idle_ns: 19112604462750000 ns
Aug 23 03:43:24 witherspoon kernel[995]: [    0.140000] futex hash table entries: 256 (order: -1, 3072 bytes)
Aug 23 03:43:24 witherspoon kernel[995]: [    0.140000] pinctrl core: initialized pinctrl subsystem
Aug 23 03:43:24 witherspoon kernel[995]: [    0.140000] NET: Registered protocol family 16
Aug 23 03:43:27 witherspoon systemd[1]: Started OpenPower Software Update Manager.
Aug 23 03:43:24 witherspoon kernel[995]: [    0.150000] DMA: preallocated 256 KiB pool for atomic coherent allocations
Aug 23 03:43:28 witherspoon systemd[1]: Started Phosphor MBOX Daemon.
Aug 23 03:43:24 witherspoon kernel[995]: [    0.220000] usbcore: registered new interface driver usbfs
Aug 23 03:43:28 witherspoon systemd[1]: Starting Create a ubi volume for pnor patches...
Aug 23 03:43:24 witherspoon kernel[995]: [    0.220000] usbcore: registered new interface driver hub
Aug 23 03:43:28 witherspoon systemd[1]: Started Phosphor Log Manager.
Aug 23 03:43:24 witherspoon kernel[995]: [    0.220000] usbcore: registered new device driver usb
Aug 23 03:43:24 witherspoon kernel[995]: [    0.220000] clocksource: Switched to clocksource moxart_timer
Aug 23 03:43:24 witherspoon kernel[995]: [    0.230000] NET: Registered protocol family 2
Aug 23 03:43:24 witherspoon kernel[995]: [    0.230000] TCP established hash table entries: 4096 (order: 2, 16384 bytes)
Aug 23 03:43:24 witherspoon kernel[995]: [    0.230000] TCP bind hash table entries: 4096 (order: 2, 16384 bytes)
Aug 23 03:43:24 witherspoon kernel[995]: [    0.230000] TCP: Hash tables configured (established 4096 bind 4096)
Aug 23 03:43:24 witherspoon kernel[995]: [    0.230000] UDP hash table entries: 256 (order: 0, 4096 bytes)
Aug 23 03:43:24 witherspoon kernel[995]: [    0.230000] UDP-Lite hash table entries: 256 (order: 0, 4096 bytes)
Aug 23 03:43:24 witherspoon kernel[995]: [    0.230000] NET: Registered protocol family 1
Aug 23 03:43:24 witherspoon kernel[995]: [    0.240000] Trying to unpack rootfs image as initramfs...
Aug 23 03:43:24 witherspoon kernel[995]: [    1.910000] Freeing initrd memory: 1544K
Aug 23 03:43:24 witherspoon kernel[995]: [    1.910000] workingset: timestamp_bits=30 max_order=17 bucket_order=0
Aug 23 03:43:24 witherspoon kernel[995]: [    1.910000] squashfs: version 4.0 (2009/01/31) Phillip Lougher
Aug 23 03:43:24 witherspoon kernel[995]: [    1.910000] jffs2: version 2.2. (SUMMARY)  © 2001-2006 Red Hat, Inc.
Aug 23 03:43:24 witherspoon kernel[995]: [    1.910000] Block layer SCSI generic (bsg) driver version 0.4 loaded (major 250)
Aug 23 03:43:24 witherspoon kernel[995]: [    1.910000] io scheduler noop registered
Aug 23 03:43:24 witherspoon kernel[995]: [    1.910000] io scheduler deadline registered
Aug 23 03:43:24 witherspoon kernel[995]: [    1.910000] io scheduler cfq registered (default)
Aug 23 03:43:24 witherspoon kernel[995]: [    2.060000] ipmi-bt-host 1e789140.ibt: Found bt bmc device
Aug 23 03:43:24 witherspoon kernel[995]: [    2.060000] ipmi-bt-host 1e789140.ibt: Using IRQ 22
Aug 23 03:43:24 witherspoon kernel[995]: [    2.060000] Serial: 8250/16550 driver, 6 ports, IRQ sharing enabled
Aug 23 03:43:24 witherspoon kernel[995]: [    2.060000] 1e787000.vuart: ttyS0 at MMIO 0x1e787000 (irq = 22, base_baud = 1500000) is a 16550A
Aug 23 03:43:24 witherspoon kernel[995]: [    2.060000] 1e783000.serial: ttyS1 at MMIO 0x1e783000 (irq = 23, base_baud = 1500000) is a 16550A
Aug 23 03:43:24 witherspoon kernel[995]: [    2.060000] 1e78d000.serial: ttyS2 at MMIO 0x1e78d000 (irq = 24, base_baud = 1500000) is a 16550A
Aug 23 03:43:24 witherspoon kernel[995]: [    2.060000] 1e784000.serial: ttyS4 at MMIO 0x1e784000 (irq = 25, base_baud = 1500000) is a 16550A
Aug 23 03:43:24 witherspoon kernel[995]: [    2.410000] console [ttyS4] enabled
Aug 23 03:43:24 witherspoon kernel[995]: [    2.600000] timeriomem_rng 1e6e2078.hwrng: 32bits from 0xf00e2078 @ 1us
Aug 23 03:43:30 witherspoon kernel: 8021q: adding VLAN 0 to HW filter on device eth0
Aug 23 03:43:30 witherspoon mboxd[1028]: terminate called after throwing an instance of 'sdbusplus::xyz::openbmc_project::Common::Error::InternalFailure'
Aug 23 03:43:30 witherspoon mboxd[1028]:   what():  xyz.openbmc_project.Common.Error.InternalFailure: The operation failed internally.
Aug 23 03:43:29 witherspoon mboxd[1028]: The operation failed internally.
Aug 23 03:43:24 witherspoon kernel[995]: [    2.620000] random: fast init done
Aug 23 03:43:30 witherspoon mboxd[1028]: [ 1503459809.728215560] Partition HBB not found
Aug 23 03:43:29 witherspoon systemd[1]: mboxd.service: Main process exited, code=dumped, status=6/ABRT
Aug 23 03:43:24 witherspoon kernel[995]: [    2.650000] brd: module loaded
Aug 23 03:43:31 witherspoon obmc-flash-bios[1046]: ls: /media/pnor-ro-*: No such file or directory
Aug 23 03:43:29 witherspoon systemd[1]: mboxd.service: Unit entered failed state.
Aug 23 03:43:24 witherspoon kernel[995]: [    2.670000] loop: module loaded
Aug 23 03:43:29 witherspoon systemd[1]: mboxd.service: Failed with result 'core-dump'.
Aug 23 03:43:24 witherspoon kernel[995]: [    2.680000] aspeed-lpc-ctrl 1e789080.lpc-ctrl: Loaded at 0x98000000 (0x04000000)
Aug 23 03:43:29 witherspoon systemd[1]: Started Create a ubi volume for pnor patches.
Aug 23 03:43:24 witherspoon kernel[995]: [    2.690000] aspeed-smc 1e620000.flash-controller: Using IRQ 18
Aug 23 03:43:31 witherspoon mboxd[1049]: terminate called after throwing an instance of 'sdbusplus::xyz::openbmc_project::Common::Error::InternalFailure'
Aug 23 03:43:31 witherspoon mboxd[1049]:   what():  xyz.openbmc_project.Common.Error.InternalFailure: The operation failed internally.
Aug 23 03:43:29 witherspoon systemd[1]: mboxd.service: Service hold-off time over, scheduling restart.
Aug 23 03:43:24 witherspoon kernel[995]: [    2.690000] aspeed-smc 1e620000.flash-controller: DMA support disabled.
Aug 23 03:43:29 witherspoon systemd[1]: Stopped Phosphor MBOX Daemon.
Aug 23 03:43:24 witherspoon kernel[995]: [    2.700000] aspeed-smc 1e620000.flash-controller: mx25l25635e (32768 Kbytes)
Aug 23 03:43:30 witherspoon systemd[1]: Starting Updates symlinks for active PNOR version...
Aug 23 03:43:24 witherspoon kernel[995]: [    2.700000] aspeed-smc 1e620000.flash-controller: CE0 window [ 0x20000000 - 0x22000000 ] 32MB
Aug 23 03:43:30 witherspoon systemd[1]: Started Updates symlinks for active PNOR version.
Aug 23 03:43:24 witherspoon kernel[995]: [    2.700000] aspeed-smc 1e620000.flash-controller: CE1 window [ 0x22000000 - 0x2a000000 ] 128MB
Aug 23 03:43:30 witherspoon systemd[1]: Started Phosphor MBOX Daemon.
Aug 23 03:43:24 witherspoon kernel[995]: [    2.730000] 5 ofpart partitions found on MTD device bmc
Aug 23 03:43:30 witherspoon systemd-networkd[993]: Enumeration completed
Aug 23 03:43:24 witherspoon kernel[995]: [    2.730000] Creating 5 MTD partitions on "bmc":
Aug 23 03:43:30 witherspoon systemd[1]: Started Network Service.
Aug 23 03:43:24 witherspoon kernel[995]: [    2.740000] 0x000000000000-0x000000060000 : "u-boot"
Aug 23 03:43:30 witherspoon systemd[1]: Reached target Network.
Aug 23 03:43:24 witherspoon kernel[995]: [    2.740000] 0x000000060000-0x000000080000 : "u-boot-env"
Aug 23 03:43:30 witherspoon systemd-networkd[993]: eth0: IPv6 enabled for interface: Success
Aug 23 03:43:24 witherspoon kernel[995]: [    2.760000] random: crng init done
Aug 23 03:43:30 witherspoon systemd[1]: Starting Permit User Sessions...
Aug 23 03:43:24 witherspoon kernel[995]: [    2.770000] 0x000000080000-0x0000004c0000 : "kernel"
Aug 23 03:43:32 witherspoon mboxd[1049]: [ 1503459811.803054187] Partition HBB not found
Aug 23 03:43:30 witherspoon systemd[1]: Started Lightweight SLP Server.
Aug 23 03:43:24 witherspoon kernel[995]: [    2.770000] 0x0000004c0000-0x000001c00000 : "rofs"
Aug 23 03:43:30 witherspoon systemd-networkd[993]: eth0: Gained carrier
Aug 23 03:43:24 witherspoon kernel[995]: [    2.790000] 0x000001c00000-0x000002000000 : "rwfs"
Aug 23 03:43:30 witherspoon systemd-timesyncd[950]: Network configuration changed, trying to establish connection.
Aug 23 03:43:24 witherspoon kernel[995]: [    2.790000] aspeed-smc 1e620000.flash-controller: mx25l25635e (32768 Kbytes)
Aug 23 03:43:30 witherspoon systemd[1]: Started Remount the ubi volume after a reboot.
Aug 23 03:43:24 witherspoon kernel[995]: [    2.800000] aspeed-smc 1e620000.flash-controller: CE1 window [ 0x22000000 - 0x24000000 ] 32MB
Aug 23 03:43:31 witherspoon systemd[1]: Starting OpenBMC Software Update Manager...
Aug 23 03:43:24 witherspoon kernel[995]: [    2.800000] aspeed-smc 1e620000.flash-controller: CE2 window [ 0x24000000 - 0x2c000000 ] 128MB
Aug 23 03:43:31 witherspoon systemd[1]: Started Permit User Sessions.
Aug 23 03:43:24 witherspoon kernel[995]: [    2.830000] aspeed-smc 1e630000.flash-controller: mx66l1g45g (131072 Kbytes)
Aug 23 03:43:31 witherspoon systemd[1]: Started Serial Getty on ttyS4.
Aug 23 03:43:24 witherspoon kernel[995]: [    2.830000] aspeed-smc 1e630000.flash-controller: CE0 window resized to 120MB (AST2500 HW quirk)
Aug 23 03:43:31 witherspoon systemd[1]: Reached target Login Prompts.
Aug 23 03:43:24 witherspoon kernel[995]: [    2.840000] aspeed-smc 1e630000.flash-controller: CE0 window [ 0x30000000 - 0x37800000 ] 120MB
Aug 23 03:43:31 witherspoon systemd[1]: Reached target Multi-User System.
Aug 23 03:43:24 witherspoon kernel[995]: [    2.840000] aspeed-smc 1e630000.flash-controller: CE0 window too small for chip 128MB
Aug 23 03:43:31 witherspoon mboxd[1049]: The operation failed internally.
Aug 23 03:43:24 witherspoon kernel[995]: [    2.840000] aspeed-smc 1e630000.flash-controller: CE1 window [ 0x37800000 - 0x38000000 ] 8MB
Aug 23 03:43:31 witherspoon systemd[1]: Started OpenBMC Software Update Manager.
Aug 23 03:43:24 witherspoon kernel[995]: [    3.590000] libphy: Fixed MDIO Bus: probed
Aug 23 03:43:31 witherspoon systemd[1]: Starting Phosphor Version Software Manager...
Aug 23 03:43:34 witherspoon kernel: ftgmac100 1e660000.ethernet eth0: ncsi: removed vlan tag 0 at index 1
Aug 23 03:43:34 witherspoon kernel: ftgmac100 1e660000.ethernet eth0: ncsi: removed vlan tag 0 at index 2
Aug 23 03:43:34 witherspoon kernel: ftgmac100 1e660000.ethernet eth0: no vlan ids left to set
Aug 23 03:43:34 witherspoon kernel: ftgmac100 1e660000.ethernet eth0: NCSI interface up
Aug 23 03:43:24 witherspoon kernel[995]: [    3.590000] ftgmac100 1e660000.ethernet: Read MAC address 70:e2:84:14:23:e1 from chip
Aug 23 03:43:34 witherspoon obmc-flash-bios[1062]: ls: /media/pnor-ro-*: No such file or directory
Aug 23 03:43:32 witherspoon systemd-networkd[993]: eth0: Gained IPv6LL
Aug 23 03:43:24 witherspoon kernel[995]: [    3.590000] ftgmac100 1e660000.ethernet: Using NCSI interface
Aug 23 03:43:32 witherspoon systemd[1]: mboxd.service: Main process exited, code=dumped, status=6/ABRT
Aug 23 03:43:24 witherspoon kernel[995]: [    3.590000] ftgmac100 1e660000.ethernet eth0: irq 20, mapped at f0060000
Aug 23 03:43:32 witherspoon systemd[1]: mboxd.service: Unit entered failed state.
Aug 23 03:43:24 witherspoon kernel[995]: [    3.590000] ehci_hcd: USB 2.0 'Enhanced' Host Controller (EHCI) Driver
Aug 23 03:43:32 witherspoon systemd[1]: mboxd.service: Failed with result 'core-dump'.
Aug 23 03:43:24 witherspoon kernel[995]: [    3.590000] ehci-platform: EHCI generic platform driver
Aug 23 03:43:32 witherspoon systemd[1]: mboxd.service: Service hold-off time over, scheduling restart.
Aug 23 03:43:24 witherspoon kernel[995]: [    3.840000]  fsi0: can't read slave 00:00 -5
Aug 23 03:43:32 witherspoon systemd[1]: Stopped Phosphor MBOX Daemon.
Aug 23 03:43:24 witherspoon kernel[995]: [    3.840000] i2c /dev entries driver
Aug 23 03:43:32 witherspoon systemd[1]: Starting Updates symlinks for active PNOR version...
Aug 23 03:43:24 witherspoon kernel[995]: [    3.840000] aspeed-i2c-bus 1e78a0c0.i2c-bus: i2c bus 2 registered, irq 26
Aug 23 03:43:33 witherspoon systemd[1]: Started Phosphor Version Software Manager.
Aug 23 03:43:24 witherspoon kernel[995]: [    3.840000] aspeed-i2c-bus 1e78a100.i2c-bus: i2c bus 3 registered, irq 27
Aug 23 03:43:34 witherspoon systemd[1]: Started Updates symlinks for active PNOR version.
Aug 23 03:43:24 witherspoon kernel[995]: [    3.840000] aspeed-i2c-bus 1e78a140.i2c-bus: i2c bus 4 registered, irq 28
Aug 23 03:43:34 witherspoon systemd[1]: Started Phosphor MBOX Daemon.
Aug 23 03:43:24 witherspoon kernel[995]: [    3.840000] aspeed-i2c-bus 1e78a180.i2c-bus: i2c bus 5 registered, irq 29
Aug 23 03:43:24 witherspoon kernel[995]: [    3.840000] aspeed-i2c-bus 1e78a380.i2c-bus: i2c bus 9 registered, irq 30
Aug 23 03:43:24 witherspoon kernel[995]: [    3.840000] aspeed-i2c-bus 1e78a3c0.i2c-bus: i2c bus 10 registered, irq 31
Aug 23 03:43:35 witherspoon mboxd[1064]: The operation failed internally.
Aug 23 03:43:35 witherspoon mboxd[1064]: terminate called after throwing an instance of 'sdbusplus::xyz::openbmc_project::Common::Error::InternalFailure'
Aug 23 03:43:35 witherspoon mboxd[1064]:   what():  xyz.openbmc_project.Common.Error.InternalFailure: The operation failed internally.
Aug 23 03:43:24 witherspoon kernel[995]: [    3.840000] rtc-rv8803 11-0032: Voltage low, temperature compensation stopped.
Aug 23 03:43:35 witherspoon systemd[1]: mboxd.service: Main process exited, code=dumped, status=6/ABRT
Aug 23 03:43:35 witherspoon mboxd[1064]: [ 1503459815.443314592] Partition HBB not found
Aug 23 03:43:24 witherspoon kernel[995]: [    3.840000] rtc-rv8803 11-0032: An alarm maybe have been missed.
Aug 23 03:43:35 witherspoon systemd[1]: mboxd.service: Unit entered failed state.
Aug 23 03:43:24 witherspoon kernel[995]: [    3.940000] rtc-rv8803 11-0032: rtc core: registered rx8900 as rtc0
Aug 23 03:43:35 witherspoon systemd[1]: mboxd.service: Failed with result 'core-dump'.
Aug 23 03:43:24 witherspoon kernel[995]: [    3.950000] at24 11-0051: 8192 byte 24c64 EEPROM, writable, 1 bytes/write
Aug 23 03:43:35 witherspoon systemd[1]: mboxd.service: Service hold-off time over, scheduling restart.
Aug 23 03:43:24 witherspoon kernel[995]: [    3.950000] aspeed-i2c-bus 1e78a400.i2c-bus: i2c bus 11 registered, irq 32
Aug 23 03:43:35 witherspoon systemd[1]: Stopped Phosphor MBOX Daemon.
Aug 23 03:43:24 witherspoon kernel[995]: [    3.950000] aspeed-i2c-bus 1e78a440.i2c-bus: i2c bus 12 registered, irq 33
Aug 23 03:43:35 witherspoon systemd[1]: Starting Updates symlinks for active PNOR version...
Aug 23 03:43:24 witherspoon kernel[995]: [    3.950000] aspeed-i2c-bus 1e78a480.i2c-bus: i2c bus 13 registered, irq 34
Aug 23 03:43:24 witherspoon kernel[995]: [    3.950000] Driver for 1-wire Dallas network protocol.
Aug 23 03:43:24 witherspoon kernel[995]: [    3.950000] lm75 9-004a: hwmon0: sensor 'tmp275'
Aug 23 03:43:24 witherspoon kernel[995]: [    5.750000] ucd9000 11-0064: Device ID UCD90160|2.3.4.0000|110603
Aug 23 03:43:24 witherspoon kernel[995]: [    6.420000] leds-pca955x 3-0060: leds-pca955x: Using pca9552 16-bit LED driver at slave address 0x60
Aug 23 03:43:24 witherspoon kernel[995]: [    6.430000] leds-pca955x 3-0060: gpios 264...279
Aug 23 03:43:24 witherspoon kernel[995]: [    6.440000] leds-pca955x 11-0060: leds-pca955x: Using pca9552 16-bit LED driver at slave address 0x60
Aug 23 03:43:24 witherspoon kernel[995]: [    6.450000] leds-pca955x 11-0060: gpios 248...263
Aug 23 03:43:24 witherspoon kernel[995]: [    6.460000] usbcore: registered new interface driver usbhid
Aug 23 03:43:24 witherspoon kernel[995]: [    6.460000] usbhid: USB HID core driver
Aug 23 03:43:24 witherspoon kernel[995]: [    6.520000] NET: Registered protocol family 10
Aug 23 03:43:24 witherspoon kernel[995]: [    6.520000] Segment Routing with IPv6
Aug 23 03:43:24 witherspoon kernel[995]: [    6.530000] NET: Registered protocol family 17
Aug 23 03:43:24 witherspoon kernel[995]: [    6.530000] 8021q: 802.1Q VLAN Support v1.8
Aug 23 03:43:24 witherspoon kernel[995]: [    6.550000] input: gpio-keys-polled as /devices/platform/gpio-keys-polled/input/input1
Aug 23 03:43:24 witherspoon kernel[995]: [    6.570000] console [netcon0] enabled
Aug 23 03:43:24 witherspoon kernel[995]: [    6.580000] netconsole: network logging started
Aug 23 03:43:24 witherspoon kernel[995]: [    6.580000] input: gpio-keys as /devices/platform/gpio-keys/input/input2
Aug 23 03:43:24 witherspoon kernel[995]: [    6.590000] rtc-rv8803 11-0032: setting system clock to 2017-08-23 03:42:59 UTC (1503459779)
Aug 23 03:43:36 witherspoon systemd[1]: Started Updates symlinks for active PNOR version.
Aug 23 03:43:24 witherspoon kernel[995]: [    6.600000] Freeing unused kernel memory: 280K
Aug 23 03:43:36 witherspoon systemd[1]: Started Phosphor MBOX Daemon.
Aug 23 03:43:24 witherspoon kernel[995]: [    6.600000] This architecture does not have kernel memory protection.
Aug 23 03:43:37 witherspoon obmc-flash-bios[1067]: ls: /media/pnor-ro-*: No such file or directory
Aug 23 03:43:37 witherspoon mboxd[1069]: terminate called after throwing an instance of 'sdbusplus::xyz::openbmc_project::Common::Error::InternalFailure'
Aug 23 03:43:37 witherspoon mboxd[1069]:   what():  xyz.openbmc_project.Common.Error.InternalFailure: The operation failed internally.
Aug 23 03:43:36 witherspoon mboxd[1069]: The operation failed internally.
Aug 23 03:43:24 witherspoon kernel[995]: [    8.200000] jffs2: notice: (540) jffs2_build_xattr_subsystem: complete building xattr subsystem, 0 of xdatum (0 unchecked, 0 orphan) and 0 of xref (0 dead, 0 orphan) found.
Aug 23 03:43:37 witherspoon mboxd[1069]: [ 1503459816.540249380] Partition HBB not found
Aug 23 03:43:36 witherspoon systemd[1]: mboxd.service: Main process exited, code=dumped, status=6/ABRT
Aug 23 03:43:24 witherspoon kernel[995]: [   10.220000] systemd[1]: Failed to insert module 'autofs4': No such file or directory
Aug 23 03:43:36 witherspoon systemd[1]: mboxd.service: Unit entered failed state.
Aug 23 03:43:24 witherspoon kernel[995]: [   10.450000] systemd[1]: systemd 232 running in system mode. (+PAM -AUDIT -SELINUX -IMA -APPARMOR -SMACK +SYSVINIT -UTMP -LIBCRYPTSETUP -GCRYPT -GNUTLS +ACL +XZ -LZ4 -SECCOMP +BLKID -ELFUTILS +KMOD -IDN)
Aug 23 03:43:36 witherspoon systemd[1]: mboxd.service: Failed with result 'core-dump'.
Aug 23 03:43:24 witherspoon kernel[995]: [   10.450000] systemd[1]: Detected architecture arm.
Aug 23 03:43:24 witherspoon kernel[995]: [   10.650000] systemd[1]: Set hostname to <witherspoon>.
Aug 23 03:43:24 witherspoon kernel[995]: [   12.230000] systemd[1]: Listening on udev Control Socket.
Aug 23 03:43:24 witherspoon kernel[995]: [   12.380000] systemd[1]: Listening on Journal Socket (/dev/log).
Aug 23 03:43:24 witherspoon kernel[995]: [   12.420000] systemd[1]: Reached target Swap.
Aug 23 03:43:24 witherspoon kernel[995]: [   12.450000] systemd[1]: Started Dispatch Password Requests to Console Directory Watch.
Aug 23 03:43:24 witherspoon kernel[995]: [   12.510000] systemd[1]: Listening on Journal Socket.
Aug 23 03:43:24 witherspoon kernel[995]: [   12.550000] systemd[1]: Listening on Syslog Socket.
Aug 23 03:43:24 witherspoon kernel[995]: [   12.580000] systemd[1]: Listening on udev Kernel Socket.
Aug 23 03:43:24 witherspoon kernel[995]: [   15.270000] systemd-journald[565]: Received request to flush runtime journal from PID 1
Aug 23 03:43:30 witherspoon kernel[995]: [   37.690000] 8021q: adding VLAN 0 to HW filter on device eth0
Aug 23 03:43:31 witherspoon avahi-daemon[955]: Joining mDNS multicast group on interface eth0.IPv4 with address 9.3.86.161.
Aug 23 03:43:31 witherspoon avahi-daemon[955]: New relevant interface eth0.IPv4 for mDNS.
Aug 23 03:43:31 witherspoon avahi-daemon[955]: Registering new address record for 9.3.86.161 on eth0.IPv4.
Aug 23 03:43:32 witherspoon avahi-daemon[955]: Joining mDNS multicast group on interface eth0.IPv6 with address fe80::72e2:84ff:fe14:23e1.
Aug 23 03:43:32 witherspoon avahi-daemon[955]: New relevant interface eth0.IPv6 for mDNS.
Aug 23 03:43:32 witherspoon avahi-daemon[955]: Registering new address record for fe80::72e2:84ff:fe14:23e1 on eth0.*.
Aug 23 03:43:33 witherspoon kernel[995]: [   40.900000] ftgmac100 1e660000.ethernet eth0: ncsi: removed vlan tag 0 at index 1
Aug 23 03:43:33 witherspoon kernel[995]: [   40.900000] ftgmac100 1e660000.ethernet eth0: ncsi: removed vlan tag 0 at index 2
Aug 23 03:43:33 witherspoon kernel[995]: [   40.900000] ftgmac100 1e660000.ethernet eth0: no vlan ids left to set
Aug 23 03:43:33 witherspoon kernel[995]: [   40.900000] ftgmac100 1e660000.ethernet eth0: NCSI interface up
Aug 23 03:43:37 witherspoon systemd[1]: mboxd.service: Service hold-off time over, scheduling restart.
Aug 23 03:43:38 witherspoon systemd[1]: Stopped Phosphor MBOX Daemon.
Aug 23 03:43:38 witherspoon systemd[1]: Starting Updates symlinks for active PNOR version...
Aug 23 03:43:38 witherspoon obmc-flash-bios[1076]: ls: /media/pnor-ro-*: No such file or directory
Aug 23 03:43:38 witherspoon systemd[1]: Started Updates symlinks for active PNOR version.
Aug 23 03:43:38 witherspoon systemd[1]: Started Phosphor MBOX Daemon.
Aug 23 03:43:38 witherspoon systemd[1]: Created slice system-dropbear.slice.
Aug 23 03:43:38 witherspoon systemd[1]: Started SSH Per-Connection Server (9.41.165.94:53780).
Aug 23 03:43:39 witherspoon mboxd[1079]: The operation failed internally.
Aug 23 03:43:39 witherspoon mboxd[1079]: terminate called after throwing an instance of 'sdbusplus::xyz::openbmc_project::Common::Error::InternalFailure'
Aug 23 03:43:39 witherspoon mboxd[1079]:   what():  xyz.openbmc_project.Common.Error.InternalFailure: The operation failed internally.
Aug 23 03:43:39 witherspoon mboxd[1079]: [ 1503459819.635661865] Partition HBB not found
Aug 23 03:43:39 witherspoon systemd[1]: mboxd.service: Main process exited, code=dumped, status=6/ABRT
Aug 23 03:43:39 witherspoon systemd[1]: mboxd.service: Unit entered failed state.
Aug 23 03:43:39 witherspoon systemd[1]: mboxd.service: Failed with result 'core-dump'.
Aug 23 03:43:39 witherspoon systemd[1]: mboxd.service: Service hold-off time over, scheduling restart.
Aug 23 03:43:39 witherspoon systemd[1]: Stopped Phosphor MBOX Daemon.
Aug 23 03:43:39 witherspoon systemd[1]: Starting Updates symlinks for active PNOR version...
Aug 23 03:43:39 witherspoon obmc-flash-bios[1083]: ls: /media/pnor-ro-*: No such file or directory
Aug 23 03:43:39 witherspoon systemd[1]: Started Updates symlinks for active PNOR version.
Aug 23 03:43:40 witherspoon systemd[1]: Started Phosphor MBOX Daemon.
Aug 23 03:43:40 witherspoon mboxd[1085]: terminate called after throwing an instance of 'sdbusplus::xyz::openbmc_project::Common::Error::InternalFailure'
Aug 23 03:43:40 witherspoon mboxd[1085]:   what():  xyz.openbmc_project.Common.Error.InternalFailure: The operation failed internally.
Aug 23 03:43:40 witherspoon mboxd[1085]: The operation failed internally.
Aug 23 03:43:40 witherspoon mboxd[1085]: [ 1503459820.666351683] Partition HBB not found
Aug 23 03:43:40 witherspoon systemd[1]: mboxd.service: Main process exited, code=dumped, status=6/ABRT
Aug 23 03:43:40 witherspoon systemd[1]: mboxd.service: Unit entered failed state.
Aug 23 03:43:40 witherspoon systemd[1]: mboxd.service: Failed with result 'core-dump'.
Aug 23 03:43:41 witherspoon systemd[1]: mboxd.service: Service hold-off time over, scheduling restart.
Aug 23 03:43:41 witherspoon systemd[1]: Stopped Phosphor MBOX Daemon.
Aug 23 03:43:41 witherspoon systemd[1]: Starting Updates symlinks for active PNOR version...
Aug 23 03:43:41 witherspoon obmc-flash-bios[1089]: ls: /media/pnor-ro-*: No such file or directory
Aug 23 03:43:41 witherspoon systemd[1]: Started Updates symlinks for active PNOR version.
Aug 23 03:43:41 witherspoon systemd[1]: Started Phosphor MBOX Daemon.
Aug 23 03:43:42 witherspoon mboxd[1091]: The operation failed internally.
Aug 23 03:43:42 witherspoon mboxd[1091]: terminate called after throwing an instance of 'sdbusplus::xyz::openbmc_project::Common::Error::InternalFailure'
Aug 23 03:43:42 witherspoon mboxd[1091]:   what():  xyz.openbmc_project.Common.Error.InternalFailure: The operation failed internally.
Aug 23 03:43:42 witherspoon mboxd[1091]: [ 1503459822.605189906] Partition HBB not found
Aug 23 03:43:42 witherspoon systemd[1]: mboxd.service: Main process exited, code=dumped, status=6/ABRT
Aug 23 03:43:42 witherspoon systemd[1]: mboxd.service: Unit entered failed state.
Aug 23 03:43:42 witherspoon systemd[1]: mboxd.service: Failed with result 'core-dump'.
Aug 23 03:43:43 witherspoon systemd[1]: mboxd.service: Service hold-off time over, scheduling restart.
Aug 23 03:43:43 witherspoon systemd[1]: Stopped Phosphor MBOX Daemon.
Aug 23 03:43:43 witherspoon systemd[1]: Starting Updates symlinks for active PNOR version...
Aug 23 03:43:43 witherspoon obmc-flash-bios[1095]: ls: /media/pnor-ro-*: No such file or directory
Aug 23 03:43:43 witherspoon systemd[1]: Started Updates symlinks for active PNOR version.
Aug 23 03:43:43 witherspoon systemd[1]: Started Phosphor MBOX Daemon.
Aug 23 03:43:44 witherspoon mboxd[1097]: The operation failed internally.
Aug 23 03:43:45 witherspoon dropbear[1080]: Failed loading /etc/dropbear/dropbear_dss_host_key
Aug 23 03:43:47 witherspoon sensor_manager2.py[996]: Setting boot count to 3
Aug 23 03:43:47 witherspoon mboxd[1097]: terminate called after throwing an instance of 'sdbusplus::xyz::openbmc_project::Common::Error::InternalFailure'
Aug 23 03:43:47 witherspoon mboxd[1097]:   what():  xyz.openbmc_project.Common.Error.InternalFailure: The operation failed internally.
Aug 23 03:43:44 witherspoon systemd-networkd[993]: eth0: Configured
Aug 23 03:43:45 witherspoon dropbear[1080]: Failed loading /etc/dropbear/dropbear_ecdsa_host_key
Aug 23 03:43:47 witherspoon mboxd[1097]: [ 1503459824.896384129] Partition HBB not found
Aug 23 03:43:44 witherspoon systemd-timesyncd[950]: Network configuration changed, trying to establish connection.
Aug 23 03:43:45 witherspoon dropbear[1080]: Child connection from ::ffff:9.41.165.94:53780
Aug 23 03:43:47 witherspoon obmc-flash-bios[1101]: ls: /media/pnor-ro-*: No such file or directory
Aug 23 03:43:47 witherspoon mboxd[1103]: terminate called after throwing an instance of 'sdbusplus::xyz::openbmc_project::Common::Error::InternalFailure'
Aug 23 03:43:47 witherspoon mboxd[1103]:   what():  xyz.openbmc_project.Common.Error.InternalFailure: The operation failed internally.
Aug 23 03:43:45 witherspoon systemd[1]: mboxd.service: Main process exited, code=dumped, status=6/ABRT
Aug 23 03:43:47 witherspoon mboxd[1103]: [ 1503459827.154371442] Partition HBB not found
Aug 23 03:43:45 witherspoon systemd[1]: mboxd.service: Unit entered failed state.
Aug 23 03:43:45 witherspoon systemd[1]: mboxd.service: Failed with result 'core-dump'.
Aug 23 03:43:45 witherspoon systemd[1]: mboxd.service: Service hold-off time over, scheduling restart.
Aug 23 03:43:45 witherspoon systemd[1]: Stopped Phosphor MBOX Daemon.
Aug 23 03:43:45 witherspoon systemd[1]: Starting Updates symlinks for active PNOR version...
Aug 23 03:43:46 witherspoon systemd[1]: Started Updates symlinks for active PNOR version.
Aug 23 03:43:46 witherspoon systemd[1]: Started Phosphor MBOX Daemon.
Aug 23 03:43:47 witherspoon mboxd[1103]: The operation failed internally.
Aug 23 03:43:47 witherspoon systemd[1]: mboxd.service: Main process exited, code=dumped, status=6/ABRT
Aug 23 03:43:48 witherspoon systemd[1]: mboxd.service: Unit entered failed state.
Aug 23 03:43:48 witherspoon systemd[1]: mboxd.service: Failed with result 'core-dump'.
Aug 23 03:43:48 witherspoon download_manager.py[964]: Running Download Manager
Aug 23 03:43:48 witherspoon systemd[1]: Started Phosphor Download Manager.
Aug 23 03:43:48 witherspoon systemd[1]: mboxd.service: Service hold-off time over, scheduling restart.
Aug 23 03:43:48 witherspoon systemd[1]: Stopped Phosphor MBOX Daemon.
Aug 23 03:43:48 witherspoon systemd[1]: Starting Updates symlinks for active PNOR version...
Aug 23 03:43:48 witherspoon obmc-flash-bios[1107]: ls: /media/pnor-ro-*: No such file or directory
Aug 23 03:43:48 witherspoon systemd[1]: Started Updates symlinks for active PNOR version.
Aug 23 03:43:48 witherspoon sensor_manager2.py[996]: Starting sensor manager
Aug 23 03:43:48 witherspoon chassis_control.py[986]: Running ChassisControlService
Aug 23 03:43:48 witherspoon systemd[1]: Started Phosphor MBOX Daemon.
Aug 23 03:43:48 witherspoon systemd[1]: Started Phosphor Sensor Manager.
Aug 23 03:43:48 witherspoon systemd[1]: Started Phosphor Chassis0 Control.
Aug 23 03:43:49 witherspoon mboxd[1110]: The operation failed internally.
Aug 23 03:43:49 witherspoon mboxd[1110]: terminate called after throwing an instance of 'sdbusplus::xyz::openbmc_project::Common::Error::InternalFailure'
Aug 23 03:43:49 witherspoon mboxd[1110]:   what():  xyz.openbmc_project.Common.Error.InternalFailure: The operation failed internally.
Aug 23 03:43:49 witherspoon mboxd[1110]: [ 1503459829.146318917] Partition HBB not found
Aug 23 03:43:49 witherspoon systemd[1]: mboxd.service: Main process exited, code=dumped, status=6/ABRT
Aug 23 03:43:49 witherspoon systemd[1]: mboxd.service: Unit entered failed state.
Aug 23 03:43:49 witherspoon systemd[1]: mboxd.service: Failed with result 'core-dump'.
Aug 23 03:43:49 witherspoon phosphor-mapper[989]: ObjectMapper startup complete.  Discovery in progress...
Aug 23 03:43:49 witherspoon systemd[1]: mboxd.service: Service hold-off time over, scheduling restart.
Aug 23 03:43:49 witherspoon systemd[1]: Stopped Phosphor MBOX Daemon.
Aug 23 03:43:49 witherspoon systemd[1]: Starting Updates symlinks for active PNOR version...
Aug 23 03:43:49 witherspoon obmc-flash-bios[1113]: ls: /media/pnor-ro-*: No such file or directory
Aug 23 03:43:49 witherspoon systemd[1]: Started Updates symlinks for active PNOR version.
Aug 23 03:43:49 witherspoon systemd[1]: Started Phosphor MBOX Daemon.
Aug 23 03:43:49 witherspoon mboxd[1115]: The operation failed internally.
Aug 23 03:43:49 witherspoon mboxd[1115]: terminate called after throwing an instance of 'sdbusplus::xyz::openbmc_project::Common::Error::InternalFailure'
Aug 23 03:43:49 witherspoon mboxd[1115]:   what():  xyz.openbmc_project.Common.Error.InternalFailure: The operation failed internally.
Aug 23 03:43:49 witherspoon mboxd[1115]: [ 1503459829.924874029] Partition HBB not found
Aug 23 03:43:50 witherspoon avahi-daemon[970]: ../../avahi-0.6.32/avahi-daemon/chroot.c: open() failed: No such file or directory
Aug 23 03:43:49 witherspoon systemd[1]: mboxd.service: Main process exited, code=dumped, status=6/ABRT
Aug 23 03:43:50 witherspoon avahi-daemon[955]: Failed to open /usr/share/dbus-1/interfaces/org.freedesktop.Avahi.Server.xml: Invalid argument
Aug 23 03:43:49 witherspoon systemd[1]: mboxd.service: Unit entered failed state.
Aug 23 03:43:50 witherspoon avahi-daemon[955]: Failed to load introspection data.
Aug 23 03:43:50 witherspoon obmc-flash-bios[1119]: ls: /media/pnor-ro-*: No such file or directory
Aug 23 03:43:49 witherspoon systemd[1]: mboxd.service: Failed with result 'core-dump'.
Aug 23 03:43:50 witherspoon systemd[1]: mboxd.service: Service hold-off time over, scheduling restart.
Aug 23 03:43:50 witherspoon systemd[1]: Stopped Phosphor MBOX Daemon.
Aug 23 03:43:50 witherspoon systemd[1]: Starting Updates symlinks for active PNOR version...
Aug 23 03:43:50 witherspoon systemd[1]: Started Updates symlinks for active PNOR version.
Aug 23 03:43:50 witherspoon systemd[1]: Started Phosphor MBOX Daemon.
Aug 23 03:43:50 witherspoon mboxd[1121]: The operation failed internally.
Aug 23 03:43:50 witherspoon mboxd[1121]: terminate called after throwing an instance of 'sdbusplus::xyz::openbmc_project::Common::Error::InternalFailure'
Aug 23 03:43:50 witherspoon mboxd[1121]:   what():  xyz.openbmc_project.Common.Error.InternalFailure: The operation failed internally.
Aug 23 03:43:50 witherspoon mboxd[1121]: [ 1503459830.789653180] Partition HBB not found
Aug 23 03:43:50 witherspoon systemd[1]: mboxd.service: Main process exited, code=dumped, status=6/ABRT
Aug 23 03:43:50 witherspoon systemd[1]: mboxd.service: Unit entered failed state.
Aug 23 03:43:50 witherspoon systemd[1]: mboxd.service: Failed with result 'core-dump'.
Aug 23 03:43:51 witherspoon systemd[1]: mboxd.service: Service hold-off time over, scheduling restart.
Aug 23 03:43:51 witherspoon systemd[1]: Stopped Phosphor MBOX Daemon.
Aug 23 03:43:51 witherspoon systemd[1]: obmc-flash-bios-updatesymlinks.service: Start request repeated too quickly.
Aug 23 03:43:51 witherspoon systemd[1]: Failed to start Updates symlinks for active PNOR version.
Aug 23 03:43:51 witherspoon systemd[1]: obmc-flash-bios-updatesymlinks.service: Unit entered failed state.
Aug 23 03:43:51 witherspoon systemd[1]: obmc-flash-bios-updatesymlinks.service: Failed with result 'start-limit-hit'.
Aug 23 03:43:51 witherspoon systemd[1]: Started Phosphor MBOX Daemon.
Aug 23 03:43:51 witherspoon mboxd[1125]: The operation failed internally.
Aug 23 03:43:51 witherspoon mboxd[1125]: terminate called after throwing an instance of 'sdbusplus::xyz::openbmc_project::Common::Error::InternalFailure'
Aug 23 03:43:51 witherspoon mboxd[1125]:   what():  xyz.openbmc_project.Common.Error.InternalFailure: The operation failed internally.
Aug 23 03:43:51 witherspoon mboxd[1125]: [ 1503459831.466733463] Partition HBB not found
Aug 23 03:43:51 witherspoon systemd[1]: mboxd.service: Main process exited, code=dumped, status=6/ABRT
Aug 23 03:43:51 witherspoon systemd[1]: mboxd.service: Unit entered failed state.
Aug 23 03:43:51 witherspoon systemd[1]: mboxd.service: Failed with result 'core-dump'.
Aug 23 03:43:51 witherspoon systemd[1]: mboxd.service: Service hold-off time over, scheduling restart.
Aug 23 03:43:51 witherspoon systemd[1]: Stopped Phosphor MBOX Daemon.
Aug 23 03:43:51 witherspoon systemd[1]: obmc-flash-bios-updatesymlinks.service: Start request repeated too quickly.
Aug 23 03:43:51 witherspoon systemd[1]: Failed to start Updates symlinks for active PNOR version.
Aug 23 03:43:51 witherspoon systemd[1]: obmc-flash-bios-updatesymlinks.service: Failed with result 'start-limit-hit'.
Aug 23 03:43:51 witherspoon systemd[1]: Started Phosphor MBOX Daemon.
Aug 23 03:43:51 witherspoon mboxd[1128]: The operation failed internally.
Aug 23 03:43:51 witherspoon mboxd[1128]: terminate called after throwing an instance of 'sdbusplus::xyz::openbmc_project::Common::Error::InternalFailure'
Aug 23 03:43:51 witherspoon mboxd[1128]:   what():  xyz.openbmc_project.Common.Error.InternalFailure: The operation failed internally.
Aug 23 03:43:51 witherspoon mboxd[1128]: [ 1503459831.968086958] Partition HBB not found
Aug 23 03:43:52 witherspoon systemd[1]: mboxd.service: Main process exited, code=dumped, status=6/ABRT
Aug 23 03:43:52 witherspoon systemd[1]: mboxd.service: Unit entered failed state.
Aug 23 03:43:52 witherspoon systemd[1]: mboxd.service: Failed with result 'core-dump'.
Aug 23 03:43:52 witherspoon systemd[1]: mboxd.service: Service hold-off time over, scheduling restart.
Aug 23 03:43:52 witherspoon systemd[1]: Stopped Phosphor MBOX Daemon.
Aug 23 03:43:52 witherspoon systemd[1]: obmc-flash-bios-updatesymlinks.service: Start request repeated too quickly.
Aug 23 03:43:52 witherspoon systemd[1]: Failed to start Updates symlinks for active PNOR version.
Aug 23 03:43:52 witherspoon systemd[1]: obmc-flash-bios-updatesymlinks.service: Failed with result 'start-limit-hit'.
Aug 23 03:43:52 witherspoon systemd[1]: mboxd.service: Start request repeated too quickly.
Aug 23 03:43:52 witherspoon systemd[1]: Failed to start Phosphor MBOX Daemon.
Aug 23 03:43:52 witherspoon systemd[1]: mboxd.service: Unit entered failed state.
Aug 23 03:43:52 witherspoon systemd[1]: mboxd.service: Failed with result 'core-dump'.
Aug 23 03:43:52 witherspoon dropbear[1080]: PAM password auth succeeded for 'root' from ::ffff:9.41.165.94:53780
Aug 23 03:43:53 witherspoon dropbear[1131]: lastlog_perform_login: Couldn't stat /var/log/lastlog: No such file or directory
Aug 23 03:43:53 witherspoon dropbear[1131]: lastlog_openseek: /var/log/lastlog is not a file or directory!
Aug 23 03:43:57 witherspoon systemd[1]: Started Phosphor User Manager.
Aug 23 03:43:57 witherspoon obmc-phosphor-userd[965]: Started
Aug 23 03:43:59 witherspoon inventory_items.py[990]: Loading from cache: /var/cache/obmc/org.openbmc.inventory.system.chassis.motherboard.apss@org.openbmc.InventoryItem.props
Aug 23 03:43:59 witherspoon inventory_items.py[990]: Loading from cache: /var/cache/obmc/org.openbmc.inventory.system.chassis.motherboard@org.openbmc.InventoryItem.props
Aug 23 03:43:59 witherspoon inventory_items.py[990]: Loading from cache: /var/cache/obmc/org.openbmc.inventory.system.chassis.motherboard.refclock@org.openbmc.InventoryItem.props
Aug 23 03:43:59 witherspoon inventory_items.py[990]: Loading from cache: /var/cache/obmc/org.openbmc.inventory.system.chassis.motherboard.cpu1.core7@org.openbmc.InventoryItem.props
Aug 23 03:43:59 witherspoon inventory_items.py[990]: Loading from cache: /var/cache/obmc/org.openbmc.inventory.system.chassis.motherboard.cpu1.core4@org.openbmc.InventoryItem.props
Aug 23 03:43:59 witherspoon inventory_items.py[990]: Loading from cache: /var/cache/obmc/org.openbmc.inventory.system.chassis.motherboard.cpu1.core1@org.openbmc.InventoryItem.props
Aug 23 03:43:59 witherspoon inventory_items.py[990]: Loading from cache: /var/cache/obmc/org.openbmc.inventory.system.chassis.motherboard.cpu1.core10@org.openbmc.InventoryItem.props
Aug 23 03:43:59 witherspoon inventory_items.py[990]: Loading from cache: /var/cache/obmc/org.openbmc.inventory.system.chassis.motherboard.todclock@org.openbmc.InventoryItem.props
Aug 23 03:43:59 witherspoon inventory_items.py[990]: Loading from cache: /var/cache/obmc/org.openbmc.inventory.system.chassis.motherboard.cpu1@org.openbmc.InventoryItem.props
Aug 23 03:43:59 witherspoon inventory_items.py[990]: Loading from cache: /var/cache/obmc/org.openbmc.inventory.system.chassis.motherboard.bmc@org.openbmc.InventoryItem.props
Aug 23 03:43:59 witherspoon inventory_items.py[990]: Caching: /org/openbmc/inventory/system/chassis/motherboard/bmc
Aug 23 03:43:59 witherspoon inventory_items.py[990]: Loading from cache: /var/cache/obmc/org.openbmc.inventory.system.chassis.motherboard.cpu0.core1@org.openbmc.InventoryItem.props
Aug 23 03:43:59 witherspoon inventory_items.py[990]: Loading from cache: /var/cache/obmc/org.openbmc.inventory.system.chassis.motherboard.cpu0.core7@org.openbmc.InventoryItem.props
Aug 23 03:43:59 witherspoon inventory_items.py[990]: Loading from cache: /var/cache/obmc/org.openbmc.inventory.system.chassis.motherboard.cpu0.core4@org.openbmc.InventoryItem.props
Aug 23 03:43:59 witherspoon inventory_items.py[990]: Loading from cache: /var/cache/obmc/org.openbmc.inventory.system.chassis.motherboard.pcieclock@org.openbmc.InventoryItem.props
Aug 23 03:43:59 witherspoon inventory_items.py[990]: Loading from cache: /var/cache/obmc/org.openbmc.inventory.system.chassis.motherboard.cpu0.core10@org.openbmc.InventoryItem.props
Aug 23 03:43:59 witherspoon inventory_items.py[990]: Running Inventory Manager
Aug 23 03:43:59 witherspoon systemd[1]: Started Phosphor Inventory Manager.
Aug 23 03:44:00 witherspoon systemd[1]: Started Phosphor Network Manager.
Aug 23 03:44:00 witherspoon netman.py[992]: Started
Aug 23 03:44:08 witherspoon phosphor-mapper[989]: ObjectMapper discovery complete
Aug 23 03:44:08 witherspoon systemd[1]: Started Phosphor DBus Service Discovery Manager.
Aug 23 03:44:08 witherspoon systemd[1]: Reached target Phosphor Object Mapper.
Aug 23 03:44:08 witherspoon systemd[1]: Started Phosphor DBus Monitor.
Aug 23 03:44:08 witherspoon systemd[1]: Starting Wait for /xyz/openbmc_project/control/host0/restriction_mode...
Aug 23 03:44:08 witherspoon systemd[1]: Starting Phosphor Network Manager...
Aug 23 03:44:08 witherspoon systemd[1]: Starting Wait for /xyz/openbmc_project/time/sync_method...
Aug 23 03:44:08 witherspoon systemd[1]: Starting Wait for /xyz/openbmc_project/state/chassis0...
Aug 23 03:44:08 witherspoon systemd[1]: Starting Wait for /xyz/openbmc_project/state/host0...
Aug 23 03:44:08 witherspoon systemd[1]: Starting Wait for /xyz/openbmc_project/control/host0/auto_reboot...
Aug 23 03:44:08 witherspoon systemd[1]: Starting Wait for /xyz/openbmc_project/control/host0...
Aug 23 03:44:08 witherspoon systemd[1]: Starting Wait for /org/openbmc/managers/System...
Aug 23 03:44:08 witherspoon systemd[1]: Starting Wait for /xyz/openbmc_project/inventory...
Aug 23 03:44:08 witherspoon systemd[1]: Starting Wait for /org/openbmc/NetworkManager/Interface...
Aug 23 03:44:08 witherspoon systemd[1]: Reached target Webserver (pre).
Aug 23 03:44:08 witherspoon systemd[1]: Started Phosphor Webserver.
Aug 23 03:44:08 witherspoon systemd[1]: Starting Wait for /xyz/openbmc_project/control/host0/boot_source...
Aug 23 03:44:08 witherspoon systemd[1]: Starting Wait for /xyz/openbmc_project/led/groups...
Aug 23 03:44:08 witherspoon systemd[1]: Starting Wait for /org/openbmc/control/bmc0...
Aug 23 03:44:08 witherspoon systemd[1]: Starting Wait for /org/openbmc/managers/Download...
Aug 23 03:44:08 witherspoon systemd[1]: Starting Wait for /org/openbmc/control/power0...
Aug 23 03:44:08 witherspoon systemd[1]: Starting Wait for /xyz/openbmc_project/control/host0/boot_mode...
Aug 23 03:44:08 witherspoon systemd[1]: Starting Phosphor Settings Manager...
Aug 23 03:44:08 witherspoon systemd[1]: Starting Wait for /xyz/openbmc_project/time/owner...
Aug 23 03:44:08 witherspoon systemd[1]: Starting Phoshpor System Manager...
Aug 23 03:44:08 witherspoon systemd[1]: Starting Wait for /xyz/openbmc_project/control/host0/power_restore_policy...
Aug 23 03:44:08 witherspoon systemd[1]: Starting Wait for /xyz/openbmc_project/led/groups/bmc_booted...
Aug 23 03:44:08 witherspoon systemd[1]: Started Phosphor Hwmon Poller.
Aug 23 03:44:08 witherspoon systemd[1]: Started Phosphor Hwmon Poller.
Aug 23 03:44:08 witherspoon systemd[1]: Started Phosphor Hwmon Poller.
Aug 23 03:44:08 witherspoon systemd[1]: Started Phosphor Hwmon Poller.
Aug 23 03:44:08 witherspoon systemd[1]: Started Phosphor Hwmon Poller.
Aug 23 03:44:08 witherspoon systemd[1]: Started Phosphor Hwmon Poller.
Aug 23 03:44:08 witherspoon systemd[1]: Started Phosphor Hwmon Poller.
Aug 23 03:44:08 witherspoon systemd[1]: Started Phosphor Hwmon Poller.
Aug 23 03:44:16 witherspoon systemd[1]: Started Wait for /xyz/openbmc_project/led/groups/bmc_booted.
Aug 23 03:44:16 witherspoon systemd[1]: Started Wait for /xyz/openbmc_project/control/host0/power_restore_policy.
Aug 23 03:44:16 witherspoon systemd[1]: Started Wait for /xyz/openbmc_project/time/owner.
Aug 23 03:44:16 witherspoon systemd[1]: Started Wait for /xyz/openbmc_project/control/host0/boot_mode.
Aug 23 03:44:16 witherspoon systemd[1]: Started Wait for /org/openbmc/managers/Download.
Aug 23 03:44:16 witherspoon systemd[1]: Started Wait for /org/openbmc/control/bmc0.
Aug 23 03:44:16 witherspoon systemd[1]: Starting Phosphor BMC Code Update...
Aug 23 03:44:17 witherspoon systemd[1]: Started Wait for /xyz/openbmc_project/led/groups.
Aug 23 03:44:17 witherspoon systemd[1]: Started FRU Fault monitor service.
Aug 23 03:44:17 witherspoon systemd[1]: Started Wait for /xyz/openbmc_project/control/host0/boot_source.
Aug 23 03:44:17 witherspoon systemd[1]: Started Wait for /org/openbmc/NetworkManager/Interface.
Aug 23 03:44:17 witherspoon systemd[1]: Started Phosphor DNS Settings Cache Manager.
Aug 23 03:44:17 witherspoon systemd[1]: Started Wait for /xyz/openbmc_project/inventory.
Aug 23 03:44:17 witherspoon systemd[1]: Started Phosphor GPIO 1 Presence.
Aug 23 03:44:17 witherspoon systemd[1]: Started Phosphor GPIO 0 Presence.
Aug 23 03:44:17 witherspoon systemd[1]: Starting OpenPOWER OCC controller...
Aug 23 03:44:17 witherspoon systemd[1]: Started Phosphor Cooling Type.
Aug 23 03:44:17 witherspoon systemd[1]: Starting Read OpenPOWER-format VPD from EEPROM...
Aug 23 03:44:17 witherspoon systemd[1]: Started Wait for /xyz/openbmc_project/control/host0/auto_reboot.
Aug 23 03:44:18 witherspoon systemd[1]: Started Wait for /xyz/openbmc_project/time/sync_method.
Aug 23 03:44:18 witherspoon systemd[1]: Started Wait for /xyz/openbmc_project/control/host0/restriction_mode.
Aug 23 03:44:20 witherspoon phosphor-gpio-presence[1181]: Updating inventory present property
Aug 23 03:44:20 witherspoon phosphor-gpio-presence[1180]: Updating inventory present property
Aug 23 03:44:27 witherspoon phosphor-network-manager[1139]: ConfigParser: Key not found
Aug 23 03:44:27 witherspoon phosphor-network-manager[1139]: The operation failed internally.
Aug 23 03:44:27 witherspoon phosphor-network-manager[1139]: Exception occured during getting of DHCP value
Aug 23 03:44:27 witherspoon dbus[978]: [system] Activating via systemd: service name='org.freedesktop.hostname1' unit='dbus-org.freedesktop.hostname1.service'
Aug 23 03:44:28 witherspoon system_manager.py[1157]: Running System State: BASE_APPS
Aug 23 03:44:28 witherspoon system_manager.py[1157]: SystemManager Init Done
Aug 23 03:44:28 witherspoon system_manager.py[1157]: Running SystemManager
Aug 23 03:44:27 witherspoon systemd[1]: Starting Hostname Service...
Aug 23 03:44:27 witherspoon systemd[1]: Started Phoshpor System Manager.
Aug 23 03:44:29 witherspoon systemd[1]: Started OpenPOWER OCC controller.
Aug 23 03:44:29 witherspoon system_manager.py[1157]: SystemManager Goto System State: BMC_STARTING
Aug 23 03:44:29 witherspoon system_manager.py[1157]: Running System State: BMC_STARTING
Aug 23 03:44:30 witherspoon systemd[1]: Started Read OpenPOWER-format VPD from EEPROM.
Aug 23 03:44:31 witherspoon systemd[1]: Started Phosphor Settings Manager.
Aug 23 03:44:31 witherspoon settings_manager.py[1155]: Running HostSettingsService
Aug 23 03:44:31 witherspoon systemd[1]: Starting Wait for /org/openbmc/settings/host0...
Aug 23 03:44:31 witherspoon dbus[978]: [system] Successfully activated service 'org.freedesktop.hostname1'
Aug 23 03:44:31 witherspoon systemd[1]: Started Hostname Service.
Aug 23 03:44:31 witherspoon systemd[1]: Started Phosphor Network Manager.
Aug 23 03:44:32 witherspoon bmc_update.py[1173]: Running Bmc Flash Control
Aug 23 03:44:32 witherspoon systemd[1]: Started Phosphor BMC Code Update.
Aug 23 03:44:34 witherspoon systemd[1]: Started Wait for /org/openbmc/managers/System.
Aug 23 03:44:34 witherspoon systemd[1]: Starting Phosphor Reset Button0...
Aug 23 03:44:34 witherspoon systemd[1]: Starting Phosphor Chassis State Manager...
Aug 23 03:44:34 witherspoon systemd[1]: Starting Phosphor Power0 Control...
Aug 23 03:44:34 witherspoon systemd[1]: Starting Phosphor Power Button0...
Aug 23 03:44:34 witherspoon systemd[1]: Starting Phosphor BMC State Manager...
Aug 23 03:44:35 witherspoon phosphor-chassis-state-manager[1195]: Initial Chassis State will be Off
Aug 23 03:44:35 witherspoon systemd[1]: Started Phosphor Chassis State Manager.
Aug 23 03:44:35 witherspoon phosphor-bmc-state-manager[1198]: Setting the BMCState field
Aug 23 03:44:35 witherspoon phosphor-bmc-state-manager[1198]: Setting the BMCState field
Aug 23 03:44:35 witherspoon systemd[1]: Started Phosphor BMC State Manager.
Aug 23 03:44:36 witherspoon systemd[1]: Started Wait for /org/openbmc/settings/host0.
Aug 23 03:44:36 witherspoon systemd[1]: Started Phosphor Inband IPMI.
Aug 23 03:44:37 witherspoon button_power.exe[1197]: GPIO Lookup:  POWER_BUTTON = 347,both
Aug 23 03:44:37 witherspoon button_reset.exe[1194]: GPIO Lookup:  RESET_BUTTON = 353,both
Aug 23 03:44:37 witherspoon systemd[1]: Started Phosphor Power Button0.
Aug 23 03:44:37 witherspoon systemd[1]: Started Phosphor Reset Button0.
Aug 23 03:44:38 witherspoon system_manager.py[1157]: New object: /org/openbmc/control/power0 (:1.94)
Aug 23 03:44:38 witherspoon system_manager.py[1157]: Power GPIO config: ['SYS_PWROK_BUFF', '', [('SOFTWARE_PGOOD', True), ('BMC_POWER_UP', True)], [('BMC_CP0_RESET_N', False)], [], 'FSI_DATA', 'FSI_CLK', 'FSI_ENABLE', 'CRONUS_SEL', []]
Aug 23 03:44:38 witherspoon power_control.exe[1196]: Power GPIO latch output:
Aug 23 03:44:38 witherspoon power_control.exe[1196]: Power GPIO power good input: SYS_PWROK_BUFF
Aug 23 03:44:38 witherspoon power_control.exe[1196]: Power GPIO 2 power_up outputs
Aug 23 03:44:38 witherspoon power_control.exe[1196]: Power GPIO power_up[0] = SOFTWARE_PGOOD active HIGH
Aug 23 03:44:38 witherspoon power_control.exe[1196]: Power GPIO power_up[1] = BMC_POWER_UP active HIGH
Aug 23 03:44:38 witherspoon power_control.exe[1196]: Power GPIO 1 reset outputs
Aug 23 03:44:38 witherspoon power_control.exe[1196]: Power GPIO reset[0] = BMC_CP0_RESET_N active LOW
Aug 23 03:44:38 witherspoon power_control.exe[1196]: Power GPIO 0 pci reset outputs
Aug 23 03:44:38 witherspoon power_control.exe[1196]: FSI DATA GPIO: FSI_DATA
Aug 23 03:44:38 witherspoon power_control.exe[1196]: FSI CLK GPIO: FSI_CLK
Aug 23 03:44:38 witherspoon power_control.exe[1196]: FSI ENABLE GPIO: FSI_ENABLE
Aug 23 03:44:38 witherspoon power_control.exe[1196]: CRONUS SEL GPIO: CRONUS_SEL
Aug 23 03:44:38 witherspoon power_control.exe[1196]: Hostctl GPIO optionals: 0
Aug 23 03:44:38 witherspoon power_control.exe[1196]: GPIO Lookup:  SYS_PWROK_BUFF = 306,in
Aug 23 03:44:39 witherspoon power_control.exe[1196]: GPIO Lookup:  SOFTWARE_PGOOD = 417,out
Aug 23 03:44:39 witherspoon power_control.exe[1196]: GPIO Lookup:  BMC_POWER_UP = 305,out
Aug 23 03:44:39 witherspoon power_control.exe[1196]: GPIO Lookup:  BMC_CP0_RESET_N = 281,out
Aug 23 03:44:39 witherspoon power_control.exe[1196]: Pgood state: 0
Aug 23 03:44:39 witherspoon systemd[1]: Started Phosphor Power0 Control.
Aug 23 03:44:42 witherspoon systemd[1]: Started Wait for /xyz/openbmc_project/state/chassis0.
Aug 23 03:44:44 witherspoon systemd[1]: Started Wait for /org/openbmc/control/power0.
Aug 23 03:44:44 witherspoon systemd[1]: Starting Phosphor Time Manager daemon...
Aug 23 03:44:44 witherspoon systemd[1]: Starting Check Chassis0 pgood and create a file to indicate it...
Aug 23 03:44:46 witherspoon timemanager[1224]: Registering dbus methods
Aug 23 03:44:46 witherspoon timemanager[1224]: Last known time_mode: NTP
Aug 23 03:44:46 witherspoon timemanager[1224]: Last known time_owner: BMC
Aug 23 03:44:46 witherspoon timemanager[1224]: Empty DhcpNtp string
Aug 23 03:44:46 witherspoon timemanager[1224]: Reading Power Control key: pgood
Aug 23 03:44:47 witherspoon systemd[1]: Started Check Chassis0 pgood and create a file to indicate it.
Aug 23 03:44:47 witherspoon systemd[1]: Reached target Chassis0 power on after reset.
Aug 23 03:44:47 witherspoon systemd[1]: Reached target Chassis0 (Reset Check).
Aug 23 03:44:47 witherspoon systemd[1]: Started Wait for /xyz/openbmc_project/control/host0.
Aug 23 03:44:47 witherspoon systemd[1]: Reached target Host0 running after reset.
Aug 23 03:44:47 witherspoon systemd[1]: Reached target Host0 (Reset Check).
Aug 23 03:44:47 witherspoon systemd[1]: Starting Phosphor Host State Manager...
Aug 23 03:44:47 witherspoon timemanager[1224]: Changing settings *allowed* now
Aug 23 03:44:47 witherspoon timemanager[1224]: Owner is already set to : BMC
Aug 23 03:44:47 witherspoon timemanager[1224]: Requested_Mode: NTP Current_Mode: NTP
Aug 23 03:44:47 witherspoon timemanager[1224]: Mode is already set to : NTP
Aug 23 03:44:47 witherspoon timemanager[1224]: Getting System Settings: use_dhcp_ntp
Aug 23 03:44:47 witherspoon timemanager[1224]: use_dhcp_ntp = yes
Aug 23 03:44:47 witherspoon timemanager[1224]: Last known host_offset:0
Aug 23 03:44:47 witherspoon timemanager[1224]: Initial Uptime Usec: 1503459772901241
Aug 23 03:44:47 witherspoon systemd[1]: Started Phosphor Time Manager daemon.
Aug 23 03:44:50 witherspoon phosphor-host-state-manager[1236]: Initial Host State will be Off
Aug 23 03:44:50 witherspoon phosphor-host-state-manager[1236]: External request to reset reboot count
Aug 23 03:44:50 witherspoon systemd[1]: Started Phosphor Host State Manager.
Aug 23 03:44:51 witherspoon systemd[1]: Started Wait for /xyz/openbmc_project/state/host0.
Aug 23 03:44:51 witherspoon systemd[1]: Starting Reboot If Enabled...
Aug 23 03:44:54 witherspoon phosphor-discover-system-state[1238]: Host power is off, checking power policy
Aug 23 03:44:54 witherspoon systemd[1]: Started Reboot If Enabled.
Aug 23 03:44:54 witherspoon systemd[1]: Reached target Phosphor System - Standby.
Aug 23 03:44:54 witherspoon systemd[1]: Starting Assert bmc_booted LED...
Aug 23 03:44:54 witherspoon phosphor-bmc-state-manager[1198]: BMC_READY
Aug 23 03:44:54 witherspoon phosphor-bmc-state-manager[1198]: Setting the BMCState field
Aug 23 03:44:54 witherspoon phosphor-ledmanager[963]: Asserting LEDs
Aug 23 03:44:54 witherspoon systemd[1]: Started Assert bmc_booted LED.
Aug 23 03:44:54 witherspoon systemd[1]: Startup finished in 10.183s (kernel) + 1min 51.335s (userspace) = 2min 1.518s.
Aug 23 03:44:59 witherspoon phosphor-gevent[1148]: Traceback (most recent call last):
Aug 23 03:44:59 witherspoon phosphor-gevent[1148]:   File "/usr/lib/python2.7/site-packages/gevent/greenlet.py", line 327, in run
Aug 23 03:44:59 witherspoon phosphor-gevent[1148]:     result = self._run(*self.args, **self.kwargs)
Aug 23 03:44:59 witherspoon phosphor-gevent[1148]:   File "/usr/lib/python2.7/site-packages/gevent/server.py", line 102, in wrap_socket_and_handle
Aug 23 03:44:59 witherspoon phosphor-gevent[1148]:     ssl_socket = self.wrap_socket(client_socket, **self.ssl_args)
Aug 23 03:44:59 witherspoon phosphor-gevent[1148]:   File "/usr/lib/python2.7/site-packages/gevent/ssl.py", line 404, in wrap_socket
Aug 23 03:44:59 witherspoon phosphor-gevent[1148]:     ciphers=ciphers)
Aug 23 03:44:59 witherspoon phosphor-gevent[1148]:   File "/usr/lib/python2.7/site-packages/gevent/ssl.py", line 113, in __init__
Aug 23 03:44:59 witherspoon phosphor-gevent[1148]:     self.do_handshake()
Aug 23 03:44:59 witherspoon phosphor-gevent[1148]:   File "/usr/lib/python2.7/site-packages/gevent/ssl.py", line 324, in do_handshake
Aug 23 03:44:59 witherspoon phosphor-gevent[1148]:     return self._sslobj.do_handshake()
Aug 23 03:44:59 witherspoon phosphor-gevent[1148]: SSLEOFError: EOF occurred in violation of protocol (_ssl.c:590)
Aug 23 03:44:59 witherspoon phosphor-gevent[1148]: <Greenlet at 0x76052490: <bound method WSGIServer.wrap_socket_and_handle of <WSGIServer at 0x76029b90 fileno=5 address=('::34c2:f376:b09d:6976%1986633120', 443, 0, 1986633120)>>(<socket at 0x75eff870 fileno=9>, ('::80a9:6776:8e91:f402%1995615004', 41254, 0, 199)> failed with SSLEOFError
Aug 23 03:44:59 witherspoon phosphor-gevent[1148]: Traceback (most recent call last):
Aug 23 03:44:59 witherspoon phosphor-gevent[1148]:   File "/usr/lib/python2.7/site-packages/gevent/greenlet.py", line 327, in run
Aug 23 03:44:59 witherspoon phosphor-gevent[1148]:     result = self._run(*self.args, **self.kwargs)
Aug 23 03:44:59 witherspoon phosphor-gevent[1148]:   File "/usr/lib/python2.7/site-packages/gevent/server.py", line 102, in wrap_socket_and_handle
Aug 23 03:44:59 witherspoon phosphor-gevent[1148]:     ssl_socket = self.wrap_socket(client_socket, **self.ssl_args)
Aug 23 03:44:59 witherspoon phosphor-gevent[1148]:   File "/usr/lib/python2.7/site-packages/gevent/ssl.py", line 404, in wrap_socket
Aug 23 03:44:59 witherspoon phosphor-gevent[1148]:     ciphers=ciphers)
Aug 23 03:44:59 witherspoon phosphor-gevent[1148]:   File "/usr/lib/python2.7/site-packages/gevent/ssl.py", line 113, in __init__
Aug 23 03:44:59 witherspoon phosphor-gevent[1148]:     self.do_handshake()
Aug 23 03:44:59 witherspoon phosphor-gevent[1148]:   File "/usr/lib/python2.7/site-packages/gevent/ssl.py", line 324, in do_handshake
Aug 23 03:44:59 witherspoon phosphor-gevent[1148]:     return self._sslobj.do_handshake()
Aug 23 03:44:59 witherspoon phosphor-gevent[1148]: SSLEOFError: EOF occurred in violation of protocol (_ssl.c:590)
Aug 23 03:44:59 witherspoon phosphor-gevent[1148]: <Greenlet at 0x76052760: <bound method WSGIServer.wrap_socket_and_handle of <WSGIServer at 0x76029b90 fileno=5 address=('::34c2:f376:b09d:6976%1986633120', 443, 0, 1986633120)>>(<socket at 0x75eff810 fileno=10>, ('::80a9:6776:8e91:f402%1995615004', 41258, 0, 199)> failed with SSLEOFError
Aug 23 03:44:59 witherspoon phosphor-gevent[1148]: Traceback (most recent call last):
Aug 23 03:44:59 witherspoon phosphor-gevent[1148]:   File "/usr/lib/python2.7/site-packages/gevent/greenlet.py", line 327, in run
Aug 23 03:44:59 witherspoon phosphor-gevent[1148]:     result = self._run(*self.args, **self.kwargs)
Aug 23 03:44:59 witherspoon phosphor-gevent[1148]:   File "/usr/lib/python2.7/site-packages/gevent/server.py", line 102, in wrap_socket_and_handle
Aug 23 03:44:59 witherspoon phosphor-gevent[1148]:     ssl_socket = self.wrap_socket(client_socket, **self.ssl_args)
Aug 23 03:44:59 witherspoon phosphor-gevent[1148]:   File "/usr/lib/python2.7/site-packages/gevent/ssl.py", line 404, in wrap_socket
Aug 23 03:44:59 witherspoon phosphor-gevent[1148]:     ciphers=ciphers)
Aug 23 03:44:59 witherspoon phosphor-gevent[1148]:   File "/usr/lib/python2.7/site-packages/gevent/ssl.py", line 113, in __init__
Aug 23 03:44:59 witherspoon phosphor-gevent[1148]:     self.do_handshake()
Aug 23 03:44:59 witherspoon phosphor-gevent[1148]:   File "/usr/lib/python2.7/site-packages/gevent/ssl.py", line 324, in do_handshake
Aug 23 03:44:59 witherspoon phosphor-gevent[1148]:     return self._sslobj.do_handshake()
Aug 23 03:44:59 witherspoon phosphor-gevent[1148]: SSLEOFError: EOF occurred in violation of protocol (_ssl.c:590)
Aug 23 03:44:59 witherspoon phosphor-gevent[1148]: <Greenlet at 0x76052440: <bound method WSGIServer.wrap_socket_and_handle of <WSGIServer at 0x76029b90 fileno=5 address=('::34c2:f376:b09d:6976%1986633120', 443, 0, 1986633120)>>(<socket at 0x75eff8b0 fileno=11>, ('::80a9:6776:8e91:f402%1995615004', 41260, 0, 199)> failed with SSLEOFError
Aug 23 03:45:06 witherspoon phosphor-gevent[1148]: ::80a9:6776:8e91:f402%1995615004 - - [2017-08-23 03:45:06] "POST /login HTTP/1.1" 200 320 0.045582
Aug 23 03:45:06 witherspoon phosphor-gevent[1148]: ::80a9:6776:8e91:f402%1995615004 - - [2017-08-23 03:45:06] "GET /xyz/openbmc_project/state/chassis0//attr/CurrentPowerState HTTP/1.1" 200 216 0.059445
Aug 23 03:45:06 witherspoon phosphor-gevent[1148]: ::80a9:6776:8e91:f402%1995615004 - - [2017-08-23 03:45:06] "POST /login HTTP/1.1" 200 320 0.052002
Aug 23 03:45:06 witherspoon phosphor-gevent[1148]: ::80a9:6776:8e91:f402%1995615004 - - [2017-08-23 03:45:06] "GET /xyz/openbmc_project/state/chassis0//attr/CurrentPowerState HTTP/1.1" 200 216 0.049515
Aug 23 03:45:06 witherspoon phosphor-gevent[1148]: ::80a9:6776:8e91:f402%1995615004 - - [2017-08-23 03:45:06] "POST /login HTTP/1.1" 200 320 0.046598
Aug 23 03:45:07 witherspoon phosphor-gevent[1148]: ::80a9:6776:8e91:f402%1995615004 - - [2017-08-23 03:45:07] "GET /xyz/openbmc_project/state/host0//attr/CurrentHostState HTTP/1.1" 200 212 0.105284
Aug 23 03:45:07 witherspoon phosphor-gevent[1148]: ::80a9:6776:8e91:f402%1995615004 - - [2017-08-23 03:45:07] "POST /login HTTP/1.1" 200 320 0.033164
Aug 23 03:45:07 witherspoon phosphor-gevent[1148]: ::80a9:6776:8e91:f402%1995615004 - - [2017-08-23 03:45:07] "GET /xyz/openbmc_project/logging/entry//list HTTP/1.1" 404 311 0.030384
Aug 23 03:45:07 witherspoon systemd[1]: Started SSH Per-Connection Server (9.41.165.94:53800).
Aug 23 03:45:07 witherspoon dropbear[1253]: Failed loading /etc/dropbear/dropbear_dss_host_key
Aug 23 03:45:07 witherspoon dropbear[1253]: Failed loading /etc/dropbear/dropbear_ecdsa_host_key
Aug 23 03:45:07 witherspoon dropbear[1253]: Child connection from ::ffff:9.41.165.94:53800
Aug 23 03:45:08 witherspoon dropbear[1253]: PAM password auth succeeded for 'root' from ::ffff:9.41.165.94:53800
Aug 23 03:45:08 witherspoon dropbear[1254]: lastlog_perform_login: Couldn't stat /var/log/lastlog: No such file or directory
Aug 23 03:45:08 witherspoon dropbear[1254]: lastlog_openseek: /var/log/lastlog is not a file or directory!
Aug 23 03:45:09 witherspoon phosphor-gevent[1148]: ::80a9:6776:8e91:f402%1995615004 - - [2017-08-23 03:45:09] "POST /login HTTP/1.1" 200 320 0.050644
Aug 23 03:45:09 witherspoon phosphor-gevent[1148]: ::80a9:6776:8e91:f402%1995615004 - - [2017-08-23 03:45:09] "GET /xyz/openbmc_project/state/host0//attr/CurrentHostState HTTP/1.1" 200 212 0.106473
Aug 23 03:45:10 witherspoon dropbear[1080]: Exit (root): Exited normally
Aug 23 03:45:10 witherspoon dropbear[1253]: Exit (root): Exited normally
Aug 23 03:45:12 witherspoon phosphor-gevent[1148]: ::80a9:6776:8e91:f402%1995615004 - - [2017-08-23 03:45:12] "POST /login HTTP/1.1" 200 320 0.033502
Aug 23 03:45:12 witherspoon phosphor-gevent[1148]: ::80a9:6776:8e91:f402%1995615004 - - [2017-08-23 03:45:12] "GET /xyz/openbmc_project/software/enumerate HTTP/1.1" 200 542 0.110510
Aug 23 03:45:24 witherspoon phosphor-gevent[1148]: ::80a9:6776:8e91:f402%1995615004 - - [2017-08-23 03:45:24] "POST /login HTTP/1.1" 200 320 0.035827
Aug 23 03:45:24 witherspoon phosphor-version-software-manager[1058]: tar: short read
Aug 23 03:45:24 witherspoon phosphor-version-software-manager[1058]: Error No manifest file
Aug 23 03:45:24 witherspoon phosphor-version-software-manager[1058]: An error when reading the Manifest file.
Aug 23 03:45:24 witherspoon dbus[978]: [system] Activating via systemd: service name='org.freedesktop.journal1' unit='dbus-org.freedesktop.journal1.service'
Aug 23 03:45:24 witherspoon systemd[1]: Starting Journal Dbus Service...
Aug 23 03:45:24 witherspoon dbus[978]: [system] Successfully activated service 'org.freedesktop.journal1'
Aug 23 03:45:24 witherspoon systemd[1]: Started Journal Dbus Service.
Aug 23 03:45:25 witherspoon phosphor-fru-fault-monitor[1175]: /xyz/openbmc_project/logging/entry/1
Aug 23 03:45:25 witherspoon phosphor-version-software-manager[1058]: Error processing image
Aug 23 03:45:31 witherspoon phosphor-gevent[1148]: ::80a9:6776:8e91:f402%1995615004 - - [2017-08-23 03:45:31] "POST /upload/image HTTP/1.1" 200 169 7.233700
Aug 23 03:45:31 witherspoon systemd[1]: Started SSH Per-Connection Server (9.41.165.94:53808).
Aug 23 03:45:31 witherspoon dropbear[1269]: Failed loading /etc/dropbear/dropbear_dss_host_key
Aug 23 03:45:31 witherspoon dropbear[1269]: Failed loading /etc/dropbear/dropbear_ecdsa_host_key
Aug 23 03:45:31 witherspoon dropbear[1269]: Child connection from ::ffff:9.41.165.94:53808
Aug 23 03:45:31 witherspoon phosphor-version-software-manager[1058]: Untaring
Aug 23 03:45:32 witherspoon openpower-update-manager[1010]: Error in reading file
Aug 23 03:45:32 witherspoon openpower-update-manager[1010]: Software Object with the same version already exists
Aug 23 03:45:32 witherspoon dropbear[1269]: PAM password auth succeeded for 'root' from ::ffff:9.41.165.94:53808
Aug 23 03:45:32 witherspoon dropbear[1271]: lastlog_perform_login: Couldn't stat /var/log/lastlog: No such file or directory
Aug 23 03:45:32 witherspoon dropbear[1271]: lastlog_openseek: /var/log/lastlog is not a file or directory!
Aug 23 03:45:33 witherspoon systemd[1]: Started SSH Per-Connection Server (9.41.165.94:53810).
Aug 23 03:45:34 witherspoon dropbear[1275]: Failed loading /etc/dropbear/dropbear_dss_host_key
Aug 23 03:45:34 witherspoon dropbear[1275]: Failed loading /etc/dropbear/dropbear_ecdsa_host_key
Aug 23 03:45:34 witherspoon dropbear[1275]: Child connection from ::ffff:9.41.165.94:53810
Aug 23 03:45:34 witherspoon dropbear[1275]: PAM password auth succeeded for 'root' from ::ffff:9.41.165.94:53810
Aug 23 03:45:34 witherspoon dropbear[1276]: lastlog_perform_login: Couldn't stat /var/log/lastlog: No such file or directory
Aug 23 03:45:34 witherspoon dropbear[1276]: lastlog_openseek: /var/log/lastlog is not a file or directory!
Aug 23 03:45:35 witherspoon systemd[1]: Started SSH Per-Connection Server (9.41.165.94:53812).
Aug 23 03:45:35 witherspoon dropbear[1282]: Failed loading /etc/dropbear/dropbear_dss_host_key
Aug 23 03:45:35 witherspoon dropbear[1282]: Failed loading /etc/dropbear/dropbear_ecdsa_host_key
Aug 23 03:45:35 witherspoon dropbear[1282]: Child connection from ::ffff:9.41.165.94:53812
Aug 23 03:45:36 witherspoon dropbear[1282]: PAM password auth succeeded for 'root' from ::ffff:9.41.165.94:53812
Aug 23 03:45:36 witherspoon dropbear[1283]: lastlog_perform_login: Couldn't stat /var/log/lastlog: No such file or directory
Aug 23 03:45:36 witherspoon dropbear[1283]: lastlog_openseek: /var/log/lastlog is not a file or directory!
Aug 23 03:45:37 witherspoon systemd[1]: Started SSH Per-Connection Server (9.41.165.94:53814).
Aug 23 03:45:37 witherspoon dropbear[1286]: Failed loading /etc/dropbear/dropbear_dss_host_key
Aug 23 03:45:37 witherspoon dropbear[1286]: Failed loading /etc/dropbear/dropbear_ecdsa_host_key
Aug 23 03:45:37 witherspoon dropbear[1286]: Child connection from ::ffff:9.41.165.94:53814
Aug 23 03:45:38 witherspoon dropbear[1286]: PAM password auth succeeded for 'root' from ::ffff:9.41.165.94:53814
Aug 23 03:45:38 witherspoon dropbear[1287]: lastlog_perform_login: Couldn't stat /var/log/lastlog: No such file or directory
Aug 23 03:45:38 witherspoon dropbear[1287]: lastlog_openseek: /var/log/lastlog is not a file or directory!
Aug 23 03:45:39 witherspoon phosphor-gevent[1148]: ::80a9:6776:8e91:f402%1995615004 - - [2017-08-23 03:45:39] "POST /login HTTP/1.1" 200 320 0.041408
Aug 23 03:45:39 witherspoon phosphor-gevent[1148]: ::80a9:6776:8e91:f402%1995615004 - - [2017-08-23 03:45:39] "GET /xyz/openbmc_project/software/fd2cbe15/attr/Activation HTTP/1.1" 200 225 0.160684
Aug 23 03:45:39 witherspoon phosphor-gevent[1148]: ::80a9:6776:8e91:f402%1995615004 - - [2017-08-23 03:45:39] "POST /login HTTP/1.1" 200 320 0.033587
Aug 23 03:45:39 witherspoon phosphor-gevent[1148]: ::80a9:6776:8e91:f402%1995615004 - - [2017-08-23 03:45:39] "GET /xyz/openbmc_project/software/fd2cbe15 HTTP/1.1" 200 816 0.118278
Aug 23 03:45:40 witherspoon phosphor-gevent[1148]: ::80a9:6776:8e91:f402%1995615004 - - [2017-08-23 03:45:40] "POST /login HTTP/1.1" 200 320 0.033267
Aug 23 03:45:40 witherspoon phosphor-gevent[1148]: ::80a9:6776:8e91:f402%1995615004 - - [2017-08-23 03:45:40] "PUT /xyz/openbmc_project/software/fd2cbe15/attr/RequestedActivation HTTP/1.1" 200 169 0.546145
Aug 23 03:45:40 witherspoon systemd[1]: Created slice system-obmc\x2dflash\x2dbios\x2dubimount.slice.
Aug 23 03:45:40 witherspoon systemd[1]: Starting Attach the PNOR mtd device to UBI...
Aug 23 03:45:40 witherspoon systemd[1]: Created slice system-obmc\x2dflash\x2dbios\x2dsquashfsmount.slice.
Aug 23 03:45:41 witherspoon phosphor-gevent[1148]: ::80a9:6776:8e91:f402%1995615004 - - [2017-08-23 03:45:41] "POST /login HTTP/1.1" 200 320 0.033081
Aug 23 03:45:41 witherspoon obmc-flash-bios[1293]: ubiattach: error!: cannot attach mtd7
Aug 23 03:45:41 witherspoon obmc-flash-bios[1293]:            error 22 (Invalid argument)
Aug 23 03:45:41 witherspoon obmc-flash-bios[1293]: Starting ubiformat /dev/mtd7
Aug 23 03:45:41 witherspoon kernel: ubi7: default fastmap pool size: 100
Aug 23 03:45:41 witherspoon kernel: ubi7: default fastmap WL pool size: 50
Aug 23 03:45:41 witherspoon kernel: ubi7: attaching mtd7
Aug 23 03:45:41 witherspoon kernel: ubi7: scanning is finished
Aug 23 03:45:41 witherspoon kernel: ubi7 error: ubi_read_volume_table: the layout volume was not found
Aug 23 03:45:41 witherspoon kernel: ubi7 error: ubi_attach_mtd_dev: failed to attach mtd7, error -22
Aug 23 03:45:41 witherspoon kernel[995]: [  168.260000] ubi7: default fastmap pool size: 100
Aug 23 03:45:41 witherspoon kernel[995]: [  168.260000] ubi7: default fastmap WL pool size: 50
Aug 23 03:45:41 witherspoon kernel[995]: [  168.260000] ubi7: attaching mtd7
Aug 23 03:45:41 witherspoon kernel[995]: [  168.260000] ubi7: scanning is finished
Aug 23 03:45:41 witherspoon kernel[995]: [  168.260000] ubi7 error: ubi_read_volume_table: the layout volume was not found
Aug 23 03:45:41 witherspoon kernel[995]: [  168.260000] ubi7 error: ubi_attach_mtd_dev: failed to attach mtd7, error -22
Aug 23 03:45:41 witherspoon phosphor-gevent[1148]: ::80a9:6776:8e91:f402%1995615004 - - [2017-08-23 03:45:41] "GET /xyz/openbmc_project/software/fd2cbe15 HTTP/1.1" 200 844 0.402141
Aug 23 03:45:41 witherspoon systemd[1]: Started SSH Per-Connection Server (9.41.165.94:53824).
Aug 23 03:45:41 witherspoon dropbear[1300]: Failed loading /etc/dropbear/dropbear_dss_host_key
Aug 23 03:45:41 witherspoon dropbear[1300]: Failed loading /etc/dropbear/dropbear_ecdsa_host_key
Aug 23 03:45:41 witherspoon dropbear[1300]: Child connection from ::ffff:9.41.165.94:53824
Aug 23 03:45:42 witherspoon dropbear[1300]: PAM password auth succeeded for 'root' from ::ffff:9.41.165.94:53824
Aug 23 03:45:43 witherspoon dropbear[1301]: lastlog_perform_login: Couldn't stat /var/log/lastlog: No such file or directory
Aug 23 03:45:43 witherspoon dropbear[1301]: lastlog_openseek: /var/log/lastlog is not a file or directory!
Aug 23 03:45:44 witherspoon phosphor-gevent[1148]: ::80a9:6776:8e91:f402%1995615004 - - [2017-08-23 03:45:44] "POST /login HTTP/1.1" 200 320 0.033141
Aug 23 03:45:44 witherspoon phosphor-gevent[1148]: ::80a9:6776:8e91:f402%1995615004 - - [2017-08-23 03:45:44] "GET /xyz/openbmc_project/software/fd2cbe15 HTTP/1.1" 200 844 0.392873
Aug 23 03:46:45 witherspoon phosphor-gevent[1148]: ::80a9:6776:8e91:f402%1995615004 - - [2017-08-23 03:46:45] "POST /login HTTP/1.1" 200 320 0.516608
Aug 23 03:46:45 witherspoon phosphor-gevent[1148]: ::80a9:6776:8e91:f402%1995615004 - - [2017-08-23 03:46:45] "GET /xyz/openbmc_project/software/fd2cbe15 HTTP/1.1" 200 844 0.166618
Aug 23 03:47:46 witherspoon phosphor-gevent[1148]: ::80a9:6776:8e91:f402%1995615004 - - [2017-08-23 03:47:46] "POST /login HTTP/1.1" 200 320 0.032916
Aug 23 03:47:46 witherspoon phosphor-gevent[1148]: ::80a9:6776:8e91:f402%1995615004 - - [2017-08-23 03:47:46] "GET /xyz/openbmc_project/software/fd2cbe15 HTTP/1.1" 200 844 0.126792
Aug 23 03:48:46 witherspoon phosphor-gevent[1148]: ::80a9:6776:8e91:f402%1995615004 - - [2017-08-23 03:48:46] "POST /login HTTP/1.1" 200 320 0.033906
