[    0.250000] io scheduler noop registered
[    0.250000] io scheduler deadline registered
[    0.250000] io scheduler cfq registered (default)
[    0.270000] ipmi-bt-host 1e789140.ibt: Found bt bmc device
[    0.270000] ipmi-bt-host 1e789140.ibt: Using IRQ 22
[    0.270000] Serial: 8250/16550 driver, 6 ports, IRQ sharing enabled
[    0.300000] 1e787000.vuart: ttyS5 at MMIO 0x1e787000 (irq = 22, base_baud = 1500000) is a 16550A
[    0.300000] 1e783000.serial: ttyS0 at MMIO 0x1e783000 (irq = 23, base_baud = 1500000) is a 16550A
[    0.300000] 1e78d000.serial: ttyS1 at MMIO 0x1e78d000 (irq = 24, base_baud = 1500000) is a 16550A
[    0.300000] 1e784000.serial: ttyS4 at MMIO 0x1e784000 (irq = 25, base_baud = 1500000) is a 16550A
[    0.650000] console [ttyS4] enabled
[    0.790000] timeriomem_rng 1e6e2078.hwrng: 32bits from 0xf00e2078 @ 1us
[    0.810000] random: fast init done
[    0.840000] brd: module loaded
[    0.870000] loop: module loaded
[    0.870000] aspeed-lpc-ctrl 1e789080.lpc-ctrl: Loaded at 0x98000000 (0x04000000)
[    0.880000] aspeed-smc 1e620000.flash-controller: Using IRQ 18
[    0.880000] aspeed-smc 1e620000.flash-controller: DMA support disabled.
[    0.900000] aspeed-smc 1e620000.flash-controller: mx25l25635e (32768 Kbytes)
[    0.900000] aspeed-smc 1e620000.flash-controller: CE0 window [ 0x20000000 - 0x22000000 ] 32MB
[    0.900000] aspeed-smc 1e620000.flash-controller: CE1 window [ 0x22000000 - 0x2a000000 ] 128MB
[    0.920000] 3 ofpart partitions found on MTD device bmc
[    0.920000] Creating 3 MTD partitions on "bmc":
[    0.920000] 0x000000000000-0x000000060000 : "u-boot"
[    0.920000] 0x000000060000-0x000000080000 : "u-boot-env"
[    0.950000] random: crng init done
[    0.960000] 0x000000080000-0x000002000000 : "obmc-ubi"
[    0.970000] aspeed-smc 1e620000.flash-controller: mx25l25635e (32768 Kbytes)
[    0.980000] aspeed-smc 1e620000.flash-controller: CE1 window [ 0x22000000 - 0x24000000 ] 32MB
[    0.980000] aspeed-smc 1e620000.flash-controller: CE2 window [ 0x24000000 - 0x2c000000 ] 128MB
[    1.000000] 3 ofpart partitions found on MTD device alt-bmc
[    1.000000] Creating 3 MTD partitions on "alt-bmc":
[    1.010000] 0x000000000000-0x000000060000 : "alt-u-boot"
[    1.010000] 0x000000060000-0x000000080000 : "alt-u-boot-env"
[    1.030000] 0x000000080000-0x000002000000 : "alt-obmc-ubi"
[    1.040000] aspeed-smc 1e630000.flash-controller: mx66l1g45g (131072 Kbytes)
[    1.050000] aspeed-smc 1e630000.flash-controller: CE0 window resized to 120MB (AST2500 HW quirk)
[    1.050000] aspeed-smc 1e630000.flash-controller: CE0 window [ 0x30000000 - 0x37800000 ] 120MB
[    1.070000] aspeed-smc 1e630000.flash-controller: CE0 window too small for chip 128MB
[    1.070000] aspeed-smc 1e630000.flash-controller: CE1 window [ 0x37800000 - 0x38000000 ] 8MB
[    1.840000] libphy: Fixed MDIO Bus: probed
[    1.840000] ftgmac100 1e660000.ethernet: Read MAC address 70:e2:84:14:2a:08 from chip
[    1.840000] ftgmac100 1e660000.ethernet: Using NCSI interface
[    1.840000] ftgmac100 1e660000.ethernet eth0: irq 20, mapped at f0060000
[    1.840000] ehci_hcd: USB 2.0 'Enhanced' Host Controller (EHCI) Driver
[    1.840000] ehci-platform: EHCI generic platform driver
[    2.050000] i2c /dev entries driver
[    2.050000] aspeed-i2c-bus 1e78a0c0.i2c-bus: i2c bus 2 registered, irq 26
[    2.050000] aspeed-i2c-bus 1e78a100.i2c-bus: i2c bus 3 registered, irq 27
[    2.050000] aspeed-i2c-bus 1e78a140.i2c-bus: i2c bus 4 registered, irq 28
[    2.050000] aspeed-i2c-bus 1e78a180.i2c-bus: i2c bus 5 registered, irq 29
[    2.050000] aspeed-i2c-bus 1e78a380.i2c-bus: i2c bus 9 registered, irq 30
[    2.050000] aspeed-i2c-bus 1e78a3c0.i2c-bus: i2c bus 10 registered, irq 31
[    2.050000] rtc-rv8803 11-0032: Voltage low, temperature compensation stopped.
[    2.050000] rtc-rv8803 11-0032: An alarm maybe have been missed.
[    2.150000] rtc-rv8803 11-0032: rtc core: registered rx8900 as rtc0
[    2.160000] at24 11-0051: 8192 byte 24c64 EEPROM, writable, 1 bytes/write
[    2.160000] aspeed-i2c-bus 1e78a400.i2c-bus: i2c bus 11 registered, irq 32
[    2.160000] aspeed-i2c-bus 1e78a440.i2c-bus: i2c bus 12 registered, irq 33
[    2.160000] aspeed-i2c-bus 1e78a480.i2c-bus: i2c bus 13 registered, irq 34
[    2.160000] Driver for 1-wire Dallas network protocol.
[    2.160000] lm75 9-004a: hwmon0: sensor 'tmp275'
[    3.980000] ucd9000 11-0064: Device ID UCD90160|2.3.4.0000|110603
[    4.680000] leds-pca955x 3-0060: leds-pca955x: Using pca9552 16-bit LED driver at slave address 0x60
[    4.690000] leds-pca955x 3-0060: gpios 238...253
[    4.690000] leds-pca955x 11-0060: leds-pca955x: Using pca9552 16-bit LED driver at slave address 0x60
[    4.710000] leds-pca955x 11-0060: gpios 222...237
[    4.710000] usbcore: registered new interface driver usbhid
[    4.720000] usbhid: USB HID core driver
[    4.750000] dps310 3-0076: iio:device1: sensor 'dps310'
[    4.750000] NET: Registered protocol family 10
[    4.760000] Segment Routing with IPv6
[    4.760000] NET: Registered protocol family 17
[    4.760000] 8021q: 802.1Q VLAN Support v1.8
[    4.780000] input: gpio-keys-polled as /devices/platform/gpio-keys-polled/input/input1
[    4.810000] ubi0: default fastmap pool size: 25
[    4.820000] ubi0: default fastmap WL pool size: 12
[    4.820000] ubi0: attaching mtd3
[    4.830000] ubi0: scanning is finished
[    4.850000] ubi0: attached mtd3 (name "obmc-ubi", size 31 MiB)
[    4.850000] ubi0: PEB size: 65536 bytes (64 KiB), LEB size: 65408 bytes
[    4.850000] ubi0: min./max. I/O unit sizes: 1/256, sub-page size 1
[    4.880000] ubi0: VID header offset: 64 (aligned 64), data offset: 128
[    4.880000] ubi0: good PEBs: 504, bad PEBs: 0, corrupted PEBs: 0
[    4.880000] ubi0: user volume: 4, internal volumes: 1, max. volumes count: 128
[    4.880000] ubi0: max/mean erase counter: 57/36, WL threshold: 4096, image sequence number: 1358235831
[    4.880000] ubi0: available PEBs: 46, total reserved PEBs: 458, PEBs reserved for bad PEB handling: 0
[    4.910000] ubi0: background thread "ubi_bgt0d" started, PID 507
[    4.910000] ubi4: default fastmap pool size: 25
[    4.910000] ubi4: default fastmap WL pool size: 12
[    4.910000] ubi4: attaching mtd7
[    4.950000] ubi4: scanning is finished
[    4.990000] ubi4: attached mtd7 (name "alt-obmc-ubi", size 31 MiB)
[    4.990000] ubi4: PEB size: 65536 bytes (64 KiB), LEB size: 65408 bytes
[    5.040000] ubi4: min./max. I/O unit sizes: 1/256, sub-page size 1
[    5.040000] ubi4: VID header offset: 64 (aligned 64), data offset: 128
[    5.040000] ubi4: good PEBs: 504, bad PEBs: 0, corrupted PEBs: 0
[    5.040000] ubi4: user volume: 4, internal volumes: 1, max. volumes count: 128
[    5.040000] ubi4: max/mean erase counter: 23/17, WL threshold: 4096, image sequence number: 1358235831
[    5.040000] ubi4: available PEBs: 46, total reserved PEBs: 458, PEBs reserved for bad PEB handling: 0
[    5.040000] ubi4: background thread "ubi_bgt4d" started, PID 513
[   15.030000] block ubiblock4_0: created from ubi4:0(rofs-c7ba7361)
[   15.030000] console [netcon0] enabled
[   15.030000] netconsole: network logging started
[   15.030000] input: gpio-keys as /devices/platform/gpio-keys/input/input2
[   15.030000] rtc-rv8803 11-0032: setting system clock to 2017-10-26 00:13:51 UTC (1508976831)
[   15.030000] VFS: Mounted root (squashfs filesystem) readonly on device 254:0.
[   15.030000] devtmpfs: mounted
[   15.030000] Freeing unused kernel memory: 284K
[   15.030000] This architecture does not have kernel memory protection.
[   17.890000] systemd[1]: Failed to insert module 'autofs4': No such file or directory
[   17.890000] systemd[1]: systemd 232 running in system mode. (+PAM -AUDIT -SELINUX -IMA -APPARMOR -SMACK +SYSVINIT -UTMP -LIBCRYPTSETUP -GCRYPT -GNUTLS +ACL +XZ -LZ4 -SECCOMP +BLKID -ELFUTILS +KMOD -IDN)
[   17.890000] systemd[1]: Detected architecture arm.
[   18.260000] systemd[1]: Set hostname to <witherspoon>.
[   18.320000] systemd[1]: Initializing machine ID from random generator.
[   18.320000] systemd[1]: Installed transient /etc/machine-id file.
[   20.160000] systemd[1]: Listening on Journal Socket.
[   20.220000] systemd[1]: Reached target Remote File Systems.
[   20.260000] systemd[1]: Listening on udev Control Socket.
[   20.310000] systemd[1]: Listening on Process Core Dump Socket.
[   20.360000] systemd[1]: Listening on Journal Socket (/dev/log).
[   23.100000] systemd[1]: Started Create Static Device Nodes in /dev.
[   23.320000] systemd[1]: Starting udev Kernel Device Manager...
[   23.470000] systemd[1]: Reached target Local File Systems (Pre).
[   23.630000] systemd[1]: Mounting /media...
[   23.670000] systemd[1]: Mounting /usr/local...
[   23.670000] systemd[1]: Mounted /usr/local.
[   23.960000] systemd[1]: Mounted /media.
[   24.030000] systemd[1]: Started Journal Service.
[   29.040000] UBIFS (ubi0:2): background thread "ubifs_bgt0_2" started, PID 957
[   29.080000] UBIFS (ubi0:2): UBIFS: mounted UBI device 0, volume 2, name "rwfs"
[   29.080000] UBIFS (ubi0:2): LEB size: 65408 bytes (63 KiB), min./max. I/O unit sizes: 8 bytes/256 bytes
[   29.080000] UBIFS (ubi0:2): FS size: 3597440 bytes (3 MiB, 55 LEBs), journal size 719488 bytes (0 MiB, 11 LEBs)
[   29.080000] UBIFS (ubi0:2): reserved for root: 0 bytes (0 KiB)
[   29.130000] UBIFS (ubi0:2): media format: w4/r0 (latest is w5/r0), UUID F6AF7850-1C6E-4E2A-94BB-A56899CAF080, small LPT model
[   29.690000] systemd-journald[538]: Received request to flush runtime journal from PID 1
[   32.310000] ubi8: default fastmap pool size: 100
[   32.310000] ubi8: default fastmap WL pool size: 50
[   32.310000] ubi8: attaching mtd8
[   32.630000] ubi8: scanning is finished
[   32.810000] ubi8: attached mtd8 (name "pnor", size 128 MiB)
[   32.810000] ubi8: PEB size: 65536 bytes (64 KiB), LEB size: 65408 bytes
[   32.810000] ubi8: min./max. I/O unit sizes: 1/256, sub-page size 1
[   32.810000] ubi8: VID header offset: 64 (aligned 64), data offset: 128
[   32.810000] ubi8: good PEBs: 2048, bad PEBs: 0, corrupted PEBs: 0
[   32.850000] ubi8: user volume: 4, internal volumes: 1, max. volumes count: 128
[   32.850000] ubi8: max/mean erase counter: 1/0, WL threshold: 4096, image sequence number: 567203918
[   32.850000] ubi8: available PEBs: 1110, total reserved PEBs: 938, PEBs reserved for bad PEB handling: 0
[   32.850000] ubi8: background thread "ubi_bgt8d" started, PID 996
[   38.670000] 8021q: adding VLAN 0 to HW filter on device eth0
[   41.380000] ubi: ubi0 already exists
[   43.890000] ftgmac100 1e660000.ethernet eth0: ncsi: removed vlan tag 0 at index 1
[   44.080000] ftgmac100 1e660000.ethernet eth0: ncsi: removed vlan tag 0 at index 2
[   44.080000] ftgmac100 1e660000.ethernet eth0: no vlan ids left to set
[   44.690000] ftgmac100 1e660000.ethernet eth0: NCSI interface up
[   46.830000] block ubiblock8_0: created from ubi8:0(pnor-ro-390e9d0f)
[   48.810000] UBIFS (ubi8:1): UBIFS: mounted UBI device 8, volume 1, name "pnor-rw-390e9d0f"
[   48.810000] UBIFS (ubi8:1): LEB size: 65408 bytes (63 KiB), min./max. I/O unit sizes: 8 bytes/256 bytes
[   48.810000] UBIFS (ubi8:1): FS size: 16155776 bytes (15 MiB, 247 LEBs), journal size 784896 bytes (0 MiB, 12 LEBs)
[   48.810000] UBIFS (ubi8:1): reserved for root: 763076 bytes (745 KiB)
[   48.810000] UBIFS (ubi8:1): media format: w5/r0 (latest is w5/r0), UUID 4D29FA48-B6BF-4AE4-94BE-058B8001E16F, small LPT model
[   48.810000] UBIFS (ubi8:1): background thread "ubifs_bgt8_1" started, PID 1096
[   51.260000] UBIFS (ubi8:2): background thread "ubifs_bgt8_2" started, PID 1106
[   51.260000] UBIFS (ubi8:2): UBIFS: mounted UBI device 8, volume 2, name "pnor-prsv"
[   51.260000] UBIFS (ubi8:2): LEB size: 65408 bytes (63 KiB), min./max. I/O unit sizes: 8 bytes/256 bytes
[   51.260000] UBIFS (ubi8:2): FS size: 1504384 bytes (1 MiB, 23 LEBs), journal size 523265 bytes (0 MiB, 6 LEBs)
[   51.260000] UBIFS (ubi8:2): reserved for root: 71055 bytes (69 KiB)
[   51.260000] UBIFS (ubi8:2): media format: w5/r0 (latest is w5/r0), UUID 65D2C8B2-CAAA-4F86-8671-DC0B711C9917, small LPT model
[   62.610000] block ubiblock0_0: created from ubi0:0(rofs-347855ea)
[   64.340000] ubi: ubi4 already exists
[  100.740000] UBIFS (ubi8:3): UBIFS: mounted UBI device 8, volume 3, name "pnor-patch"
[  100.740000] UBIFS (ubi8:3): LEB size: 65408 bytes (63 KiB), min./max. I/O unit sizes: 8 bytes/256 bytes
[  100.740000] UBIFS (ubi8:3): FS size: 16155776 bytes (15 MiB, 247 LEBs), journal size 784896 bytes (0 MiB, 12 LEBs)
[  100.740000] UBIFS (ubi8:3): reserved for root: 763076 bytes (745 KiB)
[  100.740000] UBIFS (ubi8:3): media format: w5/r0 (latest is w5/r0), UUID 48C40BD7-B197-4A44-BC5D-4232452EB5F6, small LPT model
[  100.880000] UBIFS (ubi8:3): background thread "ubifs_bgt8_3" started, PID 1244
[  138.240000] ftgmac100 1e660000.ethernet eth0: NCSI interface down
[  138.590000] 8021q: adding VLAN 0 to HW filter on device eth0
[  139.760000] ftgmac100 1e660000.ethernet eth0: no vlan ids left to set
[  139.760000] ftgmac100 1e660000.ethernet eth0: NCSI interface up
[  163.210000] ftgmac100 1e660000.ethernet eth0: NCSI interface down
[  163.670000] 8021q: adding VLAN 0 to HW filter on device eth0
[  164.790000] ftgmac100 1e660000.ethernet eth0: no vlan ids left to set
[  164.790000] ftgmac100 1e660000.ethernet eth0: NCSI interface up
