-- Logs begin at Tue 2017-08-08 16:02:12 UTC, end at Tue 2017-08-08 16:18:16 UTC. --
Aug 08 16:02:12 witherspoon kernel: Booting Linux on physical CPU 0x0
Aug 08 16:02:12 witherspoon kernel: Linux version 4.10.17-03afe5775baf06c3037d62cc2a15628079af38c9 (jenkins@openbmc-builder1) (gcc version 6.2.0 (GCC) ) #1 Tue Aug 8 15:37:57 UTC 2017
Aug 08 16:02:12 witherspoon kernel: CPU: ARMv6-compatible processor [410fb767] revision 7 (ARMv7), cr=00c5387d
Aug 08 16:02:12 witherspoon kernel: CPU: PIPT / VIPT nonaliasing data cache, VIPT nonaliasing instruction cache
Aug 08 16:02:12 witherspoon kernel: OF: fdt:Machine model: Witherspoon BMC
Aug 08 16:02:12 witherspoon kernel: Memory policy: Data cache writeback
Aug 08 16:02:12 witherspoon kernel: SOC Rev: 04030303
Aug 08 16:02:12 witherspoon kernel: On node 0 totalpages: 110592
Aug 08 16:02:12 witherspoon kernel: free_area_init_node: node 0, pgdat 805ff5f4, node_mem_map 9ec1a000
Aug 08 16:02:12 witherspoon kernel:   Normal zone: 992 pages used for memmap
Aug 08 16:02:12 witherspoon kernel:   Normal zone: 0 pages reserved
Aug 08 16:02:12 witherspoon kernel:   Normal zone: 110592 pages, LIFO batch:31
Aug 08 16:02:12 witherspoon kernel: pcpu-alloc: s0 r0 d32768 u32768 alloc=1*32768
Aug 08 16:02:12 witherspoon kernel: pcpu-alloc: [0] 0 
Aug 08 16:02:12 witherspoon kernel: Built 1 zonelists in Zone order, mobility grouping on.  Total pages: 109600
Aug 08 16:02:12 witherspoon kernel: Kernel command line: console=ttyS4,115200n8 root=/dev/ram rw
Aug 08 16:02:12 witherspoon kernel: PID hash table entries: 2048 (order: 1, 8192 bytes)
Aug 08 16:02:12 witherspoon kernel: Dentry cache hash table entries: 65536 (order: 6, 262144 bytes)
Aug 08 16:02:12 witherspoon kernel: Inode-cache hash table entries: 32768 (order: 5, 131072 bytes)
Aug 08 16:02:12 witherspoon kernel: Memory: 430436K/442368K available (4065K kernel code, 280K rwdata, 1192K rodata, 284K init, 111K bss, 11932K reserved, 0K cma-reserved)
Aug 08 16:02:12 witherspoon kernel: Virtual kernel memory layout:
                                        vector  : 0xffff0000 - 0xffff1000   (   4 kB)
                                        fixmap  : 0xffc00000 - 0xfff00000   (3072 kB)
                                        vmalloc : 0x9f800000 - 0xff800000   (1536 MB)
                                        lowmem  : 0x80000000 - 0x9f000000   ( 496 MB)
                                          .text : 0x80008000 - 0x80400940   (4067 kB)
                                          .init : 0x80585000 - 0x805cc000   ( 284 kB)
                                          .data : 0x805cc000 - 0x80612358   ( 281 kB)
                                           .bss : 0x80612358 - 0x8062e1f8   ( 112 kB)
Aug 08 16:02:12 witherspoon kernel: NR_IRQS:16 nr_irqs:16 16
Aug 08 16:02:12 witherspoon kernel: i2c controller registered, irq 16
Aug 08 16:02:12 witherspoon kernel: clocksource: moxart_timer: mask: 0xffffffff max_cycles: 0xffffffff, max_idle_ns: 77222644334 ns
Aug 08 16:02:12 witherspoon kernel: sched_clock: 32 bits at 100 Hz, resolution 10000000ns, wraps every 21474836475000000ns
Aug 08 16:02:12 witherspoon kernel: Calibrating delay loop... 789.70 BogoMIPS (lpj=3948544)
Aug 08 16:02:12 witherspoon kernel: pid_max: default: 32768 minimum: 301
Aug 08 16:02:12 witherspoon kernel: Mount-cache hash table entries: 1024 (order: 0, 4096 bytes)
Aug 08 16:02:12 witherspoon kernel: Mountpoint-cache hash table entries: 1024 (order: 0, 4096 bytes)
Aug 08 16:02:12 witherspoon kernel: CPU: Testing write buffer coherency: ok
Aug 08 16:02:12 witherspoon kernel: ftrace: allocating 14934 entries in 44 pages
Aug 08 16:02:12 witherspoon kernel: Setting up static identity map for 0x80008200 - 0x8000825c
Aug 08 16:02:12 witherspoon kernel: devtmpfs: initialized
Aug 08 16:02:12 witherspoon kernel: clocksource: jiffies: mask: 0xffffffff max_cycles: 0xffffffff, max_idle_ns: 19112604462750000 ns
Aug 08 16:02:12 witherspoon kernel: futex hash table entries: 256 (order: -1, 3072 bytes)
Aug 08 16:02:12 witherspoon kernel: pinctrl core: initialized pinctrl subsystem
Aug 08 16:02:12 witherspoon kernel: NET: Registered protocol family 16
Aug 08 16:02:12 witherspoon kernel: DMA: preallocated 256 KiB pool for atomic coherent allocations
Aug 08 16:02:12 witherspoon kernel: usbcore: registered new interface driver usbfs
Aug 08 16:02:12 witherspoon kernel: usbcore: registered new interface driver hub
Aug 08 16:02:12 witherspoon kernel: usbcore: registered new device driver usb
Aug 08 16:02:12 witherspoon kernel: clocksource: Switched to clocksource moxart_timer
Aug 08 16:02:12 witherspoon kernel: NET: Registered protocol family 2
Aug 08 16:02:12 witherspoon kernel: TCP established hash table entries: 4096 (order: 2, 16384 bytes)
Aug 08 16:02:12 witherspoon kernel: TCP bind hash table entries: 4096 (order: 2, 16384 bytes)
Aug 08 16:02:12 witherspoon kernel: TCP: Hash tables configured (established 4096 bind 4096)
Aug 08 16:02:12 witherspoon kernel: UDP hash table entries: 256 (order: 0, 4096 bytes)
Aug 08 16:02:12 witherspoon kernel: UDP-Lite hash table entries: 256 (order: 0, 4096 bytes)
Aug 08 16:02:12 witherspoon kernel: NET: Registered protocol family 1
Aug 08 16:02:12 witherspoon kernel: Trying to unpack rootfs image as initramfs...
Aug 08 16:02:12 witherspoon kernel: Freeing initrd memory: 1548K
Aug 08 16:02:12 witherspoon kernel: workingset: timestamp_bits=30 max_order=17 bucket_order=0
Aug 08 16:02:12 witherspoon kernel: squashfs: version 4.0 (2009/01/31) Phillip Lougher
Aug 08 16:02:12 witherspoon kernel: jffs2: version 2.2. (SUMMARY)  © 2001-2006 Red Hat, Inc.
Aug 08 16:02:12 witherspoon kernel: Block layer SCSI generic (bsg) driver version 0.4 loaded (major 250)
Aug 08 16:02:12 witherspoon kernel: io scheduler noop registered
Aug 08 16:02:12 witherspoon kernel: io scheduler deadline registered
Aug 08 16:02:12 witherspoon kernel: io scheduler cfq registered (default)
Aug 08 16:02:12 witherspoon kernel: ipmi-bt-host 1e789140.ibt: Found bt bmc device
Aug 08 16:02:12 witherspoon kernel: ipmi-bt-host 1e789140.ibt: Using IRQ 22
Aug 08 16:02:12 witherspoon kernel: Serial: 8250/16550 driver, 6 ports, IRQ sharing enabled
Aug 08 16:02:12 witherspoon kernel: 1e787000.vuart: ttyS0 at MMIO 0x1e787000 (irq = 22, base_baud = 1500000) is a 16550A
Aug 08 16:02:12 witherspoon kernel: 1e783000.serial: ttyS1 at MMIO 0x1e783000 (irq = 23, base_baud = 1500000) is a 16550A
Aug 08 16:02:12 witherspoon kernel: 1e78d000.serial: ttyS2 at MMIO 0x1e78d000 (irq = 24, base_baud = 1500000) is a 16550A
Aug 08 16:02:12 witherspoon kernel: 1e784000.serial: ttyS4 at MMIO 0x1e784000 (irq = 25, base_baud = 1500000) is a 16550A
Aug 08 16:02:12 witherspoon kernel: console [ttyS4] enabled
Aug 08 16:02:12 witherspoon kernel: timeriomem_rng 1e6e2078.hwrng: 32bits from 0xf00e2078 @ 1us
Aug 08 16:02:12 witherspoon kernel: random: fast init done
Aug 08 16:02:12 witherspoon kernel: brd: module loaded
Aug 08 16:02:12 witherspoon kernel: loop: module loaded
Aug 08 16:02:12 witherspoon kernel: aspeed-lpc-ctrl 1e789080.lpc-ctrl: Loaded at 0x98000000 (0x04000000)
Aug 08 16:02:12 witherspoon kernel: aspeed-smc 1e620000.flash-controller: Using IRQ 18
Aug 08 16:02:12 witherspoon kernel: aspeed-smc 1e620000.flash-controller: DMA support disabled.
Aug 08 16:02:12 witherspoon kernel: aspeed-smc 1e620000.flash-controller: mx25l25635e (32768 Kbytes)
Aug 08 16:02:12 witherspoon kernel: aspeed-smc 1e620000.flash-controller: CE0 window [ 0x20000000 - 0x22000000 ] 32MB
Aug 08 16:02:12 witherspoon kernel: aspeed-smc 1e620000.flash-controller: CE1 window [ 0x22000000 - 0x2a000000 ] 128MB
Aug 08 16:02:12 witherspoon kernel: 5 ofpart partitions found on MTD device bmc
Aug 08 16:02:12 witherspoon kernel: Creating 5 MTD partitions on "bmc":
Aug 08 16:02:12 witherspoon kernel: 0x000000000000-0x000000060000 : "u-boot"
Aug 08 16:02:12 witherspoon kernel: 0x000000060000-0x000000080000 : "u-boot-env"
Aug 08 16:02:12 witherspoon kernel: 0x000000080000-0x0000004c0000 : "kernel"
Aug 08 16:02:12 witherspoon kernel: 0x0000004c0000-0x000001c00000 : "rofs"
Aug 08 16:02:12 witherspoon kernel: 0x000001c00000-0x000002000000 : "rwfs"
Aug 08 16:02:12 witherspoon kernel: aspeed-smc 1e620000.flash-controller: mx25l25635e (32768 Kbytes)
Aug 08 16:02:12 witherspoon kernel: aspeed-smc 1e620000.flash-controller: CE1 window [ 0x22000000 - 0x24000000 ] 32MB
Aug 08 16:02:12 witherspoon kernel: aspeed-smc 1e620000.flash-controller: CE2 window [ 0x24000000 - 0x2c000000 ] 128MB
Aug 08 16:02:12 witherspoon kernel: aspeed-smc 1e630000.flash-controller: mx66l1g45g (131072 Kbytes)
Aug 08 16:02:12 witherspoon kernel: aspeed-smc 1e630000.flash-controller: CE0 window resized to 120MB (AST2500 HW quirk)
Aug 08 16:02:12 witherspoon kernel: aspeed-smc 1e630000.flash-controller: CE0 window [ 0x30000000 - 0x37800000 ] 120MB
Aug 08 16:02:12 witherspoon kernel: aspeed-smc 1e630000.flash-controller: CE0 window too small for chip 128MB
Aug 08 16:02:12 witherspoon kernel: aspeed-smc 1e630000.flash-controller: CE1 window [ 0x37800000 - 0x38000000 ] 8MB
Aug 08 16:02:12 witherspoon kernel: libphy: Fixed MDIO Bus: probed
Aug 08 16:02:12 witherspoon kernel: ftgmac100 1e660000.ethernet: Read MAC address 70:e2:84:14:23:e1 from chip
Aug 08 16:02:12 witherspoon kernel: ftgmac100 1e660000.ethernet: Using NCSI interface
Aug 08 16:02:12 witherspoon kernel: ftgmac100 1e660000.ethernet eth0: irq 20, mapped at f0060000
Aug 08 16:02:12 witherspoon kernel: ehci_hcd: USB 2.0 'Enhanced' Host Controller (EHCI) Driver
Aug 08 16:02:12 witherspoon kernel: ehci-platform: EHCI generic platform driver
Aug 08 16:02:12 witherspoon kernel:  fsi0: can't read slave 00:00 -5
Aug 08 16:02:12 witherspoon kernel: i2c /dev entries driver
Aug 08 16:02:12 witherspoon kernel: aspeed-i2c-bus 1e78a0c0.i2c-bus: i2c bus 2 registered, irq 26
Aug 08 16:02:12 witherspoon kernel: aspeed-i2c-bus 1e78a100.i2c-bus: i2c bus 3 registered, irq 27
Aug 08 16:02:12 witherspoon kernel: aspeed-i2c-bus 1e78a140.i2c-bus: i2c bus 4 registered, irq 28
Aug 08 16:02:12 witherspoon kernel: aspeed-i2c-bus 1e78a180.i2c-bus: i2c bus 5 registered, irq 29
Aug 08 16:02:12 witherspoon kernel: aspeed-i2c-bus 1e78a380.i2c-bus: i2c bus 9 registered, irq 30
Aug 08 16:02:12 witherspoon kernel: aspeed-i2c-bus 1e78a3c0.i2c-bus: i2c bus 10 registered, irq 31
Aug 08 16:02:12 witherspoon kernel: rtc-rv8803 11-0032: Voltage low, temperature compensation stopped.
Aug 08 16:02:12 witherspoon kernel: rtc-rv8803 11-0032: An alarm maybe have been missed.
Aug 08 16:02:12 witherspoon kernel: rtc-rv8803 11-0032: rtc core: registered rx8900 as rtc0
Aug 08 16:02:12 witherspoon kernel: at24 11-0051: 8192 byte 24c64 EEPROM, writable, 1 bytes/write
Aug 08 16:02:12 witherspoon kernel: aspeed-i2c-bus 1e78a400.i2c-bus: i2c bus 11 registered, irq 32
Aug 08 16:02:12 witherspoon kernel: aspeed-i2c-bus 1e78a440.i2c-bus: i2c bus 12 registered, irq 33
Aug 08 16:02:12 witherspoon kernel: aspeed-i2c-bus 1e78a480.i2c-bus: i2c bus 13 registered, irq 34
Aug 08 16:02:12 witherspoon kernel: Driver for 1-wire Dallas network protocol.
Aug 08 16:02:12 witherspoon kernel: lm75 9-004a: hwmon0: sensor 'tmp275'
Aug 08 16:02:12 witherspoon kernel: random: crng init done
Aug 08 16:02:12 witherspoon kernel: ucd9000 11-0064: Device ID UCD90160|2.3.4.0000|110603
Aug 08 16:02:12 witherspoon kernel: leds-pca955x 3-0060: leds-pca955x: Using pca9552 16-bit LED driver at slave address 0x60
Aug 08 16:02:12 witherspoon kernel: leds-pca955x 11-0060: leds-pca955x: Using pca9552 16-bit LED driver at slave address 0x60
Aug 08 16:02:12 witherspoon kernel: leds-pca955x 11-0060: gpios 264...279
Aug 08 16:02:12 witherspoon kernel: usbcore: registered new interface driver usbhid
Aug 08 16:02:12 witherspoon kernel: usbhid: USB HID core driver
Aug 08 16:02:12 witherspoon kernel: NET: Registered protocol family 10
Aug 08 16:02:12 witherspoon kernel: Segment Routing with IPv6
Aug 08 16:02:12 witherspoon kernel: NET: Registered protocol family 17
Aug 08 16:02:12 witherspoon kernel: 8021q: 802.1Q VLAN Support v1.8
Aug 08 16:02:12 witherspoon kernel: console [netcon0] enabled
Aug 08 16:02:12 witherspoon kernel: netconsole: network logging started
Aug 08 16:02:12 witherspoon kernel: input: gpio-keys as /devices/platform/gpio-keys/input/input0
Aug 08 16:02:12 witherspoon kernel: rtc-rv8803 11-0032: setting system clock to 2017-08-08 16:02:05 UTC (1502208125)
Aug 08 16:02:12 witherspoon kernel: Freeing unused kernel memory: 284K
Aug 08 16:02:12 witherspoon kernel: This architecture does not have kernel memory protection.
Aug 08 16:02:12 witherspoon kernel: jffs2: notice: (526) jffs2_build_xattr_subsystem: complete building xattr subsystem, 1 of xdatum (0 unchecked, 0 orphan) and 11 of xref (0 dead, 1 orphan) found.
Aug 08 16:02:12 witherspoon systemd[1]: Failed to insert module 'autofs4': No such file or directory
Aug 08 16:02:12 witherspoon systemd[1]: systemd 232 running in system mode. (+PAM -AUDIT -SELINUX -IMA -APPARMOR -SMACK +SYSVINIT -UTMP -LIBCRYPTSETUP -GCRYPT -GNUTLS +ACL +XZ -LZ4 -SECCOMP +BLKID -ELFUTILS +KMOD -IDN)
Aug 08 16:02:12 witherspoon systemd[1]: Detected architecture arm.
Aug 08 16:02:12 witherspoon systemd[1]: Set hostname to <witherspoon>.
Aug 08 16:02:12 witherspoon systemd[1]: Listening on Journal Socket (/dev/log).
Aug 08 16:02:12 witherspoon systemd[1]: Listening on /dev/initctl Compatibility Named Pipe.
Aug 08 16:02:12 witherspoon systemd[1]: Listening on udev Kernel Socket.
Aug 08 16:02:12 witherspoon systemd[1]: Started Dispatch Password Requests to Console Directory Watch.
Aug 08 16:02:12 witherspoon systemd[1]: Listening on Network Service Netlink Socket.
Aug 08 16:02:12 witherspoon systemd[1]: Started Forward Password Requests to Wall Directory Watch.
Aug 08 16:02:12 witherspoon systemd[1]: Listening on Journal Socket.
Aug 08 16:02:12 witherspoon systemd-journald[545]: Journal started
Aug 08 16:02:12 witherspoon systemd-journald[545]: Runtime journal (/run/log/journal/cc6e1404d87444e8a089dfdb00a18f7d) is 0B, max 0B, 0B free.
Aug 08 16:02:12 witherspoon systemd-sysctl[552]: Couldn't write '16' to 'kernel/sysrq', ignoring: No such file or directory
Aug 08 16:02:12 witherspoon systemd-sysctl[552]: Couldn't write 'fq_codel' to 'net/core/default_qdisc', ignoring: No such file or directory
Aug 08 16:02:13 witherspoon systemd[1]: Started Remount Root and Kernel File Systems.
Aug 08 16:02:13 witherspoon systemd[1]: Started Apply Kernel Variables.
Aug 08 16:02:13 witherspoon systemd[1]: Starting Create System Users...
Aug 08 16:02:13 witherspoon systemd[1]: Starting Flush Journal to Persistent Storage...
Aug 08 16:02:13 witherspoon systemd[1]: Started Create System Users.
Aug 08 16:02:13 witherspoon systemd[1]: Starting Create Static Device Nodes in /dev...
Aug 08 16:02:14 witherspoon systemd-journald[545]: Runtime journal (/run/log/journal/cc6e1404d87444e8a089dfdb00a18f7d) is 0B, max 0B, 0B free.
Aug 08 16:02:14 witherspoon systemd[1]: Started Flush Journal to Persistent Storage.
Aug 08 16:02:14 witherspoon systemd[1]: Started Create Static Device Nodes in /dev.
Aug 08 16:02:14 witherspoon systemd[1]: Starting udev Kernel Device Manager...
Aug 08 16:02:14 witherspoon systemd[1]: Reached target Local File Systems (Pre).
Aug 08 16:02:14 witherspoon systemd[1]: Mounting /var/volatile...
Aug 08 16:02:14 witherspoon systemd[1]: Mounted /var/volatile.
Aug 08 16:02:14 witherspoon systemd[1]: Reached target Local File Systems.
Aug 08 16:02:14 witherspoon systemd[1]: Starting Create Volatile Files and Directories...
Aug 08 16:02:14 witherspoon systemd[1]: Starting Rebuild Journal Catalog...
Aug 08 16:02:14 witherspoon systemd[1]: Starting Load/Save Random Seed...
Aug 08 16:02:14 witherspoon systemd[1]: Started Load/Save Random Seed.
Aug 08 16:02:14 witherspoon systemd-tmpfiles[671]: "/var/tmp" already exists and is not a directory.
Aug 08 16:02:14 witherspoon systemd-tmpfiles[671]: "/var/log" already exists and is not a directory.
Aug 08 16:02:14 witherspoon systemd[1]: Started Create Volatile Files and Directories.
Aug 08 16:02:14 witherspoon systemd[1]: Starting Network Time Synchronization...
Aug 08 16:02:14 witherspoon systemd[1]: Started Rebuild Journal Catalog.
Aug 08 16:02:15 witherspoon systemd[1]: Starting Update is Completed...
Aug 08 16:02:15 witherspoon systemd[1]: Started Update is Completed.
Aug 08 16:02:15 witherspoon systemd[1]: Started udev Coldplug all Devices.
Aug 08 16:02:15 witherspoon systemd[1]: Started udev Kernel Device Manager.
Aug 08 16:02:15 witherspoon systemd[1]: Started Network Time Synchronization.
Aug 08 16:02:16 witherspoon systemd[1]: Reached target System Time Synchronized.
Aug 08 16:02:16 witherspoon systemd[1]: Reached target System Initialization.
Aug 08 16:02:16 witherspoon systemd[1]: Listening on D-Bus System Message Bus Socket.
Aug 08 16:02:16 witherspoon systemd[1]: Listening on Phosphor Webserver socket.
Aug 08 16:02:16 witherspoon systemd[1]: Listening on Phosphor DBUS Browser socket.
Aug 08 16:02:16 witherspoon systemd[1]: Listening on phosphor-ipmi-net.socket.
Aug 08 16:02:16 witherspoon systemd[1]: Listening on dropbear.socket.
Aug 08 16:02:16 witherspoon systemd[1]: Started Daily Cleanup of Temporary Directories.
Aug 08 16:02:17 witherspoon systemd[1]: Reached target Timers.
Aug 08 16:02:17 witherspoon systemd[1]: Listening on Phosphor Host Console SSH Per-Connection socket.
Aug 08 16:02:17 witherspoon systemd[1]: Listening on Avahi mDNS/DNS-SD Stack Activation Socket.
Aug 08 16:02:17 witherspoon systemd[1]: Reached target Sockets.
Aug 08 16:02:17 witherspoon systemd[1]: Reached target Basic System.
Aug 08 16:02:17 witherspoon systemd[1]: Starting Phosphor Inventory Manager...
Aug 08 16:02:17 witherspoon systemd[1]: Started System Logging Service.
Aug 08 16:02:17 witherspoon systemd[1]: Starting Phosphor Download Manager...
Aug 08 16:02:17 witherspoon systemd[1]: Starting Phosphor Inventory Manager...
Aug 08 16:02:17 witherspoon systemd[1]: Started Kernel Logging Service.
Aug 08 16:02:17 witherspoon systemd[1]: Starting Phosphor Dump Manager...
Aug 08 16:02:17 witherspoon systemd[1]: Starting Phosphor IPMI BT DBus Bridge...
Aug 08 16:02:17 witherspoon systemd[1]: Starting OpenBMC Software Update Manager...
Aug 08 16:02:17 witherspoon systemd[1]: Starting Phosphor Log Manager...
Aug 08 16:02:17 witherspoon systemd[1]: Starting Phosphor DBus Service Discovery Manager...
Aug 08 16:02:17 witherspoon systemd[1]: Started Phosphor Dump core monitor..
Aug 08 16:02:18 witherspoon systemd[1]: Starting Remount the squashfs and ubi volumes after a reboot...
Aug 08 16:02:18 witherspoon kernel: ubi7: default fastmap pool size: 100
Aug 08 16:02:18 witherspoon kernel: ubi7: default fastmap WL pool size: 50
Aug 08 16:02:18 witherspoon kernel: ubi7: attaching mtd7
Aug 08 16:02:18 witherspoon systemd[1]: Starting Phosphor Network Manager...
Aug 08 16:02:18 witherspoon systemd[1]: Starting Clear one time boot overrides...
Aug 08 16:02:18 witherspoon systemd[1]: Starting Phosphor User Manager...
Aug 08 16:02:18 witherspoon systemd[1]: Starting Phosphor Settings Daemon...
Aug 08 16:02:18 witherspoon systemd[1]: Starting Phosphor LED Group Management Daemon...
Aug 08 16:02:18 witherspoon systemd[1]: Started D-Bus System Message Bus.
Aug 08 16:02:20 witherspoon kernel: ubi7: scanning is finished
Aug 08 16:02:20 witherspoon obmc-flash-bios[938]: UBI device number 7, total 2048 LEBs (133955584 bytes, 127.8 MiB), available 1367 LEBs (89412736 bytes, 85.3 MiB), LEB size 65408 bytes (63.9 KiB)
Aug 08 16:02:20 witherspoon kernel[931]: klogd started: BusyBox v1.24.1 (2017-06-16 19:29:08 UTC)
Aug 08 16:02:20 witherspoon kernel[931]: [    0.000000] Booting Linux on physical CPU 0x0
Aug 08 16:02:20 witherspoon kernel[931]: [    0.000000] Linux version 4.10.17-03afe5775baf06c3037d62cc2a15628079af38c9 (jenkins@openbmc-builder1) (gcc version 6.2.0 (GCC) ) #1 Tue Aug 8 15:37:57 UTC 2017
Aug 08 16:02:20 witherspoon kernel[931]: [    0.000000] CPU: ARMv6-compatible processor [410fb767] revision 7 (ARMv7), cr=00c5387d
Aug 08 16:02:20 witherspoon kernel[931]: [    0.000000] CPU: PIPT / VIPT nonaliasing data cache, VIPT nonaliasing instruction cache
Aug 08 16:02:20 witherspoon kernel[931]: [    0.000000] OF: fdt:Machine model: Witherspoon BMC
Aug 08 16:02:20 witherspoon kernel[931]: [    0.000000] Memory policy: Data cache writeback
Aug 08 16:02:20 witherspoon kernel[931]: [    0.000000] SOC Rev: 04030303
Aug 08 16:02:20 witherspoon kernel[931]: [    0.000000] On node 0 totalpages: 110592
Aug 08 16:02:20 witherspoon kernel[931]: [    0.000000] free_area_init_node: node 0, pgdat 805ff5f4, node_mem_map 9ec1a000
Aug 08 16:02:21 witherspoon kernel: ubi7: attached mtd7 (name "pnor", size 128 MiB)
Aug 08 16:02:21 witherspoon kernel: ubi7: PEB size: 65536 bytes (64 KiB), LEB size: 65408 bytes
Aug 08 16:02:21 witherspoon kernel: ubi7: min./max. I/O unit sizes: 1/256, sub-page size 1
Aug 08 16:02:21 witherspoon kernel: ubi7: VID header offset: 64 (aligned 64), data offset: 128
Aug 08 16:02:21 witherspoon kernel: ubi7: good PEBs: 2048, bad PEBs: 0, corrupted PEBs: 0
Aug 08 16:02:21 witherspoon kernel: ubi7: user volume: 3, internal volumes: 1, max. volumes count: 128
Aug 08 16:02:21 witherspoon kernel: ubi7: max/mean erase counter: 1/0, WL threshold: 4096, image sequence number: 1711695919
Aug 08 16:02:21 witherspoon kernel: ubi7: available PEBs: 1367, total reserved PEBs: 681, PEBs reserved for bad PEB handling: 0
Aug 08 16:02:21 witherspoon kernel: ubi7: background thread "ubi_bgt7d" started, PID 955
Aug 08 16:02:20 witherspoon kernel[931]: [    0.000000]   Normal zone: 992 pages used for memmap
Aug 08 16:02:20 witherspoon kernel[931]: [    0.000000]   Normal zone: 0 pages reserved
Aug 08 16:02:20 witherspoon kernel[931]: [    0.000000]   Normal zone: 110592 pages, LIFO batch:31
Aug 08 16:02:20 witherspoon kernel[931]: [    0.000000] pcpu-alloc: s0 r0 d32768 u32768 alloc=1*32768
Aug 08 16:02:20 witherspoon kernel[931]: [    0.000000] pcpu-alloc: [0] 0
Aug 08 16:02:20 witherspoon kernel[931]: [    0.000000] Built 1 zonelists in Zone order, mobility grouping on.  Total pages: 109600
Aug 08 16:02:20 witherspoon kernel[931]: [    0.000000] Kernel command line: console=ttyS4,115200n8 root=/dev/ram rw
Aug 08 16:02:20 witherspoon kernel[931]: [    0.000000] PID hash table entries: 2048 (order: 1, 8192 bytes)
Aug 08 16:02:20 witherspoon kernel[931]: [    0.000000] Dentry cache hash table entries: 65536 (order: 6, 262144 bytes)
Aug 08 16:02:20 witherspoon kernel[931]: [    0.000000] Inode-cache hash table entries: 32768 (order: 5, 131072 bytes)
Aug 08 16:02:20 witherspoon kernel[931]: [    0.000000] Memory: 430436K/442368K available (4065K kernel code, 280K rwdata, 1192K rodata, 284K init, 111K bss, 11932K reserved, 0K cma-reserved)
Aug 08 16:02:20 witherspoon kernel[931]: [    0.000000] Virtual kernel memory layout:
Aug 08 16:02:20 witherspoon kernel[931]: [    0.000000]     vector  : 0xffff0000 - 0xffff1000   (   4 kB)
Aug 08 16:02:20 witherspoon kernel[931]: [    0.000000]     fixmap  : 0xffc00000 - 0xfff00000   (3072 kB)
Aug 08 16:02:20 witherspoon kernel[931]: [    0.000000]     vmalloc : 0x9f800000 - 0xff800000   (1536 MB)
Aug 08 16:02:20 witherspoon kernel[931]: [    0.000000]     lowmem  : 0x80000000 - 0x9f000000   ( 496 MB)
Aug 08 16:02:20 witherspoon kernel[931]: [    0.000000]       .text : 0x80008000 - 0x80400940   (4067 kB)
Aug 08 16:02:20 witherspoon kernel[931]: [    0.000000]       .init : 0x80585000 - 0x805cc000   ( 284 kB)
Aug 08 16:02:20 witherspoon kernel[931]: [    0.000000]       .data : 0x805cc000 - 0x80612358   ( 281 kB)
Aug 08 16:02:20 witherspoon kernel[931]: [    0.000000]        .bss : 0x80612358 - 0x8062e1f8   ( 112 kB)
Aug 08 16:02:20 witherspoon kernel[931]: [    0.000000] NR_IRQS:16 nr_irqs:16 16
Aug 08 16:02:20 witherspoon kernel[931]: [    0.000000] i2c controller registered, irq 16
Aug 08 16:02:20 witherspoon kernel[931]: [    0.000000] clocksource: moxart_timer: mask: 0xffffffff max_cycles: 0xffffffff, max_idle_ns: 77222644334 ns
Aug 08 16:02:20 witherspoon kernel[931]: [    0.000000] sched_clock: 32 bits at 100 Hz, resolution 10000000ns, wraps every 21474836475000000ns
Aug 08 16:02:20 witherspoon kernel[931]: [    0.090000] Calibrating delay loop... 789.70 BogoMIPS (lpj=3948544)
Aug 08 16:02:20 witherspoon kernel[931]: [    0.090000] pid_max: default: 32768 minimum: 301
Aug 08 16:02:20 witherspoon kernel[931]: [    0.090000] Mount-cache hash table entries: 1024 (order: 0, 4096 bytes)
Aug 08 16:02:20 witherspoon kernel[931]: [    0.090000] Mountpoint-cache hash table entries: 1024 (order: 0, 4096 bytes)
Aug 08 16:02:20 witherspoon kernel[931]: [    0.090000] CPU: Testing write buffer coherency: ok
Aug 08 16:02:20 witherspoon kernel[931]: [    0.090000] ftrace: allocating 14934 entries in 44 pages
Aug 08 16:02:20 witherspoon kernel[931]: [    0.120000] Setting up static identity map for 0x80008200 - 0x8000825c
Aug 08 16:02:20 witherspoon kernel[931]: [    0.120000] devtmpfs: initialized
Aug 08 16:02:20 witherspoon kernel[931]: [    0.150000] clocksource: jiffies: mask: 0xffffffff max_cycles: 0xffffffff, max_idle_ns: 19112604462750000 ns
Aug 08 16:02:20 witherspoon kernel[931]: [    0.150000] futex hash table entries: 256 (order: -1, 3072 bytes)
Aug 08 16:02:20 witherspoon kernel[931]: [    0.150000] pinctrl core: initialized pinctrl subsystem
Aug 08 16:02:20 witherspoon kernel[931]: [    0.150000] NET: Registered protocol family 16
Aug 08 16:02:20 witherspoon kernel[931]: [    0.150000] DMA: preallocated 256 KiB pool for atomic coherent allocations
Aug 08 16:02:23 witherspoon kernel: UBIFS (ubi7:0): UBIFS: mounted UBI device 7, volume 0, name "pnor-rw-136cf504"
Aug 08 16:02:23 witherspoon kernel: UBIFS (ubi7:0): LEB size: 65408 bytes (63 KiB), min./max. I/O unit sizes: 8 bytes/256 bytes
Aug 08 16:02:23 witherspoon kernel: UBIFS (ubi7:0): FS size: 16155776 bytes (15 MiB, 247 LEBs), journal size 784896 bytes (0 MiB, 12 LEBs)
Aug 08 16:02:23 witherspoon kernel: UBIFS (ubi7:0): reserved for root: 763076 bytes (745 KiB)
Aug 08 16:02:23 witherspoon kernel: UBIFS (ubi7:0): media format: w5/r0 (latest is w5/r0), UUID FE75CC1A-EF23-4AF6-BF04-9850EFC54112, small LPT model
Aug 08 16:02:23 witherspoon kernel: UBIFS (ubi7:0): background thread "ubifs_bgt7_0" started, PID 964
Aug 08 16:02:20 witherspoon kernel[931]: [    0.220000] usbcore: registered new interface driver usbfs
Aug 08 16:02:20 witherspoon kernel[931]: [    0.220000] usbcore: registered new interface driver hub
Aug 08 16:02:20 witherspoon kernel[931]: [    0.220000] usbcore: registered new device driver usb
Aug 08 16:02:20 witherspoon kernel[931]: [    0.220000] clocksource: Switched to clocksource moxart_timer
Aug 08 16:02:20 witherspoon kernel[931]: [    0.230000] NET: Registered protocol family 2
Aug 08 16:02:20 witherspoon kernel[931]: [    0.230000] TCP established hash table entries: 4096 (order: 2, 16384 bytes)
Aug 08 16:02:20 witherspoon kernel[931]: [    0.240000] TCP bind hash table entries: 4096 (order: 2, 16384 bytes)
Aug 08 16:02:20 witherspoon kernel[931]: [    0.240000] TCP: Hash tables configured (established 4096 bind 4096)
Aug 08 16:02:20 witherspoon kernel[931]: [    0.240000] UDP hash table entries: 256 (order: 0, 4096 bytes)
Aug 08 16:02:20 witherspoon kernel[931]: [    0.240000] UDP-Lite hash table entries: 256 (order: 0, 4096 bytes)
Aug 08 16:02:20 witherspoon kernel[931]: [    0.240000] NET: Registered protocol family 1
Aug 08 16:02:20 witherspoon kernel[931]: [    0.240000] Trying to unpack rootfs image as initramfs...
Aug 08 16:02:20 witherspoon kernel[931]: [    1.910000] Freeing initrd memory: 1548K
Aug 08 16:02:20 witherspoon kernel[931]: [    1.910000] workingset: timestamp_bits=30 max_order=17 bucket_order=0
Aug 08 16:02:20 witherspoon kernel[931]: [    1.910000] squashfs: version 4.0 (2009/01/31) Phillip Lougher
Aug 08 16:02:20 witherspoon kernel[931]: [    1.910000] jffs2: version 2.2. (SUMMARY)  © 2001-2006 Red Hat, Inc.
Aug 08 16:02:20 witherspoon kernel[931]: [    1.910000] Block layer SCSI generic (bsg) driver version 0.4 loaded (major 250)
Aug 08 16:02:20 witherspoon kernel[931]: [    1.910000] io scheduler noop registered
Aug 08 16:02:20 witherspoon kernel[931]: [    1.910000] io scheduler deadline registered
Aug 08 16:02:20 witherspoon kernel[931]: [    1.910000] io scheduler cfq registered (default)
Aug 08 16:02:20 witherspoon kernel[931]: [    2.060000] ipmi-bt-host 1e789140.ibt: Found bt bmc device
Aug 08 16:02:20 witherspoon kernel[931]: [    2.060000] ipmi-bt-host 1e789140.ibt: Using IRQ 22
Aug 08 16:02:20 witherspoon kernel[931]: [    2.060000] Serial: 8250/16550 driver, 6 ports, IRQ sharing enabled
Aug 08 16:02:20 witherspoon kernel[931]: [    2.060000] 1e787000.vuart: ttyS0 at MMIO 0x1e787000 (irq = 22, base_baud = 1500000) is a 16550A
Aug 08 16:02:20 witherspoon kernel[931]: [    2.060000] 1e783000.serial: ttyS1 at MMIO 0x1e783000 (irq = 23, base_baud = 1500000) is a 16550A
Aug 08 16:02:20 witherspoon kernel[931]: [    2.060000] 1e78d000.serial: ttyS2 at MMIO 0x1e78d000 (irq = 24, base_baud = 1500000) is a 16550A
Aug 08 16:02:20 witherspoon kernel[931]: [    2.060000] 1e784000.serial: ttyS4 at MMIO 0x1e784000 (irq = 25, base_baud = 1500000) is a 16550A
Aug 08 16:02:20 witherspoon kernel[931]: [    2.420000] console [ttyS4] enabled
Aug 08 16:02:20 witherspoon kernel[931]: [    2.600000] timeriomem_rng 1e6e2078.hwrng: 32bits from 0xf00e2078 @ 1us
Aug 08 16:02:20 witherspoon kernel[931]: [    2.610000] random: fast init done
Aug 08 16:02:20 witherspoon kernel[931]: [    2.650000] brd: module loaded
Aug 08 16:02:20 witherspoon kernel[931]: [    2.680000] loop: module loaded
Aug 08 16:02:20 witherspoon kernel[931]: [    2.680000] aspeed-lpc-ctrl 1e789080.lpc-ctrl: Loaded at 0x98000000 (0x04000000)
Aug 08 16:02:20 witherspoon kernel[931]: [    2.690000] aspeed-smc 1e620000.flash-controller: Using IRQ 18
Aug 08 16:02:20 witherspoon kernel[931]: [    2.690000] aspeed-smc 1e620000.flash-controller: DMA support disabled.
Aug 08 16:02:20 witherspoon kernel[931]: [    2.710000] aspeed-smc 1e620000.flash-controller: mx25l25635e (32768 Kbytes)
Aug 08 16:02:20 witherspoon kernel[931]: [    2.710000] aspeed-smc 1e620000.flash-controller: CE0 window [ 0x20000000 - 0x22000000 ] 32MB
Aug 08 16:02:20 witherspoon kernel[931]: [    2.710000] aspeed-smc 1e620000.flash-controller: CE1 window [ 0x22000000 - 0x2a000000 ] 128MB
Aug 08 16:02:20 witherspoon kernel[931]: [    2.710000] 5 ofpart partitions found on MTD device bmc
Aug 08 16:02:20 witherspoon kernel[931]: [    2.730000] Creating 5 MTD partitions on "bmc":
Aug 08 16:02:20 witherspoon kernel[931]: [    2.730000] 0x000000000000-0x000000060000 : "u-boot"
Aug 08 16:02:20 witherspoon kernel[931]: [    2.730000] 0x000000060000-0x000000080000 : "u-boot-env"
Aug 08 16:02:20 witherspoon kernel[931]: [    2.730000] 0x000000080000-0x0000004c0000 : "kernel"
Aug 08 16:02:20 witherspoon kernel[931]: [    2.770000] 0x0000004c0000-0x000001c00000 : "rofs"
Aug 08 16:02:20 witherspoon kernel[931]: [    2.780000] 0x000001c00000-0x000002000000 : "rwfs"
Aug 08 16:02:20 witherspoon kernel[931]: [    2.790000] aspeed-smc 1e620000.flash-controller: mx25l25635e (32768 Kbytes)
Aug 08 16:02:20 witherspoon kernel[931]: [    2.800000] aspeed-smc 1e620000.flash-controller: CE1 window [ 0x22000000 - 0x24000000 ] 32MB
Aug 08 16:02:20 witherspoon kernel[931]: [    2.800000] aspeed-smc 1e620000.flash-controller: CE2 window [ 0x24000000 - 0x2c000000 ] 128MB
Aug 08 16:02:20 witherspoon kernel[931]: [    2.820000] aspeed-smc 1e630000.flash-controller: mx66l1g45g (131072 Kbytes)
Aug 08 16:02:20 witherspoon kernel[931]: [    2.830000] aspeed-smc 1e630000.flash-controller: CE0 window resized to 120MB (AST2500 HW quirk)
Aug 08 16:02:20 witherspoon kernel[931]: [    2.830000] aspeed-smc 1e630000.flash-controller: CE0 window [ 0x30000000 - 0x37800000 ] 120MB
Aug 08 16:02:20 witherspoon kernel[931]: [    2.850000] aspeed-smc 1e630000.flash-controller: CE0 window too small for chip 128MB
Aug 08 16:02:20 witherspoon kernel[931]: [    2.850000] aspeed-smc 1e630000.flash-controller: CE1 window [ 0x37800000 - 0x38000000 ] 8MB
Aug 08 16:02:20 witherspoon kernel[931]: [    3.620000] libphy: Fixed MDIO Bus: probed
Aug 08 16:02:20 witherspoon kernel[931]: [    3.620000] ftgmac100 1e660000.ethernet: Read MAC address 70:e2:84:14:23:e1 from chip
Aug 08 16:02:20 witherspoon kernel[931]: [    3.620000] ftgmac100 1e660000.ethernet: Using NCSI interface
Aug 08 16:02:20 witherspoon kernel[931]: [    3.620000] ftgmac100 1e660000.ethernet eth0: irq 20, mapped at f0060000
Aug 08 16:02:20 witherspoon kernel[931]: [    3.620000] ehci_hcd: USB 2.0 'Enhanced' Host Controller (EHCI) Driver
Aug 08 16:02:24 witherspoon systemd[1]: Started Phosphor Download Manager.
Aug 08 16:02:20 witherspoon kernel[931]: [    3.620000] ehci-platform: EHCI generic platform driver
Aug 08 16:02:24 witherspoon systemd[1]: Started Phosphor Settings Daemon.
Aug 08 16:02:20 witherspoon kernel[931]: [    3.830000]  fsi0: can't read slave 00:00 -5
Aug 08 16:02:24 witherspoon systemd[1]: Started Phosphor IPMI BT DBus Bridge.
Aug 08 16:02:20 witherspoon kernel[931]: [    3.830000] i2c /dev entries driver
Aug 08 16:02:25 witherspoon systemd[1]: Started Phosphor Inventory Manager.
Aug 08 16:02:20 witherspoon kernel[931]: [    3.830000] aspeed-i2c-bus 1e78a0c0.i2c-bus: i2c bus 2 registered, irq 26
Aug 08 16:02:20 witherspoon kernel[931]: [    3.830000] aspeed-i2c-bus 1e78a100.i2c-bus: i2c bus 3 registered, irq 27
Aug 08 16:02:20 witherspoon kernel[931]: [    3.830000] aspeed-i2c-bus 1e78a140.i2c-bus: i2c bus 4 registered, irq 28
Aug 08 16:02:20 witherspoon kernel[931]: [    3.830000] aspeed-i2c-bus 1e78a180.i2c-bus: i2c bus 5 registered, irq 29
Aug 08 16:02:20 witherspoon kernel[931]: [    3.830000] aspeed-i2c-bus 1e78a380.i2c-bus: i2c bus 9 registered, irq 30
Aug 08 16:02:20 witherspoon kernel[931]: [    3.830000] aspeed-i2c-bus 1e78a3c0.i2c-bus: i2c bus 10 registered, irq 31
Aug 08 16:02:20 witherspoon kernel[931]: [    3.830000] rtc-rv8803 11-0032: Voltage low, temperature compensation stopped.
Aug 08 16:02:20 witherspoon kernel[931]: [    3.830000] rtc-rv8803 11-0032: An alarm maybe have been missed.
Aug 08 16:02:20 witherspoon kernel[931]: [    3.940000] rtc-rv8803 11-0032: rtc core: registered rx8900 as rtc0
Aug 08 16:02:20 witherspoon kernel[931]: [    3.950000] at24 11-0051: 8192 byte 24c64 EEPROM, writable, 1 bytes/write
Aug 08 16:02:20 witherspoon kernel[931]: [    3.950000] aspeed-i2c-bus 1e78a400.i2c-bus: i2c bus 11 registered, irq 32
Aug 08 16:02:20 witherspoon kernel[931]: [    3.950000] aspeed-i2c-bus 1e78a440.i2c-bus: i2c bus 12 registered, irq 33
Aug 08 16:02:20 witherspoon kernel[931]: [    3.950000] aspeed-i2c-bus 1e78a480.i2c-bus: i2c bus 13 registered, irq 34
Aug 08 16:02:20 witherspoon kernel[931]: [    3.950000] Driver for 1-wire Dallas network protocol.
Aug 08 16:02:20 witherspoon kernel[931]: [    3.950000] lm75 9-004a: hwmon0: sensor 'tmp275'
Aug 08 16:02:20 witherspoon kernel[931]: [    4.030000] random: crng init done
Aug 08 16:02:20 witherspoon kernel[931]: [    4.770000] ucd9000 11-0064: Device ID UCD90160|2.3.4.0000|110603
Aug 08 16:02:20 witherspoon kernel[931]: [    5.100000] leds-pca955x 3-0060: leds-pca955x: Using pca9552 16-bit LED driver at slave address 0x60
Aug 08 16:02:20 witherspoon kernel[931]: [    5.120000] leds-pca955x 11-0060: leds-pca955x: Using pca9552 16-bit LED driver at slave address 0x60
Aug 08 16:02:20 witherspoon kernel[931]: [    5.140000] leds-pca955x 11-0060: gpios 264...279
Aug 08 16:02:20 witherspoon kernel[931]: [    5.140000] usbcore: registered new interface driver usbhid
Aug 08 16:02:20 witherspoon kernel[931]: [    5.150000] usbhid: USB HID core driver
Aug 08 16:02:20 witherspoon kernel[931]: [    5.200000] NET: Registered protocol family 10
Aug 08 16:02:20 witherspoon kernel[931]: [    5.200000] Segment Routing with IPv6
Aug 08 16:02:20 witherspoon kernel[931]: [    5.210000] NET: Registered protocol family 17
Aug 08 16:02:20 witherspoon kernel[931]: [    5.210000] 8021q: 802.1Q VLAN Support v1.8
Aug 08 16:02:20 witherspoon kernel[931]: [    5.210000] console [netcon0] enabled
Aug 08 16:02:20 witherspoon kernel[931]: [    5.210000] netconsole: network logging started
Aug 08 16:02:20 witherspoon kernel[931]: [    5.230000] input: gpio-keys as /devices/platform/gpio-keys/input/input0
Aug 08 16:02:20 witherspoon kernel[931]: [    5.240000] rtc-rv8803 11-0032: setting system clock to 2017-08-08 16:02:05 UTC (1502208125)
Aug 08 16:02:20 witherspoon kernel[931]: [    5.250000] Freeing unused kernel memory: 284K
Aug 08 16:02:20 witherspoon kernel[931]: [    5.250000] This architecture does not have kernel memory protection.
Aug 08 16:02:20 witherspoon kernel[931]: [    7.050000] jffs2: notice: (526) jffs2_build_xattr_subsystem: complete building xattr subsystem, 1 of xdatum (0 unchecked, 0 orphan) and 11 of xref (0 dead, 1 orphan) found.
Aug 08 16:02:20 witherspoon kernel[931]: [    9.230000] systemd[1]: Failed to insert module 'autofs4': No such file or directory
Aug 08 16:02:20 witherspoon kernel[931]: [    9.430000] systemd[1]: systemd 232 running in system mode. (+PAM -AUDIT -SELINUX -IMA -APPARMOR -SMACK +SYSVINIT -UTMP -LIBCRYPTSETUP -GCRYPT -GNUTLS +ACL +XZ -LZ4 -SECCOMP +BLKID -ELFUTILS +KMOD -IDN)
Aug 08 16:02:20 witherspoon kernel[931]: [    9.430000] systemd[1]: Detected architecture arm.
Aug 08 16:02:20 witherspoon kernel[931]: [    9.560000] systemd[1]: Set hostname to <witherspoon>.
Aug 08 16:02:20 witherspoon kernel[931]: [   11.140000] systemd[1]: Listening on Journal Socket (/dev/log).
Aug 08 16:02:20 witherspoon kernel[931]: [   11.230000] systemd[1]: Listening on /dev/initctl Compatibility Named Pipe.
Aug 08 16:02:20 witherspoon kernel[931]: [   11.270000] systemd[1]: Listening on udev Kernel Socket.
Aug 08 16:02:20 witherspoon kernel[931]: [   11.310000] systemd[1]: Started Dispatch Password Requests to Console Directory Watch.
Aug 08 16:02:20 witherspoon kernel[931]: [   11.350000] systemd[1]: Listening on Network Service Netlink Socket.
Aug 08 16:02:20 witherspoon kernel[931]: [   11.390000] systemd[1]: Started Forward Password Requests to Wall Directory Watch.
Aug 08 16:02:20 witherspoon kernel[931]: [   11.430000] systemd[1]: Listening on Journal Socket.
Aug 08 16:02:20 witherspoon kernel[931]: [   13.730000] systemd-journald[545]: Received request to flush runtime journal from PID 1
Aug 08 16:02:20 witherspoon kernel[931]: [   17.790000] ubi7: default fastmap pool size: 100
Aug 08 16:02:20 witherspoon kernel[931]: [   17.790000] ubi7: default fastmap WL pool size: 50
Aug 08 16:02:20 witherspoon kernel[931]: [   17.990000] ubi7: attaching mtd7
Aug 08 16:02:20 witherspoon kernel[931]: [   19.690000] ubi7: scanning is finished
Aug 08 16:02:20 witherspoon kernel[931]: [   19.820000] ubi7: attached mtd7 (name "pnor", size 128 MiB)
Aug 08 16:02:20 witherspoon kernel[931]: [   19.820000] ubi7: PEB size: 65536 bytes (64 KiB), LEB size: 65408 bytes
Aug 08 16:02:20 witherspoon kernel[931]: [   19.820000] ubi7: min./max. I/O unit sizes: 1/256, sub-page size 1
Aug 08 16:02:20 witherspoon kernel[931]: [   19.820000] ubi7: VID header offset: 64 (aligned 64), data offset: 128
Aug 08 16:02:20 witherspoon kernel[931]: [   19.820000] ubi7: good PEBs: 2048, bad PEBs: 0, corrupted PEBs: 0
Aug 08 16:02:20 witherspoon kernel[931]: [   19.820000] ubi7: user volume: 3, internal volumes: 1, max. volumes count: 128
Aug 08 16:02:20 witherspoon kernel[931]: [   19.820000] ubi7: max/mean erase counter: 1/0, WL threshold: 4096, image sequence number: 1711695919
Aug 08 16:02:20 witherspoon kernel[931]: [   19.820000] ubi7: available PEBs: 1367, total reserved PEBs: 681, PEBs reserved for bad PEB handling: 0
Aug 08 16:02:20 witherspoon kernel[931]: [   19.820000] ubi7: background thread "ubi_bgt7d" started, PID 955
Aug 08 16:02:25 witherspoon systemd[1]: Started Phosphor Log Manager.
Aug 08 16:02:21 witherspoon kernel[931]: [   21.520000] UBIFS (ubi7:0): UBIFS: mounted UBI device 7, volume 0, name "pnor-rw-136cf504"
Aug 08 16:02:25 witherspoon systemd[1]: Starting Network Service...
Aug 08 16:02:21 witherspoon kernel[931]: [   21.520000] UBIFS (ubi7:0): LEB size: 65408 bytes (63 KiB), min./max. I/O unit sizes: 8 bytes/256 bytes
Aug 08 16:02:25 witherspoon systemd[1]: Reached target Containers.
Aug 08 16:02:21 witherspoon kernel[931]: [   21.520000] UBIFS (ubi7:0): FS size: 16155776 bytes (15 MiB, 247 LEBs), journal size 784896 bytes (0 MiB, 12 LEBs)
Aug 08 16:02:25 witherspoon systemd[1]: Started Hardware RNG Entropy Gatherer Daemon.
Aug 08 16:02:21 witherspoon kernel[931]: [   21.520000] UBIFS (ubi7:0): reserved for root: 763076 bytes (745 KiB)
Aug 08 16:02:25 witherspoon systemd[1]: Starting Phosphor Sensor Manager...
Aug 08 16:02:21 witherspoon kernel[931]: [   21.520000] UBIFS (ubi7:0): media format: w5/r0 (latest is w5/r0), UUID FE75CC1A-EF23-4AF6-BF04-9850EFC54112, small LPT model
Aug 08 16:02:25 witherspoon systemd[1]: Starting Phosphor Download Manager...
Aug 08 16:02:21 witherspoon kernel[931]: [   21.520000] UBIFS (ubi7:0): background thread "ubifs_bgt7_0" started, PID 964
Aug 08 16:02:25 witherspoon systemd[1]: Starting Phosphor Chassis0 Control...
Aug 08 16:02:24 witherspoon dbus[948]: [system] Successfully activated service 'org.freedesktop.systemd1'
Aug 08 16:02:25 witherspoon systemd[1]: Starting Phosphor BMC0 Control...
Aug 08 16:02:27 witherspoon avahi-daemon[976]: Found user 'avahi' (UID 999) and group 'avahi' (GID 999).
Aug 08 16:02:25 witherspoon systemd[1]: Starting Avahi mDNS/DNS-SD Stack...
Aug 08 16:02:27 witherspoon avahi-daemon[976]: Successfully dropped root privileges.
Aug 08 16:02:25 witherspoon systemd[1]: Started Clear one time boot overrides.
Aug 08 16:02:27 witherspoon avahi-daemon[976]: avahi-daemon 0.6.32 starting up.
Aug 08 16:02:28 witherspoon systemd-networkd[970]: Enumeration completed
Aug 08 16:02:27 witherspoon avahi-daemon[976]: Successfully called chroot().
Aug 08 16:02:28 witherspoon systemd-networkd[970]: eth0: IPv6 enabled for interface: Success
Aug 08 16:02:27 witherspoon avahi-daemon[976]: Successfully dropped remaining capabilities.
Aug 08 16:02:28 witherspoon systemd-networkd[970]: eth0: Gained carrier
Aug 08 16:02:27 witherspoon avahi-daemon[976]: Loading service file /services/obmc_console.service.
Aug 08 16:02:28 witherspoon systemd-timesyncd[677]: Network configuration changed, trying to establish connection.
Aug 08 16:02:27 witherspoon avahi-daemon[976]: Loading service file /services/phosphor_rest.service.
Aug 08 16:02:28 witherspoon systemd[1]: Started Network Service.
Aug 08 16:02:27 witherspoon avahi-daemon[976]: Loading service file /services/sftp-ssh.service.
Aug 08 16:02:29 witherspoon systemd[1]: Found device /dev/aspeed-lpc-ctrl.
Aug 08 16:02:27 witherspoon avahi-daemon[976]: Loading service file /services/sftp.service.
Aug 08 16:02:29 witherspoon systemd[1]: Found device /dev/aspeed-mbox.
Aug 08 16:02:27 witherspoon avahi-daemon[976]: Loading service file /services/ssh.service.
Aug 08 16:02:29 witherspoon systemd-networkd[970]: eth0: Gained IPv6LL
Aug 08 16:02:27 witherspoon avahi-daemon[976]: Network interface enumeration completed.
Aug 08 16:02:30 witherspoon systemd[1]: Found device /dev/ttyS4.
Aug 08 16:02:27 witherspoon avahi-daemon[976]: Server startup complete. Host name is witherspoon.local. Local service cookie is 514311030.
Aug 08 16:02:30 witherspoon systemd[1]: Found device /dev/ttyVUART0.
Aug 08 16:02:27 witherspoon avahi-daemon[976]: Service "witherspoon" (/services/ssh.service) successfully established.
Aug 08 16:02:27 witherspoon avahi-daemon[976]: Service "sftp" (/services/sftp.service) successfully established.
Aug 08 16:02:27 witherspoon avahi-daemon[976]: Service "witherspoon" (/services/sftp-ssh.service) successfully established.
Aug 08 16:02:27 witherspoon avahi-daemon[976]: Service "phosphor_rest" (/services/phosphor_rest.service) successfully established.
Aug 08 16:02:27 witherspoon avahi-daemon[976]: Service "obmc_console" (/services/obmc_console.service) successfully established.
Aug 08 16:02:28 witherspoon avahi-daemon[976]: Joining mDNS multicast group on interface eth0.IPv4 with address 9.3.86.161.
Aug 08 16:02:28 witherspoon avahi-daemon[976]: New relevant interface eth0.IPv4 for mDNS.
Aug 08 16:02:28 witherspoon avahi-daemon[976]: Registering new address record for 9.3.86.161 on eth0.IPv4.
Aug 08 16:02:29 witherspoon avahi-daemon[976]: Joining mDNS multicast group on interface eth0.IPv6 with address fe80::72e2:84ff:fe14:23e1.
Aug 08 16:02:29 witherspoon avahi-daemon[976]: New relevant interface eth0.IPv6 for mDNS.
Aug 08 16:02:29 witherspoon avahi-daemon[976]: Registering new address record for fe80::72e2:84ff:fe14:23e1 on eth0.*.
Aug 08 16:02:32 witherspoon kernel: ftgmac100 1e660000.ethernet eth0: NCSI interface up
Aug 08 16:02:32 witherspoon kernel[931]: [   31.710000] ftgmac100 1e660000.ethernet eth0: NCSI interface up
Aug 08 16:02:38 witherspoon systemd[1]: Started Phosphor Dump Manager.
Aug 08 16:02:38 witherspoon systemd[1]: Started Phosphor LED Group Management Daemon.
Aug 08 16:02:38 witherspoon systemd[1]: Started Avahi mDNS/DNS-SD Stack.
Aug 08 16:02:38 witherspoon systemd[1]: Started Phosphor BMC0 Control.
Aug 08 16:02:38 witherspoon systemd[1]: Created slice system-xyz.openbmc_project.led.controller.slice.
Aug 08 16:02:38 witherspoon systemd[1]: Started Phosphor sysfs LED controller.
Aug 08 16:02:38 witherspoon systemd[1]: Started Phosphor sysfs LED controller.
Aug 08 16:02:38 witherspoon systemd[1]: Started Phosphor sysfs LED controller.
Aug 08 16:02:38 witherspoon systemd[1]: Started Phosphor sysfs LED controller.
Aug 08 16:02:38 witherspoon systemd[1]: Started Phosphor sysfs LED controller.
Aug 08 16:02:38 witherspoon systemd[1]: Started Phosphor sysfs LED controller.
Aug 08 16:02:38 witherspoon kernel: block ubiblock7_1: created from ubi7:1(pnor-ro-136cf504)
Aug 08 16:02:38 witherspoon kernel[931]: [   38.220000] block ubiblock7_1: created from ubi7:1(pnor-ro-136cf504)
Aug 08 16:02:39 witherspoon systemd[1]: Started Phosphor sysfs LED controller.
Aug 08 16:02:39 witherspoon systemd[1]: Started Phosphor sysfs LED controller.
Aug 08 16:02:39 witherspoon systemd[1]: Started Phosphor sysfs LED controller.
Aug 08 16:02:39 witherspoon systemd[1]: Started Phosphor sysfs LED controller.
Aug 08 16:02:39 witherspoon systemd[1]: Started Phosphor Console Muxer listening on device /dev/ttyVUART0.
Aug 08 16:02:39 witherspoon systemd[1]: Created slice system-xyz.openbmc_project.Hwmon.slice.
Aug 08 16:02:39 witherspoon systemd[1]: Reached target Network.
Aug 08 16:02:39 witherspoon systemd[1]: Starting Permit User Sessions...
Aug 08 16:02:39 witherspoon systemd[1]: Started Lightweight SLP Server.
Aug 08 16:02:39 witherspoon systemd[1]: Started OpenBMC Software Update Manager.
Aug 08 16:02:39 witherspoon systemd[1]: Started Permit User Sessions.
Aug 08 16:02:39 witherspoon systemd[1]: Started Serial Getty on ttyS4.
Aug 08 16:02:39 witherspoon systemd[1]: Reached target Login Prompts.
Aug 08 16:02:40 witherspoon systemd[1]: Started Remount the squashfs and ubi volumes after a reboot.
Aug 08 16:02:40 witherspoon systemd[1]: Starting OpenPower Software Update Manager...
Aug 08 16:02:40 witherspoon kernel: UBIFS (ubi7:2): UBIFS: mounted UBI device 7, volume 2, name "pnor-prsv"
Aug 08 16:02:40 witherspoon kernel: UBIFS (ubi7:2): LEB size: 65408 bytes (63 KiB), min./max. I/O unit sizes: 8 bytes/256 bytes
Aug 08 16:02:40 witherspoon kernel: UBIFS (ubi7:2): FS size: 1504384 bytes (1 MiB, 23 LEBs), journal size 523265 bytes (0 MiB, 6 LEBs)
Aug 08 16:02:40 witherspoon kernel: UBIFS (ubi7:2): reserved for root: 71055 bytes (69 KiB)
Aug 08 16:02:40 witherspoon kernel: UBIFS (ubi7:2): media format: w5/r0 (latest is w5/r0), UUID CE651096-6608-45CF-ABB8-2CBEE9DC78B2, small LPT model
Aug 08 16:02:40 witherspoon kernel: UBIFS (ubi7:2): background thread "ubifs_bgt7_2" started, PID 1011
Aug 08 16:02:40 witherspoon kernel[931]: [   40.200000] UBIFS (ubi7:2): UBIFS: mounted UBI device 7, volume 2, name "pnor-prsv"
Aug 08 16:02:40 witherspoon kernel[931]: [   40.200000] UBIFS (ubi7:2): LEB size: 65408 bytes (63 KiB), min./max. I/O unit sizes: 8 bytes/256 bytes
Aug 08 16:02:40 witherspoon kernel[931]: [   40.200000] UBIFS (ubi7:2): FS size: 1504384 bytes (1 MiB, 23 LEBs), journal size 523265 bytes (0 MiB, 6 LEBs)
Aug 08 16:02:40 witherspoon kernel[931]: [   40.200000] UBIFS (ubi7:2): reserved for root: 71055 bytes (69 KiB)
Aug 08 16:02:40 witherspoon kernel[931]: [   40.200000] UBIFS (ubi7:2): media format: w5/r0 (latest is w5/r0), UUID CE651096-6608-45CF-ABB8-2CBEE9DC78B2, small LPT model
Aug 08 16:02:40 witherspoon kernel[931]: [   40.200000] UBIFS (ubi7:2): background thread "ubifs_bgt7_2" started, PID 1011
Aug 08 16:02:40 witherspoon systemd[1]: Reached target Multi-User System.
Aug 08 16:02:42 witherspoon openpower-update-manager[1013]: Error in reading file
Aug 08 16:02:42 witherspoon systemd-networkd[970]: eth0: Configured
Aug 08 16:02:42 witherspoon systemd-timesyncd[677]: Network configuration changed, trying to establish connection.
Aug 08 16:02:43 witherspoon systemd[1]: Started OpenPower Software Update Manager.
Aug 08 16:02:43 witherspoon systemd[1]: Started Phosphor MBOX Daemon.
Aug 08 16:02:43 witherspoon systemd[1]: Starting Phosphor Version Software Manager...
Aug 08 16:02:43 witherspoon systemd[1]: Mounting /usr/local...
Aug 08 16:02:44 witherspoon systemd[1]: Mounted /usr/local.
Aug 08 16:02:44 witherspoon systemd[1]: Starting Create a ubi volume for pnor patches...
Aug 08 16:02:44 witherspoon systemd[1]: Started Phosphor Version Software Manager.
Aug 08 16:02:47 witherspoon obmc-flash-bios[1020]: Volume ID 3, size 257 LEBs (16809856 bytes, 16.0 MiB), LEB size 65408 bytes (63.9 KiB), dynamic, name "pnor-patch", alignment 1
Aug 08 16:02:48 witherspoon systemd[1]: Started Phosphor Download Manager.
Aug 08 16:02:48 witherspoon download_manager.py[973]: Running Download Manager
Aug 08 16:02:49 witherspoon systemd[1]: Started Create a ubi volume for pnor patches.
Aug 08 16:02:49 witherspoon kernel: UBIFS (ubi7:3): default file-system created
Aug 08 16:02:49 witherspoon kernel: UBIFS (ubi7:3): UBIFS: mounted UBI device 7, volume 3, name "pnor-patch"
Aug 08 16:02:49 witherspoon kernel: UBIFS (ubi7:3): LEB size: 65408 bytes (63 KiB), min./max. I/O unit sizes: 8 bytes/256 bytes
Aug 08 16:02:49 witherspoon kernel: UBIFS (ubi7:3): FS size: 16155776 bytes (15 MiB, 247 LEBs), journal size 784896 bytes (0 MiB, 12 LEBs)
Aug 08 16:02:49 witherspoon kernel: UBIFS (ubi7:3): reserved for root: 763076 bytes (745 KiB)
Aug 08 16:02:49 witherspoon kernel: UBIFS (ubi7:3): media format: w5/r0 (latest is w5/r0), UUID 04D8E2ED-8D1B-43DA-8070-98CD29AC2167, small LPT model
Aug 08 16:02:49 witherspoon kernel: UBIFS (ubi7:3): background thread "ubifs_bgt7_3" started, PID 1038
Aug 08 16:02:49 witherspoon kernel[931]: [   48.840000] UBIFS (ubi7:3): default file-system created
Aug 08 16:02:49 witherspoon kernel[931]: [   48.840000] UBIFS (ubi7:3): UBIFS: mounted UBI device 7, volume 3, name "pnor-patch"
Aug 08 16:02:49 witherspoon kernel[931]: [   48.840000] UBIFS (ubi7:3): LEB size: 65408 bytes (63 KiB), min./max. I/O unit sizes: 8 bytes/256 bytes
Aug 08 16:02:49 witherspoon kernel[931]: [   48.840000] UBIFS (ubi7:3): FS size: 16155776 bytes (15 MiB, 247 LEBs), journal size 784896 bytes (0 MiB, 12 LEBs)
Aug 08 16:02:49 witherspoon kernel[931]: [   48.840000] UBIFS (ubi7:3): reserved for root: 763076 bytes (745 KiB)
Aug 08 16:02:49 witherspoon kernel[931]: [   48.840000] UBIFS (ubi7:3): media format: w5/r0 (latest is w5/r0), UUID 04D8E2ED-8D1B-43DA-8070-98CD29AC2167, small LPT model
Aug 08 16:02:49 witherspoon kernel[931]: [   48.840000] UBIFS (ubi7:3): background thread "ubifs_bgt7_3" started, PID 1038
Aug 08 16:02:49 witherspoon sensor_manager2.py[972]: Setting boot count to 3
Aug 08 16:02:49 witherspoon systemd[1]: Started Phosphor Sensor Manager.
Aug 08 16:02:49 witherspoon sensor_manager2.py[972]: Starting sensor manager
Aug 08 16:02:49 witherspoon systemd[1]: Started Phosphor Chassis0 Control.
Aug 08 16:02:49 witherspoon chassis_control.py[974]: Running ChassisControlService
Aug 08 16:02:50 witherspoon inventory_items.py[927]: Loading from cache: /var/cache/obmc/org.openbmc.inventory.system.chassis.motherboard.apss@org.openbmc.InventoryItem.props
Aug 08 16:02:50 witherspoon inventory_items.py[927]: Loading from cache: /var/cache/obmc/org.openbmc.inventory.system.chassis.motherboard@org.openbmc.InventoryItem.props
Aug 08 16:02:50 witherspoon inventory_items.py[927]: Loading from cache: /var/cache/obmc/org.openbmc.inventory.system.chassis.motherboard.refclock@org.openbmc.InventoryItem.props
Aug 08 16:02:51 witherspoon systemd[1]: Started Phosphor Inventory Manager.
Aug 08 16:02:51 witherspoon netman.py[943]: Started
Aug 08 16:02:51 witherspoon inventory_items.py[927]: Loading from cache: /var/cache/obmc/org.openbmc.inventory.system.chassis.motherboard.cpu1.core7@org.openbmc.InventoryItem.props
Aug 08 16:02:51 witherspoon inventory_items.py[927]: Loading from cache: /var/cache/obmc/org.openbmc.inventory.system.chassis.motherboard.cpu1.core4@org.openbmc.InventoryItem.props
Aug 08 16:02:51 witherspoon inventory_items.py[927]: Loading from cache: /var/cache/obmc/org.openbmc.inventory.system.chassis.motherboard.cpu1.core1@org.openbmc.InventoryItem.props
Aug 08 16:02:51 witherspoon inventory_items.py[927]: Loading from cache: /var/cache/obmc/org.openbmc.inventory.system.chassis.motherboard.cpu1.core10@org.openbmc.InventoryItem.props
Aug 08 16:02:51 witherspoon inventory_items.py[927]: Loading from cache: /var/cache/obmc/org.openbmc.inventory.system.chassis.motherboard.todclock@org.openbmc.InventoryItem.props
Aug 08 16:02:51 witherspoon inventory_items.py[927]: Loading from cache: /var/cache/obmc/org.openbmc.inventory.system.chassis.motherboard.cpu1@org.openbmc.InventoryItem.props
Aug 08 16:02:51 witherspoon inventory_items.py[927]: Loading from cache: /var/cache/obmc/org.openbmc.inventory.system.chassis.motherboard.bmc@org.openbmc.InventoryItem.props
Aug 08 16:02:51 witherspoon inventory_items.py[927]: Caching: /org/openbmc/inventory/system/chassis/motherboard/bmc
Aug 08 16:02:51 witherspoon inventory_items.py[927]: Loading from cache: /var/cache/obmc/org.openbmc.inventory.system.chassis.motherboard.cpu0.core1@org.openbmc.InventoryItem.props
Aug 08 16:02:51 witherspoon inventory_items.py[927]: Loading from cache: /var/cache/obmc/org.openbmc.inventory.system.chassis.motherboard.cpu0.core7@org.openbmc.InventoryItem.props
Aug 08 16:02:51 witherspoon inventory_items.py[927]: Loading from cache: /var/cache/obmc/org.openbmc.inventory.system.chassis.motherboard.cpu0.core4@org.openbmc.InventoryItem.props
Aug 08 16:02:51 witherspoon inventory_items.py[927]: Loading from cache: /var/cache/obmc/org.openbmc.inventory.system.chassis.motherboard.pcieclock@org.openbmc.InventoryItem.props
Aug 08 16:02:51 witherspoon inventory_items.py[927]: Loading from cache: /var/cache/obmc/org.openbmc.inventory.system.chassis.motherboard.cpu0.core10@org.openbmc.InventoryItem.props
Aug 08 16:02:51 witherspoon inventory_items.py[927]: Running Inventory Manager
Aug 08 16:02:51 witherspoon systemd[1]: Started Phosphor Network Manager.
Aug 08 16:02:51 witherspoon phosphor-mapper[936]: ObjectMapper startup complete.  Discovery in progress...
Aug 08 16:02:52 witherspoon systemd[1]: Started Phosphor User Manager.
Aug 08 16:02:52 witherspoon obmc-phosphor-userd[945]: Started
Aug 08 16:02:52 witherspoon avahi-daemon[979]: ../../avahi-0.6.32/avahi-daemon/chroot.c: open() failed: No such file or directory
Aug 08 16:02:52 witherspoon avahi-daemon[976]: Failed to open /usr/share/dbus-1/interfaces/org.freedesktop.Avahi.Server.xml: Invalid argument
Aug 08 16:02:52 witherspoon avahi-daemon[976]: Failed to load introspection data.
Aug 08 16:03:00 witherspoon phosphor-mapper[936]: ObjectMapper discovery complete
Aug 08 16:03:00 witherspoon systemd[1]: Started Phosphor DBus Service Discovery Manager.
Aug 08 16:03:00 witherspoon systemd[1]: Started Phosphor Hwmon Poller.
Aug 08 16:03:00 witherspoon systemd[1]: Started Phosphor Hwmon Poller.
Aug 08 16:03:00 witherspoon systemd[1]: Started Phosphor Hwmon Poller.
Aug 08 16:03:00 witherspoon systemd[1]: Started Phosphor Hwmon Poller.
Aug 08 16:03:00 witherspoon systemd[1]: Started Phosphor Hwmon Poller.
Aug 08 16:03:00 witherspoon systemd[1]: Started Phosphor Hwmon Poller.
Aug 08 16:03:00 witherspoon systemd[1]: Reached target Phosphor Object Mapper.
Aug 08 16:03:00 witherspoon systemd[1]: Starting Wait for /xyz/openbmc_project/control/host0/boot_source...
Aug 08 16:03:00 witherspoon systemd[1]: Starting Wait for /xyz/openbmc_project/time/owner...
Aug 08 16:03:00 witherspoon systemd[1]: Starting Wait for /xyz/openbmc_project/led/groups...
Aug 08 16:03:00 witherspoon systemd[1]: Starting Wait for /xyz/openbmc_project/control/host0/restriction_mode...
Aug 08 16:03:00 witherspoon systemd[1]: Started Phosphor DBus Monitor.
Aug 08 16:03:00 witherspoon systemd[1]: Reached target Webserver (pre).
Aug 08 16:03:00 witherspoon systemd[1]: Starting Wait for /org/openbmc/managers/System...
Aug 08 16:03:00 witherspoon systemd[1]: Starting Wait for /xyz/openbmc_project/control/host0/power_restore_policy...
Aug 08 16:03:00 witherspoon systemd[1]: Starting Wait for /xyz/openbmc_project/control/host0...
Aug 08 16:03:00 witherspoon systemd[1]: Starting Phoshpor System Manager...
Aug 08 16:03:00 witherspoon systemd[1]: Starting Wait for /xyz/openbmc_project/state/chassis0...
Aug 08 16:03:00 witherspoon systemd[1]: Starting Wait for /org/openbmc/control/bmc0...
Aug 08 16:03:00 witherspoon systemd[1]: Starting Phosphor Network Manager...
Aug 08 16:03:00 witherspoon systemd[1]: Starting Wait for /xyz/openbmc_project/control/host0/boot_mode...
Aug 08 16:03:00 witherspoon systemd[1]: Starting Wait for /org/openbmc/control/power0...
Aug 08 16:03:00 witherspoon systemd[1]: Starting Wait for /org/openbmc/NetworkManager/Interface...
Aug 08 16:03:00 witherspoon systemd[1]: Starting Phosphor Settings Manager...
Aug 08 16:03:00 witherspoon systemd[1]: Starting Wait for /xyz/openbmc_project/control/host0/auto_reboot...
Aug 08 16:03:00 witherspoon systemd[1]: Starting Wait for /xyz/openbmc_project/state/host0...
Aug 08 16:03:00 witherspoon systemd[1]: Starting Wait for /org/openbmc/control/flash/bios...
Aug 08 16:03:00 witherspoon systemd[1]: Starting Wait for /xyz/openbmc_project/time/sync_method...
Aug 08 16:03:00 witherspoon systemd[1]: Starting Wait for /org/openbmc/managers/Download...
Aug 08 16:03:00 witherspoon systemd[1]: Starting Wait for /xyz/openbmc_project/led/groups/bmc_booted...
Aug 08 16:03:00 witherspoon systemd[1]: Starting Wait for /xyz/openbmc_project/inventory...
Aug 08 16:03:03 witherspoon phosphor-network-manager[1057]: ConfigParser: Section not found
Aug 08 16:03:03 witherspoon phosphor-network-manager[1057]: The operation failed internally.
Aug 08 16:03:03 witherspoon phosphor-network-manager[1057]: ConfigParser: Section not found
Aug 08 16:03:03 witherspoon phosphor-network-manager[1057]: The operation failed internally.
Aug 08 16:03:03 witherspoon phosphor-network-manager[1057]: ConfigParser: Key not found
Aug 08 16:03:03 witherspoon phosphor-network-manager[1057]: The operation failed internally.
Aug 08 16:03:06 witherspoon avahi-daemon[976]: Withdrawing address record for 9.3.86.161 on eth0.
Aug 08 16:03:06 witherspoon avahi-daemon[976]: Host name conflict, retrying with witherspoon-2
Aug 08 16:03:06 witherspoon avahi-daemon[976]: Registering new address record for fe80::72e2:84ff:fe14:23e1 on eth0.*.
Aug 08 16:03:06 witherspoon avahi-daemon[976]: Registering new address record for 9.3.86.161 on eth0.IPv4.
Aug 08 16:03:06 witherspoon systemd[1]: Started Wait for /xyz/openbmc_project/led/groups/bmc_booted.
Aug 08 16:03:06 witherspoon systemd[1]: Started Wait for /xyz/openbmc_project/control/host0/power_restore_policy.
Aug 08 16:03:06 witherspoon systemd[1]: Started Wait for /org/openbmc/control/bmc0.
Aug 08 16:03:06 witherspoon systemd[1]: Started Wait for /xyz/openbmc_project/time/owner.
Aug 08 16:03:06 witherspoon systemd[1]: Started Wait for /xyz/openbmc_project/control/host0/restriction_mode.
Aug 08 16:03:06 witherspoon systemd[1]: Started Wait for /org/openbmc/NetworkManager/Interface.
Aug 08 16:03:07 witherspoon systemd[1]: Started Phosphor DNS Settings Cache Manager.
Aug 08 16:03:07 witherspoon avahi-daemon[976]: Server startup complete. Host name is witherspoon-2.local. Local service cookie is 514311030.
Aug 08 16:03:07 witherspoon avahi-daemon[976]: Service name conflict for "sftp" (/services/sftp.service), retrying with "sftp #2".
Aug 08 16:03:07 witherspoon avahi-daemon[976]: Service name conflict for "obmc_console" (/services/obmc_console.service), retrying with "obmc_console #2".
Aug 08 16:03:07 witherspoon avahi-daemon[976]: Service name conflict for "phosphor_rest" (/services/phosphor_rest.service), retrying with "phosphor_rest #2".
Aug 08 16:03:08 witherspoon systemd[1]: Started Wait for /xyz/openbmc_project/time/sync_method.
Aug 08 16:03:08 witherspoon systemd[1]: Started Wait for /xyz/openbmc_project/inventory.
Aug 08 16:03:08 witherspoon systemd[1]: Starting Read OpenPOWER-format VPD from EEPROM...
Aug 08 16:03:08 witherspoon systemd[1]: Started Phosphor GPIO 0 Presence.
Aug 08 16:03:08 witherspoon systemd[1]: Started Phosphor Cooling Type.
Aug 08 16:03:08 witherspoon systemd[1]: Starting OpenPOWER OCC controller...
Aug 08 16:03:08 witherspoon systemd[1]: Started Phosphor GPIO 1 Presence.
Aug 08 16:03:09 witherspoon avahi-daemon[976]: Service "witherspoon-2" (/services/ssh.service) successfully established.
Aug 08 16:03:09 witherspoon avahi-daemon[976]: Service "witherspoon-2" (/services/sftp-ssh.service) successfully established.
Aug 08 16:03:09 witherspoon avahi-daemon[976]: Service name conflict for "phosphor_rest" (/services/phosphor_rest.service), retrying with "phosphor_rest #3".
Aug 08 16:03:09 witherspoon avahi-daemon[976]: Service name conflict for "sftp" (/services/sftp.service), retrying with "sftp #3".
Aug 08 16:03:09 witherspoon phosphor-gpio-presence[1080]: Updating inventory present property
Aug 08 16:03:09 witherspoon avahi-daemon[976]: Service name conflict for "obmc_console" (/services/obmc_console.service), retrying with "obmc_console #3".
Aug 08 16:03:09 witherspoon phosphor-gpio-presence[1083]: Updating inventory present property
Aug 08 16:03:10 witherspoon systemd[1]: Started Wait for /org/openbmc/managers/Download.
Aug 08 16:03:10 witherspoon systemd[1]: Starting Phosphor BMC Code Update...
Aug 08 16:03:10 witherspoon systemd[1]: Starting Phosphor BIOS Code Update...
Aug 08 16:03:10 witherspoon systemd[1]: Started Wait for /xyz/openbmc_project/led/groups.
Aug 08 16:03:10 witherspoon systemd[1]: Started Wait for /xyz/openbmc_project/control/host0/boot_mode.
Aug 08 16:03:11 witherspoon systemd[1]: Started FRU Fault monitor service.
Aug 08 16:03:11 witherspoon systemd[1]: Started Wait for /xyz/openbmc_project/control/host0/auto_reboot.
Aug 08 16:03:11 witherspoon avahi-daemon[976]: Service name conflict for "phosphor_rest" (/services/phosphor_rest.service), retrying with "phosphor_rest #4".
Aug 08 16:03:11 witherspoon avahi-daemon[976]: Service name conflict for "sftp" (/services/sftp.service), retrying with "sftp #4".
Aug 08 16:03:11 witherspoon avahi-daemon[976]: Service name conflict for "obmc_console" (/services/obmc_console.service), retrying with "obmc_console #4".
Aug 08 16:03:11 witherspoon systemd[1]: Started Phosphor BIOS Code Update.
Aug 08 16:03:11 witherspoon avahi-daemon[976]: Service name conflict for "sftp" (/services/sftp.service), retrying with "sftp #5".
Aug 08 16:03:11 witherspoon avahi-daemon[976]: Service name conflict for "phosphor_rest" (/services/phosphor_rest.service), retrying with "phosphor_rest #5".
Aug 08 16:03:11 witherspoon avahi-daemon[976]: Service name conflict for "obmc_console" (/services/obmc_console.service), retrying with "obmc_console #5".
Aug 08 16:03:11 witherspoon systemd[1]: Started Wait for /xyz/openbmc_project/control/host0/boot_source.
Aug 08 16:03:12 witherspoon avahi-daemon[976]: Service name conflict for "sftp" (/services/sftp.service), retrying with "sftp #6".
Aug 08 16:03:12 witherspoon avahi-daemon[976]: Service name conflict for "phosphor_rest" (/services/phosphor_rest.service), retrying with "phosphor_rest #6".
Aug 08 16:03:13 witherspoon avahi-daemon[976]: Service "obmc_console #5" (/services/obmc_console.service) successfully established.
Aug 08 16:03:13 witherspoon avahi-daemon[976]: Service name conflict for "phosphor_rest" (/services/phosphor_rest.service), retrying with "phosphor_rest #7".
Aug 08 16:03:13 witherspoon avahi-daemon[976]: Service name conflict for "sftp" (/services/sftp.service), retrying with "sftp #7".
Aug 08 16:03:14 witherspoon avahi-daemon[976]: Service name conflict for "sftp" (/services/sftp.service), retrying with "sftp #8".
Aug 08 16:03:14 witherspoon avahi-daemon[976]: Service name conflict for "phosphor_rest" (/services/phosphor_rest.service), retrying with "phosphor_rest #8".
Aug 08 16:03:15 witherspoon avahi-daemon[976]: Service name conflict for "sftp" (/services/sftp.service), retrying with "sftp #9".
Aug 08 16:03:15 witherspoon avahi-daemon[976]: Service name conflict for "phosphor_rest" (/services/phosphor_rest.service), retrying with "phosphor_rest #9".
Aug 08 16:03:15 witherspoon system_manager.py[1054]: Running System State: BASE_APPS
Aug 08 16:03:16 witherspoon system_manager.py[1054]: SystemManager Init Done
Aug 08 16:03:16 witherspoon system_manager.py[1054]: Running SystemManager
Aug 08 16:03:16 witherspoon systemd[1]: Started Phoshpor System Manager.
Aug 08 16:03:16 witherspoon dbus[948]: [system] Activating via systemd: service name='org.freedesktop.journal1' unit='dbus-org.freedesktop.journal1.service'
Aug 08 16:03:16 witherspoon systemd[1]: Starting Journal Dbus Service...
Aug 08 16:03:16 witherspoon dbus[948]: [system] Successfully activated service 'org.freedesktop.journal1'
Aug 08 16:03:16 witherspoon systemd[1]: Started Journal Dbus Service.
Aug 08 16:03:16 witherspoon avahi-daemon[976]: Service name conflict for "sftp" (/services/sftp.service), retrying with "sftp #10".
Aug 08 16:03:16 witherspoon avahi-daemon[976]: Service name conflict for "phosphor_rest" (/services/phosphor_rest.service), retrying with "phosphor_rest #10".
Aug 08 16:03:17 witherspoon phosphor-log-manager[935]: Failed to find metadata
Aug 08 16:03:17 witherspoon phosphor-fru-fault-monitor[1092]: /xyz/openbmc_project/logging/entry/3
Aug 08 16:03:17 witherspoon dbus[948]: [system] Activating via systemd: service name='org.freedesktop.hostname1' unit='dbus-org.freedesktop.hostname1.service'
Aug 08 16:03:17 witherspoon systemd[1]: Starting Hostname Service...
Aug 08 16:03:17 witherspoon dbus[948]: [system] Successfully activated service 'org.freedesktop.hostname1'
Aug 08 16:03:17 witherspoon systemd[1]: Started Hostname Service.
Aug 08 16:03:17 witherspoon avahi-daemon[976]: Service name conflict for "phosphor_rest" (/services/phosphor_rest.service), retrying with "phosphor_rest #11".
Aug 08 16:03:17 witherspoon avahi-daemon[976]: Service name conflict for "sftp" (/services/sftp.service), retrying with "sftp #11".
Aug 08 16:03:18 witherspoon systemd[1]: Started Phosphor Network Manager.
Aug 08 16:03:19 witherspoon systemd[1]: Started OpenPOWER OCC controller.
Aug 08 16:03:19 witherspoon avahi-daemon[976]: Service name conflict for "phosphor_rest" (/services/phosphor_rest.service), retrying with "phosphor_rest #12".
Aug 08 16:03:19 witherspoon avahi-daemon[976]: Service name conflict for "sftp" (/services/sftp.service), retrying with "sftp #12".
Aug 08 16:03:20 witherspoon avahi-daemon[976]: Service name conflict for "phosphor_rest" (/services/phosphor_rest.service), retrying with "phosphor_rest #13".
Aug 08 16:03:20 witherspoon avahi-daemon[976]: Service name conflict for "sftp" (/services/sftp.service), retrying with "sftp #13".
Aug 08 16:03:20 witherspoon settings_manager.py[1061]: Running HostSettingsService
Aug 08 16:03:20 witherspoon systemd[1]: Started Phosphor Settings Manager.
Aug 08 16:03:20 witherspoon systemd[1]: Starting Wait for /org/openbmc/settings/host0...
Aug 08 16:03:20 witherspoon system_manager.py[1054]: SystemManager Goto System State: BMC_STARTING
Aug 08 16:03:20 witherspoon system_manager.py[1054]: Running System State: BMC_STARTING
Aug 08 16:03:21 witherspoon avahi-daemon[976]: Service name conflict for "sftp" (/services/sftp.service), retrying with "sftp #14".
Aug 08 16:03:21 witherspoon avahi-daemon[976]: Service name conflict for "phosphor_rest" (/services/phosphor_rest.service), retrying with "phosphor_rest #14".
Aug 08 16:03:21 witherspoon systemd[1]: Started Phosphor BMC Code Update.
Aug 08 16:03:21 witherspoon bmc_update.py[1084]: Running Bmc Flash Control
Aug 08 16:03:22 witherspoon avahi-daemon[976]: Service name conflict for "sftp" (/services/sftp.service), retrying with "sftp #15".
Aug 08 16:03:22 witherspoon avahi-daemon[976]: Service name conflict for "phosphor_rest" (/services/phosphor_rest.service), retrying with "phosphor_rest #15".
Aug 08 16:03:22 witherspoon systemd[1]: Started Read OpenPOWER-format VPD from EEPROM.
Aug 08 16:03:27 witherspoon systemd[1]: Started Wait for /org/openbmc/control/flash/bios.
Aug 08 16:03:27 witherspoon systemd[1]: Started Initialize BIOS Flash.
Aug 08 16:03:27 witherspoon systemd[1]: Started Wait for /org/openbmc/managers/System.
Aug 08 16:03:27 witherspoon systemd[1]: Starting Phosphor BMC State Manager...
Aug 08 16:03:27 witherspoon systemd[1]: Starting Phosphor Reset Button0...
Aug 08 16:03:27 witherspoon systemd[1]: Starting Phosphor Host State Manager...
Aug 08 16:03:27 witherspoon systemd[1]: Starting Phosphor Power Button0...
Aug 08 16:03:28 witherspoon systemd[1]: Starting Phosphor Power0 Control...
Aug 08 16:03:28 witherspoon systemd[1]: Starting Phosphor Chassis State Manager...
Aug 08 16:03:28 witherspoon phosphor-bmc-state-manager[1104]: Setting the BMCState field
Aug 08 16:03:28 witherspoon phosphor-bmc-state-manager[1104]: Setting the BMCState field
Aug 08 16:03:28 witherspoon systemd[1]: Started Phosphor BMC State Manager.
Aug 08 16:03:29 witherspoon button_reset.exe[1105]: GPIO Lookup:  RESET_BUTTON = 353,both
Aug 08 16:03:29 witherspoon systemd[1]: Started Phosphor Reset Button0.
Aug 08 16:03:29 witherspoon button_power.exe[1107]: GPIO Lookup:  POWER_BUTTON = 347,both
Aug 08 16:03:29 witherspoon systemd[1]: Started Phosphor Power Button0.
Aug 08 16:03:29 witherspoon phosphor-chassis-state-manager[1113]: Initial Chassis State will be Off
Aug 08 16:03:29 witherspoon systemd[1]: Started Phosphor Chassis State Manager.
Aug 08 16:03:29 witherspoon system_manager.py[1054]: New object: /org/openbmc/control/power0 (:1.83)
Aug 08 16:03:29 witherspoon system_manager.py[1054]: Power GPIO config: ['SYS_PWROK_BUFF', '', [('SOFTWARE_PGOOD', True), ('BMC_POWER_UP', True)], [('BMC_CP0_RESET_N', False)], [], 'FSI_DATA', 'FSI_CLK', 'FSI_ENABLE', 'CRONUS_SEL', []]
Aug 08 16:03:29 witherspoon power_control.exe[1112]: Power GPIO latch output:
Aug 08 16:03:30 witherspoon power_control.exe[1112]: Power GPIO power good input: SYS_PWROK_BUFF
Aug 08 16:03:30 witherspoon power_control.exe[1112]: Power GPIO 2 power_up outputs
Aug 08 16:03:30 witherspoon power_control.exe[1112]: Power GPIO power_up[0] = SOFTWARE_PGOOD active HIGH
Aug 08 16:03:30 witherspoon power_control.exe[1112]: Power GPIO power_up[1] = BMC_POWER_UP active HIGH
Aug 08 16:03:30 witherspoon power_control.exe[1112]: Power GPIO 1 reset outputs
Aug 08 16:03:30 witherspoon power_control.exe[1112]: Power GPIO reset[0] = BMC_CP0_RESET_N active LOW
Aug 08 16:03:30 witherspoon power_control.exe[1112]: Power GPIO 0 pci reset outputs
Aug 08 16:03:30 witherspoon power_control.exe[1112]: FSI DATA GPIO: FSI_DATA
Aug 08 16:03:30 witherspoon power_control.exe[1112]: FSI CLK GPIO: FSI_CLK
Aug 08 16:03:30 witherspoon power_control.exe[1112]: FSI ENABLE GPIO: FSI_ENABLE
Aug 08 16:03:30 witherspoon power_control.exe[1112]: CRONUS SEL GPIO: CRONUS_SEL
Aug 08 16:03:30 witherspoon power_control.exe[1112]: Hostctl GPIO optionals: 0
Aug 08 16:03:30 witherspoon power_control.exe[1112]: GPIO Lookup:  SYS_PWROK_BUFF = 306,in
Aug 08 16:03:30 witherspoon power_control.exe[1112]: GPIO Lookup:  SOFTWARE_PGOOD = 417,out
Aug 08 16:03:30 witherspoon power_control.exe[1112]: GPIO Lookup:  BMC_POWER_UP = 305,out
Aug 08 16:03:30 witherspoon systemd[1]: Started Phosphor Power0 Control.
Aug 08 16:03:30 witherspoon power_control.exe[1112]: GPIO Lookup:  BMC_CP0_RESET_N = 281,out
Aug 08 16:03:30 witherspoon power_control.exe[1112]: Pgood state: 0
Aug 08 16:03:30 witherspoon systemd[1]: Started Wait for /org/openbmc/settings/host0.
Aug 08 16:03:30 witherspoon systemd[1]: Started Phosphor Inband IPMI.
Aug 08 16:03:32 witherspoon phosphor-host-state-manager[1106]: Initial Host State will be Off
Aug 08 16:03:33 witherspoon systemd[1]: Started Phosphor Host State Manager.
Aug 08 16:03:33 witherspoon flash_bios.exe[1085]: Starting flasher: bios,,/org/openbmc/control/flash/bios,
Aug 08 16:03:33 witherspoon flash_bios.exe[1085]: flasher: , BMC = 1, address = 0x0
Aug 08 16:03:33 witherspoon flash_bios.exe[1085]: Setting up flash
Aug 08 16:03:34 witherspoon flash_bios.exe[1085]: Starting flasher: bios,,/org/openbmc/control/flash/bios,
Aug 08 16:03:34 witherspoon flash_bios.exe[1085]: flasher: , BMC = 1, address = 0x0
Aug 08 16:03:34 witherspoon flash_bios.exe[1085]: Setting up flash
Aug 08 16:03:36 witherspoon avahi-daemon[976]: Withdrawing address record for fe80::72e2:84ff:fe14:23e1 on eth0.
Aug 08 16:03:36 witherspoon avahi-daemon[976]: Host name conflict, retrying with witherspoon-3
Aug 08 16:03:36 witherspoon avahi-daemon[976]: Registering new address record for fe80::72e2:84ff:fe14:23e1 on eth0.*.
Aug 08 16:03:36 witherspoon avahi-daemon[976]: Registering new address record for 9.3.86.161 on eth0.IPv4.
Aug 08 16:03:36 witherspoon avahi-daemon[976]: Withdrawing address record for 9.3.86.161 on eth0.
Aug 08 16:03:36 witherspoon avahi-daemon[976]: Host name conflict, retrying with witherspoon-4
Aug 08 16:03:36 witherspoon avahi-daemon[976]: Registering new address record for fe80::72e2:84ff:fe14:23e1 on eth0.*.
Aug 08 16:03:36 witherspoon systemd[1]: Started Wait for /org/openbmc/control/power0.
Aug 08 16:03:36 witherspoon system_manager.py[1054]: SystemManager Goto System State: BMC_READY
Aug 08 16:03:36 witherspoon system_manager.py[1054]: Running System State: BMC_READY
Aug 08 16:03:36 witherspoon avahi-daemon[976]: Registering new address record for 9.3.86.161 on eth0.IPv4.
Aug 08 16:03:36 witherspoon systemd[1]: Starting Check Chassis0 pgood and create a file to indicate it...
Aug 08 16:03:36 witherspoon systemd[1]: Starting Phosphor Time Manager daemon...
Aug 08 16:03:37 witherspoon systemd[1]: Started Wait for /xyz/openbmc_project/state/chassis0.
Aug 08 16:03:37 witherspoon avahi-daemon[976]: Withdrawing address record for 9.3.86.161 on eth0.
Aug 08 16:03:37 witherspoon avahi-daemon[976]: Host name conflict, retrying with witherspoon-5
Aug 08 16:03:37 witherspoon avahi-daemon[976]: Registering new address record for fe80::72e2:84ff:fe14:23e1 on eth0.*.
Aug 08 16:03:37 witherspoon avahi-daemon[976]: Registering new address record for 9.3.86.161 on eth0.IPv4.
Aug 08 16:03:37 witherspoon systemd[1]: Started Check Chassis0 pgood and create a file to indicate it.
Aug 08 16:03:37 witherspoon systemd[1]: Reached target Chassis0 power on after reset.
Aug 08 16:03:37 witherspoon systemd[1]: Reached target Chassis0 (Reset Check).
Aug 08 16:03:38 witherspoon timemanager[1141]: Registering dbus methods
Aug 08 16:03:38 witherspoon timemanager[1141]: Last known time_mode: NTP
Aug 08 16:03:38 witherspoon timemanager[1141]: Last known time_owner: BMC
Aug 08 16:03:38 witherspoon timemanager[1141]: Empty DhcpNtp string
Aug 08 16:03:38 witherspoon timemanager[1141]: Reading Power Control key: pgood
Aug 08 16:03:38 witherspoon avahi-daemon[976]: Withdrawing address record for 9.3.86.161 on eth0.
Aug 08 16:03:38 witherspoon avahi-daemon[976]: Host name conflict, retrying with witherspoon-6
Aug 08 16:03:38 witherspoon avahi-daemon[976]: Registering new address record for fe80::72e2:84ff:fe14:23e1 on eth0.*.
Aug 08 16:03:38 witherspoon avahi-daemon[976]: Registering new address record for 9.3.86.161 on eth0.IPv4.
Aug 08 16:03:38 witherspoon timemanager[1141]: Changing settings *allowed* now
Aug 08 16:03:38 witherspoon systemd[1]: Started Wait for /xyz/openbmc_project/control/host0.
Aug 08 16:03:38 witherspoon systemd[1]: Reached target Host0 running after reset.
Aug 08 16:03:38 witherspoon systemd[1]: Reached target Host0 (Reset Check).
Aug 08 16:03:38 witherspoon systemd[1]: Started Wait for /xyz/openbmc_project/state/host0.
Aug 08 16:03:38 witherspoon systemd[1]: Starting Reboot If Enabled...
Aug 08 16:03:39 witherspoon timemanager[1141]: Owner is already set to : BMC
Aug 08 16:03:39 witherspoon avahi-daemon[976]: Withdrawing address record for 9.3.86.161 on eth0.
Aug 08 16:03:39 witherspoon avahi-daemon[976]: Host name conflict, retrying with witherspoon-7
Aug 08 16:03:39 witherspoon avahi-daemon[976]: Registering new address record for fe80::72e2:84ff:fe14:23e1 on eth0.*.
Aug 08 16:03:39 witherspoon avahi-daemon[976]: Registering new address record for 9.3.86.161 on eth0.IPv4.
Aug 08 16:03:39 witherspoon timemanager[1141]: Requested_Mode: NTP Current_Mode: NTP
Aug 08 16:03:39 witherspoon timemanager[1141]: Mode is already set to : NTP
Aug 08 16:03:39 witherspoon timemanager[1141]: Getting System Settings: use_dhcp_ntp
Aug 08 16:03:39 witherspoon timemanager[1141]: use_dhcp_ntp = yes
Aug 08 16:03:39 witherspoon timemanager[1141]: Last known host_offset:0
Aug 08 16:03:39 witherspoon timemanager[1141]: Initial Uptime Usec: 1502208120250290
Aug 08 16:03:39 witherspoon systemd[1]: Started Phosphor Time Manager daemon.
Aug 08 16:03:39 witherspoon phosphor-discover-system-state[1154]: Host power is off, checking power policy
Aug 08 16:03:39 witherspoon systemd[1]: Started Reboot If Enabled.
Aug 08 16:03:39 witherspoon systemd[1]: Reached target Phosphor System - Standby.
Aug 08 16:03:39 witherspoon systemd[1]: Starting Assert bmc_booted LED...
Aug 08 16:03:39 witherspoon phosphor-bmc-state-manager[1104]: BMC_READY
Aug 08 16:03:39 witherspoon phosphor-bmc-state-manager[1104]: Setting the BMCState field
Aug 08 16:03:40 witherspoon systemd[1]: Started Assert bmc_booted LED.
Aug 08 16:03:40 witherspoon systemd[1]: Startup finished in 9.082s (kernel) + 1min 31.202s (userspace) = 1min 40.284s.
Aug 08 16:03:40 witherspoon avahi-daemon[976]: Withdrawing address record for 9.3.86.161 on eth0.
Aug 08 16:03:40 witherspoon avahi-daemon[976]: Host name conflict, retrying with witherspoon-8
Aug 08 16:03:40 witherspoon avahi-daemon[976]: Registering new address record for fe80::72e2:84ff:fe14:23e1 on eth0.*.
Aug 08 16:03:40 witherspoon avahi-daemon[976]: Registering new address record for 9.3.86.161 on eth0.IPv4.
Aug 08 16:03:41 witherspoon avahi-daemon[976]: Withdrawing address record for 9.3.86.161 on eth0.
Aug 08 16:03:41 witherspoon avahi-daemon[976]: Host name conflict, retrying with witherspoon-9
Aug 08 16:03:41 witherspoon avahi-daemon[976]: Registering new address record for fe80::72e2:84ff:fe14:23e1 on eth0.*.
Aug 08 16:03:41 witherspoon avahi-daemon[976]: Registering new address record for 9.3.86.161 on eth0.IPv4.
Aug 08 16:03:42 witherspoon avahi-daemon[976]: Withdrawing address record for 9.3.86.161 on eth0.
Aug 08 16:03:42 witherspoon avahi-daemon[976]: Host name conflict, retrying with witherspoon-10
Aug 08 16:03:42 witherspoon avahi-daemon[976]: Registering new address record for fe80::72e2:84ff:fe14:23e1 on eth0.*.
Aug 08 16:03:42 witherspoon avahi-daemon[976]: Registering new address record for 9.3.86.161 on eth0.IPv4.
Aug 08 16:03:43 witherspoon avahi-daemon[976]: Withdrawing address record for 9.3.86.161 on eth0.
Aug 08 16:03:43 witherspoon avahi-daemon[976]: Host name conflict, retrying with witherspoon-11
Aug 08 16:03:43 witherspoon avahi-daemon[976]: Registering new address record for fe80::72e2:84ff:fe14:23e1 on eth0.*.
Aug 08 16:03:43 witherspoon avahi-daemon[976]: Registering new address record for 9.3.86.161 on eth0.IPv4.
Aug 08 16:03:44 witherspoon avahi-daemon[976]: Withdrawing address record for 9.3.86.161 on eth0.
Aug 08 16:03:44 witherspoon avahi-daemon[976]: Host name conflict, retrying with witherspoon-12
Aug 08 16:03:44 witherspoon avahi-daemon[976]: Registering new address record for fe80::72e2:84ff:fe14:23e1 on eth0.*.
Aug 08 16:03:44 witherspoon avahi-daemon[976]: Registering new address record for 9.3.86.161 on eth0.IPv4.
Aug 08 16:03:45 witherspoon avahi-daemon[976]: Withdrawing address record for 9.3.86.161 on eth0.
Aug 08 16:03:45 witherspoon avahi-daemon[976]: Host name conflict, retrying with witherspoon-13
Aug 08 16:03:45 witherspoon avahi-daemon[976]: Registering new address record for fe80::72e2:84ff:fe14:23e1 on eth0.*.
Aug 08 16:03:45 witherspoon avahi-daemon[976]: Registering new address record for 9.3.86.161 on eth0.IPv4.
Aug 08 16:03:46 witherspoon avahi-daemon[976]: Withdrawing address record for 9.3.86.161 on eth0.
Aug 08 16:03:46 witherspoon avahi-daemon[976]: Host name conflict, retrying with witherspoon-14
Aug 08 16:03:46 witherspoon avahi-daemon[976]: Registering new address record for fe80::72e2:84ff:fe14:23e1 on eth0.*.
Aug 08 16:03:46 witherspoon avahi-daemon[976]: Registering new address record for 9.3.86.161 on eth0.IPv4.
Aug 08 16:03:47 witherspoon avahi-daemon[976]: Withdrawing address record for 9.3.86.161 on eth0.
Aug 08 16:03:47 witherspoon avahi-daemon[976]: Host name conflict, retrying with witherspoon-15
Aug 08 16:03:47 witherspoon avahi-daemon[976]: Registering new address record for fe80::72e2:84ff:fe14:23e1 on eth0.*.
Aug 08 16:03:47 witherspoon avahi-daemon[976]: Registering new address record for 9.3.86.161 on eth0.IPv4.
Aug 08 16:03:48 witherspoon avahi-daemon[976]: Withdrawing address record for 9.3.86.161 on eth0.
Aug 08 16:03:48 witherspoon avahi-daemon[976]: Host name conflict, retrying with witherspoon-16
Aug 08 16:03:48 witherspoon avahi-daemon[976]: Registering new address record for fe80::72e2:84ff:fe14:23e1 on eth0.*.
Aug 08 16:03:48 witherspoon avahi-daemon[976]: Registering new address record for 9.3.86.161 on eth0.IPv4.
Aug 08 16:03:49 witherspoon avahi-daemon[976]: Withdrawing address record for 9.3.86.161 on eth0.
Aug 08 16:03:49 witherspoon avahi-daemon[976]: Host name conflict, retrying with witherspoon-17
Aug 08 16:03:49 witherspoon avahi-daemon[976]: Registering new address record for fe80::72e2:84ff:fe14:23e1 on eth0.*.
Aug 08 16:03:49 witherspoon avahi-daemon[976]: Registering new address record for 9.3.86.161 on eth0.IPv4.
Aug 08 16:04:09 witherspoon avahi-daemon[976]: Withdrawing address record for 9.3.86.161 on eth0.
Aug 08 16:04:09 witherspoon avahi-daemon[976]: Host name conflict, retrying with witherspoon-18
Aug 08 16:04:09 witherspoon avahi-daemon[976]: Registering new address record for fe80::72e2:84ff:fe14:23e1 on eth0.*.
Aug 08 16:04:09 witherspoon avahi-daemon[976]: Registering new address record for 9.3.86.161 on eth0.IPv4.
Aug 08 16:04:29 witherspoon avahi-daemon[976]: Withdrawing address record for 9.3.86.161 on eth0.
Aug 08 16:04:29 witherspoon avahi-daemon[976]: Host name conflict, retrying with witherspoon-19
Aug 08 16:04:29 witherspoon avahi-daemon[976]: Registering new address record for fe80::72e2:84ff:fe14:23e1 on eth0.*.
Aug 08 16:04:29 witherspoon avahi-daemon[976]: Registering new address record for 9.3.86.161 on eth0.IPv4.
Aug 08 16:04:49 witherspoon avahi-daemon[976]: Withdrawing address record for 9.3.86.161 on eth0.
Aug 08 16:04:49 witherspoon avahi-daemon[976]: Host name conflict, retrying with witherspoon-20
Aug 08 16:04:49 witherspoon avahi-daemon[976]: Registering new address record for fe80::72e2:84ff:fe14:23e1 on eth0.*.
Aug 08 16:04:49 witherspoon avahi-daemon[976]: Registering new address record for 9.3.86.161 on eth0.IPv4.
Aug 08 16:05:10 witherspoon avahi-daemon[976]: Server startup complete. Host name is witherspoon-20.local. Local service cookie is 514311030.
Aug 08 16:05:10 witherspoon avahi-daemon[976]: Service name conflict for "sftp" (/services/sftp.service), retrying with "sftp #16".
Aug 08 16:05:10 witherspoon avahi-daemon[976]: Service name conflict for "obmc_console" (/services/obmc_console.service), retrying with "obmc_console #6".
Aug 08 16:05:10 witherspoon avahi-daemon[976]: Service name conflict for "phosphor_rest" (/services/phosphor_rest.service), retrying with "phosphor_rest #16".
Aug 08 16:05:11 witherspoon avahi-daemon[976]: Service "witherspoon-20" (/services/ssh.service) successfully established.
Aug 08 16:05:11 witherspoon avahi-daemon[976]: Service "witherspoon-20" (/services/sftp-ssh.service) successfully established.
Aug 08 16:05:11 witherspoon avahi-daemon[976]: Service name conflict for "obmc_console" (/services/obmc_console.service), retrying with "obmc_console #7".
Aug 08 16:05:11 witherspoon avahi-daemon[976]: Withdrawing address record for 9.3.86.161 on eth0.
Aug 08 16:05:11 witherspoon avahi-daemon[976]: Host name conflict, retrying with witherspoon-21
Aug 08 16:05:11 witherspoon avahi-daemon[976]: Registering new address record for fe80::72e2:84ff:fe14:23e1 on eth0.*.
Aug 08 16:05:11 witherspoon avahi-daemon[976]: Registering new address record for 9.3.86.161 on eth0.IPv4.
Aug 08 16:05:29 witherspoon avahi-daemon[976]: Withdrawing address record for 9.3.86.161 on eth0.
Aug 08 16:05:29 witherspoon avahi-daemon[976]: Host name conflict, retrying with witherspoon-22
Aug 08 16:05:29 witherspoon avahi-daemon[976]: Registering new address record for fe80::72e2:84ff:fe14:23e1 on eth0.*.
Aug 08 16:05:29 witherspoon avahi-daemon[976]: Registering new address record for 9.3.86.161 on eth0.IPv4.
Aug 08 16:05:49 witherspoon avahi-daemon[976]: Withdrawing address record for 9.3.86.161 on eth0.
Aug 08 16:05:49 witherspoon avahi-daemon[976]: Host name conflict, retrying with witherspoon-23
Aug 08 16:05:49 witherspoon avahi-daemon[976]: Registering new address record for fe80::72e2:84ff:fe14:23e1 on eth0.*.
Aug 08 16:05:49 witherspoon avahi-daemon[976]: Registering new address record for 9.3.86.161 on eth0.IPv4.
Aug 08 16:06:09 witherspoon avahi-daemon[976]: Withdrawing address record for 9.3.86.161 on eth0.
Aug 08 16:06:09 witherspoon avahi-daemon[976]: Host name conflict, retrying with witherspoon-24
Aug 08 16:06:09 witherspoon avahi-daemon[976]: Registering new address record for fe80::72e2:84ff:fe14:23e1 on eth0.*.
Aug 08 16:06:09 witherspoon avahi-daemon[976]: Registering new address record for 9.3.86.161 on eth0.IPv4.
Aug 08 16:06:29 witherspoon avahi-daemon[976]: Withdrawing address record for 9.3.86.161 on eth0.
Aug 08 16:06:29 witherspoon avahi-daemon[976]: Host name conflict, retrying with witherspoon-25
Aug 08 16:06:29 witherspoon avahi-daemon[976]: Registering new address record for fe80::72e2:84ff:fe14:23e1 on eth0.*.
Aug 08 16:06:29 witherspoon avahi-daemon[976]: Registering new address record for 9.3.86.161 on eth0.IPv4.
Aug 08 16:06:36 witherspoon systemd[1]: Started Phosphor Webserver.
Aug 08 16:06:48 witherspoon phosphor-gevent[1165]: ::80e9:6076:8e91:f402%1995172636 - - [2017-08-08 16:06:48] "POST /login HTTP/1.1" 200 320 0.060713
Aug 08 16:06:48 witherspoon systemd[1]: Created slice system-dropbear.slice.
Aug 08 16:06:48 witherspoon systemd[1]: Started SSH Per-Connection Server (9.41.165.94:60280).
Aug 08 16:06:48 witherspoon dropbear[1167]: Failed loading /etc/dropbear/dropbear_dss_host_key
Aug 08 16:06:48 witherspoon dropbear[1167]: Failed loading /etc/dropbear/dropbear_ecdsa_host_key
Aug 08 16:06:48 witherspoon dropbear[1167]: Child connection from ::ffff:9.41.165.94:60280
Aug 08 16:06:49 witherspoon dropbear[1167]: PAM password auth succeeded for 'root' from ::ffff:9.41.165.94:60280
Aug 08 16:06:49 witherspoon dropbear[1168]: lastlog_perform_login: Couldn't stat /var/log/lastlog: No such file or directory
Aug 08 16:06:49 witherspoon dropbear[1168]: lastlog_openseek: /var/log/lastlog is not a file or directory!
Aug 08 16:06:49 witherspoon avahi-daemon[976]: Withdrawing address record for 9.3.86.161 on eth0.
Aug 08 16:06:49 witherspoon avahi-daemon[976]: Host name conflict, retrying with witherspoon-26
Aug 08 16:06:49 witherspoon avahi-daemon[976]: Registering new address record for fe80::72e2:84ff:fe14:23e1 on eth0.*.
Aug 08 16:06:49 witherspoon avahi-daemon[976]: Registering new address record for 9.3.86.161 on eth0.IPv4.
Aug 08 16:06:50 witherspoon systemd[1]: Started SSH Per-Connection Server (9.41.165.94:60282).
Aug 08 16:06:50 witherspoon dropbear[1172]: Failed loading /etc/dropbear/dropbear_dss_host_key
Aug 08 16:06:50 witherspoon dropbear[1172]: Failed loading /etc/dropbear/dropbear_ecdsa_host_key
Aug 08 16:06:50 witherspoon dropbear[1172]: Child connection from ::ffff:9.41.165.94:60282
Aug 08 16:06:50 witherspoon dropbear[1172]: PAM password auth succeeded for 'root' from ::ffff:9.41.165.94:60282
Aug 08 16:06:50 witherspoon dropbear[1173]: lastlog_perform_login: Couldn't stat /var/log/lastlog: No such file or directory
Aug 08 16:06:51 witherspoon dropbear[1173]: lastlog_openseek: /var/log/lastlog is not a file or directory!
Aug 08 16:06:52 witherspoon systemd[1]: Started SSH Per-Connection Server (9.41.165.94:60284).
Aug 08 16:06:52 witherspoon dropbear[1179]: Failed loading /etc/dropbear/dropbear_dss_host_key
Aug 08 16:06:52 witherspoon dropbear[1179]: Failed loading /etc/dropbear/dropbear_ecdsa_host_key
Aug 08 16:06:52 witherspoon dropbear[1179]: Child connection from ::ffff:9.41.165.94:60284
Aug 08 16:06:52 witherspoon dropbear[1179]: PAM password auth succeeded for 'root' from ::ffff:9.41.165.94:60284
Aug 08 16:06:52 witherspoon dropbear[1180]: lastlog_perform_login: Couldn't stat /var/log/lastlog: No such file or directory
Aug 08 16:06:52 witherspoon dropbear[1180]: lastlog_openseek: /var/log/lastlog is not a file or directory!
Aug 08 16:06:54 witherspoon phosphor-gevent[1165]: ::80e9:6076:8e91:f402%1995172636 - - [2017-08-08 16:06:54] "POST /login HTTP/1.1" 200 320 0.033039
Aug 08 16:06:54 witherspoon phosphor-gevent[1165]: ::80e9:6076:8e91:f402%1995172636 - - [2017-08-08 16:06:54] "GET /xyz/openbmc_project/state/host0//attr/CurrentHostState HTTP/1.1" 200 212 0.084335
Aug 08 16:06:54 witherspoon dropbear[1167]: Exit (root): Error reading: Connection reset by peer
Aug 08 16:06:54 witherspoon dropbear[1172]: Exit (root): Error reading: Connection reset by peer
Aug 08 16:06:54 witherspoon dropbear[1179]: Exit (root): Exited normally
Aug 08 16:07:09 witherspoon avahi-daemon[976]: Withdrawing address record for 9.3.86.161 on eth0.
Aug 08 16:07:09 witherspoon avahi-daemon[976]: Host name conflict, retrying with witherspoon-27
Aug 08 16:07:09 witherspoon avahi-daemon[976]: Registering new address record for fe80::72e2:84ff:fe14:23e1 on eth0.*.
Aug 08 16:07:09 witherspoon avahi-daemon[976]: Registering new address record for 9.3.86.161 on eth0.IPv4.
Aug 08 16:07:29 witherspoon avahi-daemon[976]: Withdrawing address record for 9.3.86.161 on eth0.
Aug 08 16:07:29 witherspoon avahi-daemon[976]: Host name conflict, retrying with witherspoon-28
Aug 08 16:07:29 witherspoon avahi-daemon[976]: Registering new address record for fe80::72e2:84ff:fe14:23e1 on eth0.*.
Aug 08 16:07:29 witherspoon avahi-daemon[976]: Registering new address record for 9.3.86.161 on eth0.IPv4.
Aug 08 16:07:49 witherspoon avahi-daemon[976]: Withdrawing address record for 9.3.86.161 on eth0.
Aug 08 16:07:49 witherspoon avahi-daemon[976]: Host name conflict, retrying with witherspoon-29
Aug 08 16:07:49 witherspoon avahi-daemon[976]: Registering new address record for fe80::72e2:84ff:fe14:23e1 on eth0.*.
Aug 08 16:07:49 witherspoon avahi-daemon[976]: Registering new address record for 9.3.86.161 on eth0.IPv4.
Aug 08 16:07:59 witherspoon systemd[1]: Started SSH Per-Connection Server (9.41.165.94:60326).
Aug 08 16:07:59 witherspoon dropbear[1191]: Failed loading /etc/dropbear/dropbear_dss_host_key
Aug 08 16:07:59 witherspoon dropbear[1191]: Failed loading /etc/dropbear/dropbear_ecdsa_host_key
Aug 08 16:07:59 witherspoon dropbear[1191]: Child connection from ::ffff:9.41.165.94:60326
Aug 08 16:08:00 witherspoon dropbear[1191]: PAM password auth succeeded for 'root' from ::ffff:9.41.165.94:60326
Aug 08 16:08:00 witherspoon dropbear[1192]: lastlog_perform_login: Couldn't stat /var/log/lastlog: No such file or directory
Aug 08 16:08:00 witherspoon dropbear[1192]: lastlog_openseek: /var/log/lastlog is not a file or directory!
Aug 08 16:08:01 witherspoon systemd[1]: Started SSH Per-Connection Server (9.41.165.94:60328).
Aug 08 16:08:01 witherspoon dropbear[1201]: Failed loading /etc/dropbear/dropbear_dss_host_key
Aug 08 16:08:01 witherspoon dropbear[1201]: Failed loading /etc/dropbear/dropbear_ecdsa_host_key
Aug 08 16:08:01 witherspoon dropbear[1201]: Child connection from ::ffff:9.41.165.94:60328
Aug 08 16:08:02 witherspoon dropbear[1201]: PAM password auth succeeded for 'root' from ::ffff:9.41.165.94:60328
Aug 08 16:08:02 witherspoon dropbear[1202]: lastlog_perform_login: Couldn't stat /var/log/lastlog: No such file or directory
Aug 08 16:08:02 witherspoon dropbear[1202]: lastlog_openseek: /var/log/lastlog is not a file or directory!
Aug 08 16:08:02 witherspoon systemd[1]: Started SSH Per-Connection Server (9.41.165.94:60330).
Aug 08 16:08:02 witherspoon dropbear[1208]: Failed loading /etc/dropbear/dropbear_dss_host_key
Aug 08 16:08:02 witherspoon dropbear[1208]: Failed loading /etc/dropbear/dropbear_ecdsa_host_key
Aug 08 16:08:02 witherspoon dropbear[1208]: Child connection from ::ffff:9.41.165.94:60330
Aug 08 16:08:03 witherspoon dropbear[1208]: PAM password auth succeeded for 'root' from ::ffff:9.41.165.94:60330
Aug 08 16:08:03 witherspoon dropbear[1209]: lastlog_perform_login: Couldn't stat /var/log/lastlog: No such file or directory
Aug 08 16:08:03 witherspoon dropbear[1209]: lastlog_openseek: /var/log/lastlog is not a file or directory!
Aug 08 16:08:04 witherspoon phosphor-gevent[1165]: ::80e9:6076:8e91:f402%1995172636 - - [2017-08-08 16:08:04] "POST /login HTTP/1.1" 200 320 0.032369
Aug 08 16:08:04 witherspoon phosphor-gevent[1165]: ::80e9:6076:8e91:f402%1995172636 - - [2017-08-08 16:08:04] "POST /login HTTP/1.1" 200 320 0.037126
Aug 08 16:08:04 witherspoon phosphor-gevent[1165]: ::80e9:6076:8e91:f402%1995172636 - - [2017-08-08 16:08:04] "GET /xyz/openbmc_project/state/host0//attr/CurrentHostState HTTP/1.1" 200 212 0.074429
Aug 08 16:08:05 witherspoon systemd[1]: Created slice system-obmc\x2dconsole\x2dssh.slice.
Aug 08 16:08:05 witherspoon systemd[1]: Started Phosphor Host Console SSH Per-Connection (9.41.165.94:55614).
Aug 08 16:08:05 witherspoon dropbear[1215]: Failed loading /etc/dropbear/dropbear_dss_host_key
Aug 08 16:08:05 witherspoon dropbear[1215]: Failed loading /etc/dropbear/dropbear_ecdsa_host_key
Aug 08 16:08:05 witherspoon dropbear[1215]: Child connection from ::ffff:9.41.165.94:55614
Aug 08 16:08:05 witherspoon phosphor-gevent[1165]: ::80e9:6076:8e91:f402%1995172636 - - [2017-08-08 16:08:05] "POST /login HTTP/1.1" 200 320 0.107400
Aug 08 16:08:06 witherspoon dropbear[1215]: PAM password auth succeeded for 'root' from ::ffff:9.41.165.94:55614
Aug 08 16:08:06 witherspoon phosphor-host-state-manager[1106]: Host State transaction request
Aug 08 16:08:06 witherspoon dropbear[1216]: lastlog_perform_login: Couldn't stat /var/log/lastlog: No such file or directory
Aug 08 16:08:06 witherspoon dropbear[1216]: lastlog_openseek: /var/log/lastlog is not a file or directory!
Aug 08 16:08:06 witherspoon phosphor-gevent[1165]: ::80e9:6076:8e91:f402%1995172636 - - [2017-08-08 16:08:06] "PUT /xyz/openbmc_project/state/host0//attr/RequestedHostTransition HTTP/1.1" 200 169 0.572418
Aug 08 16:08:06 witherspoon systemd[1]: Created slice system-op\x2dwait\x2dpower\x2doff.slice.
Aug 08 16:08:06 witherspoon systemd[1]: Created slice system-ir35221\x2doff\x2dbind.slice.
Aug 08 16:08:06 witherspoon systemd[1]: Starting Wait for /org/openbmc/control/chassis0...
Aug 08 16:08:06 witherspoon systemd[1]: Created slice system-vcs_off_poweroff.slice.
Aug 08 16:08:06 witherspoon systemd[1]: Created slice system-obmc\x2dled\x2dgroup\x2dstop.slice.
Aug 08 16:08:06 witherspoon systemd[1]: Created slice system-op\x2dpower\x2dstop.slice.
Aug 08 16:08:06 witherspoon systemd[1]: Reached target Stop Hosti (Pre).
Aug 08 16:08:06 witherspoon systemd[1]: Reached target Hosti (Stopping).
Aug 08 16:08:06 witherspoon systemd[1]: Reached target Hosti (Stopped).
Aug 08 16:08:06 witherspoon systemd[1]: Reached target Poweri Off (Pre).
Aug 08 16:08:06 witherspoon systemd[1]: Reached target Poweri Off.
Aug 08 16:08:06 witherspoon systemd[1]: Starting Wait for /xyz/openbmc_project/led/groups/power_on...
Aug 08 16:08:06 witherspoon systemd[1]: Created slice system-ir35221\x2doff\x2dunbind.slice.
Aug 08 16:08:06 witherspoon systemd[1]: Starting Wait for /org/openbmc/HostIpmi/1...
Aug 08 16:08:06 witherspoon systemd[1]: Reached target Stop Host0 (Pre).
Aug 08 16:08:06 witherspoon systemd[1]: Starting Power off mode unbind ir35221 device driver devs...
Aug 08 16:08:07 witherspoon systemd[1]: Started Power off mode unbind ir35221 device driver devs.
Aug 08 16:08:07 witherspoon systemd[1]: xyz.openbmc_project.Hwmon@ahb-apb-i2c\x401e78a000-i2c\x2dbus\x40180-ir35221\x4070.service: Unit not needed anymore. Stopping.
Aug 08 16:08:07 witherspoon systemd[1]: xyz.openbmc_project.Hwmon@ahb-apb-i2c\x401e78a000-i2c\x2dbus\x40180-ir35221\x4071.service: Unit not needed anymore. Stopping.
Aug 08 16:08:07 witherspoon systemd[1]: xyz.openbmc_project.Hwmon@ahb-apb-i2c\x401e78a000-i2c\x2dbus\x40140-ir35221\x4070.service: Unit not needed anymore. Stopping.
Aug 08 16:08:07 witherspoon systemd[1]: xyz.openbmc_project.Hwmon@ahb-apb-i2c\x401e78a000-i2c\x2dbus\x40140-ir35221\x4070.service: Service hold-off time over, scheduling restart.
Aug 08 16:08:07 witherspoon systemd[1]: xyz.openbmc_project.Hwmon@ahb-apb-i2c\x401e78a000-i2c\x2dbus\x40140-ir35221\x4070.service: Stop job pending for unit, delaying automatic restart.
Aug 08 16:08:07 witherspoon systemd[1]: xyz.openbmc_project.Hwmon@ahb-apb-i2c\x401e78a000-i2c\x2dbus\x40180-ir35221\x4071.service: Service hold-off time over, scheduling restart.
Aug 08 16:08:07 witherspoon phosphor-gevent[1165]: ::80e9:6076:8e91:f402%1995172636 - - [2017-08-08 16:08:07] "POST /login HTTP/1.1" 200 320 0.032096
Aug 08 16:08:07 witherspoon systemd[1]: xyz.openbmc_project.Hwmon@ahb-apb-i2c\x401e78a000-i2c\x2dbus\x40180-ir35221\x4071.service: Stop job pending for unit, delaying automatic restart.
Aug 08 16:08:07 witherspoon systemd[1]: xyz.openbmc_project.Hwmon@ahb-apb-i2c\x401e78a000-i2c\x2dbus\x40140-ir35221\x4071.service: Unit not needed anymore. Stopping.
Aug 08 16:08:07 witherspoon systemd[1]: xyz.openbmc_project.Hwmon@ahb-apb-i2c\x401e78a000-i2c\x2dbus\x40180-ir35221\x4070.service: Service hold-off time over, scheduling restart.
Aug 08 16:08:07 witherspoon systemd[1]: xyz.openbmc_project.Hwmon@ahb-apb-i2c\x401e78a000-i2c\x2dbus\x40180-ir35221\x4070.service: Stop job pending for unit, delaying automatic restart.
Aug 08 16:08:07 witherspoon systemd[1]: Stopping Phosphor Hwmon Poller...
Aug 08 16:08:07 witherspoon systemd[1]: Stopped Phosphor Hwmon Poller.
Aug 08 16:08:07 witherspoon systemd[1]: Stopped Phosphor Hwmon Poller.
Aug 08 16:08:07 witherspoon systemd[1]: Stopped Phosphor Hwmon Poller.
Aug 08 16:08:07 witherspoon systemd[1]: Stopped Phosphor Hwmon Poller.
Aug 08 16:08:08 witherspoon systemd[1]: Started Wait for /xyz/openbmc_project/led/groups/power_on.
Aug 08 16:08:08 witherspoon systemd[1]: Starting Assert power_on LED...
Aug 08 16:08:08 witherspoon systemd[1]: Started Wait for /org/openbmc/HostIpmi/1.
