-- Logs begin at Sat 2017-07-08 06:15:31 UTC, end at Sat 2017-07-08 06:20:51 UTC. --
Jul 08 06:15:31 witherspoon kernel: Booting Linux on physical CPU 0x0
Jul 08 06:15:31 witherspoon kernel: Linux version 4.10.17-7858cdff46b6d8aa4a4f88884a0623ff50fb78c9 (jenkins@openbmc-builder1) (gcc version 6.2.0 (GCC) ) #1 Sat Jul 8 06:02:17 UTC 2017
Jul 08 06:15:31 witherspoon kernel: CPU: ARMv6-compatible processor [410fb767] revision 7 (ARMv7), cr=00c5387d
Jul 08 06:15:31 witherspoon kernel: CPU: PIPT / VIPT nonaliasing data cache, VIPT nonaliasing instruction cache
Jul 08 06:15:31 witherspoon kernel: OF: fdt:Machine model: Witherspoon BMC
Jul 08 06:15:31 witherspoon kernel: Memory policy: Data cache writeback
Jul 08 06:15:31 witherspoon kernel: SOC Rev: 04030303
Jul 08 06:15:31 witherspoon kernel: On node 0 totalpages: 110592
Jul 08 06:15:31 witherspoon kernel: free_area_init_node: node 0, pgdat 805f9514, node_mem_map 9ec1a000
Jul 08 06:15:31 witherspoon kernel:   Normal zone: 992 pages used for memmap
Jul 08 06:15:31 witherspoon kernel:   Normal zone: 0 pages reserved
Jul 08 06:15:31 witherspoon kernel:   Normal zone: 110592 pages, LIFO batch:31
Jul 08 06:15:31 witherspoon kernel: pcpu-alloc: s0 r0 d32768 u32768 alloc=1*32768
Jul 08 06:15:31 witherspoon kernel: pcpu-alloc: [0] 0 
Jul 08 06:15:31 witherspoon kernel: Built 1 zonelists in Zone order, mobility grouping on.  Total pages: 109600
Jul 08 06:15:31 witherspoon kernel: Kernel command line: console=ttyS4,115200n8 root=/dev/ram rw
Jul 08 06:15:31 witherspoon kernel: PID hash table entries: 2048 (order: 1, 8192 bytes)
Jul 08 06:15:31 witherspoon kernel: Dentry cache hash table entries: 65536 (order: 6, 262144 bytes)
Jul 08 06:15:31 witherspoon kernel: Inode-cache hash table entries: 32768 (order: 5, 131072 bytes)
Jul 08 06:15:31 witherspoon kernel: Memory: 430468K/442368K available (4062K kernel code, 280K rwdata, 1172K rodata, 284K init, 111K bss, 11900K reserved, 0K cma-reserved)
Jul 08 06:15:31 witherspoon kernel: Virtual kernel memory layout:
                                        vector  : 0xffff0000 - 0xffff1000   (   4 kB)
                                        fixmap  : 0xffc00000 - 0xfff00000   (3072 kB)
                                        vmalloc : 0x9f800000 - 0xff800000   (1536 MB)
                                        lowmem  : 0x80000000 - 0x9f000000   ( 496 MB)
                                          .text : 0x80008000 - 0x803ffcc0   (4064 kB)
                                          .init : 0x8057f000 - 0x805c6000   ( 284 kB)
                                          .data : 0x805c6000 - 0x8060c2a8   ( 281 kB)
                                           .bss : 0x8060c2a8 - 0x80628158   ( 112 kB)
Jul 08 06:15:31 witherspoon kernel: NR_IRQS:16 nr_irqs:16 16
Jul 08 06:15:31 witherspoon kernel: i2c controller registered, irq 16
Jul 08 06:15:31 witherspoon kernel: clocksource: moxart_timer: mask: 0xffffffff max_cycles: 0xffffffff, max_idle_ns: 77222644334 ns
Jul 08 06:15:31 witherspoon kernel: sched_clock: 32 bits at 100 Hz, resolution 10000000ns, wraps every 21474836475000000ns
Jul 08 06:15:31 witherspoon kernel: Calibrating delay loop... 789.70 BogoMIPS (lpj=3948544)
Jul 08 06:15:31 witherspoon kernel: pid_max: default: 32768 minimum: 301
Jul 08 06:15:31 witherspoon kernel: Mount-cache hash table entries: 1024 (order: 0, 4096 bytes)
Jul 08 06:15:31 witherspoon kernel: Mountpoint-cache hash table entries: 1024 (order: 0, 4096 bytes)
Jul 08 06:15:31 witherspoon kernel: CPU: Testing write buffer coherency: ok
Jul 08 06:15:31 witherspoon kernel: ftrace: allocating 14932 entries in 44 pages
Jul 08 06:15:31 witherspoon kernel: Setting up static identity map for 0x80008200 - 0x8000825c
Jul 08 06:15:31 witherspoon kernel: devtmpfs: initialized
Jul 08 06:15:31 witherspoon kernel: clocksource: jiffies: mask: 0xffffffff max_cycles: 0xffffffff, max_idle_ns: 19112604462750000 ns
Jul 08 06:15:31 witherspoon kernel: futex hash table entries: 256 (order: -1, 3072 bytes)
Jul 08 06:15:31 witherspoon kernel: pinctrl core: initialized pinctrl subsystem
Jul 08 06:15:31 witherspoon kernel: NET: Registered protocol family 16
Jul 08 06:15:31 witherspoon kernel: DMA: preallocated 256 KiB pool for atomic coherent allocations
Jul 08 06:15:31 witherspoon kernel: usbcore: registered new interface driver usbfs
Jul 08 06:15:31 witherspoon kernel: usbcore: registered new interface driver hub
Jul 08 06:15:31 witherspoon kernel: usbcore: registered new device driver usb
Jul 08 06:15:31 witherspoon kernel: clocksource: Switched to clocksource moxart_timer
Jul 08 06:15:31 witherspoon kernel: NET: Registered protocol family 2
Jul 08 06:15:31 witherspoon kernel: TCP established hash table entries: 4096 (order: 2, 16384 bytes)
Jul 08 06:15:31 witherspoon kernel: TCP bind hash table entries: 4096 (order: 2, 16384 bytes)
Jul 08 06:15:31 witherspoon kernel: TCP: Hash tables configured (established 4096 bind 4096)
Jul 08 06:15:31 witherspoon kernel: UDP hash table entries: 256 (order: 0, 4096 bytes)
Jul 08 06:15:31 witherspoon kernel: UDP-Lite hash table entries: 256 (order: 0, 4096 bytes)
Jul 08 06:15:31 witherspoon kernel: NET: Registered protocol family 1
Jul 08 06:15:31 witherspoon kernel: Trying to unpack rootfs image as initramfs...
Jul 08 06:15:31 witherspoon kernel: Freeing initrd memory: 1548K
Jul 08 06:15:31 witherspoon kernel: workingset: timestamp_bits=30 max_order=17 bucket_order=0
Jul 08 06:15:31 witherspoon kernel: squashfs: version 4.0 (2009/01/31) Phillip Lougher
Jul 08 06:15:31 witherspoon kernel: jffs2: version 2.2. (SUMMARY)  © 2001-2006 Red Hat, Inc.
Jul 08 06:15:32 witherspoon kernel: Block layer SCSI generic (bsg) driver version 0.4 loaded (major 250)
Jul 08 06:15:32 witherspoon kernel: io scheduler noop registered
Jul 08 06:15:32 witherspoon kernel: io scheduler deadline registered
Jul 08 06:15:32 witherspoon kernel: io scheduler cfq registered (default)
Jul 08 06:15:32 witherspoon kernel: ipmi-bt-host 1e789140.ibt: Found bt bmc device
Jul 08 06:15:32 witherspoon kernel: ipmi-bt-host 1e789140.ibt: Using IRQ 22
Jul 08 06:15:32 witherspoon kernel: Serial: 8250/16550 driver, 6 ports, IRQ sharing enabled
Jul 08 06:15:32 witherspoon kernel: 1e783000.serial: ttyS0 at MMIO 0x1e783000 (irq = 23, base_baud = 1500000) is a 16550A
Jul 08 06:15:32 witherspoon kernel: 1e78d000.serial: ttyS1 at MMIO 0x1e78d000 (irq = 24, base_baud = 1500000) is a 16550A
Jul 08 06:15:32 witherspoon kernel: 1e784000.serial: ttyS4 at MMIO 0x1e784000 (irq = 25, base_baud = 1500000) is a 16550A
Jul 08 06:15:32 witherspoon kernel: console [ttyS4] enabled
Jul 08 06:15:32 witherspoon kernel: 1e787000.vuart: ttyS2 at MMIO 0x1e787000 (irq = 22, base_baud = 1500000) is a 16550A
Jul 08 06:15:32 witherspoon kernel: timeriomem_rng 1e6e2078.hwrng: 32bits from 0xf00e2078 @ 1us
Jul 08 06:15:32 witherspoon kernel: random: fast init done
Jul 08 06:15:32 witherspoon kernel: brd: module loaded
Jul 08 06:15:32 witherspoon kernel: loop: module loaded
Jul 08 06:15:32 witherspoon kernel: aspeed-lpc-ctrl 1e789080.lpc-ctrl: Loaded at 0x98000000 (0x04000000)
Jul 08 06:15:32 witherspoon kernel: aspeed-smc 1e620000.flash-controller: Using IRQ 18
Jul 08 06:15:32 witherspoon kernel: aspeed-smc 1e620000.flash-controller: DMA support disabled.
Jul 08 06:15:32 witherspoon kernel: aspeed-smc 1e620000.flash-controller: mx25l25635e (32768 Kbytes)
Jul 08 06:15:32 witherspoon kernel: aspeed-smc 1e620000.flash-controller: CE0 window [ 0x20000000 - 0x22000000 ] 32MB
Jul 08 06:15:32 witherspoon kernel: aspeed-smc 1e620000.flash-controller: CE1 window [ 0x22000000 - 0x2a000000 ] 128MB
Jul 08 06:15:32 witherspoon kernel: 5 ofpart partitions found on MTD device bmc
Jul 08 06:15:32 witherspoon kernel: Creating 5 MTD partitions on "bmc":
Jul 08 06:15:32 witherspoon kernel: 0x000000000000-0x000000060000 : "u-boot"
Jul 08 06:15:32 witherspoon kernel: 0x000000060000-0x000000080000 : "u-boot-env"
Jul 08 06:15:32 witherspoon kernel: 0x000000080000-0x0000004c0000 : "kernel"
Jul 08 06:15:32 witherspoon kernel: 0x0000004c0000-0x000001c00000 : "rofs"
Jul 08 06:15:32 witherspoon kernel: 0x000001c00000-0x000002000000 : "rwfs"
Jul 08 06:15:32 witherspoon kernel: random: crng init done
Jul 08 06:15:32 witherspoon kernel: aspeed-smc 1e620000.flash-controller: mx25l25635e (32768 Kbytes)
Jul 08 06:15:32 witherspoon kernel: aspeed-smc 1e620000.flash-controller: CE1 window [ 0x22000000 - 0x24000000 ] 32MB
Jul 08 06:15:32 witherspoon kernel: aspeed-smc 1e620000.flash-controller: CE2 window [ 0x24000000 - 0x2c000000 ] 128MB
Jul 08 06:15:32 witherspoon kernel: aspeed-smc 1e630000.flash-controller: mx66l1g45g (131072 Kbytes)
Jul 08 06:15:32 witherspoon kernel: aspeed-smc 1e630000.flash-controller: CE0 window resized to 120MB (AST2500 HW quirk)
Jul 08 06:15:32 witherspoon kernel: aspeed-smc 1e630000.flash-controller: CE0 window [ 0x30000000 - 0x37800000 ] 120MB
Jul 08 06:15:32 witherspoon kernel: aspeed-smc 1e630000.flash-controller: CE0 window too small for chip 128MB
Jul 08 06:15:32 witherspoon kernel: aspeed-smc 1e630000.flash-controller: CE1 window [ 0x37800000 - 0x38000000 ] 8MB
Jul 08 06:15:32 witherspoon kernel: libphy: Fixed MDIO Bus: probed
Jul 08 06:15:32 witherspoon kernel: ftgmac100 1e660000.ethernet: Read MAC address 70:e2:84:14:23:e1 from chip
Jul 08 06:15:32 witherspoon kernel: ftgmac100 1e660000.ethernet: Using NCSI interface
Jul 08 06:15:32 witherspoon kernel: ftgmac100 1e660000.ethernet eth0: irq 20, mapped at f0060000
Jul 08 06:15:32 witherspoon kernel: ehci_hcd: USB 2.0 'Enhanced' Host Controller (EHCI) Driver
Jul 08 06:15:32 witherspoon kernel: ehci-platform: EHCI generic platform driver
Jul 08 06:15:32 witherspoon kernel:  fsi0: can't read slave 00:00 -5
Jul 08 06:15:32 witherspoon kernel: i2c /dev entries driver
Jul 08 06:15:32 witherspoon kernel: aspeed-i2c-bus 1e78a0c0.i2c-bus: i2c bus 2 registered, irq 26
Jul 08 06:15:32 witherspoon kernel: aspeed-i2c-bus 1e78a100.i2c-bus: i2c bus 3 registered, irq 27
Jul 08 06:15:32 witherspoon kernel: aspeed-i2c-bus 1e78a140.i2c-bus: i2c bus 4 registered, irq 28
Jul 08 06:15:32 witherspoon kernel: aspeed-i2c-bus 1e78a180.i2c-bus: i2c bus 5 registered, irq 29
Jul 08 06:15:32 witherspoon kernel: aspeed-i2c-bus 1e78a380.i2c-bus: i2c bus 9 registered, irq 30
Jul 08 06:15:32 witherspoon kernel: aspeed-i2c-bus 1e78a3c0.i2c-bus: i2c bus 10 registered, irq 31
Jul 08 06:15:32 witherspoon kernel: rtc-rv8803 11-0032: Voltage low, temperature compensation stopped.
Jul 08 06:15:32 witherspoon kernel: rtc-rv8803 11-0032: An alarm maybe have been missed.
Jul 08 06:15:32 witherspoon kernel: rtc-rv8803 11-0032: rtc core: registered rx8900 as rtc0
Jul 08 06:15:32 witherspoon kernel: at24 11-0051: 8192 byte 24c64 EEPROM, writable, 1 bytes/write
Jul 08 06:15:32 witherspoon kernel: aspeed-i2c-bus 1e78a400.i2c-bus: i2c bus 11 registered, irq 32
Jul 08 06:15:32 witherspoon kernel: aspeed-i2c-bus 1e78a440.i2c-bus: i2c bus 12 registered, irq 33
Jul 08 06:15:32 witherspoon kernel: aspeed-i2c-bus 1e78a480.i2c-bus: i2c bus 13 registered, irq 34
Jul 08 06:15:32 witherspoon kernel: Driver for 1-wire Dallas network protocol.
Jul 08 06:15:32 witherspoon kernel: lm75 9-004a: hwmon0: sensor 'tmp275'
Jul 08 06:15:32 witherspoon kernel: ucd9000 11-0064: Device ID UCD90160|2.3.4.0000|110603
Jul 08 06:15:32 witherspoon kernel: leds-pca955x 11-0060: leds-pca955x: Using pca9552 16-bit LED driver at slave address 0x60
Jul 08 06:15:32 witherspoon kernel: leds-pca955x 11-0060: gpios 264...279
Jul 08 06:15:32 witherspoon kernel: usbcore: registered new interface driver usbhid
Jul 08 06:15:32 witherspoon kernel: usbhid: USB HID core driver
Jul 08 06:15:32 witherspoon kernel: dps310: probe of 3-0076 failed with error -5
Jul 08 06:15:32 witherspoon kernel: NET: Registered protocol family 10
Jul 08 06:15:32 witherspoon kernel: Segment Routing with IPv6
Jul 08 06:15:32 witherspoon kernel: NET: Registered protocol family 17
Jul 08 06:15:32 witherspoon kernel: 8021q: 802.1Q VLAN Support v1.8
Jul 08 06:15:32 witherspoon kernel: console [netcon0] enabled
Jul 08 06:15:32 witherspoon kernel: netconsole: network logging started
Jul 08 06:15:32 witherspoon kernel: input: gpio-keys as /devices/platform/gpio-keys/input/input0
Jul 08 06:15:32 witherspoon kernel: rtc-rv8803 11-0032: setting system clock to 2017-07-08 06:15:22 UTC (1499494522)
Jul 08 06:15:32 witherspoon kernel: Freeing unused kernel memory: 284K
Jul 08 06:15:32 witherspoon kernel: This architecture does not have kernel memory protection.
Jul 08 06:15:32 witherspoon kernel: jffs2: notice: (516) jffs2_build_xattr_subsystem: complete building xattr subsystem, 0 of xdatum (0 unchecked, 0 orphan) and 0 of xref (0 dead, 0 orphan) found.
Jul 08 06:15:32 witherspoon systemd[1]: Failed to insert module 'autofs4': No such file or directory
Jul 08 06:15:32 witherspoon systemd[1]: systemd 232 running in system mode. (+PAM -AUDIT -SELINUX -IMA -APPARMOR -SMACK +SYSVINIT -UTMP -LIBCRYPTSETUP -GCRYPT -GNUTLS +ACL +XZ -LZ4 -SECCOMP +BLKID -ELFUTILS +KMOD -IDN)
Jul 08 06:15:32 witherspoon systemd[1]: Detected architecture arm.
Jul 08 06:15:32 witherspoon systemd[1]: Set hostname to <witherspoon>.
Jul 08 06:15:32 witherspoon systemd[1]: Listening on udev Control Socket.
Jul 08 06:15:32 witherspoon systemd[1]: Listening on udev Kernel Socket.
Jul 08 06:15:32 witherspoon systemd[1]: Started Forward Password Requests to Wall Directory Watch.
Jul 08 06:15:32 witherspoon systemd[1]: Listening on Journal Socket (/dev/log).
Jul 08 06:15:32 witherspoon systemd[1]: Started Dispatch Password Requests to Console Directory Watch.
Jul 08 06:15:32 witherspoon systemd[1]: Reached target Paths.
Jul 08 06:15:32 witherspoon systemd[1]: Listening on Journal Socket.
Jul 08 06:15:32 witherspoon systemd[1]: Starting Journal Service...
Jul 08 06:15:32 witherspoon systemd[1]: Created slice system-op\x2dreset\x2dchassis\x2drunning.slice.
Jul 08 06:15:32 witherspoon systemd[1]: dev-hugepages.mount: Couldn't determine result for ConditionVirtualization=!private-users, assuming failed: No such file or directory
Jul 08 06:15:32 witherspoon systemd[1]: Created slice system-mapper\x2dwait.slice.
Jul 08 06:15:32 witherspoon systemd-journald[648]: Journal started
Jul 08 06:15:32 witherspoon systemd-journald[648]: Runtime journal (/run/log/journal/169f9b5a822f4338824a4e146beb5550) is 0B, max 0B, 0B free.
Jul 08 06:15:32 witherspoon systemd-sysctl[537]: Couldn't write '16' to 'kernel/sysrq', ignoring: No such file or directory
Jul 08 06:15:32 witherspoon systemd-sysctl[537]: Couldn't write 'fq_codel' to 'net/core/default_qdisc', ignoring: No such file or directory
Jul 08 06:15:32 witherspoon systemd[1]: Created slice system-org.openbmc.control.Bmc.slice.
Jul 08 06:15:32 witherspoon systemd[1]: Created slice system-phosphor\x2dcooling\x2dtype.slice.
Jul 08 06:15:33 witherspoon systemd[1]: Created slice system-phosphor\x2dreset\x2dhost\x2drunning.slice.
Jul 08 06:15:33 witherspoon systemd[1]: Reached target Slices.
Jul 08 06:15:33 witherspoon systemd[1]: Created slice system-obmc\x2dled\x2dgroup\x2dstart.slice.
Jul 08 06:15:33 witherspoon systemd[1]: Created slice system-op\x2dreset\x2dchassis\x2don.slice.
Jul 08 06:15:34 witherspoon systemd[1]: Started Apply Kernel Variables.
Jul 08 06:15:34 witherspoon systemd[1]: Started Remount Root and Kernel File Systems.
Jul 08 06:15:35 witherspoon systemd[1]: Starting Create System Users...
Jul 08 06:15:35 witherspoon systemd[1]: Starting Flush Journal to Persistent Storage...
Jul 08 06:15:35 witherspoon systemd[1]: Started udev Coldplug all Devices.
Jul 08 06:15:36 witherspoon systemd[1]: Started Create System Users.
Jul 08 06:15:36 witherspoon systemd[1]: Starting Create Static Device Nodes in /dev...
Jul 08 06:15:36 witherspoon systemd-journald[648]: Runtime journal (/run/log/journal/169f9b5a822f4338824a4e146beb5550) is 0B, max 0B, 0B free.
Jul 08 06:15:36 witherspoon systemd[1]: Started Flush Journal to Persistent Storage.
Jul 08 06:15:36 witherspoon systemd[1]: Started Create Static Device Nodes in /dev.
Jul 08 06:15:36 witherspoon systemd[1]: Reached target Local File Systems (Pre).
Jul 08 06:15:36 witherspoon systemd[1]: Mounting /var/volatile...
Jul 08 06:15:36 witherspoon systemd[1]: Starting udev Kernel Device Manager...
Jul 08 06:15:36 witherspoon systemd[1]: Mounted /var/volatile.
Jul 08 06:15:36 witherspoon systemd[1]: Starting Load/Save Random Seed...
Jul 08 06:15:36 witherspoon systemd[1]: Reached target Local File Systems.
Jul 08 06:15:36 witherspoon systemd[1]: Starting Rebuild Journal Catalog...
Jul 08 06:15:36 witherspoon systemd[1]: Starting Create Volatile Files and Directories...
Jul 08 06:15:37 witherspoon systemd[1]: Started Rebuild Journal Catalog.
Jul 08 06:15:37 witherspoon systemd[1]: Starting Update is Completed...
Jul 08 06:15:37 witherspoon systemd-tmpfiles[879]: "/var/tmp" already exists and is not a directory.
Jul 08 06:15:37 witherspoon systemd-tmpfiles[879]: "/var/log" already exists and is not a directory.
Jul 08 06:15:37 witherspoon systemd[1]: Started Update is Completed.
Jul 08 06:15:37 witherspoon systemd[1]: Started Load/Save Random Seed.
Jul 08 06:15:37 witherspoon systemd[1]: Started Create Volatile Files and Directories.
Jul 08 06:15:37 witherspoon systemd[1]: Starting Run pending postinsts...
Jul 08 06:15:37 witherspoon systemd[1]: Starting Network Time Synchronization...
Jul 08 06:15:37 witherspoon systemd[1]: Started udev Kernel Device Manager.
Jul 08 06:15:38 witherspoon systemd[1]: Started Network Time Synchronization.
Jul 08 06:15:38 witherspoon systemd[1]: Reached target System Time Synchronized.
Jul 08 06:15:38 witherspoon run-postinsts[885]: Running postinst /etc/rpm-postinsts/libglib-2.0-0...
Jul 08 06:15:39 witherspoon systemd[1]: Found device /dev/aspeed-lpc-ctrl.
Jul 08 06:15:39 witherspoon systemd[1]: Found device /dev/aspeed-mbox.
Jul 08 06:15:39 witherspoon systemd[1]: Found device /dev/ttyS4.
Jul 08 06:15:39 witherspoon systemd[1]: Found device /dev/ttyVUART0.
Jul 08 06:15:39 witherspoon systemd[1]: Created slice system-xyz.openbmc_project.Hwmon.slice.
Jul 08 06:15:39 witherspoon systemd[1]: dev-hugepages.mount: Couldn't determine result for ConditionVirtualization=!private-users, assuming failed: No such file or directory
Jul 08 06:15:39 witherspoon systemd[1]: dev-hugepages.mount: Couldn't determine result for ConditionVirtualization=!private-users, assuming failed: No such file or directory
Jul 08 06:15:41 witherspoon systemd[1]: Created slice system-xyz.openbmc_project.led.controller.slice.
Jul 08 06:15:41 witherspoon systemd[1]: dev-hugepages.mount: Couldn't determine result for ConditionVirtualization=!private-users, assuming failed: No such file or directory
Jul 08 06:15:41 witherspoon run-postinsts[885]: rm: can't remove '/etc/rpm-postinsts': Invalid argument
Jul 08 06:15:41 witherspoon run-postinsts[885]:  Removing any system startup links for run-postinsts ...
Jul 08 06:15:41 witherspoon systemctl[915]: Removed /etc/systemd/system/sysinit.target.wants/run-postinsts.service.
Jul 08 06:15:41 witherspoon systemd[1]: Reloading.
Jul 08 06:15:44 witherspoon systemd[1]: Started Run pending postinsts.
Jul 08 06:15:44 witherspoon systemd[1]: Reached target System Initialization.
Jul 08 06:15:44 witherspoon systemd[1]: Listening on Avahi mDNS/DNS-SD Stack Activation Socket.
Jul 08 06:15:44 witherspoon systemd[1]: Listening on Phosphor DBUS Browser socket.
Jul 08 06:15:44 witherspoon systemd[1]: Listening on Phosphor Host Console SSH Per-Connection socket.
Jul 08 06:15:44 witherspoon systemd[1]: Listening on dropbear.socket.
Jul 08 06:15:44 witherspoon systemd[1]: Listening on phosphor-ipmi-net.socket.
Jul 08 06:15:44 witherspoon systemd[1]: Listening on Phosphor Webserver socket.
Jul 08 06:15:44 witherspoon systemd[1]: Listening on D-Bus System Message Bus Socket.
Jul 08 06:15:45 witherspoon systemd[1]: Reached target Sockets.
Jul 08 06:15:45 witherspoon systemd[1]: Started Daily Cleanup of Temporary Directories.
Jul 08 06:15:45 witherspoon systemd[1]: Reached target Timers.
Jul 08 06:15:45 witherspoon systemd[1]: Reached target Basic System.
Jul 08 06:15:45 witherspoon systemd[1]: Starting Phosphor Download Manager...
Jul 08 06:15:45 witherspoon systemd[1]: Started Phosphor sysfs LED controller.
Jul 08 06:15:45 witherspoon systemd[1]: Starting Phosphor DBus Service Discovery Manager...
Jul 08 06:15:45 witherspoon systemd[1]: Started Phosphor sysfs LED controller.
Jul 08 06:15:45 witherspoon systemd[1]: Starting Phosphor Chassis0 Control...
Jul 08 06:15:45 witherspoon systemd[1]: Starting Phosphor User Manager...
Jul 08 06:15:45 witherspoon systemd[1]: Starting Phosphor Download Manager...
Jul 08 06:15:45 witherspoon systemd[1]: Started Phosphor Hwmon Poller.
Jul 08 06:15:45 witherspoon systemd[1]: Starting Phosphor Inventory Manager...
Jul 08 06:15:45 witherspoon systemd[1]: Started Phosphor Hwmon Poller.
Jul 08 06:15:45 witherspoon systemd[1]: Starting Phosphor BMC0 Control...
Jul 08 06:15:45 witherspoon systemd[1]: Started Phosphor Hwmon Poller.
Jul 08 06:15:45 witherspoon systemd[1]: Started Phosphor sysfs LED controller.
Jul 08 06:15:45 witherspoon systemd[1]: Started System Logging Service.
Jul 08 06:15:45 witherspoon systemd[1]: Starting Clear one time boot overrides...
Jul 08 06:15:45 witherspoon systemd[1]: Started Phosphor Hwmon Poller.
Jul 08 06:15:46 witherspoon systemd[1]: Reached target Containers.
Jul 08 06:15:46 witherspoon systemd[1]: Starting Phosphor Network Manager...
Jul 08 06:15:46 witherspoon systemd[1]: Started Phosphor MBOX Daemon.
Jul 08 06:15:46 witherspoon systemd[1]: Started Kernel Logging Service.
Jul 08 06:15:46 witherspoon systemd[1]: Started Phosphor Hwmon Poller.
Jul 08 06:15:46 witherspoon systemd[1]: Starting Phosphor Inventory Manager...
Jul 08 06:15:46 witherspoon systemd[1]: Starting Phosphor IPMI BT DBus Bridge...
Jul 08 06:15:46 witherspoon systemd[1]: Starting OpenBMC Software Update Manager...
Jul 08 06:15:46 witherspoon systemd[1]: Started Phosphor Dump core monitor..
Jul 08 06:15:46 witherspoon systemd[1]: Starting Phosphor Log Manager...
Jul 08 06:15:46 witherspoon systemd[1]: Started Phosphor Console Muxer listening on device /dev/ttyVUART0.
Jul 08 06:15:46 witherspoon systemd[1]: Started Phosphor Hwmon Poller.
Jul 08 06:15:47 witherspoon systemd[1]: Started Phosphor Hwmon Poller.
Jul 08 06:15:47 witherspoon systemd[1]: Started Hardware RNG Entropy Gatherer Daemon.
Jul 08 06:15:47 witherspoon systemd[1]: Starting Phosphor LED Group Management Daemon...
Jul 08 06:15:47 witherspoon systemd[1]: Starting Phosphor Sensor Manager...
Jul 08 06:15:47 witherspoon systemd[1]: Started D-Bus System Message Bus.
Jul 08 06:15:47 witherspoon kernel[945]: klogd started: BusyBox v1.24.1 (2017-06-16 19:29:08 UTC)
Jul 08 06:15:47 witherspoon kernel[945]: [    0.000000] Booting Linux on physical CPU 0x0
Jul 08 06:15:47 witherspoon kernel[945]: [    0.000000] Linux version 4.10.17-7858cdff46b6d8aa4a4f88884a0623ff50fb78c9 (jenkins@openbmc-builder1) (gcc version 6.2.0 (GCC) ) #1 Sat Jul 8 06:02:17 UTC 2017
Jul 08 06:15:47 witherspoon kernel[945]: [    0.000000] CPU: ARMv6-compatible processor [410fb767] revision 7 (ARMv7), cr=00c5387d
Jul 08 06:15:47 witherspoon kernel[945]: [    0.000000] CPU: PIPT / VIPT nonaliasing data cache, VIPT nonaliasing instruction cache
Jul 08 06:15:47 witherspoon kernel[945]: [    0.000000] OF: fdt:Machine model: Witherspoon BMC
Jul 08 06:15:47 witherspoon kernel[945]: [    0.000000] Memory policy: Data cache writeback
Jul 08 06:15:47 witherspoon kernel[945]: [    0.000000] SOC Rev: 04030303
Jul 08 06:15:47 witherspoon kernel[945]: [    0.000000] On node 0 totalpages: 110592
Jul 08 06:15:47 witherspoon kernel[945]: [    0.000000] free_area_init_node: node 0, pgdat 805f9514, node_mem_map 9ec1a000
Jul 08 06:15:47 witherspoon kernel[945]: [    0.000000]   Normal zone: 992 pages used for memmap
Jul 08 06:15:47 witherspoon kernel[945]: [    0.000000]   Normal zone: 0 pages reserved
Jul 08 06:15:47 witherspoon kernel[945]: [    0.000000]   Normal zone: 110592 pages, LIFO batch:31
Jul 08 06:15:47 witherspoon kernel[945]: [    0.000000] pcpu-alloc: s0 r0 d32768 u32768 alloc=1*32768
Jul 08 06:15:47 witherspoon kernel[945]: [    0.000000] pcpu-alloc: [0] 0
Jul 08 06:15:47 witherspoon kernel[945]: [    0.000000] Built 1 zonelists in Zone order, mobility grouping on.  Total pages: 109600
Jul 08 06:15:47 witherspoon kernel[945]: [    0.000000] Kernel command line: console=ttyS4,115200n8 root=/dev/ram rw
Jul 08 06:15:47 witherspoon kernel[945]: [    0.000000] PID hash table entries: 2048 (order: 1, 8192 bytes)
Jul 08 06:15:47 witherspoon kernel[945]: [    0.000000] Dentry cache hash table entries: 65536 (order: 6, 262144 bytes)
Jul 08 06:15:47 witherspoon kernel[945]: [    0.000000] Inode-cache hash table entries: 32768 (order: 5, 131072 bytes)
Jul 08 06:15:47 witherspoon kernel[945]: [    0.000000] Memory: 430468K/442368K available (4062K kernel code, 280K rwdata, 1172K rodata, 284K init, 111K bss, 11900K reserved, 0K cma-reserved)
Jul 08 06:15:47 witherspoon kernel[945]: [    0.000000] Virtual kernel memory layout:
Jul 08 06:15:47 witherspoon kernel[945]: [    0.000000]     vector  : 0xffff0000 - 0xffff1000   (   4 kB)
Jul 08 06:15:47 witherspoon kernel[945]: [    0.000000]     fixmap  : 0xffc00000 - 0xfff00000   (3072 kB)
Jul 08 06:15:47 witherspoon kernel[945]: [    0.000000]     vmalloc : 0x9f800000 - 0xff800000   (1536 MB)
Jul 08 06:15:47 witherspoon kernel[945]: [    0.000000]     lowmem  : 0x80000000 - 0x9f000000   ( 496 MB)
Jul 08 06:15:47 witherspoon kernel[945]: [    0.000000]       .text : 0x80008000 - 0x803ffcc0   (4064 kB)
Jul 08 06:15:47 witherspoon kernel[945]: [    0.000000]       .init : 0x8057f000 - 0x805c6000   ( 284 kB)
Jul 08 06:15:47 witherspoon kernel[945]: [    0.000000]       .data : 0x805c6000 - 0x8060c2a8   ( 281 kB)
Jul 08 06:15:47 witherspoon kernel[945]: [    0.000000]        .bss : 0x8060c2a8 - 0x80628158   ( 112 kB)
Jul 08 06:15:47 witherspoon kernel[945]: [    0.000000] NR_IRQS:16 nr_irqs:16 16
Jul 08 06:15:47 witherspoon kernel[945]: [    0.000000] i2c controller registered, irq 16
Jul 08 06:15:47 witherspoon kernel[945]: [    0.000000] clocksource: moxart_timer: mask: 0xffffffff max_cycles: 0xffffffff, max_idle_ns: 77222644334 ns
Jul 08 06:15:47 witherspoon kernel[945]: [    0.000000] sched_clock: 32 bits at 100 Hz, resolution 10000000ns, wraps every 21474836475000000ns
Jul 08 06:15:47 witherspoon kernel[945]: [    0.090000] Calibrating delay loop... 789.70 BogoMIPS (lpj=3948544)
Jul 08 06:15:47 witherspoon kernel[945]: [    0.090000] pid_max: default: 32768 minimum: 301
Jul 08 06:15:47 witherspoon kernel[945]: [    0.090000] Mount-cache hash table entries: 1024 (order: 0, 4096 bytes)
Jul 08 06:15:47 witherspoon kernel[945]: [    0.090000] Mountpoint-cache hash table entries: 1024 (order: 0, 4096 bytes)
Jul 08 06:15:47 witherspoon kernel[945]: [    0.090000] CPU: Testing write buffer coherency: ok
Jul 08 06:15:47 witherspoon kernel[945]: [    0.090000] ftrace: allocating 14932 entries in 44 pages
Jul 08 06:15:47 witherspoon kernel[945]: [    0.120000] Setting up static identity map for 0x80008200 - 0x8000825c
Jul 08 06:15:47 witherspoon kernel[945]: [    0.120000] devtmpfs: initialized
Jul 08 06:15:47 witherspoon kernel[945]: [    0.140000] clocksource: jiffies: mask: 0xffffffff max_cycles: 0xffffffff, max_idle_ns: 19112604462750000 ns
Jul 08 06:15:47 witherspoon kernel[945]: [    0.140000] futex hash table entries: 256 (order: -1, 3072 bytes)
Jul 08 06:15:47 witherspoon kernel[945]: [    0.140000] pinctrl core: initialized pinctrl subsystem
Jul 08 06:15:47 witherspoon kernel[945]: [    0.140000] NET: Registered protocol family 16
Jul 08 06:15:47 witherspoon kernel[945]: [    0.140000] DMA: preallocated 256 KiB pool for atomic coherent allocations
Jul 08 06:15:47 witherspoon kernel[945]: [    0.200000] usbcore: registered new interface driver usbfs
Jul 08 06:15:47 witherspoon kernel[945]: [    0.200000] usbcore: registered new interface driver hub
Jul 08 06:15:47 witherspoon kernel[945]: [    0.200000] usbcore: registered new device driver usb
Jul 08 06:15:47 witherspoon kernel[945]: [    0.210000] clocksource: Switched to clocksource moxart_timer
Jul 08 06:15:47 witherspoon kernel[945]: [    0.230000] NET: Registered protocol family 2
Jul 08 06:15:47 witherspoon kernel[945]: [    0.230000] TCP established hash table entries: 4096 (order: 2, 16384 bytes)
Jul 08 06:15:47 witherspoon kernel[945]: [    0.230000] TCP bind hash table entries: 4096 (order: 2, 16384 bytes)
Jul 08 06:15:47 witherspoon kernel[945]: [    0.230000] TCP: Hash tables configured (established 4096 bind 4096)
Jul 08 06:15:47 witherspoon kernel[945]: [    0.230000] UDP hash table entries: 256 (order: 0, 4096 bytes)
Jul 08 06:15:47 witherspoon kernel[945]: [    0.230000] UDP-Lite hash table entries: 256 (order: 0, 4096 bytes)
Jul 08 06:15:47 witherspoon kernel[945]: [    0.230000] NET: Registered protocol family 1
Jul 08 06:15:47 witherspoon kernel[945]: [    0.230000] Trying to unpack rootfs image as initramfs...
Jul 08 06:15:47 witherspoon kernel[945]: [    1.900000] Freeing initrd memory: 1548K
Jul 08 06:15:47 witherspoon kernel[945]: [    1.900000] workingset: timestamp_bits=30 max_order=17 bucket_order=0
Jul 08 06:15:47 witherspoon kernel[945]: [    1.900000] squashfs: version 4.0 (2009/01/31) Phillip Lougher
Jul 08 06:15:47 witherspoon kernel[945]: [    1.900000] jffs2: version 2.2. (SUMMARY)  © 2001-2006 Red Hat, Inc.
Jul 08 06:15:47 witherspoon kernel[945]: [    1.900000] Block layer SCSI generic (bsg) driver version 0.4 loaded (major 250)
Jul 08 06:15:47 witherspoon kernel[945]: [    1.900000] io scheduler noop registered
Jul 08 06:15:47 witherspoon kernel[945]: [    1.900000] io scheduler deadline registered
Jul 08 06:15:47 witherspoon kernel[945]: [    1.900000] io scheduler cfq registered (default)
Jul 08 06:15:47 witherspoon kernel[945]: [    2.050000] ipmi-bt-host 1e789140.ibt: Found bt bmc device
Jul 08 06:15:47 witherspoon kernel[945]: [    2.050000] ipmi-bt-host 1e789140.ibt: Using IRQ 22
Jul 08 06:15:47 witherspoon kernel[945]: [    2.050000] Serial: 8250/16550 driver, 6 ports, IRQ sharing enabled
Jul 08 06:15:47 witherspoon kernel[945]: [    2.050000] 1e783000.serial: ttyS0 at MMIO 0x1e783000 (irq = 23, base_baud = 1500000) is a 16550A
Jul 08 06:15:47 witherspoon kernel[945]: [    2.050000] 1e78d000.serial: ttyS1 at MMIO 0x1e78d000 (irq = 24, base_baud = 1500000) is a 16550A
Jul 08 06:15:47 witherspoon kernel[945]: [    2.050000] 1e784000.serial: ttyS4 at MMIO 0x1e784000 (irq = 25, base_baud = 1500000) is a 16550A
Jul 08 06:15:47 witherspoon kernel[945]: [    2.400000] console [ttyS4] enabled
Jul 08 06:15:47 witherspoon kernel[945]: [    2.400000] 1e787000.vuart: ttyS2 at MMIO 0x1e787000 (irq = 22, base_baud = 1500000) is a 16550A
Jul 08 06:15:47 witherspoon kernel[945]: [    2.600000] timeriomem_rng 1e6e2078.hwrng: 32bits from 0xf00e2078 @ 1us
Jul 08 06:15:47 witherspoon kernel[945]: [    2.610000] random: fast init done
Jul 08 06:15:47 witherspoon kernel[945]: [    2.650000] brd: module loaded
Jul 08 06:15:47 witherspoon kernel[945]: [    2.670000] loop: module loaded
Jul 08 06:15:47 witherspoon kernel[945]: [    2.680000] aspeed-lpc-ctrl 1e789080.lpc-ctrl: Loaded at 0x98000000 (0x04000000)
Jul 08 06:15:47 witherspoon kernel[945]: [    2.690000] aspeed-smc 1e620000.flash-controller: Using IRQ 18
Jul 08 06:15:47 witherspoon kernel[945]: [    2.690000] aspeed-smc 1e620000.flash-controller: DMA support disabled.
Jul 08 06:15:47 witherspoon kernel[945]: [    2.700000] aspeed-smc 1e620000.flash-controller: mx25l25635e (32768 Kbytes)
Jul 08 06:15:47 witherspoon kernel[945]: [    2.700000] aspeed-smc 1e620000.flash-controller: CE0 window [ 0x20000000 - 0x22000000 ] 32MB
Jul 08 06:15:47 witherspoon kernel[945]: [    2.700000] aspeed-smc 1e620000.flash-controller: CE1 window [ 0x22000000 - 0x2a000000 ] 128MB
Jul 08 06:15:47 witherspoon kernel[945]: [    2.730000] 5 ofpart partitions found on MTD device bmc
Jul 08 06:15:47 witherspoon kernel[945]: [    2.730000] Creating 5 MTD partitions on "bmc":
Jul 08 06:15:47 witherspoon kernel[945]: [    2.740000] 0x000000000000-0x000000060000 : "u-boot"
Jul 08 06:15:47 witherspoon kernel[945]: [    2.740000] 0x000000060000-0x000000080000 : "u-boot-env"
Jul 08 06:15:47 witherspoon kernel[945]: [    2.760000] 0x000000080000-0x0000004c0000 : "kernel"
Jul 08 06:15:47 witherspoon kernel[945]: [    2.770000] 0x0000004c0000-0x000001c00000 : "rofs"
Jul 08 06:15:47 witherspoon kernel[945]: [    2.780000] 0x000001c00000-0x000002000000 : "rwfs"
Jul 08 06:15:47 witherspoon kernel[945]: [    2.790000] random: crng init done
Jul 08 06:15:47 witherspoon kernel[945]: [    2.790000] aspeed-smc 1e620000.flash-controller: mx25l25635e (32768 Kbytes)
Jul 08 06:15:47 witherspoon kernel[945]: [    2.800000] aspeed-smc 1e620000.flash-controller: CE1 window [ 0x22000000 - 0x24000000 ] 32MB
Jul 08 06:15:47 witherspoon kernel[945]: [    2.800000] aspeed-smc 1e620000.flash-controller: CE2 window [ 0x24000000 - 0x2c000000 ] 128MB
Jul 08 06:15:47 witherspoon kernel[945]: [    2.830000] aspeed-smc 1e630000.flash-controller: mx66l1g45g (131072 Kbytes)
Jul 08 06:15:47 witherspoon kernel[945]: [    2.830000] aspeed-smc 1e630000.flash-controller: CE0 window resized to 120MB (AST2500 HW quirk)
Jul 08 06:15:47 witherspoon kernel[945]: [    2.840000] aspeed-smc 1e630000.flash-controller: CE0 window [ 0x30000000 - 0x37800000 ] 120MB
Jul 08 06:15:47 witherspoon kernel[945]: [    2.840000] aspeed-smc 1e630000.flash-controller: CE0 window too small for chip 128MB
Jul 08 06:15:47 witherspoon kernel[945]: [    2.840000] aspeed-smc 1e630000.flash-controller: CE1 window [ 0x37800000 - 0x38000000 ] 8MB
Jul 08 06:15:47 witherspoon kernel[945]: [    3.590000] libphy: Fixed MDIO Bus: probed
Jul 08 06:15:47 witherspoon kernel[945]: [    3.590000] ftgmac100 1e660000.ethernet: Read MAC address 70:e2:84:14:23:e1 from chip
Jul 08 06:15:47 witherspoon kernel[945]: [    3.590000] ftgmac100 1e660000.ethernet: Using NCSI interface
Jul 08 06:15:47 witherspoon kernel[945]: [    3.590000] ftgmac100 1e660000.ethernet eth0: irq 20, mapped at f0060000
Jul 08 06:15:47 witherspoon kernel[945]: [    3.590000] ehci_hcd: USB 2.0 'Enhanced' Host Controller (EHCI) Driver
Jul 08 06:15:47 witherspoon kernel[945]: [    3.590000] ehci-platform: EHCI generic platform driver
Jul 08 06:15:47 witherspoon kernel[945]: [    3.830000]  fsi0: can't read slave 00:00 -5
Jul 08 06:15:47 witherspoon kernel[945]: [    3.830000] i2c /dev entries driver
Jul 08 06:15:47 witherspoon kernel[945]: [    3.830000] aspeed-i2c-bus 1e78a0c0.i2c-bus: i2c bus 2 registered, irq 26
Jul 08 06:15:47 witherspoon kernel[945]: [    3.830000] aspeed-i2c-bus 1e78a100.i2c-bus: i2c bus 3 registered, irq 27
Jul 08 06:15:47 witherspoon kernel[945]: [    3.830000] aspeed-i2c-bus 1e78a140.i2c-bus: i2c bus 4 registered, irq 28
Jul 08 06:15:47 witherspoon kernel[945]: [    3.830000] aspeed-i2c-bus 1e78a180.i2c-bus: i2c bus 5 registered, irq 29
Jul 08 06:15:47 witherspoon kernel[945]: [    3.830000] aspeed-i2c-bus 1e78a380.i2c-bus: i2c bus 9 registered, irq 30
Jul 08 06:15:47 witherspoon kernel[945]: [    3.830000] aspeed-i2c-bus 1e78a3c0.i2c-bus: i2c bus 10 registered, irq 31
Jul 08 06:15:47 witherspoon kernel[945]: [    3.830000] rtc-rv8803 11-0032: Voltage low, temperature compensation stopped.
Jul 08 06:15:47 witherspoon kernel[945]: [    3.830000] rtc-rv8803 11-0032: An alarm maybe have been missed.
Jul 08 06:15:47 witherspoon kernel[945]: [    3.940000] rtc-rv8803 11-0032: rtc core: registered rx8900 as rtc0
Jul 08 06:15:47 witherspoon kernel[945]: [    3.950000] at24 11-0051: 8192 byte 24c64 EEPROM, writable, 1 bytes/write
Jul 08 06:15:47 witherspoon kernel[945]: [    3.950000] aspeed-i2c-bus 1e78a400.i2c-bus: i2c bus 11 registered, irq 32
Jul 08 06:15:47 witherspoon kernel[945]: [    3.950000] aspeed-i2c-bus 1e78a440.i2c-bus: i2c bus 12 registered, irq 33
Jul 08 06:15:47 witherspoon kernel[945]: [    3.950000] aspeed-i2c-bus 1e78a480.i2c-bus: i2c bus 13 registered, irq 34
Jul 08 06:15:47 witherspoon kernel[945]: [    3.950000] Driver for 1-wire Dallas network protocol.
Jul 08 06:15:47 witherspoon kernel[945]: [    3.950000] lm75 9-004a: hwmon0: sensor 'tmp275'
Jul 08 06:15:47 witherspoon kernel[945]: [    4.410000] ucd9000 11-0064: Device ID UCD90160|2.3.4.0000|110603
Jul 08 06:15:47 witherspoon kernel[945]: [    4.740000] leds-pca955x 11-0060: leds-pca955x: Using pca9552 16-bit LED driver at slave address 0x60
Jul 08 06:15:47 witherspoon kernel[945]: [    4.750000] leds-pca955x 11-0060: gpios 264...279
Jul 08 06:15:47 witherspoon kernel[945]: [    4.760000] usbcore: registered new interface driver usbhid
Jul 08 06:15:47 witherspoon kernel[945]: [    4.760000] usbhid: USB HID core driver
Jul 08 06:15:47 witherspoon kernel[945]: [    4.810000] dps310: probe of 3-0076 failed with error -5
Jul 08 06:15:47 witherspoon kernel[945]: [    4.810000] NET: Registered protocol family 10
Jul 08 06:15:47 witherspoon kernel[945]: [    4.820000] Segment Routing with IPv6
Jul 08 06:15:47 witherspoon kernel[945]: [    4.820000] NET: Registered protocol family 17
Jul 08 06:15:47 witherspoon kernel[945]: [    4.820000] 8021q: 802.1Q VLAN Support v1.8
Jul 08 06:15:47 witherspoon kernel[945]: [    4.840000] console [netcon0] enabled
Jul 08 06:15:47 witherspoon kernel[945]: [    4.840000] netconsole: network logging started
Jul 08 06:15:47 witherspoon kernel[945]: [    4.840000] input: gpio-keys as /devices/platform/gpio-keys/input/input0
Jul 08 06:15:47 witherspoon kernel[945]: [    4.860000] rtc-rv8803 11-0032: setting system clock to 2017-07-08 06:15:22 UTC (1499494522)
Jul 08 06:15:47 witherspoon kernel[945]: [    4.870000] Freeing unused kernel memory: 284K
Jul 08 06:15:47 witherspoon kernel[945]: [    4.870000] This architecture does not have kernel memory protection.
Jul 08 06:15:47 witherspoon kernel[945]: [    6.420000] jffs2: notice: (516) jffs2_build_xattr_subsystem: complete building xattr subsystem, 0 of xdatum (0 unchecked, 0 orphan) and 0 of xref (0 dead, 0 orphan) found.
Jul 08 06:15:47 witherspoon kernel[945]: [    8.660000] systemd[1]: Failed to insert module 'autofs4': No such file or directory
Jul 08 06:15:47 witherspoon kernel[945]: [    8.660000] systemd[1]: systemd 232 running in system mode. (+PAM -AUDIT -SELINUX -IMA -APPARMOR -SMACK +SYSVINIT -UTMP -LIBCRYPTSETUP -GCRYPT -GNUTLS +ACL +XZ -LZ4 -SECCOMP +BLKID -ELFUTILS +KMOD -IDN)
Jul 08 06:15:47 witherspoon kernel[945]: [    8.870000] systemd[1]: Detected architecture arm.
Jul 08 06:15:47 witherspoon kernel[945]: [    8.930000] systemd[1]: Set hostname to <witherspoon>.
Jul 08 06:15:47 witherspoon kernel[945]: [   10.510000] systemd[1]: Listening on udev Control Socket.
Jul 08 06:15:47 witherspoon kernel[945]: [   10.550000] systemd[1]: Listening on udev Kernel Socket.
Jul 08 06:15:47 witherspoon kernel[945]: [   10.590000] systemd[1]: Started Forward Password Requests to Wall Directory Watch.
Jul 08 06:15:47 witherspoon kernel[945]: [   10.640000] systemd[1]: Listening on Journal Socket (/dev/log).
Jul 08 06:15:47 witherspoon kernel[945]: [   10.690000] systemd[1]: Started Dispatch Password Requests to Console Directory Watch.
Jul 08 06:15:47 witherspoon kernel[945]: [   10.730000] systemd[1]: Reached target Paths.
Jul 08 06:15:47 witherspoon kernel[945]: [   10.780000] systemd[1]: Listening on Journal Socket.
Jul 08 06:15:47 witherspoon kernel[945]: [   13.850000] systemd[1]: Starting Journal Service...
Jul 08 06:15:47 witherspoon kernel[945]: [   14.090000] systemd[1]: Created slice system-op\x2dreset\x2dchassis\x2drunning.slice.
Jul 08 06:15:47 witherspoon kernel[945]: [   14.340000] systemd[1]: dev-hugepages.mount: Couldn't determine result for ConditionVirtualization=!private-users, assuming failed: No such file or directory
Jul 08 06:15:47 witherspoon kernel[945]: [   14.340000] systemd[1]: Created slice system-mapper\x2dwait.slice.
Jul 08 06:15:47 witherspoon kernel[945]: [   14.600000] systemd[1]: Created slice system-org.openbmc.control.Bmc.slice.
Jul 08 06:15:47 witherspoon kernel[945]: [   14.860000] systemd[1]: Created slice system-phosphor\x2dcooling\x2dtype.slice.
Jul 08 06:15:47 witherspoon kernel[945]: [   15.130000] systemd[1]: Created slice system-phosphor\x2dreset\x2dhost\x2drunning.slice.
Jul 08 06:15:47 witherspoon kernel[945]: [   15.410000] systemd[1]: Reached target Slices.
Jul 08 06:15:47 witherspoon kernel[945]: [   15.690000] systemd[1]: Created slice system-obmc\x2dled\x2dgroup\x2dstart.slice.
Jul 08 06:15:47 witherspoon kernel[945]: [   15.980000] systemd[1]: Created slice system-op\x2dreset\x2dchassis\x2don.slice.
Jul 08 06:15:47 witherspoon kernel[945]: [   18.540000] systemd-journald[648]: Received request to flush runtime journal from PID 1
Jul 08 06:15:58 witherspoon systemd[1]: Started Phosphor BMC0 Control.
Jul 08 06:15:58 witherspoon systemd[1]: Started Phosphor IPMI BT DBus Bridge.
Jul 08 06:15:58 witherspoon systemd[1]: Started OpenBMC Software Update Manager.
Jul 08 06:15:58 witherspoon systemd[1]: Started Phosphor Inventory Manager.
Jul 08 06:15:58 witherspoon systemd[1]: Started Phosphor Download Manager.
Jul 08 06:15:58 witherspoon systemd[1]: Started Phosphor Log Manager.
Jul 08 06:15:58 witherspoon systemd[1]: Started Phosphor LED Group Management Daemon.
Jul 08 06:15:59 witherspoon systemd[1]: Starting Avahi mDNS/DNS-SD Stack...
Jul 08 06:15:59 witherspoon systemd[1]: Starting OpenPower Software Update Manager...
Jul 08 06:16:00 witherspoon systemd[1]: Starting Network Service...
Jul 08 06:16:00 witherspoon systemd[1]: Started Phosphor Hwmon Poller.
Jul 08 06:16:00 witherspoon systemd[1]: Starting Phosphor Dump Manager...
Jul 08 06:16:00 witherspoon systemd[1]: Started Clear one time boot overrides.
Jul 08 06:16:01 witherspoon systemd[1]: Started OpenPower Software Update Manager.
Jul 08 06:16:01 witherspoon systemd[1]: Starting Phosphor Version Software Manager...
Jul 08 06:16:02 witherspoon systemd[1]: Started Phosphor Dump Manager.
Jul 08 06:16:03 witherspoon systemd[1]: Started Phosphor Version Software Manager.
Jul 08 06:16:04 witherspoon avahi-daemon[963]: Found user 'avahi' (UID 998) and group 'avahi' (GID 997).
Jul 08 06:16:04 witherspoon avahi-daemon[963]: Successfully dropped root privileges.
Jul 08 06:16:04 witherspoon avahi-daemon[963]: avahi-daemon 0.6.32 starting up.
Jul 08 06:16:04 witherspoon systemd-networkd[965]: Enumeration completed
Jul 08 06:16:04 witherspoon systemd[1]: Started Network Service.
Jul 08 06:16:04 witherspoon systemd[1]: Reached target Network.
Jul 08 06:16:04 witherspoon systemd[1]: Started Lightweight SLP Server.
Jul 08 06:16:05 witherspoon avahi-daemon[963]: Successfully called chroot().
Jul 08 06:16:04 witherspoon systemd-networkd[965]: eth0: IPv6 enabled for interface: Success
Jul 08 06:16:05 witherspoon avahi-daemon[963]: Successfully dropped remaining capabilities.
Jul 08 06:16:04 witherspoon systemd-networkd[965]: eth0: Gained carrier
Jul 08 06:16:05 witherspoon avahi-daemon[963]: Loading service file /services/obmc_console.service.
Jul 08 06:16:04 witherspoon systemd[1]: Starting Permit User Sessions...
Jul 08 06:16:05 witherspoon avahi-daemon[963]: Loading service file /services/phosphor_rest.service.
Jul 08 06:16:04 witherspoon systemd-timesyncd[886]: Network configuration changed, trying to establish connection.
Jul 08 06:16:05 witherspoon avahi-daemon[963]: Loading service file /services/sftp-ssh.service.
Jul 08 06:16:05 witherspoon systemd[1]: Started Avahi mDNS/DNS-SD Stack.
Jul 08 06:16:05 witherspoon avahi-daemon[963]: Loading service file /services/sftp.service.
Jul 08 06:16:05 witherspoon systemd[1]: Started Permit User Sessions.
Jul 08 06:16:05 witherspoon systemd[1]: Started Serial Getty on ttyS4.
Jul 08 06:16:05 witherspoon systemd[1]: Reached target Login Prompts.
Jul 08 06:16:05 witherspoon systemd[1]: Reached target Multi-User System.
Jul 08 06:16:05 witherspoon avahi-daemon[963]: Loading service file /services/ssh.service.
Jul 08 06:16:05 witherspoon avahi-daemon[963]: Joining mDNS multicast group on interface eth0.IPv6 with address fe80::72e2:84ff:fe14:23e1.
Jul 08 06:16:05 witherspoon avahi-daemon[963]: New relevant interface eth0.IPv6 for mDNS.
Jul 08 06:16:05 witherspoon avahi-daemon[963]: Joining mDNS multicast group on interface eth0.IPv4 with address 9.3.86.161.
Jul 08 06:16:05 witherspoon avahi-daemon[963]: New relevant interface eth0.IPv4 for mDNS.
Jul 08 06:16:05 witherspoon avahi-daemon[963]: Network interface enumeration completed.
Jul 08 06:16:05 witherspoon avahi-daemon[963]: Registering new address record for fe80::72e2:84ff:fe14:23e1 on eth0.*.
Jul 08 06:16:05 witherspoon avahi-daemon[963]: Registering new address record for 9.3.86.161 on eth0.IPv4.
Jul 08 06:16:06 witherspoon systemd-networkd[965]: eth0: Gained IPv6LL
Jul 08 06:16:06 witherspoon avahi-daemon[963]: Server startup complete. Host name is witherspoon.local. Local service cookie is 4102046224.
Jul 08 06:16:07 witherspoon avahi-daemon[963]: Service "witherspoon" (/services/ssh.service) successfully established.
Jul 08 06:16:07 witherspoon avahi-daemon[963]: Service "sftp" (/services/sftp.service) successfully established.
Jul 08 06:16:07 witherspoon avahi-daemon[963]: Service "witherspoon" (/services/sftp-ssh.service) successfully established.
Jul 08 06:16:07 witherspoon avahi-daemon[963]: Service "phosphor_rest" (/services/phosphor_rest.service) successfully established.
Jul 08 06:16:07 witherspoon avahi-daemon[963]: Service "obmc_console" (/services/obmc_console.service) successfully established.
Jul 08 06:16:07 witherspoon kernel: ftgmac100 1e660000.ethernet eth0: NCSI interface up
Jul 08 06:16:07 witherspoon kernel[945]: [   50.170000] ftgmac100 1e660000.ethernet eth0: NCSI interface up
Jul 08 06:16:12 witherspoon systemd[1]: Started Phosphor Download Manager.
Jul 08 06:16:12 witherspoon download_manager.py[927]: Running Download Manager
Jul 08 06:16:13 witherspoon chassis_control.py[931]: Running ChassisControlService
Jul 08 06:16:13 witherspoon systemd[1]: Started Phosphor Chassis0 Control.
Jul 08 06:16:13 witherspoon sensor_manager2.py[957]: Setting boot count to 3
Jul 08 06:16:13 witherspoon sensor_manager2.py[957]: Deleting OCC device
Jul 08 06:16:14 witherspoon inventory_items.py[947]: Loading from cache: /var/cache/obmc/org.openbmc.inventory.system.chassis.motherboard.apss@org.openbmc.InventoryItem.props
Jul 08 06:16:14 witherspoon sensor_manager2.py[957]: sh: /sys/class/i2c-adapter/i2c-3/3-0050/online: No such file or directory
Jul 08 06:16:14 witherspoon systemd[1]: Started Phosphor Sensor Manager.
Jul 08 06:16:14 witherspoon inventory_items.py[947]: Loading from cache: /var/cache/obmc/org.openbmc.inventory.system.chassis.motherboard@org.openbmc.InventoryItem.props
Jul 08 06:16:14 witherspoon inventory_items.py[947]: Loading from cache: /var/cache/obmc/org.openbmc.inventory.system.chassis.motherboard.refclock@org.openbmc.InventoryItem.props
Jul 08 06:16:14 witherspoon inventory_items.py[947]: Loading from cache: /var/cache/obmc/org.openbmc.inventory.system.chassis.motherboard.cpu1.core7@org.openbmc.InventoryItem.props
Jul 08 06:16:14 witherspoon inventory_items.py[947]: Loading from cache: /var/cache/obmc/org.openbmc.inventory.system.chassis.motherboard.cpu1.core4@org.openbmc.InventoryItem.props
Jul 08 06:16:14 witherspoon inventory_items.py[947]: Loading from cache: /var/cache/obmc/org.openbmc.inventory.system.chassis.motherboard.cpu1.core1@org.openbmc.InventoryItem.props
Jul 08 06:16:14 witherspoon inventory_items.py[947]: Loading from cache: /var/cache/obmc/org.openbmc.inventory.system.chassis.motherboard.cpu1.core10@org.openbmc.InventoryItem.props
Jul 08 06:16:14 witherspoon sensor_manager2.py[957]: Deleting OCC device
Jul 08 06:16:14 witherspoon sensor_manager2.py[957]: sh: /sys/class/i2c-adapter/i2c-3/3-0050/online: No such file or directory
Jul 08 06:16:14 witherspoon sensor_manager2.py[957]: Starting sensor manager
Jul 08 06:16:14 witherspoon inventory_items.py[947]: Loading from cache: /var/cache/obmc/org.openbmc.inventory.system.chassis.motherboard.todclock@org.openbmc.InventoryItem.props
Jul 08 06:16:14 witherspoon inventory_items.py[947]: Loading from cache: /var/cache/obmc/org.openbmc.inventory.system.chassis.motherboard.cpu1@org.openbmc.InventoryItem.props
Jul 08 06:16:14 witherspoon inventory_items.py[947]: Loading from cache: /var/cache/obmc/org.openbmc.inventory.system.chassis.motherboard.bmc@org.openbmc.InventoryItem.props
Jul 08 06:16:14 witherspoon inventory_items.py[947]: Caching: /org/openbmc/inventory/system/chassis/motherboard/bmc
Jul 08 06:16:14 witherspoon inventory_items.py[947]: Loading from cache: /var/cache/obmc/org.openbmc.inventory.system.chassis.motherboard.cpu0.core1@org.openbmc.InventoryItem.props
Jul 08 06:16:14 witherspoon inventory_items.py[947]: Loading from cache: /var/cache/obmc/org.openbmc.inventory.system.chassis.motherboard.cpu0.core7@org.openbmc.InventoryItem.props
Jul 08 06:16:14 witherspoon inventory_items.py[947]: Loading from cache: /var/cache/obmc/org.openbmc.inventory.system.chassis.motherboard.cpu0.core4@org.openbmc.InventoryItem.props
Jul 08 06:16:14 witherspoon inventory_items.py[947]: Loading from cache: /var/cache/obmc/org.openbmc.inventory.system.chassis.motherboard.pcieclock@org.openbmc.InventoryItem.props
Jul 08 06:16:15 witherspoon phosphor-mapper[929]: ObjectMapper startup complete.  Discovery in progress...
Jul 08 06:16:15 witherspoon inventory_items.py[947]: Loading from cache: /var/cache/obmc/org.openbmc.inventory.system.chassis.motherboard.cpu0.core10@org.openbmc.InventoryItem.props
Jul 08 06:16:15 witherspoon systemd[1]: Started Phosphor Inventory Manager.
Jul 08 06:16:15 witherspoon inventory_items.py[947]: Running Inventory Manager
Jul 08 06:16:15 witherspoon systemd[1]: Created slice system-dropbear.slice.
Jul 08 06:16:15 witherspoon systemd[1]: Started SSH Per-Connection Server (9.41.165.94:50428).
Jul 08 06:16:15 witherspoon dropbear[984]: Failed loading /etc/dropbear/dropbear_dss_host_key
Jul 08 06:16:15 witherspoon dropbear[984]: Failed loading /etc/dropbear/dropbear_ecdsa_host_key
Jul 08 06:16:15 witherspoon dropbear[984]: Child connection from ::ffff:9.41.165.94:50428
Jul 08 06:16:16 witherspoon systemd[1]: Started Phosphor User Manager.
Jul 08 06:16:16 witherspoon avahi-daemon[976]: ../../avahi-0.6.32/avahi-daemon/chroot.c: open() failed: No such file or directory
Jul 08 06:16:16 witherspoon avahi-daemon[963]: Failed to open /usr/share/dbus-1/interfaces/org.freedesktop.Avahi.Server.xml: Invalid argument
Jul 08 06:16:16 witherspoon avahi-daemon[963]: Failed to load introspection data.
Jul 08 06:16:16 witherspoon obmc-phosphor-userd[932]: Started
Jul 08 06:16:17 witherspoon dropbear[984]: PAM password auth succeeded for 'root' from ::ffff:9.41.165.94:50428
Jul 08 06:16:17 witherspoon dropbear[985]: lastlog_perform_login: Couldn't stat /var/log/lastlog: No such file or directory
Jul 08 06:16:17 witherspoon dropbear[985]: lastlog_openseek: /var/log/lastlog is not a file or directory!
Jul 08 06:16:19 witherspoon systemd-networkd[965]: eth0: Configured
Jul 08 06:16:19 witherspoon systemd-timesyncd[886]: Network configuration changed, trying to establish connection.
Jul 08 06:16:19 witherspoon systemd[1]: Started Phosphor Network Manager.
Jul 08 06:16:19 witherspoon netman.py[943]: Started
Jul 08 06:16:31 witherspoon phosphor-mapper[929]: ObjectMapper discovery complete
Jul 08 06:16:31 witherspoon systemd[1]: Started Phosphor DBus Service Discovery Manager.
Jul 08 06:16:31 witherspoon systemd[1]: Reached target Phosphor Object Mapper.
Jul 08 06:16:31 witherspoon systemd[1]: Starting Wait for /xyz/openbmc_project/state/host0...
Jul 08 06:16:31 witherspoon systemd[1]: Starting Wait for /xyz/openbmc_project/inventory...
Jul 08 06:16:31 witherspoon systemd[1]: Starting Wait for /org/openbmc/control/flash/bios...
Jul 08 06:16:31 witherspoon systemd[1]: Starting Wait for /org/openbmc/managers/System...
Jul 08 06:16:31 witherspoon systemd[1]: Starting Wait for /org/openbmc/managers/Download...
Jul 08 06:16:31 witherspoon systemd[1]: Starting Wait for /org/openbmc/control/bmc0...
Jul 08 06:16:31 witherspoon systemd[1]: Starting Wait for /org/openbmc/sensors...
Jul 08 06:16:32 witherspoon systemd[1]: Started Phosphor DBus Monitor.
Jul 08 06:16:32 witherspoon systemd[1]: Starting Wait for /xyz/openbmc_project/control/host0...
Jul 08 06:16:32 witherspoon systemd[1]: Reached target Webserver (pre).
Jul 08 06:16:32 witherspoon systemd[1]: Started Phosphor Webserver.
Jul 08 06:16:32 witherspoon systemd[1]: Starting Phosphor Settings Manager...
Jul 08 06:16:32 witherspoon systemd[1]: Starting Wait for /org/openbmc/NetworkManager/Interface...
Jul 08 06:16:32 witherspoon systemd[1]: Starting Wait for /xyz/openbmc_project/led/groups...
Jul 08 06:16:32 witherspoon systemd[1]: Starting Wait for /org/openbmc/control/power0...
Jul 08 06:16:32 witherspoon systemd[1]: Starting Wait for /xyz/openbmc_project/led/groups/bmc_booted...
Jul 08 06:16:32 witherspoon systemd[1]: Starting Wait for /xyz/openbmc_project/state/chassis0...
Jul 08 06:16:32 witherspoon systemd[1]: Starting Phoshpor System Manager...
Jul 08 06:16:34 witherspoon systemd[1]: Started Wait for /org/openbmc/NetworkManager/Interface.
Jul 08 06:16:34 witherspoon systemd[1]: Started Phosphor DNS Settings Cache Manager.
Jul 08 06:16:34 witherspoon systemd[1]: Started Wait for /xyz/openbmc_project/led/groups.
Jul 08 06:16:34 witherspoon systemd[1]: Started FRU Fault monitor service.
Jul 08 06:16:34 witherspoon systemd[1]: Started Wait for /xyz/openbmc_project/led/groups/bmc_booted.
Jul 08 06:16:34 witherspoon systemd[1]: Starting Assert bmc_booted LED...
Jul 08 06:16:35 witherspoon systemd[1]: Started Wait for /org/openbmc/control/bmc0.
Jul 08 06:16:35 witherspoon systemd[1]: Started Wait for /org/openbmc/managers/Download.
Jul 08 06:16:35 witherspoon systemd[1]: Starting Phosphor BIOS Code Update...
Jul 08 06:16:35 witherspoon systemd[1]: Starting Phosphor BMC Code Update...
Jul 08 06:16:35 witherspoon systemd[1]: Started Wait for /xyz/openbmc_project/inventory.
Jul 08 06:16:36 witherspoon systemd[1]: Started Phosphor Cooling Type.
Jul 08 06:16:36 witherspoon systemd[1]: Starting Read OpenPOWER-format VPD from EEPROM...
Jul 08 06:16:36 witherspoon systemd[1]: Starting OpenPOWER OCC controller...
Jul 08 06:16:37 witherspoon systemd[1]: Started Phosphor BIOS Code Update.
Jul 08 06:16:37 witherspoon systemd[1]: Started Wait for /org/openbmc/sensors.
Jul 08 06:16:37 witherspoon systemd[1]: Started Phosphor Hwmon Poller.
Jul 08 06:16:38 witherspoon systemd[1]: Started Assert bmc_booted LED.
Jul 08 06:16:40 witherspoon systemd[1]: Started OpenPOWER OCC controller.
Jul 08 06:16:42 witherspoon systemd[1]: Started Wait for /org/openbmc/control/flash/bios.
Jul 08 06:16:42 witherspoon systemd[1]: Started Initialize BIOS Flash.
Jul 08 06:16:46 witherspoon flash_bios.exe[1015]: Starting flasher: bios,,/org/openbmc/control/flash/bios,
Jul 08 06:16:46 witherspoon flash_bios.exe[1015]: flasher: , BMC = 1, address = 0x0
Jul 08 06:16:46 witherspoon flash_bios.exe[1015]: Setting up flash
Jul 08 06:16:46 witherspoon flash_bios.exe[1015]: Starting flasher: bios,,/org/openbmc/control/flash/bios,
Jul 08 06:16:46 witherspoon flash_bios.exe[1015]: flasher: , BMC = 1, address = 0x0
Jul 08 06:16:46 witherspoon flash_bios.exe[1015]: Setting up flash
Jul 08 06:16:48 witherspoon system_manager.py[1007]: Running System State: BASE_APPS
Jul 08 06:16:48 witherspoon system_manager.py[1007]: SystemManager Init Done
Jul 08 06:16:48 witherspoon system_manager.py[1007]: Running SystemManager
Jul 08 06:16:48 witherspoon systemd[1]: Started Phoshpor System Manager.
Jul 08 06:16:48 witherspoon system_manager.py[1007]: SystemManager Goto System State: BMC_STARTING
Jul 08 06:16:48 witherspoon system_manager.py[1007]: Running System State: BMC_STARTING
Jul 08 06:16:48 witherspoon settings_manager.py[1001]: Running HostSettingsService
Jul 08 06:16:48 witherspoon systemd[1]: Started Phosphor Settings Manager.
Jul 08 06:16:48 witherspoon systemd[1]: Starting Wait for /org/openbmc/settings/host0...
Jul 08 06:16:50 witherspoon hwmon.py[1026]: Starting HWMON sensors
Jul 08 06:16:50 witherspoon systemd[1]: Started Read OpenPOWER-format VPD from EEPROM.
Jul 08 06:16:51 witherspoon systemd[1]: Started Wait for /org/openbmc/settings/host0.
Jul 08 06:16:51 witherspoon systemd[1]: Started Phosphor Inband IPMI.
Jul 08 06:16:51 witherspoon systemd[1]: Started Wait for /org/openbmc/managers/System.
Jul 08 06:16:51 witherspoon systemd[1]: Starting Phosphor Chassis State Manager...
Jul 08 06:16:51 witherspoon systemd[1]: Starting Phosphor Power Button0...
Jul 08 06:16:51 witherspoon systemd[1]: Starting Phosphor Reset Button0...
Jul 08 06:16:51 witherspoon systemd[1]: Starting Phosphor BMC State Manager...
Jul 08 06:16:51 witherspoon systemd[1]: Starting Phosphor Host State Manager...
Jul 08 06:16:51 witherspoon systemd[1]: Starting Phosphor Power0 Control...
Jul 08 06:16:53 witherspoon bmc_update.py[1016]: Running Bmc Flash Control
Jul 08 06:16:53 witherspoon systemd[1]: Started Phosphor BMC Code Update.
Jul 08 06:16:53 witherspoon phosphor-host-state-manager[1052]: Initial Host State will be Off
Jul 08 06:16:53 witherspoon systemd[1]: Started Phosphor Host State Manager.
Jul 08 06:16:53 witherspoon phosphor-bmc-state-manager[1051]: Setting the BMCState field
Jul 08 06:16:53 witherspoon phosphor-bmc-state-manager[1051]: Setting the BMCState field
Jul 08 06:16:53 witherspoon systemd[1]: Started Phosphor BMC State Manager.
Jul 08 06:16:53 witherspoon button_reset.exe[1050]: GPIO Lookup:  RESET_BUTTON = 353,both
Jul 08 06:16:54 witherspoon system_manager.py[1007]: New object: /org/openbmc/control/power0 (:1.65)
Jul 08 06:16:54 witherspoon systemd[1]: Started Phosphor Reset Button0.
Jul 08 06:16:54 witherspoon button_power.exe[1049]: GPIO Lookup:  POWER_BUTTON = 347,both
Jul 08 06:16:54 witherspoon systemd[1]: Started Phosphor Power Button0.
Jul 08 06:16:54 witherspoon system_manager.py[1007]: Power GPIO config: ['SYS_PWROK_BUFF', '', [('SOFTWARE_PGOOD', True), ('BMC_POWER_UP', True)], [('BMC_CP0_RESET_N', False)], [], 'FSI_DATA', 'FSI_CLK', 'FSI_ENABLE', 'CRONUS_SEL', []]
Jul 08 06:16:54 witherspoon power_control.exe[1054]: Power GPIO latch output:
Jul 08 06:16:54 witherspoon power_control.exe[1054]: Power GPIO power good input: SYS_PWROK_BUFF
Jul 08 06:16:54 witherspoon power_control.exe[1054]: Power GPIO 2 power_up outputs
Jul 08 06:16:54 witherspoon power_control.exe[1054]: Power GPIO power_up[0] = SOFTWARE_PGOOD active HIGH
Jul 08 06:16:54 witherspoon power_control.exe[1054]: Power GPIO power_up[1] = BMC_POWER_UP active HIGH
Jul 08 06:16:54 witherspoon power_control.exe[1054]: Power GPIO 1 reset outputs
Jul 08 06:16:54 witherspoon power_control.exe[1054]: Power GPIO reset[0] = BMC_CP0_RESET_N active LOW
Jul 08 06:16:54 witherspoon power_control.exe[1054]: Power GPIO 0 pci reset outputs
Jul 08 06:16:54 witherspoon power_control.exe[1054]: FSI DATA GPIO: FSI_DATA
Jul 08 06:16:54 witherspoon power_control.exe[1054]: FSI CLK GPIO: FSI_CLK
Jul 08 06:16:54 witherspoon power_control.exe[1054]: FSI ENABLE GPIO: FSI_ENABLE
Jul 08 06:16:54 witherspoon power_control.exe[1054]: CRONUS SEL GPIO: CRONUS_SEL
Jul 08 06:16:54 witherspoon power_control.exe[1054]: Hostctl GPIO optionals: 0
Jul 08 06:16:54 witherspoon phosphor-chassis-state-manager[1048]: Initial Chassis State will be Off
Jul 08 06:16:54 witherspoon systemd[1]: Started Phosphor Chassis State Manager.
Jul 08 06:16:54 witherspoon power_control.exe[1054]: GPIO Lookup:  SYS_PWROK_BUFF = 306,in
Jul 08 06:16:55 witherspoon power_control.exe[1054]: GPIO Lookup:  SOFTWARE_PGOOD = 417,out
Jul 08 06:16:55 witherspoon power_control.exe[1054]: GPIO Lookup:  BMC_POWER_UP = 305,out
Jul 08 06:16:55 witherspoon power_control.exe[1054]: GPIO Lookup:  BMC_CP0_RESET_N = 281,out
Jul 08 06:16:55 witherspoon power_control.exe[1054]: Pgood state: 0
Jul 08 06:16:55 witherspoon systemd[1]: Started Phosphor Power0 Control.
Jul 08 06:17:01 witherspoon system_manager.py[1007]: SystemManager Goto System State: BMC_READY
Jul 08 06:17:01 witherspoon system_manager.py[1007]: Running System State: BMC_READY
Jul 08 06:17:01 witherspoon systemd[1]: Started Wait for /xyz/openbmc_project/state/host0.
Jul 08 06:17:01 witherspoon systemd[1]: Started Wait for /xyz/openbmc_project/control/host0.
Jul 08 06:17:01 witherspoon systemd[1]: Started Wait for /org/openbmc/control/power0.
Jul 08 06:17:01 witherspoon systemd[1]: Started Wait for /xyz/openbmc_project/state/chassis0.
Jul 08 06:17:01 witherspoon systemd[1]: Starting Reboot If Enabled...
Jul 08 06:17:01 witherspoon systemd[1]: Starting Check Chassis0 pgood and create a file to indicate it...
Jul 08 06:17:01 witherspoon systemd[1]: Starting Phosphor Time Manager daemon...
Jul 08 06:17:02 witherspoon systemd[1]: Started Check Chassis0 pgood and create a file to indicate it.
Jul 08 06:17:02 witherspoon systemd[1]: Reached target Chassis0 power on after reset.
Jul 08 06:17:02 witherspoon systemd[1]: Reached target Host0 running after reset.
Jul 08 06:17:02 witherspoon systemd[1]: Reached target Host0 (Reset Check).
Jul 08 06:17:02 witherspoon systemd[1]: Reached target Chassis0 (Reset Check).
Jul 08 06:17:03 witherspoon phosphor-discover-system-state[1080]: Host power is off, checking power policy
Jul 08 06:17:03 witherspoon systemd[1]: Started Reboot If Enabled.
Jul 08 06:17:03 witherspoon timemanager[1082]: Registering dbus methods
Jul 08 06:17:03 witherspoon timemanager[1082]: Last known time_mode: NTP
Jul 08 06:17:03 witherspoon timemanager[1082]: Last known time_owner: BMC
Jul 08 06:17:03 witherspoon timemanager[1082]: Empty DhcpNtp string
Jul 08 06:17:03 witherspoon timemanager[1082]: Reading Power Control key: pgood
Jul 08 06:17:03 witherspoon timemanager[1082]: Changing settings *allowed* now
Jul 08 06:17:03 witherspoon timemanager[1082]: Getting System Settings: time_mode
Jul 08 06:17:03 witherspoon timemanager[1082]: Requested_Mode: NTP Current_Mode: NTP
Jul 08 06:17:03 witherspoon timemanager[1082]: Mode is already set to : NTP
Jul 08 06:17:03 witherspoon timemanager[1082]: Getting System Settings: time_owner
Jul 08 06:17:03 witherspoon timemanager[1082]: Owner is already set to : BMC
Jul 08 06:17:03 witherspoon timemanager[1082]: Getting System Settings: use_dhcp_ntp
Jul 08 06:17:03 witherspoon timemanager[1082]: use_dhcp_ntp = yes
Jul 08 06:17:03 witherspoon timemanager[1082]: Last known host_offset:0
Jul 08 06:17:03 witherspoon timemanager[1082]: Initial Uptime Usec: 1499494517637102
Jul 08 06:17:03 witherspoon systemd[1]: Started Phosphor Time Manager daemon.
Jul 08 06:17:03 witherspoon systemd[1]: Reached target Phosphor System - Standby.
Jul 08 06:17:03 witherspoon systemd[1]: Startup finished in 8.451s (kernel) + 1min 37.762s (userspace) = 1min 46.214s.
Jul 08 06:17:03 witherspoon phosphor-bmc-state-manager[1051]: BMC_READY
Jul 08 06:17:03 witherspoon phosphor-bmc-state-manager[1051]: Setting the BMCState field
Jul 08 06:17:12 witherspoon phosphor-gevent[1000]: Traceback (most recent call last):
Jul 08 06:17:12 witherspoon phosphor-gevent[1000]:   File "/usr/lib/python2.7/site-packages/gevent/greenlet.py", line 327, in run
Jul 08 06:17:12 witherspoon phosphor-gevent[1000]:     result = self._run(*self.args, **self.kwargs)
Jul 08 06:17:12 witherspoon phosphor-gevent[1000]:   File "/usr/lib/python2.7/site-packages/gevent/server.py", line 102, in wrap_socket_and_handle
Jul 08 06:17:12 witherspoon phosphor-gevent[1000]:     ssl_socket = self.wrap_socket(client_socket, **self.ssl_args)
Jul 08 06:17:12 witherspoon phosphor-gevent[1000]:   File "/usr/lib/python2.7/site-packages/gevent/ssl.py", line 404, in wrap_socket
Jul 08 06:17:12 witherspoon phosphor-gevent[1000]:     ciphers=ciphers)
Jul 08 06:17:12 witherspoon phosphor-gevent[1000]:   File "/usr/lib/python2.7/site-packages/gevent/ssl.py", line 113, in __init__
Jul 08 06:17:12 witherspoon phosphor-gevent[1000]:     self.do_handshake()
Jul 08 06:17:12 witherspoon phosphor-gevent[1000]:   File "/usr/lib/python2.7/site-packages/gevent/ssl.py", line 324, in do_handshake
Jul 08 06:17:12 witherspoon phosphor-gevent[1000]:     return self._sslobj.do_handshake()
Jul 08 06:17:12 witherspoon phosphor-gevent[1000]: SSLEOFError: EOF occurred in violation of protocol (_ssl.c:590)
Jul 08 06:17:12 witherspoon phosphor-gevent[1000]: <Greenlet at 0x75fd53f0: <bound method WSGIServer.wrap_socket_and_handle of <WSGIServer at 0x75fabb50 fileno=5 address=('::34f2:eb76:b0cd:6176%1986121120', 443, 0, 1986121120)>>(<socket at 0x75e82830 fileno=9>, ('::80d9:5f76:8e91:f402%1995103004', 33584, 0, 199)> failed with SSLEOFError
Jul 08 06:17:13 witherspoon phosphor-gevent[1000]: Traceback (most recent call last):
Jul 08 06:17:13 witherspoon phosphor-gevent[1000]:   File "/usr/lib/python2.7/site-packages/gevent/greenlet.py", line 327, in run
Jul 08 06:17:13 witherspoon phosphor-gevent[1000]:     result = self._run(*self.args, **self.kwargs)
Jul 08 06:17:13 witherspoon phosphor-gevent[1000]:   File "/usr/lib/python2.7/site-packages/gevent/server.py", line 102, in wrap_socket_and_handle
Jul 08 06:17:13 witherspoon phosphor-gevent[1000]:     ssl_socket = self.wrap_socket(client_socket, **self.ssl_args)
Jul 08 06:17:13 witherspoon phosphor-gevent[1000]:   File "/usr/lib/python2.7/site-packages/gevent/ssl.py", line 404, in wrap_socket
Jul 08 06:17:13 witherspoon phosphor-gevent[1000]:     ciphers=ciphers)
Jul 08 06:17:13 witherspoon phosphor-gevent[1000]:   File "/usr/lib/python2.7/site-packages/gevent/ssl.py", line 113, in __init__
Jul 08 06:17:13 witherspoon phosphor-gevent[1000]:     self.do_handshake()
Jul 08 06:17:13 witherspoon phosphor-gevent[1000]:   File "/usr/lib/python2.7/site-packages/gevent/ssl.py", line 324, in do_handshake
Jul 08 06:17:13 witherspoon phosphor-gevent[1000]:     return self._sslobj.do_handshake()
Jul 08 06:17:13 witherspoon phosphor-gevent[1000]: SSLEOFError: EOF occurred in violation of protocol (_ssl.c:590)
Jul 08 06:17:13 witherspoon phosphor-gevent[1000]: <Greenlet at 0x75fd56c0: <bound method WSGIServer.wrap_socket_and_handle of <WSGIServer at 0x75fabb50 fileno=5 address=('::34f2:eb76:b0cd:6176%1986121120', 443, 0, 1986121120)>>(<socket at 0x75e827d0 fileno=10>, ('::80d9:5f76:8e91:f402%1995103004', 33586, 0, 199)> failed with SSLEOFError
Jul 08 06:17:13 witherspoon phosphor-gevent[1000]: Traceback (most recent call last):
Jul 08 06:17:13 witherspoon phosphor-gevent[1000]:   File "/usr/lib/python2.7/site-packages/gevent/greenlet.py", line 327, in run
Jul 08 06:17:13 witherspoon phosphor-gevent[1000]:     result = self._run(*self.args, **self.kwargs)
Jul 08 06:17:13 witherspoon phosphor-gevent[1000]:   File "/usr/lib/python2.7/site-packages/gevent/server.py", line 102, in wrap_socket_and_handle
Jul 08 06:17:13 witherspoon phosphor-gevent[1000]:     ssl_socket = self.wrap_socket(client_socket, **self.ssl_args)
Jul 08 06:17:13 witherspoon phosphor-gevent[1000]:   File "/usr/lib/python2.7/site-packages/gevent/ssl.py", line 404, in wrap_socket
Jul 08 06:17:13 witherspoon phosphor-gevent[1000]:     ciphers=ciphers)
Jul 08 06:17:13 witherspoon phosphor-gevent[1000]:   File "/usr/lib/python2.7/site-packages/gevent/ssl.py", line 113, in __init__
Jul 08 06:17:13 witherspoon phosphor-gevent[1000]:     self.do_handshake()
Jul 08 06:17:13 witherspoon phosphor-gevent[1000]:   File "/usr/lib/python2.7/site-packages/gevent/ssl.py", line 324, in do_handshake
Jul 08 06:17:13 witherspoon phosphor-gevent[1000]:     return self._sslobj.do_handshake()
Jul 08 06:17:13 witherspoon phosphor-gevent[1000]: SSLEOFError: EOF occurred in violation of protocol (_ssl.c:590)
Jul 08 06:17:13 witherspoon phosphor-gevent[1000]: <Greenlet at 0x75fd53a0: <bound method WSGIServer.wrap_socket_and_handle of <WSGIServer at 0x75fabb50 fileno=5 address=('::34f2:eb76:b0cd:6176%1986121120', 443, 0, 1986121120)>>(<socket at 0x75e82870 fileno=11>, ('::80d9:5f76:8e91:f402%1995103004', 33588, 0, 199)> failed with SSLEOFError
Jul 08 06:17:31 witherspoon phosphor-gevent[1000]: ::80d9:5f76:8e91:f402%1995103004 - - [2017-07-08 06:17:31] "POST /login HTTP/1.1" 200 320 0.055776
Jul 08 06:17:31 witherspoon phosphor-gevent[1000]: ::80d9:5f76:8e91:f402%1995103004 - - [2017-07-08 06:17:31] "GET /xyz/openbmc_project/state/chassis0//attr/CurrentPowerState HTTP/1.1" 200 216 0.065209
Jul 08 06:17:31 witherspoon phosphor-gevent[1000]: ::80d9:5f76:8e91:f402%1995103004 - - [2017-07-08 06:17:31] "POST /login HTTP/1.1" 200 320 0.033106
Jul 08 06:17:31 witherspoon phosphor-gevent[1000]: ::80d9:5f76:8e91:f402%1995103004 - - [2017-07-08 06:17:31] "GET /xyz/openbmc_project/state/chassis0//attr/CurrentPowerState HTTP/1.1" 200 216 0.048615
Jul 08 06:17:31 witherspoon phosphor-gevent[1000]: ::80d9:5f76:8e91:f402%1995103004 - - [2017-07-08 06:17:31] "POST /login HTTP/1.1" 200 320 0.033020
Jul 08 06:17:32 witherspoon phosphor-gevent[1000]: ::80d9:5f76:8e91:f402%1995103004 - - [2017-07-08 06:17:32] "GET /org/openbmc/sensors/host/BootProgress/attr/value HTTP/1.1" 200 170 0.054226
Jul 08 06:17:32 witherspoon phosphor-gevent[1000]: ::80d9:5f76:8e91:f402%1995103004 - - [2017-07-08 06:17:32] "POST /login HTTP/1.1" 200 320 0.049139
Jul 08 06:17:32 witherspoon phosphor-gevent[1000]: ::80d9:5f76:8e91:f402%1995103004 - - [2017-07-08 06:17:32] "GET /xyz/openbmc_project/state/host0//attr/CurrentHostState HTTP/1.1" 200 212 0.105616
Jul 08 06:17:32 witherspoon phosphor-gevent[1000]: ::80d9:5f76:8e91:f402%1995103004 - - [2017-07-08 06:17:32] "POST /login HTTP/1.1" 200 320 0.033592
Jul 08 06:17:32 witherspoon phosphor-gevent[1000]: ::80d9:5f76:8e91:f402%1995103004 - - [2017-07-08 06:17:32] "GET /xyz/openbmc_project/logging/entry//list HTTP/1.1" 404 311 0.029848
Jul 08 06:17:32 witherspoon dropbear[984]: Exit (root): Error reading: Connection reset by peer
Jul 08 06:17:32 witherspoon systemd[1]: Started SSH Per-Connection Server (9.41.165.94:50446).
Jul 08 06:17:32 witherspoon dropbear[1098]: Failed loading /etc/dropbear/dropbear_dss_host_key
Jul 08 06:17:32 witherspoon dropbear[1098]: Failed loading /etc/dropbear/dropbear_ecdsa_host_key
Jul 08 06:17:32 witherspoon dropbear[1098]: Child connection from ::ffff:9.41.165.94:50446
Jul 08 06:17:33 witherspoon dropbear[1098]: PAM password auth succeeded for 'root' from ::ffff:9.41.165.94:50446
Jul 08 06:17:33 witherspoon dropbear[1099]: lastlog_perform_login: Couldn't stat /var/log/lastlog: No such file or directory
Jul 08 06:17:33 witherspoon dropbear[1099]: lastlog_openseek: /var/log/lastlog is not a file or directory!
Jul 08 06:17:34 witherspoon phosphor-gevent[1000]: ::80d9:5f76:8e91:f402%1995103004 - - [2017-07-08 06:17:34] "POST /login HTTP/1.1" 200 320 0.033299
Jul 08 06:17:34 witherspoon phosphor-gevent[1000]: ::80d9:5f76:8e91:f402%1995103004 - - [2017-07-08 06:17:34] "GET /xyz/openbmc_project/state/host0//attr/CurrentHostState HTTP/1.1" 200 212 0.048878
Jul 08 06:17:35 witherspoon dropbear[1098]: Exit (root): Exited normally
Jul 08 06:17:38 witherspoon systemd[1]: Started SSH Per-Connection Server (9.41.165.94:50450).
Jul 08 06:17:38 witherspoon dropbear[1108]: Failed loading /etc/dropbear/dropbear_dss_host_key
Jul 08 06:17:38 witherspoon dropbear[1108]: Failed loading /etc/dropbear/dropbear_ecdsa_host_key
Jul 08 06:17:38 witherspoon dropbear[1108]: Child connection from ::ffff:9.41.165.94:50450
Jul 08 06:17:39 witherspoon dropbear[1108]: PAM password auth succeeded for 'root' from ::ffff:9.41.165.94:50450
Jul 08 06:17:39 witherspoon dropbear[1109]: lastlog_perform_login: Couldn't stat /var/log/lastlog: No such file or directory
Jul 08 06:17:39 witherspoon dropbear[1109]: lastlog_openseek: /var/log/lastlog is not a file or directory!
Jul 08 06:17:41 witherspoon phosphor-gevent[1000]: ::80d9:5f76:8e91:f402%1995103004 - - [2017-07-08 06:17:41] "POST /login HTTP/1.1" 200 320 0.032828
Jul 08 06:17:41 witherspoon phosphor-gevent[1000]: ::80d9:5f76:8e91:f402%1995103004 - - [2017-07-08 06:17:41] "PUT /org/openbmc/settings/host0/attr/power_policy HTTP/1.1" 200 169 0.176962
Jul 08 06:17:41 witherspoon phosphor-gevent[1000]: ::80d9:5f76:8e91:f402%1995103004 - - [2017-07-08 06:17:41] "POST /login HTTP/1.1" 200 320 0.079750
Jul 08 06:17:41 witherspoon phosphor-gevent[1000]: ::80d9:5f76:8e91:f402%1995103004 - - [2017-07-08 06:17:41] "GET /org/openbmc/settings/host0/attr/power_policy HTTP/1.1" 200 185 0.074339
Jul 08 06:17:41 witherspoon systemd[1]: Started SSH Per-Connection Server (9.41.165.94:50456).
Jul 08 06:17:41 witherspoon dropbear[1115]: Failed loading /etc/dropbear/dropbear_dss_host_key
Jul 08 06:17:41 witherspoon dropbear[1115]: Failed loading /etc/dropbear/dropbear_ecdsa_host_key
Jul 08 06:17:41 witherspoon dropbear[1115]: Child connection from ::ffff:9.41.165.94:50456
Jul 08 06:17:42 witherspoon dropbear[1115]: PAM password auth succeeded for 'root' from ::ffff:9.41.165.94:50456
Jul 08 06:17:42 witherspoon dropbear[1116]: lastlog_perform_login: Couldn't stat /var/log/lastlog: No such file or directory
Jul 08 06:17:42 witherspoon dropbear[1116]: lastlog_openseek: /var/log/lastlog is not a file or directory!
Jul 08 06:17:43 witherspoon phosphor-gevent[1000]: ::80d9:5f76:8e91:f402%1995103004 - - [2017-07-08 06:17:43] "POST /login HTTP/1.1" 200 320 0.034402
Jul 08 06:17:43 witherspoon phosphor-gevent[1000]: ::80d9:5f76:8e91:f402%1995103004 - - [2017-07-08 06:17:43] "GET /xyz/openbmc_project/state/chassis0//attr/CurrentPowerState HTTP/1.1" 200 216 0.060837
Jul 08 06:17:44 witherspoon phosphor-gevent[1000]: ::80d9:5f76:8e91:f402%1995103004 - - [2017-07-08 06:17:44] "POST /login HTTP/1.1" 200 320 0.032727
Jul 08 06:17:44 witherspoon phosphor-gevent[1000]: ::80d9:5f76:8e91:f402%1995103004 - - [2017-07-08 06:17:44] "GET /xyz/openbmc_project/state/bmc0//attr/CurrentBMCState HTTP/1.1" 200 212 0.049636
Jul 08 06:17:44 witherspoon phosphor-gevent[1000]: ::80d9:5f76:8e91:f402%1995103004 - - [2017-07-08 06:17:44] "POST /login HTTP/1.1" 200 320 0.033087
Jul 08 06:17:44 witherspoon phosphor-gevent[1000]: ::80d9:5f76:8e91:f402%1995103004 - - [2017-07-08 06:17:44] "GET /org/openbmc/sensors/host/BootProgress/attr/value HTTP/1.1" 200 170 0.054738
Jul 08 06:17:44 witherspoon phosphor-gevent[1000]: ::80d9:5f76:8e91:f402%1995103004 - - [2017-07-08 06:17:44] "POST /login HTTP/1.1" 200 320 0.039696
Jul 08 06:17:44 witherspoon phosphor-gevent[1000]: ::80d9:5f76:8e91:f402%1995103004 - - [2017-07-08 06:17:44] "GET /xyz/openbmc_project/state/host0//attr/CurrentHostState HTTP/1.1" 200 212 0.050954
Jul 08 06:17:44 witherspoon phosphor-gevent[1000]: ::80d9:5f76:8e91:f402%1995103004 - - [2017-07-08 06:17:44] "POST /login HTTP/1.1" 200 320 0.051673
Jul 08 06:17:45 witherspoon phosphor-gevent[1000]: ::80d9:5f76:8e91:f402%1995103004 - - [2017-07-08 06:17:45] "GET /xyz/openbmc_project/logging/entry//list HTTP/1.1" 404 311 0.039714
Jul 08 06:17:45 witherspoon systemd[1]: Started SSH Per-Connection Server (9.41.165.94:50468).
Jul 08 06:17:45 witherspoon dropbear[1119]: Failed loading /etc/dropbear/dropbear_dss_host_key
Jul 08 06:17:45 witherspoon dropbear[1119]: Failed loading /etc/dropbear/dropbear_ecdsa_host_key
Jul 08 06:17:45 witherspoon dropbear[1119]: Child connection from ::ffff:9.41.165.94:50468
Jul 08 06:17:45 witherspoon dropbear[1119]: PAM password auth succeeded for 'root' from ::ffff:9.41.165.94:50468
Jul 08 06:18:20 witherspoon phosphor-gevent[1000]: ::80d9:5f76:8e91:f402%1995103004 - - [2017-07-08 06:18:20] "POST /login HTTP/1.1" 200 320 0.040481
Jul 08 06:18:20 witherspoon phosphor-gevent[1000]: ::80d9:5f76:8e91:f402%1995103004 - - [2017-07-08 06:18:20] "POST /org/openbmc/control/flash/bios//action/update HTTP/1.1" 200 169 0.367297
Jul 08 06:18:20 witherspoon flash_bios.exe[1015]: Starting flasher: bios,/tmp/witherspoon_20170704n.pnor,/org/openbmc/control/flash/bios,
Jul 08 06:18:20 witherspoon flash_bios.exe[1015]: flasher: /tmp/witherspoon_20170704n.pnor, BMC = 1, address = 0x0
Jul 08 06:18:20 witherspoon flash_bios.exe[1015]: Setting up flash
Jul 08 06:18:21 witherspoon phosphor-gevent[1000]: ::80d9:5f76:8e91:f402%1995103004 - - [2017-07-08 06:18:21] "POST /login HTTP/1.1" 200 320 0.033389
Jul 08 06:18:21 witherspoon phosphor-gevent[1000]: ::80d9:5f76:8e91:f402%1995103004 - - [2017-07-08 06:18:21] "GET /org/openbmc/control/flash/bios HTTP/1.1" 200 323 0.201173
Jul 08 06:18:32 witherspoon phosphor-gevent[1000]: ::80d9:5f76:8e91:f402%1995103004 - - [2017-07-08 06:18:32] "POST /login HTTP/1.1" 200 320 0.033108
Jul 08 06:18:32 witherspoon phosphor-gevent[1000]: ::80d9:5f76:8e91:f402%1995103004 - - [2017-07-08 06:18:32] "GET /org/openbmc/control/flash/bios HTTP/1.1" 200 323 0.065573
Jul 08 06:18:42 witherspoon phosphor-gevent[1000]: ::80d9:5f76:8e91:f402%1995103004 - - [2017-07-08 06:18:42] "POST /login HTTP/1.1" 200 320 0.039256
Jul 08 06:18:42 witherspoon phosphor-gevent[1000]: ::80d9:5f76:8e91:f402%1995103004 - - [2017-07-08 06:18:42] "GET /org/openbmc/control/flash/bios HTTP/1.1" 200 323 0.583052
Jul 08 06:18:53 witherspoon phosphor-gevent[1000]: ::80d9:5f76:8e91:f402%1995103004 - - [2017-07-08 06:18:53] "POST /login HTTP/1.1" 200 320 0.033351
Jul 08 06:18:53 witherspoon phosphor-gevent[1000]: ::80d9:5f76:8e91:f402%1995103004 - - [2017-07-08 06:18:53] "GET /org/openbmc/control/flash/bios HTTP/1.1" 200 323 0.065932
Jul 08 06:19:04 witherspoon phosphor-gevent[1000]: ::80d9:5f76:8e91:f402%1995103004 - - [2017-07-08 06:19:04] "POST /login HTTP/1.1" 200 320 0.033405
Jul 08 06:19:04 witherspoon phosphor-gevent[1000]: ::80d9:5f76:8e91:f402%1995103004 - - [2017-07-08 06:19:04] "GET /org/openbmc/control/flash/bios HTTP/1.1" 200 323 0.069891
Jul 08 06:19:14 witherspoon phosphor-gevent[1000]: ::80d9:5f76:8e91:f402%1995103004 - - [2017-07-08 06:19:14] "POST /login HTTP/1.1" 200 320 0.033522
Jul 08 06:19:14 witherspoon phosphor-gevent[1000]: ::80d9:5f76:8e91:f402%1995103004 - - [2017-07-08 06:19:14] "GET /org/openbmc/control/flash/bios HTTP/1.1" 200 323 0.066046
Jul 08 06:19:24 witherspoon phosphor-gevent[1000]: ::80d9:5f76:8e91:f402%1995103004 - - [2017-07-08 06:19:24] "POST /login HTTP/1.1" 200 320 0.033169
Jul 08 06:19:24 witherspoon phosphor-gevent[1000]: ::80d9:5f76:8e91:f402%1995103004 - - [2017-07-08 06:19:24] "GET /org/openbmc/control/flash/bios HTTP/1.1" 200 323 0.066817
Jul 08 06:19:34 witherspoon phosphor-gevent[1000]: ::80d9:5f76:8e91:f402%1995103004 - - [2017-07-08 06:19:34] "POST /login HTTP/1.1" 200 320 0.033401
Jul 08 06:19:35 witherspoon phosphor-gevent[1000]: ::80d9:5f76:8e91:f402%1995103004 - - [2017-07-08 06:19:35] "GET /org/openbmc/control/flash/bios HTTP/1.1" 200 323 0.073039
Jul 08 06:19:45 witherspoon phosphor-gevent[1000]: ::80d9:5f76:8e91:f402%1995103004 - - [2017-07-08 06:19:45] "POST /login HTTP/1.1" 200 320 0.033292
Jul 08 06:19:45 witherspoon phosphor-gevent[1000]: ::80d9:5f76:8e91:f402%1995103004 - - [2017-07-08 06:19:45] "GET /org/openbmc/control/flash/bios HTTP/1.1" 200 323 0.066811
Jul 08 06:19:55 witherspoon phosphor-gevent[1000]: ::80d9:5f76:8e91:f402%1995103004 - - [2017-07-08 06:19:55] "POST /login HTTP/1.1" 200 320 0.033515
Jul 08 06:19:55 witherspoon phosphor-gevent[1000]: ::80d9:5f76:8e91:f402%1995103004 - - [2017-07-08 06:19:55] "GET /org/openbmc/control/flash/bios HTTP/1.1" 200 323 0.066597
Jul 08 06:20:05 witherspoon phosphor-gevent[1000]: ::80d9:5f76:8e91:f402%1995103004 - - [2017-07-08 06:20:05] "POST /login HTTP/1.1" 200 320 0.033471
Jul 08 06:20:05 witherspoon phosphor-gevent[1000]: ::80d9:5f76:8e91:f402%1995103004 - - [2017-07-08 06:20:05] "GET /org/openbmc/control/flash/bios HTTP/1.1" 200 323 0.066319
Jul 08 06:20:17 witherspoon phosphor-gevent[1000]: ::80d9:5f76:8e91:f402%1995103004 - - [2017-07-08 06:20:17] "POST /login HTTP/1.1" 200 320 0.033399
Jul 08 06:20:17 witherspoon phosphor-gevent[1000]: ::80d9:5f76:8e91:f402%1995103004 - - [2017-07-08 06:20:17] "GET /org/openbmc/control/flash/bios HTTP/1.1" 200 323 0.066019
Jul 08 06:20:27 witherspoon phosphor-gevent[1000]: ::80d9:5f76:8e91:f402%1995103004 - - [2017-07-08 06:20:27] "POST /login HTTP/1.1" 200 320 0.033187
Jul 08 06:20:27 witherspoon phosphor-gevent[1000]: ::80d9:5f76:8e91:f402%1995103004 - - [2017-07-08 06:20:27] "GET /org/openbmc/control/flash/bios HTTP/1.1" 200 323 0.072836
Jul 08 06:20:28 witherspoon phosphor-gevent[1000]: ::80d9:5f76:8e91:f402%1995103004 - - [2017-07-08 06:20:28] "POST /login HTTP/1.1" 200 320 0.033379
Jul 08 06:20:28 witherspoon phosphor-gevent[1000]: ::80d9:5f76:8e91:f402%1995103004 - - [2017-07-08 06:20:28] "GET /xyz/openbmc_project/state/host0//attr/CurrentHostState HTTP/1.1" 200 212 0.049243
Jul 08 06:20:31 witherspoon systemd[1]: Started SSH Per-Connection Server (9.41.165.94:50500).
Jul 08 06:20:32 witherspoon dropbear[1125]: Failed loading /etc/dropbear/dropbear_dss_host_key
Jul 08 06:20:32 witherspoon dropbear[1125]: Failed loading /etc/dropbear/dropbear_ecdsa_host_key
Jul 08 06:20:32 witherspoon dropbear[1125]: Child connection from ::ffff:9.41.165.94:50500
Jul 08 06:20:32 witherspoon dropbear[1125]: PAM password auth succeeded for 'root' from ::ffff:9.41.165.94:50500
Jul 08 06:20:32 witherspoon dropbear[1126]: lastlog_perform_login: Couldn't stat /var/log/lastlog: No such file or directory
Jul 08 06:20:32 witherspoon dropbear[1126]: lastlog_openseek: /var/log/lastlog is not a file or directory!
Jul 08 06:20:34 witherspoon systemd[1]: Started SSH Per-Connection Server (9.41.165.94:50502).
Jul 08 06:20:34 witherspoon dropbear[1132]: Failed loading /etc/dropbear/dropbear_dss_host_key
Jul 08 06:20:34 witherspoon dropbear[1132]: Failed loading /etc/dropbear/dropbear_ecdsa_host_key
Jul 08 06:20:34 witherspoon dropbear[1132]: Child connection from ::ffff:9.41.165.94:50502
Jul 08 06:20:35 witherspoon dropbear[1132]: PAM password auth succeeded for 'root' from ::ffff:9.41.165.94:50502
Jul 08 06:20:37 witherspoon dropbear[1133]: lastlog_perform_login: Couldn't stat /var/log/lastlog: No such file or directory
Jul 08 06:20:37 witherspoon dropbear[1133]: lastlog_openseek: /var/log/lastlog is not a file or directory!
Jul 08 06:20:42 witherspoon systemd[1]: Started SSH Per-Connection Server (9.41.165.94:50504).
Jul 08 06:20:42 witherspoon dropbear[1142]: Failed loading /etc/dropbear/dropbear_dss_host_key
Jul 08 06:20:42 witherspoon dropbear[1142]: Failed loading /etc/dropbear/dropbear_ecdsa_host_key
Jul 08 06:20:42 witherspoon dropbear[1142]: Child connection from ::ffff:9.41.165.94:50504
Jul 08 06:20:43 witherspoon dropbear[1142]: PAM password auth succeeded for 'root' from ::ffff:9.41.165.94:50504
Jul 08 06:20:44 witherspoon phosphor-gevent[1000]: ::80d9:5f76:8e91:f402%1995103004 - - [2017-07-08 06:20:44] "POST /login HTTP/1.1" 200 320 0.033289
Jul 08 06:20:44 witherspoon phosphor-gevent[1000]: ::80d9:5f76:8e91:f402%1995103004 - - [2017-07-08 06:20:44] "GET /xyz/openbmc_project/logging/entry/enumerate HTTP/1.1" 404 311 0.029125
Jul 08 06:20:44 witherspoon phosphor-gevent[1000]: ::80d9:5f76:8e91:f402%1995103004 - - [2017-07-08 06:20:44] "POST /login HTTP/1.1" 200 320 0.032921
Jul 08 06:20:44 witherspoon phosphor-gevent[1000]: ::80d9:5f76:8e91:f402%1995103004 - - [2017-07-08 06:20:44] "GET /org/openbmc/sensors/enumerate HTTP/1.1" 200 1236 0.201610
Jul 08 06:20:46 witherspoon dropbear[1143]: lastlog_perform_login: Couldn't stat /var/log/lastlog: No such file or directory
Jul 08 06:20:46 witherspoon dropbear[1143]: lastlog_openseek: /var/log/lastlog is not a file or directory!
Jul 08 06:20:46 witherspoon phosphor-gevent[1000]: ::80d9:5f76:8e91:f402%1995103004 - - [2017-07-08 06:20:46] "POST /login HTTP/1.1" 200 320 0.033112
Jul 08 06:20:46 witherspoon phosphor-gevent[1000]: ::80d9:5f76:8e91:f402%1995103004 - - [2017-07-08 06:20:46] "GET /xyz/openbmc_project/inventory/enumerate HTTP/1.1" 200 810 0.137401
Jul 08 06:20:46 witherspoon phosphor-gevent[1000]: ::80d9:5f76:8e91:f402%1995103004 - - [2017-07-08 06:20:46] "POST /login HTTP/1.1" 200 320 0.040096
Jul 08 06:20:46 witherspoon phosphor-gevent[1000]: ::80d9:5f76:8e91:f402%1995103004 - - [2017-07-08 06:20:46] "GET /org/openbmc/records/events/enumerate HTTP/1.1" 404 304 0.029004
Jul 08 06:20:47 witherspoon phosphor-gevent[1000]: ::80d9:5f76:8e91:f402%1995103004 - - [2017-07-08 06:20:47] "POST /login HTTP/1.1" 200 320 0.033448
Jul 08 06:20:47 witherspoon phosphor-gevent[1000]: ::80d9:5f76:8e91:f402%1995103004 - - [2017-07-08 06:20:47] "GET /org/openbmc/control/led/enumerate HTTP/1.1" 404 301 0.029086
Jul 08 06:20:47 witherspoon systemd[1]: Started SSH Per-Connection Server (9.41.165.94:50516).
Jul 08 06:20:47 witherspoon dropbear[1146]: Failed loading /etc/dropbear/dropbear_dss_host_key
Jul 08 06:20:47 witherspoon dropbear[1146]: Failed loading /etc/dropbear/dropbear_ecdsa_host_key
Jul 08 06:20:47 witherspoon dropbear[1146]: Child connection from ::ffff:9.41.165.94:50516
Jul 08 06:20:48 witherspoon dropbear[1146]: PAM password auth succeeded for 'root' from ::ffff:9.41.165.94:50516
Jul 08 06:20:48 witherspoon dropbear[1147]: lastlog_perform_login: Couldn't stat /var/log/lastlog: No such file or directory
Jul 08 06:20:48 witherspoon dropbear[1147]: lastlog_openseek: /var/log/lastlog is not a file or directory!
Jul 08 06:20:48 witherspoon systemd[1]: Started SSH Per-Connection Server (9.41.165.94:50518).
Jul 08 06:20:49 witherspoon dropbear[1149]: Failed loading /etc/dropbear/dropbear_dss_host_key
Jul 08 06:20:49 witherspoon dropbear[1149]: Failed loading /etc/dropbear/dropbear_ecdsa_host_key
Jul 08 06:20:49 witherspoon dropbear[1149]: Child connection from ::ffff:9.41.165.94:50518
Jul 08 06:20:49 witherspoon dropbear[1149]: PAM password auth succeeded for 'root' from ::ffff:9.41.165.94:50518
Jul 08 06:20:50 witherspoon systemd[1]: Started SSH Per-Connection Server (9.41.165.94:50520).
Jul 08 06:20:50 witherspoon dropbear[1152]: Failed loading /etc/dropbear/dropbear_dss_host_key
Jul 08 06:20:50 witherspoon dropbear[1152]: Failed loading /etc/dropbear/dropbear_ecdsa_host_key
Jul 08 06:20:50 witherspoon dropbear[1152]: Child connection from ::ffff:9.41.165.94:50520
Jul 08 06:20:50 witherspoon dropbear[1152]: PAM password auth succeeded for 'root' from ::ffff:9.41.165.94:50520
Jul 08 06:20:51 witherspoon dropbear[1153]: lastlog_perform_login: Couldn't stat /var/log/lastlog: No such file or directory
Jul 08 06:20:51 witherspoon dropbear[1153]: lastlog_openseek: /var/log/lastlog is not a file or directory!
